

================================================================
== Vitis HLS Report for 'kernel_jac3D_kernel_stencil_PE_5'
================================================================
* Date:           Fri Jul 24 21:26:09 2026

* Version:        2022.2 (Build 3670227 on Oct 13 2022)
* Project:        kernel_outerloop_0
* Solution:       solution (Vitis Kernel Flow Target)
* Product family: virtexuplus
* Target device:  xcu280-fsvh2892-2L-e


================================================================
== Performance Estimates
================================================================
+ Timing: 
    * Summary: 
    +--------+---------+----------+------------+
    |  Clock |  Target | Estimated| Uncertainty|
    +--------+---------+----------+------------+
    |ap_clk  |  3.33 ns|  2.433 ns|     0.90 ns|
    +--------+---------+----------+------------+

+ Latency: 
    * Summary: 
    +---------+---------+----------+----------+-----+-----+---------+
    |  Latency (cycles) |  Latency (absolute) |  Interval | Pipeline|
    |   min   |   max   |    min   |    max   | min | max |   Type  |
    +---------+---------+----------+----------+-----+-----+---------+
    |        ?|        ?|         ?|         ?|    ?|    ?|       no|
    +---------+---------+----------+----------+-----+-----+---------+

    + Detail: 
        * Instance: 
        +-----------------------+------------+---------+---------+----------+----------+-----+-----+---------+
        |                       |            |  Latency (cycles) |  Latency (absolute) |  Interval | Pipeline|
        |        Instance       |   Module   |   min   |   max   |    min   |    max   | min | max |   Type  |
        +-----------------------+------------+---------+---------+----------+----------+-----+-----+---------+
        |grp_stencilRun_fu_228  |stencilRun  |        ?|        ?|         ?|         ?|    ?|    ?|       no|
        +-----------------------+------------+---------+---------+----------+----------+-----+-----+---------+

        * Loop: 
        N/A



================================================================
== Utilization Estimates
================================================================
* Summary: 
+---------------------+---------+------+---------+---------+-----+
|         Name        | BRAM_18K|  DSP |    FF   |   LUT   | URAM|
+---------------------+---------+------+---------+---------+-----+
|DSP                  |        -|     -|        -|        -|    -|
|Expression           |        -|     -|        0|        2|    -|
|FIFO                 |        -|     -|        -|        -|    -|
|Instance             |       16|   270|    32718|    17495|   24|
|Memory               |        -|     -|        -|        -|    -|
|Multiplexer          |        -|     -|        -|      254|    -|
|Register             |        -|     -|      182|        -|    -|
+---------------------+---------+------+---------+---------+-----+
|Total                |       16|   270|    32900|    17751|   24|
+---------------------+---------+------+---------+---------+-----+
|Available SLR        |     1344|  3008|   869120|   434560|  320|
+---------------------+---------+------+---------+---------+-----+
|Utilization SLR (%)  |        1|     8|        3|        4|    7|
+---------------------+---------+------+---------+---------+-----+
|Available            |     4032|  9024|  2607360|  1303680|  960|
+---------------------+---------+------+---------+---------+-----+
|Utilization (%)      |       ~0|     2|        1|        1|    2|
+---------------------+---------+------+---------+---------+-----+

+ Detail: 
    * Instance: 
    +-----------------------+------------+---------+-----+-------+-------+-----+
    |        Instance       |   Module   | BRAM_18K| DSP |   FF  |  LUT  | URAM|
    +-----------------------+------------+---------+-----+-------+-------+-----+
    |grp_stencilRun_fu_228  |stencilRun  |       16|  270|  32718|  17495|   24|
    +-----------------------+------------+---------+-----+-------+-------+-----+
    |Total                  |            |       16|  270|  32718|  17495|   24|
    +-----------------------+------------+---------+-----+-------+-------+-----+

    * DSP: 
    N/A

    * Memory: 
    N/A

    * FIFO: 
    N/A

    * Expression: 
    +-----------------+----------+----+---+----+------------+------------+
    |  Variable Name  | Operation| DSP| FF| LUT| Bitwidth P0| Bitwidth P1|
    +-----------------+----------+----+---+----+------------+------------+
    |ap_block_state1  |        or|   0|  0|   2|           1|           1|
    +-----------------+----------+----+---+----+------------+------------+
    |Total            |          |   0|  0|   2|           1|           1|
    +-----------------+----------+----+---+----+------------+------------+

    * Multiplexer: 
    +------------------------------------------+----+-----------+-----+-----------+
    |                   Name                   | LUT| Input Size| Bits| Total Bits|
    +------------------------------------------+----+-----------+-----+-----------+
    |ap_NS_fsm                                 |  20|          4|    1|          4|
    |ap_done                                   |   9|          2|    1|          2|
    |arg0_arg1_streams_5_read                  |   9|          2|    1|          2|
    |arg0_arg1_streams_6_write                 |   9|          2|    1|          2|
    |real_start                                |   9|          2|    1|          2|
    |stencilConfig_batch_size_blk_n            |   9|          2|    1|          2|
    |stencilConfig_batch_size_c106_blk_n       |   9|          2|    1|          2|
    |stencilConfig_grid_size_0_blk_n           |   9|          2|    1|          2|
    |stencilConfig_grid_size_0_c26_blk_n       |   9|          2|    1|          2|
    |stencilConfig_grid_size_1_blk_n           |   9|          2|    1|          2|
    |stencilConfig_grid_size_1_c34_blk_n       |   9|          2|    1|          2|
    |stencilConfig_grid_size_2_blk_n           |   9|          2|    1|          2|
    |stencilConfig_grid_size_2_c42_blk_n       |   9|          2|    1|          2|
    |stencilConfig_lower_limit_0_blk_n         |   9|          2|    1|          2|
    |stencilConfig_lower_limit_0_c50_blk_n     |   9|          2|    1|          2|
    |stencilConfig_lower_limit_1_blk_n         |   9|          2|    1|          2|
    |stencilConfig_lower_limit_1_c58_blk_n     |   9|          2|    1|          2|
    |stencilConfig_lower_limit_2_blk_n         |   9|          2|    1|          2|
    |stencilConfig_lower_limit_2_c66_blk_n     |   9|          2|    1|          2|
    |stencilConfig_outer_loop_limit_blk_n      |   9|          2|    1|          2|
    |stencilConfig_outer_loop_limit_c98_blk_n  |   9|          2|    1|          2|
    |stencilConfig_upper_limit_0_blk_n         |   9|          2|    1|          2|
    |stencilConfig_upper_limit_0_c74_blk_n     |   9|          2|    1|          2|
    |stencilConfig_upper_limit_1_blk_n         |   9|          2|    1|          2|
    |stencilConfig_upper_limit_1_c82_blk_n     |   9|          2|    1|          2|
    |stencilConfig_upper_limit_2_blk_n         |   9|          2|    1|          2|
    |stencilConfig_upper_limit_2_c90_blk_n     |   9|          2|    1|          2|
    +------------------------------------------+----+-----------+-----+-----------+
    |Total                                     | 254|         56|   27|         56|
    +------------------------------------------+----+-----------+-----+-----------+

    * Register: 
    +--------------------------------------------------+----+----+-----+-----------+
    |                       Name                       | FF | LUT| Bits| Const Bits|
    +--------------------------------------------------+----+----+-----+-----------+
    |ap_CS_fsm                                         |   3|   0|    3|          0|
    |ap_done_reg                                       |   1|   0|    1|          0|
    |grp_stencilRun_fu_228_ap_start_reg                |   1|   0|    1|          0|
    |start_once_reg                                    |   1|   0|    1|          0|
    |stencil_m_stencilConfig_batch_size_reg_247        |  16|   0|   16|          0|
    |stencil_m_stencilConfig_grid_size_7_reg_292       |  16|   0|   16|          0|
    |stencil_m_stencilConfig_grid_size_8_reg_287       |  16|   0|   16|          0|
    |stencil_m_stencilConfig_grid_size_reg_297         |  16|   0|   16|          0|
    |stencil_m_stencilConfig_lower_limit_7_reg_277     |  16|   0|   16|          0|
    |stencil_m_stencilConfig_lower_limit_8_reg_272     |  16|   0|   16|          0|
    |stencil_m_stencilConfig_lower_limit_reg_282       |  16|   0|   16|          0|
    |stencil_m_stencilConfig_outer_loop_limit_reg_252  |  16|   0|   16|          0|
    |stencil_m_stencilConfig_upper_limit_7_reg_262     |  16|   0|   16|          0|
    |stencil_m_stencilConfig_upper_limit_8_reg_257     |  16|   0|   16|          0|
    |stencil_m_stencilConfig_upper_limit_reg_267       |  16|   0|   16|          0|
    +--------------------------------------------------+----+----+-----+-----------+
    |Total                                             | 182|   0|  182|          0|
    +--------------------------------------------------+----+----+-----+-----------+



================================================================
== Interface
================================================================
* Summary: 
+---------------------------------------------------+-----+-----+------------+------------------------------------+--------------+
|                     RTL Ports                     | Dir | Bits|  Protocol  |            Source Object           |    C Type    |
+---------------------------------------------------+-----+-----+------------+------------------------------------+--------------+
|ap_clk                                             |   in|    1|  ap_ctrl_hs|    kernel_jac3D_kernel_stencil_PE.5|  return value|
|ap_rst                                             |   in|    1|  ap_ctrl_hs|    kernel_jac3D_kernel_stencil_PE.5|  return value|
|ap_start                                           |   in|    1|  ap_ctrl_hs|    kernel_jac3D_kernel_stencil_PE.5|  return value|
|start_full_n                                       |   in|    1|  ap_ctrl_hs|    kernel_jac3D_kernel_stencil_PE.5|  return value|
|ap_done                                            |  out|    1|  ap_ctrl_hs|    kernel_jac3D_kernel_stencil_PE.5|  return value|
|ap_continue                                        |   in|    1|  ap_ctrl_hs|    kernel_jac3D_kernel_stencil_PE.5|  return value|
|ap_idle                                            |  out|    1|  ap_ctrl_hs|    kernel_jac3D_kernel_stencil_PE.5|  return value|
|ap_ready                                           |  out|    1|  ap_ctrl_hs|    kernel_jac3D_kernel_stencil_PE.5|  return value|
|start_out                                          |  out|    1|  ap_ctrl_hs|    kernel_jac3D_kernel_stencil_PE.5|  return value|
|start_write                                        |  out|    1|  ap_ctrl_hs|    kernel_jac3D_kernel_stencil_PE.5|  return value|
|stencilConfig_grid_size_0_dout                     |   in|   16|     ap_fifo|           stencilConfig_grid_size_0|       pointer|
|stencilConfig_grid_size_0_num_data_valid           |   in|    2|     ap_fifo|           stencilConfig_grid_size_0|       pointer|
|stencilConfig_grid_size_0_fifo_cap                 |   in|    2|     ap_fifo|           stencilConfig_grid_size_0|       pointer|
|stencilConfig_grid_size_0_empty_n                  |   in|    1|     ap_fifo|           stencilConfig_grid_size_0|       pointer|
|stencilConfig_grid_size_0_read                     |  out|    1|     ap_fifo|           stencilConfig_grid_size_0|       pointer|
|stencilConfig_grid_size_1_dout                     |   in|   16|     ap_fifo|           stencilConfig_grid_size_1|       pointer|
|stencilConfig_grid_size_1_num_data_valid           |   in|    2|     ap_fifo|           stencilConfig_grid_size_1|       pointer|
|stencilConfig_grid_size_1_fifo_cap                 |   in|    2|     ap_fifo|           stencilConfig_grid_size_1|       pointer|
|stencilConfig_grid_size_1_empty_n                  |   in|    1|     ap_fifo|           stencilConfig_grid_size_1|       pointer|
|stencilConfig_grid_size_1_read                     |  out|    1|     ap_fifo|           stencilConfig_grid_size_1|       pointer|
|stencilConfig_grid_size_2_dout                     |   in|   16|     ap_fifo|           stencilConfig_grid_size_2|       pointer|
|stencilConfig_grid_size_2_num_data_valid           |   in|    2|     ap_fifo|           stencilConfig_grid_size_2|       pointer|
|stencilConfig_grid_size_2_fifo_cap                 |   in|    2|     ap_fifo|           stencilConfig_grid_size_2|       pointer|
|stencilConfig_grid_size_2_empty_n                  |   in|    1|     ap_fifo|           stencilConfig_grid_size_2|       pointer|
|stencilConfig_grid_size_2_read                     |  out|    1|     ap_fifo|           stencilConfig_grid_size_2|       pointer|
|stencilConfig_lower_limit_0_dout                   |   in|   16|     ap_fifo|         stencilConfig_lower_limit_0|       pointer|
|stencilConfig_lower_limit_0_num_data_valid         |   in|    2|     ap_fifo|         stencilConfig_lower_limit_0|       pointer|
|stencilConfig_lower_limit_0_fifo_cap               |   in|    2|     ap_fifo|         stencilConfig_lower_limit_0|       pointer|
|stencilConfig_lower_limit_0_empty_n                |   in|    1|     ap_fifo|         stencilConfig_lower_limit_0|       pointer|
|stencilConfig_lower_limit_0_read                   |  out|    1|     ap_fifo|         stencilConfig_lower_limit_0|       pointer|
|stencilConfig_lower_limit_1_dout                   |   in|   16|     ap_fifo|         stencilConfig_lower_limit_1|       pointer|
|stencilConfig_lower_limit_1_num_data_valid         |   in|    2|     ap_fifo|         stencilConfig_lower_limit_1|       pointer|
|stencilConfig_lower_limit_1_fifo_cap               |   in|    2|     ap_fifo|         stencilConfig_lower_limit_1|       pointer|
|stencilConfig_lower_limit_1_empty_n                |   in|    1|     ap_fifo|         stencilConfig_lower_limit_1|       pointer|
|stencilConfig_lower_limit_1_read                   |  out|    1|     ap_fifo|         stencilConfig_lower_limit_1|       pointer|
|stencilConfig_lower_limit_2_dout                   |   in|   16|     ap_fifo|         stencilConfig_lower_limit_2|       pointer|
|stencilConfig_lower_limit_2_num_data_valid         |   in|    2|     ap_fifo|         stencilConfig_lower_limit_2|       pointer|
|stencilConfig_lower_limit_2_fifo_cap               |   in|    2|     ap_fifo|         stencilConfig_lower_limit_2|       pointer|
|stencilConfig_lower_limit_2_empty_n                |   in|    1|     ap_fifo|         stencilConfig_lower_limit_2|       pointer|
|stencilConfig_lower_limit_2_read                   |  out|    1|     ap_fifo|         stencilConfig_lower_limit_2|       pointer|
|stencilConfig_upper_limit_0_dout                   |   in|   16|     ap_fifo|         stencilConfig_upper_limit_0|       pointer|
|stencilConfig_upper_limit_0_num_data_valid         |   in|    2|     ap_fifo|         stencilConfig_upper_limit_0|       pointer|
|stencilConfig_upper_limit_0_fifo_cap               |   in|    2|     ap_fifo|         stencilConfig_upper_limit_0|       pointer|
|stencilConfig_upper_limit_0_empty_n                |   in|    1|     ap_fifo|         stencilConfig_upper_limit_0|       pointer|
|stencilConfig_upper_limit_0_read                   |  out|    1|     ap_fifo|         stencilConfig_upper_limit_0|       pointer|
|stencilConfig_upper_limit_1_dout                   |   in|   16|     ap_fifo|         stencilConfig_upper_limit_1|       pointer|
|stencilConfig_upper_limit_1_num_data_valid         |   in|    2|     ap_fifo|         stencilConfig_upper_limit_1|       pointer|
|stencilConfig_upper_limit_1_fifo_cap               |   in|    2|     ap_fifo|         stencilConfig_upper_limit_1|       pointer|
|stencilConfig_upper_limit_1_empty_n                |   in|    1|     ap_fifo|         stencilConfig_upper_limit_1|       pointer|
|stencilConfig_upper_limit_1_read                   |  out|    1|     ap_fifo|         stencilConfig_upper_limit_1|       pointer|
|stencilConfig_upper_limit_2_dout                   |   in|   16|     ap_fifo|         stencilConfig_upper_limit_2|       pointer|
|stencilConfig_upper_limit_2_num_data_valid         |   in|    2|     ap_fifo|         stencilConfig_upper_limit_2|       pointer|
|stencilConfig_upper_limit_2_fifo_cap               |   in|    2|     ap_fifo|         stencilConfig_upper_limit_2|       pointer|
|stencilConfig_upper_limit_2_empty_n                |   in|    1|     ap_fifo|         stencilConfig_upper_limit_2|       pointer|
|stencilConfig_upper_limit_2_read                   |  out|    1|     ap_fifo|         stencilConfig_upper_limit_2|       pointer|
|stencilConfig_outer_loop_limit_dout                |   in|   16|     ap_fifo|      stencilConfig_outer_loop_limit|       pointer|
|stencilConfig_outer_loop_limit_num_data_valid      |   in|    2|     ap_fifo|      stencilConfig_outer_loop_limit|       pointer|
|stencilConfig_outer_loop_limit_fifo_cap            |   in|    2|     ap_fifo|      stencilConfig_outer_loop_limit|       pointer|
|stencilConfig_outer_loop_limit_empty_n             |   in|    1|     ap_fifo|      stencilConfig_outer_loop_limit|       pointer|
|stencilConfig_outer_loop_limit_read                |  out|    1|     ap_fifo|      stencilConfig_outer_loop_limit|       pointer|
|stencilConfig_batch_size_dout                      |   in|   16|     ap_fifo|            stencilConfig_batch_size|       pointer|
|stencilConfig_batch_size_num_data_valid            |   in|    2|     ap_fifo|            stencilConfig_batch_size|       pointer|
|stencilConfig_batch_size_fifo_cap                  |   in|    2|     ap_fifo|            stencilConfig_batch_size|       pointer|
|stencilConfig_batch_size_empty_n                   |   in|    1|     ap_fifo|            stencilConfig_batch_size|       pointer|
|stencilConfig_batch_size_read                      |  out|    1|     ap_fifo|            stencilConfig_batch_size|       pointer|
|arg0_arg1_streams_5_dout                           |   in|  256|     ap_fifo|                 arg0_arg1_streams_5|       pointer|
|arg0_arg1_streams_5_num_data_valid                 |   in|    5|     ap_fifo|                 arg0_arg1_streams_5|       pointer|
|arg0_arg1_streams_5_fifo_cap                       |   in|    5|     ap_fifo|                 arg0_arg1_streams_5|       pointer|
|arg0_arg1_streams_5_empty_n                        |   in|    1|     ap_fifo|                 arg0_arg1_streams_5|       pointer|
|arg0_arg1_streams_5_read                           |  out|    1|     ap_fifo|                 arg0_arg1_streams_5|       pointer|
|arg0_arg1_streams_6_din                            |  out|  256|     ap_fifo|                 arg0_arg1_streams_6|       pointer|
|arg0_arg1_streams_6_num_data_valid                 |   in|    5|     ap_fifo|                 arg0_arg1_streams_6|       pointer|
|arg0_arg1_streams_6_fifo_cap                       |   in|    5|     ap_fifo|                 arg0_arg1_streams_6|       pointer|
|arg0_arg1_streams_6_full_n                         |   in|    1|     ap_fifo|                 arg0_arg1_streams_6|       pointer|
|arg0_arg1_streams_6_write                          |  out|    1|     ap_fifo|                 arg0_arg1_streams_6|       pointer|
|stencilConfig_grid_size_0_c26_din                  |  out|   16|     ap_fifo|       stencilConfig_grid_size_0_c26|       pointer|
|stencilConfig_grid_size_0_c26_num_data_valid       |   in|    2|     ap_fifo|       stencilConfig_grid_size_0_c26|       pointer|
|stencilConfig_grid_size_0_c26_fifo_cap             |   in|    2|     ap_fifo|       stencilConfig_grid_size_0_c26|       pointer|
|stencilConfig_grid_size_0_c26_full_n               |   in|    1|     ap_fifo|       stencilConfig_grid_size_0_c26|       pointer|
|stencilConfig_grid_size_0_c26_write                |  out|    1|     ap_fifo|       stencilConfig_grid_size_0_c26|       pointer|
|stencilConfig_grid_size_1_c34_din                  |  out|   16|     ap_fifo|       stencilConfig_grid_size_1_c34|       pointer|
|stencilConfig_grid_size_1_c34_num_data_valid       |   in|    2|     ap_fifo|       stencilConfig_grid_size_1_c34|       pointer|
|stencilConfig_grid_size_1_c34_fifo_cap             |   in|    2|     ap_fifo|       stencilConfig_grid_size_1_c34|       pointer|
|stencilConfig_grid_size_1_c34_full_n               |   in|    1|     ap_fifo|       stencilConfig_grid_size_1_c34|       pointer|
|stencilConfig_grid_size_1_c34_write                |  out|    1|     ap_fifo|       stencilConfig_grid_size_1_c34|       pointer|
|stencilConfig_grid_size_2_c42_din                  |  out|   16|     ap_fifo|       stencilConfig_grid_size_2_c42|       pointer|
|stencilConfig_grid_size_2_c42_num_data_valid       |   in|    2|     ap_fifo|       stencilConfig_grid_size_2_c42|       pointer|
|stencilConfig_grid_size_2_c42_fifo_cap             |   in|    2|     ap_fifo|       stencilConfig_grid_size_2_c42|       pointer|
|stencilConfig_grid_size_2_c42_full_n               |   in|    1|     ap_fifo|       stencilConfig_grid_size_2_c42|       pointer|
|stencilConfig_grid_size_2_c42_write                |  out|    1|     ap_fifo|       stencilConfig_grid_size_2_c42|       pointer|
|stencilConfig_lower_limit_0_c50_din                |  out|   16|     ap_fifo|     stencilConfig_lower_limit_0_c50|       pointer|
|stencilConfig_lower_limit_0_c50_num_data_valid     |   in|    2|     ap_fifo|     stencilConfig_lower_limit_0_c50|       pointer|
|stencilConfig_lower_limit_0_c50_fifo_cap           |   in|    2|     ap_fifo|     stencilConfig_lower_limit_0_c50|       pointer|
|stencilConfig_lower_limit_0_c50_full_n             |   in|    1|     ap_fifo|     stencilConfig_lower_limit_0_c50|       pointer|
|stencilConfig_lower_limit_0_c50_write              |  out|    1|     ap_fifo|     stencilConfig_lower_limit_0_c50|       pointer|
|stencilConfig_lower_limit_1_c58_din                |  out|   16|     ap_fifo|     stencilConfig_lower_limit_1_c58|       pointer|
|stencilConfig_lower_limit_1_c58_num_data_valid     |   in|    2|     ap_fifo|     stencilConfig_lower_limit_1_c58|       pointer|
|stencilConfig_lower_limit_1_c58_fifo_cap           |   in|    2|     ap_fifo|     stencilConfig_lower_limit_1_c58|       pointer|
|stencilConfig_lower_limit_1_c58_full_n             |   in|    1|     ap_fifo|     stencilConfig_lower_limit_1_c58|       pointer|
|stencilConfig_lower_limit_1_c58_write              |  out|    1|     ap_fifo|     stencilConfig_lower_limit_1_c58|       pointer|
|stencilConfig_lower_limit_2_c66_din                |  out|   16|     ap_fifo|     stencilConfig_lower_limit_2_c66|       pointer|
|stencilConfig_lower_limit_2_c66_num_data_valid     |   in|    2|     ap_fifo|     stencilConfig_lower_limit_2_c66|       pointer|
|stencilConfig_lower_limit_2_c66_fifo_cap           |   in|    2|     ap_fifo|     stencilConfig_lower_limit_2_c66|       pointer|
|stencilConfig_lower_limit_2_c66_full_n             |   in|    1|     ap_fifo|     stencilConfig_lower_limit_2_c66|       pointer|
|stencilConfig_lower_limit_2_c66_write              |  out|    1|     ap_fifo|     stencilConfig_lower_limit_2_c66|       pointer|
|stencilConfig_upper_limit_0_c74_din                |  out|   16|     ap_fifo|     stencilConfig_upper_limit_0_c74|       pointer|
|stencilConfig_upper_limit_0_c74_num_data_valid     |   in|    2|     ap_fifo|     stencilConfig_upper_limit_0_c74|       pointer|
|stencilConfig_upper_limit_0_c74_fifo_cap           |   in|    2|     ap_fifo|     stencilConfig_upper_limit_0_c74|       pointer|
|stencilConfig_upper_limit_0_c74_full_n             |   in|    1|     ap_fifo|     stencilConfig_upper_limit_0_c74|       pointer|
|stencilConfig_upper_limit_0_c74_write              |  out|    1|     ap_fifo|     stencilConfig_upper_limit_0_c74|       pointer|
|stencilConfig_upper_limit_1_c82_din                |  out|   16|     ap_fifo|     stencilConfig_upper_limit_1_c82|       pointer|
|stencilConfig_upper_limit_1_c82_num_data_valid     |   in|    2|     ap_fifo|     stencilConfig_upper_limit_1_c82|       pointer|
|stencilConfig_upper_limit_1_c82_fifo_cap           |   in|    2|     ap_fifo|     stencilConfig_upper_limit_1_c82|       pointer|
|stencilConfig_upper_limit_1_c82_full_n             |   in|    1|     ap_fifo|     stencilConfig_upper_limit_1_c82|       pointer|
|stencilConfig_upper_limit_1_c82_write              |  out|    1|     ap_fifo|     stencilConfig_upper_limit_1_c82|       pointer|
|stencilConfig_upper_limit_2_c90_din                |  out|   16|     ap_fifo|     stencilConfig_upper_limit_2_c90|       pointer|
|stencilConfig_upper_limit_2_c90_num_data_valid     |   in|    2|     ap_fifo|     stencilConfig_upper_limit_2_c90|       pointer|
|stencilConfig_upper_limit_2_c90_fifo_cap           |   in|    2|     ap_fifo|     stencilConfig_upper_limit_2_c90|       pointer|
|stencilConfig_upper_limit_2_c90_full_n             |   in|    1|     ap_fifo|     stencilConfig_upper_limit_2_c90|       pointer|
|stencilConfig_upper_limit_2_c90_write              |  out|    1|     ap_fifo|     stencilConfig_upper_limit_2_c90|       pointer|
|stencilConfig_outer_loop_limit_c98_din             |  out|   16|     ap_fifo|  stencilConfig_outer_loop_limit_c98|       pointer|
|stencilConfig_outer_loop_limit_c98_num_data_valid  |   in|    2|     ap_fifo|  stencilConfig_outer_loop_limit_c98|       pointer|
|stencilConfig_outer_loop_limit_c98_fifo_cap        |   in|    2|     ap_fifo|  stencilConfig_outer_loop_limit_c98|       pointer|
|stencilConfig_outer_loop_limit_c98_full_n          |   in|    1|     ap_fifo|  stencilConfig_outer_loop_limit_c98|       pointer|
|stencilConfig_outer_loop_limit_c98_write           |  out|    1|     ap_fifo|  stencilConfig_outer_loop_limit_c98|       pointer|
|stencilConfig_batch_size_c106_din                  |  out|   16|     ap_fifo|       stencilConfig_batch_size_c106|       pointer|
|stencilConfig_batch_size_c106_num_data_valid       |   in|    2|     ap_fifo|       stencilConfig_batch_size_c106|       pointer|
|stencilConfig_batch_size_c106_fifo_cap             |   in|    2|     ap_fifo|       stencilConfig_batch_size_c106|       pointer|
|stencilConfig_batch_size_c106_full_n               |   in|    1|     ap_fifo|       stencilConfig_batch_size_c106|       pointer|
|stencilConfig_batch_size_c106_write                |  out|    1|     ap_fifo|       stencilConfig_batch_size_c106|       pointer|
+---------------------------------------------------+-----+-----+------------+------------------------------------+--------------+

