

================================================================
== Vitis HLS Report for 'stencilRun'
================================================================
* Date:           Fri Jul 24 21:26:04 2026

* Version:        2022.2 (Build 3670227 on Oct 13 2022)
* Project:        kernel_outerloop_0
* Solution:       solution (Vitis Kernel Flow Target)
* Product family: virtexuplus
* Target device:  xcu280-fsvh2892-2L-e


================================================================
== Performance Estimates
================================================================
+ Timing: 
    * Summary: 
    +--------+---------+----------+------------+
    |  Clock |  Target | Estimated| Uncertainty|
    +--------+---------+----------+------------+
    |ap_clk  |  3.33 ns|  2.342 ns|     0.90 ns|
    +--------+---------+----------+------------+

+ Latency: 
    * Summary: 
    +---------+---------+----------+----------+-----+-----+---------+
    |  Latency (cycles) |  Latency (absolute) |  Interval | Pipeline|
    |   min   |   max   |    min   |    max   | min | max |   Type  |
    +---------+---------+----------+----------+-----+-----+---------+
    |        ?|        ?|         ?|         ?|    ?|    ?|       no|
    +---------+---------+----------+----------+-----+-----+---------+

    + Detail: 
        * Instance: 
        +-------------------------------------------------+--------------------------------------+---------+---------+----------+----------+-----+-----+---------+
        |                                                 |                                      |  Latency (cycles) |  Latency (absolute) |  Interval | Pipeline|
        |                     Instance                    |                Module                |   min   |   max   |    min   |    max   | min | max |   Type  |
        +-------------------------------------------------+--------------------------------------+---------+---------+----------+----------+-----+-----+---------+
        |grp_stencilRun_Pipeline_VITIS_LOOP_228_2_fu_154  |stencilRun_Pipeline_VITIS_LOOP_228_2  |        ?|        ?|         ?|         ?|    ?|    ?|       no|
        +-------------------------------------------------+--------------------------------------+---------+---------+----------+----------+-----+-----+---------+

        * Loop: 
        +--------------------+---------+---------+----------+-----------+-----------+------+----------+
        |                    |  Latency (cycles) | Iteration|  Initiation Interval  | Trip |          |
        |      Loop Name     |   min   |   max   |  Latency |  achieved |   target  | Count| Pipelined|
        +--------------------+---------+---------+----------+-----------+-----------+------+----------+
        |- VITIS_LOOP_105_1  |        ?|        ?|         ?|          -|          -|     ?|        no|
        +--------------------+---------+---------+----------+-----------+-----------+------+----------+



================================================================
== Utilization Estimates
================================================================
* Summary: 
+---------------------+---------+------+---------+---------+-----+
|         Name        | BRAM_18K|  DSP |    FF   |   LUT   | URAM|
+---------------------+---------+------+---------+---------+-----+
|DSP                  |        -|     2|        -|        -|    -|
|Expression           |        -|     -|        0|      129|    -|
|FIFO                 |        -|     -|        -|        -|    -|
|Instance             |        -|   268|    32512|    16704|    -|
|Memory               |       16|     -|        4|      586|   24|
|Multiplexer          |        -|     -|        -|       76|    -|
|Register             |        -|     -|      202|        -|    -|
+---------------------+---------+------+---------+---------+-----+
|Total                |       16|   270|    32718|    17495|   24|
+---------------------+---------+------+---------+---------+-----+
|Available SLR        |     1344|  3008|   869120|   434560|  320|
+---------------------+---------+------+---------+---------+-----+
|Utilization SLR (%)  |        1|     8|        3|        4|    7|
+---------------------+---------+------+---------+---------+-----+
|Available            |     4032|  9024|  2607360|  1303680|  960|
+---------------------+---------+------+---------+---------+-----+
|Utilization (%)      |       ~0|     2|        1|        1|    2|
+---------------------+---------+------+---------+---------+-----+

+ Detail: 
    * Instance: 
    +-------------------------------------------------+--------------------------------------+---------+-----+-------+-------+-----+
    |                     Instance                    |                Module                | BRAM_18K| DSP |   FF  |  LUT  | URAM|
    +-------------------------------------------------+--------------------------------------+---------+-----+-------+-------+-----+
    |mul_32s_16ns_32_2_1_U163                         |mul_32s_16ns_32_2_1                   |        0|    2|    165|     49|    0|
    |mul_32s_16ns_32_2_1_U164                         |mul_32s_16ns_32_2_1                   |        0|    2|    165|     49|    0|
    |grp_stencilRun_Pipeline_VITIS_LOOP_228_2_fu_154  |stencilRun_Pipeline_VITIS_LOOP_228_2  |        0|  264|  32182|  16606|    0|
    +-------------------------------------------------+--------------------------------------+---------+-----+-------+-------+-----+
    |Total                                            |                                      |        0|  268|  32512|  16704|    0|
    +-------------------------------------------------+--------------------------------------+---------+-----+-------+-------+-----+

    * DSP: 
    +-------------------------------------+--------------------------------+--------------+
    |               Instance              |             Module             |  Expression  |
    +-------------------------------------+--------------------------------+--------------+
    |mac_muladd_16ns_16ns_1s_16_4_1_U166  |mac_muladd_16ns_16ns_1s_16_4_1  |  i0 * i1 + i2|
    |mul_mul_16ns_16ns_32_4_1_U165        |mul_mul_16ns_16ns_32_4_1        |       i0 * i1|
    +-------------------------------------+--------------------------------+--------------+

    * Memory: 
    +----------------------+-------------------------------------------------+---------+---+-----+-----+-------+-----+------+-------------+
    |        Memory        |                      Module                     | BRAM_18K| FF| LUT | URAM| Words | Bits| Banks| W*Bits*Banks|
    +----------------------+-------------------------------------------------+---------+---+-----+-----+-------+-----+------+-------------+
    |arg0_buf_p0_1_V_U     |stencilRun_arg0_buf_p0_1_V_RAM_S2P_URAM_2R1W     |        0|  2|  293|   12|  11476|  256|     1|      2937856|
    |arg0_buf_p1_2_V_U     |stencilRun_arg0_buf_p0_1_V_RAM_S2P_URAM_2R1W     |        0|  2|  293|   12|  11476|  256|     1|      2937856|
    |arg0_buf_r0_1_p1_V_U  |stencilRun_arg0_buf_r0_1_p1_V_RAM_S2P_BRAM_2R1W  |        8|  0|    0|    0|     38|  256|     1|         9728|
    |arg0_buf_r1_2_p1_V_U  |stencilRun_arg0_buf_r0_1_p1_V_RAM_S2P_BRAM_2R1W  |        8|  0|    0|    0|     38|  256|     1|         9728|
    +----------------------+-------------------------------------------------+---------+---+-----+-----+-------+-----+------+-------------+
    |Total                 |                                                 |       16|  4|  586|   24|  23028| 1024|     4|      5895168|
    +----------------------+-------------------------------------------------+---------+---+-----+-----+-------+-----+------+-------------+

    * FIFO: 
    N/A

    * Expression: 
    +----------------------+----------+----+---+----+------------+------------+
    |     Variable Name    | Operation| DSP| FF| LUT| Bitwidth P0| Bitwidth P1|
    +----------------------+----------+----+---+----+------------+------------+
    |bat_2_fu_243_p2       |         +|   0|  0|  23|          16|           1|
    |cond_x_val_fu_220_p2  |         +|   0|  0|  23|          16|           2|
    |cond_y_val_fu_225_p2  |         +|   0|  0|  23|          16|           2|
    |cond_z_val_fu_230_p2  |         +|   0|  0|  23|          16|           2|
    |sub138_fu_214_p2      |         +|   0|  0|  24|          17|           2|
    |icmp_ln105_fu_238_p2  |      icmp|   0|  0|  13|          16|          16|
    +----------------------+----------+----+---+----+------------+------------+
    |Total                 |          |   0|  0| 129|          97|          25|
    +----------------------+----------+----+---+----+------------+------------+

    * Multiplexer: 
    +---------------------------+----+-----------+-----+-----------+
    |            Name           | LUT| Input Size| Bits| Total Bits|
    +---------------------------+----+-----------+-----+-----------+
    |ap_NS_fsm                  |  49|          9|    1|          9|
    |arg0_arg1_streams_88_read  |   9|          2|    1|          2|
    |arg0_arg1_streams_9_write  |   9|          2|    1|          2|
    |bat_fu_68                  |   9|          2|   16|         32|
    +---------------------------+----+-----------+-----+-----------+
    |Total                      |  76|         15|   19|         45|
    +---------------------------+----+-----------+-----+-----------+

    * Register: 
    +--------------------------------------------------------------+----+----+-----+-----------+
    |                             Name                             | FF | LUT| Bits| Const Bits|
    +--------------------------------------------------------------+----+----+-----+-----------+
    |S3D_7PT_read_ub_itr_reg_363                                   |  32|   0|   32|          0|
    |ap_CS_fsm                                                     |   8|   0|    8|          0|
    |bat_fu_68                                                     |  16|   0|   16|          0|
    |cond_x_val_reg_373                                            |  16|   0|   16|          0|
    |cond_y_val_reg_378                                            |  16|   0|   16|          0|
    |cond_z_val_reg_383                                            |  16|   0|   16|          0|
    |grp_stencilRun_Pipeline_VITIS_LOOP_228_2_fu_154_ap_start_reg  |   1|   0|    1|          0|
    |iter_limit_reg_358                                            |  32|   0|   32|          0|
    |mul84_reg_297                                                 |  32|   0|   32|          0|
    |plane_diff_reg_353                                            |  16|   0|   16|          0|
    |sub138_reg_368                                                |  17|   0|   17|          0|
    +--------------------------------------------------------------+----+----+-----+-----------+
    |Total                                                         | 202|   0|  202|          0|
    +--------------------------------------------------------------+----+----+-----+-----------+



================================================================
== Interface
================================================================
* Summary: 
+-------------------------------------+-----+-----+------------+----------------------+--------------+
|              RTL Ports              | Dir | Bits|  Protocol  |     Source Object    |    C Type    |
+-------------------------------------+-----+-----+------------+----------------------+--------------+
|ap_clk                               |   in|    1|  ap_ctrl_hs|            stencilRun|  return value|
|ap_rst                               |   in|    1|  ap_ctrl_hs|            stencilRun|  return value|
|ap_start                             |   in|    1|  ap_ctrl_hs|            stencilRun|  return value|
|ap_done                              |  out|    1|  ap_ctrl_hs|            stencilRun|  return value|
|ap_idle                              |  out|    1|  ap_ctrl_hs|            stencilRun|  return value|
|ap_ready                             |  out|    1|  ap_ctrl_hs|            stencilRun|  return value|
|p_read                               |   in|   16|     ap_none|                p_read|        scalar|
|p_read1                              |   in|   16|     ap_none|               p_read1|        scalar|
|p_read2                              |   in|   16|     ap_none|               p_read2|        scalar|
|p_read3                              |   in|   16|     ap_none|               p_read3|        scalar|
|p_read4                              |   in|   16|     ap_none|               p_read4|        scalar|
|p_read5                              |   in|   16|     ap_none|               p_read5|        scalar|
|p_read6                              |   in|   16|     ap_none|               p_read6|        scalar|
|p_read7                              |   in|   16|     ap_none|               p_read7|        scalar|
|p_read8                              |   in|   16|     ap_none|               p_read8|        scalar|
|p_read9                              |   in|   16|     ap_none|               p_read9|        scalar|
|p_read10                             |   in|   16|     ap_none|              p_read10|        scalar|
|arg0_arg1_streams_88_dout            |   in|  256|     ap_fifo|  arg0_arg1_streams_88|       pointer|
|arg0_arg1_streams_88_num_data_valid  |   in|    5|     ap_fifo|  arg0_arg1_streams_88|       pointer|
|arg0_arg1_streams_88_fifo_cap        |   in|    5|     ap_fifo|  arg0_arg1_streams_88|       pointer|
|arg0_arg1_streams_88_empty_n         |   in|    1|     ap_fifo|  arg0_arg1_streams_88|       pointer|
|arg0_arg1_streams_88_read            |  out|    1|     ap_fifo|  arg0_arg1_streams_88|       pointer|
|arg0_arg1_streams_9_din              |  out|  256|     ap_fifo|   arg0_arg1_streams_9|       pointer|
|arg0_arg1_streams_9_num_data_valid   |   in|    5|     ap_fifo|   arg0_arg1_streams_9|       pointer|
|arg0_arg1_streams_9_fifo_cap         |   in|    5|     ap_fifo|   arg0_arg1_streams_9|       pointer|
|arg0_arg1_streams_9_full_n           |   in|    1|     ap_fifo|   arg0_arg1_streams_9|       pointer|
|arg0_arg1_streams_9_write            |  out|    1|     ap_fifo|   arg0_arg1_streams_9|       pointer|
+-------------------------------------+-----+-----+------------+----------------------+--------------+

