In file included from /home/x_thileeb/repos/ops-hls-batching-new/codegen_apps/batching/poisson2d/u280_loopback_project/hls/device/src/datamover_outerloop_0.cpp:3:
In file included from /home/x_thileeb/repos/ops-hls-batching-new/codegen_apps/batching/poisson2d/u280_loopback_project/hls/device/include/datamover_outerloop_0.hpp:5:
In file included from /home/x_thileeb/repos/ops-hls-batching-new/OPS/ops/hls/include/device/ops_hls_kernel_support.h:13:
/home/x_thileeb/repos/ops-hls-batching-new/OPS/ops/hls/include/device/../../common/include/ops_hls_defs.hpp:107:16: warning: attribute 'deprecated' is ignored, place it after "struct" to apply attribute to type declaration [-Wignored-attributes]
__attribute__((deprecated)) struct GridPropertyCore
               ^
In file included from /home/x_thileeb/repos/ops-hls-batching-new/codegen_apps/batching/poisson2d/u280_loopback_project/hls/device/src/datamover_outerloop_0.cpp:3:
In file included from /home/x_thileeb/repos/ops-hls-batching-new/codegen_apps/batching/poisson2d/u280_loopback_project/hls/device/include/datamover_outerloop_0.hpp:5:
In file included from /home/x_thileeb/repos/ops-hls-batching-new/OPS/ops/hls/include/device/ops_hls_kernel_support.h:16:
/home/x_thileeb/repos/ops-hls-batching-new/OPS/ops/hls/include/device/../../L1/include/ops_hls_datamover.hpp:261:9: warning: missing argument for 'max' [-Winvalid-hls-pragmas]
#pragma HLS LOOP_TRIPCOUNT avg=avg_num_data_per_axis_pkt
        ^
/home/x_thileeb/repos/ops-hls-batching-new/OPS/ops/hls/include/device/../../L1/include/ops_hls_datamover.hpp:392:9: warning: missing argument for 'max' [-Winvalid-hls-pragmas]
#pragma HLS LOOP_TRIPCOUNT avg=avg_num_data_per_axis_pkt
        ^
/home/x_thileeb/repos/ops-hls-batching-new/OPS/ops/hls/include/device/../../L1/include/ops_hls_datamover.hpp:6012:9: warning: missing argument for 'max' [-Winvalid-hls-pragmas]
#pragma HLS LOOP_TRIPCOUNT min=1 avg=8
        ^
/home/x_thileeb/repos/ops-hls-batching-new/OPS/ops/hls/include/device/../../L1/include/ops_hls_datamover.hpp:6635:9: warning: missing argument for 'max' [-Winvalid-hls-pragmas]
#pragma HLS LOOP_TRIPCOUNT min=1 avg=8
        ^
/home/x_thileeb/repos/ops-hls-batching-new/OPS/ops/hls/include/device/../../L1/include/ops_hls_datamover.hpp:6740:80: warning: logical not is only applied to the left hand side of this comparison [-Wlogical-not-parentheses]
 bool isContinous = (grid_xblocks == num_xblocks and (diff_y == gridSize[1] or not range.dim == 3)) or range.dim == 1;
                                                                               ^             ~~
/home/x_thileeb/repos/ops-hls-batching-new/OPS/ops/hls/include/device/../../L1/include/ops_hls_datamover.hpp:6740:80: note: add parentheses after the '!' to evaluate the comparison first
 bool isContinous = (grid_xblocks == num_xblocks and (diff_y == gridSize[1] or not range.dim == 3)) or range.dim == 1;
                                                                               ^
                                                                                   (             )
/home/x_thileeb/repos/ops-hls-batching-new/OPS/ops/hls/include/device/../../L1/include/ops_hls_datamover.hpp:6740:80: note: add parentheses around left hand side expression to silence this warning
 bool isContinous = (grid_xblocks == num_xblocks and (diff_y == gridSize[1] or not range.dim == 3)) or range.dim == 1;
                                                                               ^
                                                                               (            )
/home/x_thileeb/repos/ops-hls-batching-new/OPS/ops/hls/include/device/../../L1/include/ops_hls_datamover.hpp:7011:80: warning: logical not is only applied to the left hand side of this comparison [-Wlogical-not-parentheses]
 bool isContinous = (grid_xblocks == num_xblocks and (diff_y == gridSize[1] or not range.dim == 3)) or range.dim==1;
                                                                               ^             ~~
/home/x_thileeb/repos/ops-hls-batching-new/OPS/ops/hls/include/device/../../L1/include/ops_hls_datamover.hpp:7011:80: note: add parentheses after the '!' to evaluate the comparison first
 bool isContinous = (grid_xblocks == num_xblocks and (diff_y == gridSize[1] or not range.dim == 3)) or range.dim==1;
                                                                               ^
                                                                                   (             )
/home/x_thileeb/repos/ops-hls-batching-new/OPS/ops/hls/include/device/../../L1/include/ops_hls_datamover.hpp:7011:80: note: add parentheses around left hand side expression to silence this warning
 bool isContinous = (grid_xblocks == num_xblocks and (diff_y == gridSize[1] or not range.dim == 3)) or range.dim==1;
                                                                               ^
                                                                               (            )
/home/x_thileeb/repos/ops-hls-batching-new/codegen_apps/batching/poisson2d/u280_loopback_project/hls/device/src/datamover_outerloop_0.cpp:215:61: warning: unexpected pragma argument '#', expects identifier [-Winvalid-hls-pragmas]
#pragma HLS INTERFACE mode=axis port=arg0_axis_out register #pragma HLS INTERFACE mode=axis port=arg1_axis_in register
                                                            ^
8 warnings generated.
