

================================================================
== Vitis HLS Report for 'datamover_outerloop_0'
================================================================
* Date:           Fri Jul 24 21:24:01 2026

* Version:        2022.2 (Build 3670227 on Oct 13 2022)
* Project:        datamover_outerloop_0
* Solution:       solution (Vitis Kernel Flow Target)
* Product family: virtexuplus
* Target device:  xcu280-fsvh2892-2L-e


================================================================
== Performance Estimates
================================================================
+ Timing: 
    * Summary: 
    +--------+---------+----------+------------+
    |  Clock |  Target | Estimated| Uncertainty|
    +--------+---------+----------+------------+
    |ap_clk  |  3.33 ns|  2.433 ns|     0.90 ns|
    +--------+---------+----------+------------+

+ Latency: 
    * Summary: 
    +---------+---------+----------+----------+-----+-----+---------+
    |  Latency (cycles) |  Latency (absolute) |  Interval | Pipeline|
    |   min   |   max   |    min   |    max   | min | max |   Type  |
    +---------+---------+----------+----------+-----+-----+---------+
    |        ?|        ?|         ?|         ?|    ?|    ?|       no|
    +---------+---------+----------+----------+-----+-----+---------+

    + Detail: 
        * Instance: 
        +-----------------------------------------------------------+------------------------------------------------+---------+---------+----------+----------+-----+-----+----------+
        |                                                           |                                                |  Latency (cycles) |  Latency (absolute) |  Interval | Pipeline |
        |                          Instance                         |                     Module                     |   min   |   max   |    min   |    max   | min | max |   Type   |
        +-----------------------------------------------------------+------------------------------------------------+---------+---------+----------+----------+-----+-----+----------+
        |grp_datamover_outerloop_0_dataflow_region_read_fu_206      |datamover_outerloop_0_dataflow_region_read      |        ?|        ?|         ?|         ?|    ?|    ?|  dataflow|
        |grp_datamover_outerloop_0_loopback_dataflow_region_fu_227  |datamover_outerloop_0_loopback_dataflow_region  |        ?|        ?|         ?|         ?|    ?|    ?|  dataflow|
        |grp_datamover_outerloop_0_dataflow_region_write_fu_248     |datamover_outerloop_0_dataflow_region_write     |        ?|        ?|         ?|         ?|    ?|    ?|  dataflow|
        +-----------------------------------------------------------+------------------------------------------------+---------+---------+----------+----------+-----+-----+----------+

        * Loop: 
        +--------------------+---------+---------+----------+-----------+-----------+------+----------+
        |                    |  Latency (cycles) | Iteration|  Initiation Interval  | Trip |          |
        |      Loop Name     |   min   |   max   |  Latency |  achieved |   target  | Count| Pipelined|
        +--------------------+---------+---------+----------+-----------+-----------+------+----------+
        |- VITIS_LOOP_163_1  |        ?|        ?|         ?|          -|          -|     ?|        no|
        +--------------------+---------+---------+----------+-----------+-----------+------+----------+

============================================================
+ Verbose Summary: Synthesis Manager
============================================================
InlineROM: 1
ExposeGlobal: 0
============================================================
+ Verbose Summary: CDFG Model
============================================================
IsTopModel: 1
ResetActiveHigh: 1
IsCombinational: 0
IsDatapathOnly: 0
HasWiredReturn: 1
HasMFsm: 0
HasVarLatency: 1
IsPipeline: 0
IsRtlPipelined: 0
IsInstanceOverlapped: 0
IsDontTouch: 0
HasImplIP: 0
IsGatedGlobalClock: 0


============================================================
+ Verbose Summary: Schedule
============================================================
* Number of FSM states : 12
* Pipeline : 0
* Dataflow Pipeline: 0

* FSM state transitions: 
1 --> 2 
2 --> 3 
3 --> 4 
4 --> 5 
5 --> 6 
6 --> 7 
7 --> 8 
8 --> 9 
9 --> 10 11 
10 --> 9 
11 --> 12 
12 --> 

* FSM state operations: 

State 1 <SV = 0> <Delay = 2.32>
ST_1 : Operation 13 [1/1] (0.00ns)   --->   "%i = alloca i32 1"   --->   Operation 13 'alloca' 'i' <Predicate = true> <Delay = 0.00>
ST_1 : Operation 14 [1/1] (1.00ns)   --->   "%batch_size_read = read i16 @_ssdm_op_Read.ap_none.i16, i16 %batch_size" [/home/x_thileeb/repos/ops-hls-batching-new/codegen_apps/batching/poisson2d/u280_loopback_project/hls/device/src/datamover_outerloop_0.cpp:176]   --->   Operation 14 'read' 'batch_size_read' <Predicate = true> <Delay = 1.00> <CoreInst = "s_axilite">   --->   Core 122 's_axilite' <Latency = 0> <II = 1> <Delay = 1.00> <Adapter> <Opcode : 'read' 'write'>
ST_1 : Operation 15 [1/1] (1.00ns)   --->   "%range_end_1_read = read i16 @_ssdm_op_Read.ap_none.i16, i16 %range_end_1" [/home/x_thileeb/repos/ops-hls-batching-new/codegen_apps/batching/poisson2d/u280_loopback_project/hls/device/src/datamover_outerloop_0.cpp:176]   --->   Operation 15 'read' 'range_end_1_read' <Predicate = true> <Delay = 1.00> <CoreInst = "s_axilite">   --->   Core 122 's_axilite' <Latency = 0> <II = 1> <Delay = 1.00> <Adapter> <Opcode : 'read' 'write'>
ST_1 : Operation 16 [1/1] (1.00ns)   --->   "%range_start_1_read = read i16 @_ssdm_op_Read.ap_none.i16, i16 %range_start_1" [/home/x_thileeb/repos/ops-hls-batching-new/codegen_apps/batching/poisson2d/u280_loopback_project/hls/device/src/datamover_outerloop_0.cpp:176]   --->   Operation 16 'read' 'range_start_1_read' <Predicate = true> <Delay = 1.00> <CoreInst = "s_axilite">   --->   Core 122 's_axilite' <Latency = 0> <II = 1> <Delay = 1.00> <Adapter> <Opcode : 'read' 'write'>
ST_1 : Operation 17 [1/1] (0.78ns)   --->   "%diff_y = sub i16 %range_end_1_read, i16 %range_start_1_read" [/home/x_thileeb/repos/ops-hls-batching-new/OPS/ops/hls/include/device/../../common/include/ops_hls_common_memconfig.hpp:606]   --->   Operation 17 'sub' 'diff_y' <Predicate = true> <Delay = 0.78> <CoreInst = "Adder">   --->   Core 1 'Adder' <Latency = 0> <II = 1> <Delay = 0.78> <FuncUnit> <Opcode : 'add' 'sub'> <InPorts = 2> <OutPorts = 1>
ST_1 : Operation 18 [1/1] (0.00ns)   --->   "%zext_ln632 = zext i16 %diff_y" [/home/x_thileeb/repos/ops-hls-batching-new/OPS/ops/hls/include/device/../../common/include/ops_hls_common_memconfig.hpp:632]   --->   Operation 18 'zext' 'zext_ln632' <Predicate = true> <Delay = 0.00>
ST_1 : Operation 19 [1/1] (0.00ns)   --->   "%zext_ln632_1 = zext i16 %batch_size_read" [/home/x_thileeb/repos/ops-hls-batching-new/OPS/ops/hls/include/device/../../common/include/ops_hls_common_memconfig.hpp:632]   --->   Operation 19 'zext' 'zext_ln632_1' <Predicate = true> <Delay = 0.00>
ST_1 : Operation 20 [4/4] (0.53ns) (root node of the DSP)   --->   "%mul_ln632 = mul i32 %zext_ln632, i32 %zext_ln632_1" [/home/x_thileeb/repos/ops-hls-batching-new/OPS/ops/hls/include/device/../../common/include/ops_hls_common_memconfig.hpp:632]   --->   Operation 20 'mul' 'mul_ln632' <Predicate = true> <Delay = 0.53> <CoreInst = "DSP48">   --->   Core 127 'DSP48' <Latency = 3> <II = 1> <Delay = 0.53> <IPBlock> <Opcode : 'mul' 'add' 'sub' 'select'> <InPorts = 0> <OutPorts = 1> <Sync> <CReg>
ST_1 : Operation 21 [1/1] (0.38ns)   --->   "%store_ln163 = store i32 0, i32 %i" [/home/x_thileeb/repos/ops-hls-batching-new/codegen_apps/batching/poisson2d/u280_loopback_project/hls/device/src/datamover_outerloop_0.cpp:163]   --->   Operation 21 'store' 'store_ln163' <Predicate = true> <Delay = 0.38>

State 2 <SV = 1> <Delay = 0.53>
ST_2 : Operation 22 [3/4] (0.53ns) (root node of the DSP)   --->   "%mul_ln632 = mul i32 %zext_ln632, i32 %zext_ln632_1" [/home/x_thileeb/repos/ops-hls-batching-new/OPS/ops/hls/include/device/../../common/include/ops_hls_common_memconfig.hpp:632]   --->   Operation 22 'mul' 'mul_ln632' <Predicate = true> <Delay = 0.53> <CoreInst = "DSP48">   --->   Core 127 'DSP48' <Latency = 3> <II = 1> <Delay = 0.53> <IPBlock> <Opcode : 'mul' 'add' 'sub' 'select'> <InPorts = 0> <OutPorts = 1> <Sync> <CReg>

State 3 <SV = 2> <Delay = 1.78>
ST_3 : Operation 23 [1/1] (1.00ns)   --->   "%range_end_0_read = read i16 @_ssdm_op_Read.ap_none.i16, i16 %range_end_0" [/home/x_thileeb/repos/ops-hls-batching-new/codegen_apps/batching/poisson2d/u280_loopback_project/hls/device/src/datamover_outerloop_0.cpp:176]   --->   Operation 23 'read' 'range_end_0_read' <Predicate = true> <Delay = 1.00> <CoreInst = "s_axilite">   --->   Core 122 's_axilite' <Latency = 0> <II = 1> <Delay = 1.00> <Adapter> <Opcode : 'read' 'write'>
ST_3 : Operation 24 [1/1] (0.00ns)   --->   "%zext_ln587 = zext i16 %range_end_0_read" [/home/x_thileeb/repos/ops-hls-batching-new/OPS/ops/hls/include/device/../../common/include/ops_hls_common_memconfig.hpp:587]   --->   Operation 24 'zext' 'zext_ln587' <Predicate = true> <Delay = 0.00>
ST_3 : Operation 25 [1/1] (0.78ns)   --->   "%add_ln587 = add i17 %zext_ln587, i17 15" [/home/x_thileeb/repos/ops-hls-batching-new/OPS/ops/hls/include/device/../../common/include/ops_hls_common_memconfig.hpp:587]   --->   Operation 25 'add' 'add_ln587' <Predicate = true> <Delay = 0.78> <CoreInst = "Adder">   --->   Core 1 'Adder' <Latency = 0> <II = 1> <Delay = 0.78> <FuncUnit> <Opcode : 'add' 'sub'> <InPorts = 2> <OutPorts = 1>
ST_3 : Operation 26 [1/1] (0.00ns)   --->   "%tmp = partselect i13 @_ssdm_op_PartSelect.i13.i17.i32.i32, i17 %add_ln587, i32 4, i32 16" [/home/x_thileeb/repos/ops-hls-batching-new/OPS/ops/hls/include/device/../../common/include/ops_hls_common_memconfig.hpp:587]   --->   Operation 26 'partselect' 'tmp' <Predicate = true> <Delay = 0.00>
ST_3 : Operation 27 [2/4] (0.53ns) (root node of the DSP)   --->   "%mul_ln632 = mul i32 %zext_ln632, i32 %zext_ln632_1" [/home/x_thileeb/repos/ops-hls-batching-new/OPS/ops/hls/include/device/../../common/include/ops_hls_common_memconfig.hpp:632]   --->   Operation 27 'mul' 'mul_ln632' <Predicate = true> <Delay = 0.53> <CoreInst = "DSP48">   --->   Core 127 'DSP48' <Latency = 3> <II = 1> <Delay = 0.53> <IPBlock> <Opcode : 'mul' 'add' 'sub' 'select'> <InPorts = 0> <OutPorts = 1> <Sync> <CReg>

State 4 <SV = 3> <Delay = 1.75>
ST_4 : Operation 28 [1/1] (1.00ns)   --->   "%range_start_0_read = read i16 @_ssdm_op_Read.ap_none.i16, i16 %range_start_0" [/home/x_thileeb/repos/ops-hls-batching-new/codegen_apps/batching/poisson2d/u280_loopback_project/hls/device/src/datamover_outerloop_0.cpp:176]   --->   Operation 28 'read' 'range_start_0_read' <Predicate = true> <Delay = 1.00> <CoreInst = "s_axilite">   --->   Core 122 's_axilite' <Latency = 0> <II = 1> <Delay = 1.00> <Adapter> <Opcode : 'read' 'write'>
ST_4 : Operation 29 [1/1] (0.00ns)   --->   "%trunc_ln = partselect i12 @_ssdm_op_PartSelect.i12.i16.i32.i32, i16 %range_start_0_read, i32 4, i32 15" [/home/x_thileeb/repos/ops-hls-batching-new/OPS/ops/hls/include/device/../../common/include/ops_hls_common_memconfig.hpp:586]   --->   Operation 29 'partselect' 'trunc_ln' <Predicate = true> <Delay = 0.00>
ST_4 : Operation 30 [1/1] (0.00ns)   --->   "%zext_ln586 = zext i12 %trunc_ln" [/home/x_thileeb/repos/ops-hls-batching-new/OPS/ops/hls/include/device/../../common/include/ops_hls_common_memconfig.hpp:586]   --->   Operation 30 'zext' 'zext_ln586' <Predicate = true> <Delay = 0.00>
ST_4 : Operation 31 [1/1] (0.00ns)   --->   "%zext_ln587_1 = zext i13 %tmp" [/home/x_thileeb/repos/ops-hls-batching-new/OPS/ops/hls/include/device/../../common/include/ops_hls_common_memconfig.hpp:587]   --->   Operation 31 'zext' 'zext_ln587_1' <Predicate = true> <Delay = 0.00>
ST_4 : Operation 32 [1/1] (0.75ns)   --->   "%num_xblocks = sub i14 %zext_ln587_1, i14 %zext_ln586" [/home/x_thileeb/repos/ops-hls-batching-new/OPS/ops/hls/include/device/../../common/include/ops_hls_common_memconfig.hpp:589]   --->   Operation 32 'sub' 'num_xblocks' <Predicate = true> <Delay = 0.75> <CoreInst = "Adder">   --->   Core 1 'Adder' <Latency = 0> <II = 1> <Delay = 0.75> <FuncUnit> <Opcode : 'add' 'sub'> <InPorts = 2> <OutPorts = 1>
ST_4 : Operation 33 [1/4] (0.00ns) (root node of the DSP)   --->   "%mul_ln632 = mul i32 %zext_ln632, i32 %zext_ln632_1" [/home/x_thileeb/repos/ops-hls-batching-new/OPS/ops/hls/include/device/../../common/include/ops_hls_common_memconfig.hpp:632]   --->   Operation 33 'mul' 'mul_ln632' <Predicate = true> <Delay = 0.00> <CoreInst = "DSP48">   --->   Core 127 'DSP48' <Latency = 3> <II = 1> <Delay = 0.53> <IPBlock> <Opcode : 'mul' 'add' 'sub' 'select'> <InPorts = 0> <OutPorts = 1> <Sync> <CReg>

State 5 <SV = 4> <Delay = 2.29>
ST_5 : Operation 34 [1/1] (0.00ns)   --->   "%sext_ln590 = sext i14 %num_xblocks" [/home/x_thileeb/repos/ops-hls-batching-new/OPS/ops/hls/include/device/../../common/include/ops_hls_common_memconfig.hpp:590]   --->   Operation 34 'sext' 'sext_ln590' <Predicate = true> <Delay = 0.00>
ST_5 : Operation 35 [1/1] (0.00ns)   --->   "%zext_ln590 = zext i16 %sext_ln590" [/home/x_thileeb/repos/ops-hls-batching-new/OPS/ops/hls/include/device/../../common/include/ops_hls_common_memconfig.hpp:590]   --->   Operation 35 'zext' 'zext_ln590' <Predicate = true> <Delay = 0.00>
ST_5 : Operation 36 [2/2] (2.29ns)   --->   "%config_total_xblocks = mul i32 %mul_ln632, i32 %zext_ln590" [/home/x_thileeb/repos/ops-hls-batching-new/OPS/ops/hls/include/device/../../common/include/ops_hls_common_memconfig.hpp:632]   --->   Operation 36 'mul' 'config_total_xblocks' <Predicate = true> <Delay = 2.29> <CoreInst = "Multiplier">   --->   Core 3 'Multiplier' <Latency = 1> <II = 1> <Delay = 2.29> <FuncUnit> <Opcode : 'mul'> <InPorts = 2> <OutPorts = 1>

State 6 <SV = 5> <Delay = 2.29>
ST_6 : Operation 37 [1/1] (1.00ns)   --->   "%arg1_read = read i64 @_ssdm_op_Read.s_axilite.i64, i64 %arg1" [/home/x_thileeb/repos/ops-hls-batching-new/codegen_apps/batching/poisson2d/u280_loopback_project/hls/device/src/datamover_outerloop_0.cpp:176]   --->   Operation 37 'read' 'arg1_read' <Predicate = true> <Delay = 1.00> <CoreInst = "s_axilite">   --->   Core 122 's_axilite' <Latency = 0> <II = 1> <Delay = 1.00> <Adapter> <Opcode : 'read' 'write'>
ST_6 : Operation 38 [1/1] (1.00ns)   --->   "%arg0_read = read i64 @_ssdm_op_Read.s_axilite.i64, i64 %arg0" [/home/x_thileeb/repos/ops-hls-batching-new/codegen_apps/batching/poisson2d/u280_loopback_project/hls/device/src/datamover_outerloop_0.cpp:176]   --->   Operation 38 'read' 'arg0_read' <Predicate = true> <Delay = 1.00> <CoreInst = "s_axilite">   --->   Core 122 's_axilite' <Latency = 0> <II = 1> <Delay = 1.00> <Adapter> <Opcode : 'read' 'write'>
ST_6 : Operation 39 [1/2] (2.29ns)   --->   "%config_total_xblocks = mul i32 %mul_ln632, i32 %zext_ln590" [/home/x_thileeb/repos/ops-hls-batching-new/OPS/ops/hls/include/device/../../common/include/ops_hls_common_memconfig.hpp:632]   --->   Operation 39 'mul' 'config_total_xblocks' <Predicate = true> <Delay = 2.29> <CoreInst = "Multiplier">   --->   Core 3 'Multiplier' <Latency = 1> <II = 1> <Delay = 2.29> <FuncUnit> <Opcode : 'mul'> <InPorts = 2> <OutPorts = 1>

State 7 <SV = 6> <Delay = 2.43>
ST_7 : Operation 40 [1/1] (0.00ns)   --->   "%num_pkts = shl i32 %config_total_xblocks, i32 1" [/home/x_thileeb/repos/ops-hls-batching-new/codegen_apps/batching/poisson2d/u280_loopback_project/hls/device/src/datamover_outerloop_0.cpp:239]   --->   Operation 40 'shl' 'num_pkts' <Predicate = true> <Delay = 0.00>
ST_7 : Operation 41 [2/2] (2.43ns)   --->   "%call_ln246 = call void @datamover_outerloop_0_dataflow_region_read, i32 %num_pkts, i32 %config_total_xblocks, i512 %gmem0, i64 %arg0_read, i256 %arg0_axis_out_V_data_V, i32 %arg0_axis_out_V_keep_V, i32 %arg0_axis_out_V_strb_V, i1 %arg0_axis_out_V_last_V, i512 %arg0_read_mem_strm, i256 %arg0_read_reduced_mem_strm" [/home/x_thileeb/repos/ops-hls-batching-new/codegen_apps/batching/poisson2d/u280_loopback_project/hls/device/src/datamover_outerloop_0.cpp:246]   --->   Operation 41 'call' 'call_ln246' <Predicate = true> <Delay = 2.43> <CoreType = "Generic">   --->   Core 0 '' <Latency = 0> <II = 1> <Delay = 1.00> <Generic> <Opcode : >

State 8 <SV = 7> <Delay = 1.88>
ST_8 : Operation 42 [1/1] (0.00ns)   --->   "%spectopmodule_ln175 = spectopmodule void @_ssdm_op_SpecTopModule, void @empty_14" [/home/x_thileeb/repos/ops-hls-batching-new/codegen_apps/batching/poisson2d/u280_loopback_project/hls/device/src/datamover_outerloop_0.cpp:175]   --->   Operation 42 'spectopmodule' 'spectopmodule_ln175' <Predicate = true> <Delay = 0.00>
ST_8 : Operation 43 [1/1] (0.00ns)   --->   "%specinterface_ln175 = specinterface void @_ssdm_op_SpecInterface, i32 0, void @empty_34, i32 0, i32 0, void @empty_31, i32 0, i32 0, void @empty_31, void @empty_31, void @empty_31, i32 0, i32 0, i32 0, i32 0, void @empty_31, void @empty_31, i32 4294967295, i32 0" [/home/x_thileeb/repos/ops-hls-batching-new/codegen_apps/batching/poisson2d/u280_loopback_project/hls/device/src/datamover_outerloop_0.cpp:175]   --->   Operation 43 'specinterface' 'specinterface_ln175' <Predicate = true> <Delay = 0.00>
ST_8 : Operation 44 [1/1] (0.00ns)   --->   "%specinterface_ln0 = specinterface void @_ssdm_op_SpecInterface, i512 %gmem0, void @empty_32, i32 0, i32 0, void @empty_31, i32 40, i32 8192, void @empty_30, void @empty_29, void @empty_31, i32 8, i32 8, i32 64, i32 64, void @empty_31, void @empty_31, i32 4294967295, i32 0"   --->   Operation 44 'specinterface' 'specinterface_ln0' <Predicate = true> <Delay = 0.00>
ST_8 : Operation 45 [1/1] (0.00ns)   --->   "%specbitsmap_ln0 = specbitsmap void @_ssdm_op_SpecBitsMap, i512 %gmem0"   --->   Operation 45 'specbitsmap' 'specbitsmap_ln0' <Predicate = true> <Delay = 0.00>
ST_8 : Operation 46 [1/1] (0.00ns)   --->   "%specinterface_ln0 = specinterface void @_ssdm_op_SpecInterface, i512 %gmem1, void @empty_32, i32 0, i32 0, void @empty_31, i32 40, i32 8192, void @empty_13, void @empty_29, void @empty_31, i32 8, i32 8, i32 64, i32 64, void @empty_31, void @empty_31, i32 4294967295, i32 0"   --->   Operation 46 'specinterface' 'specinterface_ln0' <Predicate = true> <Delay = 0.00>
ST_8 : Operation 47 [1/1] (0.00ns)   --->   "%specbitsmap_ln0 = specbitsmap void @_ssdm_op_SpecBitsMap, i512 %gmem1"   --->   Operation 47 'specbitsmap' 'specbitsmap_ln0' <Predicate = true> <Delay = 0.00>
ST_8 : Operation 48 [1/1] (0.00ns)   --->   "%specbitsmap_ln0 = specbitsmap void @_ssdm_op_SpecBitsMap, i16 %range_start_0"   --->   Operation 48 'specbitsmap' 'specbitsmap_ln0' <Predicate = true> <Delay = 0.00>
ST_8 : Operation 49 [1/1] (0.00ns)   --->   "%specinterface_ln0 = specinterface void @_ssdm_op_SpecInterface, i16 %range_start_0, void @empty_12, i32 0, i32 0, void @empty_31, i32 0, i32 0, void @empty_7, void @empty_11, void @empty_31, i32 0, i32 0, i32 0, i32 0, void @empty_31, void @empty_31, i32 4294967295, i32 0"   --->   Operation 49 'specinterface' 'specinterface_ln0' <Predicate = true> <Delay = 0.00>
ST_8 : Operation 50 [1/1] (0.00ns)   --->   "%specinterface_ln0 = specinterface void @_ssdm_op_SpecInterface, i16 %range_start_0, void @empty_10, i32 0, i32 0, void @empty_31, i32 0, i32 0, void @empty_31, void @empty_31, void @empty_31, i32 0, i32 0, i32 0, i32 0, void @empty_31, void @empty_31, i32 4294967295, i32 0"   --->   Operation 50 'specinterface' 'specinterface_ln0' <Predicate = true> <Delay = 0.00>
ST_8 : Operation 51 [1/1] (0.00ns)   --->   "%specbitsmap_ln0 = specbitsmap void @_ssdm_op_SpecBitsMap, i16 %range_end_0"   --->   Operation 51 'specbitsmap' 'specbitsmap_ln0' <Predicate = true> <Delay = 0.00>
ST_8 : Operation 52 [1/1] (0.00ns)   --->   "%specinterface_ln0 = specinterface void @_ssdm_op_SpecInterface, i16 %range_end_0, void @empty_12, i32 0, i32 0, void @empty_31, i32 0, i32 0, void @empty_7, void @empty_9, void @empty_31, i32 0, i32 0, i32 0, i32 0, void @empty_31, void @empty_31, i32 4294967295, i32 0"   --->   Operation 52 'specinterface' 'specinterface_ln0' <Predicate = true> <Delay = 0.00>
ST_8 : Operation 53 [1/1] (0.00ns)   --->   "%specinterface_ln0 = specinterface void @_ssdm_op_SpecInterface, i16 %range_end_0, void @empty_10, i32 0, i32 0, void @empty_31, i32 0, i32 0, void @empty_31, void @empty_31, void @empty_31, i32 0, i32 0, i32 0, i32 0, void @empty_31, void @empty_31, i32 4294967295, i32 0"   --->   Operation 53 'specinterface' 'specinterface_ln0' <Predicate = true> <Delay = 0.00>
ST_8 : Operation 54 [1/1] (0.00ns)   --->   "%specbitsmap_ln0 = specbitsmap void @_ssdm_op_SpecBitsMap, i16 %range_start_1"   --->   Operation 54 'specbitsmap' 'specbitsmap_ln0' <Predicate = true> <Delay = 0.00>
ST_8 : Operation 55 [1/1] (0.00ns)   --->   "%specinterface_ln0 = specinterface void @_ssdm_op_SpecInterface, i16 %range_start_1, void @empty_12, i32 0, i32 0, void @empty_31, i32 0, i32 0, void @empty_7, void @empty_18, void @empty_31, i32 0, i32 0, i32 0, i32 0, void @empty_31, void @empty_31, i32 4294967295, i32 0"   --->   Operation 55 'specinterface' 'specinterface_ln0' <Predicate = true> <Delay = 0.00>
ST_8 : Operation 56 [1/1] (0.00ns)   --->   "%specinterface_ln0 = specinterface void @_ssdm_op_SpecInterface, i16 %range_start_1, void @empty_10, i32 0, i32 0, void @empty_31, i32 0, i32 0, void @empty_31, void @empty_31, void @empty_31, i32 0, i32 0, i32 0, i32 0, void @empty_31, void @empty_31, i32 4294967295, i32 0"   --->   Operation 56 'specinterface' 'specinterface_ln0' <Predicate = true> <Delay = 0.00>
ST_8 : Operation 57 [1/1] (0.00ns)   --->   "%specbitsmap_ln0 = specbitsmap void @_ssdm_op_SpecBitsMap, i16 %range_end_1"   --->   Operation 57 'specbitsmap' 'specbitsmap_ln0' <Predicate = true> <Delay = 0.00>
ST_8 : Operation 58 [1/1] (0.00ns)   --->   "%specinterface_ln0 = specinterface void @_ssdm_op_SpecInterface, i16 %range_end_1, void @empty_12, i32 0, i32 0, void @empty_31, i32 0, i32 0, void @empty_7, void @empty_28, void @empty_31, i32 0, i32 0, i32 0, i32 0, void @empty_31, void @empty_31, i32 4294967295, i32 0"   --->   Operation 58 'specinterface' 'specinterface_ln0' <Predicate = true> <Delay = 0.00>
ST_8 : Operation 59 [1/1] (0.00ns)   --->   "%specinterface_ln0 = specinterface void @_ssdm_op_SpecInterface, i16 %range_end_1, void @empty_10, i32 0, i32 0, void @empty_31, i32 0, i32 0, void @empty_31, void @empty_31, void @empty_31, i32 0, i32 0, i32 0, i32 0, void @empty_31, void @empty_31, i32 4294967295, i32 0"   --->   Operation 59 'specinterface' 'specinterface_ln0' <Predicate = true> <Delay = 0.00>
ST_8 : Operation 60 [1/1] (0.00ns)   --->   "%specbitsmap_ln0 = specbitsmap void @_ssdm_op_SpecBitsMap, i16 %gridSize_0"   --->   Operation 60 'specbitsmap' 'specbitsmap_ln0' <Predicate = true> <Delay = 0.00>
ST_8 : Operation 61 [1/1] (0.00ns)   --->   "%specinterface_ln0 = specinterface void @_ssdm_op_SpecInterface, i16 %gridSize_0, void @empty_12, i32 0, i32 0, void @empty_31, i32 0, i32 0, void @empty_7, void @empty, void @empty_31, i32 0, i32 0, i32 0, i32 0, void @empty_31, void @empty_31, i32 4294967295, i32 0"   --->   Operation 61 'specinterface' 'specinterface_ln0' <Predicate = true> <Delay = 0.00>
ST_8 : Operation 62 [1/1] (0.00ns)   --->   "%specinterface_ln0 = specinterface void @_ssdm_op_SpecInterface, i16 %gridSize_0, void @empty_10, i32 0, i32 0, void @empty_31, i32 0, i32 0, void @empty_31, void @empty_31, void @empty_31, i32 0, i32 0, i32 0, i32 0, void @empty_31, void @empty_31, i32 4294967295, i32 0"   --->   Operation 62 'specinterface' 'specinterface_ln0' <Predicate = true> <Delay = 0.00>
ST_8 : Operation 63 [1/1] (0.00ns)   --->   "%specbitsmap_ln0 = specbitsmap void @_ssdm_op_SpecBitsMap, i16 %gridSize_1"   --->   Operation 63 'specbitsmap' 'specbitsmap_ln0' <Predicate = true> <Delay = 0.00>
ST_8 : Operation 64 [1/1] (0.00ns)   --->   "%specinterface_ln0 = specinterface void @_ssdm_op_SpecInterface, i16 %gridSize_1, void @empty_12, i32 0, i32 0, void @empty_31, i32 0, i32 0, void @empty_7, void @empty_0, void @empty_31, i32 0, i32 0, i32 0, i32 0, void @empty_31, void @empty_31, i32 4294967295, i32 0"   --->   Operation 64 'specinterface' 'specinterface_ln0' <Predicate = true> <Delay = 0.00>
ST_8 : Operation 65 [1/1] (0.00ns)   --->   "%specinterface_ln0 = specinterface void @_ssdm_op_SpecInterface, i16 %gridSize_1, void @empty_10, i32 0, i32 0, void @empty_31, i32 0, i32 0, void @empty_31, void @empty_31, void @empty_31, i32 0, i32 0, i32 0, i32 0, void @empty_31, void @empty_31, i32 4294967295, i32 0"   --->   Operation 65 'specinterface' 'specinterface_ln0' <Predicate = true> <Delay = 0.00>
ST_8 : Operation 66 [1/1] (0.00ns)   --->   "%specbitsmap_ln0 = specbitsmap void @_ssdm_op_SpecBitsMap, i32 %outer_itr"   --->   Operation 66 'specbitsmap' 'specbitsmap_ln0' <Predicate = true> <Delay = 0.00>
ST_8 : Operation 67 [1/1] (0.00ns)   --->   "%specinterface_ln0 = specinterface void @_ssdm_op_SpecInterface, i32 %outer_itr, void @empty_12, i32 0, i32 0, void @empty_31, i32 0, i32 0, void @empty_7, void @empty_1, void @empty_31, i32 0, i32 0, i32 0, i32 0, void @empty_31, void @empty_31, i32 4294967295, i32 0"   --->   Operation 67 'specinterface' 'specinterface_ln0' <Predicate = true> <Delay = 0.00>
ST_8 : Operation 68 [1/1] (0.00ns)   --->   "%specinterface_ln0 = specinterface void @_ssdm_op_SpecInterface, i32 %outer_itr, void @empty_10, i32 0, i32 0, void @empty_31, i32 0, i32 0, void @empty_31, void @empty_31, void @empty_31, i32 0, i32 0, i32 0, i32 0, void @empty_31, void @empty_31, i32 4294967295, i32 0"   --->   Operation 68 'specinterface' 'specinterface_ln0' <Predicate = true> <Delay = 0.00>
ST_8 : Operation 69 [1/1] (0.00ns)   --->   "%specbitsmap_ln0 = specbitsmap void @_ssdm_op_SpecBitsMap, i16 %batch_size"   --->   Operation 69 'specbitsmap' 'specbitsmap_ln0' <Predicate = true> <Delay = 0.00>
ST_8 : Operation 70 [1/1] (0.00ns)   --->   "%specinterface_ln0 = specinterface void @_ssdm_op_SpecInterface, i16 %batch_size, void @empty_12, i32 0, i32 0, void @empty_31, i32 0, i32 0, void @empty_7, void @empty_24, void @empty_31, i32 0, i32 0, i32 0, i32 0, void @empty_31, void @empty_31, i32 4294967295, i32 0"   --->   Operation 70 'specinterface' 'specinterface_ln0' <Predicate = true> <Delay = 0.00>
ST_8 : Operation 71 [1/1] (0.00ns)   --->   "%specinterface_ln0 = specinterface void @_ssdm_op_SpecInterface, i16 %batch_size, void @empty_10, i32 0, i32 0, void @empty_31, i32 0, i32 0, void @empty_31, void @empty_31, void @empty_31, i32 0, i32 0, i32 0, i32 0, void @empty_31, void @empty_31, i32 4294967295, i32 0"   --->   Operation 71 'specinterface' 'specinterface_ln0' <Predicate = true> <Delay = 0.00>
ST_8 : Operation 72 [1/1] (0.00ns)   --->   "%specinterface_ln0 = specinterface void @_ssdm_op_SpecInterface, i64 %arg0, void @empty_12, i32 0, i32 0, void @empty_31, i32 0, i32 0, void @empty_7, void @empty_3, void @empty_31, i32 0, i32 0, i32 0, i32 0, void @empty_31, void @empty_27, i32 4294967295, i32 0"   --->   Operation 72 'specinterface' 'specinterface_ln0' <Predicate = true> <Delay = 0.00>
ST_8 : Operation 73 [1/1] (0.00ns)   --->   "%specinterface_ln0 = specinterface void @_ssdm_op_SpecInterface, i64 %arg0, void @empty_17, i32 0, i32 0, void @empty_31, i32 0, i32 0, void @empty_31, void @empty_31, void @empty_31, i32 0, i32 0, i32 0, i32 0, void @empty_31, void @empty_27, i32 4294967295, i32 0"   --->   Operation 73 'specinterface' 'specinterface_ln0' <Predicate = true> <Delay = 0.00>
ST_8 : Operation 74 [1/1] (0.00ns)   --->   "%specinterface_ln0 = specinterface void @_ssdm_op_SpecInterface, i64 %arg1, void @empty_12, i32 0, i32 0, void @empty_31, i32 0, i32 0, void @empty_7, void @empty_22, void @empty_31, i32 0, i32 0, i32 0, i32 0, void @empty_31, void @empty_27, i32 4294967295, i32 0"   --->   Operation 74 'specinterface' 'specinterface_ln0' <Predicate = true> <Delay = 0.00>
ST_8 : Operation 75 [1/1] (0.00ns)   --->   "%specinterface_ln0 = specinterface void @_ssdm_op_SpecInterface, i64 %arg1, void @empty_17, i32 0, i32 0, void @empty_31, i32 0, i32 0, void @empty_31, void @empty_31, void @empty_31, i32 0, i32 0, i32 0, i32 0, void @empty_31, void @empty_27, i32 4294967295, i32 0"   --->   Operation 75 'specinterface' 'specinterface_ln0' <Predicate = true> <Delay = 0.00>
ST_8 : Operation 76 [1/1] (0.00ns)   --->   "%specinterface_ln0 = specinterface void @_ssdm_op_SpecInterface, i256 %arg0_axis_out_V_data_V, i32 %arg0_axis_out_V_keep_V, i32 %arg0_axis_out_V_strb_V, i1 %arg0_axis_out_V_last_V, void @empty_19, i32 1, i32 1, void @empty_20, i32 0, i32 0, void @empty_31, void @empty_31, void @empty_31, i32 0, i32 0, i32 0, i32 0, void @empty_31, void @empty_31, i32 4294967295, i32 0"   --->   Operation 76 'specinterface' 'specinterface_ln0' <Predicate = true> <Delay = 0.00>
ST_8 : Operation 77 [1/1] (0.00ns)   --->   "%specbitsmap_ln0 = specbitsmap void @_ssdm_op_SpecBitsMap, i256 %arg0_axis_out_V_data_V"   --->   Operation 77 'specbitsmap' 'specbitsmap_ln0' <Predicate = true> <Delay = 0.00>
ST_8 : Operation 78 [1/1] (0.00ns)   --->   "%specbitsmap_ln0 = specbitsmap void @_ssdm_op_SpecBitsMap, i32 %arg0_axis_out_V_keep_V"   --->   Operation 78 'specbitsmap' 'specbitsmap_ln0' <Predicate = true> <Delay = 0.00>
ST_8 : Operation 79 [1/1] (0.00ns)   --->   "%specbitsmap_ln0 = specbitsmap void @_ssdm_op_SpecBitsMap, i32 %arg0_axis_out_V_strb_V"   --->   Operation 79 'specbitsmap' 'specbitsmap_ln0' <Predicate = true> <Delay = 0.00>
ST_8 : Operation 80 [1/1] (0.00ns)   --->   "%specbitsmap_ln0 = specbitsmap void @_ssdm_op_SpecBitsMap, i1 %arg0_axis_out_V_last_V"   --->   Operation 80 'specbitsmap' 'specbitsmap_ln0' <Predicate = true> <Delay = 0.00>
ST_8 : Operation 81 [1/1] (0.00ns)   --->   "%specinterface_ln0 = specinterface void @_ssdm_op_SpecInterface, i256 %arg1_axis_in_V_data_V, i32 %arg1_axis_in_V_keep_V, i32 %arg1_axis_in_V_strb_V, i1 %arg1_axis_in_V_last_V, void @empty_19, i32 1, i32 1, void @empty_20, i32 0, i32 0, void @empty_31, void @empty_31, void @empty_31, i32 0, i32 0, i32 0, i32 0, void @empty_31, void @empty_31, i32 4294967295, i32 0"   --->   Operation 81 'specinterface' 'specinterface_ln0' <Predicate = true> <Delay = 0.00>
ST_8 : Operation 82 [1/1] (0.00ns)   --->   "%specbitsmap_ln0 = specbitsmap void @_ssdm_op_SpecBitsMap, i256 %arg1_axis_in_V_data_V"   --->   Operation 82 'specbitsmap' 'specbitsmap_ln0' <Predicate = true> <Delay = 0.00>
ST_8 : Operation 83 [1/1] (0.00ns)   --->   "%specbitsmap_ln0 = specbitsmap void @_ssdm_op_SpecBitsMap, i32 %arg1_axis_in_V_keep_V"   --->   Operation 83 'specbitsmap' 'specbitsmap_ln0' <Predicate = true> <Delay = 0.00>
ST_8 : Operation 84 [1/1] (0.00ns)   --->   "%specbitsmap_ln0 = specbitsmap void @_ssdm_op_SpecBitsMap, i32 %arg1_axis_in_V_strb_V"   --->   Operation 84 'specbitsmap' 'specbitsmap_ln0' <Predicate = true> <Delay = 0.00>
ST_8 : Operation 85 [1/1] (0.00ns)   --->   "%specbitsmap_ln0 = specbitsmap void @_ssdm_op_SpecBitsMap, i1 %arg1_axis_in_V_last_V"   --->   Operation 85 'specbitsmap' 'specbitsmap_ln0' <Predicate = true> <Delay = 0.00>
ST_8 : Operation 86 [1/1] (0.00ns)   --->   "%specinterface_ln0 = specinterface void @_ssdm_op_SpecInterface, i32 0, void @empty_12, i32 0, i32 0, void @empty_31, i32 0, i32 0, void @empty_7, void @empty_31, void @empty_31, i32 0, i32 0, i32 0, i32 0, void @empty_31, void @empty_31, i32 4294967295, i32 0"   --->   Operation 86 'specinterface' 'specinterface_ln0' <Predicate = true> <Delay = 0.00>
ST_8 : Operation 87 [1/1] (0.00ns)   --->   "%specinterface_ln0 = specinterface void @_ssdm_op_SpecInterface, i512 %arg0_read_mem_strm, void @empty_21, i32 0, i32 0, void @empty_31, i32 0, i32 0, void @empty_31, void @empty_31, void @empty_31, i32 0, i32 0, i32 0, i32 0, void @empty_31, void @empty_31, i32 4294967295, i32 0"   --->   Operation 87 'specinterface' 'specinterface_ln0' <Predicate = true> <Delay = 0.00>
ST_8 : Operation 88 [1/1] (0.00ns)   --->   "%specinterface_ln0 = specinterface void @_ssdm_op_SpecInterface, i256 %arg0_read_reduced_mem_strm, void @empty_21, i32 0, i32 0, void @empty_31, i32 0, i32 0, void @empty_31, void @empty_31, void @empty_31, i32 0, i32 0, i32 0, i32 0, void @empty_31, void @empty_31, i32 4294967295, i32 0"   --->   Operation 88 'specinterface' 'specinterface_ln0' <Predicate = true> <Delay = 0.00>
ST_8 : Operation 89 [1/1] (0.00ns)   --->   "%specinterface_ln0 = specinterface void @_ssdm_op_SpecInterface, i256 %arg1_write_reduced_mem_strm, void @empty_21, i32 0, i32 0, void @empty_31, i32 0, i32 0, void @empty_31, void @empty_31, void @empty_31, i32 0, i32 0, i32 0, i32 0, void @empty_31, void @empty_31, i32 4294967295, i32 0"   --->   Operation 89 'specinterface' 'specinterface_ln0' <Predicate = true> <Delay = 0.00>
ST_8 : Operation 90 [1/1] (0.00ns)   --->   "%specinterface_ln0 = specinterface void @_ssdm_op_SpecInterface, i512 %arg1_write_mem_strm, void @empty_21, i32 0, i32 0, void @empty_31, i32 0, i32 0, void @empty_31, void @empty_31, void @empty_31, i32 0, i32 0, i32 0, i32 0, void @empty_31, void @empty_31, i32 4294967295, i32 0"   --->   Operation 90 'specinterface' 'specinterface_ln0' <Predicate = true> <Delay = 0.00>
ST_8 : Operation 91 [1/1] (1.00ns)   --->   "%outer_itr_read = read i32 @_ssdm_op_Read.ap_none.i32, i32 %outer_itr" [/home/x_thileeb/repos/ops-hls-batching-new/codegen_apps/batching/poisson2d/u280_loopback_project/hls/device/src/datamover_outerloop_0.cpp:176]   --->   Operation 91 'read' 'outer_itr_read' <Predicate = true> <Delay = 1.00> <CoreInst = "s_axilite">   --->   Core 122 's_axilite' <Latency = 0> <II = 1> <Delay = 1.00> <Adapter> <Opcode : 'read' 'write'>
ST_8 : Operation 92 [1/1] (0.88ns)   --->   "%loopback_itr = add i32 %outer_itr_read, i32 4294967295" [/home/x_thileeb/repos/ops-hls-batching-new/codegen_apps/batching/poisson2d/u280_loopback_project/hls/device/src/datamover_outerloop_0.cpp:227]   --->   Operation 92 'add' 'loopback_itr' <Predicate = true> <Delay = 0.88> <CoreInst = "Adder">   --->   Core 1 'Adder' <Latency = 0> <II = 1> <Delay = 0.88> <FuncUnit> <Opcode : 'add' 'sub'> <InPorts = 2> <OutPorts = 1>
ST_8 : Operation 93 [1/2] (0.00ns)   --->   "%call_ln246 = call void @datamover_outerloop_0_dataflow_region_read, i32 %num_pkts, i32 %config_total_xblocks, i512 %gmem0, i64 %arg0_read, i256 %arg0_axis_out_V_data_V, i32 %arg0_axis_out_V_keep_V, i32 %arg0_axis_out_V_strb_V, i1 %arg0_axis_out_V_last_V, i512 %arg0_read_mem_strm, i256 %arg0_read_reduced_mem_strm" [/home/x_thileeb/repos/ops-hls-batching-new/codegen_apps/batching/poisson2d/u280_loopback_project/hls/device/src/datamover_outerloop_0.cpp:246]   --->   Operation 93 'call' 'call_ln246' <Predicate = true> <Delay = 0.00> <CoreType = "Generic">   --->   Core 0 '' <Latency = 0> <II = 1> <Delay = 1.00> <Generic> <Opcode : >
ST_8 : Operation 94 [1/1] (0.00ns)   --->   "%specaxissidechannel_ln163 = specaxissidechannel void @_ssdm_op_SpecAXISSideChannel, i256 %arg1_axis_in_V_data_V, i32 %arg1_axis_in_V_keep_V, i32 %arg1_axis_in_V_strb_V, i1 0, i1 %arg1_axis_in_V_last_V, i1 0, i1 0, void @empty_8" [/home/x_thileeb/repos/ops-hls-batching-new/codegen_apps/batching/poisson2d/u280_loopback_project/hls/device/src/datamover_outerloop_0.cpp:163]   --->   Operation 94 'specaxissidechannel' 'specaxissidechannel_ln163' <Predicate = true> <Delay = 0.00>
ST_8 : Operation 95 [1/1] (0.00ns)   --->   "%specaxissidechannel_ln163 = specaxissidechannel void @_ssdm_op_SpecAXISSideChannel, i256 %arg0_axis_out_V_data_V, i32 %arg0_axis_out_V_keep_V, i32 %arg0_axis_out_V_strb_V, i1 0, i1 %arg0_axis_out_V_last_V, i1 0, i1 0, void @empty_23" [/home/x_thileeb/repos/ops-hls-batching-new/codegen_apps/batching/poisson2d/u280_loopback_project/hls/device/src/datamover_outerloop_0.cpp:163]   --->   Operation 95 'specaxissidechannel' 'specaxissidechannel_ln163' <Predicate = true> <Delay = 0.00>
ST_8 : Operation 96 [1/1] (0.00ns)   --->   "%br_ln163 = br void %for.inc.i" [/home/x_thileeb/repos/ops-hls-batching-new/codegen_apps/batching/poisson2d/u280_loopback_project/hls/device/src/datamover_outerloop_0.cpp:163]   --->   Operation 96 'br' 'br_ln163' <Predicate = true> <Delay = 0.00>

State 9 <SV = 8> <Delay = 2.10>
ST_9 : Operation 97 [1/1] (0.00ns)   --->   "%i_1 = load i32 %i" [/home/x_thileeb/repos/ops-hls-batching-new/codegen_apps/batching/poisson2d/u280_loopback_project/hls/device/src/datamover_outerloop_0.cpp:163]   --->   Operation 97 'load' 'i_1' <Predicate = true> <Delay = 0.00>
ST_9 : Operation 98 [1/1] (0.85ns)   --->   "%icmp_ln163 = icmp_eq  i32 %i_1, i32 %loopback_itr" [/home/x_thileeb/repos/ops-hls-batching-new/codegen_apps/batching/poisson2d/u280_loopback_project/hls/device/src/datamover_outerloop_0.cpp:163]   --->   Operation 98 'icmp' 'icmp_ln163' <Predicate = true> <Delay = 0.85> <CoreInst = "Cmp">   --->   Core 9 'Cmp' <Latency = 0> <II = 1> <Delay = 0.85> <FuncUnit> <Opcode : 'icmp'> <InPorts = 2> <OutPorts = 1>
ST_9 : Operation 99 [1/1] (0.88ns)   --->   "%i_2 = add i32 %i_1, i32 1" [/home/x_thileeb/repos/ops-hls-batching-new/codegen_apps/batching/poisson2d/u280_loopback_project/hls/device/src/datamover_outerloop_0.cpp:163]   --->   Operation 99 'add' 'i_2' <Predicate = true> <Delay = 0.88> <CoreInst = "Adder">   --->   Core 1 'Adder' <Latency = 0> <II = 1> <Delay = 0.88> <FuncUnit> <Opcode : 'add' 'sub'> <InPorts = 2> <OutPorts = 1>
ST_9 : Operation 100 [1/1] (0.00ns)   --->   "%br_ln163 = br i1 %icmp_ln163, void %for.inc.i.split, void %_ZL30datamover_outerloop_0_loopbackjjRN3hls6streamINS_4axisI7ap_uintILi256EELm0ELm0ELm0EEELi0EEES6_.exit.loopexit" [/home/x_thileeb/repos/ops-hls-batching-new/codegen_apps/batching/poisson2d/u280_loopback_project/hls/device/src/datamover_outerloop_0.cpp:163]   --->   Operation 100 'br' 'br_ln163' <Predicate = true> <Delay = 0.00>
ST_9 : Operation 101 [2/2] (1.21ns)   --->   "%call_ln169 = call void @datamover_outerloop_0_loopback_dataflow_region, i32 %num_pkts, i256 %arg0_axis_out_V_data_V, i32 %arg0_axis_out_V_keep_V, i32 %arg0_axis_out_V_strb_V, i1 %arg0_axis_out_V_last_V, i256 %arg1_axis_in_V_data_V, i32 %arg1_axis_in_V_keep_V, i32 %arg1_axis_in_V_strb_V, i1 %arg1_axis_in_V_last_V" [/home/x_thileeb/repos/ops-hls-batching-new/codegen_apps/batching/poisson2d/u280_loopback_project/hls/device/src/datamover_outerloop_0.cpp:169]   --->   Operation 101 'call' 'call_ln169' <Predicate = (!icmp_ln163)> <Delay = 1.21> <CoreType = "Generic">   --->   Core 0 '' <Latency = 0> <II = 1> <Delay = 1.00> <Generic> <Opcode : >
ST_9 : Operation 102 [1/1] (0.38ns)   --->   "%store_ln163 = store i32 %i_2, i32 %i" [/home/x_thileeb/repos/ops-hls-batching-new/codegen_apps/batching/poisson2d/u280_loopback_project/hls/device/src/datamover_outerloop_0.cpp:163]   --->   Operation 102 'store' 'store_ln163' <Predicate = (!icmp_ln163)> <Delay = 0.38>
ST_9 : Operation 103 [2/2] (1.24ns)   --->   "%call_ln257 = call void @datamover_outerloop_0_dataflow_region_write, i32 %num_pkts, i32 %config_total_xblocks, i512 %gmem1, i64 %arg1_read, i256 %arg1_axis_in_V_data_V, i32 %arg1_axis_in_V_keep_V, i32 %arg1_axis_in_V_strb_V, i1 %arg1_axis_in_V_last_V, i256 %arg1_write_reduced_mem_strm, i512 %arg1_write_mem_strm" [/home/x_thileeb/repos/ops-hls-batching-new/codegen_apps/batching/poisson2d/u280_loopback_project/hls/device/src/datamover_outerloop_0.cpp:257]   --->   Operation 103 'call' 'call_ln257' <Predicate = (icmp_ln163)> <Delay = 1.24> <CoreType = "Generic">   --->   Core 0 '' <Latency = 0> <II = 1> <Delay = 1.00> <Generic> <Opcode : >

State 10 <SV = 9> <Delay = 0.00>
ST_10 : Operation 104 [1/1] (0.00ns)   --->   "%specloopname_ln163 = specloopname void @_ssdm_op_SpecLoopName, void @empty_26" [/home/x_thileeb/repos/ops-hls-batching-new/codegen_apps/batching/poisson2d/u280_loopback_project/hls/device/src/datamover_outerloop_0.cpp:163]   --->   Operation 104 'specloopname' 'specloopname_ln163' <Predicate = true> <Delay = 0.00>
ST_10 : Operation 105 [1/2] (0.00ns)   --->   "%call_ln169 = call void @datamover_outerloop_0_loopback_dataflow_region, i32 %num_pkts, i256 %arg0_axis_out_V_data_V, i32 %arg0_axis_out_V_keep_V, i32 %arg0_axis_out_V_strb_V, i1 %arg0_axis_out_V_last_V, i256 %arg1_axis_in_V_data_V, i32 %arg1_axis_in_V_keep_V, i32 %arg1_axis_in_V_strb_V, i1 %arg1_axis_in_V_last_V" [/home/x_thileeb/repos/ops-hls-batching-new/codegen_apps/batching/poisson2d/u280_loopback_project/hls/device/src/datamover_outerloop_0.cpp:169]   --->   Operation 105 'call' 'call_ln169' <Predicate = true> <Delay = 0.00> <CoreType = "Generic">   --->   Core 0 '' <Latency = 0> <II = 1> <Delay = 1.00> <Generic> <Opcode : >
ST_10 : Operation 106 [1/1] (0.00ns)   --->   "%br_ln163 = br void %for.inc.i" [/home/x_thileeb/repos/ops-hls-batching-new/codegen_apps/batching/poisson2d/u280_loopback_project/hls/device/src/datamover_outerloop_0.cpp:163]   --->   Operation 106 'br' 'br_ln163' <Predicate = true> <Delay = 0.00>

State 11 <SV = 9> <Delay = 0.00>
ST_11 : Operation 107 [1/2] (0.00ns)   --->   "%call_ln257 = call void @datamover_outerloop_0_dataflow_region_write, i32 %num_pkts, i32 %config_total_xblocks, i512 %gmem1, i64 %arg1_read, i256 %arg1_axis_in_V_data_V, i32 %arg1_axis_in_V_keep_V, i32 %arg1_axis_in_V_strb_V, i1 %arg1_axis_in_V_last_V, i256 %arg1_write_reduced_mem_strm, i512 %arg1_write_mem_strm" [/home/x_thileeb/repos/ops-hls-batching-new/codegen_apps/batching/poisson2d/u280_loopback_project/hls/device/src/datamover_outerloop_0.cpp:257]   --->   Operation 107 'call' 'call_ln257' <Predicate = true> <Delay = 0.00> <CoreType = "Generic">   --->   Core 0 '' <Latency = 0> <II = 1> <Delay = 1.00> <Generic> <Opcode : >

State 12 <SV = 10> <Delay = 0.00>
ST_12 : Operation 108 [1/1] (0.00ns)   --->   "%ret_ln262 = ret" [/home/x_thileeb/repos/ops-hls-batching-new/codegen_apps/batching/poisson2d/u280_loopback_project/hls/device/src/datamover_outerloop_0.cpp:262]   --->   Operation 108 'ret' 'ret_ln262' <Predicate = true> <Delay = 0.00>


============================================================
+ Verbose Summary: Binding
============================================================
STG Binding: 
---------------- STG Properties BEGIN ----------------
- Is combinational: 0
- Is one-state seq: 0
- Is datapath-only: 0
- Is pipelined: 0
- Is top level: 1
Port [ Return ] is wired: 1; IO mode=ap_ctrl_chain:ce=0
Port [ gmem0]:  wired=1; compound=1; hidden=0; nouse=0; global=0; static=0; extern=0; dir=0; type=4; pingpong=0; private_global=0; IO mode=m_axi:ce=0
Port [ gmem1]:  wired=1; compound=1; hidden=0; nouse=0; global=0; static=0; extern=0; dir=1; type=4; pingpong=0; private_global=0; IO mode=m_axi:ce=0
Port [ range_start_0]:  wired=1; compound=0; hidden=0; nouse=0; global=0; static=0; extern=0; dir=0; type=0; pingpong=0; private_global=0; IO mode=ap_none:ce=0
Port [ range_end_0]:  wired=1; compound=0; hidden=0; nouse=0; global=0; static=0; extern=0; dir=0; type=0; pingpong=0; private_global=0; IO mode=ap_none:ce=0
Port [ range_start_1]:  wired=1; compound=0; hidden=0; nouse=0; global=0; static=0; extern=0; dir=0; type=0; pingpong=0; private_global=0; IO mode=ap_none:ce=0
Port [ range_end_1]:  wired=1; compound=0; hidden=0; nouse=0; global=0; static=0; extern=0; dir=0; type=0; pingpong=0; private_global=0; IO mode=ap_none:ce=0
Port [ gridSize_0]:  wired=1; compound=0; hidden=0; nouse=1; global=0; static=0; extern=0; dir=0; type=0; pingpong=0; private_global=0; IO mode=ap_none:ce=0
Port [ gridSize_1]:  wired=1; compound=0; hidden=0; nouse=1; global=0; static=0; extern=0; dir=0; type=0; pingpong=0; private_global=0; IO mode=ap_none:ce=0
Port [ outer_itr]:  wired=1; compound=0; hidden=0; nouse=0; global=0; static=0; extern=0; dir=0; type=0; pingpong=0; private_global=0; IO mode=ap_none:ce=0
Port [ batch_size]:  wired=1; compound=0; hidden=0; nouse=0; global=0; static=0; extern=0; dir=0; type=0; pingpong=0; private_global=0; IO mode=ap_none:ce=0
Port [ arg0]:  wired=1; compound=0; hidden=0; nouse=0; global=0; static=0; extern=0; dir=0; type=0; pingpong=0; private_global=0; IO mode=ap_none:ce=0
Port [ arg1]:  wired=1; compound=0; hidden=0; nouse=0; global=0; static=0; extern=0; dir=0; type=0; pingpong=0; private_global=0; IO mode=ap_none:ce=0
Port [ arg0_axis_out_V_data_V]:  wired=1; compound=1; hidden=0; nouse=0; global=0; static=0; extern=0; dir=1; type=0; pingpong=0; private_global=0; IO mode=axis:ce=0
Port [ arg0_axis_out_V_keep_V]:  wired=1; compound=1; hidden=0; nouse=0; global=0; static=0; extern=0; dir=1; type=0; pingpong=0; private_global=0; IO mode=axis:ce=0
Port [ arg0_axis_out_V_strb_V]:  wired=1; compound=1; hidden=0; nouse=0; global=0; static=0; extern=0; dir=1; type=0; pingpong=0; private_global=0; IO mode=axis:ce=0
Port [ arg0_axis_out_V_last_V]:  wired=1; compound=1; hidden=0; nouse=0; global=0; static=0; extern=0; dir=1; type=0; pingpong=0; private_global=0; IO mode=axis:ce=0
Port [ arg1_axis_in_V_data_V]:  wired=1; compound=1; hidden=0; nouse=0; global=0; static=0; extern=0; dir=0; type=0; pingpong=0; private_global=0; IO mode=axis:ce=0
Port [ arg1_axis_in_V_keep_V]:  wired=1; compound=1; hidden=0; nouse=0; global=0; static=0; extern=0; dir=0; type=0; pingpong=0; private_global=0; IO mode=axis:ce=0
Port [ arg1_axis_in_V_strb_V]:  wired=1; compound=1; hidden=0; nouse=0; global=0; static=0; extern=0; dir=0; type=0; pingpong=0; private_global=0; IO mode=axis:ce=0
Port [ arg1_axis_in_V_last_V]:  wired=1; compound=1; hidden=0; nouse=0; global=0; static=0; extern=0; dir=0; type=0; pingpong=0; private_global=0; IO mode=axis:ce=0
Port [ arg0_read_mem_strm]:  wired=0; compound=1; hidden=1; nouse=1; global=1; static=1; extern=0; dir=2; type=3; pingpong=0; private_global=1; IO mode=ap_fifo:ce=0
Port [ arg0_read_reduced_mem_strm]:  wired=0; compound=1; hidden=1; nouse=1; global=1; static=1; extern=0; dir=2; type=3; pingpong=0; private_global=1; IO mode=ap_fifo:ce=0
Port [ arg1_write_reduced_mem_strm]:  wired=0; compound=1; hidden=1; nouse=1; global=1; static=1; extern=0; dir=2; type=3; pingpong=0; private_global=1; IO mode=ap_fifo:ce=0
Port [ arg1_write_mem_strm]:  wired=0; compound=1; hidden=1; nouse=1; global=1; static=1; extern=0; dir=2; type=3; pingpong=0; private_global=1; IO mode=ap_fifo:ce=0
---------------- STG Properties END ------------------

---------------- Datapath Model BEGIN ----------------

<LifeTime>
<method=bitvector/>
i                         (alloca             ) [ 0111111111100]
batch_size_read           (read               ) [ 0000000000000]
range_end_1_read          (read               ) [ 0000000000000]
range_start_1_read        (read               ) [ 0000000000000]
diff_y                    (sub                ) [ 0000000000000]
zext_ln632                (zext               ) [ 0011100000000]
zext_ln632_1              (zext               ) [ 0011100000000]
store_ln163               (store              ) [ 0000000000000]
range_end_0_read          (read               ) [ 0000000000000]
zext_ln587                (zext               ) [ 0000000000000]
add_ln587                 (add                ) [ 0000000000000]
tmp                       (partselect         ) [ 0000100000000]
range_start_0_read        (read               ) [ 0000000000000]
trunc_ln                  (partselect         ) [ 0000000000000]
zext_ln586                (zext               ) [ 0000000000000]
zext_ln587_1              (zext               ) [ 0000000000000]
num_xblocks               (sub                ) [ 0000010000000]
mul_ln632                 (mul                ) [ 0000011000000]
sext_ln590                (sext               ) [ 0000000000000]
zext_ln590                (zext               ) [ 0000001000000]
arg1_read                 (read               ) [ 0000000111110]
arg0_read                 (read               ) [ 0000000110000]
config_total_xblocks      (mul                ) [ 0000000111110]
num_pkts                  (shl                ) [ 0000000011110]
spectopmodule_ln175       (spectopmodule      ) [ 0000000000000]
specinterface_ln175       (specinterface      ) [ 0000000000000]
specinterface_ln0         (specinterface      ) [ 0000000000000]
specbitsmap_ln0           (specbitsmap        ) [ 0000000000000]
specinterface_ln0         (specinterface      ) [ 0000000000000]
specbitsmap_ln0           (specbitsmap        ) [ 0000000000000]
specbitsmap_ln0           (specbitsmap        ) [ 0000000000000]
specinterface_ln0         (specinterface      ) [ 0000000000000]
specinterface_ln0         (specinterface      ) [ 0000000000000]
specbitsmap_ln0           (specbitsmap        ) [ 0000000000000]
specinterface_ln0         (specinterface      ) [ 0000000000000]
specinterface_ln0         (specinterface      ) [ 0000000000000]
specbitsmap_ln0           (specbitsmap        ) [ 0000000000000]
specinterface_ln0         (specinterface      ) [ 0000000000000]
specinterface_ln0         (specinterface      ) [ 0000000000000]
specbitsmap_ln0           (specbitsmap        ) [ 0000000000000]
specinterface_ln0         (specinterface      ) [ 0000000000000]
specinterface_ln0         (specinterface      ) [ 0000000000000]
specbitsmap_ln0           (specbitsmap        ) [ 0000000000000]
specinterface_ln0         (specinterface      ) [ 0000000000000]
specinterface_ln0         (specinterface      ) [ 0000000000000]
specbitsmap_ln0           (specbitsmap        ) [ 0000000000000]
specinterface_ln0         (specinterface      ) [ 0000000000000]
specinterface_ln0         (specinterface      ) [ 0000000000000]
specbitsmap_ln0           (specbitsmap        ) [ 0000000000000]
specinterface_ln0         (specinterface      ) [ 0000000000000]
specinterface_ln0         (specinterface      ) [ 0000000000000]
specbitsmap_ln0           (specbitsmap        ) [ 0000000000000]
specinterface_ln0         (specinterface      ) [ 0000000000000]
specinterface_ln0         (specinterface      ) [ 0000000000000]
specinterface_ln0         (specinterface      ) [ 0000000000000]
specinterface_ln0         (specinterface      ) [ 0000000000000]
specinterface_ln0         (specinterface      ) [ 0000000000000]
specinterface_ln0         (specinterface      ) [ 0000000000000]
specinterface_ln0         (specinterface      ) [ 0000000000000]
specbitsmap_ln0           (specbitsmap        ) [ 0000000000000]
specbitsmap_ln0           (specbitsmap        ) [ 0000000000000]
specbitsmap_ln0           (specbitsmap        ) [ 0000000000000]
specbitsmap_ln0           (specbitsmap        ) [ 0000000000000]
specinterface_ln0         (specinterface      ) [ 0000000000000]
specbitsmap_ln0           (specbitsmap        ) [ 0000000000000]
specbitsmap_ln0           (specbitsmap        ) [ 0000000000000]
specbitsmap_ln0           (specbitsmap        ) [ 0000000000000]
specbitsmap_ln0           (specbitsmap        ) [ 0000000000000]
specinterface_ln0         (specinterface      ) [ 0000000000000]
specinterface_ln0         (specinterface      ) [ 0000000000000]
specinterface_ln0         (specinterface      ) [ 0000000000000]
specinterface_ln0         (specinterface      ) [ 0000000000000]
specinterface_ln0         (specinterface      ) [ 0000000000000]
outer_itr_read            (read               ) [ 0000000000000]
loopback_itr              (add                ) [ 0000000001100]
call_ln246                (call               ) [ 0000000000000]
specaxissidechannel_ln163 (specaxissidechannel) [ 0000000000000]
specaxissidechannel_ln163 (specaxissidechannel) [ 0000000000000]
br_ln163                  (br                 ) [ 0000000000000]
i_1                       (load               ) [ 0000000000000]
icmp_ln163                (icmp               ) [ 0000000001100]
i_2                       (add                ) [ 0000000000000]
br_ln163                  (br                 ) [ 0000000000000]
store_ln163               (store              ) [ 0000000000000]
specloopname_ln163        (specloopname       ) [ 0000000000000]
call_ln169                (call               ) [ 0000000000000]
br_ln163                  (br                 ) [ 0000000000000]
call_ln257                (call               ) [ 0000000000000]
ret_ln262                 (ret                ) [ 0000000000000]
</LifeTime>

<model>

<comp_list>
<comp id="0" class="1000" name="gmem0">
<pin_list>
<pin id="1" dir="1" index="0" bw="1" slack="0"/>
</pin_list>
<bind>
<StgValue><ssdm name="gmem0"/></StgValue>
</bind>
</comp>

<comp id="2" class="1000" name="gmem1">
<pin_list>
<pin id="3" dir="1" index="0" bw="1" slack="0"/>
</pin_list>
<bind>
<StgValue><ssdm name="gmem1"/></StgValue>
</bind>
</comp>

<comp id="4" class="1000" name="range_start_0">
<pin_list>
<pin id="5" dir="1" index="0" bw="1" slack="0"/>
</pin_list>
<bind>
<StgValue><ssdm name="range_start_0"/></StgValue>
</bind>
</comp>

<comp id="6" class="1000" name="range_end_0">
<pin_list>
<pin id="7" dir="1" index="0" bw="1" slack="0"/>
</pin_list>
<bind>
<StgValue><ssdm name="range_end_0"/></StgValue>
</bind>
</comp>

<comp id="8" class="1000" name="range_start_1">
<pin_list>
<pin id="9" dir="1" index="0" bw="1" slack="0"/>
</pin_list>
<bind>
<StgValue><ssdm name="range_start_1"/></StgValue>
</bind>
</comp>

<comp id="10" class="1000" name="range_end_1">
<pin_list>
<pin id="11" dir="1" index="0" bw="1" slack="0"/>
</pin_list>
<bind>
<StgValue><ssdm name="range_end_1"/></StgValue>
</bind>
</comp>

<comp id="12" class="1000" name="gridSize_0">
<pin_list>
<pin id="13" dir="1" index="0" bw="1" slack="2147483647"/>
</pin_list>
<bind>
<StgValue><ssdm name="gridSize_0"/></StgValue>
</bind>
</comp>

<comp id="14" class="1000" name="gridSize_1">
<pin_list>
<pin id="15" dir="1" index="0" bw="1" slack="2147483647"/>
</pin_list>
<bind>
<StgValue><ssdm name="gridSize_1"/></StgValue>
</bind>
</comp>

<comp id="16" class="1000" name="outer_itr">
<pin_list>
<pin id="17" dir="1" index="0" bw="1" slack="0"/>
</pin_list>
<bind>
<StgValue><ssdm name="outer_itr"/></StgValue>
</bind>
</comp>

<comp id="18" class="1000" name="batch_size">
<pin_list>
<pin id="19" dir="1" index="0" bw="1" slack="0"/>
</pin_list>
<bind>
<StgValue><ssdm name="batch_size"/></StgValue>
</bind>
</comp>

<comp id="20" class="1000" name="arg0">
<pin_list>
<pin id="21" dir="1" index="0" bw="1" slack="0"/>
</pin_list>
<bind>
<StgValue><ssdm name="arg0"/></StgValue>
</bind>
</comp>

<comp id="22" class="1000" name="arg1">
<pin_list>
<pin id="23" dir="1" index="0" bw="1" slack="0"/>
</pin_list>
<bind>
<StgValue><ssdm name="arg1"/></StgValue>
</bind>
</comp>

<comp id="24" class="1000" name="arg0_axis_out_V_data_V">
<pin_list>
<pin id="25" dir="1" index="0" bw="1" slack="0"/>
</pin_list>
<bind>
<StgValue><ssdm name="arg0_axis_out_V_data_V"/></StgValue>
</bind>
</comp>

<comp id="26" class="1000" name="arg0_axis_out_V_keep_V">
<pin_list>
<pin id="27" dir="1" index="0" bw="1" slack="0"/>
</pin_list>
<bind>
<StgValue><ssdm name="arg0_axis_out_V_keep_V"/></StgValue>
</bind>
</comp>

<comp id="28" class="1000" name="arg0_axis_out_V_strb_V">
<pin_list>
<pin id="29" dir="1" index="0" bw="1" slack="0"/>
</pin_list>
<bind>
<StgValue><ssdm name="arg0_axis_out_V_strb_V"/></StgValue>
</bind>
</comp>

<comp id="30" class="1000" name="arg0_axis_out_V_last_V">
<pin_list>
<pin id="31" dir="1" index="0" bw="1" slack="0"/>
</pin_list>
<bind>
<StgValue><ssdm name="arg0_axis_out_V_last_V"/></StgValue>
</bind>
</comp>

<comp id="32" class="1000" name="arg1_axis_in_V_data_V">
<pin_list>
<pin id="33" dir="1" index="0" bw="1" slack="0"/>
</pin_list>
<bind>
<StgValue><ssdm name="arg1_axis_in_V_data_V"/></StgValue>
</bind>
</comp>

<comp id="34" class="1000" name="arg1_axis_in_V_keep_V">
<pin_list>
<pin id="35" dir="1" index="0" bw="1" slack="0"/>
</pin_list>
<bind>
<StgValue><ssdm name="arg1_axis_in_V_keep_V"/></StgValue>
</bind>
</comp>

<comp id="36" class="1000" name="arg1_axis_in_V_strb_V">
<pin_list>
<pin id="37" dir="1" index="0" bw="1" slack="0"/>
</pin_list>
<bind>
<StgValue><ssdm name="arg1_axis_in_V_strb_V"/></StgValue>
</bind>
</comp>

<comp id="38" class="1000" name="arg1_axis_in_V_last_V">
<pin_list>
<pin id="39" dir="1" index="0" bw="1" slack="0"/>
</pin_list>
<bind>
<StgValue><ssdm name="arg1_axis_in_V_last_V"/></StgValue>
</bind>
</comp>

<comp id="40" class="1000" name="arg0_read_mem_strm">
<pin_list>
<pin id="41" dir="1" index="0" bw="1" slack="0"/>
</pin_list>
<bind>
<StgValue><ssdm name="arg0_read_mem_strm"/></StgValue>
</bind>
</comp>

<comp id="42" class="1000" name="arg0_read_reduced_mem_strm">
<pin_list>
<pin id="43" dir="1" index="0" bw="1" slack="0"/>
</pin_list>
<bind>
<StgValue><ssdm name="arg0_read_reduced_mem_strm"/></StgValue>
</bind>
</comp>

<comp id="44" class="1000" name="arg1_write_reduced_mem_strm">
<pin_list>
<pin id="45" dir="1" index="0" bw="1" slack="0"/>
</pin_list>
<bind>
<StgValue><ssdm name="arg1_write_reduced_mem_strm"/></StgValue>
</bind>
</comp>

<comp id="46" class="1000" name="arg1_write_mem_strm">
<pin_list>
<pin id="47" dir="1" index="0" bw="1" slack="0"/>
</pin_list>
<bind>
<StgValue><ssdm name="arg1_write_mem_strm"/></StgValue>
</bind>
</comp>

<comp id="48" class="1001" name="const_48">
<pin_list>
<pin id="49" dir="1" index="0" bw="1" slack="0"/>
</pin_list>
<bind>
<StgValue><ssdm name=""/></StgValue>
</bind>
</comp>

<comp id="50" class="1001" name="const_50">
<pin_list>
<pin id="51" dir="1" index="0" bw="1" slack="0"/>
</pin_list>
<bind>
<StgValue><ssdm name="_ssdm_op_Read.ap_none.i16"/></StgValue>
</bind>
</comp>

<comp id="52" class="1001" name="const_52">
<pin_list>
<pin id="53" dir="1" index="0" bw="1" slack="0"/>
</pin_list>
<bind>
<StgValue><ssdm name=""/></StgValue>
</bind>
</comp>

<comp id="54" class="1001" name="const_54">
<pin_list>
<pin id="55" dir="1" index="0" bw="1" slack="0"/>
</pin_list>
<bind>
<StgValue><ssdm name=""/></StgValue>
</bind>
</comp>

<comp id="56" class="1001" name="const_56">
<pin_list>
<pin id="57" dir="1" index="0" bw="1" slack="0"/>
</pin_list>
<bind>
<StgValue><ssdm name="_ssdm_op_PartSelect.i13.i17.i32.i32"/></StgValue>
</bind>
</comp>

<comp id="58" class="1001" name="const_58">
<pin_list>
<pin id="59" dir="1" index="0" bw="1" slack="0"/>
</pin_list>
<bind>
<StgValue><ssdm name=""/></StgValue>
</bind>
</comp>

<comp id="60" class="1001" name="const_60">
<pin_list>
<pin id="61" dir="1" index="0" bw="1" slack="0"/>
</pin_list>
<bind>
<StgValue><ssdm name=""/></StgValue>
</bind>
</comp>

<comp id="62" class="1001" name="const_62">
<pin_list>
<pin id="63" dir="1" index="0" bw="1" slack="0"/>
</pin_list>
<bind>
<StgValue><ssdm name="_ssdm_op_PartSelect.i12.i16.i32.i32"/></StgValue>
</bind>
</comp>

<comp id="64" class="1001" name="const_64">
<pin_list>
<pin id="65" dir="1" index="0" bw="1" slack="0"/>
</pin_list>
<bind>
<StgValue><ssdm name=""/></StgValue>
</bind>
</comp>

<comp id="66" class="1001" name="const_66">
<pin_list>
<pin id="67" dir="1" index="0" bw="1" slack="0"/>
</pin_list>
<bind>
<StgValue><ssdm name="_ssdm_op_Read.s_axilite.i64"/></StgValue>
</bind>
</comp>

<comp id="68" class="1001" name="const_68">
<pin_list>
<pin id="69" dir="1" index="0" bw="1" slack="0"/>
</pin_list>
<bind>
<StgValue><ssdm name="datamover_outerloop_0_dataflow_region_read"/></StgValue>
</bind>
</comp>

<comp id="70" class="1001" name="const_70">
<pin_list>
<pin id="71" dir="1" index="0" bw="1" slack="2147483647"/>
</pin_list>
<bind>
<StgValue><ssdm name="_ssdm_op_SpecTopModule"/></StgValue>
</bind>
</comp>

<comp id="72" class="1001" name="const_72">
<pin_list>
<pin id="73" dir="1" index="0" bw="1" slack="2147483647"/>
</pin_list>
<bind>
<StgValue><ssdm name="empty_14"/></StgValue>
</bind>
</comp>

<comp id="74" class="1001" name="const_74">
<pin_list>
<pin id="75" dir="1" index="0" bw="1" slack="2147483647"/>
</pin_list>
<bind>
<StgValue><ssdm name="_ssdm_op_SpecInterface"/></StgValue>
</bind>
</comp>

<comp id="76" class="1001" name="const_76">
<pin_list>
<pin id="77" dir="1" index="0" bw="1" slack="2147483647"/>
</pin_list>
<bind>
<StgValue><ssdm name="empty_34"/></StgValue>
</bind>
</comp>

<comp id="78" class="1001" name="const_78">
<pin_list>
<pin id="79" dir="1" index="0" bw="1" slack="2147483647"/>
</pin_list>
<bind>
<StgValue><ssdm name="empty_31"/></StgValue>
</bind>
</comp>

<comp id="80" class="1001" name="const_80">
<pin_list>
<pin id="81" dir="1" index="0" bw="1" slack="0"/>
</pin_list>
<bind>
<StgValue><ssdm name=""/></StgValue>
</bind>
</comp>

<comp id="82" class="1001" name="const_82">
<pin_list>
<pin id="83" dir="1" index="0" bw="1" slack="2147483647"/>
</pin_list>
<bind>
<StgValue><ssdm name="empty_32"/></StgValue>
</bind>
</comp>

<comp id="84" class="1001" name="const_84">
<pin_list>
<pin id="85" dir="1" index="0" bw="1" slack="2147483647"/>
</pin_list>
<bind>
<StgValue><ssdm name=""/></StgValue>
</bind>
</comp>

<comp id="86" class="1001" name="const_86">
<pin_list>
<pin id="87" dir="1" index="0" bw="1" slack="2147483647"/>
</pin_list>
<bind>
<StgValue><ssdm name=""/></StgValue>
</bind>
</comp>

<comp id="88" class="1001" name="const_88">
<pin_list>
<pin id="89" dir="1" index="0" bw="1" slack="2147483647"/>
</pin_list>
<bind>
<StgValue><ssdm name="empty_30"/></StgValue>
</bind>
</comp>

<comp id="90" class="1001" name="const_90">
<pin_list>
<pin id="91" dir="1" index="0" bw="1" slack="2147483647"/>
</pin_list>
<bind>
<StgValue><ssdm name="empty_29"/></StgValue>
</bind>
</comp>

<comp id="92" class="1001" name="const_92">
<pin_list>
<pin id="93" dir="1" index="0" bw="1" slack="2147483647"/>
</pin_list>
<bind>
<StgValue><ssdm name=""/></StgValue>
</bind>
</comp>

<comp id="94" class="1001" name="const_94">
<pin_list>
<pin id="95" dir="1" index="0" bw="1" slack="2147483647"/>
</pin_list>
<bind>
<StgValue><ssdm name=""/></StgValue>
</bind>
</comp>

<comp id="96" class="1001" name="const_96">
<pin_list>
<pin id="97" dir="1" index="0" bw="1" slack="2147483647"/>
</pin_list>
<bind>
<StgValue><ssdm name="_ssdm_op_SpecBitsMap"/></StgValue>
</bind>
</comp>

<comp id="98" class="1001" name="const_98">
<pin_list>
<pin id="99" dir="1" index="0" bw="1" slack="2147483647"/>
</pin_list>
<bind>
<StgValue><ssdm name="empty_13"/></StgValue>
</bind>
</comp>

<comp id="100" class="1001" name="const_100">
<pin_list>
<pin id="101" dir="1" index="0" bw="1" slack="2147483647"/>
</pin_list>
<bind>
<StgValue><ssdm name="empty_12"/></StgValue>
</bind>
</comp>

<comp id="102" class="1001" name="const_102">
<pin_list>
<pin id="103" dir="1" index="0" bw="1" slack="2147483647"/>
</pin_list>
<bind>
<StgValue><ssdm name="empty_7"/></StgValue>
</bind>
</comp>

<comp id="104" class="1001" name="const_104">
<pin_list>
<pin id="105" dir="1" index="0" bw="1" slack="2147483647"/>
</pin_list>
<bind>
<StgValue><ssdm name="empty_11"/></StgValue>
</bind>
</comp>

<comp id="106" class="1001" name="const_106">
<pin_list>
<pin id="107" dir="1" index="0" bw="1" slack="2147483647"/>
</pin_list>
<bind>
<StgValue><ssdm name="empty_10"/></StgValue>
</bind>
</comp>

<comp id="108" class="1001" name="const_108">
<pin_list>
<pin id="109" dir="1" index="0" bw="1" slack="2147483647"/>
</pin_list>
<bind>
<StgValue><ssdm name="empty_9"/></StgValue>
</bind>
</comp>

<comp id="110" class="1001" name="const_110">
<pin_list>
<pin id="111" dir="1" index="0" bw="1" slack="2147483647"/>
</pin_list>
<bind>
<StgValue><ssdm name="empty_18"/></StgValue>
</bind>
</comp>

<comp id="112" class="1001" name="const_112">
<pin_list>
<pin id="113" dir="1" index="0" bw="1" slack="2147483647"/>
</pin_list>
<bind>
<StgValue><ssdm name="empty_28"/></StgValue>
</bind>
</comp>

<comp id="114" class="1001" name="const_114">
<pin_list>
<pin id="115" dir="1" index="0" bw="1" slack="2147483647"/>
</pin_list>
<bind>
<StgValue><ssdm name="empty"/></StgValue>
</bind>
</comp>

<comp id="116" class="1001" name="const_116">
<pin_list>
<pin id="117" dir="1" index="0" bw="1" slack="2147483647"/>
</pin_list>
<bind>
<StgValue><ssdm name="empty_0"/></StgValue>
</bind>
</comp>

<comp id="118" class="1001" name="const_118">
<pin_list>
<pin id="119" dir="1" index="0" bw="1" slack="2147483647"/>
</pin_list>
<bind>
<StgValue><ssdm name="empty_1"/></StgValue>
</bind>
</comp>

<comp id="120" class="1001" name="const_120">
<pin_list>
<pin id="121" dir="1" index="0" bw="1" slack="2147483647"/>
</pin_list>
<bind>
<StgValue><ssdm name="empty_24"/></StgValue>
</bind>
</comp>

<comp id="122" class="1001" name="const_122">
<pin_list>
<pin id="123" dir="1" index="0" bw="1" slack="2147483647"/>
</pin_list>
<bind>
<StgValue><ssdm name="empty_3"/></StgValue>
</bind>
</comp>

<comp id="124" class="1001" name="const_124">
<pin_list>
<pin id="125" dir="1" index="0" bw="1" slack="2147483647"/>
</pin_list>
<bind>
<StgValue><ssdm name="empty_27"/></StgValue>
</bind>
</comp>

<comp id="126" class="1001" name="const_126">
<pin_list>
<pin id="127" dir="1" index="0" bw="1" slack="2147483647"/>
</pin_list>
<bind>
<StgValue><ssdm name="empty_17"/></StgValue>
</bind>
</comp>

<comp id="128" class="1001" name="const_128">
<pin_list>
<pin id="129" dir="1" index="0" bw="1" slack="2147483647"/>
</pin_list>
<bind>
<StgValue><ssdm name="empty_22"/></StgValue>
</bind>
</comp>

<comp id="130" class="1001" name="const_130">
<pin_list>
<pin id="131" dir="1" index="0" bw="1" slack="2147483647"/>
</pin_list>
<bind>
<StgValue><ssdm name="empty_19"/></StgValue>
</bind>
</comp>

<comp id="132" class="1001" name="const_132">
<pin_list>
<pin id="133" dir="1" index="0" bw="1" slack="2147483647"/>
</pin_list>
<bind>
<StgValue><ssdm name="empty_20"/></StgValue>
</bind>
</comp>

<comp id="134" class="1001" name="const_134">
<pin_list>
<pin id="135" dir="1" index="0" bw="1" slack="2147483647"/>
</pin_list>
<bind>
<StgValue><ssdm name="empty_21"/></StgValue>
</bind>
</comp>

<comp id="136" class="1001" name="const_136">
<pin_list>
<pin id="137" dir="1" index="0" bw="1" slack="0"/>
</pin_list>
<bind>
<StgValue><ssdm name="_ssdm_op_Read.ap_none.i32"/></StgValue>
</bind>
</comp>

<comp id="138" class="1001" name="const_138">
<pin_list>
<pin id="139" dir="1" index="0" bw="1" slack="2147483647"/>
</pin_list>
<bind>
<StgValue><ssdm name="_ssdm_op_SpecAXISSideChannel"/></StgValue>
</bind>
</comp>

<comp id="140" class="1001" name="const_140">
<pin_list>
<pin id="141" dir="1" index="0" bw="1" slack="2147483647"/>
</pin_list>
<bind>
<StgValue><ssdm name=""/></StgValue>
</bind>
</comp>

<comp id="142" class="1001" name="const_142">
<pin_list>
<pin id="143" dir="1" index="0" bw="1" slack="2147483647"/>
</pin_list>
<bind>
<StgValue><ssdm name="empty_8"/></StgValue>
</bind>
</comp>

<comp id="144" class="1001" name="const_144">
<pin_list>
<pin id="145" dir="1" index="0" bw="1" slack="2147483647"/>
</pin_list>
<bind>
<StgValue><ssdm name="empty_23"/></StgValue>
</bind>
</comp>

<comp id="146" class="1001" name="const_146">
<pin_list>
<pin id="147" dir="1" index="0" bw="1" slack="0"/>
</pin_list>
<bind>
<StgValue><ssdm name="datamover_outerloop_0_loopback_dataflow_region"/></StgValue>
</bind>
</comp>

<comp id="148" class="1001" name="const_148">
<pin_list>
<pin id="149" dir="1" index="0" bw="1" slack="0"/>
</pin_list>
<bind>
<StgValue><ssdm name="datamover_outerloop_0_dataflow_region_write"/></StgValue>
</bind>
</comp>

<comp id="150" class="1001" name="const_150">
<pin_list>
<pin id="151" dir="1" index="0" bw="1" slack="2147483647"/>
</pin_list>
<bind>
<StgValue><ssdm name="_ssdm_op_SpecLoopName"/></StgValue>
</bind>
</comp>

<comp id="152" class="1001" name="const_152">
<pin_list>
<pin id="153" dir="1" index="0" bw="1" slack="2147483647"/>
</pin_list>
<bind>
<StgValue><ssdm name="empty_26"/></StgValue>
</bind>
</comp>

<comp id="154" class="1004" name="i_fu_154">
<pin_list>
<pin id="155" dir="0" index="0" bw="1" slack="0"/>
<pin id="156" dir="1" index="1" bw="32" slack="0"/>
</pin_list>
<bind>
<opcode="alloca(26) " fcode="alloca"/>
<opset="i/1 "/>
</bind>
</comp>

<comp id="158" class="1004" name="batch_size_read_read_fu_158">
<pin_list>
<pin id="159" dir="0" index="0" bw="16" slack="0"/>
<pin id="160" dir="0" index="1" bw="16" slack="0"/>
<pin id="161" dir="1" index="2" bw="16" slack="0"/>
</pin_list>
<bind>
<opcode="read(1150) " fcode="read"/>
<opset="batch_size_read/1 "/>
</bind>
</comp>

<comp id="164" class="1004" name="range_end_1_read_read_fu_164">
<pin_list>
<pin id="165" dir="0" index="0" bw="16" slack="0"/>
<pin id="166" dir="0" index="1" bw="16" slack="0"/>
<pin id="167" dir="1" index="2" bw="16" slack="0"/>
</pin_list>
<bind>
<opcode="read(1150) " fcode="read"/>
<opset="range_end_1_read/1 "/>
</bind>
</comp>

<comp id="170" class="1004" name="range_start_1_read_read_fu_170">
<pin_list>
<pin id="171" dir="0" index="0" bw="16" slack="0"/>
<pin id="172" dir="0" index="1" bw="16" slack="0"/>
<pin id="173" dir="1" index="2" bw="16" slack="0"/>
</pin_list>
<bind>
<opcode="read(1150) " fcode="read"/>
<opset="range_start_1_read/1 "/>
</bind>
</comp>

<comp id="176" class="1004" name="range_end_0_read_read_fu_176">
<pin_list>
<pin id="177" dir="0" index="0" bw="16" slack="0"/>
<pin id="178" dir="0" index="1" bw="16" slack="0"/>
<pin id="179" dir="1" index="2" bw="16" slack="0"/>
</pin_list>
<bind>
<opcode="read(1150) " fcode="read"/>
<opset="range_end_0_read/3 "/>
</bind>
</comp>

<comp id="182" class="1004" name="range_start_0_read_read_fu_182">
<pin_list>
<pin id="183" dir="0" index="0" bw="16" slack="0"/>
<pin id="184" dir="0" index="1" bw="16" slack="0"/>
<pin id="185" dir="1" index="2" bw="16" slack="0"/>
</pin_list>
<bind>
<opcode="read(1150) " fcode="read"/>
<opset="range_start_0_read/4 "/>
</bind>
</comp>

<comp id="188" class="1004" name="arg1_read_read_fu_188">
<pin_list>
<pin id="189" dir="0" index="0" bw="64" slack="0"/>
<pin id="190" dir="0" index="1" bw="64" slack="0"/>
<pin id="191" dir="1" index="2" bw="64" slack="3"/>
</pin_list>
<bind>
<opcode="read(1150) " fcode="read"/>
<opset="arg1_read/6 "/>
</bind>
</comp>

<comp id="194" class="1004" name="arg0_read_read_fu_194">
<pin_list>
<pin id="195" dir="0" index="0" bw="64" slack="0"/>
<pin id="196" dir="0" index="1" bw="64" slack="0"/>
<pin id="197" dir="1" index="2" bw="64" slack="1"/>
</pin_list>
<bind>
<opcode="read(1150) " fcode="read"/>
<opset="arg0_read/6 "/>
</bind>
</comp>

<comp id="200" class="1004" name="outer_itr_read_read_fu_200">
<pin_list>
<pin id="201" dir="0" index="0" bw="32" slack="0"/>
<pin id="202" dir="0" index="1" bw="32" slack="0"/>
<pin id="203" dir="1" index="2" bw="32" slack="0"/>
</pin_list>
<bind>
<opcode="read(1150) " fcode="read"/>
<opset="outer_itr_read/8 "/>
</bind>
</comp>

<comp id="206" class="1004" name="grp_datamover_outerloop_0_dataflow_region_read_fu_206">
<pin_list>
<pin id="207" dir="0" index="0" bw="0" slack="0"/>
<pin id="208" dir="0" index="1" bw="32" slack="0"/>
<pin id="209" dir="0" index="2" bw="32" slack="1"/>
<pin id="210" dir="0" index="3" bw="512" slack="0"/>
<pin id="211" dir="0" index="4" bw="64" slack="1"/>
<pin id="212" dir="0" index="5" bw="256" slack="0"/>
<pin id="213" dir="0" index="6" bw="32" slack="0"/>
<pin id="214" dir="0" index="7" bw="32" slack="0"/>
<pin id="215" dir="0" index="8" bw="1" slack="0"/>
<pin id="216" dir="0" index="9" bw="512" slack="0"/>
<pin id="217" dir="0" index="10" bw="256" slack="0"/>
<pin id="218" dir="1" index="11" bw="0" slack="2147483647"/>
</pin_list>
<bind>
<opcode="call(48) " fcode="call"/>
<opset="call_ln246/7 "/>
</bind>
</comp>

<comp id="227" class="1004" name="grp_datamover_outerloop_0_loopback_dataflow_region_fu_227">
<pin_list>
<pin id="228" dir="0" index="0" bw="0" slack="0"/>
<pin id="229" dir="0" index="1" bw="32" slack="2"/>
<pin id="230" dir="0" index="2" bw="256" slack="0"/>
<pin id="231" dir="0" index="3" bw="32" slack="0"/>
<pin id="232" dir="0" index="4" bw="32" slack="0"/>
<pin id="233" dir="0" index="5" bw="1" slack="0"/>
<pin id="234" dir="0" index="6" bw="256" slack="0"/>
<pin id="235" dir="0" index="7" bw="32" slack="0"/>
<pin id="236" dir="0" index="8" bw="32" slack="0"/>
<pin id="237" dir="0" index="9" bw="1" slack="0"/>
<pin id="238" dir="1" index="10" bw="0" slack="2147483647"/>
</pin_list>
<bind>
<opcode="call(48) " fcode="call"/>
<opset="call_ln169/9 "/>
</bind>
</comp>

<comp id="248" class="1004" name="grp_datamover_outerloop_0_dataflow_region_write_fu_248">
<pin_list>
<pin id="249" dir="0" index="0" bw="0" slack="0"/>
<pin id="250" dir="0" index="1" bw="32" slack="2"/>
<pin id="251" dir="0" index="2" bw="32" slack="3"/>
<pin id="252" dir="0" index="3" bw="512" slack="0"/>
<pin id="253" dir="0" index="4" bw="64" slack="3"/>
<pin id="254" dir="0" index="5" bw="256" slack="0"/>
<pin id="255" dir="0" index="6" bw="32" slack="0"/>
<pin id="256" dir="0" index="7" bw="32" slack="0"/>
<pin id="257" dir="0" index="8" bw="1" slack="0"/>
<pin id="258" dir="0" index="9" bw="256" slack="0"/>
<pin id="259" dir="0" index="10" bw="512" slack="0"/>
<pin id="260" dir="1" index="11" bw="0" slack="2147483647"/>
</pin_list>
<bind>
<opcode="call(48) " fcode="call"/>
<opset="call_ln257/9 "/>
</bind>
</comp>

<comp id="269" class="1004" name="diff_y_fu_269">
<pin_list>
<pin id="270" dir="0" index="0" bw="16" slack="0"/>
<pin id="271" dir="0" index="1" bw="16" slack="0"/>
<pin id="272" dir="1" index="2" bw="16" slack="0"/>
</pin_list>
<bind>
<opcode="sub(10) " fcode="sub"/>
<opset="diff_y/1 "/>
</bind>
</comp>

<comp id="275" class="1004" name="zext_ln632_fu_275">
<pin_list>
<pin id="276" dir="0" index="0" bw="16" slack="0"/>
<pin id="277" dir="1" index="1" bw="32" slack="0"/>
</pin_list>
<bind>
<opcode="zext(34) " fcode="zext"/>
<opset="zext_ln632/1 "/>
</bind>
</comp>

<comp id="279" class="1004" name="zext_ln632_1_fu_279">
<pin_list>
<pin id="280" dir="0" index="0" bw="16" slack="0"/>
<pin id="281" dir="1" index="1" bw="32" slack="0"/>
</pin_list>
<bind>
<opcode="zext(34) " fcode="zext"/>
<opset="zext_ln632_1/1 "/>
</bind>
</comp>

<comp id="283" class="1004" name="store_ln163_store_fu_283">
<pin_list>
<pin id="284" dir="0" index="0" bw="1" slack="0"/>
<pin id="285" dir="0" index="1" bw="32" slack="0"/>
<pin id="286" dir="1" index="2" bw="0" slack="2147483647"/>
</pin_list>
<bind>
<opcode="store(28) " fcode="store"/>
<opset="store_ln163/1 "/>
</bind>
</comp>

<comp id="288" class="1004" name="zext_ln587_fu_288">
<pin_list>
<pin id="289" dir="0" index="0" bw="16" slack="0"/>
<pin id="290" dir="1" index="1" bw="17" slack="0"/>
</pin_list>
<bind>
<opcode="zext(34) " fcode="zext"/>
<opset="zext_ln587/3 "/>
</bind>
</comp>

<comp id="292" class="1004" name="add_ln587_fu_292">
<pin_list>
<pin id="293" dir="0" index="0" bw="16" slack="0"/>
<pin id="294" dir="0" index="1" bw="5" slack="0"/>
<pin id="295" dir="1" index="2" bw="17" slack="0"/>
</pin_list>
<bind>
<opcode="add(8) " fcode="add"/>
<opset="add_ln587/3 "/>
</bind>
</comp>

<comp id="298" class="1004" name="tmp_fu_298">
<pin_list>
<pin id="299" dir="0" index="0" bw="13" slack="0"/>
<pin id="300" dir="0" index="1" bw="17" slack="0"/>
<pin id="301" dir="0" index="2" bw="4" slack="0"/>
<pin id="302" dir="0" index="3" bw="6" slack="0"/>
<pin id="303" dir="1" index="4" bw="13" slack="1"/>
</pin_list>
<bind>
<opcode="partselect(1002) " fcode="partselect"/>
<opset="tmp/3 "/>
</bind>
</comp>

<comp id="308" class="1004" name="trunc_ln_fu_308">
<pin_list>
<pin id="309" dir="0" index="0" bw="12" slack="0"/>
<pin id="310" dir="0" index="1" bw="16" slack="0"/>
<pin id="311" dir="0" index="2" bw="4" slack="0"/>
<pin id="312" dir="0" index="3" bw="5" slack="0"/>
<pin id="313" dir="1" index="4" bw="12" slack="0"/>
</pin_list>
<bind>
<opcode="partselect(1002) " fcode="partselect"/>
<opset="trunc_ln/4 "/>
</bind>
</comp>

<comp id="318" class="1004" name="zext_ln586_fu_318">
<pin_list>
<pin id="319" dir="0" index="0" bw="12" slack="0"/>
<pin id="320" dir="1" index="1" bw="14" slack="0"/>
</pin_list>
<bind>
<opcode="zext(34) " fcode="zext"/>
<opset="zext_ln586/4 "/>
</bind>
</comp>

<comp id="322" class="1004" name="zext_ln587_1_fu_322">
<pin_list>
<pin id="323" dir="0" index="0" bw="13" slack="1"/>
<pin id="324" dir="1" index="1" bw="14" slack="0"/>
</pin_list>
<bind>
<opcode="zext(34) " fcode="zext"/>
<opset="zext_ln587_1/4 "/>
</bind>
</comp>

<comp id="325" class="1004" name="num_xblocks_fu_325">
<pin_list>
<pin id="326" dir="0" index="0" bw="13" slack="0"/>
<pin id="327" dir="0" index="1" bw="12" slack="0"/>
<pin id="328" dir="1" index="2" bw="14" slack="1"/>
</pin_list>
<bind>
<opcode="sub(10) " fcode="sub"/>
<opset="num_xblocks/4 "/>
</bind>
</comp>

<comp id="331" class="1004" name="sext_ln590_fu_331">
<pin_list>
<pin id="332" dir="0" index="0" bw="14" slack="1"/>
<pin id="333" dir="1" index="1" bw="16" slack="0"/>
</pin_list>
<bind>
<opcode="sext(35) " fcode="sext"/>
<opset="sext_ln590/5 "/>
</bind>
</comp>

<comp id="334" class="1004" name="zext_ln590_fu_334">
<pin_list>
<pin id="335" dir="0" index="0" bw="14" slack="0"/>
<pin id="336" dir="1" index="1" bw="32" slack="0"/>
</pin_list>
<bind>
<opcode="zext(34) " fcode="zext"/>
<opset="zext_ln590/5 "/>
</bind>
</comp>

<comp id="338" class="1004" name="grp_fu_338">
<pin_list>
<pin id="339" dir="0" index="0" bw="32" slack="1"/>
<pin id="340" dir="0" index="1" bw="16" slack="0"/>
<pin id="341" dir="1" index="2" bw="32" slack="1"/>
</pin_list>
<bind>
<opcode="mul(12) " fcode="mul"/>
<opset="config_total_xblocks/5 "/>
</bind>
</comp>

<comp id="343" class="1004" name="num_pkts_fu_343">
<pin_list>
<pin id="344" dir="0" index="0" bw="32" slack="1"/>
<pin id="345" dir="0" index="1" bw="1" slack="0"/>
<pin id="346" dir="1" index="2" bw="32" slack="0"/>
</pin_list>
<bind>
<opcode="shl(20) " fcode="shl"/>
<opset="num_pkts/7 "/>
</bind>
</comp>

<comp id="349" class="1004" name="loopback_itr_fu_349">
<pin_list>
<pin id="350" dir="0" index="0" bw="32" slack="0"/>
<pin id="351" dir="0" index="1" bw="1" slack="0"/>
<pin id="352" dir="1" index="2" bw="32" slack="1"/>
</pin_list>
<bind>
<opcode="add(8) " fcode="add"/>
<opset="loopback_itr/8 "/>
</bind>
</comp>

<comp id="355" class="1004" name="i_1_load_fu_355">
<pin_list>
<pin id="356" dir="0" index="0" bw="32" slack="8"/>
<pin id="357" dir="1" index="1" bw="32" slack="0"/>
</pin_list>
<bind>
<opcode="load(27) " fcode="load"/>
<opset="i_1/9 "/>
</bind>
</comp>

<comp id="358" class="1004" name="icmp_ln163_fu_358">
<pin_list>
<pin id="359" dir="0" index="0" bw="32" slack="0"/>
<pin id="360" dir="0" index="1" bw="32" slack="1"/>
<pin id="361" dir="1" index="2" bw="1" slack="2147483647"/>
</pin_list>
<bind>
<opcode="icmp(45) " fcode="icmp"/>
<opset="icmp_ln163/9 "/>
</bind>
</comp>

<comp id="363" class="1004" name="i_2_fu_363">
<pin_list>
<pin id="364" dir="0" index="0" bw="32" slack="0"/>
<pin id="365" dir="0" index="1" bw="1" slack="0"/>
<pin id="366" dir="1" index="2" bw="32" slack="0"/>
</pin_list>
<bind>
<opcode="add(8) " fcode="add"/>
<opset="i_2/9 "/>
</bind>
</comp>

<comp id="369" class="1004" name="store_ln163_store_fu_369">
<pin_list>
<pin id="370" dir="0" index="0" bw="32" slack="0"/>
<pin id="371" dir="0" index="1" bw="32" slack="8"/>
<pin id="372" dir="1" index="2" bw="0" slack="2147483647"/>
</pin_list>
<bind>
<opcode="store(28) " fcode="store"/>
<opset="store_ln163/9 "/>
</bind>
</comp>

<comp id="374" class="1007" name="grp_fu_374">
<pin_list>
<pin id="375" dir="0" index="0" bw="16" slack="0"/>
<pin id="376" dir="0" index="1" bw="16" slack="0"/>
<pin id="377" dir="1" index="2" bw="32" slack="1"/>
</pin_list>
<bind>
<opcode="mul(12) " fcode="mul"/>
<opset="mul_ln632/1 "/>
</bind>
</comp>

<comp id="380" class="1005" name="i_reg_380">
<pin_list>
<pin id="381" dir="0" index="0" bw="32" slack="0"/>
<pin id="382" dir="1" index="1" bw="32" slack="0"/>
</pin_list>
<bind>
<opset="i "/>
</bind>
</comp>

<comp id="387" class="1005" name="zext_ln632_reg_387">
<pin_list>
<pin id="388" dir="0" index="0" bw="32" slack="1"/>
<pin id="389" dir="1" index="1" bw="32" slack="1"/>
</pin_list>
<bind>
<opset="zext_ln632 "/>
</bind>
</comp>

<comp id="392" class="1005" name="zext_ln632_1_reg_392">
<pin_list>
<pin id="393" dir="0" index="0" bw="32" slack="1"/>
<pin id="394" dir="1" index="1" bw="32" slack="1"/>
</pin_list>
<bind>
<opset="zext_ln632_1 "/>
</bind>
</comp>

<comp id="397" class="1005" name="tmp_reg_397">
<pin_list>
<pin id="398" dir="0" index="0" bw="13" slack="1"/>
<pin id="399" dir="1" index="1" bw="13" slack="1"/>
</pin_list>
<bind>
<opset="tmp "/>
</bind>
</comp>

<comp id="402" class="1005" name="num_xblocks_reg_402">
<pin_list>
<pin id="403" dir="0" index="0" bw="14" slack="1"/>
<pin id="404" dir="1" index="1" bw="14" slack="1"/>
</pin_list>
<bind>
<opset="num_xblocks "/>
</bind>
</comp>

<comp id="407" class="1005" name="mul_ln632_reg_407">
<pin_list>
<pin id="408" dir="0" index="0" bw="32" slack="1"/>
<pin id="409" dir="1" index="1" bw="32" slack="1"/>
</pin_list>
<bind>
<opset="mul_ln632 "/>
</bind>
</comp>

<comp id="412" class="1005" name="zext_ln590_reg_412">
<pin_list>
<pin id="413" dir="0" index="0" bw="32" slack="1"/>
<pin id="414" dir="1" index="1" bw="32" slack="1"/>
</pin_list>
<bind>
<opset="zext_ln590 "/>
</bind>
</comp>

<comp id="417" class="1005" name="arg1_read_reg_417">
<pin_list>
<pin id="418" dir="0" index="0" bw="64" slack="3"/>
<pin id="419" dir="1" index="1" bw="64" slack="3"/>
</pin_list>
<bind>
<opset="arg1_read "/>
</bind>
</comp>

<comp id="422" class="1005" name="arg0_read_reg_422">
<pin_list>
<pin id="423" dir="0" index="0" bw="64" slack="1"/>
<pin id="424" dir="1" index="1" bw="64" slack="1"/>
</pin_list>
<bind>
<opset="arg0_read "/>
</bind>
</comp>

<comp id="427" class="1005" name="config_total_xblocks_reg_427">
<pin_list>
<pin id="428" dir="0" index="0" bw="32" slack="1"/>
<pin id="429" dir="1" index="1" bw="32" slack="1"/>
</pin_list>
<bind>
<opset="config_total_xblocks "/>
</bind>
</comp>

<comp id="434" class="1005" name="num_pkts_reg_434">
<pin_list>
<pin id="435" dir="0" index="0" bw="32" slack="1"/>
<pin id="436" dir="1" index="1" bw="32" slack="1"/>
</pin_list>
<bind>
<opset="num_pkts "/>
</bind>
</comp>

<comp id="441" class="1005" name="loopback_itr_reg_441">
<pin_list>
<pin id="442" dir="0" index="0" bw="32" slack="1"/>
<pin id="443" dir="1" index="1" bw="32" slack="1"/>
</pin_list>
<bind>
<opset="loopback_itr "/>
</bind>
</comp>

</comp_list>

<net_list>
<net id="157"><net_src comp="48" pin="0"/><net_sink comp="154" pin=0"/></net>

<net id="162"><net_src comp="50" pin="0"/><net_sink comp="158" pin=0"/></net>

<net id="163"><net_src comp="18" pin="0"/><net_sink comp="158" pin=1"/></net>

<net id="168"><net_src comp="50" pin="0"/><net_sink comp="164" pin=0"/></net>

<net id="169"><net_src comp="10" pin="0"/><net_sink comp="164" pin=1"/></net>

<net id="174"><net_src comp="50" pin="0"/><net_sink comp="170" pin=0"/></net>

<net id="175"><net_src comp="8" pin="0"/><net_sink comp="170" pin=1"/></net>

<net id="180"><net_src comp="50" pin="0"/><net_sink comp="176" pin=0"/></net>

<net id="181"><net_src comp="6" pin="0"/><net_sink comp="176" pin=1"/></net>

<net id="186"><net_src comp="50" pin="0"/><net_sink comp="182" pin=0"/></net>

<net id="187"><net_src comp="4" pin="0"/><net_sink comp="182" pin=1"/></net>

<net id="192"><net_src comp="66" pin="0"/><net_sink comp="188" pin=0"/></net>

<net id="193"><net_src comp="22" pin="0"/><net_sink comp="188" pin=1"/></net>

<net id="198"><net_src comp="66" pin="0"/><net_sink comp="194" pin=0"/></net>

<net id="199"><net_src comp="20" pin="0"/><net_sink comp="194" pin=1"/></net>

<net id="204"><net_src comp="136" pin="0"/><net_sink comp="200" pin=0"/></net>

<net id="205"><net_src comp="16" pin="0"/><net_sink comp="200" pin=1"/></net>

<net id="219"><net_src comp="68" pin="0"/><net_sink comp="206" pin=0"/></net>

<net id="220"><net_src comp="0" pin="0"/><net_sink comp="206" pin=3"/></net>

<net id="221"><net_src comp="24" pin="0"/><net_sink comp="206" pin=5"/></net>

<net id="222"><net_src comp="26" pin="0"/><net_sink comp="206" pin=6"/></net>

<net id="223"><net_src comp="28" pin="0"/><net_sink comp="206" pin=7"/></net>

<net id="224"><net_src comp="30" pin="0"/><net_sink comp="206" pin=8"/></net>

<net id="225"><net_src comp="40" pin="0"/><net_sink comp="206" pin=9"/></net>

<net id="226"><net_src comp="42" pin="0"/><net_sink comp="206" pin=10"/></net>

<net id="239"><net_src comp="146" pin="0"/><net_sink comp="227" pin=0"/></net>

<net id="240"><net_src comp="24" pin="0"/><net_sink comp="227" pin=2"/></net>

<net id="241"><net_src comp="26" pin="0"/><net_sink comp="227" pin=3"/></net>

<net id="242"><net_src comp="28" pin="0"/><net_sink comp="227" pin=4"/></net>

<net id="243"><net_src comp="30" pin="0"/><net_sink comp="227" pin=5"/></net>

<net id="244"><net_src comp="32" pin="0"/><net_sink comp="227" pin=6"/></net>

<net id="245"><net_src comp="34" pin="0"/><net_sink comp="227" pin=7"/></net>

<net id="246"><net_src comp="36" pin="0"/><net_sink comp="227" pin=8"/></net>

<net id="247"><net_src comp="38" pin="0"/><net_sink comp="227" pin=9"/></net>

<net id="261"><net_src comp="148" pin="0"/><net_sink comp="248" pin=0"/></net>

<net id="262"><net_src comp="2" pin="0"/><net_sink comp="248" pin=3"/></net>

<net id="263"><net_src comp="32" pin="0"/><net_sink comp="248" pin=5"/></net>

<net id="264"><net_src comp="34" pin="0"/><net_sink comp="248" pin=6"/></net>

<net id="265"><net_src comp="36" pin="0"/><net_sink comp="248" pin=7"/></net>

<net id="266"><net_src comp="38" pin="0"/><net_sink comp="248" pin=8"/></net>

<net id="267"><net_src comp="44" pin="0"/><net_sink comp="248" pin=9"/></net>

<net id="268"><net_src comp="46" pin="0"/><net_sink comp="248" pin=10"/></net>

<net id="273"><net_src comp="164" pin="2"/><net_sink comp="269" pin=0"/></net>

<net id="274"><net_src comp="170" pin="2"/><net_sink comp="269" pin=1"/></net>

<net id="278"><net_src comp="269" pin="2"/><net_sink comp="275" pin=0"/></net>

<net id="282"><net_src comp="158" pin="2"/><net_sink comp="279" pin=0"/></net>

<net id="287"><net_src comp="52" pin="0"/><net_sink comp="283" pin=0"/></net>

<net id="291"><net_src comp="176" pin="2"/><net_sink comp="288" pin=0"/></net>

<net id="296"><net_src comp="288" pin="1"/><net_sink comp="292" pin=0"/></net>

<net id="297"><net_src comp="54" pin="0"/><net_sink comp="292" pin=1"/></net>

<net id="304"><net_src comp="56" pin="0"/><net_sink comp="298" pin=0"/></net>

<net id="305"><net_src comp="292" pin="2"/><net_sink comp="298" pin=1"/></net>

<net id="306"><net_src comp="58" pin="0"/><net_sink comp="298" pin=2"/></net>

<net id="307"><net_src comp="60" pin="0"/><net_sink comp="298" pin=3"/></net>

<net id="314"><net_src comp="62" pin="0"/><net_sink comp="308" pin=0"/></net>

<net id="315"><net_src comp="182" pin="2"/><net_sink comp="308" pin=1"/></net>

<net id="316"><net_src comp="58" pin="0"/><net_sink comp="308" pin=2"/></net>

<net id="317"><net_src comp="64" pin="0"/><net_sink comp="308" pin=3"/></net>

<net id="321"><net_src comp="308" pin="4"/><net_sink comp="318" pin=0"/></net>

<net id="329"><net_src comp="322" pin="1"/><net_sink comp="325" pin=0"/></net>

<net id="330"><net_src comp="318" pin="1"/><net_sink comp="325" pin=1"/></net>

<net id="337"><net_src comp="331" pin="1"/><net_sink comp="334" pin=0"/></net>

<net id="342"><net_src comp="334" pin="1"/><net_sink comp="338" pin=1"/></net>

<net id="347"><net_src comp="48" pin="0"/><net_sink comp="343" pin=1"/></net>

<net id="348"><net_src comp="343" pin="2"/><net_sink comp="206" pin=1"/></net>

<net id="353"><net_src comp="200" pin="2"/><net_sink comp="349" pin=0"/></net>

<net id="354"><net_src comp="80" pin="0"/><net_sink comp="349" pin=1"/></net>

<net id="362"><net_src comp="355" pin="1"/><net_sink comp="358" pin=0"/></net>

<net id="367"><net_src comp="355" pin="1"/><net_sink comp="363" pin=0"/></net>

<net id="368"><net_src comp="48" pin="0"/><net_sink comp="363" pin=1"/></net>

<net id="373"><net_src comp="363" pin="2"/><net_sink comp="369" pin=0"/></net>

<net id="378"><net_src comp="275" pin="1"/><net_sink comp="374" pin=0"/></net>

<net id="379"><net_src comp="279" pin="1"/><net_sink comp="374" pin=1"/></net>

<net id="383"><net_src comp="154" pin="1"/><net_sink comp="380" pin=0"/></net>

<net id="384"><net_src comp="380" pin="1"/><net_sink comp="283" pin=1"/></net>

<net id="385"><net_src comp="380" pin="1"/><net_sink comp="355" pin=0"/></net>

<net id="386"><net_src comp="380" pin="1"/><net_sink comp="369" pin=1"/></net>

<net id="390"><net_src comp="275" pin="1"/><net_sink comp="387" pin=0"/></net>

<net id="391"><net_src comp="387" pin="1"/><net_sink comp="374" pin=0"/></net>

<net id="395"><net_src comp="279" pin="1"/><net_sink comp="392" pin=0"/></net>

<net id="396"><net_src comp="392" pin="1"/><net_sink comp="374" pin=1"/></net>

<net id="400"><net_src comp="298" pin="4"/><net_sink comp="397" pin=0"/></net>

<net id="401"><net_src comp="397" pin="1"/><net_sink comp="322" pin=0"/></net>

<net id="405"><net_src comp="325" pin="2"/><net_sink comp="402" pin=0"/></net>

<net id="406"><net_src comp="402" pin="1"/><net_sink comp="331" pin=0"/></net>

<net id="410"><net_src comp="374" pin="2"/><net_sink comp="407" pin=0"/></net>

<net id="411"><net_src comp="407" pin="1"/><net_sink comp="338" pin=0"/></net>

<net id="415"><net_src comp="334" pin="1"/><net_sink comp="412" pin=0"/></net>

<net id="416"><net_src comp="412" pin="1"/><net_sink comp="338" pin=1"/></net>

<net id="420"><net_src comp="188" pin="2"/><net_sink comp="417" pin=0"/></net>

<net id="421"><net_src comp="417" pin="1"/><net_sink comp="248" pin=4"/></net>

<net id="425"><net_src comp="194" pin="2"/><net_sink comp="422" pin=0"/></net>

<net id="426"><net_src comp="422" pin="1"/><net_sink comp="206" pin=4"/></net>

<net id="430"><net_src comp="338" pin="2"/><net_sink comp="427" pin=0"/></net>

<net id="431"><net_src comp="427" pin="1"/><net_sink comp="343" pin=0"/></net>

<net id="432"><net_src comp="427" pin="1"/><net_sink comp="206" pin=2"/></net>

<net id="433"><net_src comp="427" pin="1"/><net_sink comp="248" pin=2"/></net>

<net id="437"><net_src comp="343" pin="2"/><net_sink comp="434" pin=0"/></net>

<net id="438"><net_src comp="434" pin="1"/><net_sink comp="206" pin=1"/></net>

<net id="439"><net_src comp="434" pin="1"/><net_sink comp="227" pin=1"/></net>

<net id="440"><net_src comp="434" pin="1"/><net_sink comp="248" pin=1"/></net>

<net id="444"><net_src comp="349" pin="2"/><net_sink comp="441" pin=0"/></net>

<net id="445"><net_src comp="441" pin="1"/><net_sink comp="358" pin=1"/></net>

</net_list>

</model> 
---------------- Datapath Model END ------------------

* FSMD analyzer results:
  - Output states:
	Port: gmem1 | {9 11 }
	Port: arg0_axis_out_V_data_V | {7 8 9 10 }
	Port: arg0_axis_out_V_keep_V | {7 8 9 10 }
	Port: arg0_axis_out_V_strb_V | {7 8 9 10 }
	Port: arg0_axis_out_V_last_V | {7 8 9 10 }
	Port: arg0_read_mem_strm | {7 8 }
	Port: arg0_read_reduced_mem_strm | {7 8 }
	Port: arg1_write_reduced_mem_strm | {9 11 }
	Port: arg1_write_mem_strm | {9 11 }
 - Input state : 
	Port: datamover_outerloop_0 : gmem0 | {7 8 }
	Port: datamover_outerloop_0 : range_start_0 | {4 }
	Port: datamover_outerloop_0 : range_end_0 | {3 }
	Port: datamover_outerloop_0 : range_start_1 | {1 }
	Port: datamover_outerloop_0 : range_end_1 | {1 }
	Port: datamover_outerloop_0 : outer_itr | {8 }
	Port: datamover_outerloop_0 : batch_size | {1 }
	Port: datamover_outerloop_0 : arg0 | {6 }
	Port: datamover_outerloop_0 : arg1 | {6 }
	Port: datamover_outerloop_0 : arg1_axis_in_V_data_V | {9 10 11 }
	Port: datamover_outerloop_0 : arg1_axis_in_V_keep_V | {9 10 11 }
	Port: datamover_outerloop_0 : arg1_axis_in_V_strb_V | {9 10 11 }
	Port: datamover_outerloop_0 : arg1_axis_in_V_last_V | {9 10 11 }
	Port: datamover_outerloop_0 : arg0_read_mem_strm | {7 8 }
	Port: datamover_outerloop_0 : arg0_read_reduced_mem_strm | {7 8 }
	Port: datamover_outerloop_0 : arg1_write_reduced_mem_strm | {9 11 }
	Port: datamover_outerloop_0 : arg1_write_mem_strm | {9 11 }
  - Chain level:
	State 1
		zext_ln632 : 1
		mul_ln632 : 2
		store_ln163 : 1
	State 2
	State 3
		add_ln587 : 1
		tmp : 2
	State 4
		zext_ln586 : 1
		num_xblocks : 2
	State 5
		zext_ln590 : 1
		config_total_xblocks : 2
	State 6
	State 7
	State 8
	State 9
		icmp_ln163 : 1
		i_2 : 1
		br_ln163 : 2
		store_ln163 : 2
	State 10
	State 11
	State 12


============================================================
+ Verbose Summary: Datapath Resource usage 
============================================================

* Functional unit list:
|----------|-----------------------------------------------------------|---------|---------|---------|---------|
| Operation|                      Functional Unit                      |   DSP   |  Delay  |    FF   |   LUT   |
|----------|-----------------------------------------------------------|---------|---------|---------|---------|
|          |   grp_datamover_outerloop_0_dataflow_region_read_fu_206   |    0    |  2.709  |   3685  |   2598  |
|   call   | grp_datamover_outerloop_0_loopback_dataflow_region_fu_227 |    0    |  0.387  |   704   |   127   |
|          |   grp_datamover_outerloop_0_dataflow_region_write_fu_248  |    0    |  2.709  |   4938  |   3936  |
|----------|-----------------------------------------------------------|---------|---------|---------|---------|
|    mul   |                         grp_fu_338                        |    2    |    0    |   165   |    49   |
|          |                         grp_fu_374                        |    1    |    0    |    0    |    0    |
|----------|-----------------------------------------------------------|---------|---------|---------|---------|
|          |                      add_ln587_fu_292                     |    0    |    0    |    0    |    23   |
|    add   |                    loopback_itr_fu_349                    |    0    |    0    |    0    |    39   |
|          |                         i_2_fu_363                        |    0    |    0    |    0    |    39   |
|----------|-----------------------------------------------------------|---------|---------|---------|---------|
|    sub   |                       diff_y_fu_269                       |    0    |    0    |    0    |    23   |
|          |                     num_xblocks_fu_325                    |    0    |    0    |    0    |    20   |
|----------|-----------------------------------------------------------|---------|---------|---------|---------|
|   icmp   |                     icmp_ln163_fu_358                     |    0    |    0    |    0    |    20   |
|----------|-----------------------------------------------------------|---------|---------|---------|---------|
|          |                batch_size_read_read_fu_158                |    0    |    0    |    0    |    0    |
|          |                range_end_1_read_read_fu_164               |    0    |    0    |    0    |    0    |
|          |               range_start_1_read_read_fu_170              |    0    |    0    |    0    |    0    |
|   read   |                range_end_0_read_read_fu_176               |    0    |    0    |    0    |    0    |
|          |               range_start_0_read_read_fu_182              |    0    |    0    |    0    |    0    |
|          |                   arg1_read_read_fu_188                   |    0    |    0    |    0    |    0    |
|          |                   arg0_read_read_fu_194                   |    0    |    0    |    0    |    0    |
|          |                 outer_itr_read_read_fu_200                |    0    |    0    |    0    |    0    |
|----------|-----------------------------------------------------------|---------|---------|---------|---------|
|          |                     zext_ln632_fu_275                     |    0    |    0    |    0    |    0    |
|          |                    zext_ln632_1_fu_279                    |    0    |    0    |    0    |    0    |
|   zext   |                     zext_ln587_fu_288                     |    0    |    0    |    0    |    0    |
|          |                     zext_ln586_fu_318                     |    0    |    0    |    0    |    0    |
|          |                    zext_ln587_1_fu_322                    |    0    |    0    |    0    |    0    |
|          |                     zext_ln590_fu_334                     |    0    |    0    |    0    |    0    |
|----------|-----------------------------------------------------------|---------|---------|---------|---------|
|partselect|                         tmp_fu_298                        |    0    |    0    |    0    |    0    |
|          |                      trunc_ln_fu_308                      |    0    |    0    |    0    |    0    |
|----------|-----------------------------------------------------------|---------|---------|---------|---------|
|   sext   |                     sext_ln590_fu_331                     |    0    |    0    |    0    |    0    |
|----------|-----------------------------------------------------------|---------|---------|---------|---------|
|    shl   |                      num_pkts_fu_343                      |    0    |    0    |    0    |    0    |
|----------|-----------------------------------------------------------|---------|---------|---------|---------|
|   Total  |                                                           |    3    |  5.805  |   9492  |   6874  |
|----------|-----------------------------------------------------------|---------|---------|---------|---------|

Memories:
N/A

* Register list:
+----------------------------+--------+
|                            |   FF   |
+----------------------------+--------+
|      arg0_read_reg_422     |   64   |
|      arg1_read_reg_417     |   64   |
|config_total_xblocks_reg_427|   32   |
|          i_reg_380         |   32   |
|    loopback_itr_reg_441    |   32   |
|      mul_ln632_reg_407     |   32   |
|      num_pkts_reg_434      |   32   |
|     num_xblocks_reg_402    |   14   |
|         tmp_reg_397        |   13   |
|     zext_ln590_reg_412     |   32   |
|    zext_ln632_1_reg_392    |   32   |
|     zext_ln632_reg_387     |   32   |
+----------------------------+--------+
|            Total           |   411  |
+----------------------------+--------+

* Multiplexer (MUX) list: 
|-------------------------------------------------------|------|------|------|--------||---------||---------|
|                          Comp                         |  Pin | Size |  BW  | S x BW ||  Delay  ||   LUT   |
|-------------------------------------------------------|------|------|------|--------||---------||---------|
| grp_datamover_outerloop_0_dataflow_region_read_fu_206 |  p1  |   2  |  32  |   64   ||    9    |
|                       grp_fu_338                      |  p1  |   2  |  16  |   32   ||    9    |
|                       grp_fu_374                      |  p0  |   2  |  16  |   32   ||    9    |
|                       grp_fu_374                      |  p1  |   2  |  16  |   32   ||    9    |
|-------------------------------------------------------|------|------|------|--------||---------||---------|
|                         Total                         |      |      |      |   160  ||  1.548  ||    36   |
|-------------------------------------------------------|------|------|------|--------||---------||---------|



* Summary:
+-----------+--------+--------+--------+--------+
|           |   DSP  |  Delay |   FF   |   LUT  |
+-----------+--------+--------+--------+--------+
|  Function |    3   |    5   |  9492  |  6874  |
|   Memory  |    -   |    -   |    -   |    -   |
|Multiplexer|    -   |    1   |    -   |   36   |
|  Register |    -   |    -   |   411  |    -   |
+-----------+--------+--------+--------+--------+
|   Total   |    3   |    7   |  9903  |  6910  |
+-----------+--------+--------+--------+--------+
