

================================================================
== Vitis HLS Report for 'mem2stream_512u_64u_2u_3'
================================================================
* Date:           Sun Jul 26 02:53:07 2026

* Version:        2022.1 (Build 3526262 on Mon Apr 18 15:47:01 MDT 2022)
* Project:        datamover_outerloop_0
* Solution:       solution (Vitis Kernel Flow Target)
* Product family: versal
* Target device:  xcvc1902-vsvd1760-2MP-e-S


================================================================
== Performance Estimates
================================================================
+ Timing: 
    * Summary: 
    +--------+---------+----------+------------+
    |  Clock |  Target | Estimated| Uncertainty|
    +--------+---------+----------+------------+
    |ap_clk  |  3.33 ns|  2.433 ns|     0.90 ns|
    +--------+---------+----------+------------+

+ Latency: 
    * Summary: 
    +---------+---------+----------+----------+-----+-----+---------+
    |  Latency (cycles) |  Latency (absolute) |  Interval | Pipeline|
    |   min   |   max   |    min   |    max   | min | max |   Type  |
    +---------+---------+----------+----------+-----+-----+---------+
    |        ?|        ?|         ?|         ?|    ?|    ?|       no|
    +---------+---------+----------+----------+-----+-----+---------+

    + Detail: 
        * Instance: 
        +---------------------------------------------------------------+----------------------------------------------------+---------+---------+----------+----------+-----+-----+---------+
        |                                                               |                                                    |  Latency (cycles) |  Latency (absolute) |  Interval | Pipeline|
        |                            Instance                           |                       Module                       |   min   |   max   |    min   |    max   | min | max |   Type  |
        +---------------------------------------------------------------+----------------------------------------------------+---------+---------+----------+----------+-----+-----+---------+
        |grp_mem2stream_512u_64u_2u_3_Pipeline_VITIS_LOOP_456_1_fu_116  |mem2stream_512u_64u_2u_3_Pipeline_VITIS_LOOP_456_1  |        ?|        ?|         ?|         ?|    ?|    ?|       no|
        |grp_mem2stream_512u_64u_2u_3_Pipeline_VITIS_LOOP_478_2_fu_126  |mem2stream_512u_64u_2u_3_Pipeline_VITIS_LOOP_478_2  |        ?|        ?|         ?|         ?|    ?|    ?|       no|
        +---------------------------------------------------------------+----------------------------------------------------+---------+---------+----------+----------+-----+-----+---------+

        * Loop: 
        N/A



================================================================
== Utilization Estimates
================================================================
* Summary: 
+-----------------+---------+------+---------+--------+-----+
|       Name      | BRAM_18K|  DSP |    FF   |   LUT  | URAM|
+-----------------+---------+------+---------+--------+-----+
|DSP              |        -|     -|        -|       -|    -|
|Expression       |        -|     -|        0|      89|    -|
|FIFO             |        -|     -|        -|       -|    -|
|Instance         |        -|     -|     1100|     264|    -|
|Memory           |        -|     -|        -|       -|    -|
|Multiplexer      |        -|     -|        -|     566|    -|
|Register         |        -|     -|      316|       -|    -|
+-----------------+---------+------+---------+--------+-----+
|Total            |        0|     0|     1416|     919|    0|
+-----------------+---------+------+---------+--------+-----+
|Available        |     1934|  1968|  1799680|  899840|  463|
+-----------------+---------+------+---------+--------+-----+
|Utilization (%)  |        0|     0|       ~0|      ~0|    0|
+-----------------+---------+------+---------+--------+-----+

+ Detail: 
    * Instance: 
    +---------------------------------------------------------------+----------------------------------------------------+---------+----+-----+-----+-----+
    |                            Instance                           |                       Module                       | BRAM_18K| DSP|  FF | LUT | URAM|
    +---------------------------------------------------------------+----------------------------------------------------+---------+----+-----+-----+-----+
    |grp_mem2stream_512u_64u_2u_3_Pipeline_VITIS_LOOP_456_1_fu_116  |mem2stream_512u_64u_2u_3_Pipeline_VITIS_LOOP_456_1  |        0|   0|  550|  132|    0|
    |grp_mem2stream_512u_64u_2u_3_Pipeline_VITIS_LOOP_478_2_fu_126  |mem2stream_512u_64u_2u_3_Pipeline_VITIS_LOOP_478_2  |        0|   0|  550|  132|    0|
    +---------------------------------------------------------------+----------------------------------------------------+---------+----+-----+-----+-----+
    |Total                                                          |                                                    |        0|   0| 1100|  264|    0|
    +---------------------------------------------------------------+----------------------------------------------------+---------+----+-----+-----+-----+

    * DSP: 
    N/A

    * Memory: 
    N/A

    * FIFO: 
    N/A

    * Expression: 
    +----------------------------------+----------+----+---+----+------------+------------+
    |           Variable Name          | Operation| DSP| FF| LUT| Bitwidth P0| Bitwidth P1|
    +----------------------------------+----------+----+---+----+------------+------------+
    |add_ln478_fu_207_p2               |         +|   0|  0|  64|          64|          64|
    |ap_block_state2_io                |       and|   0|  0|   2|           1|           1|
    |ap_block_state98_on_subcall_done  |       and|   0|  0|   2|           1|           1|
    |icmp_ln456_fu_160_p2              |      icmp|   0|  0|  16|          32|           1|
    |icmp_ln478_fu_190_p2              |      icmp|   0|  0|   3|           6|           1|
    |ap_block_state1                   |        or|   0|  0|   2|           1|           1|
    +----------------------------------+----------+----+---+----+------------+------------+
    |Total                             |          |   0|  0|  89|         105|          69|
    +----------------------------------+----------+----+---+----+------------+------------+

    * Multiplexer: 
    +-----------------------------------+-----+-----------+-----+-----------+
    |                Name               | LUT | Input Size| Bits| Total Bits|
    +-----------------------------------+-----+-----------+-----+-----------+
    |ap_NS_fsm                          |   86|         99|    1|         99|
    |ap_done                            |    2|          2|    1|          2|
    |ap_phi_mux_index_13_phi_fu_108_p4  |   20|          2|   26|         52|
    |arg3_read_mem_strm_din             |  121|          2|  512|       1024|
    |arg3_read_mem_strm_write           |    2|          3|    1|          3|
    |gmem3_blk_n_AR                     |    2|          2|    1|          2|
    |index_13_reg_104                   |   20|          2|   26|         52|
    |m_axi_gmem3_ARADDR                 |  186|          5|   64|        320|
    |m_axi_gmem3_ARBURST                |    2|          3|    2|          6|
    |m_axi_gmem3_ARCACHE                |    4|          3|    4|         12|
    |m_axi_gmem3_ARID                   |    2|          3|    1|          3|
    |m_axi_gmem3_ARLEN                  |   93|          5|   32|        160|
    |m_axi_gmem3_ARLOCK                 |    2|          3|    2|          6|
    |m_axi_gmem3_ARPROT                 |    3|          3|    3|          9|
    |m_axi_gmem3_ARQOS                  |    4|          3|    4|         12|
    |m_axi_gmem3_ARREGION               |    4|          3|    4|         12|
    |m_axi_gmem3_ARSIZE                 |    3|          3|    3|          9|
    |m_axi_gmem3_ARUSER                 |    2|          3|    1|          3|
    |m_axi_gmem3_ARVALID                |    2|          4|    1|          4|
    |m_axi_gmem3_RREADY                 |    2|          3|    1|          3|
    |p_read_c61_blk_n                   |    2|          2|    1|          2|
    |real_start                         |    2|          2|    1|          2|
    +-----------------------------------+-----+-----------+-----+-----------+
    |Total                              |  566|        160|  692|       1797|
    +-----------------------------------+-----+-----------+-----+-----------+

    * Register: 
    +----------------------------------------------------------------------------+----+----+-----+-----------+
    |                                    Name                                    | FF | LUT| Bits| Const Bits|
    +----------------------------------------------------------------------------+----+----+-----+-----------+
    |ap_CS_fsm                                                                   |  98|   0|   98|          0|
    |ap_done_reg                                                                 |   1|   0|    1|          0|
    |burst_beats_reg_257                                                         |  26|   0|   32|          6|
    |grp_mem2stream_512u_64u_2u_3_Pipeline_VITIS_LOOP_456_1_fu_116_ap_start_reg  |   1|   0|    1|          0|
    |grp_mem2stream_512u_64u_2u_3_Pipeline_VITIS_LOOP_478_2_fu_126_ap_start_reg  |   1|   0|    1|          0|
    |icmp_ln456_reg_264                                                          |   1|   0|    1|          0|
    |icmp_ln478_reg_288                                                          |   1|   0|    1|          0|
    |index_13_reg_104                                                            |  26|   0|   32|          6|
    |non_burst_beats_reg_250                                                     |   6|   0|    6|          0|
    |or_ln_reg_303                                                               |  32|   0|   32|          0|
    |start_once_reg                                                              |   1|   0|    1|          0|
    |trunc_ln5_reg_292                                                           |  58|   0|   58|          0|
    |trunc_ln_reg_278                                                            |  58|   0|   58|          0|
    |zext_ln440_reg_273                                                          |   6|   0|   32|         26|
    +----------------------------------------------------------------------------+----+----+-----+-----------+
    |Total                                                                       | 316|   0|  354|         38|
    +----------------------------------------------------------------------------+----+----+-----+-----------+



================================================================
== Interface
================================================================
* Summary: 
+-----------------------------------+-----+-----+------------+-----------------------------+--------------+
|             RTL Ports             | Dir | Bits|  Protocol  |        Source Object        |    C Type    |
+-----------------------------------+-----+-----+------------+-----------------------------+--------------+
|ap_clk                             |   in|    1|  ap_ctrl_hs|  mem2stream<512u, 64u, 2u>.3|  return value|
|ap_rst                             |   in|    1|  ap_ctrl_hs|  mem2stream<512u, 64u, 2u>.3|  return value|
|ap_start                           |   in|    1|  ap_ctrl_hs|  mem2stream<512u, 64u, 2u>.3|  return value|
|start_full_n                       |   in|    1|  ap_ctrl_hs|  mem2stream<512u, 64u, 2u>.3|  return value|
|ap_done                            |  out|    1|  ap_ctrl_hs|  mem2stream<512u, 64u, 2u>.3|  return value|
|ap_continue                        |   in|    1|  ap_ctrl_hs|  mem2stream<512u, 64u, 2u>.3|  return value|
|ap_idle                            |  out|    1|  ap_ctrl_hs|  mem2stream<512u, 64u, 2u>.3|  return value|
|ap_ready                           |  out|    1|  ap_ctrl_hs|  mem2stream<512u, 64u, 2u>.3|  return value|
|start_out                          |  out|    1|  ap_ctrl_hs|  mem2stream<512u, 64u, 2u>.3|  return value|
|start_write                        |  out|    1|  ap_ctrl_hs|  mem2stream<512u, 64u, 2u>.3|  return value|
|m_axi_gmem3_AWVALID                |  out|    1|       m_axi|                        gmem3|       pointer|
|m_axi_gmem3_AWREADY                |   in|    1|       m_axi|                        gmem3|       pointer|
|m_axi_gmem3_AWADDR                 |  out|   64|       m_axi|                        gmem3|       pointer|
|m_axi_gmem3_AWID                   |  out|    1|       m_axi|                        gmem3|       pointer|
|m_axi_gmem3_AWLEN                  |  out|   32|       m_axi|                        gmem3|       pointer|
|m_axi_gmem3_AWSIZE                 |  out|    3|       m_axi|                        gmem3|       pointer|
|m_axi_gmem3_AWBURST                |  out|    2|       m_axi|                        gmem3|       pointer|
|m_axi_gmem3_AWLOCK                 |  out|    2|       m_axi|                        gmem3|       pointer|
|m_axi_gmem3_AWCACHE                |  out|    4|       m_axi|                        gmem3|       pointer|
|m_axi_gmem3_AWPROT                 |  out|    3|       m_axi|                        gmem3|       pointer|
|m_axi_gmem3_AWQOS                  |  out|    4|       m_axi|                        gmem3|       pointer|
|m_axi_gmem3_AWREGION               |  out|    4|       m_axi|                        gmem3|       pointer|
|m_axi_gmem3_AWUSER                 |  out|    1|       m_axi|                        gmem3|       pointer|
|m_axi_gmem3_WVALID                 |  out|    1|       m_axi|                        gmem3|       pointer|
|m_axi_gmem3_WREADY                 |   in|    1|       m_axi|                        gmem3|       pointer|
|m_axi_gmem3_WDATA                  |  out|  512|       m_axi|                        gmem3|       pointer|
|m_axi_gmem3_WSTRB                  |  out|   64|       m_axi|                        gmem3|       pointer|
|m_axi_gmem3_WLAST                  |  out|    1|       m_axi|                        gmem3|       pointer|
|m_axi_gmem3_WID                    |  out|    1|       m_axi|                        gmem3|       pointer|
|m_axi_gmem3_WUSER                  |  out|    1|       m_axi|                        gmem3|       pointer|
|m_axi_gmem3_ARVALID                |  out|    1|       m_axi|                        gmem3|       pointer|
|m_axi_gmem3_ARREADY                |   in|    1|       m_axi|                        gmem3|       pointer|
|m_axi_gmem3_ARADDR                 |  out|   64|       m_axi|                        gmem3|       pointer|
|m_axi_gmem3_ARID                   |  out|    1|       m_axi|                        gmem3|       pointer|
|m_axi_gmem3_ARLEN                  |  out|   32|       m_axi|                        gmem3|       pointer|
|m_axi_gmem3_ARSIZE                 |  out|    3|       m_axi|                        gmem3|       pointer|
|m_axi_gmem3_ARBURST                |  out|    2|       m_axi|                        gmem3|       pointer|
|m_axi_gmem3_ARLOCK                 |  out|    2|       m_axi|                        gmem3|       pointer|
|m_axi_gmem3_ARCACHE                |  out|    4|       m_axi|                        gmem3|       pointer|
|m_axi_gmem3_ARPROT                 |  out|    3|       m_axi|                        gmem3|       pointer|
|m_axi_gmem3_ARQOS                  |  out|    4|       m_axi|                        gmem3|       pointer|
|m_axi_gmem3_ARREGION               |  out|    4|       m_axi|                        gmem3|       pointer|
|m_axi_gmem3_ARUSER                 |  out|    1|       m_axi|                        gmem3|       pointer|
|m_axi_gmem3_RVALID                 |   in|    1|       m_axi|                        gmem3|       pointer|
|m_axi_gmem3_RREADY                 |  out|    1|       m_axi|                        gmem3|       pointer|
|m_axi_gmem3_RDATA                  |   in|  512|       m_axi|                        gmem3|       pointer|
|m_axi_gmem3_RLAST                  |   in|    1|       m_axi|                        gmem3|       pointer|
|m_axi_gmem3_RID                    |   in|    1|       m_axi|                        gmem3|       pointer|
|m_axi_gmem3_RFIFONUM               |   in|    8|       m_axi|                        gmem3|       pointer|
|m_axi_gmem3_RUSER                  |   in|    1|       m_axi|                        gmem3|       pointer|
|m_axi_gmem3_RRESP                  |   in|    2|       m_axi|                        gmem3|       pointer|
|m_axi_gmem3_BVALID                 |   in|    1|       m_axi|                        gmem3|       pointer|
|m_axi_gmem3_BREADY                 |  out|    1|       m_axi|                        gmem3|       pointer|
|m_axi_gmem3_BRESP                  |   in|    2|       m_axi|                        gmem3|       pointer|
|m_axi_gmem3_BID                    |   in|    1|       m_axi|                        gmem3|       pointer|
|m_axi_gmem3_BUSER                  |   in|    1|       m_axi|                        gmem3|       pointer|
|mem_in                             |   in|   64|     ap_none|                       mem_in|        scalar|
|num_beats                          |   in|   32|     ap_none|                    num_beats|        scalar|
|p_read_c61_din                     |  out|   32|     ap_fifo|                   p_read_c61|       pointer|
|p_read_c61_num_data_valid          |   in|    2|     ap_fifo|                   p_read_c61|       pointer|
|p_read_c61_fifo_cap                |   in|    2|     ap_fifo|                   p_read_c61|       pointer|
|p_read_c61_full_n                  |   in|    1|     ap_fifo|                   p_read_c61|       pointer|
|p_read_c61_write                   |  out|    1|     ap_fifo|                   p_read_c61|       pointer|
|arg3_read_mem_strm_din             |  out|  512|     ap_fifo|           arg3_read_mem_strm|       pointer|
|arg3_read_mem_strm_num_data_valid  |   in|    2|     ap_fifo|           arg3_read_mem_strm|       pointer|
|arg3_read_mem_strm_fifo_cap        |   in|    2|     ap_fifo|           arg3_read_mem_strm|       pointer|
|arg3_read_mem_strm_full_n          |   in|    1|     ap_fifo|           arg3_read_mem_strm|       pointer|
|arg3_read_mem_strm_write           |  out|    1|     ap_fifo|           arg3_read_mem_strm|       pointer|
+-----------------------------------+-----+-----+------------+-----------------------------+--------------+

