Copyright 1986-2022 Xilinx, Inc. All Rights Reserved.
------------------------------------------------------------------------------------------
| Tool Version : Vivado v.2022.2 (lin64) Build 3671981 Fri Oct 14 04:59:54 MDT 2022
| Date         : Sat Jul 25 01:17:05 2026
| Host         : acclnode01 running 64-bit Ubuntu 20.04.6 LTS
| Command      : report_utilization -slr -file slr_util_placed.rpt -pb slr_util_placed.pb
| Design       : level0_wrapper
| Device       : xcu280-fsvh2892-2L-e
| Speed File   : -2L
| Design State : Fully Placed
------------------------------------------------------------------------------------------

Utilization Design Information

Table of Contents
-----------------
1. SLR Connectivity
2. SLR Connectivity Matrix
3. SLR CLB Logic and Dedicated Block Utilization
4. SLR IO Utilization

1. SLR Connectivity
-------------------

+----------------------------------+-------+-------+-----------+-------+
|                                  |  Used | Fixed | Available | Util% |
+----------------------------------+-------+-------+-----------+-------+
| SLR2 <-> SLR1                    |  5689 |       |     23040 | 24.69 |
|   SLR1 -> SLR2                   |  2873 |       |           | 12.47 |
|     Using TX_REG only            |     0 |     0 |           |       |
|     Using RX_REG only            |     0 |     0 |           |       |
|     Using Both TX_REG and RX_REG |     0 |     0 |           |       |
|   SLR2 -> SLR1                   |  2816 |       |           | 12.22 |
|     Using TX_REG only            |     0 |     0 |           |       |
|     Using RX_REG only            |     0 |     0 |           |       |
|     Using Both TX_REG and RX_REG |     0 |     0 |           |       |
| SLR1 <-> SLR0                    |  8957 |       |     23040 | 38.88 |
|   SLR0 -> SLR1                   |  4121 |       |           | 17.89 |
|     Using TX_REG only            |     0 |     0 |           |       |
|     Using RX_REG only            |     0 |     0 |           |       |
|     Using Both TX_REG and RX_REG |     0 |     0 |           |       |
|   SLR1 -> SLR0                   |  4836 |       |           | 20.99 |
|     Using TX_REG only            |     0 |     0 |           |       |
|     Using RX_REG only            |     0 |     0 |           |       |
|     Using Both TX_REG and RX_REG |     0 |     0 |           |       |
+----------------------------------+-------+-------+-----------+-------+
| Total SLLs Used                  | 14646 |       |           |       |
+----------------------------------+-------+-------+-----------+-------+


2. SLR Connectivity Matrix
--------------------------

+-----------+------+------+------+
| FROM \ TO | SLR2 | SLR1 | SLR0 |
+-----------+------+------+------+
| SLR2      |    0 | 2660 |  156 |
| SLR1      | 2762 |    0 | 4680 |
| SLR0      |  111 | 4010 |    0 |
+-----------+------+------+------+


3. SLR CLB Logic and Dedicated Block Utilization
------------------------------------------------

+----------------------------+--------+--------+--------+--------+--------+--------+
|          Site Type         |  SLR0  |  SLR1  |  SLR2  | SLR0 % | SLR1 % | SLR2 % |
+----------------------------+--------+--------+--------+--------+--------+--------+
| CLB                        |  53416 |  52645 |  50662 |  97.19 |  97.49 |  93.82 |
|   CLBL                     |  28179 |  27977 |  27079 |  96.24 |  95.55 |  92.48 |
|   CLBM                     |  25237 |  24668 |  23583 |  98.27 |  99.79 |  95.40 |
| CLB LUTs                   | 256095 | 291657 | 246204 |  58.25 |  67.51 |  56.99 |
|   LUT as Logic             | 233108 | 266612 | 225070 |  53.02 |  61.72 |  52.10 |
|     using O5 output only   |   1703 |   1258 |    983 |   0.39 |   0.29 |   0.23 |
|     using O6 output only   | 135807 | 166984 | 130357 |  30.89 |  38.65 |  30.18 |
|     using O5 and O6        |  95598 |  98370 |  93730 |  21.74 |  22.77 |  21.70 |
|   LUT as Memory            |  22987 |  25045 |  21134 |  11.19 |  12.66 |  10.69 |
|     LUT as Distributed RAM |   5622 |   7850 |   4964 |   2.74 |   3.97 |   2.51 |
|       using O5 output only |      0 |      0 |      0 |   0.00 |   0.00 |   0.00 |
|       using O6 output only |    244 |    386 |      4 |   0.12 |   0.20 |  <0.01 |
|       using O5 and O6      |   5378 |   7464 |   4960 |   2.62 |   3.77 |   2.51 |
|     LUT as Shift Register  |  17365 |  17195 |  16170 |   8.45 |   8.69 |   8.18 |
|       using O5 output only |      0 |      1 |      0 |   0.00 |  <0.01 |   0.00 |
|       using O6 output only |   2333 |   2744 |   1816 |   1.14 |   1.39 |   0.92 |
|       using O5 and O6      |  15032 |  14450 |  14354 |   7.32 |   7.31 |   7.26 |
| CLB Registers              | 454651 | 475649 | 427380 |  51.70 |  55.05 |  49.47 |
| CARRY8                     |  11197 |  11541 |  10928 |  20.37 |  21.37 |  20.24 |
| F7 Muxes                   |   1253 |   1909 |    467 |   0.57 |   0.88 |   0.22 |
| F8 Muxes                   |    147 |    335 |     15 |   0.13 |   0.31 |   0.01 |
| F9 Muxes                   |      0 |      0 |      0 |   0.00 |   0.00 |   0.00 |
| Block RAM Tile             |  173.5 |  397.5 |    222 |  25.82 |  59.15 |  33.04 |
|   RAMB36/FIFO              |    172 |    396 |    222 |  25.60 |  58.93 |  33.04 |
|   RAMB18                   |      3 |      3 |      0 |   0.22 |   0.22 |   0.00 |
| URAM                       |    108 |    108 |    108 |  33.75 |  33.75 |  33.75 |
| DSPs                       |   1784 |   1787 |   1788 |  61.94 |  58.17 |  58.20 |
| Unique Control Sets        |   7684 |   9174 |   6667 |   6.99 |   8.49 |   6.17 |
+----------------------------+--------+--------+--------+--------+--------+--------+
* Note: Available Control Sets based on CLB Registers / 8


4. SLR IO Utilization
---------------------

+-----------+-----------+---------+------------+----------+------------+----------+-----+
| SLR Index | Used IOBs | (%)IOBs | Used IPADs | (%)IPADs | Used OPADs | (%)OPADs | GTs |
+-----------+-----------+---------+------------+----------+------------+----------+-----+
| SLR2      |        15 |    7.21 |          0 |     0.00 |          0 |     0.00 |   0 |
| SLR1      |         0 |    0.00 |          0 |     0.00 |          0 |     0.00 |   0 |
| SLR0      |         1 |    0.48 |          0 |     0.00 |          0 |     0.00 |  16 |
+-----------+-----------+---------+------------+----------+------------+----------+-----+
| Total     |        16 |         |          0 |          |          0 |          |  16 |
+-----------+-----------+---------+------------+----------+------------+----------+-----+


