

================================================================
== Vitis HLS Report for 'stencilRun'
================================================================
* Date:           Sun Jul 26 03:00:14 2026

* Version:        2022.1 (Build 3526262 on Mon Apr 18 15:47:01 MDT 2022)
* Project:        kernel_outerloop_0
* Solution:       solution (Vitis Kernel Flow Target)
* Product family: versal
* Target device:  xcvc1902-vsvd1760-2MP-e-S


================================================================
== Performance Estimates
================================================================
+ Timing: 
    * Summary: 
    +--------+---------+----------+------------+
    |  Clock |  Target | Estimated| Uncertainty|
    +--------+---------+----------+------------+
    |ap_clk  |  3.33 ns|  2.307 ns|     0.90 ns|
    +--------+---------+----------+------------+

+ Latency: 
    * Summary: 
    +---------+---------+----------+----------+-----+-----+---------+
    |  Latency (cycles) |  Latency (absolute) |  Interval | Pipeline|
    |   min   |   max   |    min   |    max   | min | max |   Type  |
    +---------+---------+----------+----------+-----+-----+---------+
    |        ?|        ?|         ?|         ?|    ?|    ?|       no|
    +---------+---------+----------+----------+-----+-----+---------+

    + Detail: 
        * Instance: 
        +-------------------------------------------------+--------------------------------------+---------+---------+----------+----------+-----+-----+---------+
        |                                                 |                                      |  Latency (cycles) |  Latency (absolute) |  Interval | Pipeline|
        |                     Instance                    |                Module                |   min   |   max   |    min   |    max   | min | max |   Type  |
        +-------------------------------------------------+--------------------------------------+---------+---------+----------+----------+-----+-----+---------+
        |grp_stencilRun_Pipeline_VITIS_LOOP_171_2_fu_122  |stencilRun_Pipeline_VITIS_LOOP_171_2  |        ?|        ?|         ?|         ?|    ?|    ?|       no|
        +-------------------------------------------------+--------------------------------------+---------+---------+----------+----------+-----+-----+---------+

        * Loop: 
        +-------------------+---------+---------+----------+-----------+-----------+------+----------+
        |                   |  Latency (cycles) | Iteration|  Initiation Interval  | Trip |          |
        |     Loop Name     |   min   |   max   |  Latency |  achieved |   target  | Count| Pipelined|
        +-------------------+---------+---------+----------+-----------+-----------+------+----------+
        |- VITIS_LOOP_94_1  |        ?|        ?|         ?|          -|          -|     ?|        no|
        +-------------------+---------+---------+----------+-----------+-----------+------+----------+



================================================================
== Utilization Estimates
================================================================
* Summary: 
+-----------------+---------+------+---------+--------+-----+
|       Name      | BRAM_18K|  DSP |    FF   |   LUT  | URAM|
+-----------------+---------+------+---------+--------+-----+
|DSP              |        -|     2|        -|       -|    -|
|Expression       |        -|     -|        0|      73|    -|
|FIFO             |        -|     -|        -|       -|    -|
|Instance         |        -|    32|     6570|    4374|    -|
|Memory           |        8|     -|        0|       0|    4|
|Multiplexer      |        -|     -|        -|      25|    -|
|Register         |        -|     -|      136|       -|    -|
+-----------------+---------+------+---------+--------+-----+
|Total            |        8|    34|     6706|    4472|    4|
+-----------------+---------+------+---------+--------+-----+
|Available        |     1934|  1968|  1799680|  899840|  463|
+-----------------+---------+------+---------+--------+-----+
|Utilization (%)  |       ~0|     1|       ~0|      ~0|   ~0|
+-----------------+---------+------+---------+--------+-----+

+ Detail: 
    * Instance: 
    +-------------------------------------------------+--------------------------------------+---------+----+------+------+-----+
    |                     Instance                    |                Module                | BRAM_18K| DSP|  FF  |  LUT | URAM|
    +-------------------------------------------------+--------------------------------------+---------+----+------+------+-----+
    |grp_stencilRun_Pipeline_VITIS_LOOP_171_2_fu_122  |stencilRun_Pipeline_VITIS_LOOP_171_2  |        0|  32|  6570|  4374|    0|
    +-------------------------------------------------+--------------------------------------+---------+----+------+------+-----+
    |Total                                            |                                      |        0|  32|  6570|  4374|    0|
    +-------------------------------------------------+--------------------------------------+---------+----+------+------+-----+

    * DSP: 
    +------------------------------+--------------------------+-----------+
    |           Instance           |          Module          | Expression|
    +------------------------------+--------------------------+-----------+
    |mul_mul_16ns_16ns_32_4_1_U78  |mul_mul_16ns_16ns_32_4_1  |    i0 * i1|
    |mul_mul_16ns_16ns_32_4_1_U79  |mul_mul_16ns_16ns_32_4_1  |    i0 * i1|
    +------------------------------+--------------------------+-----------+

    * Memory: 
    +----------------------+-------------------------------------------------+---------+---+----+-----+------+-----+------+-------------+
    |        Memory        |                      Module                     | BRAM_18K| FF| LUT| URAM| Words| Bits| Banks| W*Bits*Banks|
    +----------------------+-------------------------------------------------+---------+---+----+-----+------+-----+------+-------------+
    |arg0_buf_r0_1_p0_V_U  |stencilRun_arg0_buf_r0_1_p0_V_RAM_S2P_URAM_2R1W  |        0|  0|   0|    4|    38|  256|     1|         9728|
    |arg0_buf_r1_2_p0_V_U  |stencilRun_arg0_buf_r1_2_p0_V_RAM_S2P_BRAM_2R1W  |        8|  0|   0|    0|    38|  256|     1|         9728|
    +----------------------+-------------------------------------------------+---------+---+----+-----+------+-----+------+-------------+
    |Total                 |                                                 |        8|  0|   0|    4|    76|  512|     2|        19456|
    +----------------------+-------------------------------------------------+---------+---+----+-----+------+-----+------+-------------+

    * FIFO: 
    N/A

    * Expression: 
    +----------------------+----------+----+---+----+------------+------------+
    |     Variable Name    | Operation| DSP| FF| LUT| Bitwidth P0| Bitwidth P1|
    +----------------------+----------+----+---+----+------------+------------+
    |bat_2_fu_180_p2       |         +|   0|  0|  16|          16|           1|
    |cond_x_val_fu_161_p2  |         +|   0|  0|  16|          16|           2|
    |cond_y_val_fu_166_p2  |         +|   0|  0|  16|          16|           2|
    |sub86_fu_171_p2       |         +|   0|  0|  17|          17|           2|
    |icmp_ln94_fu_186_p2   |      icmp|   0|  0|   8|          16|          16|
    +----------------------+----------+----+---+----+------------+------------+
    |Total                 |          |   0|  0|  73|          81|          23|
    +----------------------+----------+----+---+----+------------+------------+

    * Multiplexer: 
    +-----------------------------+----+-----------+-----+-----------+
    |             Name            | LUT| Input Size| Bits| Total Bits|
    +-----------------------------+----+-----------+-----+-----------+
    |ap_NS_fsm                    |   6|          7|    1|          7|
    |arg0_arg1_streams_5454_read  |   2|          2|    1|          2|
    |arg0_arg1_streams_55_write   |   2|          2|    1|          2|
    |bat_fu_62                    |  15|          2|   16|         32|
    +-----------------------------+----+-----------+-----+-----------+
    |Total                        |  25|         13|   19|         43|
    +-----------------------------+----+-----------+-----+-----------+

    * Register: 
    +--------------------------------------------------------------+----+----+-----+-----------+
    |                             Name                             | FF | LUT| Bits| Const Bits|
    +--------------------------------------------------------------+----+----+-----+-----------+
    |S2D_00_P10_M10_0P1_0M1_read_ub_itr_reg_272                    |  32|   0|   32|          0|
    |ap_CS_fsm                                                     |   6|   0|    6|          0|
    |bat_fu_62                                                     |  16|   0|   16|          0|
    |cond_x_val_reg_277                                            |  16|   0|   16|          0|
    |cond_y_val_reg_282                                            |  16|   0|   16|          0|
    |grp_stencilRun_Pipeline_VITIS_LOOP_171_2_fu_122_ap_start_reg  |   1|   0|    1|          0|
    |iter_limit_reg_267                                            |  32|   0|   32|          0|
    |sub86_reg_287                                                 |  17|   0|   17|          0|
    +--------------------------------------------------------------+----+----+-----+-----------+
    |Total                                                         | 136|   0|  136|          0|
    +--------------------------------------------------------------+----+----+-----+-----------+



================================================================
== Interface
================================================================
* Summary: 
+---------------------------------------+-----+-----+------------+------------------------+--------------+
|               RTL Ports               | Dir | Bits|  Protocol  |      Source Object     |    C Type    |
+---------------------------------------+-----+-----+------------+------------------------+--------------+
|ap_clk                                 |   in|    1|  ap_ctrl_hs|              stencilRun|  return value|
|ap_rst                                 |   in|    1|  ap_ctrl_hs|              stencilRun|  return value|
|ap_start                               |   in|    1|  ap_ctrl_hs|              stencilRun|  return value|
|ap_done                                |  out|    1|  ap_ctrl_hs|              stencilRun|  return value|
|ap_idle                                |  out|    1|  ap_ctrl_hs|              stencilRun|  return value|
|ap_ready                               |  out|    1|  ap_ctrl_hs|              stencilRun|  return value|
|p_read                                 |   in|   16|     ap_none|                  p_read|        scalar|
|p_read1                                |   in|   16|     ap_none|                 p_read1|        scalar|
|p_read2                                |   in|   16|     ap_none|                 p_read2|        scalar|
|p_read3                                |   in|   16|     ap_none|                 p_read3|        scalar|
|p_read4                                |   in|   16|     ap_none|                 p_read4|        scalar|
|p_read5                                |   in|   16|     ap_none|                 p_read5|        scalar|
|p_read6                                |   in|   16|     ap_none|                 p_read6|        scalar|
|p_read7                                |   in|   16|     ap_none|                 p_read7|        scalar|
|arg0_arg1_streams_5454_dout            |   in|  256|     ap_fifo|  arg0_arg1_streams_5454|       pointer|
|arg0_arg1_streams_5454_num_data_valid  |   in|    5|     ap_fifo|  arg0_arg1_streams_5454|       pointer|
|arg0_arg1_streams_5454_fifo_cap        |   in|    5|     ap_fifo|  arg0_arg1_streams_5454|       pointer|
|arg0_arg1_streams_5454_empty_n         |   in|    1|     ap_fifo|  arg0_arg1_streams_5454|       pointer|
|arg0_arg1_streams_5454_read            |  out|    1|     ap_fifo|  arg0_arg1_streams_5454|       pointer|
|arg0_arg1_streams_55_din               |  out|  256|     ap_fifo|    arg0_arg1_streams_55|       pointer|
|arg0_arg1_streams_55_num_data_valid    |   in|    5|     ap_fifo|    arg0_arg1_streams_55|       pointer|
|arg0_arg1_streams_55_fifo_cap          |   in|    5|     ap_fifo|    arg0_arg1_streams_55|       pointer|
|arg0_arg1_streams_55_full_n            |   in|    1|     ap_fifo|    arg0_arg1_streams_55|       pointer|
|arg0_arg1_streams_55_write             |  out|    1|     ap_fifo|    arg0_arg1_streams_55|       pointer|
+---------------------------------------+-----+-----+------------+------------------------+--------------+

============================================================
+ Verbose Summary: Synthesis Manager
============================================================
InlineROM: 1
ExposeGlobal: 0
============================================================
+ Verbose Summary: CDFG Model
============================================================
IsTopModel: 0
ResetActiveHigh: 1
IsCombinational: 2
IsDatapathOnly: 2
HasWiredReturn: 1
HasMFsm: 0
HasVarLatency: 1
IsPipeline: 0
IsRtlPipelined: 0
IsInstanceOverlapped: 0
IsDontTouch: 0
HasImplIP: 0
IsGatedGlobalClock: 0


============================================================
+ Verbose Summary: Schedule
============================================================
* Number of FSM states : 6
* Pipeline : 0
* Dataflow Pipeline: 0

* FSM state transitions: 
1 --> 2 
2 --> 3 
3 --> 4 
4 --> 5 
5 --> 6 
6 --> 5 

* FSM state operations: 

State 1 <SV = 0> <Delay = 1.04>
ST_1 : Operation 7 [1/1] (0.00ns)   --->   "%bat = alloca i32 1"   --->   Operation 7 'alloca' 'bat' <Predicate = true> <Delay = 0.00>
ST_1 : Operation 8 [1/1] (0.00ns)   --->   "%p_read_2 = read i16 @_ssdm_op_Read.ap_auto.i16, i16 %p_read6"   --->   Operation 8 'read' 'p_read_2' <Predicate = true> <Delay = 0.00>
ST_1 : Operation 9 [1/1] (0.00ns)   --->   "%p_read_7 = read i16 @_ssdm_op_Read.ap_auto.i16, i16 %p_read1"   --->   Operation 9 'read' 'p_read_7' <Predicate = true> <Delay = 0.00>
ST_1 : Operation 10 [1/1] (0.00ns)   --->   "%p_read25 = read i16 @_ssdm_op_Read.ap_auto.i16, i16 %p_read"   --->   Operation 10 'read' 'p_read25' <Predicate = true> <Delay = 0.00>
ST_1 : Operation 11 [1/1] (1.04ns)   --->   "%arg0_buf_r0_1_p0_V = alloca i64 1" [/home/x_thileeb/repos/ops-hls-batching-new/codegen_apps/batching/poisson2d/vck5000_datacopy_project/hls/device/include/PE_poisson_kernel_stencil.hpp:141]   --->   Operation 11 'alloca' 'arg0_buf_r0_1_p0_V' <Predicate = true> <Delay = 1.04> <CoreInst = "RAM_S2P_URAM">   --->   Core 102 'RAM_S2P_URAM' <Latency = 2> <II = 1> <Delay = 1.43> <Storage> <Opcode : 'load' 'store'> <Ports = 2> <Width = 256> <Depth = 38> <RAM>
ST_1 : Operation 12 [1/1] (0.77ns)   --->   "%arg0_buf_r1_2_p0_V = alloca i64 1" [/home/x_thileeb/repos/ops-hls-batching-new/codegen_apps/batching/poisson2d/vck5000_datacopy_project/hls/device/include/PE_poisson_kernel_stencil.hpp:145]   --->   Operation 12 'alloca' 'arg0_buf_r1_2_p0_V' <Predicate = true> <Delay = 0.77> <CoreInst = "RAM_S2P_BRAM">   --->   Core 101 'RAM_S2P_BRAM' <Latency = 2> <II = 1> <Delay = 1.25> <Storage> <Opcode : 'load' 'store'> <Ports = 2> <Width = 256> <Depth = 38> <RAM>
ST_1 : Operation 13 [1/1] (0.00ns)   --->   "%conv7 = zext i16 %p_read_2"   --->   Operation 13 'zext' 'conv7' <Predicate = true> <Delay = 0.00>
ST_1 : Operation 14 [1/1] (0.00ns)   --->   "%conv10 = zext i16 %p_read25"   --->   Operation 14 'zext' 'conv10' <Predicate = true> <Delay = 0.00>
ST_1 : Operation 15 [4/4] (0.53ns) (root node of the DSP)   --->   "%iter_limit = mul i32 %conv10, i32 %conv7"   --->   Operation 15 'mul' 'iter_limit' <Predicate = true> <Delay = 0.53> <CoreInst = "DSP48">   --->   Core 132 'DSP48' <Latency = 3> <II = 1> <Delay = 0.53> <IPBlock> <Opcode : 'mul' 'add' 'sub' 'select'> <InPorts = 0> <OutPorts = 1> <Sync> <CReg>
ST_1 : Operation 16 [1/1] (0.00ns)   --->   "%conv14 = zext i16 %p_read_7"   --->   Operation 16 'zext' 'conv14' <Predicate = true> <Delay = 0.00>
ST_1 : Operation 17 [4/4] (0.53ns) (root node of the DSP)   --->   "%S2D_00_P10_M10_0P1_0M1_read_ub_itr = mul i32 %conv14, i32 %conv10"   --->   Operation 17 'mul' 'S2D_00_P10_M10_0P1_0M1_read_ub_itr' <Predicate = true> <Delay = 0.53> <CoreInst = "DSP48">   --->   Core 132 'DSP48' <Latency = 3> <II = 1> <Delay = 0.53> <IPBlock> <Opcode : 'mul' 'add' 'sub' 'select'> <InPorts = 0> <OutPorts = 1> <Sync> <CReg>
ST_1 : Operation 18 [1/1] (0.39ns)   --->   "%store_ln94 = store i16 0, i16 %bat" [/home/x_thileeb/repos/ops-hls-batching-new/codegen_apps/batching/poisson2d/vck5000_datacopy_project/hls/device/include/PE_poisson_kernel_stencil.hpp:94]   --->   Operation 18 'store' 'store_ln94' <Predicate = true> <Delay = 0.39>

State 2 <SV = 1> <Delay = 0.53>
ST_2 : Operation 19 [3/4] (0.53ns) (root node of the DSP)   --->   "%iter_limit = mul i32 %conv10, i32 %conv7"   --->   Operation 19 'mul' 'iter_limit' <Predicate = true> <Delay = 0.53> <CoreInst = "DSP48">   --->   Core 132 'DSP48' <Latency = 3> <II = 1> <Delay = 0.53> <IPBlock> <Opcode : 'mul' 'add' 'sub' 'select'> <InPorts = 0> <OutPorts = 1> <Sync> <CReg>
ST_2 : Operation 20 [3/4] (0.53ns) (root node of the DSP)   --->   "%S2D_00_P10_M10_0P1_0M1_read_ub_itr = mul i32 %conv14, i32 %conv10"   --->   Operation 20 'mul' 'S2D_00_P10_M10_0P1_0M1_read_ub_itr' <Predicate = true> <Delay = 0.53> <CoreInst = "DSP48">   --->   Core 132 'DSP48' <Latency = 3> <II = 1> <Delay = 0.53> <IPBlock> <Opcode : 'mul' 'add' 'sub' 'select'> <InPorts = 0> <OutPorts = 1> <Sync> <CReg>

State 3 <SV = 2> <Delay = 0.53>
ST_3 : Operation 21 [2/4] (0.53ns) (root node of the DSP)   --->   "%iter_limit = mul i32 %conv10, i32 %conv7"   --->   Operation 21 'mul' 'iter_limit' <Predicate = true> <Delay = 0.53> <CoreInst = "DSP48">   --->   Core 132 'DSP48' <Latency = 3> <II = 1> <Delay = 0.53> <IPBlock> <Opcode : 'mul' 'add' 'sub' 'select'> <InPorts = 0> <OutPorts = 1> <Sync> <CReg>
ST_3 : Operation 22 [2/4] (0.53ns) (root node of the DSP)   --->   "%S2D_00_P10_M10_0P1_0M1_read_ub_itr = mul i32 %conv14, i32 %conv10"   --->   Operation 22 'mul' 'S2D_00_P10_M10_0P1_0M1_read_ub_itr' <Predicate = true> <Delay = 0.53> <CoreInst = "DSP48">   --->   Core 132 'DSP48' <Latency = 3> <II = 1> <Delay = 0.53> <IPBlock> <Opcode : 'mul' 'add' 'sub' 'select'> <InPorts = 0> <OutPorts = 1> <Sync> <CReg>

State 4 <SV = 3> <Delay = 0.82>
ST_4 : Operation 23 [1/1] (0.00ns)   --->   "%specinterface_ln0 = specinterface void @_ssdm_op_SpecInterface, i256 %arg0_arg1_streams_5454, void @empty_0, i32 0, i32 0, void @empty_19, i32 0, i32 0, void @empty_19, void @empty_19, void @empty_19, i32 0, i32 0, i32 0, i32 0, void @empty_19, void @empty_19, i32 4294967295, i32 0"   --->   Operation 23 'specinterface' 'specinterface_ln0' <Predicate = true> <Delay = 0.00>
ST_4 : Operation 24 [1/1] (0.00ns)   --->   "%specinterface_ln0 = specinterface void @_ssdm_op_SpecInterface, i256 %arg0_arg1_streams_55, void @empty_0, i32 0, i32 0, void @empty_19, i32 0, i32 0, void @empty_19, void @empty_19, void @empty_19, i32 0, i32 0, i32 0, i32 0, void @empty_19, void @empty_19, i32 4294967295, i32 0"   --->   Operation 24 'specinterface' 'specinterface_ln0' <Predicate = true> <Delay = 0.00>
ST_4 : Operation 25 [1/1] (0.00ns)   --->   "%p_read_1 = read i16 @_ssdm_op_Read.ap_auto.i16, i16 %p_read7"   --->   Operation 25 'read' 'p_read_1' <Predicate = true> <Delay = 0.00>
ST_4 : Operation 26 [1/1] (0.00ns)   --->   "%p_read_3 = read i16 @_ssdm_op_Read.ap_auto.i16, i16 %p_read5"   --->   Operation 26 'read' 'p_read_3' <Predicate = true> <Delay = 0.00>
ST_4 : Operation 27 [1/1] (0.00ns)   --->   "%p_read_4 = read i16 @_ssdm_op_Read.ap_auto.i16, i16 %p_read4"   --->   Operation 27 'read' 'p_read_4' <Predicate = true> <Delay = 0.00>
ST_4 : Operation 28 [1/1] (0.00ns)   --->   "%p_read_5 = read i16 @_ssdm_op_Read.ap_auto.i16, i16 %p_read3"   --->   Operation 28 'read' 'p_read_5' <Predicate = true> <Delay = 0.00>
ST_4 : Operation 29 [1/1] (0.00ns)   --->   "%p_read_6 = read i16 @_ssdm_op_Read.ap_auto.i16, i16 %p_read2"   --->   Operation 29 'read' 'p_read_6' <Predicate = true> <Delay = 0.00>
ST_4 : Operation 30 [1/1] (0.00ns)   --->   "%p_read_cast = zext i16 %p_read25"   --->   Operation 30 'zext' 'p_read_cast' <Predicate = true> <Delay = 0.00>
ST_4 : Operation 31 [1/4] (0.00ns) (root node of the DSP)   --->   "%iter_limit = mul i32 %conv10, i32 %conv7"   --->   Operation 31 'mul' 'iter_limit' <Predicate = true> <Delay = 0.00> <CoreInst = "DSP48">   --->   Core 132 'DSP48' <Latency = 3> <II = 1> <Delay = 0.53> <IPBlock> <Opcode : 'mul' 'add' 'sub' 'select'> <InPorts = 0> <OutPorts = 1> <Sync> <CReg>
ST_4 : Operation 32 [1/4] (0.00ns) (root node of the DSP)   --->   "%S2D_00_P10_M10_0P1_0M1_read_ub_itr = mul i32 %conv14, i32 %conv10"   --->   Operation 32 'mul' 'S2D_00_P10_M10_0P1_0M1_read_ub_itr' <Predicate = true> <Delay = 0.00> <CoreInst = "DSP48">   --->   Core 132 'DSP48' <Latency = 3> <II = 1> <Delay = 0.53> <IPBlock> <Opcode : 'mul' 'add' 'sub' 'select'> <InPorts = 0> <OutPorts = 1> <Sync> <CReg>
ST_4 : Operation 33 [1/1] (0.82ns)   --->   "%cond_x_val = add i16 %p_read25, i16 65535"   --->   Operation 33 'add' 'cond_x_val' <Predicate = true> <Delay = 0.82> <CoreInst = "Adder">   --->   Core 1 'Adder' <Latency = 0> <II = 1> <Delay = 0.82> <FuncUnit> <Opcode : 'add' 'sub'> <InPorts = 2> <OutPorts = 1>
ST_4 : Operation 34 [1/1] (0.82ns)   --->   "%cond_y_val = add i16 %p_read_2, i16 65535"   --->   Operation 34 'add' 'cond_y_val' <Predicate = true> <Delay = 0.82> <CoreInst = "Adder">   --->   Core 1 'Adder' <Latency = 0> <II = 1> <Delay = 0.82> <FuncUnit> <Opcode : 'add' 'sub'> <InPorts = 2> <OutPorts = 1>
ST_4 : Operation 35 [1/1] (0.82ns)   --->   "%sub86 = add i17 %p_read_cast, i17 131071"   --->   Operation 35 'add' 'sub86' <Predicate = true> <Delay = 0.82> <CoreInst = "Adder">   --->   Core 1 'Adder' <Latency = 0> <II = 1> <Delay = 0.82> <FuncUnit> <Opcode : 'add' 'sub'> <InPorts = 2> <OutPorts = 1>
ST_4 : Operation 36 [1/1] (0.00ns)   --->   "%br_ln94 = br void %while.body" [/home/x_thileeb/repos/ops-hls-batching-new/codegen_apps/batching/poisson2d/vck5000_datacopy_project/hls/device/include/PE_poisson_kernel_stencil.hpp:94]   --->   Operation 36 'br' 'br_ln94' <Predicate = true> <Delay = 0.00>

State 5 <SV = 4> <Delay = 1.79>
ST_5 : Operation 37 [1/1] (0.00ns)   --->   "%bat_1 = load i16 %bat" [/home/x_thileeb/repos/ops-hls-batching-new/codegen_apps/batching/poisson2d/vck5000_datacopy_project/hls/device/include/PE_poisson_kernel_stencil.hpp:169]   --->   Operation 37 'load' 'bat_1' <Predicate = true> <Delay = 0.00>
ST_5 : Operation 38 [1/1] (0.82ns)   --->   "%bat_2 = add i16 %bat_1, i16 1" [/home/x_thileeb/repos/ops-hls-batching-new/codegen_apps/batching/poisson2d/vck5000_datacopy_project/hls/device/include/PE_poisson_kernel_stencil.hpp:169]   --->   Operation 38 'add' 'bat_2' <Predicate = true> <Delay = 0.82> <CoreInst = "Adder">   --->   Core 1 'Adder' <Latency = 0> <II = 1> <Delay = 0.82> <FuncUnit> <Opcode : 'add' 'sub'> <InPorts = 2> <OutPorts = 1>
ST_5 : Operation 39 [1/1] (0.62ns)   --->   "%icmp_ln94 = icmp_eq  i16 %bat_1, i16 %p_read_1" [/home/x_thileeb/repos/ops-hls-batching-new/codegen_apps/batching/poisson2d/vck5000_datacopy_project/hls/device/include/PE_poisson_kernel_stencil.hpp:94]   --->   Operation 39 'icmp' 'icmp_ln94' <Predicate = true> <Delay = 0.62> <CoreInst = "Cmp">   --->   Core 9 'Cmp' <Latency = 0> <II = 1> <Delay = 0.62> <FuncUnit> <Opcode : 'icmp'> <InPorts = 2> <OutPorts = 1>
ST_5 : Operation 40 [1/1] (0.00ns)   --->   "%br_ln94 = br i1 %icmp_ln94, void %while.body.split, void %while.end.loopexit" [/home/x_thileeb/repos/ops-hls-batching-new/codegen_apps/batching/poisson2d/vck5000_datacopy_project/hls/device/include/PE_poisson_kernel_stencil.hpp:94]   --->   Operation 40 'br' 'br_ln94' <Predicate = true> <Delay = 0.00>
ST_5 : Operation 41 [1/1] (0.00ns)   --->   "%empty = wait i32 @_ssdm_op_Wait"   --->   Operation 41 'wait' 'empty' <Predicate = (!icmp_ln94)> <Delay = 0.00>
ST_5 : Operation 42 [2/2] (1.17ns)   --->   "%call_ln0 = call void @stencilRun_Pipeline_VITIS_LOOP_171_2, i32 %iter_limit, i256 %arg0_arg1_streams_55, i16 %p_read_6, i16 %p_read_4, i16 %p_read_3, i256 %arg0_buf_r0_1_p0_V, i256 %arg0_buf_r1_2_p0_V, i17 %sub86, i16 %p_read_5, i16 %cond_x_val, i16 %cond_y_val, i32 %S2D_00_P10_M10_0P1_0M1_read_ub_itr, i256 %arg0_arg1_streams_5454"   --->   Operation 42 'call' 'call_ln0' <Predicate = (!icmp_ln94)> <Delay = 1.17> <CoreType = "Generic">   --->   Core 0 '' <Latency = 0> <II = 1> <Delay = 1.00> <Generic> <Opcode : >
ST_5 : Operation 43 [1/1] (0.39ns)   --->   "%store_ln94 = store i16 %bat_2, i16 %bat" [/home/x_thileeb/repos/ops-hls-batching-new/codegen_apps/batching/poisson2d/vck5000_datacopy_project/hls/device/include/PE_poisson_kernel_stencil.hpp:94]   --->   Operation 43 'store' 'store_ln94' <Predicate = (!icmp_ln94)> <Delay = 0.39>
ST_5 : Operation 44 [1/1] (0.00ns)   --->   "%ret_ln376 = ret" [/home/x_thileeb/repos/ops-hls-batching-new/codegen_apps/batching/poisson2d/vck5000_datacopy_project/hls/device/include/PE_poisson_kernel_stencil.hpp:376]   --->   Operation 44 'ret' 'ret_ln376' <Predicate = (icmp_ln94)> <Delay = 0.00>

State 6 <SV = 5> <Delay = 0.00>
ST_6 : Operation 45 [1/1] (0.00ns)   --->   "%specloopname_ln77 = specloopname void @_ssdm_op_SpecLoopName, void @empty_6" [/home/x_thileeb/repos/ops-hls-batching-new/codegen_apps/batching/poisson2d/vck5000_datacopy_project/hls/device/include/PE_poisson_kernel_stencil.hpp:77]   --->   Operation 45 'specloopname' 'specloopname_ln77' <Predicate = true> <Delay = 0.00>
ST_6 : Operation 46 [1/1] (0.00ns)   --->   "%specmemcore_ln142 = specmemcore void @_ssdm_op_SpecMemCore, i256 %arg0_buf_r0_1_p0_V, i64 666, i64 28, i64 2" [/home/x_thileeb/repos/ops-hls-batching-new/codegen_apps/batching/poisson2d/vck5000_datacopy_project/hls/device/include/PE_poisson_kernel_stencil.hpp:142]   --->   Operation 46 'specmemcore' 'specmemcore_ln142' <Predicate = true> <Delay = 0.00>
ST_6 : Operation 47 [1/1] (0.00ns)   --->   "%specmemcore_ln146 = specmemcore void @_ssdm_op_SpecMemCore, i256 %arg0_buf_r1_2_p0_V, i64 666, i64 25, i64 2" [/home/x_thileeb/repos/ops-hls-batching-new/codegen_apps/batching/poisson2d/vck5000_datacopy_project/hls/device/include/PE_poisson_kernel_stencil.hpp:146]   --->   Operation 47 'specmemcore' 'specmemcore_ln146' <Predicate = true> <Delay = 0.00>
ST_6 : Operation 48 [1/2] (0.00ns)   --->   "%call_ln0 = call void @stencilRun_Pipeline_VITIS_LOOP_171_2, i32 %iter_limit, i256 %arg0_arg1_streams_55, i16 %p_read_6, i16 %p_read_4, i16 %p_read_3, i256 %arg0_buf_r0_1_p0_V, i256 %arg0_buf_r1_2_p0_V, i17 %sub86, i16 %p_read_5, i16 %cond_x_val, i16 %cond_y_val, i32 %S2D_00_P10_M10_0P1_0M1_read_ub_itr, i256 %arg0_arg1_streams_5454"   --->   Operation 48 'call' 'call_ln0' <Predicate = true> <Delay = 0.00> <CoreType = "Generic">   --->   Core 0 '' <Latency = 0> <II = 1> <Delay = 1.00> <Generic> <Opcode : >
ST_6 : Operation 49 [1/1] (0.00ns)   --->   "%br_ln94 = br void %while.body" [/home/x_thileeb/repos/ops-hls-batching-new/codegen_apps/batching/poisson2d/vck5000_datacopy_project/hls/device/include/PE_poisson_kernel_stencil.hpp:94]   --->   Operation 49 'br' 'br_ln94' <Predicate = true> <Delay = 0.00>


============================================================
+ Verbose Summary: Binding
============================================================
STG Binding: 
---------------- STG Properties BEGIN ----------------
- Is combinational: 0
- Is one-state seq: 0
- Is datapath-only: 0
- Is pipelined: 0
- Is top level: 0
Port [ Return ] is wired: 1; IO mode=ap_ctrl_hs:ce=0
Port [ p_read]:  wired=1; compound=0; hidden=0; nouse=0; global=0; static=0; extern=0; dir=0; type=0; pingpong=0; private_global=0; IO mode=ap_none:ce=0
Port [ p_read1]:  wired=1; compound=0; hidden=0; nouse=0; global=0; static=0; extern=0; dir=0; type=0; pingpong=0; private_global=0; IO mode=ap_none:ce=0
Port [ p_read2]:  wired=1; compound=0; hidden=0; nouse=0; global=0; static=0; extern=0; dir=0; type=0; pingpong=0; private_global=0; IO mode=ap_none:ce=0
Port [ p_read3]:  wired=1; compound=0; hidden=0; nouse=0; global=0; static=0; extern=0; dir=0; type=0; pingpong=0; private_global=0; IO mode=ap_none:ce=0
Port [ p_read4]:  wired=1; compound=0; hidden=0; nouse=0; global=0; static=0; extern=0; dir=0; type=0; pingpong=0; private_global=0; IO mode=ap_none:ce=0
Port [ p_read5]:  wired=1; compound=0; hidden=0; nouse=0; global=0; static=0; extern=0; dir=0; type=0; pingpong=0; private_global=0; IO mode=ap_none:ce=0
Port [ p_read6]:  wired=1; compound=0; hidden=0; nouse=0; global=0; static=0; extern=0; dir=0; type=0; pingpong=0; private_global=0; IO mode=ap_none:ce=0
Port [ p_read7]:  wired=1; compound=0; hidden=0; nouse=0; global=0; static=0; extern=0; dir=0; type=0; pingpong=0; private_global=0; IO mode=ap_none:ce=0
Port [ arg0_arg1_streams_5454]:  wired=1; compound=1; hidden=0; nouse=0; global=0; static=0; extern=0; dir=0; type=3; pingpong=0; private_global=0; IO mode=ap_fifo:ce=0
Port [ arg0_arg1_streams_55]:  wired=1; compound=1; hidden=0; nouse=0; global=0; static=0; extern=0; dir=1; type=3; pingpong=0; private_global=0; IO mode=ap_fifo:ce=0
---------------- STG Properties END ------------------

---------------- Datapath Model BEGIN ----------------

<LifeTime>
<method=bitvector/>
bat                                (alloca       ) [ 0111111]
p_read_2                           (read         ) [ 0011100]
p_read_7                           (read         ) [ 0000000]
p_read25                           (read         ) [ 0011100]
arg0_buf_r0_1_p0_V                 (alloca       ) [ 0011111]
arg0_buf_r1_2_p0_V                 (alloca       ) [ 0011111]
conv7                              (zext         ) [ 0011100]
conv10                             (zext         ) [ 0011100]
conv14                             (zext         ) [ 0011100]
store_ln94                         (store        ) [ 0000000]
specinterface_ln0                  (specinterface) [ 0000000]
specinterface_ln0                  (specinterface) [ 0000000]
p_read_1                           (read         ) [ 0000011]
p_read_3                           (read         ) [ 0000011]
p_read_4                           (read         ) [ 0000011]
p_read_5                           (read         ) [ 0000011]
p_read_6                           (read         ) [ 0000011]
p_read_cast                        (zext         ) [ 0000000]
iter_limit                         (mul          ) [ 0000011]
S2D_00_P10_M10_0P1_0M1_read_ub_itr (mul          ) [ 0000011]
cond_x_val                         (add          ) [ 0000011]
cond_y_val                         (add          ) [ 0000011]
sub86                              (add          ) [ 0000011]
br_ln94                            (br           ) [ 0000000]
bat_1                              (load         ) [ 0000000]
bat_2                              (add          ) [ 0000000]
icmp_ln94                          (icmp         ) [ 0000011]
br_ln94                            (br           ) [ 0000000]
empty                              (wait         ) [ 0000000]
store_ln94                         (store        ) [ 0000000]
ret_ln376                          (ret          ) [ 0000000]
specloopname_ln77                  (specloopname ) [ 0000000]
specmemcore_ln142                  (specmemcore  ) [ 0000000]
specmemcore_ln146                  (specmemcore  ) [ 0000000]
call_ln0                           (call         ) [ 0000000]
br_ln94                            (br           ) [ 0000000]
</LifeTime>

<model>

<comp_list>
<comp id="0" class="1000" name="p_read">
<pin_list>
<pin id="1" dir="1" index="0" bw="1" slack="0"/>
</pin_list>
<bind>
<StgValue><ssdm name="p_read"/></StgValue>
</bind>
</comp>

<comp id="2" class="1000" name="p_read1">
<pin_list>
<pin id="3" dir="1" index="0" bw="1" slack="0"/>
</pin_list>
<bind>
<StgValue><ssdm name="p_read1"/></StgValue>
</bind>
</comp>

<comp id="4" class="1000" name="p_read2">
<pin_list>
<pin id="5" dir="1" index="0" bw="1" slack="0"/>
</pin_list>
<bind>
<StgValue><ssdm name="p_read2"/></StgValue>
</bind>
</comp>

<comp id="6" class="1000" name="p_read3">
<pin_list>
<pin id="7" dir="1" index="0" bw="1" slack="0"/>
</pin_list>
<bind>
<StgValue><ssdm name="p_read3"/></StgValue>
</bind>
</comp>

<comp id="8" class="1000" name="p_read4">
<pin_list>
<pin id="9" dir="1" index="0" bw="1" slack="0"/>
</pin_list>
<bind>
<StgValue><ssdm name="p_read4"/></StgValue>
</bind>
</comp>

<comp id="10" class="1000" name="p_read5">
<pin_list>
<pin id="11" dir="1" index="0" bw="1" slack="0"/>
</pin_list>
<bind>
<StgValue><ssdm name="p_read5"/></StgValue>
</bind>
</comp>

<comp id="12" class="1000" name="p_read6">
<pin_list>
<pin id="13" dir="1" index="0" bw="1" slack="0"/>
</pin_list>
<bind>
<StgValue><ssdm name="p_read6"/></StgValue>
</bind>
</comp>

<comp id="14" class="1000" name="p_read7">
<pin_list>
<pin id="15" dir="1" index="0" bw="1" slack="0"/>
</pin_list>
<bind>
<StgValue><ssdm name="p_read7"/></StgValue>
</bind>
</comp>

<comp id="16" class="1000" name="arg0_arg1_streams_5454">
<pin_list>
<pin id="17" dir="1" index="0" bw="1" slack="0"/>
</pin_list>
<bind>
<StgValue><ssdm name="arg0_arg1_streams_5454"/></StgValue>
</bind>
</comp>

<comp id="18" class="1000" name="arg0_arg1_streams_55">
<pin_list>
<pin id="19" dir="1" index="0" bw="1" slack="0"/>
</pin_list>
<bind>
<StgValue><ssdm name="arg0_arg1_streams_55"/></StgValue>
</bind>
</comp>

<comp id="20" class="1001" name="const_20">
<pin_list>
<pin id="21" dir="1" index="0" bw="1" slack="0"/>
</pin_list>
<bind>
<StgValue><ssdm name=""/></StgValue>
</bind>
</comp>

<comp id="22" class="1001" name="const_22">
<pin_list>
<pin id="23" dir="1" index="0" bw="1" slack="0"/>
</pin_list>
<bind>
<StgValue><ssdm name="_ssdm_op_Read.ap_auto.i16"/></StgValue>
</bind>
</comp>

<comp id="24" class="1001" name="const_24">
<pin_list>
<pin id="25" dir="1" index="0" bw="1" slack="0"/>
</pin_list>
<bind>
<StgValue><ssdm name=""/></StgValue>
</bind>
</comp>

<comp id="26" class="1001" name="const_26">
<pin_list>
<pin id="27" dir="1" index="0" bw="1" slack="0"/>
</pin_list>
<bind>
<StgValue><ssdm name=""/></StgValue>
</bind>
</comp>

<comp id="28" class="1001" name="const_28">
<pin_list>
<pin id="29" dir="1" index="0" bw="1" slack="2147483647"/>
</pin_list>
<bind>
<StgValue><ssdm name="_ssdm_op_SpecInterface"/></StgValue>
</bind>
</comp>

<comp id="30" class="1001" name="const_30">
<pin_list>
<pin id="31" dir="1" index="0" bw="1" slack="2147483647"/>
</pin_list>
<bind>
<StgValue><ssdm name="empty_0"/></StgValue>
</bind>
</comp>

<comp id="32" class="1001" name="const_32">
<pin_list>
<pin id="33" dir="1" index="0" bw="1" slack="2147483647"/>
</pin_list>
<bind>
<StgValue><ssdm name=""/></StgValue>
</bind>
</comp>

<comp id="34" class="1001" name="const_34">
<pin_list>
<pin id="35" dir="1" index="0" bw="1" slack="2147483647"/>
</pin_list>
<bind>
<StgValue><ssdm name="empty_19"/></StgValue>
</bind>
</comp>

<comp id="36" class="1001" name="const_36">
<pin_list>
<pin id="37" dir="1" index="0" bw="1" slack="2147483647"/>
</pin_list>
<bind>
<StgValue><ssdm name=""/></StgValue>
</bind>
</comp>

<comp id="38" class="1001" name="const_38">
<pin_list>
<pin id="39" dir="1" index="0" bw="1" slack="0"/>
</pin_list>
<bind>
<StgValue><ssdm name=""/></StgValue>
</bind>
</comp>

<comp id="40" class="1001" name="const_40">
<pin_list>
<pin id="41" dir="1" index="0" bw="1" slack="0"/>
</pin_list>
<bind>
<StgValue><ssdm name=""/></StgValue>
</bind>
</comp>

<comp id="42" class="1001" name="const_42">
<pin_list>
<pin id="43" dir="1" index="0" bw="1" slack="0"/>
</pin_list>
<bind>
<StgValue><ssdm name=""/></StgValue>
</bind>
</comp>

<comp id="44" class="1001" name="const_44">
<pin_list>
<pin id="45" dir="1" index="0" bw="1" slack="2147483647"/>
</pin_list>
<bind>
<StgValue><ssdm name="_ssdm_op_Wait"/></StgValue>
</bind>
</comp>

<comp id="46" class="1001" name="const_46">
<pin_list>
<pin id="47" dir="1" index="0" bw="1" slack="0"/>
</pin_list>
<bind>
<StgValue><ssdm name="stencilRun_Pipeline_VITIS_LOOP_171_2"/></StgValue>
</bind>
</comp>

<comp id="48" class="1001" name="const_48">
<pin_list>
<pin id="49" dir="1" index="0" bw="1" slack="2147483647"/>
</pin_list>
<bind>
<StgValue><ssdm name="_ssdm_op_SpecLoopName"/></StgValue>
</bind>
</comp>

<comp id="50" class="1001" name="const_50">
<pin_list>
<pin id="51" dir="1" index="0" bw="1" slack="2147483647"/>
</pin_list>
<bind>
<StgValue><ssdm name="empty_6"/></StgValue>
</bind>
</comp>

<comp id="52" class="1001" name="const_52">
<pin_list>
<pin id="53" dir="1" index="0" bw="1" slack="2147483647"/>
</pin_list>
<bind>
<StgValue><ssdm name="_ssdm_op_SpecMemCore"/></StgValue>
</bind>
</comp>

<comp id="54" class="1001" name="const_54">
<pin_list>
<pin id="55" dir="1" index="0" bw="1" slack="2147483647"/>
</pin_list>
<bind>
<StgValue><ssdm name=""/></StgValue>
</bind>
</comp>

<comp id="56" class="1001" name="const_56">
<pin_list>
<pin id="57" dir="1" index="0" bw="1" slack="2147483647"/>
</pin_list>
<bind>
<StgValue><ssdm name=""/></StgValue>
</bind>
</comp>

<comp id="58" class="1001" name="const_58">
<pin_list>
<pin id="59" dir="1" index="0" bw="1" slack="2147483647"/>
</pin_list>
<bind>
<StgValue><ssdm name=""/></StgValue>
</bind>
</comp>

<comp id="60" class="1001" name="const_60">
<pin_list>
<pin id="61" dir="1" index="0" bw="1" slack="2147483647"/>
</pin_list>
<bind>
<StgValue><ssdm name=""/></StgValue>
</bind>
</comp>

<comp id="62" class="1004" name="bat_fu_62">
<pin_list>
<pin id="63" dir="0" index="0" bw="1" slack="0"/>
<pin id="64" dir="1" index="1" bw="16" slack="0"/>
</pin_list>
<bind>
<opcode="alloca(26) " fcode="alloca"/>
<opset="bat/1 "/>
</bind>
</comp>

<comp id="66" class="1004" name="arg0_buf_r0_1_p0_V_alloca_fu_66">
<pin_list>
<pin id="67" dir="0" index="0" bw="1" slack="0"/>
<pin id="68" dir="1" index="1" bw="256" slack="2147483647"/>
</pin_list>
<bind>
<opcode="alloca(26) " fcode="alloca"/>
<opset="arg0_buf_r0_1_p0_V/1 "/>
</bind>
</comp>

<comp id="70" class="1004" name="arg0_buf_r1_2_p0_V_alloca_fu_70">
<pin_list>
<pin id="71" dir="0" index="0" bw="1" slack="0"/>
<pin id="72" dir="1" index="1" bw="256" slack="2147483647"/>
</pin_list>
<bind>
<opcode="alloca(26) " fcode="alloca"/>
<opset="arg0_buf_r1_2_p0_V/1 "/>
</bind>
</comp>

<comp id="74" class="1004" name="p_read_2_read_fu_74">
<pin_list>
<pin id="75" dir="0" index="0" bw="16" slack="0"/>
<pin id="76" dir="0" index="1" bw="16" slack="0"/>
<pin id="77" dir="1" index="2" bw="16" slack="0"/>
</pin_list>
<bind>
<opcode="read(1150) " fcode="read"/>
<opset="p_read_2/1 "/>
</bind>
</comp>

<comp id="80" class="1004" name="p_read_7_read_fu_80">
<pin_list>
<pin id="81" dir="0" index="0" bw="16" slack="0"/>
<pin id="82" dir="0" index="1" bw="16" slack="0"/>
<pin id="83" dir="1" index="2" bw="16" slack="0"/>
</pin_list>
<bind>
<opcode="read(1150) " fcode="read"/>
<opset="p_read_7/1 "/>
</bind>
</comp>

<comp id="86" class="1004" name="p_read25_read_fu_86">
<pin_list>
<pin id="87" dir="0" index="0" bw="16" slack="0"/>
<pin id="88" dir="0" index="1" bw="16" slack="0"/>
<pin id="89" dir="1" index="2" bw="16" slack="0"/>
</pin_list>
<bind>
<opcode="read(1150) " fcode="read"/>
<opset="p_read25/1 "/>
</bind>
</comp>

<comp id="92" class="1004" name="p_read_1_read_fu_92">
<pin_list>
<pin id="93" dir="0" index="0" bw="16" slack="0"/>
<pin id="94" dir="0" index="1" bw="16" slack="0"/>
<pin id="95" dir="1" index="2" bw="16" slack="1"/>
</pin_list>
<bind>
<opcode="read(1150) " fcode="read"/>
<opset="p_read_1/4 "/>
</bind>
</comp>

<comp id="98" class="1004" name="p_read_3_read_fu_98">
<pin_list>
<pin id="99" dir="0" index="0" bw="16" slack="0"/>
<pin id="100" dir="0" index="1" bw="16" slack="0"/>
<pin id="101" dir="1" index="2" bw="16" slack="1"/>
</pin_list>
<bind>
<opcode="read(1150) " fcode="read"/>
<opset="p_read_3/4 "/>
</bind>
</comp>

<comp id="104" class="1004" name="p_read_4_read_fu_104">
<pin_list>
<pin id="105" dir="0" index="0" bw="16" slack="0"/>
<pin id="106" dir="0" index="1" bw="16" slack="0"/>
<pin id="107" dir="1" index="2" bw="16" slack="1"/>
</pin_list>
<bind>
<opcode="read(1150) " fcode="read"/>
<opset="p_read_4/4 "/>
</bind>
</comp>

<comp id="110" class="1004" name="p_read_5_read_fu_110">
<pin_list>
<pin id="111" dir="0" index="0" bw="16" slack="0"/>
<pin id="112" dir="0" index="1" bw="16" slack="0"/>
<pin id="113" dir="1" index="2" bw="16" slack="1"/>
</pin_list>
<bind>
<opcode="read(1150) " fcode="read"/>
<opset="p_read_5/4 "/>
</bind>
</comp>

<comp id="116" class="1004" name="p_read_6_read_fu_116">
<pin_list>
<pin id="117" dir="0" index="0" bw="16" slack="0"/>
<pin id="118" dir="0" index="1" bw="16" slack="0"/>
<pin id="119" dir="1" index="2" bw="16" slack="1"/>
</pin_list>
<bind>
<opcode="read(1150) " fcode="read"/>
<opset="p_read_6/4 "/>
</bind>
</comp>

<comp id="122" class="1004" name="grp_stencilRun_Pipeline_VITIS_LOOP_171_2_fu_122">
<pin_list>
<pin id="123" dir="0" index="0" bw="0" slack="0"/>
<pin id="124" dir="0" index="1" bw="32" slack="1"/>
<pin id="125" dir="0" index="2" bw="256" slack="0"/>
<pin id="126" dir="0" index="3" bw="16" slack="1"/>
<pin id="127" dir="0" index="4" bw="16" slack="1"/>
<pin id="128" dir="0" index="5" bw="16" slack="1"/>
<pin id="129" dir="0" index="6" bw="256" slack="2147483647"/>
<pin id="130" dir="0" index="7" bw="256" slack="2147483647"/>
<pin id="131" dir="0" index="8" bw="17" slack="1"/>
<pin id="132" dir="0" index="9" bw="16" slack="1"/>
<pin id="133" dir="0" index="10" bw="16" slack="1"/>
<pin id="134" dir="0" index="11" bw="16" slack="1"/>
<pin id="135" dir="0" index="12" bw="32" slack="1"/>
<pin id="136" dir="0" index="13" bw="256" slack="0"/>
<pin id="137" dir="1" index="14" bw="0" slack="2147483647"/>
</pin_list>
<bind>
<opcode="call(48) " fcode="call"/>
<opset="call_ln0/5 "/>
</bind>
</comp>

<comp id="141" class="1004" name="conv7_fu_141">
<pin_list>
<pin id="142" dir="0" index="0" bw="16" slack="0"/>
<pin id="143" dir="1" index="1" bw="32" slack="0"/>
</pin_list>
<bind>
<opcode="zext(34) " fcode="zext"/>
<opset="conv7/1 "/>
</bind>
</comp>

<comp id="145" class="1004" name="conv10_fu_145">
<pin_list>
<pin id="146" dir="0" index="0" bw="16" slack="0"/>
<pin id="147" dir="1" index="1" bw="32" slack="0"/>
</pin_list>
<bind>
<opcode="zext(34) " fcode="zext"/>
<opset="conv10/1 "/>
</bind>
</comp>

<comp id="149" class="1004" name="conv14_fu_149">
<pin_list>
<pin id="150" dir="0" index="0" bw="16" slack="0"/>
<pin id="151" dir="1" index="1" bw="32" slack="0"/>
</pin_list>
<bind>
<opcode="zext(34) " fcode="zext"/>
<opset="conv14/1 "/>
</bind>
</comp>

<comp id="153" class="1004" name="store_ln94_store_fu_153">
<pin_list>
<pin id="154" dir="0" index="0" bw="1" slack="0"/>
<pin id="155" dir="0" index="1" bw="16" slack="0"/>
<pin id="156" dir="1" index="2" bw="0" slack="2147483647"/>
</pin_list>
<bind>
<opcode="store(28) " fcode="store"/>
<opset="store_ln94/1 "/>
</bind>
</comp>

<comp id="158" class="1004" name="p_read_cast_fu_158">
<pin_list>
<pin id="159" dir="0" index="0" bw="16" slack="3"/>
<pin id="160" dir="1" index="1" bw="17" slack="0"/>
</pin_list>
<bind>
<opcode="zext(34) " fcode="zext"/>
<opset="p_read_cast/4 "/>
</bind>
</comp>

<comp id="161" class="1004" name="cond_x_val_fu_161">
<pin_list>
<pin id="162" dir="0" index="0" bw="16" slack="3"/>
<pin id="163" dir="0" index="1" bw="1" slack="0"/>
<pin id="164" dir="1" index="2" bw="16" slack="1"/>
</pin_list>
<bind>
<opcode="add(8) " fcode="add"/>
<opset="cond_x_val/4 "/>
</bind>
</comp>

<comp id="166" class="1004" name="cond_y_val_fu_166">
<pin_list>
<pin id="167" dir="0" index="0" bw="16" slack="3"/>
<pin id="168" dir="0" index="1" bw="1" slack="0"/>
<pin id="169" dir="1" index="2" bw="16" slack="1"/>
</pin_list>
<bind>
<opcode="add(8) " fcode="add"/>
<opset="cond_y_val/4 "/>
</bind>
</comp>

<comp id="171" class="1004" name="sub86_fu_171">
<pin_list>
<pin id="172" dir="0" index="0" bw="16" slack="0"/>
<pin id="173" dir="0" index="1" bw="1" slack="0"/>
<pin id="174" dir="1" index="2" bw="17" slack="1"/>
</pin_list>
<bind>
<opcode="add(8) " fcode="add"/>
<opset="sub86/4 "/>
</bind>
</comp>

<comp id="177" class="1004" name="bat_1_load_fu_177">
<pin_list>
<pin id="178" dir="0" index="0" bw="16" slack="4"/>
<pin id="179" dir="1" index="1" bw="16" slack="0"/>
</pin_list>
<bind>
<opcode="load(27) " fcode="load"/>
<opset="bat_1/5 "/>
</bind>
</comp>

<comp id="180" class="1004" name="bat_2_fu_180">
<pin_list>
<pin id="181" dir="0" index="0" bw="16" slack="0"/>
<pin id="182" dir="0" index="1" bw="1" slack="0"/>
<pin id="183" dir="1" index="2" bw="16" slack="0"/>
</pin_list>
<bind>
<opcode="add(8) " fcode="add"/>
<opset="bat_2/5 "/>
</bind>
</comp>

<comp id="186" class="1004" name="icmp_ln94_fu_186">
<pin_list>
<pin id="187" dir="0" index="0" bw="16" slack="0"/>
<pin id="188" dir="0" index="1" bw="16" slack="1"/>
<pin id="189" dir="1" index="2" bw="1" slack="2147483647"/>
</pin_list>
<bind>
<opcode="icmp(45) " fcode="icmp"/>
<opset="icmp_ln94/5 "/>
</bind>
</comp>

<comp id="191" class="1004" name="store_ln94_store_fu_191">
<pin_list>
<pin id="192" dir="0" index="0" bw="16" slack="0"/>
<pin id="193" dir="0" index="1" bw="16" slack="4"/>
<pin id="194" dir="1" index="2" bw="0" slack="2147483647"/>
</pin_list>
<bind>
<opcode="store(28) " fcode="store"/>
<opset="store_ln94/5 "/>
</bind>
</comp>

<comp id="196" class="1007" name="grp_fu_196">
<pin_list>
<pin id="197" dir="0" index="0" bw="16" slack="0"/>
<pin id="198" dir="0" index="1" bw="16" slack="0"/>
<pin id="199" dir="1" index="2" bw="32" slack="1"/>
</pin_list>
<bind>
<opcode="mul(12) " fcode="mul"/>
<opset="iter_limit/1 "/>
</bind>
</comp>

<comp id="202" class="1007" name="grp_fu_202">
<pin_list>
<pin id="203" dir="0" index="0" bw="16" slack="0"/>
<pin id="204" dir="0" index="1" bw="16" slack="0"/>
<pin id="205" dir="1" index="2" bw="32" slack="1"/>
</pin_list>
<bind>
<opcode="mul(12) " fcode="mul"/>
<opset="S2D_00_P10_M10_0P1_0M1_read_ub_itr/1 "/>
</bind>
</comp>

<comp id="208" class="1005" name="bat_reg_208">
<pin_list>
<pin id="209" dir="0" index="0" bw="16" slack="0"/>
<pin id="210" dir="1" index="1" bw="16" slack="0"/>
</pin_list>
<bind>
<opset="bat "/>
</bind>
</comp>

<comp id="215" class="1005" name="p_read_2_reg_215">
<pin_list>
<pin id="216" dir="0" index="0" bw="16" slack="3"/>
<pin id="217" dir="1" index="1" bw="16" slack="3"/>
</pin_list>
<bind>
<opset="p_read_2 "/>
</bind>
</comp>

<comp id="220" class="1005" name="p_read25_reg_220">
<pin_list>
<pin id="221" dir="0" index="0" bw="16" slack="3"/>
<pin id="222" dir="1" index="1" bw="16" slack="3"/>
</pin_list>
<bind>
<opset="p_read25 "/>
</bind>
</comp>

<comp id="226" class="1005" name="conv7_reg_226">
<pin_list>
<pin id="227" dir="0" index="0" bw="32" slack="1"/>
<pin id="228" dir="1" index="1" bw="32" slack="1"/>
</pin_list>
<bind>
<opset="conv7 "/>
</bind>
</comp>

<comp id="231" class="1005" name="conv10_reg_231">
<pin_list>
<pin id="232" dir="0" index="0" bw="32" slack="1"/>
<pin id="233" dir="1" index="1" bw="32" slack="1"/>
</pin_list>
<bind>
<opset="conv10 "/>
</bind>
</comp>

<comp id="237" class="1005" name="conv14_reg_237">
<pin_list>
<pin id="238" dir="0" index="0" bw="32" slack="1"/>
<pin id="239" dir="1" index="1" bw="32" slack="1"/>
</pin_list>
<bind>
<opset="conv14 "/>
</bind>
</comp>

<comp id="242" class="1005" name="p_read_1_reg_242">
<pin_list>
<pin id="243" dir="0" index="0" bw="16" slack="1"/>
<pin id="244" dir="1" index="1" bw="16" slack="1"/>
</pin_list>
<bind>
<opset="p_read_1 "/>
</bind>
</comp>

<comp id="247" class="1005" name="p_read_3_reg_247">
<pin_list>
<pin id="248" dir="0" index="0" bw="16" slack="1"/>
<pin id="249" dir="1" index="1" bw="16" slack="1"/>
</pin_list>
<bind>
<opset="p_read_3 "/>
</bind>
</comp>

<comp id="252" class="1005" name="p_read_4_reg_252">
<pin_list>
<pin id="253" dir="0" index="0" bw="16" slack="1"/>
<pin id="254" dir="1" index="1" bw="16" slack="1"/>
</pin_list>
<bind>
<opset="p_read_4 "/>
</bind>
</comp>

<comp id="257" class="1005" name="p_read_5_reg_257">
<pin_list>
<pin id="258" dir="0" index="0" bw="16" slack="1"/>
<pin id="259" dir="1" index="1" bw="16" slack="1"/>
</pin_list>
<bind>
<opset="p_read_5 "/>
</bind>
</comp>

<comp id="262" class="1005" name="p_read_6_reg_262">
<pin_list>
<pin id="263" dir="0" index="0" bw="16" slack="1"/>
<pin id="264" dir="1" index="1" bw="16" slack="1"/>
</pin_list>
<bind>
<opset="p_read_6 "/>
</bind>
</comp>

<comp id="267" class="1005" name="iter_limit_reg_267">
<pin_list>
<pin id="268" dir="0" index="0" bw="32" slack="1"/>
<pin id="269" dir="1" index="1" bw="32" slack="1"/>
</pin_list>
<bind>
<opset="iter_limit "/>
</bind>
</comp>

<comp id="272" class="1005" name="S2D_00_P10_M10_0P1_0M1_read_ub_itr_reg_272">
<pin_list>
<pin id="273" dir="0" index="0" bw="32" slack="1"/>
<pin id="274" dir="1" index="1" bw="32" slack="1"/>
</pin_list>
<bind>
<opset="S2D_00_P10_M10_0P1_0M1_read_ub_itr "/>
</bind>
</comp>

<comp id="277" class="1005" name="cond_x_val_reg_277">
<pin_list>
<pin id="278" dir="0" index="0" bw="16" slack="1"/>
<pin id="279" dir="1" index="1" bw="16" slack="1"/>
</pin_list>
<bind>
<opset="cond_x_val "/>
</bind>
</comp>

<comp id="282" class="1005" name="cond_y_val_reg_282">
<pin_list>
<pin id="283" dir="0" index="0" bw="16" slack="1"/>
<pin id="284" dir="1" index="1" bw="16" slack="1"/>
</pin_list>
<bind>
<opset="cond_y_val "/>
</bind>
</comp>

<comp id="287" class="1005" name="sub86_reg_287">
<pin_list>
<pin id="288" dir="0" index="0" bw="17" slack="1"/>
<pin id="289" dir="1" index="1" bw="17" slack="1"/>
</pin_list>
<bind>
<opset="sub86 "/>
</bind>
</comp>

</comp_list>

<net_list>
<net id="65"><net_src comp="20" pin="0"/><net_sink comp="62" pin=0"/></net>

<net id="69"><net_src comp="24" pin="0"/><net_sink comp="66" pin=0"/></net>

<net id="73"><net_src comp="24" pin="0"/><net_sink comp="70" pin=0"/></net>

<net id="78"><net_src comp="22" pin="0"/><net_sink comp="74" pin=0"/></net>

<net id="79"><net_src comp="12" pin="0"/><net_sink comp="74" pin=1"/></net>

<net id="84"><net_src comp="22" pin="0"/><net_sink comp="80" pin=0"/></net>

<net id="85"><net_src comp="2" pin="0"/><net_sink comp="80" pin=1"/></net>

<net id="90"><net_src comp="22" pin="0"/><net_sink comp="86" pin=0"/></net>

<net id="91"><net_src comp="0" pin="0"/><net_sink comp="86" pin=1"/></net>

<net id="96"><net_src comp="22" pin="0"/><net_sink comp="92" pin=0"/></net>

<net id="97"><net_src comp="14" pin="0"/><net_sink comp="92" pin=1"/></net>

<net id="102"><net_src comp="22" pin="0"/><net_sink comp="98" pin=0"/></net>

<net id="103"><net_src comp="10" pin="0"/><net_sink comp="98" pin=1"/></net>

<net id="108"><net_src comp="22" pin="0"/><net_sink comp="104" pin=0"/></net>

<net id="109"><net_src comp="8" pin="0"/><net_sink comp="104" pin=1"/></net>

<net id="114"><net_src comp="22" pin="0"/><net_sink comp="110" pin=0"/></net>

<net id="115"><net_src comp="6" pin="0"/><net_sink comp="110" pin=1"/></net>

<net id="120"><net_src comp="22" pin="0"/><net_sink comp="116" pin=0"/></net>

<net id="121"><net_src comp="4" pin="0"/><net_sink comp="116" pin=1"/></net>

<net id="138"><net_src comp="46" pin="0"/><net_sink comp="122" pin=0"/></net>

<net id="139"><net_src comp="18" pin="0"/><net_sink comp="122" pin=2"/></net>

<net id="140"><net_src comp="16" pin="0"/><net_sink comp="122" pin=13"/></net>

<net id="144"><net_src comp="74" pin="2"/><net_sink comp="141" pin=0"/></net>

<net id="148"><net_src comp="86" pin="2"/><net_sink comp="145" pin=0"/></net>

<net id="152"><net_src comp="80" pin="2"/><net_sink comp="149" pin=0"/></net>

<net id="157"><net_src comp="26" pin="0"/><net_sink comp="153" pin=0"/></net>

<net id="165"><net_src comp="38" pin="0"/><net_sink comp="161" pin=1"/></net>

<net id="170"><net_src comp="38" pin="0"/><net_sink comp="166" pin=1"/></net>

<net id="175"><net_src comp="158" pin="1"/><net_sink comp="171" pin=0"/></net>

<net id="176"><net_src comp="40" pin="0"/><net_sink comp="171" pin=1"/></net>

<net id="184"><net_src comp="177" pin="1"/><net_sink comp="180" pin=0"/></net>

<net id="185"><net_src comp="42" pin="0"/><net_sink comp="180" pin=1"/></net>

<net id="190"><net_src comp="177" pin="1"/><net_sink comp="186" pin=0"/></net>

<net id="195"><net_src comp="180" pin="2"/><net_sink comp="191" pin=0"/></net>

<net id="200"><net_src comp="145" pin="1"/><net_sink comp="196" pin=0"/></net>

<net id="201"><net_src comp="141" pin="1"/><net_sink comp="196" pin=1"/></net>

<net id="206"><net_src comp="149" pin="1"/><net_sink comp="202" pin=0"/></net>

<net id="207"><net_src comp="145" pin="1"/><net_sink comp="202" pin=1"/></net>

<net id="211"><net_src comp="62" pin="1"/><net_sink comp="208" pin=0"/></net>

<net id="212"><net_src comp="208" pin="1"/><net_sink comp="153" pin=1"/></net>

<net id="213"><net_src comp="208" pin="1"/><net_sink comp="177" pin=0"/></net>

<net id="214"><net_src comp="208" pin="1"/><net_sink comp="191" pin=1"/></net>

<net id="218"><net_src comp="74" pin="2"/><net_sink comp="215" pin=0"/></net>

<net id="219"><net_src comp="215" pin="1"/><net_sink comp="166" pin=0"/></net>

<net id="223"><net_src comp="86" pin="2"/><net_sink comp="220" pin=0"/></net>

<net id="224"><net_src comp="220" pin="1"/><net_sink comp="158" pin=0"/></net>

<net id="225"><net_src comp="220" pin="1"/><net_sink comp="161" pin=0"/></net>

<net id="229"><net_src comp="141" pin="1"/><net_sink comp="226" pin=0"/></net>

<net id="230"><net_src comp="226" pin="1"/><net_sink comp="196" pin=1"/></net>

<net id="234"><net_src comp="145" pin="1"/><net_sink comp="231" pin=0"/></net>

<net id="235"><net_src comp="231" pin="1"/><net_sink comp="196" pin=0"/></net>

<net id="236"><net_src comp="231" pin="1"/><net_sink comp="202" pin=1"/></net>

<net id="240"><net_src comp="149" pin="1"/><net_sink comp="237" pin=0"/></net>

<net id="241"><net_src comp="237" pin="1"/><net_sink comp="202" pin=0"/></net>

<net id="245"><net_src comp="92" pin="2"/><net_sink comp="242" pin=0"/></net>

<net id="246"><net_src comp="242" pin="1"/><net_sink comp="186" pin=1"/></net>

<net id="250"><net_src comp="98" pin="2"/><net_sink comp="247" pin=0"/></net>

<net id="251"><net_src comp="247" pin="1"/><net_sink comp="122" pin=5"/></net>

<net id="255"><net_src comp="104" pin="2"/><net_sink comp="252" pin=0"/></net>

<net id="256"><net_src comp="252" pin="1"/><net_sink comp="122" pin=4"/></net>

<net id="260"><net_src comp="110" pin="2"/><net_sink comp="257" pin=0"/></net>

<net id="261"><net_src comp="257" pin="1"/><net_sink comp="122" pin=9"/></net>

<net id="265"><net_src comp="116" pin="2"/><net_sink comp="262" pin=0"/></net>

<net id="266"><net_src comp="262" pin="1"/><net_sink comp="122" pin=3"/></net>

<net id="270"><net_src comp="196" pin="2"/><net_sink comp="267" pin=0"/></net>

<net id="271"><net_src comp="267" pin="1"/><net_sink comp="122" pin=1"/></net>

<net id="275"><net_src comp="202" pin="2"/><net_sink comp="272" pin=0"/></net>

<net id="276"><net_src comp="272" pin="1"/><net_sink comp="122" pin=12"/></net>

<net id="280"><net_src comp="161" pin="2"/><net_sink comp="277" pin=0"/></net>

<net id="281"><net_src comp="277" pin="1"/><net_sink comp="122" pin=10"/></net>

<net id="285"><net_src comp="166" pin="2"/><net_sink comp="282" pin=0"/></net>

<net id="286"><net_src comp="282" pin="1"/><net_sink comp="122" pin=11"/></net>

<net id="290"><net_src comp="171" pin="2"/><net_sink comp="287" pin=0"/></net>

<net id="291"><net_src comp="287" pin="1"/><net_sink comp="122" pin=8"/></net>

</net_list>

</model> 
---------------- Datapath Model END ------------------

* FSMD analyzer results:
  - Output states:
	Port: arg0_arg1_streams_5454 | {}
	Port: arg0_arg1_streams_55 | {5 6 }
 - Input state : 
	Port: stencilRun : p_read | {1 }
	Port: stencilRun : p_read1 | {1 }
	Port: stencilRun : p_read2 | {4 }
	Port: stencilRun : p_read3 | {4 }
	Port: stencilRun : p_read4 | {4 }
	Port: stencilRun : p_read5 | {4 }
	Port: stencilRun : p_read6 | {1 }
	Port: stencilRun : p_read7 | {4 }
	Port: stencilRun : arg0_arg1_streams_5454 | {5 6 }
	Port: stencilRun : arg0_arg1_streams_55 | {}
  - Chain level:
	State 1
		iter_limit : 1
		S2D_00_P10_M10_0P1_0M1_read_ub_itr : 1
		store_ln94 : 1
	State 2
	State 3
	State 4
		sub86 : 1
	State 5
		bat_2 : 1
		icmp_ln94 : 1
		br_ln94 : 2
		store_ln94 : 2
	State 6


============================================================
+ Verbose Summary: Datapath Resource usage 
============================================================

* Functional unit list:
|----------|-------------------------------------------------|---------|---------|---------|---------|
| Operation|                 Functional Unit                 |   DSP   |  Delay  |    FF   |   LUT   |
|----------|-------------------------------------------------|---------|---------|---------|---------|
|   call   | grp_stencilRun_Pipeline_VITIS_LOOP_171_2_fu_122 |    32   |  28.406 |   4964  |   4661  |
|----------|-------------------------------------------------|---------|---------|---------|---------|
|          |                cond_x_val_fu_161                |    0    |    0    |    0    |    16   |
|    add   |                cond_y_val_fu_166                |    0    |    0    |    0    |    16   |
|          |                   sub86_fu_171                  |    0    |    0    |    0    |    16   |
|          |                   bat_2_fu_180                  |    0    |    0    |    0    |    16   |
|----------|-------------------------------------------------|---------|---------|---------|---------|
|   icmp   |                 icmp_ln94_fu_186                |    0    |    0    |    0    |    8    |
|----------|-------------------------------------------------|---------|---------|---------|---------|
|    mul   |                    grp_fu_196                   |    1    |    0    |    0    |    0    |
|          |                    grp_fu_202                   |    1    |    0    |    0    |    0    |
|----------|-------------------------------------------------|---------|---------|---------|---------|
|          |               p_read_2_read_fu_74               |    0    |    0    |    0    |    0    |
|          |               p_read_7_read_fu_80               |    0    |    0    |    0    |    0    |
|          |               p_read25_read_fu_86               |    0    |    0    |    0    |    0    |
|   read   |               p_read_1_read_fu_92               |    0    |    0    |    0    |    0    |
|          |               p_read_3_read_fu_98               |    0    |    0    |    0    |    0    |
|          |               p_read_4_read_fu_104              |    0    |    0    |    0    |    0    |
|          |               p_read_5_read_fu_110              |    0    |    0    |    0    |    0    |
|          |               p_read_6_read_fu_116              |    0    |    0    |    0    |    0    |
|----------|-------------------------------------------------|---------|---------|---------|---------|
|          |                   conv7_fu_141                  |    0    |    0    |    0    |    0    |
|   zext   |                  conv10_fu_145                  |    0    |    0    |    0    |    0    |
|          |                  conv14_fu_149                  |    0    |    0    |    0    |    0    |
|          |                p_read_cast_fu_158               |    0    |    0    |    0    |    0    |
|----------|-------------------------------------------------|---------|---------|---------|---------|
|   Total  |                                                 |    34   |  28.406 |   4964  |   4733  |
|----------|-------------------------------------------------|---------|---------|---------|---------|

Memories:
+------------------+--------+--------+--------+--------+
|                  |  BRAM  |   FF   |   LUT  |  URAM  |
+------------------+--------+--------+--------+--------+
|arg0_buf_r0_1_p0_V|    -   |    0   |    0   |    4   |
|arg0_buf_r1_2_p0_V|    8   |    0   |    0   |    -   |
+------------------+--------+--------+--------+--------+
|       Total      |    8   |    0   |    0   |    4   |
+------------------+--------+--------+--------+--------+

* Register list:
+------------------------------------------+--------+
|                                          |   FF   |
+------------------------------------------+--------+
|S2D_00_P10_M10_0P1_0M1_read_ub_itr_reg_272|   32   |
|                bat_reg_208               |   16   |
|            cond_x_val_reg_277            |   16   |
|            cond_y_val_reg_282            |   16   |
|              conv10_reg_231              |   32   |
|              conv14_reg_237              |   32   |
|               conv7_reg_226              |   32   |
|            iter_limit_reg_267            |   32   |
|             p_read25_reg_220             |   16   |
|             p_read_1_reg_242             |   16   |
|             p_read_2_reg_215             |   16   |
|             p_read_3_reg_247             |   16   |
|             p_read_4_reg_252             |   16   |
|             p_read_5_reg_257             |   16   |
|             p_read_6_reg_262             |   16   |
|               sub86_reg_287              |   17   |
+------------------------------------------+--------+
|                   Total                  |   337  |
+------------------------------------------+--------+

* Multiplexer (MUX) list: 
|------------|------|------|------|--------||---------||---------|
|    Comp    |  Pin | Size |  BW  | S x BW ||  Delay  ||   LUT   |
|------------|------|------|------|--------||---------||---------|
| grp_fu_196 |  p0  |   2  |  16  |   32   ||    15   |
| grp_fu_196 |  p1  |   2  |  16  |   32   ||    15   |
| grp_fu_202 |  p0  |   2  |  16  |   32   ||    15   |
| grp_fu_202 |  p1  |   2  |  16  |   32   ||    15   |
|------------|------|------|------|--------||---------||---------|
|    Total   |      |      |      |   128  ||  1.576  ||    60   |
|------------|------|------|------|--------||---------||---------|



* Summary:
+-----------+--------+--------+--------+--------+--------+--------+
|           |  BRAM  |   DSP  |  Delay |   FF   |   LUT  |  URAM  |
+-----------+--------+--------+--------+--------+--------+--------+
|  Function |    -   |   34   |   28   |  4964  |  4733  |    -   |
|   Memory  |    8   |    -   |    -   |    0   |    0   |    4   |
|Multiplexer|    -   |    -   |    1   |    -   |   60   |    -   |
|  Register |    -   |    -   |    -   |   337  |    -   |    -   |
+-----------+--------+--------+--------+--------+--------+--------+
|   Total   |    8   |   34   |   29   |  5301  |  4793  |    4   |
+-----------+--------+--------+--------+--------+--------+--------+
