

================================================================
== Vitis HLS Report for 'stencilRun'
================================================================
* Date:           Tue Aug 11 20:31:24 2026

* Version:        2022.2 (Build 3670227 on Oct 13 2022)
* Project:        kernel_outerloop_0_0
* Solution:       solution (Vitis Kernel Flow Target)
* Product family: virtexuplus
* Target device:  xcu280-fsvh2892-2L-e


================================================================
== Performance Estimates
================================================================
+ Timing: 
    * Summary: 
    +--------+---------+----------+------------+
    |  Clock |  Target | Estimated| Uncertainty|
    +--------+---------+----------+------------+
    |ap_clk  |  3.33 ns|  2.342 ns|     0.90 ns|
    +--------+---------+----------+------------+

+ Latency: 
    * Summary: 
    +---------+---------+----------+----------+-----+-----+---------+
    |  Latency (cycles) |  Latency (absolute) |  Interval | Pipeline|
    |   min   |   max   |    min   |    max   | min | max |   Type  |
    +---------+---------+----------+----------+-----+-----+---------+
    |        ?|        ?|         ?|         ?|    ?|    ?|       no|
    +---------+---------+----------+----------+-----+-----+---------+

    + Detail: 
        * Instance: 
        +-------------------------------------------------+--------------------------------------+---------+---------+----------+----------+-----+-----+---------+
        |                                                 |                                      |  Latency (cycles) |  Latency (absolute) |  Interval | Pipeline|
        |                     Instance                    |                Module                |   min   |   max   |    min   |    max   | min | max |   Type  |
        +-------------------------------------------------+--------------------------------------+---------+---------+----------+----------+-----+-----+---------+
        |grp_stencilRun_Pipeline_VITIS_LOOP_239_1_fu_118  |stencilRun_Pipeline_VITIS_LOOP_239_1  |        ?|        ?|         ?|         ?|    ?|    ?|       no|
        +-------------------------------------------------+--------------------------------------+---------+---------+----------+----------+-----+-----+---------+

        * Loop: 
        N/A

============================================================
+ Verbose Summary: Synthesis Manager
============================================================
InlineROM: 1
ExposeGlobal: 0
============================================================
+ Verbose Summary: CDFG Model
============================================================
IsTopModel: 0
ResetActiveHigh: 1
IsCombinational: 0
IsDatapathOnly: 0
HasWiredReturn: 1
HasMFsm: 0
HasVarLatency: 1
IsPipeline: 0
IsRtlPipelined: 0
IsInstanceOverlapped: 0
IsDontTouch: 0
HasImplIP: 0
IsGatedGlobalClock: 0


============================================================
+ Verbose Summary: Schedule
============================================================
* Number of FSM states : 5
* Pipeline : 0
* Dataflow Pipeline: 0

* FSM state transitions: 
1 --> 2 
2 --> 3 
3 --> 4 
4 --> 5 
5 --> 

* FSM state operations: 

State 1 <SV = 0> <Delay = 1.64>
ST_1 : Operation 6 [1/1] (0.00ns)   --->   "%p_read_20 = read i1 @_ssdm_op_Read.ap_auto.i1, i1 %p_read3"   --->   Operation 6 'read' 'p_read_20' <Predicate = true> <Delay = 0.00>
ST_1 : Operation 7 [1/1] (0.00ns)   --->   "%p_read_22 = read i1 @_ssdm_op_Read.ap_auto.i1, i1 %p_read4"   --->   Operation 7 'read' 'p_read_22' <Predicate = true> <Delay = 0.00>
ST_1 : Operation 8 [1/1] (0.00ns)   --->   "%p_read_23 = read i16 @_ssdm_op_Read.ap_auto.i16, i16 %p_read13"   --->   Operation 8 'read' 'p_read_23' <Predicate = true> <Delay = 0.00>
ST_1 : Operation 9 [1/1] (0.00ns)   --->   "%p_read223 = read i16 @_ssdm_op_Read.ap_auto.i16, i16 %p_read2"   --->   Operation 9 'read' 'p_read223' <Predicate = true> <Delay = 0.00>
ST_1 : Operation 10 [1/1] (0.00ns)   --->   "%p_read122 = read i16 @_ssdm_op_Read.ap_auto.i16, i16 %p_read1"   --->   Operation 10 'read' 'p_read122' <Predicate = true> <Delay = 0.00>
ST_1 : Operation 11 [1/1] (0.00ns)   --->   "%p_read21 = read i14 @_ssdm_op_Read.ap_auto.i14, i14 %p_read"   --->   Operation 11 'read' 'p_read21' <Predicate = true> <Delay = 0.00>
ST_1 : Operation 12 [1/1] (1.64ns)   --->   "%arg0_buf_r0_1_p0_V = alloca i64 1" [/home/x_thileeb/repos/ops-hls-batching-new/codegen_apps/tiling/poisson2d/u280_project/maxtile_8192_interleave_p8/hls/device/include/PE_poisson_kernel_stencil.hpp:206]   --->   Operation 12 'alloca' 'arg0_buf_r0_1_p0_V' <Predicate = true> <Delay = 1.64> <CoreInst = "RAM_S2P_URAM">   --->   Core 98 'RAM_S2P_URAM' <Latency = 2> <II = 1> <Delay = 1.64> <Storage> <Opcode : 'load' 'store'> <Ports = 2> <Width = 544> <Depth = 128> <RAM>
ST_1 : Operation 13 [1/1] (1.20ns)   --->   "%arg0_buf_r1_2_p0_V = alloca i64 1" [/home/x_thileeb/repos/ops-hls-batching-new/codegen_apps/tiling/poisson2d/u280_project/maxtile_8192_interleave_p8/hls/device/include/PE_poisson_kernel_stencil.hpp:211]   --->   Operation 13 'alloca' 'arg0_buf_r1_2_p0_V' <Predicate = true> <Delay = 1.20> <CoreInst = "RAM_S2P_BRAM">   --->   Core 97 'RAM_S2P_BRAM' <Latency = 2> <II = 1> <Delay = 1.20> <Storage> <Opcode : 'load' 'store'> <Ports = 2> <Width = 576> <Depth = 128> <RAM>
ST_1 : Operation 14 [1/1] (0.00ns)   --->   "%zext_ln115 = zext i14 %p_read21" [/home/x_thileeb/repos/ops-hls-batching-new/codegen_apps/tiling/poisson2d/u280_project/maxtile_8192_interleave_p8/hls/device/include/PE_poisson_kernel_stencil.hpp:115]   --->   Operation 14 'zext' 'zext_ln115' <Predicate = true> <Delay = 0.00>
ST_1 : Operation 15 [1/1] (0.00ns) (grouped into LUT with out node sub_ln136)   --->   "%trunc_ln115 = trunc i14 %p_read21" [/home/x_thileeb/repos/ops-hls-batching-new/codegen_apps/tiling/poisson2d/u280_project/maxtile_8192_interleave_p8/hls/device/include/PE_poisson_kernel_stencil.hpp:115]   --->   Operation 15 'trunc' 'trunc_ln115' <Predicate = true> <Delay = 0.00>
ST_1 : Operation 16 [1/1] (0.00ns) (grouped into LUT with out node sub_ln136)   --->   "%true_tile_size_x = bitconcatenate i16 @_ssdm_op_BitConcatenate.i16.i10.i6, i10 %trunc_ln115, i6 0" [/home/x_thileeb/repos/ops-hls-batching-new/codegen_apps/tiling/poisson2d/u280_project/maxtile_8192_interleave_p8/hls/device/include/PE_poisson_kernel_stencil.hpp:115]   --->   Operation 16 'bitconcatenate' 'true_tile_size_x' <Predicate = true> <Delay = 0.00>
ST_1 : Operation 17 [1/1] (0.00ns) (grouped into LUT with out node sub_ln136)   --->   "%select_ln130 = select i1 %p_read_22, i2 1, i2 2" [/home/x_thileeb/repos/ops-hls-batching-new/codegen_apps/tiling/poisson2d/u280_project/maxtile_8192_interleave_p8/hls/device/include/PE_poisson_kernel_stencil.hpp:130]   --->   Operation 17 'select' 'select_ln130' <Predicate = true> <Delay = 0.00> <CoreInst = "Sel">   --->   Core 73 'Sel' <Latency = 0> <II = 1> <Delay = 0.27> <FuncUnit> <Opcode : 'select'> <InPorts = 3> <OutPorts = 1>
ST_1 : Operation 18 [1/1] (0.00ns) (grouped into LUT with out node sub_ln136)   --->   "%or_ln130 = or i1 %p_read_22, i1 %p_read_20" [/home/x_thileeb/repos/ops-hls-batching-new/codegen_apps/tiling/poisson2d/u280_project/maxtile_8192_interleave_p8/hls/device/include/PE_poisson_kernel_stencil.hpp:130]   --->   Operation 18 'or' 'or_ln130' <Predicate = true> <Delay = 0.00> <CoreInst = "LogicGate">   --->   Core 74 'LogicGate' <Latency = 0> <II = 1> <Delay = 0.12> <FuncUnit> <Opcode : 'and' 'or' 'xor'> <InPorts = 2> <OutPorts = 1>
ST_1 : Operation 19 [1/1] (0.00ns) (grouped into LUT with out node sub_ln136)   --->   "%adj_half_span_x_upper = select i1 %or_ln130, i2 %select_ln130, i2 1" [/home/x_thileeb/repos/ops-hls-batching-new/codegen_apps/tiling/poisson2d/u280_project/maxtile_8192_interleave_p8/hls/device/include/PE_poisson_kernel_stencil.hpp:130]   --->   Operation 19 'select' 'adj_half_span_x_upper' <Predicate = true> <Delay = 0.00> <CoreInst = "Sel">   --->   Core 73 'Sel' <Latency = 0> <II = 1> <Delay = 0.27> <FuncUnit> <Opcode : 'select'> <InPorts = 3> <OutPorts = 1>
ST_1 : Operation 20 [1/1] (0.00ns) (grouped into LUT with out node sub_ln136)   --->   "%zext_ln130 = zext i2 %adj_half_span_x_upper" [/home/x_thileeb/repos/ops-hls-batching-new/codegen_apps/tiling/poisson2d/u280_project/maxtile_8192_interleave_p8/hls/device/include/PE_poisson_kernel_stencil.hpp:130]   --->   Operation 20 'zext' 'zext_ln130' <Predicate = true> <Delay = 0.00>
ST_1 : Operation 21 [1/1] (0.78ns)   --->   "%add_ln136 = add i16 %p_read_23, i16 65535" [/home/x_thileeb/repos/ops-hls-batching-new/codegen_apps/tiling/poisson2d/u280_project/maxtile_8192_interleave_p8/hls/device/include/PE_poisson_kernel_stencil.hpp:136]   --->   Operation 21 'add' 'add_ln136' <Predicate = true> <Delay = 0.78> <CoreInst = "Adder">   --->   Core 1 'Adder' <Latency = 0> <II = 1> <Delay = 0.78> <FuncUnit> <Opcode : 'add' 'sub'> <InPorts = 2> <OutPorts = 1>
ST_1 : Operation 22 [1/1] (0.78ns) (out node of the LUT)   --->   "%sub_ln136 = sub i16 %true_tile_size_x, i16 %zext_ln130" [/home/x_thileeb/repos/ops-hls-batching-new/codegen_apps/tiling/poisson2d/u280_project/maxtile_8192_interleave_p8/hls/device/include/PE_poisson_kernel_stencil.hpp:136]   --->   Operation 22 'sub' 'sub_ln136' <Predicate = true> <Delay = 0.78> <CoreInst = "Adder">   --->   Core 1 'Adder' <Latency = 0> <II = 1> <Delay = 0.78> <FuncUnit> <Opcode : 'add' 'sub'> <InPorts = 2> <OutPorts = 1>
ST_1 : Operation 23 [1/1] (0.24ns)   --->   "%upper_limit_x = select i1 %p_read_22, i16 %add_ln136, i16 %sub_ln136" [/home/x_thileeb/repos/ops-hls-batching-new/codegen_apps/tiling/poisson2d/u280_project/maxtile_8192_interleave_p8/hls/device/include/PE_poisson_kernel_stencil.hpp:136]   --->   Operation 23 'select' 'upper_limit_x' <Predicate = true> <Delay = 0.24> <CoreInst = "Sel">   --->   Core 73 'Sel' <Latency = 0> <II = 1> <Delay = 0.24> <FuncUnit> <Opcode : 'select'> <InPorts = 3> <OutPorts = 1>
ST_1 : Operation 24 [1/1] (0.00ns)   --->   "%zext_ln138 = zext i16 %p_read223" [/home/x_thileeb/repos/ops-hls-batching-new/codegen_apps/tiling/poisson2d/u280_project/maxtile_8192_interleave_p8/hls/device/include/PE_poisson_kernel_stencil.hpp:138]   --->   Operation 24 'zext' 'zext_ln138' <Predicate = true> <Delay = 0.00>
ST_1 : Operation 25 [1/1] (0.00ns)   --->   "%zext_ln173 = zext i16 %p_read122" [/home/x_thileeb/repos/ops-hls-batching-new/codegen_apps/tiling/poisson2d/u280_project/maxtile_8192_interleave_p8/hls/device/include/PE_poisson_kernel_stencil.hpp:173]   --->   Operation 25 'zext' 'zext_ln173' <Predicate = true> <Delay = 0.00>
ST_1 : Operation 26 [4/4] (0.53ns) (root node of the DSP)   --->   "%S2D_00_P10_M10_0P1_0M1_read_ub_itr = mul i30 %zext_ln173, i30 %zext_ln115" [/home/x_thileeb/repos/ops-hls-batching-new/codegen_apps/tiling/poisson2d/u280_project/maxtile_8192_interleave_p8/hls/device/include/PE_poisson_kernel_stencil.hpp:173]   --->   Operation 26 'mul' 'S2D_00_P10_M10_0P1_0M1_read_ub_itr' <Predicate = true> <Delay = 0.53> <CoreInst = "DSP48">   --->   Core 127 'DSP48' <Latency = 3> <II = 1> <Delay = 0.53> <IPBlock> <Opcode : 'mul' 'add' 'sub' 'select'> <InPorts = 0> <OutPorts = 1> <Sync> <CReg>
ST_1 : Operation 27 [4/4] (0.53ns) (root node of the DSP)   --->   "%mul_ln239 = mul i30 %zext_ln138, i30 %zext_ln115" [/home/x_thileeb/repos/ops-hls-batching-new/codegen_apps/tiling/poisson2d/u280_project/maxtile_8192_interleave_p8/hls/device/include/PE_poisson_kernel_stencil.hpp:239]   --->   Operation 27 'mul' 'mul_ln239' <Predicate = true> <Delay = 0.53> <CoreInst = "DSP48">   --->   Core 127 'DSP48' <Latency = 3> <II = 1> <Delay = 0.53> <IPBlock> <Opcode : 'mul' 'add' 'sub' 'select'> <InPorts = 0> <OutPorts = 1> <Sync> <CReg>

State 2 <SV = 1> <Delay = 0.53>
ST_2 : Operation 28 [3/4] (0.53ns) (root node of the DSP)   --->   "%S2D_00_P10_M10_0P1_0M1_read_ub_itr = mul i30 %zext_ln173, i30 %zext_ln115" [/home/x_thileeb/repos/ops-hls-batching-new/codegen_apps/tiling/poisson2d/u280_project/maxtile_8192_interleave_p8/hls/device/include/PE_poisson_kernel_stencil.hpp:173]   --->   Operation 28 'mul' 'S2D_00_P10_M10_0P1_0M1_read_ub_itr' <Predicate = true> <Delay = 0.53> <CoreInst = "DSP48">   --->   Core 127 'DSP48' <Latency = 3> <II = 1> <Delay = 0.53> <IPBlock> <Opcode : 'mul' 'add' 'sub' 'select'> <InPorts = 0> <OutPorts = 1> <Sync> <CReg>
ST_2 : Operation 29 [3/4] (0.53ns) (root node of the DSP)   --->   "%mul_ln239 = mul i30 %zext_ln138, i30 %zext_ln115" [/home/x_thileeb/repos/ops-hls-batching-new/codegen_apps/tiling/poisson2d/u280_project/maxtile_8192_interleave_p8/hls/device/include/PE_poisson_kernel_stencil.hpp:239]   --->   Operation 29 'mul' 'mul_ln239' <Predicate = true> <Delay = 0.53> <CoreInst = "DSP48">   --->   Core 127 'DSP48' <Latency = 3> <II = 1> <Delay = 0.53> <IPBlock> <Opcode : 'mul' 'add' 'sub' 'select'> <InPorts = 0> <OutPorts = 1> <Sync> <CReg>

State 3 <SV = 2> <Delay = 0.53>
ST_3 : Operation 30 [1/1] (0.00ns)   --->   "%p_read_21 = read i14 @_ssdm_op_Read.ap_auto.i14, i14 %p_read25"   --->   Operation 30 'read' 'p_read_21' <Predicate = true> <Delay = 0.00>
ST_3 : Operation 31 [2/4] (0.53ns) (root node of the DSP)   --->   "%S2D_00_P10_M10_0P1_0M1_read_ub_itr = mul i30 %zext_ln173, i30 %zext_ln115" [/home/x_thileeb/repos/ops-hls-batching-new/codegen_apps/tiling/poisson2d/u280_project/maxtile_8192_interleave_p8/hls/device/include/PE_poisson_kernel_stencil.hpp:173]   --->   Operation 31 'mul' 'S2D_00_P10_M10_0P1_0M1_read_ub_itr' <Predicate = true> <Delay = 0.53> <CoreInst = "DSP48">   --->   Core 127 'DSP48' <Latency = 3> <II = 1> <Delay = 0.53> <IPBlock> <Opcode : 'mul' 'add' 'sub' 'select'> <InPorts = 0> <OutPorts = 1> <Sync> <CReg>
ST_3 : Operation 32 [2/4] (0.53ns) (root node of the DSP)   --->   "%mul_ln239 = mul i30 %zext_ln138, i30 %zext_ln115" [/home/x_thileeb/repos/ops-hls-batching-new/codegen_apps/tiling/poisson2d/u280_project/maxtile_8192_interleave_p8/hls/device/include/PE_poisson_kernel_stencil.hpp:239]   --->   Operation 32 'mul' 'mul_ln239' <Predicate = true> <Delay = 0.53> <CoreInst = "DSP48">   --->   Core 127 'DSP48' <Latency = 3> <II = 1> <Delay = 0.53> <IPBlock> <Opcode : 'mul' 'add' 'sub' 'select'> <InPorts = 0> <OutPorts = 1> <Sync> <CReg>

State 4 <SV = 3> <Delay = 2.00>
ST_4 : Operation 33 [1/1] (0.00ns)   --->   "%p_read_cast2 = zext i14 %p_read21"   --->   Operation 33 'zext' 'p_read_cast2' <Predicate = true> <Delay = 0.00>
ST_4 : Operation 34 [1/1] (0.78ns)   --->   "%upper_limit_y = add i16 %p_read223, i16 65534" [/home/x_thileeb/repos/ops-hls-batching-new/codegen_apps/tiling/poisson2d/u280_project/maxtile_8192_interleave_p8/hls/device/include/PE_poisson_kernel_stencil.hpp:138]   --->   Operation 34 'add' 'upper_limit_y' <Predicate = true> <Delay = 0.78> <CoreInst = "Adder">   --->   Core 1 'Adder' <Latency = 0> <II = 1> <Delay = 0.78> <FuncUnit> <Opcode : 'add' 'sub'> <InPorts = 2> <OutPorts = 1>
ST_4 : Operation 35 [1/4] (0.00ns) (root node of the DSP)   --->   "%S2D_00_P10_M10_0P1_0M1_read_ub_itr = mul i30 %zext_ln173, i30 %zext_ln115" [/home/x_thileeb/repos/ops-hls-batching-new/codegen_apps/tiling/poisson2d/u280_project/maxtile_8192_interleave_p8/hls/device/include/PE_poisson_kernel_stencil.hpp:173]   --->   Operation 35 'mul' 'S2D_00_P10_M10_0P1_0M1_read_ub_itr' <Predicate = true> <Delay = 0.00> <CoreInst = "DSP48">   --->   Core 127 'DSP48' <Latency = 3> <II = 1> <Delay = 0.53> <IPBlock> <Opcode : 'mul' 'add' 'sub' 'select'> <InPorts = 0> <OutPorts = 1> <Sync> <CReg>
ST_4 : Operation 36 [1/1] (0.76ns)   --->   "%cond_x_val = add i15 %p_read_cast2, i15 32767" [/home/x_thileeb/repos/ops-hls-batching-new/codegen_apps/tiling/poisson2d/u280_project/maxtile_8192_interleave_p8/hls/device/include/PE_poisson_kernel_stencil.hpp:223]   --->   Operation 36 'add' 'cond_x_val' <Predicate = true> <Delay = 0.76> <CoreInst = "Adder">   --->   Core 1 'Adder' <Latency = 0> <II = 1> <Delay = 0.76> <FuncUnit> <Opcode : 'add' 'sub'> <InPorts = 2> <OutPorts = 1>
ST_4 : Operation 37 [1/1] (0.78ns)   --->   "%cond_y_val = add i16 %p_read223, i16 65535" [/home/x_thileeb/repos/ops-hls-batching-new/codegen_apps/tiling/poisson2d/u280_project/maxtile_8192_interleave_p8/hls/device/include/PE_poisson_kernel_stencil.hpp:224]   --->   Operation 37 'add' 'cond_y_val' <Predicate = true> <Delay = 0.78> <CoreInst = "Adder">   --->   Core 1 'Adder' <Latency = 0> <II = 1> <Delay = 0.78> <FuncUnit> <Opcode : 'add' 'sub'> <InPorts = 2> <OutPorts = 1>
ST_4 : Operation 38 [1/1] (0.27ns)   --->   "%adj_half_span_x_lower_cast_cast = select i1 %p_read_20, i2 2, i2 1"   --->   Operation 38 'select' 'adj_half_span_x_lower_cast_cast' <Predicate = true> <Delay = 0.27> <CoreInst = "Sel">   --->   Core 73 'Sel' <Latency = 0> <II = 1> <Delay = 0.27> <FuncUnit> <Opcode : 'select'> <InPorts = 3> <OutPorts = 1>
ST_4 : Operation 39 [1/4] (0.00ns) (root node of the DSP)   --->   "%mul_ln239 = mul i30 %zext_ln138, i30 %zext_ln115" [/home/x_thileeb/repos/ops-hls-batching-new/codegen_apps/tiling/poisson2d/u280_project/maxtile_8192_interleave_p8/hls/device/include/PE_poisson_kernel_stencil.hpp:239]   --->   Operation 39 'mul' 'mul_ln239' <Predicate = true> <Delay = 0.00> <CoreInst = "DSP48">   --->   Core 127 'DSP48' <Latency = 3> <II = 1> <Delay = 0.53> <IPBlock> <Opcode : 'mul' 'add' 'sub' 'select'> <InPorts = 0> <OutPorts = 1> <Sync> <CReg>
ST_4 : Operation 40 [1/1] (0.00ns)   --->   "%empty = wait i32 @_ssdm_op_Wait"   --->   Operation 40 'wait' 'empty' <Predicate = true> <Delay = 0.00>
ST_4 : Operation 41 [2/2] (1.22ns)   --->   "%call_ln239 = call void @stencilRun_Pipeline_VITIS_LOOP_239_1, i30 %mul_ln239, i544 %arg0_buf_r0_1_p0_V, i576 %arg0_buf_r1_2_p0_V, i14 %p_read_21, i16 %upper_limit_y, i2 %adj_half_span_x_lower_cast_cast, i16 %upper_limit_x, i15 %cond_x_val, i16 %cond_y_val, i30 %S2D_00_P10_M10_0P1_0M1_read_ub_itr, i288 %arg0_poisson_kernel_stencil_in_subtile_stream_1_6, i288 %arg0_poisson_kernel_stencil_in_subtile_stream_1_7, i288 %arg1_poisson_kernel_stencil_out_subtile_stream_1_6, i288 %arg1_poisson_kernel_stencil_out_subtile_stream_1_7" [/home/x_thileeb/repos/ops-hls-batching-new/codegen_apps/tiling/poisson2d/u280_project/maxtile_8192_interleave_p8/hls/device/include/PE_poisson_kernel_stencil.hpp:239]   --->   Operation 41 'call' 'call_ln239' <Predicate = true> <Delay = 1.22> <CoreType = "Generic">   --->   Core 0 '' <Latency = 0> <II = 1> <Delay = 1.00> <Generic> <Opcode : >

State 5 <SV = 4> <Delay = 0.00>
ST_5 : Operation 42 [1/1] (0.00ns)   --->   "%specinterface_ln0 = specinterface void @_ssdm_op_SpecInterface, i288 %arg0_poisson_kernel_stencil_in_subtile_stream_1_6, void @empty_36, i32 0, i32 0, void @empty_1, i32 0, i32 0, void @empty_1, void @empty_1, void @empty_1, i32 0, i32 0, i32 0, i32 0, void @empty_1, void @empty_1, i32 4294967295, i32 0"   --->   Operation 42 'specinterface' 'specinterface_ln0' <Predicate = true> <Delay = 0.00>
ST_5 : Operation 43 [1/1] (0.00ns)   --->   "%specinterface_ln0 = specinterface void @_ssdm_op_SpecInterface, i288 %arg0_poisson_kernel_stencil_in_subtile_stream_1_7, void @empty_36, i32 0, i32 0, void @empty_1, i32 0, i32 0, void @empty_1, void @empty_1, void @empty_1, i32 0, i32 0, i32 0, i32 0, void @empty_1, void @empty_1, i32 4294967295, i32 0"   --->   Operation 43 'specinterface' 'specinterface_ln0' <Predicate = true> <Delay = 0.00>
ST_5 : Operation 44 [1/1] (0.00ns)   --->   "%specinterface_ln0 = specinterface void @_ssdm_op_SpecInterface, i288 %arg1_poisson_kernel_stencil_out_subtile_stream_1_6, void @empty_36, i32 0, i32 0, void @empty_1, i32 0, i32 0, void @empty_1, void @empty_1, void @empty_1, i32 0, i32 0, i32 0, i32 0, void @empty_1, void @empty_1, i32 4294967295, i32 0"   --->   Operation 44 'specinterface' 'specinterface_ln0' <Predicate = true> <Delay = 0.00>
ST_5 : Operation 45 [1/1] (0.00ns)   --->   "%specinterface_ln0 = specinterface void @_ssdm_op_SpecInterface, i288 %arg1_poisson_kernel_stencil_out_subtile_stream_1_7, void @empty_36, i32 0, i32 0, void @empty_1, i32 0, i32 0, void @empty_1, void @empty_1, void @empty_1, i32 0, i32 0, i32 0, i32 0, void @empty_1, void @empty_1, i32 4294967295, i32 0"   --->   Operation 45 'specinterface' 'specinterface_ln0' <Predicate = true> <Delay = 0.00>
ST_5 : Operation 46 [1/1] (0.00ns)   --->   "%specmemcore_ln207 = specmemcore void @_ssdm_op_SpecMemCore, i544 %arg0_buf_r0_1_p0_V, i64 666, i64 28, i64 2" [/home/x_thileeb/repos/ops-hls-batching-new/codegen_apps/tiling/poisson2d/u280_project/maxtile_8192_interleave_p8/hls/device/include/PE_poisson_kernel_stencil.hpp:207]   --->   Operation 46 'specmemcore' 'specmemcore_ln207' <Predicate = true> <Delay = 0.00>
ST_5 : Operation 47 [1/1] (0.00ns)   --->   "%specmemcore_ln212 = specmemcore void @_ssdm_op_SpecMemCore, i576 %arg0_buf_r1_2_p0_V, i64 666, i64 25, i64 2" [/home/x_thileeb/repos/ops-hls-batching-new/codegen_apps/tiling/poisson2d/u280_project/maxtile_8192_interleave_p8/hls/device/include/PE_poisson_kernel_stencil.hpp:212]   --->   Operation 47 'specmemcore' 'specmemcore_ln212' <Predicate = true> <Delay = 0.00>
ST_5 : Operation 48 [1/2] (0.00ns)   --->   "%call_ln239 = call void @stencilRun_Pipeline_VITIS_LOOP_239_1, i30 %mul_ln239, i544 %arg0_buf_r0_1_p0_V, i576 %arg0_buf_r1_2_p0_V, i14 %p_read_21, i16 %upper_limit_y, i2 %adj_half_span_x_lower_cast_cast, i16 %upper_limit_x, i15 %cond_x_val, i16 %cond_y_val, i30 %S2D_00_P10_M10_0P1_0M1_read_ub_itr, i288 %arg0_poisson_kernel_stencil_in_subtile_stream_1_6, i288 %arg0_poisson_kernel_stencil_in_subtile_stream_1_7, i288 %arg1_poisson_kernel_stencil_out_subtile_stream_1_6, i288 %arg1_poisson_kernel_stencil_out_subtile_stream_1_7" [/home/x_thileeb/repos/ops-hls-batching-new/codegen_apps/tiling/poisson2d/u280_project/maxtile_8192_interleave_p8/hls/device/include/PE_poisson_kernel_stencil.hpp:239]   --->   Operation 48 'call' 'call_ln239' <Predicate = true> <Delay = 0.00> <CoreType = "Generic">   --->   Core 0 '' <Latency = 0> <II = 1> <Delay = 1.00> <Generic> <Opcode : >
ST_5 : Operation 49 [1/1] (0.00ns)   --->   "%ret_ln463 = ret" [/home/x_thileeb/repos/ops-hls-batching-new/codegen_apps/tiling/poisson2d/u280_project/maxtile_8192_interleave_p8/hls/device/include/PE_poisson_kernel_stencil.hpp:463]   --->   Operation 49 'ret' 'ret_ln463' <Predicate = true> <Delay = 0.00>


============================================================
+ Verbose Summary: Binding
============================================================
STG Binding: 
---------------- STG Properties BEGIN ----------------
- Is combinational: 0
- Is one-state seq: 0
- Is datapath-only: 0
- Is pipelined: 0
- Is top level: 0
Port [ Return ] is wired: 1; IO mode=ap_ctrl_hs:ce=0
Port [ p_read]:  wired=1; compound=0; hidden=0; nouse=0; global=0; static=0; extern=0; dir=0; type=0; pingpong=0; private_global=0; IO mode=ap_none:ce=0
Port [ p_read1]:  wired=1; compound=0; hidden=0; nouse=0; global=0; static=0; extern=0; dir=0; type=0; pingpong=0; private_global=0; IO mode=ap_none:ce=0
Port [ p_read2]:  wired=1; compound=0; hidden=0; nouse=0; global=0; static=0; extern=0; dir=0; type=0; pingpong=0; private_global=0; IO mode=ap_none:ce=0
Port [ p_read13]:  wired=1; compound=0; hidden=0; nouse=0; global=0; static=0; extern=0; dir=0; type=0; pingpong=0; private_global=0; IO mode=ap_none:ce=0
Port [ p_read4]:  wired=1; compound=0; hidden=0; nouse=0; global=0; static=0; extern=0; dir=0; type=0; pingpong=0; private_global=0; IO mode=ap_none:ce=0
Port [ p_read25]:  wired=1; compound=0; hidden=0; nouse=0; global=0; static=0; extern=0; dir=0; type=0; pingpong=0; private_global=0; IO mode=ap_none:ce=0
Port [ p_read3]:  wired=1; compound=0; hidden=0; nouse=0; global=0; static=0; extern=0; dir=0; type=0; pingpong=0; private_global=0; IO mode=ap_none:ce=0
Port [ arg0_poisson_kernel_stencil_in_subtile_stream_1_6]:  wired=1; compound=1; hidden=0; nouse=0; global=0; static=0; extern=0; dir=0; type=3; pingpong=0; private_global=0; IO mode=ap_fifo:ce=0
Port [ arg0_poisson_kernel_stencil_in_subtile_stream_1_7]:  wired=1; compound=1; hidden=0; nouse=0; global=0; static=0; extern=0; dir=0; type=3; pingpong=0; private_global=0; IO mode=ap_fifo:ce=0
Port [ arg1_poisson_kernel_stencil_out_subtile_stream_1_6]:  wired=1; compound=1; hidden=0; nouse=0; global=0; static=0; extern=0; dir=1; type=3; pingpong=0; private_global=0; IO mode=ap_fifo:ce=0
Port [ arg1_poisson_kernel_stencil_out_subtile_stream_1_7]:  wired=1; compound=1; hidden=0; nouse=0; global=0; static=0; extern=0; dir=1; type=3; pingpong=0; private_global=0; IO mode=ap_fifo:ce=0
---------------- STG Properties END ------------------

---------------- Datapath Model BEGIN ----------------

<LifeTime>
<method=bitvector/>
p_read_20                          (read          ) [ 001110]
p_read_22                          (read          ) [ 000000]
p_read_23                          (read          ) [ 000000]
p_read223                          (read          ) [ 001110]
p_read122                          (read          ) [ 000000]
p_read21                           (read          ) [ 001110]
arg0_buf_r0_1_p0_V                 (alloca        ) [ 001111]
arg0_buf_r1_2_p0_V                 (alloca        ) [ 001111]
zext_ln115                         (zext          ) [ 001110]
trunc_ln115                        (trunc         ) [ 000000]
true_tile_size_x                   (bitconcatenate) [ 000000]
select_ln130                       (select        ) [ 000000]
or_ln130                           (or            ) [ 000000]
adj_half_span_x_upper              (select        ) [ 000000]
zext_ln130                         (zext          ) [ 000000]
add_ln136                          (add           ) [ 000000]
sub_ln136                          (sub           ) [ 000000]
upper_limit_x                      (select        ) [ 001111]
zext_ln138                         (zext          ) [ 001110]
zext_ln173                         (zext          ) [ 001110]
p_read_21                          (read          ) [ 000011]
p_read_cast2                       (zext          ) [ 000000]
upper_limit_y                      (add           ) [ 000001]
S2D_00_P10_M10_0P1_0M1_read_ub_itr (mul           ) [ 000001]
cond_x_val                         (add           ) [ 000001]
cond_y_val                         (add           ) [ 000001]
adj_half_span_x_lower_cast_cast    (select        ) [ 000001]
mul_ln239                          (mul           ) [ 000001]
empty                              (wait          ) [ 000000]
specinterface_ln0                  (specinterface ) [ 000000]
specinterface_ln0                  (specinterface ) [ 000000]
specinterface_ln0                  (specinterface ) [ 000000]
specinterface_ln0                  (specinterface ) [ 000000]
specmemcore_ln207                  (specmemcore   ) [ 000000]
specmemcore_ln212                  (specmemcore   ) [ 000000]
call_ln239                         (call          ) [ 000000]
ret_ln463                          (ret           ) [ 000000]
</LifeTime>

<model>

<comp_list>
<comp id="0" class="1000" name="p_read">
<pin_list>
<pin id="1" dir="1" index="0" bw="1" slack="0"/>
</pin_list>
<bind>
<StgValue><ssdm name="p_read"/></StgValue>
</bind>
</comp>

<comp id="2" class="1000" name="p_read1">
<pin_list>
<pin id="3" dir="1" index="0" bw="1" slack="0"/>
</pin_list>
<bind>
<StgValue><ssdm name="p_read1"/></StgValue>
</bind>
</comp>

<comp id="4" class="1000" name="p_read2">
<pin_list>
<pin id="5" dir="1" index="0" bw="1" slack="0"/>
</pin_list>
<bind>
<StgValue><ssdm name="p_read2"/></StgValue>
</bind>
</comp>

<comp id="6" class="1000" name="p_read13">
<pin_list>
<pin id="7" dir="1" index="0" bw="1" slack="0"/>
</pin_list>
<bind>
<StgValue><ssdm name="p_read13"/></StgValue>
</bind>
</comp>

<comp id="8" class="1000" name="p_read4">
<pin_list>
<pin id="9" dir="1" index="0" bw="1" slack="0"/>
</pin_list>
<bind>
<StgValue><ssdm name="p_read4"/></StgValue>
</bind>
</comp>

<comp id="10" class="1000" name="p_read25">
<pin_list>
<pin id="11" dir="1" index="0" bw="1" slack="0"/>
</pin_list>
<bind>
<StgValue><ssdm name="p_read25"/></StgValue>
</bind>
</comp>

<comp id="12" class="1000" name="p_read3">
<pin_list>
<pin id="13" dir="1" index="0" bw="1" slack="0"/>
</pin_list>
<bind>
<StgValue><ssdm name="p_read3"/></StgValue>
</bind>
</comp>

<comp id="14" class="1000" name="arg0_poisson_kernel_stencil_in_subtile_stream_1_6">
<pin_list>
<pin id="15" dir="1" index="0" bw="1" slack="0"/>
</pin_list>
<bind>
<StgValue><ssdm name="arg0_poisson_kernel_stencil_in_subtile_stream_1_6"/></StgValue>
</bind>
</comp>

<comp id="16" class="1000" name="arg0_poisson_kernel_stencil_in_subtile_stream_1_7">
<pin_list>
<pin id="17" dir="1" index="0" bw="1" slack="0"/>
</pin_list>
<bind>
<StgValue><ssdm name="arg0_poisson_kernel_stencil_in_subtile_stream_1_7"/></StgValue>
</bind>
</comp>

<comp id="18" class="1000" name="arg1_poisson_kernel_stencil_out_subtile_stream_1_6">
<pin_list>
<pin id="19" dir="1" index="0" bw="1" slack="0"/>
</pin_list>
<bind>
<StgValue><ssdm name="arg1_poisson_kernel_stencil_out_subtile_stream_1_6"/></StgValue>
</bind>
</comp>

<comp id="20" class="1000" name="arg1_poisson_kernel_stencil_out_subtile_stream_1_7">
<pin_list>
<pin id="21" dir="1" index="0" bw="1" slack="0"/>
</pin_list>
<bind>
<StgValue><ssdm name="arg1_poisson_kernel_stencil_out_subtile_stream_1_7"/></StgValue>
</bind>
</comp>

<comp id="22" class="1001" name="const_22">
<pin_list>
<pin id="23" dir="1" index="0" bw="1" slack="0"/>
</pin_list>
<bind>
<StgValue><ssdm name="_ssdm_op_Read.ap_auto.i1"/></StgValue>
</bind>
</comp>

<comp id="24" class="1001" name="const_24">
<pin_list>
<pin id="25" dir="1" index="0" bw="1" slack="0"/>
</pin_list>
<bind>
<StgValue><ssdm name="_ssdm_op_Read.ap_auto.i16"/></StgValue>
</bind>
</comp>

<comp id="26" class="1001" name="const_26">
<pin_list>
<pin id="27" dir="1" index="0" bw="1" slack="0"/>
</pin_list>
<bind>
<StgValue><ssdm name="_ssdm_op_Read.ap_auto.i14"/></StgValue>
</bind>
</comp>

<comp id="28" class="1001" name="const_28">
<pin_list>
<pin id="29" dir="1" index="0" bw="1" slack="0"/>
</pin_list>
<bind>
<StgValue><ssdm name=""/></StgValue>
</bind>
</comp>

<comp id="30" class="1001" name="const_30">
<pin_list>
<pin id="31" dir="1" index="0" bw="1" slack="0"/>
</pin_list>
<bind>
<StgValue><ssdm name="_ssdm_op_BitConcatenate.i16.i10.i6"/></StgValue>
</bind>
</comp>

<comp id="32" class="1001" name="const_32">
<pin_list>
<pin id="33" dir="1" index="0" bw="1" slack="0"/>
</pin_list>
<bind>
<StgValue><ssdm name=""/></StgValue>
</bind>
</comp>

<comp id="34" class="1001" name="const_34">
<pin_list>
<pin id="35" dir="1" index="0" bw="1" slack="0"/>
</pin_list>
<bind>
<StgValue><ssdm name=""/></StgValue>
</bind>
</comp>

<comp id="36" class="1001" name="const_36">
<pin_list>
<pin id="37" dir="1" index="0" bw="1" slack="0"/>
</pin_list>
<bind>
<StgValue><ssdm name=""/></StgValue>
</bind>
</comp>

<comp id="38" class="1001" name="const_38">
<pin_list>
<pin id="39" dir="1" index="0" bw="1" slack="0"/>
</pin_list>
<bind>
<StgValue><ssdm name=""/></StgValue>
</bind>
</comp>

<comp id="40" class="1001" name="const_40">
<pin_list>
<pin id="41" dir="1" index="0" bw="1" slack="0"/>
</pin_list>
<bind>
<StgValue><ssdm name=""/></StgValue>
</bind>
</comp>

<comp id="42" class="1001" name="const_42">
<pin_list>
<pin id="43" dir="1" index="0" bw="1" slack="0"/>
</pin_list>
<bind>
<StgValue><ssdm name=""/></StgValue>
</bind>
</comp>

<comp id="44" class="1001" name="const_44">
<pin_list>
<pin id="45" dir="1" index="0" bw="1" slack="2147483647"/>
</pin_list>
<bind>
<StgValue><ssdm name="_ssdm_op_Wait"/></StgValue>
</bind>
</comp>

<comp id="46" class="1001" name="const_46">
<pin_list>
<pin id="47" dir="1" index="0" bw="1" slack="0"/>
</pin_list>
<bind>
<StgValue><ssdm name="stencilRun_Pipeline_VITIS_LOOP_239_1"/></StgValue>
</bind>
</comp>

<comp id="48" class="1001" name="const_48">
<pin_list>
<pin id="49" dir="1" index="0" bw="1" slack="2147483647"/>
</pin_list>
<bind>
<StgValue><ssdm name="_ssdm_op_SpecInterface"/></StgValue>
</bind>
</comp>

<comp id="50" class="1001" name="const_50">
<pin_list>
<pin id="51" dir="1" index="0" bw="1" slack="2147483647"/>
</pin_list>
<bind>
<StgValue><ssdm name="empty_36"/></StgValue>
</bind>
</comp>

<comp id="52" class="1001" name="const_52">
<pin_list>
<pin id="53" dir="1" index="0" bw="1" slack="2147483647"/>
</pin_list>
<bind>
<StgValue><ssdm name=""/></StgValue>
</bind>
</comp>

<comp id="54" class="1001" name="const_54">
<pin_list>
<pin id="55" dir="1" index="0" bw="1" slack="2147483647"/>
</pin_list>
<bind>
<StgValue><ssdm name="empty_1"/></StgValue>
</bind>
</comp>

<comp id="56" class="1001" name="const_56">
<pin_list>
<pin id="57" dir="1" index="0" bw="1" slack="2147483647"/>
</pin_list>
<bind>
<StgValue><ssdm name=""/></StgValue>
</bind>
</comp>

<comp id="58" class="1001" name="const_58">
<pin_list>
<pin id="59" dir="1" index="0" bw="1" slack="2147483647"/>
</pin_list>
<bind>
<StgValue><ssdm name="_ssdm_op_SpecMemCore"/></StgValue>
</bind>
</comp>

<comp id="60" class="1001" name="const_60">
<pin_list>
<pin id="61" dir="1" index="0" bw="1" slack="2147483647"/>
</pin_list>
<bind>
<StgValue><ssdm name=""/></StgValue>
</bind>
</comp>

<comp id="62" class="1001" name="const_62">
<pin_list>
<pin id="63" dir="1" index="0" bw="1" slack="2147483647"/>
</pin_list>
<bind>
<StgValue><ssdm name=""/></StgValue>
</bind>
</comp>

<comp id="64" class="1001" name="const_64">
<pin_list>
<pin id="65" dir="1" index="0" bw="1" slack="2147483647"/>
</pin_list>
<bind>
<StgValue><ssdm name=""/></StgValue>
</bind>
</comp>

<comp id="66" class="1001" name="const_66">
<pin_list>
<pin id="67" dir="1" index="0" bw="1" slack="2147483647"/>
</pin_list>
<bind>
<StgValue><ssdm name=""/></StgValue>
</bind>
</comp>

<comp id="68" class="1004" name="arg0_buf_r0_1_p0_V_alloca_fu_68">
<pin_list>
<pin id="69" dir="0" index="0" bw="1" slack="0"/>
<pin id="70" dir="1" index="1" bw="544" slack="2147483647"/>
</pin_list>
<bind>
<opcode="alloca(26) " fcode="alloca"/>
<opset="arg0_buf_r0_1_p0_V/1 "/>
</bind>
</comp>

<comp id="72" class="1004" name="arg0_buf_r1_2_p0_V_alloca_fu_72">
<pin_list>
<pin id="73" dir="0" index="0" bw="1" slack="0"/>
<pin id="74" dir="1" index="1" bw="576" slack="2147483647"/>
</pin_list>
<bind>
<opcode="alloca(26) " fcode="alloca"/>
<opset="arg0_buf_r1_2_p0_V/1 "/>
</bind>
</comp>

<comp id="76" class="1004" name="p_read_20_read_fu_76">
<pin_list>
<pin id="77" dir="0" index="0" bw="1" slack="0"/>
<pin id="78" dir="0" index="1" bw="1" slack="0"/>
<pin id="79" dir="1" index="2" bw="1" slack="0"/>
</pin_list>
<bind>
<opcode="read(1150) " fcode="read"/>
<opset="p_read_20/1 "/>
</bind>
</comp>

<comp id="82" class="1004" name="p_read_22_read_fu_82">
<pin_list>
<pin id="83" dir="0" index="0" bw="1" slack="0"/>
<pin id="84" dir="0" index="1" bw="1" slack="0"/>
<pin id="85" dir="1" index="2" bw="1" slack="0"/>
</pin_list>
<bind>
<opcode="read(1150) " fcode="read"/>
<opset="p_read_22/1 "/>
</bind>
</comp>

<comp id="88" class="1004" name="p_read_23_read_fu_88">
<pin_list>
<pin id="89" dir="0" index="0" bw="16" slack="0"/>
<pin id="90" dir="0" index="1" bw="16" slack="0"/>
<pin id="91" dir="1" index="2" bw="16" slack="0"/>
</pin_list>
<bind>
<opcode="read(1150) " fcode="read"/>
<opset="p_read_23/1 "/>
</bind>
</comp>

<comp id="94" class="1004" name="p_read223_read_fu_94">
<pin_list>
<pin id="95" dir="0" index="0" bw="16" slack="0"/>
<pin id="96" dir="0" index="1" bw="16" slack="0"/>
<pin id="97" dir="1" index="2" bw="16" slack="0"/>
</pin_list>
<bind>
<opcode="read(1150) " fcode="read"/>
<opset="p_read223/1 "/>
</bind>
</comp>

<comp id="100" class="1004" name="p_read122_read_fu_100">
<pin_list>
<pin id="101" dir="0" index="0" bw="16" slack="0"/>
<pin id="102" dir="0" index="1" bw="16" slack="0"/>
<pin id="103" dir="1" index="2" bw="16" slack="0"/>
</pin_list>
<bind>
<opcode="read(1150) " fcode="read"/>
<opset="p_read122/1 "/>
</bind>
</comp>

<comp id="106" class="1004" name="p_read21_read_fu_106">
<pin_list>
<pin id="107" dir="0" index="0" bw="14" slack="0"/>
<pin id="108" dir="0" index="1" bw="14" slack="0"/>
<pin id="109" dir="1" index="2" bw="14" slack="0"/>
</pin_list>
<bind>
<opcode="read(1150) " fcode="read"/>
<opset="p_read21/1 "/>
</bind>
</comp>

<comp id="112" class="1004" name="p_read_21_read_fu_112">
<pin_list>
<pin id="113" dir="0" index="0" bw="14" slack="0"/>
<pin id="114" dir="0" index="1" bw="14" slack="0"/>
<pin id="115" dir="1" index="2" bw="14" slack="1"/>
</pin_list>
<bind>
<opcode="read(1150) " fcode="read"/>
<opset="p_read_21/3 "/>
</bind>
</comp>

<comp id="118" class="1004" name="grp_stencilRun_Pipeline_VITIS_LOOP_239_1_fu_118">
<pin_list>
<pin id="119" dir="0" index="0" bw="0" slack="0"/>
<pin id="120" dir="0" index="1" bw="30" slack="0"/>
<pin id="121" dir="0" index="2" bw="544" slack="2147483647"/>
<pin id="122" dir="0" index="3" bw="576" slack="2147483647"/>
<pin id="123" dir="0" index="4" bw="14" slack="1"/>
<pin id="124" dir="0" index="5" bw="16" slack="0"/>
<pin id="125" dir="0" index="6" bw="2" slack="0"/>
<pin id="126" dir="0" index="7" bw="16" slack="3"/>
<pin id="127" dir="0" index="8" bw="15" slack="0"/>
<pin id="128" dir="0" index="9" bw="16" slack="0"/>
<pin id="129" dir="0" index="10" bw="30" slack="0"/>
<pin id="130" dir="0" index="11" bw="288" slack="0"/>
<pin id="131" dir="0" index="12" bw="288" slack="0"/>
<pin id="132" dir="0" index="13" bw="288" slack="0"/>
<pin id="133" dir="0" index="14" bw="288" slack="0"/>
<pin id="134" dir="1" index="15" bw="0" slack="2147483647"/>
</pin_list>
<bind>
<opcode="call(48) " fcode="call"/>
<opset="call_ln239/4 "/>
</bind>
</comp>

<comp id="140" class="1004" name="zext_ln115_fu_140">
<pin_list>
<pin id="141" dir="0" index="0" bw="14" slack="0"/>
<pin id="142" dir="1" index="1" bw="30" slack="0"/>
</pin_list>
<bind>
<opcode="zext(34) " fcode="zext"/>
<opset="zext_ln115/1 "/>
</bind>
</comp>

<comp id="144" class="1004" name="trunc_ln115_fu_144">
<pin_list>
<pin id="145" dir="0" index="0" bw="14" slack="0"/>
<pin id="146" dir="1" index="1" bw="10" slack="0"/>
</pin_list>
<bind>
<opcode="trunc(33) " fcode="trunc"/>
<opset="trunc_ln115/1 "/>
</bind>
</comp>

<comp id="148" class="1004" name="true_tile_size_x_fu_148">
<pin_list>
<pin id="149" dir="0" index="0" bw="16" slack="0"/>
<pin id="150" dir="0" index="1" bw="10" slack="0"/>
<pin id="151" dir="0" index="2" bw="1" slack="0"/>
<pin id="152" dir="1" index="3" bw="16" slack="0"/>
</pin_list>
<bind>
<opcode="bitconcatenate(1004) " fcode="bitconcatenate"/>
<opset="true_tile_size_x/1 "/>
</bind>
</comp>

<comp id="156" class="1004" name="select_ln130_fu_156">
<pin_list>
<pin id="157" dir="0" index="0" bw="1" slack="0"/>
<pin id="158" dir="0" index="1" bw="1" slack="0"/>
<pin id="159" dir="0" index="2" bw="2" slack="0"/>
<pin id="160" dir="1" index="3" bw="2" slack="0"/>
</pin_list>
<bind>
<opcode="select(49) " fcode="select"/>
<opset="select_ln130/1 "/>
</bind>
</comp>

<comp id="164" class="1004" name="or_ln130_fu_164">
<pin_list>
<pin id="165" dir="0" index="0" bw="1" slack="0"/>
<pin id="166" dir="0" index="1" bw="1" slack="0"/>
<pin id="167" dir="1" index="2" bw="1" slack="0"/>
</pin_list>
<bind>
<opcode="or(24) " fcode="or"/>
<opset="or_ln130/1 "/>
</bind>
</comp>

<comp id="170" class="1004" name="adj_half_span_x_upper_fu_170">
<pin_list>
<pin id="171" dir="0" index="0" bw="1" slack="0"/>
<pin id="172" dir="0" index="1" bw="2" slack="0"/>
<pin id="173" dir="0" index="2" bw="1" slack="0"/>
<pin id="174" dir="1" index="3" bw="2" slack="0"/>
</pin_list>
<bind>
<opcode="select(49) " fcode="select"/>
<opset="adj_half_span_x_upper/1 "/>
</bind>
</comp>

<comp id="178" class="1004" name="zext_ln130_fu_178">
<pin_list>
<pin id="179" dir="0" index="0" bw="2" slack="0"/>
<pin id="180" dir="1" index="1" bw="16" slack="0"/>
</pin_list>
<bind>
<opcode="zext(34) " fcode="zext"/>
<opset="zext_ln130/1 "/>
</bind>
</comp>

<comp id="182" class="1004" name="add_ln136_fu_182">
<pin_list>
<pin id="183" dir="0" index="0" bw="16" slack="0"/>
<pin id="184" dir="0" index="1" bw="1" slack="0"/>
<pin id="185" dir="1" index="2" bw="16" slack="0"/>
</pin_list>
<bind>
<opcode="add(8) " fcode="add"/>
<opset="add_ln136/1 "/>
</bind>
</comp>

<comp id="188" class="1004" name="sub_ln136_fu_188">
<pin_list>
<pin id="189" dir="0" index="0" bw="16" slack="0"/>
<pin id="190" dir="0" index="1" bw="2" slack="0"/>
<pin id="191" dir="1" index="2" bw="16" slack="0"/>
</pin_list>
<bind>
<opcode="sub(10) " fcode="sub"/>
<opset="sub_ln136/1 "/>
</bind>
</comp>

<comp id="194" class="1004" name="upper_limit_x_fu_194">
<pin_list>
<pin id="195" dir="0" index="0" bw="1" slack="0"/>
<pin id="196" dir="0" index="1" bw="16" slack="0"/>
<pin id="197" dir="0" index="2" bw="16" slack="0"/>
<pin id="198" dir="1" index="3" bw="16" slack="3"/>
</pin_list>
<bind>
<opcode="select(49) " fcode="select"/>
<opset="upper_limit_x/1 "/>
</bind>
</comp>

<comp id="202" class="1004" name="zext_ln138_fu_202">
<pin_list>
<pin id="203" dir="0" index="0" bw="16" slack="0"/>
<pin id="204" dir="1" index="1" bw="30" slack="0"/>
</pin_list>
<bind>
<opcode="zext(34) " fcode="zext"/>
<opset="zext_ln138/1 "/>
</bind>
</comp>

<comp id="206" class="1004" name="zext_ln173_fu_206">
<pin_list>
<pin id="207" dir="0" index="0" bw="16" slack="0"/>
<pin id="208" dir="1" index="1" bw="30" slack="0"/>
</pin_list>
<bind>
<opcode="zext(34) " fcode="zext"/>
<opset="zext_ln173/1 "/>
</bind>
</comp>

<comp id="210" class="1004" name="p_read_cast2_fu_210">
<pin_list>
<pin id="211" dir="0" index="0" bw="14" slack="3"/>
<pin id="212" dir="1" index="1" bw="15" slack="0"/>
</pin_list>
<bind>
<opcode="zext(34) " fcode="zext"/>
<opset="p_read_cast2/4 "/>
</bind>
</comp>

<comp id="213" class="1004" name="upper_limit_y_fu_213">
<pin_list>
<pin id="214" dir="0" index="0" bw="16" slack="3"/>
<pin id="215" dir="0" index="1" bw="2" slack="0"/>
<pin id="216" dir="1" index="2" bw="16" slack="0"/>
</pin_list>
<bind>
<opcode="add(8) " fcode="add"/>
<opset="upper_limit_y/4 "/>
</bind>
</comp>

<comp id="219" class="1004" name="cond_x_val_fu_219">
<pin_list>
<pin id="220" dir="0" index="0" bw="14" slack="0"/>
<pin id="221" dir="0" index="1" bw="1" slack="0"/>
<pin id="222" dir="1" index="2" bw="15" slack="0"/>
</pin_list>
<bind>
<opcode="add(8) " fcode="add"/>
<opset="cond_x_val/4 "/>
</bind>
</comp>

<comp id="226" class="1004" name="cond_y_val_fu_226">
<pin_list>
<pin id="227" dir="0" index="0" bw="16" slack="3"/>
<pin id="228" dir="0" index="1" bw="1" slack="0"/>
<pin id="229" dir="1" index="2" bw="16" slack="0"/>
</pin_list>
<bind>
<opcode="add(8) " fcode="add"/>
<opset="cond_y_val/4 "/>
</bind>
</comp>

<comp id="232" class="1004" name="adj_half_span_x_lower_cast_cast_fu_232">
<pin_list>
<pin id="233" dir="0" index="0" bw="1" slack="3"/>
<pin id="234" dir="0" index="1" bw="2" slack="0"/>
<pin id="235" dir="0" index="2" bw="1" slack="0"/>
<pin id="236" dir="1" index="3" bw="2" slack="0"/>
</pin_list>
<bind>
<opcode="select(49) " fcode="select"/>
<opset="adj_half_span_x_lower_cast_cast/4 "/>
</bind>
</comp>

<comp id="240" class="1007" name="grp_fu_240">
<pin_list>
<pin id="241" dir="0" index="0" bw="16" slack="0"/>
<pin id="242" dir="0" index="1" bw="14" slack="0"/>
<pin id="243" dir="1" index="2" bw="30" slack="0"/>
</pin_list>
<bind>
<opcode="mul(12) " fcode="mul"/>
<opset="S2D_00_P10_M10_0P1_0M1_read_ub_itr/1 "/>
</bind>
</comp>

<comp id="247" class="1007" name="grp_fu_247">
<pin_list>
<pin id="248" dir="0" index="0" bw="16" slack="0"/>
<pin id="249" dir="0" index="1" bw="14" slack="0"/>
<pin id="250" dir="1" index="2" bw="30" slack="0"/>
</pin_list>
<bind>
<opcode="mul(12) " fcode="mul"/>
<opset="mul_ln239/1 "/>
</bind>
</comp>

<comp id="254" class="1005" name="p_read_20_reg_254">
<pin_list>
<pin id="255" dir="0" index="0" bw="1" slack="3"/>
<pin id="256" dir="1" index="1" bw="1" slack="3"/>
</pin_list>
<bind>
<opset="p_read_20 "/>
</bind>
</comp>

<comp id="259" class="1005" name="p_read223_reg_259">
<pin_list>
<pin id="260" dir="0" index="0" bw="16" slack="3"/>
<pin id="261" dir="1" index="1" bw="16" slack="3"/>
</pin_list>
<bind>
<opset="p_read223 "/>
</bind>
</comp>

<comp id="265" class="1005" name="p_read21_reg_265">
<pin_list>
<pin id="266" dir="0" index="0" bw="14" slack="3"/>
<pin id="267" dir="1" index="1" bw="14" slack="3"/>
</pin_list>
<bind>
<opset="p_read21 "/>
</bind>
</comp>

<comp id="270" class="1005" name="zext_ln115_reg_270">
<pin_list>
<pin id="271" dir="0" index="0" bw="30" slack="1"/>
<pin id="272" dir="1" index="1" bw="30" slack="1"/>
</pin_list>
<bind>
<opset="zext_ln115 "/>
</bind>
</comp>

<comp id="276" class="1005" name="upper_limit_x_reg_276">
<pin_list>
<pin id="277" dir="0" index="0" bw="16" slack="3"/>
<pin id="278" dir="1" index="1" bw="16" slack="3"/>
</pin_list>
<bind>
<opset="upper_limit_x "/>
</bind>
</comp>

<comp id="281" class="1005" name="zext_ln138_reg_281">
<pin_list>
<pin id="282" dir="0" index="0" bw="30" slack="1"/>
<pin id="283" dir="1" index="1" bw="30" slack="1"/>
</pin_list>
<bind>
<opset="zext_ln138 "/>
</bind>
</comp>

<comp id="286" class="1005" name="zext_ln173_reg_286">
<pin_list>
<pin id="287" dir="0" index="0" bw="30" slack="1"/>
<pin id="288" dir="1" index="1" bw="30" slack="1"/>
</pin_list>
<bind>
<opset="zext_ln173 "/>
</bind>
</comp>

<comp id="291" class="1005" name="p_read_21_reg_291">
<pin_list>
<pin id="292" dir="0" index="0" bw="14" slack="1"/>
<pin id="293" dir="1" index="1" bw="14" slack="1"/>
</pin_list>
<bind>
<opset="p_read_21 "/>
</bind>
</comp>

<comp id="296" class="1005" name="upper_limit_y_reg_296">
<pin_list>
<pin id="297" dir="0" index="0" bw="16" slack="1"/>
<pin id="298" dir="1" index="1" bw="16" slack="1"/>
</pin_list>
<bind>
<opset="upper_limit_y "/>
</bind>
</comp>

<comp id="301" class="1005" name="S2D_00_P10_M10_0P1_0M1_read_ub_itr_reg_301">
<pin_list>
<pin id="302" dir="0" index="0" bw="30" slack="1"/>
<pin id="303" dir="1" index="1" bw="30" slack="1"/>
</pin_list>
<bind>
<opset="S2D_00_P10_M10_0P1_0M1_read_ub_itr "/>
</bind>
</comp>

<comp id="306" class="1005" name="cond_x_val_reg_306">
<pin_list>
<pin id="307" dir="0" index="0" bw="15" slack="1"/>
<pin id="308" dir="1" index="1" bw="15" slack="1"/>
</pin_list>
<bind>
<opset="cond_x_val "/>
</bind>
</comp>

<comp id="311" class="1005" name="cond_y_val_reg_311">
<pin_list>
<pin id="312" dir="0" index="0" bw="16" slack="1"/>
<pin id="313" dir="1" index="1" bw="16" slack="1"/>
</pin_list>
<bind>
<opset="cond_y_val "/>
</bind>
</comp>

<comp id="316" class="1005" name="adj_half_span_x_lower_cast_cast_reg_316">
<pin_list>
<pin id="317" dir="0" index="0" bw="2" slack="1"/>
<pin id="318" dir="1" index="1" bw="2" slack="1"/>
</pin_list>
<bind>
<opset="adj_half_span_x_lower_cast_cast "/>
</bind>
</comp>

<comp id="321" class="1005" name="mul_ln239_reg_321">
<pin_list>
<pin id="322" dir="0" index="0" bw="30" slack="1"/>
<pin id="323" dir="1" index="1" bw="30" slack="1"/>
</pin_list>
<bind>
<opset="mul_ln239 "/>
</bind>
</comp>

</comp_list>

<net_list>
<net id="71"><net_src comp="28" pin="0"/><net_sink comp="68" pin=0"/></net>

<net id="75"><net_src comp="28" pin="0"/><net_sink comp="72" pin=0"/></net>

<net id="80"><net_src comp="22" pin="0"/><net_sink comp="76" pin=0"/></net>

<net id="81"><net_src comp="12" pin="0"/><net_sink comp="76" pin=1"/></net>

<net id="86"><net_src comp="22" pin="0"/><net_sink comp="82" pin=0"/></net>

<net id="87"><net_src comp="8" pin="0"/><net_sink comp="82" pin=1"/></net>

<net id="92"><net_src comp="24" pin="0"/><net_sink comp="88" pin=0"/></net>

<net id="93"><net_src comp="6" pin="0"/><net_sink comp="88" pin=1"/></net>

<net id="98"><net_src comp="24" pin="0"/><net_sink comp="94" pin=0"/></net>

<net id="99"><net_src comp="4" pin="0"/><net_sink comp="94" pin=1"/></net>

<net id="104"><net_src comp="24" pin="0"/><net_sink comp="100" pin=0"/></net>

<net id="105"><net_src comp="2" pin="0"/><net_sink comp="100" pin=1"/></net>

<net id="110"><net_src comp="26" pin="0"/><net_sink comp="106" pin=0"/></net>

<net id="111"><net_src comp="0" pin="0"/><net_sink comp="106" pin=1"/></net>

<net id="116"><net_src comp="26" pin="0"/><net_sink comp="112" pin=0"/></net>

<net id="117"><net_src comp="10" pin="0"/><net_sink comp="112" pin=1"/></net>

<net id="135"><net_src comp="46" pin="0"/><net_sink comp="118" pin=0"/></net>

<net id="136"><net_src comp="14" pin="0"/><net_sink comp="118" pin=11"/></net>

<net id="137"><net_src comp="16" pin="0"/><net_sink comp="118" pin=12"/></net>

<net id="138"><net_src comp="18" pin="0"/><net_sink comp="118" pin=13"/></net>

<net id="139"><net_src comp="20" pin="0"/><net_sink comp="118" pin=14"/></net>

<net id="143"><net_src comp="106" pin="2"/><net_sink comp="140" pin=0"/></net>

<net id="147"><net_src comp="106" pin="2"/><net_sink comp="144" pin=0"/></net>

<net id="153"><net_src comp="30" pin="0"/><net_sink comp="148" pin=0"/></net>

<net id="154"><net_src comp="144" pin="1"/><net_sink comp="148" pin=1"/></net>

<net id="155"><net_src comp="32" pin="0"/><net_sink comp="148" pin=2"/></net>

<net id="161"><net_src comp="82" pin="2"/><net_sink comp="156" pin=0"/></net>

<net id="162"><net_src comp="34" pin="0"/><net_sink comp="156" pin=1"/></net>

<net id="163"><net_src comp="36" pin="0"/><net_sink comp="156" pin=2"/></net>

<net id="168"><net_src comp="82" pin="2"/><net_sink comp="164" pin=0"/></net>

<net id="169"><net_src comp="76" pin="2"/><net_sink comp="164" pin=1"/></net>

<net id="175"><net_src comp="164" pin="2"/><net_sink comp="170" pin=0"/></net>

<net id="176"><net_src comp="156" pin="3"/><net_sink comp="170" pin=1"/></net>

<net id="177"><net_src comp="34" pin="0"/><net_sink comp="170" pin=2"/></net>

<net id="181"><net_src comp="170" pin="3"/><net_sink comp="178" pin=0"/></net>

<net id="186"><net_src comp="88" pin="2"/><net_sink comp="182" pin=0"/></net>

<net id="187"><net_src comp="38" pin="0"/><net_sink comp="182" pin=1"/></net>

<net id="192"><net_src comp="148" pin="3"/><net_sink comp="188" pin=0"/></net>

<net id="193"><net_src comp="178" pin="1"/><net_sink comp="188" pin=1"/></net>

<net id="199"><net_src comp="82" pin="2"/><net_sink comp="194" pin=0"/></net>

<net id="200"><net_src comp="182" pin="2"/><net_sink comp="194" pin=1"/></net>

<net id="201"><net_src comp="188" pin="2"/><net_sink comp="194" pin=2"/></net>

<net id="205"><net_src comp="94" pin="2"/><net_sink comp="202" pin=0"/></net>

<net id="209"><net_src comp="100" pin="2"/><net_sink comp="206" pin=0"/></net>

<net id="217"><net_src comp="40" pin="0"/><net_sink comp="213" pin=1"/></net>

<net id="218"><net_src comp="213" pin="2"/><net_sink comp="118" pin=5"/></net>

<net id="223"><net_src comp="210" pin="1"/><net_sink comp="219" pin=0"/></net>

<net id="224"><net_src comp="42" pin="0"/><net_sink comp="219" pin=1"/></net>

<net id="225"><net_src comp="219" pin="2"/><net_sink comp="118" pin=8"/></net>

<net id="230"><net_src comp="38" pin="0"/><net_sink comp="226" pin=1"/></net>

<net id="231"><net_src comp="226" pin="2"/><net_sink comp="118" pin=9"/></net>

<net id="237"><net_src comp="36" pin="0"/><net_sink comp="232" pin=1"/></net>

<net id="238"><net_src comp="34" pin="0"/><net_sink comp="232" pin=2"/></net>

<net id="239"><net_src comp="232" pin="3"/><net_sink comp="118" pin=6"/></net>

<net id="244"><net_src comp="206" pin="1"/><net_sink comp="240" pin=0"/></net>

<net id="245"><net_src comp="140" pin="1"/><net_sink comp="240" pin=1"/></net>

<net id="246"><net_src comp="240" pin="2"/><net_sink comp="118" pin=10"/></net>

<net id="251"><net_src comp="202" pin="1"/><net_sink comp="247" pin=0"/></net>

<net id="252"><net_src comp="140" pin="1"/><net_sink comp="247" pin=1"/></net>

<net id="253"><net_src comp="247" pin="2"/><net_sink comp="118" pin=1"/></net>

<net id="257"><net_src comp="76" pin="2"/><net_sink comp="254" pin=0"/></net>

<net id="258"><net_src comp="254" pin="1"/><net_sink comp="232" pin=0"/></net>

<net id="262"><net_src comp="94" pin="2"/><net_sink comp="259" pin=0"/></net>

<net id="263"><net_src comp="259" pin="1"/><net_sink comp="213" pin=0"/></net>

<net id="264"><net_src comp="259" pin="1"/><net_sink comp="226" pin=0"/></net>

<net id="268"><net_src comp="106" pin="2"/><net_sink comp="265" pin=0"/></net>

<net id="269"><net_src comp="265" pin="1"/><net_sink comp="210" pin=0"/></net>

<net id="273"><net_src comp="140" pin="1"/><net_sink comp="270" pin=0"/></net>

<net id="274"><net_src comp="270" pin="1"/><net_sink comp="240" pin=1"/></net>

<net id="275"><net_src comp="270" pin="1"/><net_sink comp="247" pin=1"/></net>

<net id="279"><net_src comp="194" pin="3"/><net_sink comp="276" pin=0"/></net>

<net id="280"><net_src comp="276" pin="1"/><net_sink comp="118" pin=7"/></net>

<net id="284"><net_src comp="202" pin="1"/><net_sink comp="281" pin=0"/></net>

<net id="285"><net_src comp="281" pin="1"/><net_sink comp="247" pin=0"/></net>

<net id="289"><net_src comp="206" pin="1"/><net_sink comp="286" pin=0"/></net>

<net id="290"><net_src comp="286" pin="1"/><net_sink comp="240" pin=0"/></net>

<net id="294"><net_src comp="112" pin="2"/><net_sink comp="291" pin=0"/></net>

<net id="295"><net_src comp="291" pin="1"/><net_sink comp="118" pin=4"/></net>

<net id="299"><net_src comp="213" pin="2"/><net_sink comp="296" pin=0"/></net>

<net id="300"><net_src comp="296" pin="1"/><net_sink comp="118" pin=5"/></net>

<net id="304"><net_src comp="240" pin="2"/><net_sink comp="301" pin=0"/></net>

<net id="305"><net_src comp="301" pin="1"/><net_sink comp="118" pin=10"/></net>

<net id="309"><net_src comp="219" pin="2"/><net_sink comp="306" pin=0"/></net>

<net id="310"><net_src comp="306" pin="1"/><net_sink comp="118" pin=8"/></net>

<net id="314"><net_src comp="226" pin="2"/><net_sink comp="311" pin=0"/></net>

<net id="315"><net_src comp="311" pin="1"/><net_sink comp="118" pin=9"/></net>

<net id="319"><net_src comp="232" pin="3"/><net_sink comp="316" pin=0"/></net>

<net id="320"><net_src comp="316" pin="1"/><net_sink comp="118" pin=6"/></net>

<net id="324"><net_src comp="247" pin="2"/><net_sink comp="321" pin=0"/></net>

<net id="325"><net_src comp="321" pin="1"/><net_sink comp="118" pin=1"/></net>

</net_list>

</model> 
---------------- Datapath Model END ------------------

* FSMD analyzer results:
  - Output states:
	Port: arg1_poisson_kernel_stencil_out_subtile_stream_1_6 | {4 5 }
	Port: arg1_poisson_kernel_stencil_out_subtile_stream_1_7 | {4 5 }
 - Input state : 
	Port: stencilRun : p_read | {1 }
	Port: stencilRun : p_read1 | {1 }
	Port: stencilRun : p_read2 | {1 }
	Port: stencilRun : p_read13 | {1 }
	Port: stencilRun : p_read4 | {1 }
	Port: stencilRun : p_read25 | {3 }
	Port: stencilRun : p_read3 | {1 }
	Port: stencilRun : arg0_poisson_kernel_stencil_in_subtile_stream_1_6 | {4 5 }
	Port: stencilRun : arg0_poisson_kernel_stencil_in_subtile_stream_1_7 | {4 5 }
  - Chain level:
	State 1
		true_tile_size_x : 1
		zext_ln130 : 1
		sub_ln136 : 2
		upper_limit_x : 3
		S2D_00_P10_M10_0P1_0M1_read_ub_itr : 1
		mul_ln239 : 1
	State 2
	State 3
	State 4
		cond_x_val : 1
		call_ln239 : 2
	State 5


============================================================
+ Verbose Summary: Datapath Resource usage 
============================================================

* Functional unit list:
|----------|-------------------------------------------------|---------|---------|---------|---------|
| Operation|                 Functional Unit                 |   DSP   |  Delay  |    FF   |   LUT   |
|----------|-------------------------------------------------|---------|---------|---------|---------|
|   call   | grp_stencilRun_Pipeline_VITIS_LOOP_239_1_fu_118 |   128   |  25.542 |  31076  |  21628  |
|----------|-------------------------------------------------|---------|---------|---------|---------|
|          |                 add_ln136_fu_182                |    0    |    0    |    0    |    23   |
|    add   |               upper_limit_y_fu_213              |    0    |    0    |    0    |    23   |
|          |                cond_x_val_fu_219                |    0    |    0    |    0    |    21   |
|          |                cond_y_val_fu_226                |    0    |    0    |    0    |    23   |
|----------|-------------------------------------------------|---------|---------|---------|---------|
|    sub   |                 sub_ln136_fu_188                |    0    |    0    |    0    |    23   |
|----------|-------------------------------------------------|---------|---------|---------|---------|
|          |               select_ln130_fu_156               |    0    |    0    |    0    |    2    |
|  select  |           adj_half_span_x_upper_fu_170          |    0    |    0    |    0    |    2    |
|          |               upper_limit_x_fu_194              |    0    |    0    |    0    |    16   |
|          |      adj_half_span_x_lower_cast_cast_fu_232     |    0    |    0    |    0    |    2    |
|----------|-------------------------------------------------|---------|---------|---------|---------|
|    or    |                 or_ln130_fu_164                 |    0    |    0    |    0    |    2    |
|----------|-------------------------------------------------|---------|---------|---------|---------|
|    mul   |                    grp_fu_240                   |    1    |    0    |    0    |    0    |
|          |                    grp_fu_247                   |    1    |    0    |    0    |    0    |
|----------|-------------------------------------------------|---------|---------|---------|---------|
|          |               p_read_20_read_fu_76              |    0    |    0    |    0    |    0    |
|          |               p_read_22_read_fu_82              |    0    |    0    |    0    |    0    |
|          |               p_read_23_read_fu_88              |    0    |    0    |    0    |    0    |
|   read   |               p_read223_read_fu_94              |    0    |    0    |    0    |    0    |
|          |              p_read122_read_fu_100              |    0    |    0    |    0    |    0    |
|          |               p_read21_read_fu_106              |    0    |    0    |    0    |    0    |
|          |              p_read_21_read_fu_112              |    0    |    0    |    0    |    0    |
|----------|-------------------------------------------------|---------|---------|---------|---------|
|          |                zext_ln115_fu_140                |    0    |    0    |    0    |    0    |
|          |                zext_ln130_fu_178                |    0    |    0    |    0    |    0    |
|   zext   |                zext_ln138_fu_202                |    0    |    0    |    0    |    0    |
|          |                zext_ln173_fu_206                |    0    |    0    |    0    |    0    |
|          |               p_read_cast2_fu_210               |    0    |    0    |    0    |    0    |
|----------|-------------------------------------------------|---------|---------|---------|---------|
|   trunc  |                trunc_ln115_fu_144               |    0    |    0    |    0    |    0    |
|----------|-------------------------------------------------|---------|---------|---------|---------|
|bitconcatenate|             true_tile_size_x_fu_148             |    0    |    0    |    0    |    0    |
|----------|-------------------------------------------------|---------|---------|---------|---------|
|   Total  |                                                 |   130   |  25.542 |  31076  |  21765  |
|----------|-------------------------------------------------|---------|---------|---------|---------|

Memories:
+------------------+--------+--------+--------+--------+
|                  |  BRAM  |   FF   |   LUT  |  URAM  |
+------------------+--------+--------+--------+--------+
|arg0_buf_r0_1_p0_V|    -   |    0   |    0   |    8   |
|arg0_buf_r1_2_p0_V|    8   |    0   |    0   |    -   |
+------------------+--------+--------+--------+--------+
|       Total      |    8   |    0   |    0   |    8   |
+------------------+--------+--------+--------+--------+

* Register list:
+------------------------------------------+--------+
|                                          |   FF   |
+------------------------------------------+--------+
|S2D_00_P10_M10_0P1_0M1_read_ub_itr_reg_301|   30   |
|  adj_half_span_x_lower_cast_cast_reg_316 |    2   |
|            cond_x_val_reg_306            |   15   |
|            cond_y_val_reg_311            |   16   |
|             mul_ln239_reg_321            |   30   |
|             p_read21_reg_265             |   14   |
|             p_read223_reg_259            |   16   |
|             p_read_20_reg_254            |    1   |
|             p_read_21_reg_291            |   14   |
|           upper_limit_x_reg_276          |   16   |
|           upper_limit_y_reg_296          |   16   |
|            zext_ln115_reg_270            |   30   |
|            zext_ln138_reg_281            |   30   |
|            zext_ln173_reg_286            |   30   |
+------------------------------------------+--------+
|                   Total                  |   260  |
+------------------------------------------+--------+

* Multiplexer (MUX) list: 
|-------------------------------------------------|------|------|------|--------||---------||---------|
|                       Comp                      |  Pin | Size |  BW  | S x BW ||  Delay  ||   LUT   |
|-------------------------------------------------|------|------|------|--------||---------||---------|
| grp_stencilRun_Pipeline_VITIS_LOOP_239_1_fu_118 |  p1  |   2  |  30  |   60   ||    9    |
| grp_stencilRun_Pipeline_VITIS_LOOP_239_1_fu_118 |  p5  |   2  |  16  |   32   ||    9    |
| grp_stencilRun_Pipeline_VITIS_LOOP_239_1_fu_118 |  p6  |   2  |   2  |    4   ||    9    |
| grp_stencilRun_Pipeline_VITIS_LOOP_239_1_fu_118 |  p8  |   2  |  15  |   30   ||    9    |
| grp_stencilRun_Pipeline_VITIS_LOOP_239_1_fu_118 |  p9  |   2  |  16  |   32   ||    9    |
| grp_stencilRun_Pipeline_VITIS_LOOP_239_1_fu_118 |  p10 |   2  |  30  |   60   ||    9    |
|                    grp_fu_240                   |  p0  |   2  |  16  |   32   ||    9    |
|                    grp_fu_240                   |  p1  |   2  |  14  |   28   ||    9    |
|                    grp_fu_247                   |  p0  |   2  |  16  |   32   ||    9    |
|                    grp_fu_247                   |  p1  |   2  |  14  |   28   ||    9    |
|-------------------------------------------------|------|------|------|--------||---------||---------|
|                      Total                      |      |      |      |   338  ||   3.87  ||    90   |
|-------------------------------------------------|------|------|------|--------||---------||---------|



* Summary:
+-----------+--------+--------+--------+--------+--------+--------+
|           |  BRAM  |   DSP  |  Delay |   FF   |   LUT  |  URAM  |
+-----------+--------+--------+--------+--------+--------+--------+
|  Function |    -   |   130  |   25   |  31076 |  21765 |    -   |
|   Memory  |    8   |    -   |    -   |    0   |    0   |    8   |
|Multiplexer|    -   |    -   |    3   |    -   |   90   |    -   |
|  Register |    -   |    -   |    -   |   260  |    -   |    -   |
+-----------+--------+--------+--------+--------+--------+--------+
|   Total   |    8   |   130  |   29   |  31336 |  21855 |    8   |
+-----------+--------+--------+--------+--------+--------+--------+
