Copyright 1986-2022 Xilinx, Inc. All Rights Reserved.
---------------------------------------------------------------------------------------------------------------------------------------------------------------------------------------------------------------------------------------------------------------------------------------------------
| Tool Version : Vivado v.2022.1 (lin64) Build 3526262 Mon Apr 18 15:47:01 MDT 2022
| Date         : Sun Jul 26 04:27:47 2026
| Host         : acclnode01 running 64-bit Ubuntu 20.04.6 LTS
| Command      : report_accelerator_utilization -kernels { datamover_outerloop_0:top_i/ulp/datamover_outerloop_0_1/inst:datamover_outerloop_0_1 kernel_outerloop_0:top_i/ulp/kernel_outerloop_inst_0_1/inst:kernel_outerloop_inst_0_1} -file kernel_util_placed.rpt -name kernel_util_placed -json
| Design       : top_wrapper
| Device       : xcvc1902
| Design State : Fully Placed
---------------------------------------------------------------------------------------------------------------------------------------------------------------------------------------------------------------------------------------------------------------------------------------------------

Accelerator Utilization Design Information

Table of Contents
-----------------
1. System Utilization

1. System Utilization
---------------------

+------------------------------+-------------------+------------------+------------------+---------------+---------------+
| Name                         | REG               | LUT              | LUTAsMem         | BRAM          | URAM          |
+------------------------------+-------------------+------------------+------------------+---------------+---------------+
| Platform                     |   31241 [  1.74%] |  20351 [  2.26%] |   2028 [  0.45%] |  32 [  3.31%] | 120 [ 25.92%] |
| User Budget                  | 1768439 [100.00%] | 879489 [100.00%] | 447892 [100.00%] | 935 [100.00%] | 343 [100.00%] |
|    Used Resources            |  353664 [ 20.00%] | 143330 [ 16.30%] |  64848 [ 14.48%] |  62 [  6.63%] |   0 [  0.00%] |
|    Unused Resources          | 1414775 [ 80.00%] | 736159 [ 83.70%] | 383044 [ 85.52%] | 873 [ 93.37%] | 343 [100.00%] |
| datamover_outerloop_0        |   60326 [  3.41%] |  24571 [  2.79%] |   4008 [  0.89%] |  62 [  6.63%] |   0 [  0.00%] |
|    datamover_outerloop_0_1   |   60326 [  3.41%] |  24571 [  2.79%] |   4008 [  0.89%] |  62 [  6.63%] |   0 [  0.00%] |
| kernel_outerloop_0           |  293338 [ 16.59%] | 118759 [ 13.50%] |  60840 [ 13.58%] |   0 [  0.00%] |   0 [  0.00%] |
|    kernel_outerloop_inst_0_1 |  293338 [ 16.59%] | 118759 [ 13.50%] |  60840 [ 13.58%] |   0 [  0.00%] |   0 [  0.00%] |
+------------------------------+-------------------+------------------+------------------+---------------+---------------+


