
*** Running vitis_hls
    with args -f repeater_outerloop_0.tcl -messageDb vitis_hls.pb


****** Vitis HLS - High-Level Synthesis from C, C++ and OpenCL v2022.2 (64-bit)
  **** SW Build 3670227 on Oct 13 2022
  **** IP Build 3669848 on Fri Oct 14 08:30:02 MDT 2022
    ** Copyright 1986-2022 Xilinx, Inc. All Rights Reserved.

source /opt/software/FPGA/Xilinx/Vitis_HLS/2022.2/scripts/vitis_hls/hls.tcl -notrace
INFO: [HLS 200-10] Running '/opt/software/FPGA/Xilinx/Vitis_HLS/2022.2/bin/unwrapped/lnx64.o/vitis_hls'
INFO: [HLS 200-10] For user 'acgasm01' on host 'n2cn0272' (Linux_x86_64 version 4.18.0-553.144.1.el8_10.x86_64) on Fri Jul 31 14:06:15 CEST 2026
INFO: [HLS 200-10] On os "Red Hat Enterprise Linux release 8.10 (Ootpa)"
INFO: [HLS 200-10] In directory '/scratch/hpc-prf-acgasm/beniel/ops-hls-batching-tiling-artifacts/codegen_apps/tiling/poisson2d/u280_project/maxtile_512_p70/hls/build/hw/temp_dir/repeater_outerloop_0/repeater_outerloop_0'
WARNING: [HLS 200-40] Environment variable 'C_INCLUDE_PATH' is set to /pc2/users/a/acgasm01/scratch/beniel/ops-hls-batching-tiling-artifacts/OPS/source_files/../opsc/include/:/pc2/users/a/acgasm01/scratch/beniel/ops-hls-batching-tiling-artifacts/OPS/source_files/../opsc/include/:.
WARNING: [HLS 200-40] Environment variable 'CPLUS_INCLUDE_PATH' is set to /pc2/users/a/acgasm01/scratch/beniel/ops-hls-batching-tiling-artifacts/OPS/source_files/../opsc/include/:/pc2/users/a/acgasm01/scratch/beniel/ops-hls-batching-tiling-artifacts/OPS/source_files/../opsc/include/:.
Sourcing Tcl script 'repeater_outerloop_0.tcl'
INFO: [HLS 200-1510] Running: open_project repeater_outerloop_0 
INFO: [HLS 200-10] Creating and opening project '/scratch/hpc-prf-acgasm/beniel/ops-hls-batching-tiling-artifacts/codegen_apps/tiling/poisson2d/u280_project/maxtile_512_p70/hls/build/hw/temp_dir/repeater_outerloop_0/repeater_outerloop_0/repeater_outerloop_0'.
INFO: [HLS 200-1510] Running: set_top repeater_outerloop_0 
INFO: [HLS 200-1510] Running: add_files /scratch/hpc-prf-acgasm/beniel/ops-hls-batching-tiling-artifacts/codegen_apps/tiling/poisson2d/u280_project/maxtile_512_p70/hls/device/src/repeater_outerloop_0.cpp -cflags  -D OPS_TILING -D OPS_MAXTILESIZE_X=512-DOPS_HLS_TILE_BANKS=8 -I /pc2/users/a/acgasm01/scratch/beniel/ops-hls-batching-tiling-artifacts/OPS/ops/hls/include/device -I /pc2/users/a/acgasm01/scratch/beniel/ops-hls-batching-tiling-artifacts/OPS/ops/hls/L1/include -I /scratch/hpc-prf-acgasm/beniel/ops-hls-batching-tiling-artifacts/codegen_apps/tiling/poisson2d/u280_project/maxtile_512_p70/hls/device/include 
INFO: [HLS 200-10] Adding design file '/scratch/hpc-prf-acgasm/beniel/ops-hls-batching-tiling-artifacts/codegen_apps/tiling/poisson2d/u280_project/maxtile_512_p70/hls/device/src/repeater_outerloop_0.cpp' to the project
INFO: [HLS 200-1510] Running: open_solution -flow_target vitis solution 
INFO: [HLS 200-10] Creating and opening solution '/scratch/hpc-prf-acgasm/beniel/ops-hls-batching-tiling-artifacts/codegen_apps/tiling/poisson2d/u280_project/maxtile_512_p70/hls/build/hw/temp_dir/repeater_outerloop_0/repeater_outerloop_0/repeater_outerloop_0/solution'.
INFO: [HLS 200-1505] Using flow_target 'vitis'
Resolution: For help on HLS 200-1505 see www.xilinx.com/cgi-bin/docs/rdoc?v=2022.2;t=hls+guidance;d=200-1505.html
INFO: [HLS 200-435] Setting 'open_solution -flow_target vitis' configuration: config_interface -m_axi_latency=64
INFO: [HLS 200-435] Setting 'open_solution -flow_target vitis' configuration: config_interface -m_axi_alignment_byte_size=64
INFO: [HLS 200-435] Setting 'open_solution -flow_target vitis' configuration: config_interface -m_axi_max_widen_bitwidth=512
INFO: [HLS 200-435] Setting 'open_solution -flow_target vitis' configuration: config_rtl -register_reset_num=3
INFO: [HLS 200-1510] Running: set_part xcu280-fsvh2892-2L-e 
INFO: [HLS 200-1611] Setting target device to 'xcu280-fsvh2892-2L-e'
INFO: [HLS 200-1510] Running: create_clock -period 300.000000MHz -name default 
INFO: [SYN 201-201] Setting up clock 'default' with a period of 3.333ns.
INFO: [HLS 200-1510] Running: config_dataflow -strict_mode warning 
INFO: [HLS 200-1510] Running: config_export -deadlock_detection sim 
WARNING: [HLS 200-483] The 'config_export -deadlock_detection' command is deprecated and will be removed in a future release. Use 'config_rtl -deadlock_detection' as its replacement.
INFO: [HLS 200-1907] Replacing 'config_export -deadlock_detection=sim' with 'config_rtl -deadlock_detection=sim' in current solution file
INFO: [HLS 200-1510] Running: config_interface -m_axi_conservative_mode=1 
INFO: [HLS 200-1510] Running: config_interface -m_axi_addr64 
INFO: [HLS 200-1510] Running: config_interface -m_axi_auto_max_ports=0 
INFO: [HLS 200-1510] Running: config_export -format xo -ipname repeater_outerloop_0 
INFO: [HLS 200-1907] Replacing 'config_export -deadlock_detection=sim' with 'config_rtl -deadlock_detection=sim' in current solution file
INFO: [HLS 200-1510] Running: csynth_design 
INFO: [HLS 200-111] Finished File checks and directory preparation: CPU user time: 0.01 seconds. CPU system time: 0 seconds. Elapsed time: 0.01 seconds; current allocated memory: 725.102 MB.
INFO: [HLS 200-10] Analyzing design file '/scratch/hpc-prf-acgasm/beniel/ops-hls-batching-tiling-artifacts/codegen_apps/tiling/poisson2d/u280_project/maxtile_512_p70/hls/device/src/repeater_outerloop_0.cpp' ... 
WARNING: [HLS 207-953] #pragma once in main file (/scratch/hpc-prf-acgasm/beniel/ops-hls-batching-tiling-artifacts/codegen_apps/tiling/poisson2d/u280_project/maxtile_512_p70/hls/device/src/repeater_outerloop_0.cpp:3:9)
WARNING: [HLS 207-4785] attribute 'deprecated' is ignored, place it after "struct" to apply attribute to type declaration (/pc2/users/a/acgasm01/scratch/beniel/ops-hls-batching-tiling-artifacts/OPS/ops/hls/include/device/../../common/include/ops_hls_defs.hpp:107:16)
WARNING: [HLS 207-5548] missing argument for 'max' (/pc2/users/a/acgasm01/scratch/beniel/ops-hls-batching-tiling-artifacts/OPS/ops/hls/include/device/../../L1/include/ops_hls_datamover.hpp:261:9)
WARNING: [HLS 207-5548] missing argument for 'max' (/pc2/users/a/acgasm01/scratch/beniel/ops-hls-batching-tiling-artifacts/OPS/ops/hls/include/device/../../L1/include/ops_hls_datamover.hpp:392:9)
WARNING: [HLS 207-5548] missing argument for 'max' (/pc2/users/a/acgasm01/scratch/beniel/ops-hls-batching-tiling-artifacts/OPS/ops/hls/include/device/../../L1/include/ops_hls_datamover.hpp:6656:9)
WARNING: [HLS 207-5548] missing argument for 'max' (/pc2/users/a/acgasm01/scratch/beniel/ops-hls-batching-tiling-artifacts/OPS/ops/hls/include/device/../../L1/include/ops_hls_datamover.hpp:7279:9)
WARNING: [HLS 207-4949] logical not is only applied to the left hand side of this comparison (/pc2/users/a/acgasm01/scratch/beniel/ops-hls-batching-tiling-artifacts/OPS/ops/hls/include/device/../../L1/include/ops_hls_datamover.hpp:7384:80)
INFO: [HLS 207-4281] add parentheses after the '!' to evaluate the comparison first (/pc2/users/a/acgasm01/scratch/beniel/ops-hls-batching-tiling-artifacts/OPS/ops/hls/include/device/../../L1/include/ops_hls_datamover.hpp:7384:80)
INFO: [HLS 207-4282] add parentheses around left hand side expression to silence this warning (/pc2/users/a/acgasm01/scratch/beniel/ops-hls-batching-tiling-artifacts/OPS/ops/hls/include/device/../../L1/include/ops_hls_datamover.hpp:7384:80)
WARNING: [HLS 207-4949] logical not is only applied to the left hand side of this comparison (/pc2/users/a/acgasm01/scratch/beniel/ops-hls-batching-tiling-artifacts/OPS/ops/hls/include/device/../../L1/include/ops_hls_datamover.hpp:7655:80)
INFO: [HLS 207-4281] add parentheses after the '!' to evaluate the comparison first (/pc2/users/a/acgasm01/scratch/beniel/ops-hls-batching-tiling-artifacts/OPS/ops/hls/include/device/../../L1/include/ops_hls_datamover.hpp:7655:80)
INFO: [HLS 207-4282] add parentheses around left hand side expression to silence this warning (/pc2/users/a/acgasm01/scratch/beniel/ops-hls-batching-tiling-artifacts/OPS/ops/hls/include/device/../../L1/include/ops_hls_datamover.hpp:7655:80)
WARNING: [HLS 207-5555] unexpected pragma argument '#', expects identifier (/scratch/hpc-prf-acgasm/beniel/ops-hls-batching-tiling-artifacts/codegen_apps/tiling/poisson2d/u280_project/maxtile_512_p70/hls/device/src/repeater_outerloop_0.cpp:14:57)
WARNING: [HLS 207-5292] unused parameter 'size' (/pc2/users/a/acgasm01/scratch/beniel/ops-hls-batching-tiling-artifacts/OPS/ops/hls/include/device/../../L1/include/ops_hls_datamover.hpp:220:20)
WARNING: [HLS 207-5292] unused parameter 'size' (/pc2/users/a/acgasm01/scratch/beniel/ops-hls-batching-tiling-artifacts/OPS/ops/hls/include/device/../../L1/include/ops_hls_datamover.hpp:349:20)
WARNING: [HLS 207-5292] unused parameter 'is_small_tile' (/pc2/users/a/acgasm01/scratch/beniel/ops-hls-batching-tiling-artifacts/OPS/ops/hls/include/device/../../L1/include/ops_hls_stencil_core_v2.hpp:265:173)
INFO: [HLS 200-111] Finished Source Code Analysis and Preprocessing: CPU user time: 6.6 seconds. CPU system time: 0.46 seconds. Elapsed time: 7.21 seconds; current allocated memory: 738.016 MB.
INFO: [HLS 200-777] Using interface defaults for 'Vitis' flow target.
INFO: [HLS 200-111] Finished Compiling Optimization and Transform: CPU user time: 2.23 seconds. CPU system time: 0.28 seconds. Elapsed time: 2.57 seconds; current allocated memory: 738.121 MB.
INFO: [HLS 200-111] Finished Checking Pragmas: CPU user time: 0 seconds. CPU system time: 0 seconds. Elapsed time: 0 seconds; current allocated memory: 738.121 MB.
INFO: [HLS 200-10] Starting code transformations ...
INFO: [HLS 200-111] Finished Standard Transforms: CPU user time: 0.02 seconds. CPU system time: 0.01 seconds. Elapsed time: 0.03 seconds; current allocated memory: 742.820 MB.
INFO: [HLS 200-10] Checking synthesizability ...
INFO: [HLS 200-111] Finished Checking Synthesizability: CPU user time: 0.03 seconds. CPU system time: 0 seconds. Elapsed time: 0.05 seconds; current allocated memory: 751.004 MB.
INFO: [HLS 200-111] Finished Loop, function and other optimizations: CPU user time: 0.05 seconds. CPU system time: 0 seconds. Elapsed time: 0.06 seconds; current allocated memory: 779.754 MB.
INFO: [HLS 200-111] Finished Architecture Synthesis: CPU user time: 0.03 seconds. CPU system time: 0 seconds. Elapsed time: 0.04 seconds; current allocated memory: 779.754 MB.
INFO: [HLS 200-10] Starting hardware synthesis ...
INFO: [HLS 200-10] Synthesizing 'repeater_outerloop_0' ...
INFO: [HLS 200-10] ----------------------------------------------------------------
INFO: [HLS 200-42] -- Implementing module 'repeater_outerloop_0' 
INFO: [HLS 200-10] ----------------------------------------------------------------
INFO: [SCHED 204-11] Starting scheduling ...
INFO: [SCHED 204-61] Pipelining function 'repeater_outerloop_0'.
INFO: [HLS 200-1470] Pipelining result : Target II = 1, Final II = 1, Depth = 2, function 'repeater_outerloop_0'
INFO: [SCHED 204-11] Finished scheduling.
INFO: [HLS 200-111] Finished Scheduling: CPU user time: 0.03 seconds. CPU system time: 0.02 seconds. Elapsed time: 0.07 seconds; current allocated memory: 779.754 MB.
INFO: [BIND 205-100] Starting micro-architecture generation ...
INFO: [BIND 205-101] Performing variable lifetime analysis.
INFO: [BIND 205-101] Exploring resource sharing.
INFO: [BIND 205-101] Binding ...
INFO: [BIND 205-100] Finished micro-architecture generation.
INFO: [HLS 200-111] Finished Binding: CPU user time: 0.01 seconds. CPU system time: 0.01 seconds. Elapsed time: 0.02 seconds; current allocated memory: 779.754 MB.
INFO: [HLS 200-10] ----------------------------------------------------------------
INFO: [HLS 200-10] -- Generating RTL for module 'repeater_outerloop_0' 
INFO: [HLS 200-10] ----------------------------------------------------------------
WARNING: [RTGEN 206-101] Design contains AXI ports. Reset is fixed to synchronous and active low.
INFO: [RTGEN 206-500] Setting interface mode on port 'repeater_outerloop_0/arg0_axis_in_V_data_V' to 'axis' (register, both mode).
INFO: [RTGEN 206-500] Setting interface mode on port 'repeater_outerloop_0/arg0_axis_in_V_keep_V' to 'axis' (register, both mode).
INFO: [RTGEN 206-500] Setting interface mode on port 'repeater_outerloop_0/arg0_axis_in_V_strb_V' to 'axis' (register, both mode).
INFO: [RTGEN 206-500] Setting interface mode on port 'repeater_outerloop_0/arg0_axis_in_V_last_V' to 'axis' (register, both mode).
INFO: [RTGEN 206-500] Setting interface mode on port 'repeater_outerloop_0/arg1_axis_out_V_data_V' to 'axis' (register, both mode).
INFO: [RTGEN 206-500] Setting interface mode on port 'repeater_outerloop_0/arg1_axis_out_V_keep_V' to 'axis' (register, both mode).
INFO: [RTGEN 206-500] Setting interface mode on port 'repeater_outerloop_0/arg1_axis_out_V_strb_V' to 'axis' (register, both mode).
INFO: [RTGEN 206-500] Setting interface mode on port 'repeater_outerloop_0/arg1_axis_out_V_last_V' to 'axis' (register, both mode).
INFO: [RTGEN 206-500] Setting interface mode on function 'repeater_outerloop_0' to 'ap_ctrl_none'.
INFO: [RTGEN 206-100] Finished creating RTL model for 'repeater_outerloop_0'.
INFO: [HLS 200-111] Finished Creating RTL model: CPU user time: 0.01 seconds. CPU system time: 0.01 seconds. Elapsed time: 0.04 seconds; current allocated memory: 779.754 MB.
INFO: [HLS 200-111] Finished Generating all RTL models: CPU user time: 0.14 seconds. CPU system time: 0.03 seconds. Elapsed time: 0.23 seconds; current allocated memory: 788.672 MB.
INFO: [HLS 200-111] Finished Updating report files: CPU user time: 0.3 seconds. CPU system time: 0.06 seconds. Elapsed time: 0.43 seconds; current allocated memory: 788.672 MB.
INFO: [VHDL 208-304] Generating VHDL RTL for repeater_outerloop_0.
INFO: [VLOG 209-307] Generating Verilog RTL for repeater_outerloop_0.
INFO: [HLS 200-789] **** Estimated Fmax: 0.00 MHz
INFO: [HLS 200-111] Finished Command csynth_design CPU user time: 9.46 seconds. CPU system time: 0.89 seconds. Elapsed time: 10.78 seconds; current allocated memory: 63.570 MB.
INFO: [HLS 200-1510] Running: export_design 
INFO: [IMPL 213-8] Exporting RTL as a Vivado IP.

****** Vivado v2022.2 (64-bit)
  **** SW Build 3671981 on Fri Oct 14 04:59:54 MDT 2022
  **** IP Build 3669848 on Fri Oct 14 08:30:02 MDT 2022
    ** Copyright 1986-2022 Xilinx, Inc. All Rights Reserved.

INFO: [Common 17-1239] XILINX_LOCAL_USER_DATA is set to '/pc2/users/a/acgasm01/.Xilinx'.
source run_ippack.tcl -notrace
INFO: [IP_Flow 19-234] Refreshing IP repositories
INFO: [IP_Flow 19-1704] No user IP repositories specified
INFO: [IP_Flow 19-2313] Loaded Vivado IP repository '/opt/software/FPGA/Xilinx/Vivado/2022.2/data/ip'.
Running package_xo -xo_path /scratch/hpc-prf-acgasm/beniel/ops-hls-batching-tiling-artifacts/codegen_apps/tiling/poisson2d/u280_project/maxtile_512_p70/hls/build/hw/temp_dir/repeater_outerloop_0/repeater_outerloop_0/repeater_outerloop_0/solution/impl/export.xo -kernel_name repeater_outerloop_0 -kernel_xml /scratch/hpc-prf-acgasm/beniel/ops-hls-batching-tiling-artifacts/codegen_apps/tiling/poisson2d/u280_project/maxtile_512_p70/hls/build/hw/temp_dir/repeater_outerloop_0/repeater_outerloop_0/repeater_outerloop_0/solution/impl/ip/../kernel/kernel.xml -kernel_files /scratch/hpc-prf-acgasm/beniel/ops-hls-batching-tiling-artifacts/codegen_apps/tiling/poisson2d/u280_project/maxtile_512_p70/hls/device/src/repeater_outerloop_0.cpp -ip_directory /scratch/hpc-prf-acgasm/beniel/ops-hls-batching-tiling-artifacts/codegen_apps/tiling/poisson2d/u280_project/maxtile_512_p70/hls/build/hw/temp_dir/repeater_outerloop_0/repeater_outerloop_0/repeater_outerloop_0/solution/impl/ip/ip_unzip_dir -design_xml /scratch/hpc-prf-acgasm/beniel/ops-hls-batching-tiling-artifacts/codegen_apps/tiling/poisson2d/u280_project/maxtile_512_p70/hls/build/hw/temp_dir/repeater_outerloop_0/repeater_outerloop_0/repeater_outerloop_0/solution/.autopilot/db/repeater_outerloop_0.design.xml -debug_directory /scratch/hpc-prf-acgasm/beniel/ops-hls-batching-tiling-artifacts/codegen_apps/tiling/poisson2d/u280_project/maxtile_512_p70/hls/build/hw/temp_dir/repeater_outerloop_0/repeater_outerloop_0/repeater_outerloop_0/solution/.debug -hls_directory /scratch/hpc-prf-acgasm/beniel/ops-hls-batching-tiling-artifacts/codegen_apps/tiling/poisson2d/u280_project/maxtile_512_p70/hls/build/hw/temp_dir/repeater_outerloop_0/repeater_outerloop_0/repeater_outerloop_0/solution/impl/ip/hls_files
INFO: [Common 17-206] Exiting Vivado at Fri Jul 31 14:06:38 2026...
INFO: [HLS 200-802] Generated output file repeater_outerloop_0/solution/impl/export.xo
INFO: [HLS 200-111] Finished Command export_design CPU user time: 9.78 seconds. CPU system time: 0.84 seconds. Elapsed time: 20.47 seconds; current allocated memory: 0.000 MB.
INFO: [HLS 200-1510] Running: close_project 
HLS completed successfully
INFO: [HLS 200-112] Total CPU user time: 21.15 seconds. Total CPU system time: 2.03 seconds. Total elapsed time: 33.48 seconds; peak allocated memory: 788.672 MB.
INFO: [Common 17-206] Exiting vitis_hls at Fri Jul 31 14:06:48 2026...
