

================================================================
== Vitis HLS Report for 'mem2stream_512u_64u_2u_3_Pipeline_VITIS_LOOP_456_1'
================================================================
* Date:           Fri Jul 24 22:01:17 2026

* Version:        2022.2 (Build 3670227 on Oct 13 2022)
* Project:        datamover_outerloop_0
* Solution:       solution (Vitis Kernel Flow Target)
* Product family: virtexuplus
* Target device:  xcu280-fsvh2892-2L-e


================================================================
== Performance Estimates
================================================================
+ Timing: 
    * Summary: 
    +--------+---------+----------+------------+
    |  Clock |  Target | Estimated| Uncertainty|
    +--------+---------+----------+------------+
    |ap_clk  |  3.33 ns|  2.433 ns|     0.90 ns|
    +--------+---------+----------+------------+

+ Latency: 
    * Summary: 
    +---------+---------+----------+----------+-----+-----+---------+
    |  Latency (cycles) |  Latency (absolute) |  Interval | Pipeline|
    |   min   |   max   |    min   |    max   | min | max |   Type  |
    +---------+---------+----------+----------+-----+-----+---------+
    |        ?|        ?|         ?|         ?|    ?|    ?|       no|
    +---------+---------+----------+----------+-----+-----+---------+

    + Detail: 
        * Instance: 
        N/A

        * Loop: 
        +--------------------+---------+---------+----------+-----------+-----------+------+----------+
        |                    |  Latency (cycles) | Iteration|  Initiation Interval  | Trip |          |
        |      Loop Name     |   min   |   max   |  Latency |  achieved |   target  | Count| Pipelined|
        +--------------------+---------+---------+----------+-----------+-----------+------+----------+
        |- VITIS_LOOP_456_1  |        ?|        ?|         3|          2|          2|     ?|       yes|
        +--------------------+---------+---------+----------+-----------+-----------+------+----------+



================================================================
== Utilization Estimates
================================================================
* Summary: 
+---------------------+---------+------+---------+---------+-----+
|         Name        | BRAM_18K|  DSP |    FF   |   LUT   | URAM|
+---------------------+---------+------+---------+---------+-----+
|DSP                  |        -|     -|        -|        -|    -|
|Expression           |        -|     -|        0|       67|    -|
|FIFO                 |        -|     -|        -|        -|    -|
|Instance             |        -|     -|        -|        -|    -|
|Memory               |        -|     -|        -|        -|    -|
|Multiplexer          |        -|     -|        -|       77|    -|
|Register             |        -|     -|      550|        -|    -|
+---------------------+---------+------+---------+---------+-----+
|Total                |        0|     0|      550|      144|    0|
+---------------------+---------+------+---------+---------+-----+
|Available SLR        |     1344|  3008|   869120|   434560|  320|
+---------------------+---------+------+---------+---------+-----+
|Utilization SLR (%)  |        0|     0|       ~0|       ~0|    0|
+---------------------+---------+------+---------+---------+-----+
|Available            |     4032|  9024|  2607360|  1303680|  960|
+---------------------+---------+------+---------+---------+-----+
|Utilization (%)      |        0|     0|       ~0|       ~0|    0|
+---------------------+---------+------+---------+---------+-----+

+ Detail: 
    * Instance: 
    N/A

    * DSP: 
    N/A

    * Memory: 
    N/A

    * FIFO: 
    N/A

    * Expression: 
    +----------------------------------+----------+----+---+----+------------+------------+
    |           Variable Name          | Operation| DSP| FF| LUT| Bitwidth P0| Bitwidth P1|
    +----------------------------------+----------+----+---+----+------------+------------+
    |add_ln475_fu_96_p2                |         +|   0|  0|  39|          32|           1|
    |ap_block_pp0_stage0_01001         |       and|   0|  0|   2|           1|           1|
    |ap_block_pp0_stage1_11001         |       and|   0|  0|   2|           1|           1|
    |ap_block_state2_pp0_stage1_iter0  |       and|   0|  0|   2|           1|           1|
    |icmp_ln456_fu_90_p2               |      icmp|   0|  0|  20|          32|          32|
    |ap_enable_pp0                     |       xor|   0|  0|   2|           1|           2|
    +----------------------------------+----------+----+---+----+------------+------------+
    |Total                             |          |   0|  0|  67|          68|          38|
    +----------------------------------+----------+----+---+----+------------+------------+

    * Multiplexer: 
    +---------------------------+----+-----------+-----+-----------+
    |            Name           | LUT| Input Size| Bits| Total Bits|
    +---------------------------+----+-----------+-----+-----------+
    |ap_NS_fsm                  |  14|          3|    1|          3|
    |ap_done_int                |   9|          2|    1|          2|
    |ap_enable_reg_pp0_iter0    |   9|          2|    1|          2|
    |ap_enable_reg_pp0_iter1    |   9|          2|    1|          2|
    |ap_sig_allocacmp_index_16  |   9|          2|   32|         64|
    |arg3_read_mem_strm_blk_n   |   9|          2|    1|          2|
    |gmem3_blk_n_R              |   9|          2|    1|          2|
    |index_fu_50                |   9|          2|   32|         64|
    +---------------------------+----+-----------+-----+-----------+
    |Total                      |  77|         17|   70|        141|
    +---------------------------+----+-----------+-----+-----------+

    * Register: 
    +-----------------------------+-----+----+-----+-----------+
    |             Name            |  FF | LUT| Bits| Const Bits|
    +-----------------------------+-----+----+-----+-----------+
    |ap_CS_fsm                    |    2|   0|    2|          0|
    |ap_done_reg                  |    1|   0|    1|          0|
    |ap_enable_reg_pp0_iter0_reg  |    1|   0|    1|          0|
    |ap_enable_reg_pp0_iter1      |    1|   0|    1|          0|
    |gmem3_addr_read_reg_129      |  512|   0|  512|          0|
    |icmp_ln456_reg_125           |    1|   0|    1|          0|
    |index_fu_50                  |   32|   0|   32|          0|
    +-----------------------------+-----+----+-----+-----------+
    |Total                        |  550|   0|  550|          0|
    +-----------------------------+-----+----+-----+-----------+



================================================================
== Interface
================================================================
* Summary: 
+-----------------------------------+-----+-----+------------+-------------------------------------------------------+--------------+
|             RTL Ports             | Dir | Bits|  Protocol  |                     Source Object                     |    C Type    |
+-----------------------------------+-----+-----+------------+-------------------------------------------------------+--------------+
|ap_clk                             |   in|    1|  ap_ctrl_hs|  mem2stream<512u, 64u, 2u>.3_Pipeline_VITIS_LOOP_456_1|  return value|
|ap_rst                             |   in|    1|  ap_ctrl_hs|  mem2stream<512u, 64u, 2u>.3_Pipeline_VITIS_LOOP_456_1|  return value|
|ap_start                           |   in|    1|  ap_ctrl_hs|  mem2stream<512u, 64u, 2u>.3_Pipeline_VITIS_LOOP_456_1|  return value|
|ap_done                            |  out|    1|  ap_ctrl_hs|  mem2stream<512u, 64u, 2u>.3_Pipeline_VITIS_LOOP_456_1|  return value|
|ap_idle                            |  out|    1|  ap_ctrl_hs|  mem2stream<512u, 64u, 2u>.3_Pipeline_VITIS_LOOP_456_1|  return value|
|ap_ready                           |  out|    1|  ap_ctrl_hs|  mem2stream<512u, 64u, 2u>.3_Pipeline_VITIS_LOOP_456_1|  return value|
|m_axi_gmem3_AWVALID                |  out|    1|       m_axi|                                                  gmem3|       pointer|
|m_axi_gmem3_AWREADY                |   in|    1|       m_axi|                                                  gmem3|       pointer|
|m_axi_gmem3_AWADDR                 |  out|   64|       m_axi|                                                  gmem3|       pointer|
|m_axi_gmem3_AWID                   |  out|    1|       m_axi|                                                  gmem3|       pointer|
|m_axi_gmem3_AWLEN                  |  out|   32|       m_axi|                                                  gmem3|       pointer|
|m_axi_gmem3_AWSIZE                 |  out|    3|       m_axi|                                                  gmem3|       pointer|
|m_axi_gmem3_AWBURST                |  out|    2|       m_axi|                                                  gmem3|       pointer|
|m_axi_gmem3_AWLOCK                 |  out|    2|       m_axi|                                                  gmem3|       pointer|
|m_axi_gmem3_AWCACHE                |  out|    4|       m_axi|                                                  gmem3|       pointer|
|m_axi_gmem3_AWPROT                 |  out|    3|       m_axi|                                                  gmem3|       pointer|
|m_axi_gmem3_AWQOS                  |  out|    4|       m_axi|                                                  gmem3|       pointer|
|m_axi_gmem3_AWREGION               |  out|    4|       m_axi|                                                  gmem3|       pointer|
|m_axi_gmem3_AWUSER                 |  out|    1|       m_axi|                                                  gmem3|       pointer|
|m_axi_gmem3_WVALID                 |  out|    1|       m_axi|                                                  gmem3|       pointer|
|m_axi_gmem3_WREADY                 |   in|    1|       m_axi|                                                  gmem3|       pointer|
|m_axi_gmem3_WDATA                  |  out|  512|       m_axi|                                                  gmem3|       pointer|
|m_axi_gmem3_WSTRB                  |  out|   64|       m_axi|                                                  gmem3|       pointer|
|m_axi_gmem3_WLAST                  |  out|    1|       m_axi|                                                  gmem3|       pointer|
|m_axi_gmem3_WID                    |  out|    1|       m_axi|                                                  gmem3|       pointer|
|m_axi_gmem3_WUSER                  |  out|    1|       m_axi|                                                  gmem3|       pointer|
|m_axi_gmem3_ARVALID                |  out|    1|       m_axi|                                                  gmem3|       pointer|
|m_axi_gmem3_ARREADY                |   in|    1|       m_axi|                                                  gmem3|       pointer|
|m_axi_gmem3_ARADDR                 |  out|   64|       m_axi|                                                  gmem3|       pointer|
|m_axi_gmem3_ARID                   |  out|    1|       m_axi|                                                  gmem3|       pointer|
|m_axi_gmem3_ARLEN                  |  out|   32|       m_axi|                                                  gmem3|       pointer|
|m_axi_gmem3_ARSIZE                 |  out|    3|       m_axi|                                                  gmem3|       pointer|
|m_axi_gmem3_ARBURST                |  out|    2|       m_axi|                                                  gmem3|       pointer|
|m_axi_gmem3_ARLOCK                 |  out|    2|       m_axi|                                                  gmem3|       pointer|
|m_axi_gmem3_ARCACHE                |  out|    4|       m_axi|                                                  gmem3|       pointer|
|m_axi_gmem3_ARPROT                 |  out|    3|       m_axi|                                                  gmem3|       pointer|
|m_axi_gmem3_ARQOS                  |  out|    4|       m_axi|                                                  gmem3|       pointer|
|m_axi_gmem3_ARREGION               |  out|    4|       m_axi|                                                  gmem3|       pointer|
|m_axi_gmem3_ARUSER                 |  out|    1|       m_axi|                                                  gmem3|       pointer|
|m_axi_gmem3_RVALID                 |   in|    1|       m_axi|                                                  gmem3|       pointer|
|m_axi_gmem3_RREADY                 |  out|    1|       m_axi|                                                  gmem3|       pointer|
|m_axi_gmem3_RDATA                  |   in|  512|       m_axi|                                                  gmem3|       pointer|
|m_axi_gmem3_RLAST                  |   in|    1|       m_axi|                                                  gmem3|       pointer|
|m_axi_gmem3_RID                    |   in|    1|       m_axi|                                                  gmem3|       pointer|
|m_axi_gmem3_RFIFONUM               |   in|    9|       m_axi|                                                  gmem3|       pointer|
|m_axi_gmem3_RUSER                  |   in|    1|       m_axi|                                                  gmem3|       pointer|
|m_axi_gmem3_RRESP                  |   in|    2|       m_axi|                                                  gmem3|       pointer|
|m_axi_gmem3_BVALID                 |   in|    1|       m_axi|                                                  gmem3|       pointer|
|m_axi_gmem3_BREADY                 |  out|    1|       m_axi|                                                  gmem3|       pointer|
|m_axi_gmem3_BRESP                  |   in|    2|       m_axi|                                                  gmem3|       pointer|
|m_axi_gmem3_BID                    |   in|    1|       m_axi|                                                  gmem3|       pointer|
|m_axi_gmem3_BUSER                  |   in|    1|       m_axi|                                                  gmem3|       pointer|
|sext_ln456                         |   in|   58|     ap_none|                                             sext_ln456|        scalar|
|burst_beats                        |   in|   32|     ap_none|                                            burst_beats|        scalar|
|arg3_read_mem_strm_din             |  out|  512|     ap_fifo|                                     arg3_read_mem_strm|       pointer|
|arg3_read_mem_strm_num_data_valid  |   in|    2|     ap_fifo|                                     arg3_read_mem_strm|       pointer|
|arg3_read_mem_strm_fifo_cap        |   in|    2|     ap_fifo|                                     arg3_read_mem_strm|       pointer|
|arg3_read_mem_strm_full_n          |   in|    1|     ap_fifo|                                     arg3_read_mem_strm|       pointer|
|arg3_read_mem_strm_write           |  out|    1|     ap_fifo|                                     arg3_read_mem_strm|       pointer|
+-----------------------------------+-----+-----+------------+-------------------------------------------------------+--------------+

