

================================================================
== Vitis HLS Report for 'kernel_poisson_kernel_stencil_PE_unsigned_short_4_unsigned_short_3_16'
================================================================
* Date:           Tue Aug 11 20:38:04 2026

* Version:        2022.2 (Build 3670227 on Oct 13 2022)
* Project:        kernel_outerloop_0_1
* Solution:       solution (Vitis Kernel Flow Target)
* Product family: virtexuplus
* Target device:  xcu280-fsvh2892-2L-e


================================================================
== Performance Estimates
================================================================
+ Timing: 
    * Summary: 
    +--------+---------+----------+------------+
    |  Clock |  Target | Estimated| Uncertainty|
    +--------+---------+----------+------------+
    |ap_clk  |  3.33 ns|  2.342 ns|     0.90 ns|
    +--------+---------+----------+------------+

+ Latency: 
    * Summary: 
    +---------+---------+----------+----------+-----+-----+---------+
    |  Latency (cycles) |  Latency (absolute) |  Interval | Pipeline|
    |   min   |   max   |    min   |    max   | min | max |   Type  |
    +---------+---------+----------+----------+-----+-----+---------+
    |        ?|        ?|         ?|         ?|    ?|    ?|       no|
    +---------+---------+----------+----------+-----+-----+---------+

    + Detail: 
        * Instance: 
        +----------------------+------------+---------+---------+----------+----------+-----+-----+---------+
        |                      |            |  Latency (cycles) |  Latency (absolute) |  Interval | Pipeline|
        |       Instance       |   Module   |   min   |   max   |    min   |    max   | min | max |   Type  |
        +----------------------+------------+---------+---------+----------+----------+-----+-----+---------+
        |grp_stencilRun_fu_86  |stencilRun  |        ?|        ?|         ?|         ?|    ?|    ?|       no|
        +----------------------+------------+---------+---------+----------+----------+-----+-----+---------+

        * Loop: 
        N/A



================================================================
== Utilization Estimates
================================================================
* Summary: 
+---------------------+---------+------+---------+---------+-----+
|         Name        | BRAM_18K|  DSP |    FF   |   LUT   | URAM|
+---------------------+---------+------+---------+---------+-----+
|DSP                  |        -|     -|        -|        -|    -|
|Expression           |        -|     -|        0|        2|    -|
|FIFO                 |        -|     -|        -|        -|    -|
|Instance             |        8|   130|    33235|    23314|    8|
|Memory               |        -|     -|        -|        -|    -|
|Multiplexer          |        -|     -|        -|      119|    -|
|Register             |        -|     -|       82|        -|    -|
+---------------------+---------+------+---------+---------+-----+
|Total                |        8|   130|    33317|    23435|    8|
+---------------------+---------+------+---------+---------+-----+
|Available SLR        |     1344|  3008|   869120|   434560|  320|
+---------------------+---------+------+---------+---------+-----+
|Utilization SLR (%)  |       ~0|     4|        3|        5|    2|
+---------------------+---------+------+---------+---------+-----+
|Available            |     4032|  9024|  2607360|  1303680|  960|
+---------------------+---------+------+---------+---------+-----+
|Utilization (%)      |       ~0|     1|        1|        1|   ~0|
+---------------------+---------+------+---------+---------+-----+

+ Detail: 
    * Instance: 
    +----------------------+------------+---------+-----+-------+-------+-----+
    |       Instance       |   Module   | BRAM_18K| DSP |   FF  |  LUT  | URAM|
    +----------------------+------------+---------+-----+-------+-------+-----+
    |grp_stencilRun_fu_86  |stencilRun  |        8|  130|  33235|  23314|    8|
    +----------------------+------------+---------+-----+-------+-------+-----+
    |Total                 |            |        8|  130|  33235|  23314|    8|
    +----------------------+------------+---------+-----+-------+-------+-----+

    * DSP: 
    N/A

    * Memory: 
    N/A

    * FIFO: 
    N/A

    * Expression: 
    +-----------------+----------+----+---+----+------------+------------+
    |  Variable Name  | Operation| DSP| FF| LUT| Bitwidth P0| Bitwidth P1|
    +-----------------+----------+----+---+----+------------+------------+
    |ap_block_state1  |        or|   0|  0|   2|           1|           1|
    +-----------------+----------+----+---+----+------------+------------+
    |Total            |          |   0|  0|   2|           1|           1|
    +-----------------+----------+----+---+----+------------+------------+

    * Multiplexer: 
    +----------------------------------------------------------+----+-----------+-----+-----------+
    |                           Name                           | LUT| Input Size| Bits| Total Bits|
    +----------------------------------------------------------+----+-----------+-----+-----------+
    |ap_NS_fsm                                                 |  20|          4|    1|          4|
    |ap_done                                                   |   9|          2|    1|          2|
    |arg0_poisson_kernel_stencil_in_subtile_stream_2_6_read    |   9|          2|    1|          2|
    |arg0_poisson_kernel_stencil_in_subtile_stream_2_7_read    |   9|          2|    1|          2|
    |arg1_poisson_kernel_stencil_out_subtile_stream_2_6_write  |   9|          2|    1|          2|
    |arg1_poisson_kernel_stencil_out_subtile_stream_2_7_write  |   9|          2|    1|          2|
    |stencilConfig_is_last_0_blk_n                             |   9|          2|    1|          2|
    |stencilConfig_last_tile_upper_limit_x_blk_n               |   9|          2|    1|          2|
    |stencilConfig_line_diff_blk_n                             |   9|          2|    1|          2|
    |stencilConfig_outer_loop_limit_blk_n                      |   9|          2|    1|          2|
    |stencilConfig_tile_size_0_blk_n                           |   9|          2|    1|          2|
    |stencilConfig_tile_size_1_blk_n                           |   9|          2|    1|          2|
    +----------------------------------------------------------+----+-----------+-----+-----------+
    |Total                                                     | 119|         26|   12|         26|
    +----------------------------------------------------------+----+-----------+-----+-----------+

    * Register: 
    +---------------------------------------------------------+----+----+-----+-----------+
    |                           Name                          | FF | LUT| Bits| Const Bits|
    +---------------------------------------------------------+----+----+-----+-----------+
    |ap_CS_fsm                                                |   3|   0|    3|          0|
    |ap_done_reg                                              |   1|   0|    1|          0|
    |grp_stencilRun_fu_86_ap_start_reg                        |   1|   0|    1|          0|
    |stencil_m_stencilConfig_is_last_0_reg_111                |   1|   0|    1|          0|
    |stencil_m_stencilConfig_last_tile_upper_limit_x_reg_116  |  16|   0|   16|          0|
    |stencil_m_stencilConfig_line_diff_reg_106                |  14|   0|   14|          0|
    |stencil_m_stencilConfig_outer_loop_limit_reg_121         |  16|   0|   16|          0|
    |stencil_m_stencilConfig_tile_size_0_reg_131              |  14|   0|   14|          0|
    |stencil_m_stencilConfig_tile_size_1_reg_126              |  16|   0|   16|          0|
    +---------------------------------------------------------+----+----+-----+-----------+
    |Total                                                    |  82|   0|   82|          0|
    +---------------------------------------------------------+----+----+-----+-----------+



================================================================
== Interface
================================================================
* Summary: 
+-------------------------------------------------------------------+-----+-----+------------+---------------------------------------------------------------------------+--------------+
|                             RTL Ports                             | Dir | Bits|  Protocol  |                               Source Object                               |    C Type    |
+-------------------------------------------------------------------+-----+-----+------------+---------------------------------------------------------------------------+--------------+
|ap_clk                                                             |   in|    1|  ap_ctrl_hs|  kernel_poisson_kernel_stencil_PE<(unsigned short)4, (unsigned short)3>.16|  return value|
|ap_rst                                                             |   in|    1|  ap_ctrl_hs|  kernel_poisson_kernel_stencil_PE<(unsigned short)4, (unsigned short)3>.16|  return value|
|ap_start                                                           |   in|    1|  ap_ctrl_hs|  kernel_poisson_kernel_stencil_PE<(unsigned short)4, (unsigned short)3>.16|  return value|
|ap_done                                                            |  out|    1|  ap_ctrl_hs|  kernel_poisson_kernel_stencil_PE<(unsigned short)4, (unsigned short)3>.16|  return value|
|ap_continue                                                        |   in|    1|  ap_ctrl_hs|  kernel_poisson_kernel_stencil_PE<(unsigned short)4, (unsigned short)3>.16|  return value|
|ap_idle                                                            |  out|    1|  ap_ctrl_hs|  kernel_poisson_kernel_stencil_PE<(unsigned short)4, (unsigned short)3>.16|  return value|
|ap_ready                                                           |  out|    1|  ap_ctrl_hs|  kernel_poisson_kernel_stencil_PE<(unsigned short)4, (unsigned short)3>.16|  return value|
|stencilConfig_tile_size_0_dout                                     |   in|   14|     ap_fifo|                                                  stencilConfig_tile_size_0|       pointer|
|stencilConfig_tile_size_0_num_data_valid                           |   in|    3|     ap_fifo|                                                  stencilConfig_tile_size_0|       pointer|
|stencilConfig_tile_size_0_fifo_cap                                 |   in|    3|     ap_fifo|                                                  stencilConfig_tile_size_0|       pointer|
|stencilConfig_tile_size_0_empty_n                                  |   in|    1|     ap_fifo|                                                  stencilConfig_tile_size_0|       pointer|
|stencilConfig_tile_size_0_read                                     |  out|    1|     ap_fifo|                                                  stencilConfig_tile_size_0|       pointer|
|stencilConfig_tile_size_1_dout                                     |   in|   16|     ap_fifo|                                                  stencilConfig_tile_size_1|       pointer|
|stencilConfig_tile_size_1_num_data_valid                           |   in|    3|     ap_fifo|                                                  stencilConfig_tile_size_1|       pointer|
|stencilConfig_tile_size_1_fifo_cap                                 |   in|    3|     ap_fifo|                                                  stencilConfig_tile_size_1|       pointer|
|stencilConfig_tile_size_1_empty_n                                  |   in|    1|     ap_fifo|                                                  stencilConfig_tile_size_1|       pointer|
|stencilConfig_tile_size_1_read                                     |  out|    1|     ap_fifo|                                                  stencilConfig_tile_size_1|       pointer|
|stencilConfig_outer_loop_limit_dout                                |   in|   16|     ap_fifo|                                             stencilConfig_outer_loop_limit|       pointer|
|stencilConfig_outer_loop_limit_num_data_valid                      |   in|    3|     ap_fifo|                                             stencilConfig_outer_loop_limit|       pointer|
|stencilConfig_outer_loop_limit_fifo_cap                            |   in|    3|     ap_fifo|                                             stencilConfig_outer_loop_limit|       pointer|
|stencilConfig_outer_loop_limit_empty_n                             |   in|    1|     ap_fifo|                                             stencilConfig_outer_loop_limit|       pointer|
|stencilConfig_outer_loop_limit_read                                |  out|    1|     ap_fifo|                                             stencilConfig_outer_loop_limit|       pointer|
|stencilConfig_last_tile_upper_limit_x_dout                         |   in|   16|     ap_fifo|                                      stencilConfig_last_tile_upper_limit_x|       pointer|
|stencilConfig_last_tile_upper_limit_x_num_data_valid               |   in|    3|     ap_fifo|                                      stencilConfig_last_tile_upper_limit_x|       pointer|
|stencilConfig_last_tile_upper_limit_x_fifo_cap                     |   in|    3|     ap_fifo|                                      stencilConfig_last_tile_upper_limit_x|       pointer|
|stencilConfig_last_tile_upper_limit_x_empty_n                      |   in|    1|     ap_fifo|                                      stencilConfig_last_tile_upper_limit_x|       pointer|
|stencilConfig_last_tile_upper_limit_x_read                         |  out|    1|     ap_fifo|                                      stencilConfig_last_tile_upper_limit_x|       pointer|
|stencilConfig_is_last_0_dout                                       |   in|    1|     ap_fifo|                                                    stencilConfig_is_last_0|       pointer|
|stencilConfig_is_last_0_num_data_valid                             |   in|    3|     ap_fifo|                                                    stencilConfig_is_last_0|       pointer|
|stencilConfig_is_last_0_fifo_cap                                   |   in|    3|     ap_fifo|                                                    stencilConfig_is_last_0|       pointer|
|stencilConfig_is_last_0_empty_n                                    |   in|    1|     ap_fifo|                                                    stencilConfig_is_last_0|       pointer|
|stencilConfig_is_last_0_read                                       |  out|    1|     ap_fifo|                                                    stencilConfig_is_last_0|       pointer|
|stencilConfig_line_diff_dout                                       |   in|   14|     ap_fifo|                                                    stencilConfig_line_diff|       pointer|
|stencilConfig_line_diff_num_data_valid                             |   in|    3|     ap_fifo|                                                    stencilConfig_line_diff|       pointer|
|stencilConfig_line_diff_fifo_cap                                   |   in|    3|     ap_fifo|                                                    stencilConfig_line_diff|       pointer|
|stencilConfig_line_diff_empty_n                                    |   in|    1|     ap_fifo|                                                    stencilConfig_line_diff|       pointer|
|stencilConfig_line_diff_read                                       |  out|    1|     ap_fifo|                                                    stencilConfig_line_diff|       pointer|
|arg0_poisson_kernel_stencil_in_subtile_stream_2_6_dout             |   in|  288|     ap_fifo|                          arg0_poisson_kernel_stencil_in_subtile_stream_2_6|       pointer|
|arg0_poisson_kernel_stencil_in_subtile_stream_2_6_num_data_valid   |   in|    2|     ap_fifo|                          arg0_poisson_kernel_stencil_in_subtile_stream_2_6|       pointer|
|arg0_poisson_kernel_stencil_in_subtile_stream_2_6_fifo_cap         |   in|    2|     ap_fifo|                          arg0_poisson_kernel_stencil_in_subtile_stream_2_6|       pointer|
|arg0_poisson_kernel_stencil_in_subtile_stream_2_6_empty_n          |   in|    1|     ap_fifo|                          arg0_poisson_kernel_stencil_in_subtile_stream_2_6|       pointer|
|arg0_poisson_kernel_stencil_in_subtile_stream_2_6_read             |  out|    1|     ap_fifo|                          arg0_poisson_kernel_stencil_in_subtile_stream_2_6|       pointer|
|arg0_poisson_kernel_stencil_in_subtile_stream_2_7_dout             |   in|  288|     ap_fifo|                          arg0_poisson_kernel_stencil_in_subtile_stream_2_7|       pointer|
|arg0_poisson_kernel_stencil_in_subtile_stream_2_7_num_data_valid   |   in|    2|     ap_fifo|                          arg0_poisson_kernel_stencil_in_subtile_stream_2_7|       pointer|
|arg0_poisson_kernel_stencil_in_subtile_stream_2_7_fifo_cap         |   in|    2|     ap_fifo|                          arg0_poisson_kernel_stencil_in_subtile_stream_2_7|       pointer|
|arg0_poisson_kernel_stencil_in_subtile_stream_2_7_empty_n          |   in|    1|     ap_fifo|                          arg0_poisson_kernel_stencil_in_subtile_stream_2_7|       pointer|
|arg0_poisson_kernel_stencil_in_subtile_stream_2_7_read             |  out|    1|     ap_fifo|                          arg0_poisson_kernel_stencil_in_subtile_stream_2_7|       pointer|
|arg1_poisson_kernel_stencil_out_subtile_stream_2_6_din             |  out|  288|     ap_fifo|                         arg1_poisson_kernel_stencil_out_subtile_stream_2_6|       pointer|
|arg1_poisson_kernel_stencil_out_subtile_stream_2_6_num_data_valid  |   in|    2|     ap_fifo|                         arg1_poisson_kernel_stencil_out_subtile_stream_2_6|       pointer|
|arg1_poisson_kernel_stencil_out_subtile_stream_2_6_fifo_cap        |   in|    2|     ap_fifo|                         arg1_poisson_kernel_stencil_out_subtile_stream_2_6|       pointer|
|arg1_poisson_kernel_stencil_out_subtile_stream_2_6_full_n          |   in|    1|     ap_fifo|                         arg1_poisson_kernel_stencil_out_subtile_stream_2_6|       pointer|
|arg1_poisson_kernel_stencil_out_subtile_stream_2_6_write           |  out|    1|     ap_fifo|                         arg1_poisson_kernel_stencil_out_subtile_stream_2_6|       pointer|
|arg1_poisson_kernel_stencil_out_subtile_stream_2_7_din             |  out|  288|     ap_fifo|                         arg1_poisson_kernel_stencil_out_subtile_stream_2_7|       pointer|
|arg1_poisson_kernel_stencil_out_subtile_stream_2_7_num_data_valid  |   in|    2|     ap_fifo|                         arg1_poisson_kernel_stencil_out_subtile_stream_2_7|       pointer|
|arg1_poisson_kernel_stencil_out_subtile_stream_2_7_fifo_cap        |   in|    2|     ap_fifo|                         arg1_poisson_kernel_stencil_out_subtile_stream_2_7|       pointer|
|arg1_poisson_kernel_stencil_out_subtile_stream_2_7_full_n          |   in|    1|     ap_fifo|                         arg1_poisson_kernel_stencil_out_subtile_stream_2_7|       pointer|
|arg1_poisson_kernel_stencil_out_subtile_stream_2_7_write           |  out|    1|     ap_fifo|                         arg1_poisson_kernel_stencil_out_subtile_stream_2_7|       pointer|
+-------------------------------------------------------------------+-----+-----+------------+---------------------------------------------------------------------------+--------------+

