Copyright 1986-2022 Xilinx, Inc. All Rights Reserved.
--------------------------------------------------------------------------------------------------------------------------------------------------------------------------------------------------------------------------------------------------------------------------------------------------------------------------------------------------------------------------------------------------------------------------------------------------------------------------------------------------------------------------------------------------------------------------------------
| Tool Version : Vivado v.2022.2 (lin64) Build 3671981 Fri Oct 14 04:59:54 MDT 2022
| Date         : Sat Aug 15 02:01:16 2026
| Host         : acclnode01 running 64-bit Ubuntu 20.04.6 LTS
| Command      : report_accelerator_utilization -kernels { datamover_outerloop_0:level0_i/ulp/datamover_outerloop_0_1/inst:datamover_outerloop_0_1 kernel_outerloop_0_0:level0_i/ulp/kernel_outerloop_inst_0_1/inst:kernel_outerloop_inst_0_1 kernel_outerloop_0_1:level0_i/ulp/kernel_outerloop_inst_0_2/inst:kernel_outerloop_inst_0_2 kernel_outerloop_0_2:level0_i/ulp/kernel_outerloop_inst_0_3/inst:kernel_outerloop_inst_0_3 repeater_outerloop_0:level0_i/ulp/repeater_outerloop_0_1/inst:repeater_outerloop_0_1} -file kernel_util_placed.rpt -name kernel_util_placed -json
| Design       : level0_wrapper
| Device       : xcu280
| Design State : Fully Placed
--------------------------------------------------------------------------------------------------------------------------------------------------------------------------------------------------------------------------------------------------------------------------------------------------------------------------------------------------------------------------------------------------------------------------------------------------------------------------------------------------------------------------------------------------------------------------------------

Accelerator Utilization Design Information

Table of Contents
-----------------
1. System Utilization

1. System Utilization
---------------------

+------------------------------+-------------------+------------------+-------------------+----------------+---------------+----------------+
| Name                         | LUT               | LUTAsMem         | REG               | BRAM           | URAM          | DSP            |
+------------------------------+-------------------+------------------+-------------------+----------------+---------------+----------------+
| Platform                     |  145573 [ 11.17%] |  14914 [  2.48%] |  207369 [  7.95%] |  327 [ 16.22%] |   0 [  0.00%] |    4 [  0.04%] |
| User Budget                  | 1158107 [100.00%] | 586046 [100.00%] | 2399991 [100.00%] | 1689 [100.00%] | 960 [100.00%] | 9020 [100.00%] |
|    Used Resources            |  543840 [ 46.96%] |  49566 [  8.46%] | 1013796 [ 42.24%] |  352 [ 20.84%] | 224 [ 23.33%] | 3643 [ 40.39%] |
|    Unused Resources          |  614267 [ 53.04%] | 536480 [ 91.54%] | 1386195 [ 57.76%] | 1337 [ 79.16%] | 736 [ 76.67%] | 5377 [ 59.61%] |
| datamover_outerloop_0        |   39116 [  3.38%] |  10256 [  1.75%] |   67955 [  2.83%] |  128 [  7.58%] |   0 [  0.00%] |    0 [  0.00%] |
|    datamover_outerloop_0_1   |   39116 [  3.38%] |  10256 [  1.75%] |   67955 [  2.83%] |  128 [  7.58%] |   0 [  0.00%] |    0 [  0.00%] |
| kernel_outerloop_0_0         |   75721 [  6.54%] |   6968 [  1.19%] |  143545 [  5.98%] |   32 [  1.89%] |  32 [  3.33%] |  521 [  5.78%] |
|    kernel_outerloop_inst_0_1 |   75721 [  6.54%] |   6968 [  1.19%] |  143545 [  5.98%] |   32 [  1.89%] |  32 [  3.33%] |  521 [  5.78%] |
| kernel_outerloop_0_1         |  215646 [ 18.62%] |  16171 [  2.76%] |  397135 [ 16.55%] |   96 [  5.68%] |  96 [ 10.00%] | 1561 [ 17.31%] |
|    kernel_outerloop_inst_0_2 |  215646 [ 18.62%] |  16171 [  2.76%] |  397135 [ 16.55%] |   96 [  5.68%] |  96 [ 10.00%] | 1561 [ 17.31%] |
| kernel_outerloop_0_2         |  211195 [ 18.24%] |  16171 [  2.76%] |  396881 [ 16.54%] |   96 [  5.68%] |  96 [ 10.00%] | 1561 [ 17.31%] |
|    kernel_outerloop_inst_0_3 |  211195 [ 18.24%] |  16171 [  2.76%] |  396881 [ 16.54%] |   96 [  5.68%] |  96 [ 10.00%] | 1561 [ 17.31%] |
| repeater_outerloop_0         |    2162 [  0.19%] |      0 [  0.00%] |    8280 [  0.35%] |    0 [  0.00%] |   0 [  0.00%] |    0 [  0.00%] |
|    repeater_outerloop_0_1    |    2162 [  0.19%] |      0 [  0.00%] |    8280 [  0.35%] |    0 [  0.00%] |   0 [  0.00%] |    0 [  0.00%] |
+------------------------------+-------------------+------------------+-------------------+----------------+---------------+----------------+


