Copyright 1986-2022 Xilinx, Inc. All Rights Reserved.
----------------------------------------------------------------------------------------------------
| Tool Version : Vivado v.2022.2 (lin64) Build 3671981 Fri Oct 14 04:59:54 MDT 2022
| Date         : Fri Jul 31 07:24:40 2026
| Host         : n2cn0341.ab2021.local running 64-bit Red Hat Enterprise Linux release 8.10 (Ootpa)
| Command      : report_utilization -slr -file slr_util_routed.rpt -pb slr_util_routed.pb
| Design       : level0_wrapper
| Device       : xcu280-fsvh2892-2L-e
| Speed File   : -2L
| Design State : Routed
----------------------------------------------------------------------------------------------------

Utilization Design Information

Table of Contents
-----------------
1. SLR Connectivity
2. SLR Connectivity Matrix
3. SLR CLB Logic and Dedicated Block Utilization
4. SLR IO Utilization

1. SLR Connectivity
-------------------

+----------------------------------+-------+-------+-----------+-------+
|                                  |  Used | Fixed | Available | Util% |
+----------------------------------+-------+-------+-----------+-------+
| SLR2 <-> SLR1                    |  5796 |       |     23040 | 25.16 |
|   SLR1 -> SLR2                   |  2929 |       |           | 12.71 |
|     Using TX_REG only            |     0 |     0 |           |       |
|     Using RX_REG only            |     0 |     0 |           |       |
|     Using Both TX_REG and RX_REG |     0 |     0 |           |       |
|   SLR2 -> SLR1                   |  2867 |       |           | 12.44 |
|     Using TX_REG only            |     0 |     0 |           |       |
|     Using RX_REG only            |     0 |     0 |           |       |
|     Using Both TX_REG and RX_REG |     0 |     0 |           |       |
| SLR1 <-> SLR0                    |  7694 |       |     23040 | 33.39 |
|   SLR0 -> SLR1                   |  3565 |       |           | 15.47 |
|     Using TX_REG only            |     0 |     0 |           |       |
|     Using RX_REG only            |     0 |     0 |           |       |
|     Using Both TX_REG and RX_REG |     0 |     0 |           |       |
|   SLR1 -> SLR0                   |  4129 |       |           | 17.92 |
|     Using TX_REG only            |     0 |     0 |           |       |
|     Using RX_REG only            |     0 |     0 |           |       |
|     Using Both TX_REG and RX_REG |     0 |     0 |           |       |
+----------------------------------+-------+-------+-----------+-------+
| Total SLLs Used                  | 13490 |       |           |       |
+----------------------------------+-------+-------+-----------+-------+


2. SLR Connectivity Matrix
--------------------------

+-----------+------+------+------+
| FROM \ TO | SLR2 | SLR1 | SLR0 |
+-----------+------+------+------+
| SLR2      |    0 | 2711 |  156 |
| SLR1      | 2804 |    0 | 3973 |
| SLR0      |  125 | 3440 |    0 |
+-----------+------+------+------+


3. SLR CLB Logic and Dedicated Block Utilization
------------------------------------------------

+----------------------------+--------+--------+--------+--------+--------+--------+
|          Site Type         |  SLR0  |  SLR1  |  SLR2  | SLR0 % | SLR1 % | SLR2 % |
+----------------------------+--------+--------+--------+--------+--------+--------+
| CLB                        |  35340 |  52275 |  50999 |  64.30 |  96.81 |  94.44 |
|   CLBL                     |  18488 |  27614 |  27314 |  63.14 |  94.31 |  93.29 |
|   CLBM                     |  16852 |  24661 |  23685 |  65.62 |  99.76 |  95.81 |
| CLB LUTs                   | 149757 | 287224 | 254703 |  34.06 |  66.49 |  58.96 |
|   LUT as Logic             | 125071 | 264682 | 234459 |  28.45 |  61.27 |  54.27 |
|     using O5 output only   |   2891 |   1354 |   1101 |   0.66 |   0.31 |   0.25 |
|     using O6 output only   |  81725 | 157545 | 136184 |  18.59 |  36.47 |  31.52 |
|     using O5 and O6        |  40455 | 105783 |  97174 |   9.20 |  24.49 |  22.49 |
|   LUT as Memory            |  24686 |  22542 |  20244 |  12.02 |  11.40 |  10.24 |
|     LUT as Distributed RAM |  10822 |   7850 |   4964 |   5.27 |   3.97 |   2.51 |
|       using O5 output only |      0 |      0 |      0 |   0.00 |   0.00 |   0.00 |
|       using O6 output only |    240 |    386 |      0 |   0.12 |   0.20 |   0.00 |
|       using O5 and O6      |  10582 |   7464 |   4964 |   5.15 |   3.77 |   2.51 |
|     LUT as Shift Register  |  13864 |  14692 |  15280 |   6.75 |   7.43 |   7.73 |
|       using O5 output only |      0 |      0 |      0 |   0.00 |   0.00 |   0.00 |
|       using O6 output only |   6984 |   1204 |   1814 |   3.40 |   0.61 |   0.92 |
|       using O5 and O6      |   6880 |  13488 |  13466 |   3.35 |   6.82 |   6.81 |
| CLB Registers              | 255743 | 481217 | 446767 |  29.08 |  55.70 |  51.71 |
| CARRY8                     |   4566 |  11303 |  10824 |   8.31 |  20.93 |  20.04 |
| F7 Muxes                   |   3813 |   1135 |    467 |   1.73 |   0.53 |   0.22 |
| F8 Muxes                   |    208 |    335 |     15 |   0.19 |   0.31 |   0.01 |
| F9 Muxes                   |      0 |      0 |      0 |   0.00 |   0.00 |   0.00 |
| Block RAM Tile             |  227.5 |    198 |    158 |  33.85 |  29.46 |  23.51 |
|   RAMB36/FIFO              |    226 |    197 |    158 |  33.63 |  29.32 |  23.51 |
|   RAMB18                   |      3 |      2 |      0 |   0.22 |   0.15 |   0.00 |
| URAM                       |     24 |    108 |    108 |   7.50 |  33.75 |  33.75 |
| DSPs                       |    440 |   1783 |   1787 |  15.28 |  58.04 |  58.17 |
| Unique Control Sets        |   6343 |   9194 |   6987 |   5.77 |   8.51 |   6.47 |
+----------------------------+--------+--------+--------+--------+--------+--------+
* Note: Available Control Sets based on CLB Registers / 8


4. SLR IO Utilization
---------------------

+-----------+-----------+---------+------------+----------+------------+----------+-----+
| SLR Index | Used IOBs | (%)IOBs | Used IPADs | (%)IPADs | Used OPADs | (%)OPADs | GTs |
+-----------+-----------+---------+------------+----------+------------+----------+-----+
| SLR2      |        15 |    7.21 |          0 |     0.00 |          0 |     0.00 |   0 |
| SLR1      |         0 |    0.00 |          0 |     0.00 |          0 |     0.00 |   0 |
| SLR0      |         1 |    0.48 |          0 |     0.00 |          0 |     0.00 |  16 |
+-----------+-----------+---------+------------+----------+------------+----------+-----+
| Total     |        16 |         |          0 |          |          0 |          |  16 |
+-----------+-----------+---------+------------+----------+------------+----------+-----+


