

================================================================
== Vitis HLS Report for 'combineStreams2D_Pipeline_VITIS_LOOP_5422_2_VITIS_LOOP_5426_3'
================================================================
* Date:           Fri Jul 31 13:51:03 2026

* Version:        2022.2 (Build 3670227 on Oct 13 2022)
* Project:        datamover_outerloop_0
* Solution:       solution (Vitis Kernel Flow Target)
* Product family: virtexuplus
* Target device:  xcu280-fsvh2892-2L-e


================================================================
== Performance Estimates
================================================================
+ Timing: 
    * Summary: 
    +--------+---------+----------+------------+
    |  Clock |  Target | Estimated| Uncertainty|
    +--------+---------+----------+------------+
    |ap_clk  |  3.33 ns|  1.415 ns|     0.90 ns|
    +--------+---------+----------+------------+

+ Latency: 
    * Summary: 
    +---------+---------+----------+----------+-----+-----+---------+
    |  Latency (cycles) |  Latency (absolute) |  Interval | Pipeline|
    |   min   |   max   |    min   |    max   | min | max |   Type  |
    +---------+---------+----------+----------+-----+-----+---------+
    |        ?|        ?|         ?|         ?|    ?|    ?|       no|
    +---------+---------+----------+----------+-----+-----+---------+

    + Detail: 
        * Instance: 
        N/A

        * Loop: 
        +---------------------------------------+---------+---------+----------+-----------+-----------+------+----------+
        |                                       |  Latency (cycles) | Iteration|  Initiation Interval  | Trip |          |
        |               Loop Name               |   min   |   max   |  Latency |  achieved |   target  | Count| Pipelined|
        +---------------------------------------+---------+---------+----------+-----------+-----------+------+----------+
        |- VITIS_LOOP_5422_2_VITIS_LOOP_5426_3  |        ?|        ?|         3|          1|          1|     ?|       yes|
        +---------------------------------------+---------+---------+----------+-----------+-----------+------+----------+



================================================================
== Utilization Estimates
================================================================
* Summary: 
+---------------------+---------+------+---------+---------+-----+
|         Name        | BRAM_18K|  DSP |    FF   |   LUT   | URAM|
+---------------------+---------+------+---------+---------+-----+
|DSP                  |        -|     -|        -|        -|    -|
|Expression           |        -|     -|        0|      172|    -|
|FIFO                 |        -|     -|        -|        -|    -|
|Instance             |        -|     -|        -|        -|    -|
|Memory               |        -|     -|        -|        -|    -|
|Multiplexer          |        -|     -|        -|      184|    -|
|Register             |        -|     -|      842|        -|    -|
+---------------------+---------+------+---------+---------+-----+
|Total                |        0|     0|      842|      356|    0|
+---------------------+---------+------+---------+---------+-----+
|Available SLR        |     1344|  3008|   869120|   434560|  320|
+---------------------+---------+------+---------+---------+-----+
|Utilization SLR (%)  |        0|     0|       ~0|       ~0|    0|
+---------------------+---------+------+---------+---------+-----+
|Available            |     4032|  9024|  2607360|  1303680|  960|
+---------------------+---------+------+---------+---------+-----+
|Utilization (%)      |        0|     0|       ~0|       ~0|    0|
+---------------------+---------+------+---------+---------+-----+

+ Detail: 
    * Instance: 
    N/A

    * DSP: 
    N/A

    * Memory: 
    N/A

    * FIFO: 
    N/A

    * Expression: 
    +----------------------------------+----------+----+---+----+------------+------------+
    |           Variable Name          | Operation| DSP| FF| LUT| Bitwidth P0| Bitwidth P1|
    +----------------------------------+----------+----+---+----+------------+------------+
    |add_ln5422_1_fu_204_p2            |         +|   0|  0|  23|          16|           1|
    |add_ln5422_fu_195_p2              |         +|   0|  0|  39|          32|           1|
    |add_ln5426_fu_227_p2              |         +|   0|  0|  23|          16|           1|
    |ap_predicate_op43_read_state3     |       and|   0|  0|   2|           1|           1|
    |ap_predicate_op45_read_state3     |       and|   0|  0|   2|           1|           1|
    |ap_predicate_op47_read_state3     |       and|   0|  0|   2|           1|           1|
    |ap_predicate_op49_read_state3     |       and|   0|  0|   2|           1|           1|
    |ap_predicate_op51_read_state3     |       and|   0|  0|   2|           1|           1|
    |ap_predicate_op53_read_state3     |       and|   0|  0|   2|           1|           1|
    |ap_predicate_op55_read_state3     |       and|   0|  0|   2|           1|           1|
    |ap_predicate_op57_read_state3     |       and|   0|  0|   2|           1|           1|
    |icmp_ln5422_fu_190_p2             |      icmp|   0|  0|  20|          32|          32|
    |icmp_ln5426_fu_210_p2             |      icmp|   0|  0|  13|          16|          16|
    |ap_block_pp0_stage0_01001         |        or|   0|  0|   2|           1|           1|
    |ap_block_state3_pp0_stage0_iter2  |        or|   0|  0|   2|           1|           1|
    |i_7_fu_233_p3                     |    select|   0|  0|  16|           1|           1|
    |select_ln5422_fu_215_p3           |    select|   0|  0|  16|           1|          16|
    |ap_enable_pp0                     |       xor|   0|  0|   2|           1|           2|
    +----------------------------------+----------+----+---+----+------------+------------+
    |Total                             |          |   0|  0| 172|         125|          80|
    +----------------------------------+----------+----+---+----+------------+------------+

    * Multiplexer: 
    +------------------------------------+----+-----------+-----+-----------+
    |                Name                | LUT| Input Size| Bits| Total Bits|
    +------------------------------------+----+-----------+-----+-----------+
    |ap_done_int                         |   9|          2|    1|          2|
    |ap_enable_reg_pp0_iter1             |   9|          2|    1|          2|
    |ap_enable_reg_pp0_iter2             |   9|          2|    1|          2|
    |ap_phi_reg_pp0_iter3_data_reg_147   |  49|          9|  256|       2304|
    |arg0_combined_read_mem_strm1_blk_n  |   9|          2|    1|          2|
    |arg0_read_mem_strm_0_blk_n          |   9|          2|    1|          2|
    |arg0_read_mem_strm_1_blk_n          |   9|          2|    1|          2|
    |arg0_read_mem_strm_2_blk_n          |   9|          2|    1|          2|
    |arg0_read_mem_strm_3_blk_n          |   9|          2|    1|          2|
    |arg0_read_mem_strm_4_blk_n          |   9|          2|    1|          2|
    |arg0_read_mem_strm_5_blk_n          |   9|          2|    1|          2|
    |arg0_read_mem_strm_6_blk_n          |   9|          2|    1|          2|
    |arg0_read_mem_strm_7_blk_n          |   9|          2|    1|          2|
    |bank_id_fu_72                       |   9|          2|   16|         32|
    |i_fu_68                             |   9|          2|   16|         32|
    |indvar_flatten_fu_76                |   9|          2|   32|         64|
    +------------------------------------+----+-----------+-----+-----------+
    |Total                               | 184|         39|  332|       2456|
    +------------------------------------+----+-----------+-----+-----------+

    * Register: 
    +-----------------------------------+-----+----+-----+-----------+
    |                Name               |  FF | LUT| Bits| Const Bits|
    +-----------------------------------+-----+----+-----+-----------+
    |ap_CS_fsm                          |    1|   0|    1|          0|
    |ap_done_reg                        |    1|   0|    1|          0|
    |ap_enable_reg_pp0_iter1            |    1|   0|    1|          0|
    |ap_enable_reg_pp0_iter2            |    1|   0|    1|          0|
    |ap_enable_reg_pp0_iter3            |    1|   0|    1|          0|
    |ap_loop_exit_ready_pp0_iter2_reg   |    1|   0|    1|          0|
    |ap_phi_reg_pp0_iter1_data_reg_147  |  256|   0|  256|          0|
    |ap_phi_reg_pp0_iter2_data_reg_147  |  256|   0|  256|          0|
    |ap_phi_reg_pp0_iter3_data_reg_147  |  256|   0|  256|          0|
    |bank_id_fu_72                      |   16|   0|   16|          0|
    |i_fu_68                            |   16|   0|   16|          0|
    |icmp_ln5422_reg_287                |    1|   0|    1|          0|
    |indvar_flatten_fu_76               |   32|   0|   32|          0|
    |trunc_ln5422_reg_291               |    3|   0|    3|          0|
    +-----------------------------------+-----+----+-----+-----------+
    |Total                              |  842|   0|  842|          0|
    +-----------------------------------+-----+----+-----+-----------+



================================================================
== Interface
================================================================
* Summary: 
+---------------------------------------------+-----+-----+------------+---------------------------------------------------------------+--------------+
|                  RTL Ports                  | Dir | Bits|  Protocol  |                         Source Object                         |    C Type    |
+---------------------------------------------+-----+-----+------------+---------------------------------------------------------------+--------------+
|ap_clk                                       |   in|    1|  ap_ctrl_hs|  combineStreams2D_Pipeline_VITIS_LOOP_5422_2_VITIS_LOOP_5426_3|  return value|
|ap_rst                                       |   in|    1|  ap_ctrl_hs|  combineStreams2D_Pipeline_VITIS_LOOP_5422_2_VITIS_LOOP_5426_3|  return value|
|ap_start                                     |   in|    1|  ap_ctrl_hs|  combineStreams2D_Pipeline_VITIS_LOOP_5422_2_VITIS_LOOP_5426_3|  return value|
|ap_done                                      |  out|    1|  ap_ctrl_hs|  combineStreams2D_Pipeline_VITIS_LOOP_5422_2_VITIS_LOOP_5426_3|  return value|
|ap_idle                                      |  out|    1|  ap_ctrl_hs|  combineStreams2D_Pipeline_VITIS_LOOP_5422_2_VITIS_LOOP_5426_3|  return value|
|ap_ready                                     |  out|    1|  ap_ctrl_hs|  combineStreams2D_Pipeline_VITIS_LOOP_5422_2_VITIS_LOOP_5426_3|  return value|
|arg0_read_mem_strm_6_dout                    |   in|  256|     ap_fifo|                                           arg0_read_mem_strm_6|       pointer|
|arg0_read_mem_strm_6_num_data_valid          |   in|    5|     ap_fifo|                                           arg0_read_mem_strm_6|       pointer|
|arg0_read_mem_strm_6_fifo_cap                |   in|    5|     ap_fifo|                                           arg0_read_mem_strm_6|       pointer|
|arg0_read_mem_strm_6_empty_n                 |   in|    1|     ap_fifo|                                           arg0_read_mem_strm_6|       pointer|
|arg0_read_mem_strm_6_read                    |  out|    1|     ap_fifo|                                           arg0_read_mem_strm_6|       pointer|
|arg0_read_mem_strm_5_dout                    |   in|  256|     ap_fifo|                                           arg0_read_mem_strm_5|       pointer|
|arg0_read_mem_strm_5_num_data_valid          |   in|    5|     ap_fifo|                                           arg0_read_mem_strm_5|       pointer|
|arg0_read_mem_strm_5_fifo_cap                |   in|    5|     ap_fifo|                                           arg0_read_mem_strm_5|       pointer|
|arg0_read_mem_strm_5_empty_n                 |   in|    1|     ap_fifo|                                           arg0_read_mem_strm_5|       pointer|
|arg0_read_mem_strm_5_read                    |  out|    1|     ap_fifo|                                           arg0_read_mem_strm_5|       pointer|
|arg0_read_mem_strm_4_dout                    |   in|  256|     ap_fifo|                                           arg0_read_mem_strm_4|       pointer|
|arg0_read_mem_strm_4_num_data_valid          |   in|    5|     ap_fifo|                                           arg0_read_mem_strm_4|       pointer|
|arg0_read_mem_strm_4_fifo_cap                |   in|    5|     ap_fifo|                                           arg0_read_mem_strm_4|       pointer|
|arg0_read_mem_strm_4_empty_n                 |   in|    1|     ap_fifo|                                           arg0_read_mem_strm_4|       pointer|
|arg0_read_mem_strm_4_read                    |  out|    1|     ap_fifo|                                           arg0_read_mem_strm_4|       pointer|
|arg0_read_mem_strm_3_dout                    |   in|  256|     ap_fifo|                                           arg0_read_mem_strm_3|       pointer|
|arg0_read_mem_strm_3_num_data_valid          |   in|    5|     ap_fifo|                                           arg0_read_mem_strm_3|       pointer|
|arg0_read_mem_strm_3_fifo_cap                |   in|    5|     ap_fifo|                                           arg0_read_mem_strm_3|       pointer|
|arg0_read_mem_strm_3_empty_n                 |   in|    1|     ap_fifo|                                           arg0_read_mem_strm_3|       pointer|
|arg0_read_mem_strm_3_read                    |  out|    1|     ap_fifo|                                           arg0_read_mem_strm_3|       pointer|
|arg0_read_mem_strm_2_dout                    |   in|  256|     ap_fifo|                                           arg0_read_mem_strm_2|       pointer|
|arg0_read_mem_strm_2_num_data_valid          |   in|    5|     ap_fifo|                                           arg0_read_mem_strm_2|       pointer|
|arg0_read_mem_strm_2_fifo_cap                |   in|    5|     ap_fifo|                                           arg0_read_mem_strm_2|       pointer|
|arg0_read_mem_strm_2_empty_n                 |   in|    1|     ap_fifo|                                           arg0_read_mem_strm_2|       pointer|
|arg0_read_mem_strm_2_read                    |  out|    1|     ap_fifo|                                           arg0_read_mem_strm_2|       pointer|
|arg0_read_mem_strm_1_dout                    |   in|  256|     ap_fifo|                                           arg0_read_mem_strm_1|       pointer|
|arg0_read_mem_strm_1_num_data_valid          |   in|    5|     ap_fifo|                                           arg0_read_mem_strm_1|       pointer|
|arg0_read_mem_strm_1_fifo_cap                |   in|    5|     ap_fifo|                                           arg0_read_mem_strm_1|       pointer|
|arg0_read_mem_strm_1_empty_n                 |   in|    1|     ap_fifo|                                           arg0_read_mem_strm_1|       pointer|
|arg0_read_mem_strm_1_read                    |  out|    1|     ap_fifo|                                           arg0_read_mem_strm_1|       pointer|
|arg0_read_mem_strm_0_dout                    |   in|  256|     ap_fifo|                                           arg0_read_mem_strm_0|       pointer|
|arg0_read_mem_strm_0_num_data_valid          |   in|    5|     ap_fifo|                                           arg0_read_mem_strm_0|       pointer|
|arg0_read_mem_strm_0_fifo_cap                |   in|    5|     ap_fifo|                                           arg0_read_mem_strm_0|       pointer|
|arg0_read_mem_strm_0_empty_n                 |   in|    1|     ap_fifo|                                           arg0_read_mem_strm_0|       pointer|
|arg0_read_mem_strm_0_read                    |  out|    1|     ap_fifo|                                           arg0_read_mem_strm_0|       pointer|
|arg0_read_mem_strm_7_dout                    |   in|  256|     ap_fifo|                                           arg0_read_mem_strm_7|       pointer|
|arg0_read_mem_strm_7_num_data_valid          |   in|    5|     ap_fifo|                                           arg0_read_mem_strm_7|       pointer|
|arg0_read_mem_strm_7_fifo_cap                |   in|    5|     ap_fifo|                                           arg0_read_mem_strm_7|       pointer|
|arg0_read_mem_strm_7_empty_n                 |   in|    1|     ap_fifo|                                           arg0_read_mem_strm_7|       pointer|
|arg0_read_mem_strm_7_read                    |  out|    1|     ap_fifo|                                           arg0_read_mem_strm_7|       pointer|
|arg0_combined_read_mem_strm1_din             |  out|  256|     ap_fifo|                                   arg0_combined_read_mem_strm1|       pointer|
|arg0_combined_read_mem_strm1_num_data_valid  |   in|    2|     ap_fifo|                                   arg0_combined_read_mem_strm1|       pointer|
|arg0_combined_read_mem_strm1_fifo_cap        |   in|    2|     ap_fifo|                                   arg0_combined_read_mem_strm1|       pointer|
|arg0_combined_read_mem_strm1_full_n          |   in|    1|     ap_fifo|                                   arg0_combined_read_mem_strm1|       pointer|
|arg0_combined_read_mem_strm1_write           |  out|    1|     ap_fifo|                                   arg0_combined_read_mem_strm1|       pointer|
|mul_ln5418                                   |   in|   32|     ap_none|                                                     mul_ln5418|        scalar|
|tile_size_x                                  |   in|   16|     ap_none|                                                    tile_size_x|        scalar|
+---------------------------------------------+-----+-----+------------+---------------------------------------------------------------+--------------+

============================================================
+ Verbose Summary: Synthesis Manager
============================================================
InlineROM: 1
ExposeGlobal: 0
============================================================
+ Verbose Summary: CDFG Model
============================================================
IsTopModel: 0
ResetActiveHigh: 1
IsCombinational: 2
IsDatapathOnly: 2
HasWiredReturn: 1
HasMFsm: 2
HasVarLatency: 1
IsPipeline: 0
IsRtlPipelined: 0
IsInstanceOverlapped: 0
IsDontTouch: 0
HasImplIP: 0
IsGatedGlobalClock: 0

+ Individual pipeline summary: 
  * Pipeline-0: initiation interval (II) = 1, depth = 4


============================================================
+ Verbose Summary: Schedule
============================================================
* Number of FSM states : 4
* Pipeline : 1
  Pipeline-0 : II = 1, D = 4, States = { 1 2 3 4 }
* Dataflow Pipeline: 0

* FSM state transitions: 
1 --> 2 
2 --> 3 
3 --> 4 
4 --> 

* FSM state operations: 

State 1 <SV = 0> <Delay = 0.38>
ST_1 : Operation 6 [1/1] (0.00ns)   --->   "%i = alloca i32 1"   --->   Operation 6 'alloca' 'i' <Predicate = true> <Delay = 0.00>
ST_1 : Operation 7 [1/1] (0.00ns)   --->   "%bank_id = alloca i32 1"   --->   Operation 7 'alloca' 'bank_id' <Predicate = true> <Delay = 0.00>
ST_1 : Operation 8 [1/1] (0.00ns)   --->   "%indvar_flatten = alloca i32 1"   --->   Operation 8 'alloca' 'indvar_flatten' <Predicate = true> <Delay = 0.00>
ST_1 : Operation 9 [1/1] (0.00ns)   --->   "%specinterface_ln0 = specinterface void @_ssdm_op_SpecInterface, i256 %arg0_read_mem_strm_0, void @empty_50, i32 0, i32 0, void @empty_47, i32 0, i32 0, void @empty_47, void @empty_47, void @empty_47, i32 0, i32 0, i32 0, i32 0, void @empty_47, void @empty_47, i32 4294967295, i32 0"   --->   Operation 9 'specinterface' 'specinterface_ln0' <Predicate = true> <Delay = 0.00>
ST_1 : Operation 10 [1/1] (0.00ns)   --->   "%specinterface_ln0 = specinterface void @_ssdm_op_SpecInterface, i256 %arg0_read_mem_strm_1, void @empty_50, i32 0, i32 0, void @empty_47, i32 0, i32 0, void @empty_47, void @empty_47, void @empty_47, i32 0, i32 0, i32 0, i32 0, void @empty_47, void @empty_47, i32 4294967295, i32 0"   --->   Operation 10 'specinterface' 'specinterface_ln0' <Predicate = true> <Delay = 0.00>
ST_1 : Operation 11 [1/1] (0.00ns)   --->   "%specinterface_ln0 = specinterface void @_ssdm_op_SpecInterface, i256 %arg0_read_mem_strm_2, void @empty_50, i32 0, i32 0, void @empty_47, i32 0, i32 0, void @empty_47, void @empty_47, void @empty_47, i32 0, i32 0, i32 0, i32 0, void @empty_47, void @empty_47, i32 4294967295, i32 0"   --->   Operation 11 'specinterface' 'specinterface_ln0' <Predicate = true> <Delay = 0.00>
ST_1 : Operation 12 [1/1] (0.00ns)   --->   "%specinterface_ln0 = specinterface void @_ssdm_op_SpecInterface, i256 %arg0_read_mem_strm_3, void @empty_50, i32 0, i32 0, void @empty_47, i32 0, i32 0, void @empty_47, void @empty_47, void @empty_47, i32 0, i32 0, i32 0, i32 0, void @empty_47, void @empty_47, i32 4294967295, i32 0"   --->   Operation 12 'specinterface' 'specinterface_ln0' <Predicate = true> <Delay = 0.00>
ST_1 : Operation 13 [1/1] (0.00ns)   --->   "%specinterface_ln0 = specinterface void @_ssdm_op_SpecInterface, i256 %arg0_read_mem_strm_4, void @empty_50, i32 0, i32 0, void @empty_47, i32 0, i32 0, void @empty_47, void @empty_47, void @empty_47, i32 0, i32 0, i32 0, i32 0, void @empty_47, void @empty_47, i32 4294967295, i32 0"   --->   Operation 13 'specinterface' 'specinterface_ln0' <Predicate = true> <Delay = 0.00>
ST_1 : Operation 14 [1/1] (0.00ns)   --->   "%specinterface_ln0 = specinterface void @_ssdm_op_SpecInterface, i256 %arg0_read_mem_strm_5, void @empty_50, i32 0, i32 0, void @empty_47, i32 0, i32 0, void @empty_47, void @empty_47, void @empty_47, i32 0, i32 0, i32 0, i32 0, void @empty_47, void @empty_47, i32 4294967295, i32 0"   --->   Operation 14 'specinterface' 'specinterface_ln0' <Predicate = true> <Delay = 0.00>
ST_1 : Operation 15 [1/1] (0.00ns)   --->   "%specinterface_ln0 = specinterface void @_ssdm_op_SpecInterface, i256 %arg0_read_mem_strm_6, void @empty_50, i32 0, i32 0, void @empty_47, i32 0, i32 0, void @empty_47, void @empty_47, void @empty_47, i32 0, i32 0, i32 0, i32 0, void @empty_47, void @empty_47, i32 4294967295, i32 0"   --->   Operation 15 'specinterface' 'specinterface_ln0' <Predicate = true> <Delay = 0.00>
ST_1 : Operation 16 [1/1] (0.00ns)   --->   "%specinterface_ln0 = specinterface void @_ssdm_op_SpecInterface, i256 %arg0_read_mem_strm_7, void @empty_50, i32 0, i32 0, void @empty_47, i32 0, i32 0, void @empty_47, void @empty_47, void @empty_47, i32 0, i32 0, i32 0, i32 0, void @empty_47, void @empty_47, i32 4294967295, i32 0"   --->   Operation 16 'specinterface' 'specinterface_ln0' <Predicate = true> <Delay = 0.00>
ST_1 : Operation 17 [1/1] (0.00ns)   --->   "%specinterface_ln0 = specinterface void @_ssdm_op_SpecInterface, i256 %arg0_combined_read_mem_strm1, void @empty_50, i32 0, i32 0, void @empty_47, i32 0, i32 0, void @empty_47, void @empty_47, void @empty_47, i32 0, i32 0, i32 0, i32 0, void @empty_47, void @empty_47, i32 4294967295, i32 0"   --->   Operation 17 'specinterface' 'specinterface_ln0' <Predicate = true> <Delay = 0.00>
ST_1 : Operation 18 [1/1] (0.00ns)   --->   "%tile_size_x_read = read i16 @_ssdm_op_Read.ap_auto.i16, i16 %tile_size_x" [/pc2/users/a/acgasm01/scratch/beniel/ops-hls-batching-tiling-artifacts/OPS/ops/hls/include/device/../../L1/include/ops_hls_datamover.hpp:5407]   --->   Operation 18 'read' 'tile_size_x_read' <Predicate = true> <Delay = 0.00>
ST_1 : Operation 19 [1/1] (0.00ns)   --->   "%mul_ln5418_read = read i32 @_ssdm_op_Read.ap_auto.i32, i32 %mul_ln5418" [/pc2/users/a/acgasm01/scratch/beniel/ops-hls-batching-tiling-artifacts/OPS/ops/hls/include/device/../../L1/include/ops_hls_datamover.hpp:5407]   --->   Operation 19 'read' 'mul_ln5418_read' <Predicate = true> <Delay = 0.00>
ST_1 : Operation 20 [1/1] (0.38ns)   --->   "%store_ln0 = store i32 0, i32 %indvar_flatten"   --->   Operation 20 'store' 'store_ln0' <Predicate = true> <Delay = 0.38>
ST_1 : Operation 21 [1/1] (0.38ns)   --->   "%store_ln0 = store i16 0, i16 %bank_id"   --->   Operation 21 'store' 'store_ln0' <Predicate = true> <Delay = 0.38>
ST_1 : Operation 22 [1/1] (0.38ns)   --->   "%store_ln0 = store i16 0, i16 %i"   --->   Operation 22 'store' 'store_ln0' <Predicate = true> <Delay = 0.38>
ST_1 : Operation 23 [1/1] (0.00ns)   --->   "%br_ln0 = br void %for.inc"   --->   Operation 23 'br' 'br_ln0' <Predicate = true> <Delay = 0.00>

State 2 <SV = 1> <Delay = 1.41>
ST_2 : Operation 24 [1/1] (0.00ns)   --->   "%i_6 = load i16 %i" [/pc2/users/a/acgasm01/scratch/beniel/ops-hls-batching-tiling-artifacts/OPS/ops/hls/include/device/../../L1/include/ops_hls_datamover.hpp:5426]   --->   Operation 24 'load' 'i_6' <Predicate = true> <Delay = 0.00>
ST_2 : Operation 25 [1/1] (0.00ns)   --->   "%indvar_flatten_load = load i32 %indvar_flatten" [/pc2/users/a/acgasm01/scratch/beniel/ops-hls-batching-tiling-artifacts/OPS/ops/hls/include/device/../../L1/include/ops_hls_datamover.hpp:5422]   --->   Operation 25 'load' 'indvar_flatten_load' <Predicate = true> <Delay = 0.00>
ST_2 : Operation 26 [1/1] (0.85ns)   --->   "%icmp_ln5422 = icmp_eq  i32 %indvar_flatten_load, i32 %mul_ln5418_read" [/pc2/users/a/acgasm01/scratch/beniel/ops-hls-batching-tiling-artifacts/OPS/ops/hls/include/device/../../L1/include/ops_hls_datamover.hpp:5422]   --->   Operation 26 'icmp' 'icmp_ln5422' <Predicate = true> <Delay = 0.85> <CoreInst = "Cmp">   --->   Core 9 'Cmp' <Latency = 0> <II = 1> <Delay = 0.85> <FuncUnit> <Opcode : 'icmp'> <InPorts = 2> <OutPorts = 1>
ST_2 : Operation 27 [1/1] (0.88ns)   --->   "%add_ln5422 = add i32 %indvar_flatten_load, i32 1" [/pc2/users/a/acgasm01/scratch/beniel/ops-hls-batching-tiling-artifacts/OPS/ops/hls/include/device/../../L1/include/ops_hls_datamover.hpp:5422]   --->   Operation 27 'add' 'add_ln5422' <Predicate = true> <Delay = 0.88> <CoreInst = "Adder">   --->   Core 1 'Adder' <Latency = 0> <II = 1> <Delay = 0.88> <FuncUnit> <Opcode : 'add' 'sub'> <InPorts = 2> <OutPorts = 1>
ST_2 : Operation 28 [1/1] (0.00ns)   --->   "%br_ln5422 = br i1 %icmp_ln5422, void %for.inc20.loopexit, void %for.inc23.loopexit.exitStub" [/pc2/users/a/acgasm01/scratch/beniel/ops-hls-batching-tiling-artifacts/OPS/ops/hls/include/device/../../L1/include/ops_hls_datamover.hpp:5422]   --->   Operation 28 'br' 'br_ln5422' <Predicate = true> <Delay = 0.00>
ST_2 : Operation 29 [1/1] (0.00ns)   --->   "%bank_id_load = load i16 %bank_id" [/pc2/users/a/acgasm01/scratch/beniel/ops-hls-batching-tiling-artifacts/OPS/ops/hls/include/device/../../L1/include/ops_hls_datamover.hpp:5422]   --->   Operation 29 'load' 'bank_id_load' <Predicate = (!icmp_ln5422)> <Delay = 0.00>
ST_2 : Operation 30 [1/1] (0.00ns)   --->   "%specloopname_ln0 = specloopname void @_ssdm_op_SpecLoopName, void @VITIS_LOOP_5422_2_VITIS_LOOP_5426_3_str"   --->   Operation 30 'specloopname' 'specloopname_ln0' <Predicate = (!icmp_ln5422)> <Delay = 0.00>
ST_2 : Operation 31 [1/1] (0.78ns)   --->   "%add_ln5422_1 = add i16 %bank_id_load, i16 1" [/pc2/users/a/acgasm01/scratch/beniel/ops-hls-batching-tiling-artifacts/OPS/ops/hls/include/device/../../L1/include/ops_hls_datamover.hpp:5422]   --->   Operation 31 'add' 'add_ln5422_1' <Predicate = (!icmp_ln5422)> <Delay = 0.78> <CoreInst = "Adder">   --->   Core 1 'Adder' <Latency = 0> <II = 1> <Delay = 0.78> <FuncUnit> <Opcode : 'add' 'sub'> <InPorts = 2> <OutPorts = 1>
ST_2 : Operation 32 [1/1] (0.67ns)   --->   "%icmp_ln5426 = icmp_eq  i16 %i_6, i16 %tile_size_x_read" [/pc2/users/a/acgasm01/scratch/beniel/ops-hls-batching-tiling-artifacts/OPS/ops/hls/include/device/../../L1/include/ops_hls_datamover.hpp:5426]   --->   Operation 32 'icmp' 'icmp_ln5426' <Predicate = (!icmp_ln5422)> <Delay = 0.67> <CoreInst = "Cmp">   --->   Core 9 'Cmp' <Latency = 0> <II = 1> <Delay = 0.67> <FuncUnit> <Opcode : 'icmp'> <InPorts = 2> <OutPorts = 1>
ST_2 : Operation 33 [1/1] (0.24ns)   --->   "%select_ln5422 = select i1 %icmp_ln5426, i16 %add_ln5422_1, i16 %bank_id_load" [/pc2/users/a/acgasm01/scratch/beniel/ops-hls-batching-tiling-artifacts/OPS/ops/hls/include/device/../../L1/include/ops_hls_datamover.hpp:5422]   --->   Operation 33 'select' 'select_ln5422' <Predicate = (!icmp_ln5422)> <Delay = 0.24> <CoreInst = "Sel">   --->   Core 73 'Sel' <Latency = 0> <II = 1> <Delay = 0.24> <FuncUnit> <Opcode : 'select'> <InPorts = 3> <OutPorts = 1>
ST_2 : Operation 34 [1/1] (0.00ns)   --->   "%trunc_ln5422 = trunc i16 %select_ln5422" [/pc2/users/a/acgasm01/scratch/beniel/ops-hls-batching-tiling-artifacts/OPS/ops/hls/include/device/../../L1/include/ops_hls_datamover.hpp:5422]   --->   Operation 34 'trunc' 'trunc_ln5422' <Predicate = (!icmp_ln5422)> <Delay = 0.00>
ST_2 : Operation 35 [1/1] (0.00ns)   --->   "%specpipeline_ln5428 = specpipeline void @_ssdm_op_SpecPipeline, i32 1, i32 0, i32 0, i32 0, void @empty_47" [/pc2/users/a/acgasm01/scratch/beniel/ops-hls-batching-tiling-artifacts/OPS/ops/hls/include/device/../../L1/include/ops_hls_datamover.hpp:5428]   --->   Operation 35 'specpipeline' 'specpipeline_ln5428' <Predicate = (!icmp_ln5422)> <Delay = 0.00>
ST_2 : Operation 36 [1/1] (0.00ns)   --->   "%specloopname_ln5426 = specloopname void @_ssdm_op_SpecLoopName, void @empty_19" [/pc2/users/a/acgasm01/scratch/beniel/ops-hls-batching-tiling-artifacts/OPS/ops/hls/include/device/../../L1/include/ops_hls_datamover.hpp:5426]   --->   Operation 36 'specloopname' 'specloopname_ln5426' <Predicate = (!icmp_ln5422)> <Delay = 0.00>
ST_2 : Operation 37 [1/1] (0.34ns)   --->   "%switch_ln5431 = switch i3 %trunc_ln5422, void %V.i.i11.case.7, i3 0, void %V.i.i11.case.0, i3 1, void %V.i.i11.case.1, i3 2, void %V.i.i11.case.2, i3 3, void %V.i.i11.case.3, i3 4, void %V.i.i11.case.4, i3 5, void %V.i.i11.case.5, i3 6, void %V.i.i11.case.6" [/pc2/users/a/acgasm01/scratch/beniel/ops-hls-batching-tiling-artifacts/OPS/ops/hls/include/device/../../L1/include/ops_hls_datamover.hpp:5431]   --->   Operation 37 'switch' 'switch_ln5431' <Predicate = (!icmp_ln5422)> <Delay = 0.34>
ST_2 : Operation 38 [1/1] (0.78ns)   --->   "%add_ln5426 = add i16 %i_6, i16 1" [/pc2/users/a/acgasm01/scratch/beniel/ops-hls-batching-tiling-artifacts/OPS/ops/hls/include/device/../../L1/include/ops_hls_datamover.hpp:5426]   --->   Operation 38 'add' 'add_ln5426' <Predicate = (!icmp_ln5422)> <Delay = 0.78> <CoreInst = "Adder">   --->   Core 1 'Adder' <Latency = 0> <II = 1> <Delay = 0.78> <FuncUnit> <Opcode : 'add' 'sub'> <InPorts = 2> <OutPorts = 1>
ST_2 : Operation 39 [1/1] (0.24ns)   --->   "%i_7 = select i1 %icmp_ln5426, i16 1, i16 %add_ln5426" [/pc2/users/a/acgasm01/scratch/beniel/ops-hls-batching-tiling-artifacts/OPS/ops/hls/include/device/../../L1/include/ops_hls_datamover.hpp:5426]   --->   Operation 39 'select' 'i_7' <Predicate = (!icmp_ln5422)> <Delay = 0.24> <CoreInst = "Sel">   --->   Core 73 'Sel' <Latency = 0> <II = 1> <Delay = 0.24> <FuncUnit> <Opcode : 'select'> <InPorts = 3> <OutPorts = 1>
ST_2 : Operation 40 [1/1] (0.38ns)   --->   "%store_ln5426 = store i32 %add_ln5422, i32 %indvar_flatten" [/pc2/users/a/acgasm01/scratch/beniel/ops-hls-batching-tiling-artifacts/OPS/ops/hls/include/device/../../L1/include/ops_hls_datamover.hpp:5426]   --->   Operation 40 'store' 'store_ln5426' <Predicate = (!icmp_ln5422)> <Delay = 0.38>
ST_2 : Operation 41 [1/1] (0.38ns)   --->   "%store_ln5426 = store i16 %select_ln5422, i16 %bank_id" [/pc2/users/a/acgasm01/scratch/beniel/ops-hls-batching-tiling-artifacts/OPS/ops/hls/include/device/../../L1/include/ops_hls_datamover.hpp:5426]   --->   Operation 41 'store' 'store_ln5426' <Predicate = (!icmp_ln5422)> <Delay = 0.38>
ST_2 : Operation 42 [1/1] (0.38ns)   --->   "%store_ln5426 = store i16 %i_7, i16 %i" [/pc2/users/a/acgasm01/scratch/beniel/ops-hls-batching-tiling-artifacts/OPS/ops/hls/include/device/../../L1/include/ops_hls_datamover.hpp:5426]   --->   Operation 42 'store' 'store_ln5426' <Predicate = (!icmp_ln5422)> <Delay = 0.38>

State 3 <SV = 2> <Delay = 1.13>
ST_3 : Operation 43 [1/1] (1.13ns)   --->   "%arg0_read_mem_strm_6_read = read i256 @_ssdm_op_Read.ap_fifo.volatile.i256P0A, i256 %arg0_read_mem_strm_6" [/pc2/users/a/acgasm01/scratch/beniel/ops-hls-batching-tiling-artifacts/OPS/ops/hls/include/device/../../L1/include/ops_hls_datamover.hpp:5431]   --->   Operation 43 'read' 'arg0_read_mem_strm_6_read' <Predicate = (!icmp_ln5422 & trunc_ln5422 == 6)> <Delay = 1.13> <CoreInst = "FIFO">   --->   Core 78 'FIFO' <Latency = 0> <II = 1> <Delay = 1.13> <Storage> <Opcode : 'read' 'write' 'nbread' 'nbwrite'> <Ports = 0> <Width = 256> <Depth = 16> <FIFO>
ST_3 : Operation 44 [1/1] (0.58ns)   --->   "%br_ln5431 = br void %V.i.i11.exit" [/pc2/users/a/acgasm01/scratch/beniel/ops-hls-batching-tiling-artifacts/OPS/ops/hls/include/device/../../L1/include/ops_hls_datamover.hpp:5431]   --->   Operation 44 'br' 'br_ln5431' <Predicate = (!icmp_ln5422 & trunc_ln5422 == 6)> <Delay = 0.58>
ST_3 : Operation 45 [1/1] (1.13ns)   --->   "%arg0_read_mem_strm_5_read = read i256 @_ssdm_op_Read.ap_fifo.volatile.i256P0A, i256 %arg0_read_mem_strm_5" [/pc2/users/a/acgasm01/scratch/beniel/ops-hls-batching-tiling-artifacts/OPS/ops/hls/include/device/../../L1/include/ops_hls_datamover.hpp:5431]   --->   Operation 45 'read' 'arg0_read_mem_strm_5_read' <Predicate = (!icmp_ln5422 & trunc_ln5422 == 5)> <Delay = 1.13> <CoreInst = "FIFO">   --->   Core 78 'FIFO' <Latency = 0> <II = 1> <Delay = 1.13> <Storage> <Opcode : 'read' 'write' 'nbread' 'nbwrite'> <Ports = 0> <Width = 256> <Depth = 16> <FIFO>
ST_3 : Operation 46 [1/1] (0.58ns)   --->   "%br_ln5431 = br void %V.i.i11.exit" [/pc2/users/a/acgasm01/scratch/beniel/ops-hls-batching-tiling-artifacts/OPS/ops/hls/include/device/../../L1/include/ops_hls_datamover.hpp:5431]   --->   Operation 46 'br' 'br_ln5431' <Predicate = (!icmp_ln5422 & trunc_ln5422 == 5)> <Delay = 0.58>
ST_3 : Operation 47 [1/1] (1.13ns)   --->   "%arg0_read_mem_strm_4_read = read i256 @_ssdm_op_Read.ap_fifo.volatile.i256P0A, i256 %arg0_read_mem_strm_4" [/pc2/users/a/acgasm01/scratch/beniel/ops-hls-batching-tiling-artifacts/OPS/ops/hls/include/device/../../L1/include/ops_hls_datamover.hpp:5431]   --->   Operation 47 'read' 'arg0_read_mem_strm_4_read' <Predicate = (!icmp_ln5422 & trunc_ln5422 == 4)> <Delay = 1.13> <CoreInst = "FIFO">   --->   Core 78 'FIFO' <Latency = 0> <II = 1> <Delay = 1.13> <Storage> <Opcode : 'read' 'write' 'nbread' 'nbwrite'> <Ports = 0> <Width = 256> <Depth = 16> <FIFO>
ST_3 : Operation 48 [1/1] (0.58ns)   --->   "%br_ln5431 = br void %V.i.i11.exit" [/pc2/users/a/acgasm01/scratch/beniel/ops-hls-batching-tiling-artifacts/OPS/ops/hls/include/device/../../L1/include/ops_hls_datamover.hpp:5431]   --->   Operation 48 'br' 'br_ln5431' <Predicate = (!icmp_ln5422 & trunc_ln5422 == 4)> <Delay = 0.58>
ST_3 : Operation 49 [1/1] (1.13ns)   --->   "%arg0_read_mem_strm_3_read = read i256 @_ssdm_op_Read.ap_fifo.volatile.i256P0A, i256 %arg0_read_mem_strm_3" [/pc2/users/a/acgasm01/scratch/beniel/ops-hls-batching-tiling-artifacts/OPS/ops/hls/include/device/../../L1/include/ops_hls_datamover.hpp:5431]   --->   Operation 49 'read' 'arg0_read_mem_strm_3_read' <Predicate = (!icmp_ln5422 & trunc_ln5422 == 3)> <Delay = 1.13> <CoreInst = "FIFO">   --->   Core 78 'FIFO' <Latency = 0> <II = 1> <Delay = 1.13> <Storage> <Opcode : 'read' 'write' 'nbread' 'nbwrite'> <Ports = 0> <Width = 256> <Depth = 16> <FIFO>
ST_3 : Operation 50 [1/1] (0.58ns)   --->   "%br_ln5431 = br void %V.i.i11.exit" [/pc2/users/a/acgasm01/scratch/beniel/ops-hls-batching-tiling-artifacts/OPS/ops/hls/include/device/../../L1/include/ops_hls_datamover.hpp:5431]   --->   Operation 50 'br' 'br_ln5431' <Predicate = (!icmp_ln5422 & trunc_ln5422 == 3)> <Delay = 0.58>
ST_3 : Operation 51 [1/1] (1.13ns)   --->   "%arg0_read_mem_strm_2_read = read i256 @_ssdm_op_Read.ap_fifo.volatile.i256P0A, i256 %arg0_read_mem_strm_2" [/pc2/users/a/acgasm01/scratch/beniel/ops-hls-batching-tiling-artifacts/OPS/ops/hls/include/device/../../L1/include/ops_hls_datamover.hpp:5431]   --->   Operation 51 'read' 'arg0_read_mem_strm_2_read' <Predicate = (!icmp_ln5422 & trunc_ln5422 == 2)> <Delay = 1.13> <CoreInst = "FIFO">   --->   Core 78 'FIFO' <Latency = 0> <II = 1> <Delay = 1.13> <Storage> <Opcode : 'read' 'write' 'nbread' 'nbwrite'> <Ports = 0> <Width = 256> <Depth = 16> <FIFO>
ST_3 : Operation 52 [1/1] (0.58ns)   --->   "%br_ln5431 = br void %V.i.i11.exit" [/pc2/users/a/acgasm01/scratch/beniel/ops-hls-batching-tiling-artifacts/OPS/ops/hls/include/device/../../L1/include/ops_hls_datamover.hpp:5431]   --->   Operation 52 'br' 'br_ln5431' <Predicate = (!icmp_ln5422 & trunc_ln5422 == 2)> <Delay = 0.58>
ST_3 : Operation 53 [1/1] (1.13ns)   --->   "%arg0_read_mem_strm_1_read = read i256 @_ssdm_op_Read.ap_fifo.volatile.i256P0A, i256 %arg0_read_mem_strm_1" [/pc2/users/a/acgasm01/scratch/beniel/ops-hls-batching-tiling-artifacts/OPS/ops/hls/include/device/../../L1/include/ops_hls_datamover.hpp:5431]   --->   Operation 53 'read' 'arg0_read_mem_strm_1_read' <Predicate = (!icmp_ln5422 & trunc_ln5422 == 1)> <Delay = 1.13> <CoreInst = "FIFO">   --->   Core 78 'FIFO' <Latency = 0> <II = 1> <Delay = 1.13> <Storage> <Opcode : 'read' 'write' 'nbread' 'nbwrite'> <Ports = 0> <Width = 256> <Depth = 16> <FIFO>
ST_3 : Operation 54 [1/1] (0.58ns)   --->   "%br_ln5431 = br void %V.i.i11.exit" [/pc2/users/a/acgasm01/scratch/beniel/ops-hls-batching-tiling-artifacts/OPS/ops/hls/include/device/../../L1/include/ops_hls_datamover.hpp:5431]   --->   Operation 54 'br' 'br_ln5431' <Predicate = (!icmp_ln5422 & trunc_ln5422 == 1)> <Delay = 0.58>
ST_3 : Operation 55 [1/1] (1.13ns)   --->   "%arg0_read_mem_strm_0_read = read i256 @_ssdm_op_Read.ap_fifo.volatile.i256P0A, i256 %arg0_read_mem_strm_0" [/pc2/users/a/acgasm01/scratch/beniel/ops-hls-batching-tiling-artifacts/OPS/ops/hls/include/device/../../L1/include/ops_hls_datamover.hpp:5431]   --->   Operation 55 'read' 'arg0_read_mem_strm_0_read' <Predicate = (!icmp_ln5422 & trunc_ln5422 == 0)> <Delay = 1.13> <CoreInst = "FIFO">   --->   Core 78 'FIFO' <Latency = 0> <II = 1> <Delay = 1.13> <Storage> <Opcode : 'read' 'write' 'nbread' 'nbwrite'> <Ports = 0> <Width = 256> <Depth = 16> <FIFO>
ST_3 : Operation 56 [1/1] (0.58ns)   --->   "%br_ln5431 = br void %V.i.i11.exit" [/pc2/users/a/acgasm01/scratch/beniel/ops-hls-batching-tiling-artifacts/OPS/ops/hls/include/device/../../L1/include/ops_hls_datamover.hpp:5431]   --->   Operation 56 'br' 'br_ln5431' <Predicate = (!icmp_ln5422 & trunc_ln5422 == 0)> <Delay = 0.58>
ST_3 : Operation 57 [1/1] (1.13ns)   --->   "%arg0_read_mem_strm_7_read = read i256 @_ssdm_op_Read.ap_fifo.volatile.i256P0A, i256 %arg0_read_mem_strm_7" [/pc2/users/a/acgasm01/scratch/beniel/ops-hls-batching-tiling-artifacts/OPS/ops/hls/include/device/../../L1/include/ops_hls_datamover.hpp:5431]   --->   Operation 57 'read' 'arg0_read_mem_strm_7_read' <Predicate = (!icmp_ln5422 & trunc_ln5422 == 7)> <Delay = 1.13> <CoreInst = "FIFO">   --->   Core 78 'FIFO' <Latency = 0> <II = 1> <Delay = 1.13> <Storage> <Opcode : 'read' 'write' 'nbread' 'nbwrite'> <Ports = 0> <Width = 256> <Depth = 16> <FIFO>
ST_3 : Operation 58 [1/1] (0.58ns)   --->   "%br_ln5431 = br void %V.i.i11.exit" [/pc2/users/a/acgasm01/scratch/beniel/ops-hls-batching-tiling-artifacts/OPS/ops/hls/include/device/../../L1/include/ops_hls_datamover.hpp:5431]   --->   Operation 58 'br' 'br_ln5431' <Predicate = (!icmp_ln5422 & trunc_ln5422 == 7)> <Delay = 0.58>
ST_3 : Operation 62 [1/1] (0.00ns)   --->   "%ret_ln0 = ret"   --->   Operation 62 'ret' 'ret_ln0' <Predicate = (icmp_ln5422)> <Delay = 0.00>

State 4 <SV = 3> <Delay = 1.21>
ST_4 : Operation 59 [1/1] (0.00ns)   --->   "%data = phi i256 %arg0_read_mem_strm_0_read, void %V.i.i11.case.0, i256 %arg0_read_mem_strm_1_read, void %V.i.i11.case.1, i256 %arg0_read_mem_strm_2_read, void %V.i.i11.case.2, i256 %arg0_read_mem_strm_3_read, void %V.i.i11.case.3, i256 %arg0_read_mem_strm_4_read, void %V.i.i11.case.4, i256 %arg0_read_mem_strm_5_read, void %V.i.i11.case.5, i256 %arg0_read_mem_strm_6_read, void %V.i.i11.case.6, i256 %arg0_read_mem_strm_7_read, void %V.i.i11.case.7" [/pc2/users/a/acgasm01/scratch/beniel/ops-hls-batching-tiling-artifacts/OPS/ops/hls/include/device/../../L1/include/ops_hls_datamover.hpp:5431]   --->   Operation 59 'phi' 'data' <Predicate = true> <Delay = 0.00>
ST_4 : Operation 60 [1/1] (1.21ns)   --->   "%write_ln5443 = write void @_ssdm_op_Write.ap_fifo.volatile.i256P0A, i256 %arg0_combined_read_mem_strm1, i256 %data" [/pc2/users/a/acgasm01/scratch/beniel/ops-hls-batching-tiling-artifacts/OPS/ops/hls/include/device/../../L1/include/ops_hls_datamover.hpp:5443]   --->   Operation 60 'write' 'write_ln5443' <Predicate = true> <Delay = 1.21> <CoreInst = "FIFO_SRL">   --->   Core 81 'FIFO_SRL' <Latency = 0> <II = 1> <Delay = 1.42> <Storage> <Opcode : 'read' 'write' 'nbread' 'nbwrite'> <Ports = 0> <Width = 256> <Depth = 2> <FIFO>
ST_4 : Operation 61 [1/1] (0.00ns)   --->   "%br_ln5426 = br void %for.inc" [/pc2/users/a/acgasm01/scratch/beniel/ops-hls-batching-tiling-artifacts/OPS/ops/hls/include/device/../../L1/include/ops_hls_datamover.hpp:5426]   --->   Operation 61 'br' 'br_ln5426' <Predicate = true> <Delay = 0.00>


============================================================
+ Verbose Summary: Binding
============================================================
STG Binding: 
---------------- STG Properties BEGIN ----------------
- Is combinational: 0
- Is one-state seq: 0
- Is datapath-only: 0
- Is pipelined: 0
- Is top level: 0
Port [ Return ] is wired: 1; IO mode=ap_ctrl_hs:ce=0
Port [ mul_ln5418]:  wired=1; compound=0; hidden=0; nouse=0; global=0; static=0; extern=0; dir=0; type=0; pingpong=0; private_global=0; IO mode=ap_none:ce=0
Port [ arg0_combined_read_mem_strm1]:  wired=1; compound=1; hidden=0; nouse=0; global=0; static=0; extern=0; dir=1; type=3; pingpong=0; private_global=0; IO mode=ap_fifo:ce=0
Port [ arg0_read_mem_strm_0]:  wired=1; compound=1; hidden=0; nouse=0; global=0; static=0; extern=0; dir=0; type=3; pingpong=0; private_global=0; IO mode=ap_fifo:ce=0
Port [ tile_size_x]:  wired=1; compound=0; hidden=0; nouse=0; global=0; static=0; extern=0; dir=0; type=0; pingpong=0; private_global=0; IO mode=ap_none:ce=0
Port [ arg0_read_mem_strm_1]:  wired=1; compound=1; hidden=0; nouse=0; global=0; static=0; extern=0; dir=0; type=3; pingpong=0; private_global=0; IO mode=ap_fifo:ce=0
Port [ arg0_read_mem_strm_2]:  wired=1; compound=1; hidden=0; nouse=0; global=0; static=0; extern=0; dir=0; type=3; pingpong=0; private_global=0; IO mode=ap_fifo:ce=0
Port [ arg0_read_mem_strm_3]:  wired=1; compound=1; hidden=0; nouse=0; global=0; static=0; extern=0; dir=0; type=3; pingpong=0; private_global=0; IO mode=ap_fifo:ce=0
Port [ arg0_read_mem_strm_4]:  wired=1; compound=1; hidden=0; nouse=0; global=0; static=0; extern=0; dir=0; type=3; pingpong=0; private_global=0; IO mode=ap_fifo:ce=0
Port [ arg0_read_mem_strm_5]:  wired=1; compound=1; hidden=0; nouse=0; global=0; static=0; extern=0; dir=0; type=3; pingpong=0; private_global=0; IO mode=ap_fifo:ce=0
Port [ arg0_read_mem_strm_6]:  wired=1; compound=1; hidden=0; nouse=0; global=0; static=0; extern=0; dir=0; type=3; pingpong=0; private_global=0; IO mode=ap_fifo:ce=0
Port [ arg0_read_mem_strm_7]:  wired=1; compound=1; hidden=0; nouse=0; global=0; static=0; extern=0; dir=0; type=3; pingpong=0; private_global=0; IO mode=ap_fifo:ce=0
---------------- STG Properties END ------------------

---------------- Datapath Model BEGIN ----------------

<LifeTime>
<method=bitvector/>
i                         (alloca       ) [ 01100]
bank_id                   (alloca       ) [ 01100]
indvar_flatten            (alloca       ) [ 01100]
specinterface_ln0         (specinterface) [ 00000]
specinterface_ln0         (specinterface) [ 00000]
specinterface_ln0         (specinterface) [ 00000]
specinterface_ln0         (specinterface) [ 00000]
specinterface_ln0         (specinterface) [ 00000]
specinterface_ln0         (specinterface) [ 00000]
specinterface_ln0         (specinterface) [ 00000]
specinterface_ln0         (specinterface) [ 00000]
specinterface_ln0         (specinterface) [ 00000]
tile_size_x_read          (read         ) [ 01100]
mul_ln5418_read           (read         ) [ 01100]
store_ln0                 (store        ) [ 00000]
store_ln0                 (store        ) [ 00000]
store_ln0                 (store        ) [ 00000]
br_ln0                    (br           ) [ 00000]
i_6                       (load         ) [ 00000]
indvar_flatten_load       (load         ) [ 00000]
icmp_ln5422               (icmp         ) [ 01111]
add_ln5422                (add          ) [ 00000]
br_ln5422                 (br           ) [ 00000]
bank_id_load              (load         ) [ 00000]
specloopname_ln0          (specloopname ) [ 00000]
add_ln5422_1              (add          ) [ 00000]
icmp_ln5426               (icmp         ) [ 00000]
select_ln5422             (select       ) [ 00000]
trunc_ln5422              (trunc        ) [ 01011]
specpipeline_ln5428       (specpipeline ) [ 00000]
specloopname_ln5426       (specloopname ) [ 00000]
switch_ln5431             (switch       ) [ 00000]
add_ln5426                (add          ) [ 00000]
i_7                       (select       ) [ 00000]
store_ln5426              (store        ) [ 00000]
store_ln5426              (store        ) [ 00000]
store_ln5426              (store        ) [ 00000]
arg0_read_mem_strm_6_read (read         ) [ 01011]
br_ln5431                 (br           ) [ 01011]
arg0_read_mem_strm_5_read (read         ) [ 01011]
br_ln5431                 (br           ) [ 01011]
arg0_read_mem_strm_4_read (read         ) [ 01011]
br_ln5431                 (br           ) [ 01011]
arg0_read_mem_strm_3_read (read         ) [ 01011]
br_ln5431                 (br           ) [ 01011]
arg0_read_mem_strm_2_read (read         ) [ 01011]
br_ln5431                 (br           ) [ 01011]
arg0_read_mem_strm_1_read (read         ) [ 01011]
br_ln5431                 (br           ) [ 01011]
arg0_read_mem_strm_0_read (read         ) [ 01011]
br_ln5431                 (br           ) [ 01011]
arg0_read_mem_strm_7_read (read         ) [ 01011]
br_ln5431                 (br           ) [ 01011]
data                      (phi          ) [ 01001]
write_ln5443              (write        ) [ 00000]
br_ln5426                 (br           ) [ 00000]
ret_ln0                   (ret          ) [ 00000]
</LifeTime>

<model>

<comp_list>
<comp id="0" class="1000" name="mul_ln5418">
<pin_list>
<pin id="1" dir="1" index="0" bw="1" slack="0"/>
</pin_list>
<bind>
<StgValue><ssdm name="mul_ln5418"/></StgValue>
</bind>
</comp>

<comp id="2" class="1000" name="arg0_combined_read_mem_strm1">
<pin_list>
<pin id="3" dir="1" index="0" bw="1" slack="0"/>
</pin_list>
<bind>
<StgValue><ssdm name="arg0_combined_read_mem_strm1"/></StgValue>
</bind>
</comp>

<comp id="4" class="1000" name="arg0_read_mem_strm_0">
<pin_list>
<pin id="5" dir="1" index="0" bw="1" slack="0"/>
</pin_list>
<bind>
<StgValue><ssdm name="arg0_read_mem_strm_0"/></StgValue>
</bind>
</comp>

<comp id="6" class="1000" name="tile_size_x">
<pin_list>
<pin id="7" dir="1" index="0" bw="1" slack="0"/>
</pin_list>
<bind>
<StgValue><ssdm name="tile_size_x"/></StgValue>
</bind>
</comp>

<comp id="8" class="1000" name="arg0_read_mem_strm_1">
<pin_list>
<pin id="9" dir="1" index="0" bw="1" slack="0"/>
</pin_list>
<bind>
<StgValue><ssdm name="arg0_read_mem_strm_1"/></StgValue>
</bind>
</comp>

<comp id="10" class="1000" name="arg0_read_mem_strm_2">
<pin_list>
<pin id="11" dir="1" index="0" bw="1" slack="0"/>
</pin_list>
<bind>
<StgValue><ssdm name="arg0_read_mem_strm_2"/></StgValue>
</bind>
</comp>

<comp id="12" class="1000" name="arg0_read_mem_strm_3">
<pin_list>
<pin id="13" dir="1" index="0" bw="1" slack="0"/>
</pin_list>
<bind>
<StgValue><ssdm name="arg0_read_mem_strm_3"/></StgValue>
</bind>
</comp>

<comp id="14" class="1000" name="arg0_read_mem_strm_4">
<pin_list>
<pin id="15" dir="1" index="0" bw="1" slack="0"/>
</pin_list>
<bind>
<StgValue><ssdm name="arg0_read_mem_strm_4"/></StgValue>
</bind>
</comp>

<comp id="16" class="1000" name="arg0_read_mem_strm_5">
<pin_list>
<pin id="17" dir="1" index="0" bw="1" slack="0"/>
</pin_list>
<bind>
<StgValue><ssdm name="arg0_read_mem_strm_5"/></StgValue>
</bind>
</comp>

<comp id="18" class="1000" name="arg0_read_mem_strm_6">
<pin_list>
<pin id="19" dir="1" index="0" bw="1" slack="0"/>
</pin_list>
<bind>
<StgValue><ssdm name="arg0_read_mem_strm_6"/></StgValue>
</bind>
</comp>

<comp id="20" class="1000" name="arg0_read_mem_strm_7">
<pin_list>
<pin id="21" dir="1" index="0" bw="1" slack="0"/>
</pin_list>
<bind>
<StgValue><ssdm name="arg0_read_mem_strm_7"/></StgValue>
</bind>
</comp>

<comp id="22" class="1001" name="const_22">
<pin_list>
<pin id="23" dir="1" index="0" bw="1" slack="0"/>
</pin_list>
<bind>
<StgValue><ssdm name=""/></StgValue>
</bind>
</comp>

<comp id="24" class="1001" name="const_24">
<pin_list>
<pin id="25" dir="1" index="0" bw="1" slack="2147483647"/>
</pin_list>
<bind>
<StgValue><ssdm name="_ssdm_op_SpecInterface"/></StgValue>
</bind>
</comp>

<comp id="26" class="1001" name="const_26">
<pin_list>
<pin id="27" dir="1" index="0" bw="1" slack="2147483647"/>
</pin_list>
<bind>
<StgValue><ssdm name="empty_50"/></StgValue>
</bind>
</comp>

<comp id="28" class="1001" name="const_28">
<pin_list>
<pin id="29" dir="1" index="0" bw="1" slack="0"/>
</pin_list>
<bind>
<StgValue><ssdm name=""/></StgValue>
</bind>
</comp>

<comp id="30" class="1001" name="const_30">
<pin_list>
<pin id="31" dir="1" index="0" bw="1" slack="2147483647"/>
</pin_list>
<bind>
<StgValue><ssdm name="empty_47"/></StgValue>
</bind>
</comp>

<comp id="32" class="1001" name="const_32">
<pin_list>
<pin id="33" dir="1" index="0" bw="1" slack="2147483647"/>
</pin_list>
<bind>
<StgValue><ssdm name=""/></StgValue>
</bind>
</comp>

<comp id="34" class="1001" name="const_34">
<pin_list>
<pin id="35" dir="1" index="0" bw="1" slack="0"/>
</pin_list>
<bind>
<StgValue><ssdm name="_ssdm_op_Read.ap_auto.i16"/></StgValue>
</bind>
</comp>

<comp id="36" class="1001" name="const_36">
<pin_list>
<pin id="37" dir="1" index="0" bw="1" slack="0"/>
</pin_list>
<bind>
<StgValue><ssdm name="_ssdm_op_Read.ap_auto.i32"/></StgValue>
</bind>
</comp>

<comp id="38" class="1001" name="const_38">
<pin_list>
<pin id="39" dir="1" index="0" bw="1" slack="0"/>
</pin_list>
<bind>
<StgValue><ssdm name=""/></StgValue>
</bind>
</comp>

<comp id="40" class="1001" name="const_40">
<pin_list>
<pin id="41" dir="1" index="0" bw="1" slack="2147483647"/>
</pin_list>
<bind>
<StgValue><ssdm name="_ssdm_op_SpecLoopName"/></StgValue>
</bind>
</comp>

<comp id="42" class="1001" name="const_42">
<pin_list>
<pin id="43" dir="1" index="0" bw="1" slack="2147483647"/>
</pin_list>
<bind>
<StgValue><ssdm name="VITIS_LOOP_5422_2_VITIS_LOOP_5426_3_str"/></StgValue>
</bind>
</comp>

<comp id="44" class="1001" name="const_44">
<pin_list>
<pin id="45" dir="1" index="0" bw="1" slack="0"/>
</pin_list>
<bind>
<StgValue><ssdm name=""/></StgValue>
</bind>
</comp>

<comp id="46" class="1001" name="const_46">
<pin_list>
<pin id="47" dir="1" index="0" bw="1" slack="2147483647"/>
</pin_list>
<bind>
<StgValue><ssdm name="_ssdm_op_SpecPipeline"/></StgValue>
</bind>
</comp>

<comp id="48" class="1001" name="const_48">
<pin_list>
<pin id="49" dir="1" index="0" bw="1" slack="2147483647"/>
</pin_list>
<bind>
<StgValue><ssdm name="empty_19"/></StgValue>
</bind>
</comp>

<comp id="50" class="1001" name="const_50">
<pin_list>
<pin id="51" dir="1" index="0" bw="1" slack="2147483647"/>
</pin_list>
<bind>
<StgValue><ssdm name=""/></StgValue>
</bind>
</comp>

<comp id="52" class="1001" name="const_52">
<pin_list>
<pin id="53" dir="1" index="0" bw="1" slack="2147483647"/>
</pin_list>
<bind>
<StgValue><ssdm name=""/></StgValue>
</bind>
</comp>

<comp id="54" class="1001" name="const_54">
<pin_list>
<pin id="55" dir="1" index="0" bw="1" slack="2147483647"/>
</pin_list>
<bind>
<StgValue><ssdm name=""/></StgValue>
</bind>
</comp>

<comp id="56" class="1001" name="const_56">
<pin_list>
<pin id="57" dir="1" index="0" bw="1" slack="2147483647"/>
</pin_list>
<bind>
<StgValue><ssdm name=""/></StgValue>
</bind>
</comp>

<comp id="58" class="1001" name="const_58">
<pin_list>
<pin id="59" dir="1" index="0" bw="1" slack="2147483647"/>
</pin_list>
<bind>
<StgValue><ssdm name=""/></StgValue>
</bind>
</comp>

<comp id="60" class="1001" name="const_60">
<pin_list>
<pin id="61" dir="1" index="0" bw="1" slack="2147483647"/>
</pin_list>
<bind>
<StgValue><ssdm name=""/></StgValue>
</bind>
</comp>

<comp id="62" class="1001" name="const_62">
<pin_list>
<pin id="63" dir="1" index="0" bw="1" slack="2147483647"/>
</pin_list>
<bind>
<StgValue><ssdm name=""/></StgValue>
</bind>
</comp>

<comp id="64" class="1001" name="const_64">
<pin_list>
<pin id="65" dir="1" index="0" bw="1" slack="0"/>
</pin_list>
<bind>
<StgValue><ssdm name="_ssdm_op_Read.ap_fifo.volatile.i256P0A"/></StgValue>
</bind>
</comp>

<comp id="66" class="1001" name="const_66">
<pin_list>
<pin id="67" dir="1" index="0" bw="1" slack="0"/>
</pin_list>
<bind>
<StgValue><ssdm name="_ssdm_op_Write.ap_fifo.volatile.i256P0A"/></StgValue>
</bind>
</comp>

<comp id="68" class="1004" name="i_fu_68">
<pin_list>
<pin id="69" dir="0" index="0" bw="1" slack="0"/>
<pin id="70" dir="1" index="1" bw="16" slack="0"/>
</pin_list>
<bind>
<opcode="alloca(26) " fcode="alloca"/>
<opset="i/1 "/>
</bind>
</comp>

<comp id="72" class="1004" name="bank_id_fu_72">
<pin_list>
<pin id="73" dir="0" index="0" bw="1" slack="0"/>
<pin id="74" dir="1" index="1" bw="16" slack="0"/>
</pin_list>
<bind>
<opcode="alloca(26) " fcode="alloca"/>
<opset="bank_id/1 "/>
</bind>
</comp>

<comp id="76" class="1004" name="indvar_flatten_fu_76">
<pin_list>
<pin id="77" dir="0" index="0" bw="1" slack="0"/>
<pin id="78" dir="1" index="1" bw="32" slack="0"/>
</pin_list>
<bind>
<opcode="alloca(26) " fcode="alloca"/>
<opset="indvar_flatten/1 "/>
</bind>
</comp>

<comp id="80" class="1004" name="tile_size_x_read_read_fu_80">
<pin_list>
<pin id="81" dir="0" index="0" bw="16" slack="0"/>
<pin id="82" dir="0" index="1" bw="16" slack="0"/>
<pin id="83" dir="1" index="2" bw="16" slack="1"/>
</pin_list>
<bind>
<opcode="read(1150) " fcode="read"/>
<opset="tile_size_x_read/1 "/>
</bind>
</comp>

<comp id="86" class="1004" name="mul_ln5418_read_read_fu_86">
<pin_list>
<pin id="87" dir="0" index="0" bw="32" slack="0"/>
<pin id="88" dir="0" index="1" bw="32" slack="0"/>
<pin id="89" dir="1" index="2" bw="32" slack="1"/>
</pin_list>
<bind>
<opcode="read(1150) " fcode="read"/>
<opset="mul_ln5418_read/1 "/>
</bind>
</comp>

<comp id="92" class="1004" name="arg0_read_mem_strm_6_read_read_fu_92">
<pin_list>
<pin id="93" dir="0" index="0" bw="256" slack="0"/>
<pin id="94" dir="0" index="1" bw="256" slack="0"/>
<pin id="95" dir="1" index="2" bw="256" slack="1"/>
</pin_list>
<bind>
<opcode="read(1150) " fcode="read"/>
<opset="arg0_read_mem_strm_6_read/3 "/>
</bind>
</comp>

<comp id="98" class="1004" name="arg0_read_mem_strm_5_read_read_fu_98">
<pin_list>
<pin id="99" dir="0" index="0" bw="256" slack="0"/>
<pin id="100" dir="0" index="1" bw="256" slack="0"/>
<pin id="101" dir="1" index="2" bw="256" slack="1"/>
</pin_list>
<bind>
<opcode="read(1150) " fcode="read"/>
<opset="arg0_read_mem_strm_5_read/3 "/>
</bind>
</comp>

<comp id="104" class="1004" name="arg0_read_mem_strm_4_read_read_fu_104">
<pin_list>
<pin id="105" dir="0" index="0" bw="256" slack="0"/>
<pin id="106" dir="0" index="1" bw="256" slack="0"/>
<pin id="107" dir="1" index="2" bw="256" slack="1"/>
</pin_list>
<bind>
<opcode="read(1150) " fcode="read"/>
<opset="arg0_read_mem_strm_4_read/3 "/>
</bind>
</comp>

<comp id="110" class="1004" name="arg0_read_mem_strm_3_read_read_fu_110">
<pin_list>
<pin id="111" dir="0" index="0" bw="256" slack="0"/>
<pin id="112" dir="0" index="1" bw="256" slack="0"/>
<pin id="113" dir="1" index="2" bw="256" slack="1"/>
</pin_list>
<bind>
<opcode="read(1150) " fcode="read"/>
<opset="arg0_read_mem_strm_3_read/3 "/>
</bind>
</comp>

<comp id="116" class="1004" name="arg0_read_mem_strm_2_read_read_fu_116">
<pin_list>
<pin id="117" dir="0" index="0" bw="256" slack="0"/>
<pin id="118" dir="0" index="1" bw="256" slack="0"/>
<pin id="119" dir="1" index="2" bw="256" slack="1"/>
</pin_list>
<bind>
<opcode="read(1150) " fcode="read"/>
<opset="arg0_read_mem_strm_2_read/3 "/>
</bind>
</comp>

<comp id="122" class="1004" name="arg0_read_mem_strm_1_read_read_fu_122">
<pin_list>
<pin id="123" dir="0" index="0" bw="256" slack="0"/>
<pin id="124" dir="0" index="1" bw="256" slack="0"/>
<pin id="125" dir="1" index="2" bw="256" slack="1"/>
</pin_list>
<bind>
<opcode="read(1150) " fcode="read"/>
<opset="arg0_read_mem_strm_1_read/3 "/>
</bind>
</comp>

<comp id="128" class="1004" name="arg0_read_mem_strm_0_read_read_fu_128">
<pin_list>
<pin id="129" dir="0" index="0" bw="256" slack="0"/>
<pin id="130" dir="0" index="1" bw="256" slack="0"/>
<pin id="131" dir="1" index="2" bw="256" slack="1"/>
</pin_list>
<bind>
<opcode="read(1150) " fcode="read"/>
<opset="arg0_read_mem_strm_0_read/3 "/>
</bind>
</comp>

<comp id="134" class="1004" name="arg0_read_mem_strm_7_read_read_fu_134">
<pin_list>
<pin id="135" dir="0" index="0" bw="256" slack="0"/>
<pin id="136" dir="0" index="1" bw="256" slack="0"/>
<pin id="137" dir="1" index="2" bw="256" slack="1"/>
</pin_list>
<bind>
<opcode="read(1150) " fcode="read"/>
<opset="arg0_read_mem_strm_7_read/3 "/>
</bind>
</comp>

<comp id="140" class="1004" name="write_ln5443_write_fu_140">
<pin_list>
<pin id="141" dir="0" index="0" bw="0" slack="0"/>
<pin id="142" dir="0" index="1" bw="256" slack="0"/>
<pin id="143" dir="0" index="2" bw="256" slack="0"/>
<pin id="144" dir="1" index="3" bw="0" slack="2147483647"/>
</pin_list>
<bind>
<opcode="write(1151) " fcode="write"/>
<opset="write_ln5443/4 "/>
</bind>
</comp>

<comp id="147" class="1005" name="data_reg_147">
<pin_list>
<pin id="148" dir="0" index="0" bw="256" slack="2147483647"/>
<pin id="149" dir="1" index="1" bw="256" slack="2147483647"/>
</pin_list>
<bind>
<opset="data (phireg) "/>
</bind>
</comp>

<comp id="150" class="1004" name="data_phi_fu_150">
<pin_list>
<pin id="151" dir="0" index="0" bw="256" slack="1"/>
<pin id="152" dir="0" index="1" bw="0" slack="2147483647"/>
<pin id="153" dir="0" index="2" bw="256" slack="1"/>
<pin id="154" dir="0" index="3" bw="0" slack="2147483647"/>
<pin id="155" dir="0" index="4" bw="256" slack="1"/>
<pin id="156" dir="0" index="5" bw="0" slack="2147483647"/>
<pin id="157" dir="0" index="6" bw="256" slack="1"/>
<pin id="158" dir="0" index="7" bw="0" slack="2147483647"/>
<pin id="159" dir="0" index="8" bw="256" slack="1"/>
<pin id="160" dir="0" index="9" bw="0" slack="2147483647"/>
<pin id="161" dir="0" index="10" bw="256" slack="1"/>
<pin id="162" dir="0" index="11" bw="0" slack="2147483647"/>
<pin id="163" dir="0" index="12" bw="256" slack="1"/>
<pin id="164" dir="0" index="13" bw="0" slack="2147483647"/>
<pin id="165" dir="0" index="14" bw="256" slack="1"/>
<pin id="166" dir="0" index="15" bw="0" slack="2147483647"/>
<pin id="167" dir="1" index="16" bw="256" slack="0"/>
</pin_list>
<bind>
<opcode="phi(47) " fcode="phi"/>
<opset="data/4 "/>
</bind>
</comp>

<comp id="169" class="1004" name="store_ln0_store_fu_169">
<pin_list>
<pin id="170" dir="0" index="0" bw="1" slack="0"/>
<pin id="171" dir="0" index="1" bw="32" slack="0"/>
<pin id="172" dir="1" index="2" bw="0" slack="2147483647"/>
</pin_list>
<bind>
<opcode="store(28) " fcode="store"/>
<opset="store_ln0/1 "/>
</bind>
</comp>

<comp id="174" class="1004" name="store_ln0_store_fu_174">
<pin_list>
<pin id="175" dir="0" index="0" bw="1" slack="0"/>
<pin id="176" dir="0" index="1" bw="16" slack="0"/>
<pin id="177" dir="1" index="2" bw="0" slack="2147483647"/>
</pin_list>
<bind>
<opcode="store(28) " fcode="store"/>
<opset="store_ln0/1 "/>
</bind>
</comp>

<comp id="179" class="1004" name="store_ln0_store_fu_179">
<pin_list>
<pin id="180" dir="0" index="0" bw="1" slack="0"/>
<pin id="181" dir="0" index="1" bw="16" slack="0"/>
<pin id="182" dir="1" index="2" bw="0" slack="2147483647"/>
</pin_list>
<bind>
<opcode="store(28) " fcode="store"/>
<opset="store_ln0/1 "/>
</bind>
</comp>

<comp id="184" class="1004" name="i_6_load_fu_184">
<pin_list>
<pin id="185" dir="0" index="0" bw="16" slack="1"/>
<pin id="186" dir="1" index="1" bw="16" slack="0"/>
</pin_list>
<bind>
<opcode="load(27) " fcode="load"/>
<opset="i_6/2 "/>
</bind>
</comp>

<comp id="187" class="1004" name="indvar_flatten_load_load_fu_187">
<pin_list>
<pin id="188" dir="0" index="0" bw="32" slack="1"/>
<pin id="189" dir="1" index="1" bw="32" slack="0"/>
</pin_list>
<bind>
<opcode="load(27) " fcode="load"/>
<opset="indvar_flatten_load/2 "/>
</bind>
</comp>

<comp id="190" class="1004" name="icmp_ln5422_fu_190">
<pin_list>
<pin id="191" dir="0" index="0" bw="32" slack="0"/>
<pin id="192" dir="0" index="1" bw="32" slack="1"/>
<pin id="193" dir="1" index="2" bw="1" slack="1"/>
</pin_list>
<bind>
<opcode="icmp(45) " fcode="icmp"/>
<opset="icmp_ln5422/2 "/>
</bind>
</comp>

<comp id="195" class="1004" name="add_ln5422_fu_195">
<pin_list>
<pin id="196" dir="0" index="0" bw="32" slack="0"/>
<pin id="197" dir="0" index="1" bw="1" slack="0"/>
<pin id="198" dir="1" index="2" bw="32" slack="0"/>
</pin_list>
<bind>
<opcode="add(8) " fcode="add"/>
<opset="add_ln5422/2 "/>
</bind>
</comp>

<comp id="201" class="1004" name="bank_id_load_load_fu_201">
<pin_list>
<pin id="202" dir="0" index="0" bw="16" slack="1"/>
<pin id="203" dir="1" index="1" bw="16" slack="0"/>
</pin_list>
<bind>
<opcode="load(27) " fcode="load"/>
<opset="bank_id_load/2 "/>
</bind>
</comp>

<comp id="204" class="1004" name="add_ln5422_1_fu_204">
<pin_list>
<pin id="205" dir="0" index="0" bw="16" slack="0"/>
<pin id="206" dir="0" index="1" bw="1" slack="0"/>
<pin id="207" dir="1" index="2" bw="16" slack="0"/>
</pin_list>
<bind>
<opcode="add(8) " fcode="add"/>
<opset="add_ln5422_1/2 "/>
</bind>
</comp>

<comp id="210" class="1004" name="icmp_ln5426_fu_210">
<pin_list>
<pin id="211" dir="0" index="0" bw="16" slack="0"/>
<pin id="212" dir="0" index="1" bw="16" slack="1"/>
<pin id="213" dir="1" index="2" bw="1" slack="0"/>
</pin_list>
<bind>
<opcode="icmp(45) " fcode="icmp"/>
<opset="icmp_ln5426/2 "/>
</bind>
</comp>

<comp id="215" class="1004" name="select_ln5422_fu_215">
<pin_list>
<pin id="216" dir="0" index="0" bw="1" slack="0"/>
<pin id="217" dir="0" index="1" bw="16" slack="0"/>
<pin id="218" dir="0" index="2" bw="16" slack="0"/>
<pin id="219" dir="1" index="3" bw="16" slack="0"/>
</pin_list>
<bind>
<opcode="select(49) " fcode="select"/>
<opset="select_ln5422/2 "/>
</bind>
</comp>

<comp id="223" class="1004" name="trunc_ln5422_fu_223">
<pin_list>
<pin id="224" dir="0" index="0" bw="16" slack="0"/>
<pin id="225" dir="1" index="1" bw="3" slack="1"/>
</pin_list>
<bind>
<opcode="trunc(33) " fcode="trunc"/>
<opset="trunc_ln5422/2 "/>
</bind>
</comp>

<comp id="227" class="1004" name="add_ln5426_fu_227">
<pin_list>
<pin id="228" dir="0" index="0" bw="16" slack="0"/>
<pin id="229" dir="0" index="1" bw="1" slack="0"/>
<pin id="230" dir="1" index="2" bw="16" slack="0"/>
</pin_list>
<bind>
<opcode="add(8) " fcode="add"/>
<opset="add_ln5426/2 "/>
</bind>
</comp>

<comp id="233" class="1004" name="i_7_fu_233">
<pin_list>
<pin id="234" dir="0" index="0" bw="1" slack="0"/>
<pin id="235" dir="0" index="1" bw="16" slack="0"/>
<pin id="236" dir="0" index="2" bw="16" slack="0"/>
<pin id="237" dir="1" index="3" bw="16" slack="0"/>
</pin_list>
<bind>
<opcode="select(49) " fcode="select"/>
<opset="i_7/2 "/>
</bind>
</comp>

<comp id="241" class="1004" name="store_ln5426_store_fu_241">
<pin_list>
<pin id="242" dir="0" index="0" bw="32" slack="0"/>
<pin id="243" dir="0" index="1" bw="32" slack="1"/>
<pin id="244" dir="1" index="2" bw="0" slack="2147483647"/>
</pin_list>
<bind>
<opcode="store(28) " fcode="store"/>
<opset="store_ln5426/2 "/>
</bind>
</comp>

<comp id="246" class="1004" name="store_ln5426_store_fu_246">
<pin_list>
<pin id="247" dir="0" index="0" bw="16" slack="0"/>
<pin id="248" dir="0" index="1" bw="16" slack="1"/>
<pin id="249" dir="1" index="2" bw="0" slack="2147483647"/>
</pin_list>
<bind>
<opcode="store(28) " fcode="store"/>
<opset="store_ln5426/2 "/>
</bind>
</comp>

<comp id="251" class="1004" name="store_ln5426_store_fu_251">
<pin_list>
<pin id="252" dir="0" index="0" bw="16" slack="0"/>
<pin id="253" dir="0" index="1" bw="16" slack="1"/>
<pin id="254" dir="1" index="2" bw="0" slack="2147483647"/>
</pin_list>
<bind>
<opcode="store(28) " fcode="store"/>
<opset="store_ln5426/2 "/>
</bind>
</comp>

<comp id="256" class="1005" name="i_reg_256">
<pin_list>
<pin id="257" dir="0" index="0" bw="16" slack="0"/>
<pin id="258" dir="1" index="1" bw="16" slack="0"/>
</pin_list>
<bind>
<opset="i "/>
</bind>
</comp>

<comp id="263" class="1005" name="bank_id_reg_263">
<pin_list>
<pin id="264" dir="0" index="0" bw="16" slack="0"/>
<pin id="265" dir="1" index="1" bw="16" slack="0"/>
</pin_list>
<bind>
<opset="bank_id "/>
</bind>
</comp>

<comp id="270" class="1005" name="indvar_flatten_reg_270">
<pin_list>
<pin id="271" dir="0" index="0" bw="32" slack="0"/>
<pin id="272" dir="1" index="1" bw="32" slack="0"/>
</pin_list>
<bind>
<opset="indvar_flatten "/>
</bind>
</comp>

<comp id="277" class="1005" name="tile_size_x_read_reg_277">
<pin_list>
<pin id="278" dir="0" index="0" bw="16" slack="1"/>
<pin id="279" dir="1" index="1" bw="16" slack="1"/>
</pin_list>
<bind>
<opset="tile_size_x_read "/>
</bind>
</comp>

<comp id="282" class="1005" name="mul_ln5418_read_reg_282">
<pin_list>
<pin id="283" dir="0" index="0" bw="32" slack="1"/>
<pin id="284" dir="1" index="1" bw="32" slack="1"/>
</pin_list>
<bind>
<opset="mul_ln5418_read "/>
</bind>
</comp>

<comp id="287" class="1005" name="icmp_ln5422_reg_287">
<pin_list>
<pin id="288" dir="0" index="0" bw="1" slack="1"/>
<pin id="289" dir="1" index="1" bw="1" slack="2147483647"/>
</pin_list>
<bind>
<opset="icmp_ln5422 "/>
</bind>
</comp>

<comp id="291" class="1005" name="trunc_ln5422_reg_291">
<pin_list>
<pin id="292" dir="0" index="0" bw="3" slack="1"/>
<pin id="293" dir="1" index="1" bw="3" slack="2147483647"/>
</pin_list>
<bind>
<opset="trunc_ln5422 "/>
</bind>
</comp>

<comp id="295" class="1005" name="arg0_read_mem_strm_6_read_reg_295">
<pin_list>
<pin id="296" dir="0" index="0" bw="256" slack="1"/>
<pin id="297" dir="1" index="1" bw="256" slack="1"/>
</pin_list>
<bind>
<opset="arg0_read_mem_strm_6_read "/>
</bind>
</comp>

<comp id="300" class="1005" name="arg0_read_mem_strm_5_read_reg_300">
<pin_list>
<pin id="301" dir="0" index="0" bw="256" slack="1"/>
<pin id="302" dir="1" index="1" bw="256" slack="1"/>
</pin_list>
<bind>
<opset="arg0_read_mem_strm_5_read "/>
</bind>
</comp>

<comp id="305" class="1005" name="arg0_read_mem_strm_4_read_reg_305">
<pin_list>
<pin id="306" dir="0" index="0" bw="256" slack="1"/>
<pin id="307" dir="1" index="1" bw="256" slack="1"/>
</pin_list>
<bind>
<opset="arg0_read_mem_strm_4_read "/>
</bind>
</comp>

<comp id="310" class="1005" name="arg0_read_mem_strm_3_read_reg_310">
<pin_list>
<pin id="311" dir="0" index="0" bw="256" slack="1"/>
<pin id="312" dir="1" index="1" bw="256" slack="1"/>
</pin_list>
<bind>
<opset="arg0_read_mem_strm_3_read "/>
</bind>
</comp>

<comp id="315" class="1005" name="arg0_read_mem_strm_2_read_reg_315">
<pin_list>
<pin id="316" dir="0" index="0" bw="256" slack="1"/>
<pin id="317" dir="1" index="1" bw="256" slack="1"/>
</pin_list>
<bind>
<opset="arg0_read_mem_strm_2_read "/>
</bind>
</comp>

<comp id="320" class="1005" name="arg0_read_mem_strm_1_read_reg_320">
<pin_list>
<pin id="321" dir="0" index="0" bw="256" slack="1"/>
<pin id="322" dir="1" index="1" bw="256" slack="1"/>
</pin_list>
<bind>
<opset="arg0_read_mem_strm_1_read "/>
</bind>
</comp>

<comp id="325" class="1005" name="arg0_read_mem_strm_0_read_reg_325">
<pin_list>
<pin id="326" dir="0" index="0" bw="256" slack="1"/>
<pin id="327" dir="1" index="1" bw="256" slack="1"/>
</pin_list>
<bind>
<opset="arg0_read_mem_strm_0_read "/>
</bind>
</comp>

<comp id="330" class="1005" name="arg0_read_mem_strm_7_read_reg_330">
<pin_list>
<pin id="331" dir="0" index="0" bw="256" slack="1"/>
<pin id="332" dir="1" index="1" bw="256" slack="1"/>
</pin_list>
<bind>
<opset="arg0_read_mem_strm_7_read "/>
</bind>
</comp>

</comp_list>

<net_list>
<net id="71"><net_src comp="22" pin="0"/><net_sink comp="68" pin=0"/></net>

<net id="75"><net_src comp="22" pin="0"/><net_sink comp="72" pin=0"/></net>

<net id="79"><net_src comp="22" pin="0"/><net_sink comp="76" pin=0"/></net>

<net id="84"><net_src comp="34" pin="0"/><net_sink comp="80" pin=0"/></net>

<net id="85"><net_src comp="6" pin="0"/><net_sink comp="80" pin=1"/></net>

<net id="90"><net_src comp="36" pin="0"/><net_sink comp="86" pin=0"/></net>

<net id="91"><net_src comp="0" pin="0"/><net_sink comp="86" pin=1"/></net>

<net id="96"><net_src comp="64" pin="0"/><net_sink comp="92" pin=0"/></net>

<net id="97"><net_src comp="18" pin="0"/><net_sink comp="92" pin=1"/></net>

<net id="102"><net_src comp="64" pin="0"/><net_sink comp="98" pin=0"/></net>

<net id="103"><net_src comp="16" pin="0"/><net_sink comp="98" pin=1"/></net>

<net id="108"><net_src comp="64" pin="0"/><net_sink comp="104" pin=0"/></net>

<net id="109"><net_src comp="14" pin="0"/><net_sink comp="104" pin=1"/></net>

<net id="114"><net_src comp="64" pin="0"/><net_sink comp="110" pin=0"/></net>

<net id="115"><net_src comp="12" pin="0"/><net_sink comp="110" pin=1"/></net>

<net id="120"><net_src comp="64" pin="0"/><net_sink comp="116" pin=0"/></net>

<net id="121"><net_src comp="10" pin="0"/><net_sink comp="116" pin=1"/></net>

<net id="126"><net_src comp="64" pin="0"/><net_sink comp="122" pin=0"/></net>

<net id="127"><net_src comp="8" pin="0"/><net_sink comp="122" pin=1"/></net>

<net id="132"><net_src comp="64" pin="0"/><net_sink comp="128" pin=0"/></net>

<net id="133"><net_src comp="4" pin="0"/><net_sink comp="128" pin=1"/></net>

<net id="138"><net_src comp="64" pin="0"/><net_sink comp="134" pin=0"/></net>

<net id="139"><net_src comp="20" pin="0"/><net_sink comp="134" pin=1"/></net>

<net id="145"><net_src comp="66" pin="0"/><net_sink comp="140" pin=0"/></net>

<net id="146"><net_src comp="2" pin="0"/><net_sink comp="140" pin=1"/></net>

<net id="168"><net_src comp="150" pin="16"/><net_sink comp="140" pin=2"/></net>

<net id="173"><net_src comp="28" pin="0"/><net_sink comp="169" pin=0"/></net>

<net id="178"><net_src comp="38" pin="0"/><net_sink comp="174" pin=0"/></net>

<net id="183"><net_src comp="38" pin="0"/><net_sink comp="179" pin=0"/></net>

<net id="194"><net_src comp="187" pin="1"/><net_sink comp="190" pin=0"/></net>

<net id="199"><net_src comp="187" pin="1"/><net_sink comp="195" pin=0"/></net>

<net id="200"><net_src comp="22" pin="0"/><net_sink comp="195" pin=1"/></net>

<net id="208"><net_src comp="201" pin="1"/><net_sink comp="204" pin=0"/></net>

<net id="209"><net_src comp="44" pin="0"/><net_sink comp="204" pin=1"/></net>

<net id="214"><net_src comp="184" pin="1"/><net_sink comp="210" pin=0"/></net>

<net id="220"><net_src comp="210" pin="2"/><net_sink comp="215" pin=0"/></net>

<net id="221"><net_src comp="204" pin="2"/><net_sink comp="215" pin=1"/></net>

<net id="222"><net_src comp="201" pin="1"/><net_sink comp="215" pin=2"/></net>

<net id="226"><net_src comp="215" pin="3"/><net_sink comp="223" pin=0"/></net>

<net id="231"><net_src comp="184" pin="1"/><net_sink comp="227" pin=0"/></net>

<net id="232"><net_src comp="44" pin="0"/><net_sink comp="227" pin=1"/></net>

<net id="238"><net_src comp="210" pin="2"/><net_sink comp="233" pin=0"/></net>

<net id="239"><net_src comp="44" pin="0"/><net_sink comp="233" pin=1"/></net>

<net id="240"><net_src comp="227" pin="2"/><net_sink comp="233" pin=2"/></net>

<net id="245"><net_src comp="195" pin="2"/><net_sink comp="241" pin=0"/></net>

<net id="250"><net_src comp="215" pin="3"/><net_sink comp="246" pin=0"/></net>

<net id="255"><net_src comp="233" pin="3"/><net_sink comp="251" pin=0"/></net>

<net id="259"><net_src comp="68" pin="1"/><net_sink comp="256" pin=0"/></net>

<net id="260"><net_src comp="256" pin="1"/><net_sink comp="179" pin=1"/></net>

<net id="261"><net_src comp="256" pin="1"/><net_sink comp="184" pin=0"/></net>

<net id="262"><net_src comp="256" pin="1"/><net_sink comp="251" pin=1"/></net>

<net id="266"><net_src comp="72" pin="1"/><net_sink comp="263" pin=0"/></net>

<net id="267"><net_src comp="263" pin="1"/><net_sink comp="174" pin=1"/></net>

<net id="268"><net_src comp="263" pin="1"/><net_sink comp="201" pin=0"/></net>

<net id="269"><net_src comp="263" pin="1"/><net_sink comp="246" pin=1"/></net>

<net id="273"><net_src comp="76" pin="1"/><net_sink comp="270" pin=0"/></net>

<net id="274"><net_src comp="270" pin="1"/><net_sink comp="169" pin=1"/></net>

<net id="275"><net_src comp="270" pin="1"/><net_sink comp="187" pin=0"/></net>

<net id="276"><net_src comp="270" pin="1"/><net_sink comp="241" pin=1"/></net>

<net id="280"><net_src comp="80" pin="2"/><net_sink comp="277" pin=0"/></net>

<net id="281"><net_src comp="277" pin="1"/><net_sink comp="210" pin=1"/></net>

<net id="285"><net_src comp="86" pin="2"/><net_sink comp="282" pin=0"/></net>

<net id="286"><net_src comp="282" pin="1"/><net_sink comp="190" pin=1"/></net>

<net id="290"><net_src comp="190" pin="2"/><net_sink comp="287" pin=0"/></net>

<net id="294"><net_src comp="223" pin="1"/><net_sink comp="291" pin=0"/></net>

<net id="298"><net_src comp="92" pin="2"/><net_sink comp="295" pin=0"/></net>

<net id="299"><net_src comp="295" pin="1"/><net_sink comp="150" pin=12"/></net>

<net id="303"><net_src comp="98" pin="2"/><net_sink comp="300" pin=0"/></net>

<net id="304"><net_src comp="300" pin="1"/><net_sink comp="150" pin=10"/></net>

<net id="308"><net_src comp="104" pin="2"/><net_sink comp="305" pin=0"/></net>

<net id="309"><net_src comp="305" pin="1"/><net_sink comp="150" pin=8"/></net>

<net id="313"><net_src comp="110" pin="2"/><net_sink comp="310" pin=0"/></net>

<net id="314"><net_src comp="310" pin="1"/><net_sink comp="150" pin=6"/></net>

<net id="318"><net_src comp="116" pin="2"/><net_sink comp="315" pin=0"/></net>

<net id="319"><net_src comp="315" pin="1"/><net_sink comp="150" pin=4"/></net>

<net id="323"><net_src comp="122" pin="2"/><net_sink comp="320" pin=0"/></net>

<net id="324"><net_src comp="320" pin="1"/><net_sink comp="150" pin=2"/></net>

<net id="328"><net_src comp="128" pin="2"/><net_sink comp="325" pin=0"/></net>

<net id="329"><net_src comp="325" pin="1"/><net_sink comp="150" pin=0"/></net>

<net id="333"><net_src comp="134" pin="2"/><net_sink comp="330" pin=0"/></net>

<net id="334"><net_src comp="330" pin="1"/><net_sink comp="150" pin=14"/></net>

</net_list>

</model> 
---------------- Datapath Model END ------------------

* FSMD analyzer results:
  - Output states:
	Port: arg0_combined_read_mem_strm1 | {4 }
	Port: arg0_read_mem_strm_0 | {}
	Port: arg0_read_mem_strm_1 | {}
	Port: arg0_read_mem_strm_2 | {}
	Port: arg0_read_mem_strm_3 | {}
	Port: arg0_read_mem_strm_4 | {}
	Port: arg0_read_mem_strm_5 | {}
	Port: arg0_read_mem_strm_6 | {}
	Port: arg0_read_mem_strm_7 | {}
 - Input state : 
	Port: combineStreams2D_Pipeline_VITIS_LOOP_5422_2_VITIS_LOOP_5426_3 : mul_ln5418 | {1 }
	Port: combineStreams2D_Pipeline_VITIS_LOOP_5422_2_VITIS_LOOP_5426_3 : arg0_combined_read_mem_strm1 | {}
	Port: combineStreams2D_Pipeline_VITIS_LOOP_5422_2_VITIS_LOOP_5426_3 : arg0_read_mem_strm_0 | {3 }
	Port: combineStreams2D_Pipeline_VITIS_LOOP_5422_2_VITIS_LOOP_5426_3 : tile_size_x | {1 }
	Port: combineStreams2D_Pipeline_VITIS_LOOP_5422_2_VITIS_LOOP_5426_3 : arg0_read_mem_strm_1 | {3 }
	Port: combineStreams2D_Pipeline_VITIS_LOOP_5422_2_VITIS_LOOP_5426_3 : arg0_read_mem_strm_2 | {3 }
	Port: combineStreams2D_Pipeline_VITIS_LOOP_5422_2_VITIS_LOOP_5426_3 : arg0_read_mem_strm_3 | {3 }
	Port: combineStreams2D_Pipeline_VITIS_LOOP_5422_2_VITIS_LOOP_5426_3 : arg0_read_mem_strm_4 | {3 }
	Port: combineStreams2D_Pipeline_VITIS_LOOP_5422_2_VITIS_LOOP_5426_3 : arg0_read_mem_strm_5 | {3 }
	Port: combineStreams2D_Pipeline_VITIS_LOOP_5422_2_VITIS_LOOP_5426_3 : arg0_read_mem_strm_6 | {3 }
	Port: combineStreams2D_Pipeline_VITIS_LOOP_5422_2_VITIS_LOOP_5426_3 : arg0_read_mem_strm_7 | {3 }
  - Chain level:
	State 1
		store_ln0 : 1
		store_ln0 : 1
		store_ln0 : 1
	State 2
		icmp_ln5422 : 1
		add_ln5422 : 1
		br_ln5422 : 2
		add_ln5422_1 : 1
		icmp_ln5426 : 1
		select_ln5422 : 2
		trunc_ln5422 : 3
		switch_ln5431 : 4
		add_ln5426 : 1
		i_7 : 2
		store_ln5426 : 2
		store_ln5426 : 3
		store_ln5426 : 3
	State 3
	State 4
		write_ln5443 : 1


============================================================
+ Verbose Summary: Datapath Resource usage 
============================================================

* Functional unit list:
|----------|---------------------------------------|---------|---------|
| Operation|            Functional Unit            |    FF   |   LUT   |
|----------|---------------------------------------|---------|---------|
|          |           add_ln5422_fu_195           |    0    |    39   |
|    add   |          add_ln5422_1_fu_204          |    0    |    23   |
|          |           add_ln5426_fu_227           |    0    |    23   |
|----------|---------------------------------------|---------|---------|
|   icmp   |           icmp_ln5422_fu_190          |    0    |    20   |
|          |           icmp_ln5426_fu_210          |    0    |    13   |
|----------|---------------------------------------|---------|---------|
|  select  |          select_ln5422_fu_215         |    0    |    16   |
|          |               i_7_fu_233              |    0    |    16   |
|----------|---------------------------------------|---------|---------|
|          |      tile_size_x_read_read_fu_80      |    0    |    0    |
|          |       mul_ln5418_read_read_fu_86      |    0    |    0    |
|          |  arg0_read_mem_strm_6_read_read_fu_92 |    0    |    0    |
|          |  arg0_read_mem_strm_5_read_read_fu_98 |    0    |    0    |
|   read   | arg0_read_mem_strm_4_read_read_fu_104 |    0    |    0    |
|          | arg0_read_mem_strm_3_read_read_fu_110 |    0    |    0    |
|          | arg0_read_mem_strm_2_read_read_fu_116 |    0    |    0    |
|          | arg0_read_mem_strm_1_read_read_fu_122 |    0    |    0    |
|          | arg0_read_mem_strm_0_read_read_fu_128 |    0    |    0    |
|          | arg0_read_mem_strm_7_read_read_fu_134 |    0    |    0    |
|----------|---------------------------------------|---------|---------|
|   write  |       write_ln5443_write_fu_140       |    0    |    0    |
|----------|---------------------------------------|---------|---------|
|   trunc  |          trunc_ln5422_fu_223          |    0    |    0    |
|----------|---------------------------------------|---------|---------|
|   Total  |                                       |    0    |   150   |
|----------|---------------------------------------|---------|---------|

Memories:
N/A

* Register list:
+---------------------------------+--------+
|                                 |   FF   |
+---------------------------------+--------+
|arg0_read_mem_strm_0_read_reg_325|   256  |
|arg0_read_mem_strm_1_read_reg_320|   256  |
|arg0_read_mem_strm_2_read_reg_315|   256  |
|arg0_read_mem_strm_3_read_reg_310|   256  |
|arg0_read_mem_strm_4_read_reg_305|   256  |
|arg0_read_mem_strm_5_read_reg_300|   256  |
|arg0_read_mem_strm_6_read_reg_295|   256  |
|arg0_read_mem_strm_7_read_reg_330|   256  |
|         bank_id_reg_263         |   16   |
|           data_reg_147          |   256  |
|            i_reg_256            |   16   |
|       icmp_ln5422_reg_287       |    1   |
|      indvar_flatten_reg_270     |   32   |
|     mul_ln5418_read_reg_282     |   32   |
|     tile_size_x_read_reg_277    |   16   |
|       trunc_ln5422_reg_291      |    3   |
+---------------------------------+--------+
|              Total              |  2420  |
+---------------------------------+--------+

* Multiplexer (MUX) list: 
|--------|------|------|------|--------|
|  Comp  |  Pin | Size |  BW  | S x BW |
|--------|------|------|------|--------|
|  Total |      |      |      |    0   |
|--------|------|------|------|--------|



* Summary:
+-----------+--------+--------+
|           |   FF   |   LUT  |
+-----------+--------+--------+
|  Function |    0   |   150  |
|   Memory  |    -   |    -   |
|Multiplexer|    -   |    -   |
|  Register |  2420  |    -   |
+-----------+--------+--------+
|   Total   |  2420  |   150  |
+-----------+--------+--------+
