

================================================================
== Vitis HLS Report for 'stridedTileStream2mem2D_4'
================================================================
* Date:           Fri Jul 31 13:50:53 2026

* Version:        2022.2 (Build 3670227 on Oct 13 2022)
* Project:        datamover_outerloop_0
* Solution:       solution (Vitis Kernel Flow Target)
* Product family: virtexuplus
* Target device:  xcu280-fsvh2892-2L-e


================================================================
== Performance Estimates
================================================================
+ Timing: 
    * Summary: 
    +--------+---------+----------+------------+
    |  Clock |  Target | Estimated| Uncertainty|
    +--------+---------+----------+------------+
    |ap_clk  |  3.33 ns|  2.433 ns|     0.90 ns|
    +--------+---------+----------+------------+

+ Latency: 
    * Summary: 
    +---------+----------------+----------+-------------+-----+----------------+---------+
    |     Latency (cycles)     |   Latency (absolute)   |       Interval       | Pipeline|
    |   min   |       max      |    min   |     max     | min |       max      |   Type  |
    +---------+----------------+----------+-------------+-----+----------------+---------+
    |        1|  35183302090696|  3.333 ns|  1.2e+05 sec|    1|  35183302090696|       no|
    +---------+----------------+----------+-------------+-----+----------------+---------+

    + Detail: 
        * Instance: 
        N/A

        * Loop: 
        +---------------------+---------+----------------+---------------+-----------+-----------+-----------+----------+
        |                     |     Latency (cycles)     |   Iteration   |  Initiation Interval  |    Trip   |          |
        |      Loop Name      |   min   |       max      |    Latency    |  achieved |   target  |   Count   | Pipelined|
        +---------------------+---------+----------------+---------------+-----------+-----------+-----------+----------+
        |- VITIS_LOOP_5186_1  |        0|  35183302090695|  8 ~ 536862777|          -|          -|  0 ~ 65535|        no|
        +---------------------+---------+----------------+---------------+-----------+-----------+-----------+----------+

============================================================
+ Verbose Summary: Synthesis Manager
============================================================
InlineROM: 1
ExposeGlobal: 0
============================================================
+ Verbose Summary: CDFG Model
============================================================
IsTopModel: 0
ResetActiveHigh: 1
IsCombinational: 2
IsDatapathOnly: 0
HasWiredReturn: 1
HasMFsm: 0
HasVarLatency: 1
IsPipeline: 0
IsRtlPipelined: 0
IsInstanceOverlapped: 0
IsDontTouch: 0
HasImplIP: 0
IsGatedGlobalClock: 0


============================================================
+ Verbose Summary: Schedule
============================================================
* Number of FSM states : 7
* Pipeline : 0
* Dataflow Pipeline: 0

* FSM state transitions: 
1 --> 2 
2 --> 3 
3 --> 4 
4 --> 5 
5 --> 6 
6 --> 7 
7 --> 2 

* FSM state operations: 

State 1 <SV = 0> <Delay = 2.00>
ST_1 : Operation 8 [1/1] (0.00ns)   --->   "%tile_x = alloca i32 1"   --->   Operation 8 'alloca' 'tile_x' <Predicate = true> <Delay = 0.00>
ST_1 : Operation 9 [1/1] (0.00ns)   --->   "%specinterface_ln0 = specinterface void @_ssdm_op_SpecInterface, i64 %mem_out, void @ap_fifo_str, i32 0, i32 0, void @p_str, i32 0, i32 0, void @p_str, void @p_str, void @p_str, i32 2, i32 2, i32 16, i32 16, void @p_str, void @ScalarProp_str, i32 4294967295, i32 0"   --->   Operation 9 'specinterface' 'specinterface_ln0' <Predicate = true> <Delay = 0.00>
ST_1 : Operation 10 [1/1] (1.21ns)   --->   "%mem_out_read = read i64 @_ssdm_op_Read.ap_fifo.i64P0A, i64 %mem_out"   --->   Operation 10 'read' 'mem_out_read' <Predicate = true> <Delay = 1.21> <CoreInst = "FIFO_SRL">   --->   Core 81 'FIFO_SRL' <Latency = 0> <II = 1> <Delay = 1.41> <Storage> <Opcode : 'read' 'write' 'nbread' 'nbwrite'> <Ports = 0> <Width = 64> <Depth = 4> <FIFO>
ST_1 : Operation 11 [1/1] (0.00ns)   --->   "%specinterface_ln0 = specinterface void @_ssdm_op_SpecInterface, i32 %config_start_offset, void @ap_fifo_str, i32 0, i32 0, void @p_str, i32 0, i32 0, void @p_str, void @p_str, void @p_str, i32 2, i32 2, i32 16, i32 16, void @p_str, void @ScalarProp_str, i32 4294967295, i32 0"   --->   Operation 11 'specinterface' 'specinterface_ln0' <Predicate = true> <Delay = 0.00>
ST_1 : Operation 12 [1/1] (1.21ns)   --->   "%config_start_offset_read = read i32 @_ssdm_op_Read.ap_fifo.i32P0A, i32 %config_start_offset"   --->   Operation 12 'read' 'config_start_offset_read' <Predicate = true> <Delay = 1.21> <CoreInst = "FIFO_SRL">   --->   Core 81 'FIFO_SRL' <Latency = 0> <II = 1> <Delay = 1.46> <Storage> <Opcode : 'read' 'write' 'nbread' 'nbwrite'> <Ports = 0> <Width = 32> <Depth = 4> <FIFO>
ST_1 : Operation 13 [1/1] (0.00ns)   --->   "%specinterface_ln0 = specinterface void @_ssdm_op_SpecInterface, i16 %config_last_tile_size_x, void @ap_fifo_str, i32 0, i32 0, void @p_str, i32 0, i32 0, void @p_str, void @p_str, void @p_str, i32 2, i32 2, i32 16, i32 16, void @p_str, void @ScalarProp_str, i32 4294967295, i32 0"   --->   Operation 13 'specinterface' 'specinterface_ln0' <Predicate = true> <Delay = 0.00>
ST_1 : Operation 14 [1/1] (1.21ns)   --->   "%config_last_tile_size_x_read = read i16 @_ssdm_op_Read.ap_fifo.i16P0A, i16 %config_last_tile_size_x"   --->   Operation 14 'read' 'config_last_tile_size_x_read' <Predicate = true> <Delay = 1.21> <CoreInst = "FIFO_SRL">   --->   Core 81 'FIFO_SRL' <Latency = 0> <II = 1> <Delay = 1.34> <Storage> <Opcode : 'read' 'write' 'nbread' 'nbwrite'> <Ports = 0> <Width = 16> <Depth = 2> <FIFO>
ST_1 : Operation 15 [1/1] (0.00ns)   --->   "%specinterface_ln0 = specinterface void @_ssdm_op_SpecInterface, i16 %config_effective_tile_size_x, void @ap_fifo_str, i32 0, i32 0, void @p_str, i32 0, i32 0, void @p_str, void @p_str, void @p_str, i32 2, i32 2, i32 16, i32 16, void @p_str, void @ScalarProp_str, i32 4294967295, i32 0"   --->   Operation 15 'specinterface' 'specinterface_ln0' <Predicate = true> <Delay = 0.00>
ST_1 : Operation 16 [1/1] (1.21ns)   --->   "%config_effective_tile_size_x_read = read i16 @_ssdm_op_Read.ap_fifo.i16P0A, i16 %config_effective_tile_size_x"   --->   Operation 16 'read' 'config_effective_tile_size_x_read' <Predicate = true> <Delay = 1.21> <CoreInst = "FIFO_SRL">   --->   Core 81 'FIFO_SRL' <Latency = 0> <II = 1> <Delay = 1.33> <Storage> <Opcode : 'read' 'write' 'nbread' 'nbwrite'> <Ports = 0> <Width = 16> <Depth = 4> <FIFO>
ST_1 : Operation 17 [1/1] (0.00ns)   --->   "%specinterface_ln0 = specinterface void @_ssdm_op_SpecInterface, i16 %config_tile_overlap_size_x, void @ap_fifo_str, i32 0, i32 0, void @p_str, i32 0, i32 0, void @p_str, void @p_str, void @p_str, i32 2, i32 2, i32 16, i32 16, void @p_str, void @ScalarProp_str, i32 4294967295, i32 0"   --->   Operation 17 'specinterface' 'specinterface_ln0' <Predicate = true> <Delay = 0.00>
ST_1 : Operation 18 [1/1] (1.21ns)   --->   "%config_tile_overlap_size_x_read = read i16 @_ssdm_op_Read.ap_fifo.i16P0A, i16 %config_tile_overlap_size_x"   --->   Operation 18 'read' 'config_tile_overlap_size_x_read' <Predicate = true> <Delay = 1.21> <CoreInst = "FIFO_SRL">   --->   Core 81 'FIFO_SRL' <Latency = 0> <II = 1> <Delay = 1.33> <Storage> <Opcode : 'read' 'write' 'nbread' 'nbwrite'> <Ports = 0> <Width = 16> <Depth = 4> <FIFO>
ST_1 : Operation 19 [1/1] (0.00ns)   --->   "%specinterface_ln0 = specinterface void @_ssdm_op_SpecInterface, i16 %config_tile_size_x, void @ap_fifo_str, i32 0, i32 0, void @p_str, i32 0, i32 0, void @p_str, void @p_str, void @p_str, i32 2, i32 2, i32 16, i32 16, void @p_str, void @ScalarProp_str, i32 4294967295, i32 0"   --->   Operation 19 'specinterface' 'specinterface_ln0' <Predicate = true> <Delay = 0.00>
ST_1 : Operation 20 [1/1] (1.21ns)   --->   "%config_tile_size_x_read = read i16 @_ssdm_op_Read.ap_fifo.i16P0A, i16 %config_tile_size_x"   --->   Operation 20 'read' 'config_tile_size_x_read' <Predicate = true> <Delay = 1.21> <CoreInst = "FIFO_SRL">   --->   Core 81 'FIFO_SRL' <Latency = 0> <II = 1> <Delay = 1.34> <Storage> <Opcode : 'read' 'write' 'nbread' 'nbwrite'> <Ports = 0> <Width = 16> <Depth = 2> <FIFO>
ST_1 : Operation 21 [1/1] (0.00ns)   --->   "%specinterface_ln0 = specinterface void @_ssdm_op_SpecInterface, i16 %config_tile_count_x, void @ap_fifo_str, i32 0, i32 0, void @p_str, i32 0, i32 0, void @p_str, void @p_str, void @p_str, i32 2, i32 2, i32 16, i32 16, void @p_str, void @ScalarProp_str, i32 4294967295, i32 0"   --->   Operation 21 'specinterface' 'specinterface_ln0' <Predicate = true> <Delay = 0.00>
ST_1 : Operation 22 [1/1] (1.21ns)   --->   "%config_tile_count_x_read = read i16 @_ssdm_op_Read.ap_fifo.i16P0A, i16 %config_tile_count_x"   --->   Operation 22 'read' 'config_tile_count_x_read' <Predicate = true> <Delay = 1.21> <CoreInst = "FIFO_SRL">   --->   Core 81 'FIFO_SRL' <Latency = 0> <II = 1> <Delay = 1.34> <Storage> <Opcode : 'read' 'write' 'nbread' 'nbwrite'> <Ports = 0> <Width = 16> <Depth = 2> <FIFO>
ST_1 : Operation 23 [1/1] (0.00ns)   --->   "%specinterface_ln0 = specinterface void @_ssdm_op_SpecInterface, i16 %config_grid_size_y, void @ap_fifo_str, i32 0, i32 0, void @p_str, i32 0, i32 0, void @p_str, void @p_str, void @p_str, i32 2, i32 2, i32 16, i32 16, void @p_str, void @ScalarProp_str, i32 4294967295, i32 0"   --->   Operation 23 'specinterface' 'specinterface_ln0' <Predicate = true> <Delay = 0.00>
ST_1 : Operation 24 [1/1] (1.21ns)   --->   "%config_grid_size_y_read = read i16 @_ssdm_op_Read.ap_fifo.i16P0A, i16 %config_grid_size_y"   --->   Operation 24 'read' 'config_grid_size_y_read' <Predicate = true> <Delay = 1.21> <CoreInst = "FIFO_SRL">   --->   Core 81 'FIFO_SRL' <Latency = 0> <II = 1> <Delay = 1.34> <Storage> <Opcode : 'read' 'write' 'nbread' 'nbwrite'> <Ports = 0> <Width = 16> <Depth = 2> <FIFO>
ST_1 : Operation 25 [1/1] (0.00ns)   --->   "%specinterface_ln0 = specinterface void @_ssdm_op_SpecInterface, i13 %config_grid_xblocks, void @ap_fifo_str, i32 0, i32 0, void @p_str, i32 0, i32 0, void @p_str, void @p_str, void @p_str, i32 2, i32 2, i32 16, i32 16, void @p_str, void @ScalarProp_str, i32 4294967295, i32 0"   --->   Operation 25 'specinterface' 'specinterface_ln0' <Predicate = true> <Delay = 0.00>
ST_1 : Operation 26 [1/1] (1.21ns)   --->   "%config_grid_xblocks_read = read i13 @_ssdm_op_Read.ap_fifo.i13P0A, i13 %config_grid_xblocks"   --->   Operation 26 'read' 'config_grid_xblocks_read' <Predicate = true> <Delay = 1.21> <CoreInst = "FIFO_SRL">   --->   Core 81 'FIFO_SRL' <Latency = 0> <II = 1> <Delay = 1.33> <Storage> <Opcode : 'read' 'write' 'nbread' 'nbwrite'> <Ports = 0> <Width = 13> <Depth = 4> <FIFO>
ST_1 : Operation 27 [1/1] (0.00ns)   --->   "%specinterface_ln0 = specinterface void @_ssdm_op_SpecInterface, i256 %arg1_write_mem_strm_3, void @empty_50, i32 0, i32 0, void @empty_47, i32 0, i32 0, void @empty_47, void @empty_47, void @empty_47, i32 0, i32 0, i32 0, i32 0, void @empty_47, void @empty_47, i32 4294967295, i32 0"   --->   Operation 27 'specinterface' 'specinterface_ln0' <Predicate = true> <Delay = 0.00>
ST_1 : Operation 28 [1/1] (0.00ns)   --->   "%specinterface_ln0 = specinterface void @_ssdm_op_SpecInterface, i256 %gmem11, void @empty_34, i32 0, i32 0, void @empty_47, i32 40, i32 8192, void @empty_35, void @empty_45, void @empty_47, i32 4, i32 4, i32 16, i32 16, void @empty_47, void @empty_47, i32 4294967295, i32 0"   --->   Operation 28 'specinterface' 'specinterface_ln0' <Predicate = true> <Delay = 0.00>
ST_1 : Operation 29 [1/1] (0.00ns)   --->   "%trunc_ln5184_1 = partselect i13 @_ssdm_op_PartSelect.i13.i16.i32.i32, i16 %config_grid_size_y_read, i32 3, i32 15" [/pc2/users/a/acgasm01/scratch/beniel/ops-hls-batching-tiling-artifacts/OPS/ops/hls/include/device/../../L1/include/ops_hls_datamover.hpp:5184]   --->   Operation 29 'partselect' 'trunc_ln5184_1' <Predicate = true> <Delay = 0.00>
ST_1 : Operation 30 [1/1] (0.00ns)   --->   "%zext_ln5184 = zext i13 %trunc_ln5184_1" [/pc2/users/a/acgasm01/scratch/beniel/ops-hls-batching-tiling-artifacts/OPS/ops/hls/include/device/../../L1/include/ops_hls_datamover.hpp:5184]   --->   Operation 30 'zext' 'zext_ln5184' <Predicate = true> <Delay = 0.00>
ST_1 : Operation 31 [1/1] (0.00ns)   --->   "%tmp = bitselect i1 @_ssdm_op_BitSelect.i1.i16.i32, i16 %config_grid_size_y_read, i32 2" [/pc2/users/a/acgasm01/scratch/beniel/ops-hls-batching-tiling-artifacts/OPS/ops/hls/include/device/../../L1/include/ops_hls_datamover.hpp:5184]   --->   Operation 31 'bitselect' 'tmp' <Predicate = true> <Delay = 0.00>
ST_1 : Operation 32 [1/1] (0.00ns)   --->   "%zext_ln5184_4 = zext i1 %tmp" [/pc2/users/a/acgasm01/scratch/beniel/ops-hls-batching-tiling-artifacts/OPS/ops/hls/include/device/../../L1/include/ops_hls_datamover.hpp:5184]   --->   Operation 32 'zext' 'zext_ln5184_4' <Predicate = true> <Delay = 0.00>
ST_1 : Operation 33 [1/1] (0.75ns)   --->   "%add_ln5184 = add i14 %zext_ln5184, i14 %zext_ln5184_4" [/pc2/users/a/acgasm01/scratch/beniel/ops-hls-batching-tiling-artifacts/OPS/ops/hls/include/device/../../L1/include/ops_hls_datamover.hpp:5184]   --->   Operation 33 'add' 'add_ln5184' <Predicate = true> <Delay = 0.75> <CoreInst = "Adder">   --->   Core 1 'Adder' <Latency = 0> <II = 1> <Delay = 0.75> <FuncUnit> <Opcode : 'add' 'sub'> <InPorts = 2> <OutPorts = 1>
ST_1 : Operation 34 [1/1] (0.00ns)   --->   "%config_tile_count_x_load_cast = zext i16 %config_tile_count_x_read"   --->   Operation 34 'zext' 'config_tile_count_x_load_cast' <Predicate = true> <Delay = 0.00>
ST_1 : Operation 35 [1/1] (0.78ns)   --->   "%sub = add i17 %config_tile_count_x_load_cast, i17 131071"   --->   Operation 35 'add' 'sub' <Predicate = true> <Delay = 0.78> <CoreInst = "Adder">   --->   Core 1 'Adder' <Latency = 0> <II = 1> <Delay = 0.78> <FuncUnit> <Opcode : 'add' 'sub'> <InPorts = 2> <OutPorts = 1>
ST_1 : Operation 36 [1/1] (0.00ns)   --->   "%lshr_ln5188_cast = partselect i15 @_ssdm_op_PartSelect.i15.i16.i32.i32, i16 %config_tile_overlap_size_x_read, i32 1, i32 15"   --->   Operation 36 'partselect' 'lshr_ln5188_cast' <Predicate = true> <Delay = 0.00>
ST_1 : Operation 37 [1/1] (0.00ns)   --->   "%config_effective_tile_size_x_load_cast = zext i16 %config_effective_tile_size_x_read"   --->   Operation 37 'zext' 'config_effective_tile_size_x_load_cast' <Predicate = true> <Delay = 0.00>
ST_1 : Operation 38 [1/1] (0.00ns)   --->   "%zext_ln5193 = zext i14 %add_ln5184" [/pc2/users/a/acgasm01/scratch/beniel/ops-hls-batching-tiling-artifacts/OPS/ops/hls/include/device/../../L1/include/ops_hls_datamover.hpp:5193]   --->   Operation 38 'zext' 'zext_ln5193' <Predicate = true> <Delay = 0.00>
ST_1 : Operation 39 [1/1] (0.38ns)   --->   "%store_ln5186 = store i16 0, i16 %tile_x" [/pc2/users/a/acgasm01/scratch/beniel/ops-hls-batching-tiling-artifacts/OPS/ops/hls/include/device/../../L1/include/ops_hls_datamover.hpp:5186]   --->   Operation 39 'store' 'store_ln5186' <Predicate = true> <Delay = 0.38>
ST_1 : Operation 40 [1/1] (0.00ns)   --->   "%br_ln5186 = br void %for.body" [/pc2/users/a/acgasm01/scratch/beniel/ops-hls-batching-tiling-artifacts/OPS/ops/hls/include/device/../../L1/include/ops_hls_datamover.hpp:5186]   --->   Operation 40 'br' 'br_ln5186' <Predicate = true> <Delay = 0.00>

State 2 <SV = 1> <Delay = 1.46>
ST_2 : Operation 41 [1/1] (0.00ns)   --->   "%tile_x_4 = load i16 %tile_x" [/pc2/users/a/acgasm01/scratch/beniel/ops-hls-batching-tiling-artifacts/OPS/ops/hls/include/device/../../L1/include/ops_hls_datamover.hpp:5186]   --->   Operation 41 'load' 'tile_x_4' <Predicate = true> <Delay = 0.00>
ST_2 : Operation 42 [1/1] (0.67ns)   --->   "%icmp_ln5186 = icmp_eq  i16 %tile_x_4, i16 %config_tile_count_x_read" [/pc2/users/a/acgasm01/scratch/beniel/ops-hls-batching-tiling-artifacts/OPS/ops/hls/include/device/../../L1/include/ops_hls_datamover.hpp:5186]   --->   Operation 42 'icmp' 'icmp_ln5186' <Predicate = true> <Delay = 0.67> <CoreInst = "Cmp">   --->   Core 9 'Cmp' <Latency = 0> <II = 1> <Delay = 0.67> <FuncUnit> <Opcode : 'icmp'> <InPorts = 2> <OutPorts = 1>
ST_2 : Operation 43 [1/1] (0.00ns)   --->   "%empty = speclooptripcount i32 @_ssdm_op_SpecLoopTripCount, i64 0, i64 65535, i64 0"   --->   Operation 43 'speclooptripcount' 'empty' <Predicate = true> <Delay = 0.00>
ST_2 : Operation 44 [1/1] (0.78ns)   --->   "%add_ln5186 = add i16 %tile_x_4, i16 1" [/pc2/users/a/acgasm01/scratch/beniel/ops-hls-batching-tiling-artifacts/OPS/ops/hls/include/device/../../L1/include/ops_hls_datamover.hpp:5186]   --->   Operation 44 'add' 'add_ln5186' <Predicate = true> <Delay = 0.78> <CoreInst = "Adder">   --->   Core 1 'Adder' <Latency = 0> <II = 1> <Delay = 0.78> <FuncUnit> <Opcode : 'add' 'sub'> <InPorts = 2> <OutPorts = 1>
ST_2 : Operation 45 [1/1] (0.00ns)   --->   "%br_ln5186 = br i1 %icmp_ln5186, void %for.body.split, void %for.end39.loopexit" [/pc2/users/a/acgasm01/scratch/beniel/ops-hls-batching-tiling-artifacts/OPS/ops/hls/include/device/../../L1/include/ops_hls_datamover.hpp:5186]   --->   Operation 45 'br' 'br_ln5186' <Predicate = true> <Delay = 0.00>
ST_2 : Operation 46 [1/1] (0.00ns)   --->   "%zext_ln5186 = zext i16 %tile_x_4" [/pc2/users/a/acgasm01/scratch/beniel/ops-hls-batching-tiling-artifacts/OPS/ops/hls/include/device/../../L1/include/ops_hls_datamover.hpp:5186]   --->   Operation 46 'zext' 'zext_ln5186' <Predicate = (!icmp_ln5186)> <Delay = 0.00>
ST_2 : Operation 47 [1/1] (0.00ns)   --->   "%zext_ln5186_4 = zext i16 %tile_x_4" [/pc2/users/a/acgasm01/scratch/beniel/ops-hls-batching-tiling-artifacts/OPS/ops/hls/include/device/../../L1/include/ops_hls_datamover.hpp:5186]   --->   Operation 47 'zext' 'zext_ln5186_4' <Predicate = (!icmp_ln5186)> <Delay = 0.00>
ST_2 : Operation 48 [4/4] (0.53ns) (root node of the DSP)   --->   "%mul_ln5188 = mul i32 %zext_ln5186_4, i32 %config_effective_tile_size_x_load_cast" [/pc2/users/a/acgasm01/scratch/beniel/ops-hls-batching-tiling-artifacts/OPS/ops/hls/include/device/../../L1/include/ops_hls_datamover.hpp:5188]   --->   Operation 48 'mul' 'mul_ln5188' <Predicate = (!icmp_ln5186)> <Delay = 0.53> <CoreInst = "DSP48">   --->   Core 127 'DSP48' <Latency = 3> <II = 1> <Delay = 0.53> <IPBlock> <Opcode : 'mul' 'add' 'sub' 'select'> <InPorts = 0> <OutPorts = 1> <Sync> <CReg>
ST_2 : Operation 49 [1/1] (0.67ns)   --->   "%icmp_ln5188 = icmp_eq  i16 %tile_x_4, i16 0" [/pc2/users/a/acgasm01/scratch/beniel/ops-hls-batching-tiling-artifacts/OPS/ops/hls/include/device/../../L1/include/ops_hls_datamover.hpp:5188]   --->   Operation 49 'icmp' 'icmp_ln5188' <Predicate = (!icmp_ln5186)> <Delay = 0.67> <CoreInst = "Cmp">   --->   Core 9 'Cmp' <Latency = 0> <II = 1> <Delay = 0.67> <FuncUnit> <Opcode : 'icmp'> <InPorts = 2> <OutPorts = 1>
ST_2 : Operation 50 [1/1] (0.29ns)   --->   "%avoid_x = select i1 %icmp_ln5188, i15 0, i15 %lshr_ln5188_cast" [/pc2/users/a/acgasm01/scratch/beniel/ops-hls-batching-tiling-artifacts/OPS/ops/hls/include/device/../../L1/include/ops_hls_datamover.hpp:5188]   --->   Operation 50 'select' 'avoid_x' <Predicate = (!icmp_ln5186)> <Delay = 0.29> <CoreInst = "Sel">   --->   Core 73 'Sel' <Latency = 0> <II = 1> <Delay = 0.29> <FuncUnit> <Opcode : 'select'> <InPorts = 3> <OutPorts = 1>
ST_2 : Operation 51 [1/1] (0.68ns)   --->   "%icmp_ln5190 = icmp_eq  i17 %sub, i17 %zext_ln5186" [/pc2/users/a/acgasm01/scratch/beniel/ops-hls-batching-tiling-artifacts/OPS/ops/hls/include/device/../../L1/include/ops_hls_datamover.hpp:5190]   --->   Operation 51 'icmp' 'icmp_ln5190' <Predicate = (!icmp_ln5186)> <Delay = 0.68> <CoreInst = "Cmp">   --->   Core 9 'Cmp' <Latency = 0> <II = 1> <Delay = 0.68> <FuncUnit> <Opcode : 'icmp'> <InPorts = 2> <OutPorts = 1>
ST_2 : Operation 52 [1/1] (0.24ns)   --->   "%tile_size_x = select i1 %icmp_ln5190, i16 %config_last_tile_size_x_read, i16 %config_tile_size_x_read" [/pc2/users/a/acgasm01/scratch/beniel/ops-hls-batching-tiling-artifacts/OPS/ops/hls/include/device/../../L1/include/ops_hls_datamover.hpp:5190]   --->   Operation 52 'select' 'tile_size_x' <Predicate = (!icmp_ln5186)> <Delay = 0.24> <CoreInst = "Sel">   --->   Core 73 'Sel' <Latency = 0> <II = 1> <Delay = 0.24> <FuncUnit> <Opcode : 'select'> <InPorts = 3> <OutPorts = 1>
ST_2 : Operation 53 [1/1] (0.00ns)   --->   "%zext_ln5193_25 = zext i16 %tile_size_x" [/pc2/users/a/acgasm01/scratch/beniel/ops-hls-batching-tiling-artifacts/OPS/ops/hls/include/device/../../L1/include/ops_hls_datamover.hpp:5193]   --->   Operation 53 'zext' 'zext_ln5193_25' <Predicate = (!icmp_ln5186)> <Delay = 0.00>
ST_2 : Operation 54 [4/4] (0.53ns) (root node of the DSP)   --->   "%mul_ln5193 = mul i29 %zext_ln5193, i29 %zext_ln5193_25" [/pc2/users/a/acgasm01/scratch/beniel/ops-hls-batching-tiling-artifacts/OPS/ops/hls/include/device/../../L1/include/ops_hls_datamover.hpp:5193]   --->   Operation 54 'mul' 'mul_ln5193' <Predicate = (!icmp_ln5186)> <Delay = 0.53> <CoreInst = "DSP48">   --->   Core 127 'DSP48' <Latency = 3> <II = 1> <Delay = 0.53> <IPBlock> <Opcode : 'mul' 'add' 'sub' 'select'> <InPorts = 0> <OutPorts = 1> <Sync> <CReg>
ST_2 : Operation 55 [1/1] (0.00ns)   --->   "%empty_99 = wait i32 @_ssdm_op_Wait"   --->   Operation 55 'wait' 'empty_99' <Predicate = (!icmp_ln5186)> <Delay = 0.00>
ST_2 : Operation 56 [1/1] (0.38ns)   --->   "%store_ln5186 = store i16 %add_ln5186, i16 %tile_x" [/pc2/users/a/acgasm01/scratch/beniel/ops-hls-batching-tiling-artifacts/OPS/ops/hls/include/device/../../L1/include/ops_hls_datamover.hpp:5186]   --->   Operation 56 'store' 'store_ln5186' <Predicate = (!icmp_ln5186)> <Delay = 0.38>
ST_2 : Operation 57 [1/1] (0.00ns)   --->   "%ret_ln5206 = ret" [/pc2/users/a/acgasm01/scratch/beniel/ops-hls-batching-tiling-artifacts/OPS/ops/hls/include/device/../../L1/include/ops_hls_datamover.hpp:5206]   --->   Operation 57 'ret' 'ret_ln5206' <Predicate = (icmp_ln5186)> <Delay = 0.00>

State 3 <SV = 2> <Delay = 0.53>
ST_3 : Operation 58 [3/4] (0.53ns) (root node of the DSP)   --->   "%mul_ln5188 = mul i32 %zext_ln5186_4, i32 %config_effective_tile_size_x_load_cast" [/pc2/users/a/acgasm01/scratch/beniel/ops-hls-batching-tiling-artifacts/OPS/ops/hls/include/device/../../L1/include/ops_hls_datamover.hpp:5188]   --->   Operation 58 'mul' 'mul_ln5188' <Predicate = true> <Delay = 0.53> <CoreInst = "DSP48">   --->   Core 127 'DSP48' <Latency = 3> <II = 1> <Delay = 0.53> <IPBlock> <Opcode : 'mul' 'add' 'sub' 'select'> <InPorts = 0> <OutPorts = 1> <Sync> <CReg>
ST_3 : Operation 59 [3/4] (0.53ns) (root node of the DSP)   --->   "%mul_ln5193 = mul i29 %zext_ln5193, i29 %zext_ln5193_25" [/pc2/users/a/acgasm01/scratch/beniel/ops-hls-batching-tiling-artifacts/OPS/ops/hls/include/device/../../L1/include/ops_hls_datamover.hpp:5193]   --->   Operation 59 'mul' 'mul_ln5193' <Predicate = true> <Delay = 0.53> <CoreInst = "DSP48">   --->   Core 127 'DSP48' <Latency = 3> <II = 1> <Delay = 0.53> <IPBlock> <Opcode : 'mul' 'add' 'sub' 'select'> <InPorts = 0> <OutPorts = 1> <Sync> <CReg>

State 4 <SV = 3> <Delay = 0.53>
ST_4 : Operation 60 [2/4] (0.53ns) (root node of the DSP)   --->   "%mul_ln5188 = mul i32 %zext_ln5186_4, i32 %config_effective_tile_size_x_load_cast" [/pc2/users/a/acgasm01/scratch/beniel/ops-hls-batching-tiling-artifacts/OPS/ops/hls/include/device/../../L1/include/ops_hls_datamover.hpp:5188]   --->   Operation 60 'mul' 'mul_ln5188' <Predicate = true> <Delay = 0.53> <CoreInst = "DSP48">   --->   Core 127 'DSP48' <Latency = 3> <II = 1> <Delay = 0.53> <IPBlock> <Opcode : 'mul' 'add' 'sub' 'select'> <InPorts = 0> <OutPorts = 1> <Sync> <CReg>
ST_4 : Operation 61 [2/4] (0.53ns) (root node of the DSP)   --->   "%mul_ln5193 = mul i29 %zext_ln5193, i29 %zext_ln5193_25" [/pc2/users/a/acgasm01/scratch/beniel/ops-hls-batching-tiling-artifacts/OPS/ops/hls/include/device/../../L1/include/ops_hls_datamover.hpp:5193]   --->   Operation 61 'mul' 'mul_ln5193' <Predicate = true> <Delay = 0.53> <CoreInst = "DSP48">   --->   Core 127 'DSP48' <Latency = 3> <II = 1> <Delay = 0.53> <IPBlock> <Opcode : 'mul' 'add' 'sub' 'select'> <InPorts = 0> <OutPorts = 1> <Sync> <CReg>

State 5 <SV = 4> <Delay = 0.00>
ST_5 : Operation 62 [1/4] (0.00ns) (root node of the DSP)   --->   "%mul_ln5188 = mul i32 %zext_ln5186_4, i32 %config_effective_tile_size_x_load_cast" [/pc2/users/a/acgasm01/scratch/beniel/ops-hls-batching-tiling-artifacts/OPS/ops/hls/include/device/../../L1/include/ops_hls_datamover.hpp:5188]   --->   Operation 62 'mul' 'mul_ln5188' <Predicate = true> <Delay = 0.00> <CoreInst = "DSP48">   --->   Core 127 'DSP48' <Latency = 3> <II = 1> <Delay = 0.53> <IPBlock> <Opcode : 'mul' 'add' 'sub' 'select'> <InPorts = 0> <OutPorts = 1> <Sync> <CReg>
ST_5 : Operation 63 [1/4] (0.00ns) (root node of the DSP)   --->   "%mul_ln5193 = mul i29 %zext_ln5193, i29 %zext_ln5193_25" [/pc2/users/a/acgasm01/scratch/beniel/ops-hls-batching-tiling-artifacts/OPS/ops/hls/include/device/../../L1/include/ops_hls_datamover.hpp:5193]   --->   Operation 63 'mul' 'mul_ln5193' <Predicate = true> <Delay = 0.00> <CoreInst = "DSP48">   --->   Core 127 'DSP48' <Latency = 3> <II = 1> <Delay = 0.53> <IPBlock> <Opcode : 'mul' 'add' 'sub' 'select'> <InPorts = 0> <OutPorts = 1> <Sync> <CReg>

State 6 <SV = 5> <Delay = 1.71>
ST_6 : Operation 64 [1/1] (0.67ns)   --->   "%cmp2_i = icmp_ne  i16 %tile_size_x, i16 0" [/pc2/users/a/acgasm01/scratch/beniel/ops-hls-batching-tiling-artifacts/OPS/ops/hls/include/device/../../L1/include/ops_hls_datamover.hpp:5190]   --->   Operation 64 'icmp' 'cmp2_i' <Predicate = true> <Delay = 0.67> <CoreInst = "Cmp">   --->   Core 9 'Cmp' <Latency = 0> <II = 1> <Delay = 0.67> <FuncUnit> <Opcode : 'icmp'> <InPorts = 2> <OutPorts = 1>
ST_6 : Operation 65 [1/1] (0.00ns)   --->   "%zext_ln5193_17 = zext i15 %avoid_x" [/pc2/users/a/acgasm01/scratch/beniel/ops-hls-batching-tiling-artifacts/OPS/ops/hls/include/device/../../L1/include/ops_hls_datamover.hpp:5193]   --->   Operation 65 'zext' 'zext_ln5193_17' <Predicate = true> <Delay = 0.00>
ST_6 : Operation 66 [1/1] (0.00ns)   --->   "%zext_ln5193_18 = zext i16 %tile_size_x" [/pc2/users/a/acgasm01/scratch/beniel/ops-hls-batching-tiling-artifacts/OPS/ops/hls/include/device/../../L1/include/ops_hls_datamover.hpp:5193]   --->   Operation 66 'zext' 'zext_ln5193_18' <Predicate = true> <Delay = 0.00>
ST_6 : Operation 67 [1/1] (0.78ns)   --->   "%sub_ln1080 = sub i17 %zext_ln5193_18, i17 %zext_ln5193_17" [/pc2/users/a/acgasm01/scratch/beniel/ops-hls-batching-tiling-artifacts/OPS/ops/hls/include/device/../../L1/include/ops_hls_datamover.hpp:1080]   --->   Operation 67 'sub' 'sub_ln1080' <Predicate = true> <Delay = 0.78> <CoreInst = "Adder">   --->   Core 1 'Adder' <Latency = 0> <II = 1> <Delay = 0.78> <FuncUnit> <Opcode : 'add' 'sub'> <InPorts = 2> <OutPorts = 1>
ST_6 : Operation 68 [1/1] (0.00ns) (grouped into LUT with out node select_ln5193)   --->   "%trunc_ln5193 = trunc i17 %sub_ln1080" [/pc2/users/a/acgasm01/scratch/beniel/ops-hls-batching-tiling-artifacts/OPS/ops/hls/include/device/../../L1/include/ops_hls_datamover.hpp:5193]   --->   Operation 68 'trunc' 'trunc_ln5193' <Predicate = true> <Delay = 0.00>
ST_6 : Operation 69 [1/1] (0.68ns)   --->   "%icmp_ln5193 = icmp_sgt  i17 %sub_ln1080, i17 0" [/pc2/users/a/acgasm01/scratch/beniel/ops-hls-batching-tiling-artifacts/OPS/ops/hls/include/device/../../L1/include/ops_hls_datamover.hpp:5193]   --->   Operation 69 'icmp' 'icmp_ln5193' <Predicate = true> <Delay = 0.68> <CoreInst = "Cmp">   --->   Core 9 'Cmp' <Latency = 0> <II = 1> <Delay = 0.68> <FuncUnit> <Opcode : 'icmp'> <InPorts = 2> <OutPorts = 1>
ST_6 : Operation 70 [1/1] (0.00ns) (grouped into LUT with out node select_ln5193)   --->   "%select_ln1080 = select i1 %icmp_ln5193, i16 %trunc_ln5193, i16 0" [/pc2/users/a/acgasm01/scratch/beniel/ops-hls-batching-tiling-artifacts/OPS/ops/hls/include/device/../../L1/include/ops_hls_datamover.hpp:1080]   --->   Operation 70 'select' 'select_ln1080' <Predicate = true> <Delay = 0.00> <CoreInst = "Sel">   --->   Core 73 'Sel' <Latency = 0> <II = 1> <Delay = 0.24> <FuncUnit> <Opcode : 'select'> <InPorts = 3> <OutPorts = 1>
ST_6 : Operation 71 [1/1] (0.24ns) (out node of the LUT)   --->   "%select_ln5193 = select i1 %cmp2_i, i16 %select_ln1080, i16 0" [/pc2/users/a/acgasm01/scratch/beniel/ops-hls-batching-tiling-artifacts/OPS/ops/hls/include/device/../../L1/include/ops_hls_datamover.hpp:5193]   --->   Operation 71 'select' 'select_ln5193' <Predicate = true> <Delay = 0.24> <CoreInst = "Sel">   --->   Core 73 'Sel' <Latency = 0> <II = 1> <Delay = 0.24> <FuncUnit> <Opcode : 'select'> <InPorts = 3> <OutPorts = 1>
ST_6 : Operation 72 [2/2] (0.00ns)   --->   "%call_ln5193 = call void @stridedTileStream2mem2D.4_Pipeline_VITIS_LOOP_1080_1, i29 %mul_ln5193, i256 %gmem11, i16 %tile_size_x, i256 %arg1_write_mem_strm_3, i15 %avoid_x, i16 %select_ln5193, i13 %config_grid_xblocks_read, i32 %mul_ln5188, i32 %config_start_offset_read, i15 %avoid_x, i64 %mem_out_read" [/pc2/users/a/acgasm01/scratch/beniel/ops-hls-batching-tiling-artifacts/OPS/ops/hls/include/device/../../L1/include/ops_hls_datamover.hpp:5193]   --->   Operation 72 'call' 'call_ln5193' <Predicate = true> <Delay = 0.00> <CoreType = "Generic">   --->   Core 0 '' <Latency = 0> <II = 1> <Delay = 1.00> <Generic> <Opcode : >

State 7 <SV = 6> <Delay = 0.00>
ST_7 : Operation 73 [1/1] (0.00ns)   --->   "%specloopname_ln5186 = specloopname void @_ssdm_op_SpecLoopName, void @empty_0" [/pc2/users/a/acgasm01/scratch/beniel/ops-hls-batching-tiling-artifacts/OPS/ops/hls/include/device/../../L1/include/ops_hls_datamover.hpp:5186]   --->   Operation 73 'specloopname' 'specloopname_ln5186' <Predicate = true> <Delay = 0.00>
ST_7 : Operation 74 [1/2] (0.00ns)   --->   "%call_ln5193 = call void @stridedTileStream2mem2D.4_Pipeline_VITIS_LOOP_1080_1, i29 %mul_ln5193, i256 %gmem11, i16 %tile_size_x, i256 %arg1_write_mem_strm_3, i15 %avoid_x, i16 %select_ln5193, i13 %config_grid_xblocks_read, i32 %mul_ln5188, i32 %config_start_offset_read, i15 %avoid_x, i64 %mem_out_read" [/pc2/users/a/acgasm01/scratch/beniel/ops-hls-batching-tiling-artifacts/OPS/ops/hls/include/device/../../L1/include/ops_hls_datamover.hpp:5193]   --->   Operation 74 'call' 'call_ln5193' <Predicate = true> <Delay = 0.00> <CoreType = "Generic">   --->   Core 0 '' <Latency = 0> <II = 1> <Delay = 1.00> <Generic> <Opcode : >
ST_7 : Operation 75 [1/1] (0.00ns)   --->   "%br_ln5186 = br void %for.body" [/pc2/users/a/acgasm01/scratch/beniel/ops-hls-batching-tiling-artifacts/OPS/ops/hls/include/device/../../L1/include/ops_hls_datamover.hpp:5186]   --->   Operation 75 'br' 'br_ln5186' <Predicate = true> <Delay = 0.00>


============================================================
+ Verbose Summary: Timing violations
============================================================
Target clock period: 3.33ns, clock uncertainty: 0.9ns.

 <State 1>: 2ns
The critical path consists of the following:
	fifo read operation ('config_tile_count_x_read') on port 'config_tile_count_x' [26]  (1.22 ns)
	'add' operation ('sub') [39]  (0.785 ns)

 <State 2>: 1.47ns
The critical path consists of the following:
	'load' operation ('tile_x', /pc2/users/a/acgasm01/scratch/beniel/ops-hls-batching-tiling-artifacts/OPS/ops/hls/include/device/../../L1/include/ops_hls_datamover.hpp:5186) on local variable 'tile_x' [46]  (0 ns)
	'icmp' operation ('icmp_ln5190', /pc2/users/a/acgasm01/scratch/beniel/ops-hls-batching-tiling-artifacts/OPS/ops/hls/include/device/../../L1/include/ops_hls_datamover.hpp:5190) [58]  (0.687 ns)
	'select' operation ('tile_size_x', /pc2/users/a/acgasm01/scratch/beniel/ops-hls-batching-tiling-artifacts/OPS/ops/hls/include/device/../../L1/include/ops_hls_datamover.hpp:5190) [59]  (0.243 ns)
	'mul' operation of DSP[69] ('mul_ln5193', /pc2/users/a/acgasm01/scratch/beniel/ops-hls-batching-tiling-artifacts/OPS/ops/hls/include/device/../../L1/include/ops_hls_datamover.hpp:5193) [69]  (0.535 ns)

 <State 3>: 0.535ns
The critical path consists of the following:
	'mul' operation of DSP[55] ('mul_ln5188', /pc2/users/a/acgasm01/scratch/beniel/ops-hls-batching-tiling-artifacts/OPS/ops/hls/include/device/../../L1/include/ops_hls_datamover.hpp:5188) [55]  (0.535 ns)

 <State 4>: 0.535ns
The critical path consists of the following:
	'mul' operation of DSP[55] ('mul_ln5188', /pc2/users/a/acgasm01/scratch/beniel/ops-hls-batching-tiling-artifacts/OPS/ops/hls/include/device/../../L1/include/ops_hls_datamover.hpp:5188) [55]  (0.535 ns)

 <State 5>: 0ns
The critical path consists of the following:

 <State 6>: 1.72ns
The critical path consists of the following:
	'sub' operation ('sub_ln1080', /pc2/users/a/acgasm01/scratch/beniel/ops-hls-batching-tiling-artifacts/OPS/ops/hls/include/device/../../L1/include/ops_hls_datamover.hpp:1080) [63]  (0.785 ns)
	'icmp' operation ('icmp_ln5193', /pc2/users/a/acgasm01/scratch/beniel/ops-hls-batching-tiling-artifacts/OPS/ops/hls/include/device/../../L1/include/ops_hls_datamover.hpp:5193) [65]  (0.687 ns)
	'select' operation ('select_ln1080', /pc2/users/a/acgasm01/scratch/beniel/ops-hls-batching-tiling-artifacts/OPS/ops/hls/include/device/../../L1/include/ops_hls_datamover.hpp:1080) [66]  (0 ns)
	'select' operation ('select_ln5193', /pc2/users/a/acgasm01/scratch/beniel/ops-hls-batching-tiling-artifacts/OPS/ops/hls/include/device/../../L1/include/ops_hls_datamover.hpp:5193) [67]  (0.243 ns)

 <State 7>: 0ns
The critical path consists of the following:


============================================================
+ Verbose Summary: Binding
============================================================
N/A
* FSMD analyzer results:
  - Output states:
 - Input state : 
  - Chain level:
	State 1
	State 2
	State 3
	State 4
	State 5
	State 6
	State 7


============================================================
+ Verbose Summary: Datapath Resource usage 
============================================================
N/A
