Copyright 1986-2022 Xilinx, Inc. All Rights Reserved.
----------------------------------------------------------------------------------------------------------------------------------------------------------------------------------------------------------------------------------------------------------------------------------------------------------------------------------------------------------------------------------------------------------------------------------------------------------------------------------------------------------------------------------------------------------------------------------------
| Tool Version : Vivado v.2022.2 (lin64) Build 3671981 Fri Oct 14 04:59:54 MDT 2022
| Date         : Thu Aug 13 06:48:32 2026
| Host         : acclnode01 running 64-bit Ubuntu 20.04.6 LTS
| Command      : report_accelerator_utilization -kernels { datamover_outerloop_0:level0_i/ulp/datamover_outerloop_0_1/inst:datamover_outerloop_0_1 kernel_outerloop_0_0:level0_i/ulp/kernel_outerloop_inst_0_1/inst:kernel_outerloop_inst_0_1 kernel_outerloop_0_1:level0_i/ulp/kernel_outerloop_inst_0_2/inst:kernel_outerloop_inst_0_2 kernel_outerloop_0_2:level0_i/ulp/kernel_outerloop_inst_0_3/inst:kernel_outerloop_inst_0_3 repeater_outerloop_0:level0_i/ulp/repeater_outerloop_0_1/inst:repeater_outerloop_0_1} -file kernel_util_synthed.rpt -name kernel_util_synthed -json
| Design       : level0_wrapper
| Device       : xcu280
| Design State : Synthesized
----------------------------------------------------------------------------------------------------------------------------------------------------------------------------------------------------------------------------------------------------------------------------------------------------------------------------------------------------------------------------------------------------------------------------------------------------------------------------------------------------------------------------------------------------------------------------------------

Accelerator Utilization Design Information

Table of Contents
-----------------
1. System Utilization

1. System Utilization
---------------------

+------------------------------+-------------------+------------------+-------------------+----------------+---------------+----------------+
| Name                         | LUT               | LUTAsMem         | REG               | BRAM           | URAM          | DSP            |
+------------------------------+-------------------+------------------+-------------------+----------------+---------------+----------------+
| Platform                     |  164156 [ 12.59%] |  17238 [  2.87%] |  211933 [  8.13%] |  343 [ 17.01%] |   0 [  0.00%] |    4 [  0.04%] |
| User Budget                  | 1139524 [100.00%] | 583722 [100.00%] | 2395427 [100.00%] | 1673 [100.00%] | 960 [100.00%] | 9020 [100.00%] |
|    Used Resources            |  642266 [ 56.36%] |  83806 [ 14.36%] | 1035612 [ 43.23%] |  352 [ 21.04%] | 224 [ 23.33%] | 3643 [ 40.39%] |
|    Unused Resources          |  497258 [ 43.64%] | 499916 [ 85.64%] | 1359815 [ 56.77%] | 1321 [ 78.96%] | 736 [ 76.67%] | 5377 [ 59.61%] |
| datamover_outerloop_0        |   57903 [  5.08%] |  14725 [  2.52%] |   85269 [  3.56%] |  128 [  7.65%] |   0 [  0.00%] |    0 [  0.00%] |
|    datamover_outerloop_0_1   |   57903 [  5.08%] |  14725 [  2.52%] |   85269 [  3.56%] |  128 [  7.65%] |   0 [  0.00%] |    0 [  0.00%] |
| kernel_outerloop_0_0         |   86852 [  7.62%] |  11221 [  1.92%] |  143775 [  6.00%] |   32 [  1.91%] |  32 [  3.33%] |  521 [  5.78%] |
|    kernel_outerloop_inst_0_1 |   86852 [  7.62%] |  11221 [  1.92%] |  143775 [  6.00%] |   32 [  1.91%] |  32 [  3.33%] |  521 [  5.78%] |
| kernel_outerloop_0_1         |  247289 [ 21.70%] |  28930 [  4.96%] |  398019 [ 16.62%] |   96 [  5.74%] |  96 [ 10.00%] | 1561 [ 17.31%] |
|    kernel_outerloop_inst_0_2 |  247289 [ 21.70%] |  28930 [  4.96%] |  398019 [ 16.62%] |   96 [  5.74%] |  96 [ 10.00%] | 1561 [ 17.31%] |
| kernel_outerloop_0_2         |  247321 [ 21.70%] |  28930 [  4.96%] |  398017 [ 16.62%] |   96 [  5.74%] |  96 [ 10.00%] | 1561 [ 17.31%] |
|    kernel_outerloop_inst_0_3 |  247321 [ 21.70%] |  28930 [  4.96%] |  398017 [ 16.62%] |   96 [  5.74%] |  96 [ 10.00%] | 1561 [ 17.31%] |
| repeater_outerloop_0         |    2901 [  0.25%] |      0 [  0.00%] |   10532 [  0.44%] |    0 [  0.00%] |   0 [  0.00%] |    0 [  0.00%] |
|    repeater_outerloop_0_1    |    2901 [  0.25%] |      0 [  0.00%] |   10532 [  0.44%] |    0 [  0.00%] |   0 [  0.00%] |    0 [  0.00%] |
+------------------------------+-------------------+------------------+-------------------+----------------+---------------+----------------+


