

================================================================
== Vitis HLS Report for 'datamover_outerloop_0_dataflow_region_read'
================================================================
* Date:           Sun Jul 26 02:52:59 2026

* Version:        2022.1 (Build 3526262 on Mon Apr 18 15:47:01 MDT 2022)
* Project:        datamover_outerloop_0
* Solution:       solution (Vitis Kernel Flow Target)
* Product family: versal
* Target device:  xcvc1902-vsvd1760-2MP-e-S


================================================================
== Performance Estimates
================================================================
+ Timing: 
    * Summary: 
    +--------+---------+----------+------------+
    |  Clock |  Target | Estimated| Uncertainty|
    +--------+---------+----------+------------+
    |ap_clk  |  3.33 ns|  2.433 ns|     0.90 ns|
    +--------+---------+----------+------------+

+ Latency: 
    * Summary: 
    +---------+---------+----------+----------+-----+-----+----------+
    |  Latency (cycles) |  Latency (absolute) |  Interval | Pipeline |
    |   min   |   max   |    min   |    max   | min | max |   Type   |
    +---------+---------+----------+----------+-----+-----+----------+
    |        ?|        ?|         ?|         ?|    ?|    ?|  dataflow|
    +---------+---------+----------+----------+-----+-----+----------+

    + Detail: 
        * Instance: 
        N/A

        * Loop: 
        N/A

============================================================
+ Verbose Summary: Synthesis Manager
============================================================
InlineROM: 1
ExposeGlobal: 0
============================================================
+ Verbose Summary: CDFG Model
============================================================
IsTopModel: 0
ResetActiveHigh: 1
IsCombinational: 2
IsDatapathOnly: 0
HasWiredReturn: 1
HasMFsm: 0
HasVarLatency: 1
IsPipeline: 0
IsRtlPipelined: 0
IsInstanceOverlapped: 0
IsDontTouch: 0
HasImplIP: 0
IsGatedGlobalClock: 0


============================================================
+ Verbose Summary: Schedule
============================================================
* Number of FSM states : 6
* Pipeline : 0
* Dataflow Pipeline: 1
  DF-Pipeline-0: Size = 6, States = { 1 2 3 4 5 6 }

* FSM state transitions: 
1 --> 2 
2 --> 3 
3 --> 4 
4 --> 5 
5 --> 6 
6 --> 

* FSM state operations: 

State 1 <SV = 0> <Delay = 2.43>
ST_1 : Operation 7 [1/1] (0.00ns)   --->   "%arg3_read = read i64 @_ssdm_op_Read.ap_auto.i64, i64 %arg3" [/home/x_thileeb/repos/ops-hls-batching-new/codegen_apps/batching/blackscholes/vck5000_loopback_project/hls/device/src/datamover_outerloop_0.cpp:6]   --->   Operation 7 'read' 'arg3_read' <Predicate = true> <Delay = 0.00>
ST_1 : Operation 8 [1/1] (0.00ns)   --->   "%arg2_read = read i64 @_ssdm_op_Read.ap_auto.i64, i64 %arg2" [/home/x_thileeb/repos/ops-hls-batching-new/codegen_apps/batching/blackscholes/vck5000_loopback_project/hls/device/src/datamover_outerloop_0.cpp:6]   --->   Operation 8 'read' 'arg2_read' <Predicate = true> <Delay = 0.00>
ST_1 : Operation 9 [1/1] (0.00ns)   --->   "%arg1_read = read i64 @_ssdm_op_Read.ap_auto.i64, i64 %arg1" [/home/x_thileeb/repos/ops-hls-batching-new/codegen_apps/batching/blackscholes/vck5000_loopback_project/hls/device/src/datamover_outerloop_0.cpp:6]   --->   Operation 9 'read' 'arg1_read' <Predicate = true> <Delay = 0.00>
ST_1 : Operation 10 [1/1] (0.00ns)   --->   "%arg0_read = read i64 @_ssdm_op_Read.ap_auto.i64, i64 %arg0" [/home/x_thileeb/repos/ops-hls-batching-new/codegen_apps/batching/blackscholes/vck5000_loopback_project/hls/device/src/datamover_outerloop_0.cpp:6]   --->   Operation 10 'read' 'arg0_read' <Predicate = true> <Delay = 0.00>
ST_1 : Operation 11 [1/1] (0.00ns)   --->   "%p_read_3 = read i32 @_ssdm_op_Read.ap_auto.i32, i32 %p_read" [/home/x_thileeb/repos/ops-hls-batching-new/codegen_apps/batching/blackscholes/vck5000_loopback_project/hls/device/src/datamover_outerloop_0.cpp:6]   --->   Operation 11 'read' 'p_read_3' <Predicate = true> <Delay = 0.00>
ST_1 : Operation 12 [1/1] (0.00ns)   --->   "%p_read_c32 = alloca i64 1" [/home/x_thileeb/repos/ops-hls-batching-new/codegen_apps/batching/blackscholes/vck5000_loopback_project/hls/device/src/datamover_outerloop_0.cpp:6]   --->   Operation 12 'alloca' 'p_read_c32' <Predicate = true> <Delay = 0.00> <CoreInst = "FIFO_SRL">   --->   Core 85 'FIFO_SRL' <Latency = 0> <II = 1> <Delay = 0.73> <Storage> <Opcode : 'read' 'write' 'nbread' 'nbwrite'> <Ports = 0> <Width = 32> <Depth = 2> <FIFO>
ST_1 : Operation 13 [1/1] (0.00ns)   --->   "%p_read_c31 = alloca i64 1" [/home/x_thileeb/repos/ops-hls-batching-new/codegen_apps/batching/blackscholes/vck5000_loopback_project/hls/device/src/datamover_outerloop_0.cpp:6]   --->   Operation 13 'alloca' 'p_read_c31' <Predicate = true> <Delay = 0.00> <CoreInst = "FIFO_SRL">   --->   Core 85 'FIFO_SRL' <Latency = 0> <II = 1> <Delay = 0.73> <Storage> <Opcode : 'read' 'write' 'nbread' 'nbwrite'> <Ports = 0> <Width = 32> <Depth = 2> <FIFO>
ST_1 : Operation 14 [1/1] (0.00ns)   --->   "%p_read_c30 = alloca i64 1" [/home/x_thileeb/repos/ops-hls-batching-new/codegen_apps/batching/blackscholes/vck5000_loopback_project/hls/device/src/datamover_outerloop_0.cpp:6]   --->   Operation 14 'alloca' 'p_read_c30' <Predicate = true> <Delay = 0.00> <CoreInst = "FIFO_SRL">   --->   Core 85 'FIFO_SRL' <Latency = 0> <II = 1> <Delay = 0.73> <Storage> <Opcode : 'read' 'write' 'nbread' 'nbwrite'> <Ports = 0> <Width = 32> <Depth = 2> <FIFO>
ST_1 : Operation 15 [1/1] (0.00ns)   --->   "%p_read_c = alloca i64 1" [/home/x_thileeb/repos/ops-hls-batching-new/codegen_apps/batching/blackscholes/vck5000_loopback_project/hls/device/src/datamover_outerloop_0.cpp:6]   --->   Operation 15 'alloca' 'p_read_c' <Predicate = true> <Delay = 0.00> <CoreInst = "FIFO_SRL">   --->   Core 85 'FIFO_SRL' <Latency = 0> <II = 1> <Delay = 0.73> <Storage> <Opcode : 'read' 'write' 'nbread' 'nbwrite'> <Ports = 0> <Width = 32> <Depth = 2> <FIFO>
ST_1 : Operation 16 [1/1] (0.00ns)   --->   "%num_pkts_c29 = alloca i64 1" [/home/x_thileeb/repos/ops-hls-batching-new/codegen_apps/batching/blackscholes/vck5000_loopback_project/hls/device/src/datamover_outerloop_0.cpp:6]   --->   Operation 16 'alloca' 'num_pkts_c29' <Predicate = true> <Delay = 0.00> <CoreInst = "FIFO_SRL">   --->   Core 85 'FIFO_SRL' <Latency = 0> <II = 1> <Delay = 0.84> <Storage> <Opcode : 'read' 'write' 'nbread' 'nbwrite'> <Ports = 0> <Width = 32> <Depth = 4> <FIFO>
ST_1 : Operation 17 [1/1] (0.00ns)   --->   "%num_pkts_c28 = alloca i64 1" [/home/x_thileeb/repos/ops-hls-batching-new/codegen_apps/batching/blackscholes/vck5000_loopback_project/hls/device/src/datamover_outerloop_0.cpp:6]   --->   Operation 17 'alloca' 'num_pkts_c28' <Predicate = true> <Delay = 0.00> <CoreInst = "FIFO_SRL">   --->   Core 85 'FIFO_SRL' <Latency = 0> <II = 1> <Delay = 0.84> <Storage> <Opcode : 'read' 'write' 'nbread' 'nbwrite'> <Ports = 0> <Width = 32> <Depth = 4> <FIFO>
ST_1 : Operation 18 [1/1] (0.00ns)   --->   "%num_pkts_c27 = alloca i64 1" [/home/x_thileeb/repos/ops-hls-batching-new/codegen_apps/batching/blackscholes/vck5000_loopback_project/hls/device/src/datamover_outerloop_0.cpp:6]   --->   Operation 18 'alloca' 'num_pkts_c27' <Predicate = true> <Delay = 0.00> <CoreInst = "FIFO_SRL">   --->   Core 85 'FIFO_SRL' <Latency = 0> <II = 1> <Delay = 0.84> <Storage> <Opcode : 'read' 'write' 'nbread' 'nbwrite'> <Ports = 0> <Width = 32> <Depth = 4> <FIFO>
ST_1 : Operation 19 [1/1] (0.00ns)   --->   "%num_pkts_c = alloca i64 1" [/home/x_thileeb/repos/ops-hls-batching-new/codegen_apps/batching/blackscholes/vck5000_loopback_project/hls/device/src/datamover_outerloop_0.cpp:6]   --->   Operation 19 'alloca' 'num_pkts_c' <Predicate = true> <Delay = 0.00> <CoreInst = "FIFO_SRL">   --->   Core 85 'FIFO_SRL' <Latency = 0> <II = 1> <Delay = 0.84> <Storage> <Opcode : 'read' 'write' 'nbread' 'nbwrite'> <Ports = 0> <Width = 32> <Depth = 4> <FIFO>
ST_1 : Operation 20 [2/2] (2.43ns)   --->   "%call_ln41 = call void @mem2stream<512u, 32u, 2u>, i512 %gmem0, i64 %arg0_read, i32 %p_read_3, i32 %p_read_c32, i512 %arg0_read_mem_strm" [/home/x_thileeb/repos/ops-hls-batching-new/codegen_apps/batching/blackscholes/vck5000_loopback_project/hls/device/src/datamover_outerloop_0.cpp:41]   --->   Operation 20 'call' 'call_ln41' <Predicate = true> <Delay = 2.43> <CoreType = "Generic">   --->   Core 0 '' <Latency = 0> <II = 1> <Delay = 1.00> <Generic> <Opcode : >
ST_1 : Operation 21 [2/2] (2.43ns)   --->   "%call_ln42 = call void @mem2stream<512u, 32u, 2u>.1, i512 %gmem1, i64 %arg1_read, i32 %p_read_3, i32 %p_read_c31, i512 %arg1_read_mem_strm" [/home/x_thileeb/repos/ops-hls-batching-new/codegen_apps/batching/blackscholes/vck5000_loopback_project/hls/device/src/datamover_outerloop_0.cpp:42]   --->   Operation 21 'call' 'call_ln42' <Predicate = true> <Delay = 2.43> <CoreType = "Generic">   --->   Core 0 '' <Latency = 0> <II = 1> <Delay = 1.00> <Generic> <Opcode : >
ST_1 : Operation 22 [2/2] (2.43ns)   --->   "%call_ln43 = call void @mem2stream<512u, 32u, 2u>.2, i512 %gmem2, i64 %arg2_read, i32 %p_read_3, i32 %p_read_c30, i512 %arg2_read_mem_strm" [/home/x_thileeb/repos/ops-hls-batching-new/codegen_apps/batching/blackscholes/vck5000_loopback_project/hls/device/src/datamover_outerloop_0.cpp:43]   --->   Operation 22 'call' 'call_ln43' <Predicate = true> <Delay = 2.43> <CoreType = "Generic">   --->   Core 0 '' <Latency = 0> <II = 1> <Delay = 1.00> <Generic> <Opcode : >
ST_1 : Operation 23 [2/2] (2.43ns)   --->   "%call_ln44 = call void @mem2stream<512u, 32u, 2u>.3, i512 %gmem3, i64 %arg3_read, i32 %p_read_3, i32 %p_read_c, i512 %arg3_read_mem_strm" [/home/x_thileeb/repos/ops-hls-batching-new/codegen_apps/batching/blackscholes/vck5000_loopback_project/hls/device/src/datamover_outerloop_0.cpp:44]   --->   Operation 23 'call' 'call_ln44' <Predicate = true> <Delay = 2.43> <CoreType = "Generic">   --->   Core 0 '' <Latency = 0> <II = 1> <Delay = 1.00> <Generic> <Opcode : >

State 2 <SV = 1> <Delay = 0.00>
ST_2 : Operation 24 [1/2] (0.00ns)   --->   "%call_ln41 = call void @mem2stream<512u, 32u, 2u>, i512 %gmem0, i64 %arg0_read, i32 %p_read_3, i32 %p_read_c32, i512 %arg0_read_mem_strm" [/home/x_thileeb/repos/ops-hls-batching-new/codegen_apps/batching/blackscholes/vck5000_loopback_project/hls/device/src/datamover_outerloop_0.cpp:41]   --->   Operation 24 'call' 'call_ln41' <Predicate = true> <Delay = 0.00> <CoreType = "Generic">   --->   Core 0 '' <Latency = 0> <II = 1> <Delay = 1.00> <Generic> <Opcode : >
ST_2 : Operation 25 [1/2] (0.00ns)   --->   "%call_ln42 = call void @mem2stream<512u, 32u, 2u>.1, i512 %gmem1, i64 %arg1_read, i32 %p_read_3, i32 %p_read_c31, i512 %arg1_read_mem_strm" [/home/x_thileeb/repos/ops-hls-batching-new/codegen_apps/batching/blackscholes/vck5000_loopback_project/hls/device/src/datamover_outerloop_0.cpp:42]   --->   Operation 25 'call' 'call_ln42' <Predicate = true> <Delay = 0.00> <CoreType = "Generic">   --->   Core 0 '' <Latency = 0> <II = 1> <Delay = 1.00> <Generic> <Opcode : >
ST_2 : Operation 26 [1/2] (0.00ns)   --->   "%call_ln43 = call void @mem2stream<512u, 32u, 2u>.2, i512 %gmem2, i64 %arg2_read, i32 %p_read_3, i32 %p_read_c30, i512 %arg2_read_mem_strm" [/home/x_thileeb/repos/ops-hls-batching-new/codegen_apps/batching/blackscholes/vck5000_loopback_project/hls/device/src/datamover_outerloop_0.cpp:43]   --->   Operation 26 'call' 'call_ln43' <Predicate = true> <Delay = 0.00> <CoreType = "Generic">   --->   Core 0 '' <Latency = 0> <II = 1> <Delay = 1.00> <Generic> <Opcode : >
ST_2 : Operation 27 [1/2] (0.00ns)   --->   "%call_ln44 = call void @mem2stream<512u, 32u, 2u>.3, i512 %gmem3, i64 %arg3_read, i32 %p_read_3, i32 %p_read_c, i512 %arg3_read_mem_strm" [/home/x_thileeb/repos/ops-hls-batching-new/codegen_apps/batching/blackscholes/vck5000_loopback_project/hls/device/src/datamover_outerloop_0.cpp:44]   --->   Operation 27 'call' 'call_ln44' <Predicate = true> <Delay = 0.00> <CoreType = "Generic">   --->   Core 0 '' <Latency = 0> <II = 1> <Delay = 1.00> <Generic> <Opcode : >

State 3 <SV = 2> <Delay = 0.00>
ST_3 : Operation 28 [2/2] (0.00ns)   --->   "%call_ln46 = call void @stream2streamStepdown<512u, 256u>, i32 %p_read_c32, i256 %arg0_read_reduced_mem_strm, i512 %arg0_read_mem_strm" [/home/x_thileeb/repos/ops-hls-batching-new/codegen_apps/batching/blackscholes/vck5000_loopback_project/hls/device/src/datamover_outerloop_0.cpp:46]   --->   Operation 28 'call' 'call_ln46' <Predicate = true> <Delay = 0.00> <CoreType = "Generic">   --->   Core 0 '' <Latency = 0> <II = 1> <Delay = 1.00> <Generic> <Opcode : >
ST_3 : Operation 29 [2/2] (0.00ns)   --->   "%call_ln47 = call void @stream2streamStepdown<512u, 256u>.4, i32 %p_read_c31, i256 %arg1_read_reduced_mem_strm, i512 %arg1_read_mem_strm" [/home/x_thileeb/repos/ops-hls-batching-new/codegen_apps/batching/blackscholes/vck5000_loopback_project/hls/device/src/datamover_outerloop_0.cpp:47]   --->   Operation 29 'call' 'call_ln47' <Predicate = true> <Delay = 0.00> <CoreType = "Generic">   --->   Core 0 '' <Latency = 0> <II = 1> <Delay = 1.00> <Generic> <Opcode : >
ST_3 : Operation 30 [2/2] (0.00ns)   --->   "%call_ln48 = call void @stream2streamStepdown<512u, 256u>.5, i32 %p_read_c30, i256 %arg2_read_reduced_mem_strm, i512 %arg2_read_mem_strm" [/home/x_thileeb/repos/ops-hls-batching-new/codegen_apps/batching/blackscholes/vck5000_loopback_project/hls/device/src/datamover_outerloop_0.cpp:48]   --->   Operation 30 'call' 'call_ln48' <Predicate = true> <Delay = 0.00> <CoreType = "Generic">   --->   Core 0 '' <Latency = 0> <II = 1> <Delay = 1.00> <Generic> <Opcode : >
ST_3 : Operation 31 [2/2] (0.00ns)   --->   "%call_ln49 = call void @stream2streamStepdown<512u, 256u>.6, i32 %p_read_c, i256 %arg3_read_reduced_mem_strm, i512 %arg3_read_mem_strm" [/home/x_thileeb/repos/ops-hls-batching-new/codegen_apps/batching/blackscholes/vck5000_loopback_project/hls/device/src/datamover_outerloop_0.cpp:49]   --->   Operation 31 'call' 'call_ln49' <Predicate = true> <Delay = 0.00> <CoreType = "Generic">   --->   Core 0 '' <Latency = 0> <II = 1> <Delay = 1.00> <Generic> <Opcode : >

State 4 <SV = 3> <Delay = 0.84>
ST_4 : Operation 32 [1/1] (0.00ns)   --->   "%num_pkts_read = read i32 @_ssdm_op_Read.ap_auto.i32, i32 %num_pkts" [/home/x_thileeb/repos/ops-hls-batching-new/codegen_apps/batching/blackscholes/vck5000_loopback_project/hls/device/src/datamover_outerloop_0.cpp:6]   --->   Operation 32 'read' 'num_pkts_read' <Predicate = true> <Delay = 0.00>
ST_4 : Operation 33 [1/1] (0.84ns)   --->   "%call_ln6 = call void @entry_proc3, i32 %num_pkts_read, i32 %num_pkts_c, i32 %num_pkts_c27, i32 %num_pkts_c28, i32 %num_pkts_c29" [/home/x_thileeb/repos/ops-hls-batching-new/codegen_apps/batching/blackscholes/vck5000_loopback_project/hls/device/src/datamover_outerloop_0.cpp:6]   --->   Operation 33 'call' 'call_ln6' <Predicate = true> <Delay = 0.84> <CoreType = "Generic">   --->   Core 0 '' <Latency = 0> <II = 1> <Delay = 1.00> <Generic> <Opcode : >
ST_4 : Operation 34 [1/2] (0.00ns)   --->   "%call_ln46 = call void @stream2streamStepdown<512u, 256u>, i32 %p_read_c32, i256 %arg0_read_reduced_mem_strm, i512 %arg0_read_mem_strm" [/home/x_thileeb/repos/ops-hls-batching-new/codegen_apps/batching/blackscholes/vck5000_loopback_project/hls/device/src/datamover_outerloop_0.cpp:46]   --->   Operation 34 'call' 'call_ln46' <Predicate = true> <Delay = 0.00> <CoreType = "Generic">   --->   Core 0 '' <Latency = 0> <II = 1> <Delay = 1.00> <Generic> <Opcode : >
ST_4 : Operation 35 [1/2] (0.00ns)   --->   "%call_ln47 = call void @stream2streamStepdown<512u, 256u>.4, i32 %p_read_c31, i256 %arg1_read_reduced_mem_strm, i512 %arg1_read_mem_strm" [/home/x_thileeb/repos/ops-hls-batching-new/codegen_apps/batching/blackscholes/vck5000_loopback_project/hls/device/src/datamover_outerloop_0.cpp:47]   --->   Operation 35 'call' 'call_ln47' <Predicate = true> <Delay = 0.00> <CoreType = "Generic">   --->   Core 0 '' <Latency = 0> <II = 1> <Delay = 1.00> <Generic> <Opcode : >
ST_4 : Operation 36 [1/2] (0.00ns)   --->   "%call_ln48 = call void @stream2streamStepdown<512u, 256u>.5, i32 %p_read_c30, i256 %arg2_read_reduced_mem_strm, i512 %arg2_read_mem_strm" [/home/x_thileeb/repos/ops-hls-batching-new/codegen_apps/batching/blackscholes/vck5000_loopback_project/hls/device/src/datamover_outerloop_0.cpp:48]   --->   Operation 36 'call' 'call_ln48' <Predicate = true> <Delay = 0.00> <CoreType = "Generic">   --->   Core 0 '' <Latency = 0> <II = 1> <Delay = 1.00> <Generic> <Opcode : >
ST_4 : Operation 37 [1/2] (0.00ns)   --->   "%call_ln49 = call void @stream2streamStepdown<512u, 256u>.6, i32 %p_read_c, i256 %arg3_read_reduced_mem_strm, i512 %arg3_read_mem_strm" [/home/x_thileeb/repos/ops-hls-batching-new/codegen_apps/batching/blackscholes/vck5000_loopback_project/hls/device/src/datamover_outerloop_0.cpp:49]   --->   Operation 37 'call' 'call_ln49' <Predicate = true> <Delay = 0.00> <CoreType = "Generic">   --->   Core 0 '' <Latency = 0> <II = 1> <Delay = 1.00> <Generic> <Opcode : >

State 5 <SV = 4> <Delay = 0.00>
ST_5 : Operation 38 [2/2] (0.00ns)   --->   "%call_ln50 = call void @stream2axis<256u>, i256 %arg0_axis_out_V_data_V, i32 %arg0_axis_out_V_keep_V, i32 %arg0_axis_out_V_strb_V, i1 %arg0_axis_out_V_last_V, i32 %num_pkts_c29, i256 %arg0_read_reduced_mem_strm" [/home/x_thileeb/repos/ops-hls-batching-new/codegen_apps/batching/blackscholes/vck5000_loopback_project/hls/device/src/datamover_outerloop_0.cpp:50]   --->   Operation 38 'call' 'call_ln50' <Predicate = true> <Delay = 0.00> <CoreType = "Generic">   --->   Core 0 '' <Latency = 0> <II = 1> <Delay = 1.00> <Generic> <Opcode : >
ST_5 : Operation 39 [2/2] (0.00ns)   --->   "%call_ln51 = call void @stream2axis<256u>.7, i256 %arg1_axis_out_V_data_V, i32 %arg1_axis_out_V_keep_V, i32 %arg1_axis_out_V_strb_V, i1 %arg1_axis_out_V_last_V, i32 %num_pkts_c28, i256 %arg1_read_reduced_mem_strm" [/home/x_thileeb/repos/ops-hls-batching-new/codegen_apps/batching/blackscholes/vck5000_loopback_project/hls/device/src/datamover_outerloop_0.cpp:51]   --->   Operation 39 'call' 'call_ln51' <Predicate = true> <Delay = 0.00> <CoreType = "Generic">   --->   Core 0 '' <Latency = 0> <II = 1> <Delay = 1.00> <Generic> <Opcode : >
ST_5 : Operation 40 [2/2] (0.00ns)   --->   "%call_ln52 = call void @stream2axis<256u>.8, i256 %arg2_axis_out_V_data_V, i32 %arg2_axis_out_V_keep_V, i32 %arg2_axis_out_V_strb_V, i1 %arg2_axis_out_V_last_V, i32 %num_pkts_c27, i256 %arg2_read_reduced_mem_strm" [/home/x_thileeb/repos/ops-hls-batching-new/codegen_apps/batching/blackscholes/vck5000_loopback_project/hls/device/src/datamover_outerloop_0.cpp:52]   --->   Operation 40 'call' 'call_ln52' <Predicate = true> <Delay = 0.00> <CoreType = "Generic">   --->   Core 0 '' <Latency = 0> <II = 1> <Delay = 1.00> <Generic> <Opcode : >
ST_5 : Operation 41 [2/2] (0.00ns)   --->   "%call_ln53 = call void @stream2axis<256u>.9, i256 %arg3_axis_out_V_data_V, i32 %arg3_axis_out_V_keep_V, i32 %arg3_axis_out_V_strb_V, i1 %arg3_axis_out_V_last_V, i32 %num_pkts_c, i256 %arg3_read_reduced_mem_strm" [/home/x_thileeb/repos/ops-hls-batching-new/codegen_apps/batching/blackscholes/vck5000_loopback_project/hls/device/src/datamover_outerloop_0.cpp:53]   --->   Operation 41 'call' 'call_ln53' <Predicate = true> <Delay = 0.00> <CoreType = "Generic">   --->   Core 0 '' <Latency = 0> <II = 1> <Delay = 1.00> <Generic> <Opcode : >

State 6 <SV = 5> <Delay = 0.00>
ST_6 : Operation 42 [1/1] (0.00ns)   --->   "%specinterface_ln0 = specinterface void @_ssdm_op_SpecInterface, i256 %arg3_read_reduced_mem_strm, void @empty_9, i32 0, i32 0, void @empty_14, i32 0, i32 0, void @empty_14, void @empty_14, void @empty_14, i32 0, i32 0, i32 0, i32 0, void @empty_14, void @empty_14, i32 4294967295, i32 0"   --->   Operation 42 'specinterface' 'specinterface_ln0' <Predicate = true> <Delay = 0.00>
ST_6 : Operation 43 [1/1] (0.00ns)   --->   "%specinterface_ln0 = specinterface void @_ssdm_op_SpecInterface, i256 %arg2_read_reduced_mem_strm, void @empty_9, i32 0, i32 0, void @empty_14, i32 0, i32 0, void @empty_14, void @empty_14, void @empty_14, i32 0, i32 0, i32 0, i32 0, void @empty_14, void @empty_14, i32 4294967295, i32 0"   --->   Operation 43 'specinterface' 'specinterface_ln0' <Predicate = true> <Delay = 0.00>
ST_6 : Operation 44 [1/1] (0.00ns)   --->   "%specinterface_ln0 = specinterface void @_ssdm_op_SpecInterface, i256 %arg1_read_reduced_mem_strm, void @empty_9, i32 0, i32 0, void @empty_14, i32 0, i32 0, void @empty_14, void @empty_14, void @empty_14, i32 0, i32 0, i32 0, i32 0, void @empty_14, void @empty_14, i32 4294967295, i32 0"   --->   Operation 44 'specinterface' 'specinterface_ln0' <Predicate = true> <Delay = 0.00>
ST_6 : Operation 45 [1/1] (0.00ns)   --->   "%specinterface_ln0 = specinterface void @_ssdm_op_SpecInterface, i256 %arg0_read_reduced_mem_strm, void @empty_9, i32 0, i32 0, void @empty_14, i32 0, i32 0, void @empty_14, void @empty_14, void @empty_14, i32 0, i32 0, i32 0, i32 0, void @empty_14, void @empty_14, i32 4294967295, i32 0"   --->   Operation 45 'specinterface' 'specinterface_ln0' <Predicate = true> <Delay = 0.00>
ST_6 : Operation 46 [1/1] (0.00ns)   --->   "%specinterface_ln0 = specinterface void @_ssdm_op_SpecInterface, i512 %arg3_read_mem_strm, void @empty_9, i32 0, i32 0, void @empty_14, i32 0, i32 0, void @empty_14, void @empty_14, void @empty_14, i32 0, i32 0, i32 0, i32 0, void @empty_14, void @empty_14, i32 4294967295, i32 0"   --->   Operation 46 'specinterface' 'specinterface_ln0' <Predicate = true> <Delay = 0.00>
ST_6 : Operation 47 [1/1] (0.00ns)   --->   "%specinterface_ln0 = specinterface void @_ssdm_op_SpecInterface, i512 %arg2_read_mem_strm, void @empty_9, i32 0, i32 0, void @empty_14, i32 0, i32 0, void @empty_14, void @empty_14, void @empty_14, i32 0, i32 0, i32 0, i32 0, void @empty_14, void @empty_14, i32 4294967295, i32 0"   --->   Operation 47 'specinterface' 'specinterface_ln0' <Predicate = true> <Delay = 0.00>
ST_6 : Operation 48 [1/1] (0.00ns)   --->   "%specinterface_ln0 = specinterface void @_ssdm_op_SpecInterface, i512 %arg1_read_mem_strm, void @empty_9, i32 0, i32 0, void @empty_14, i32 0, i32 0, void @empty_14, void @empty_14, void @empty_14, i32 0, i32 0, i32 0, i32 0, void @empty_14, void @empty_14, i32 4294967295, i32 0"   --->   Operation 48 'specinterface' 'specinterface_ln0' <Predicate = true> <Delay = 0.00>
ST_6 : Operation 49 [1/1] (0.00ns)   --->   "%specinterface_ln0 = specinterface void @_ssdm_op_SpecInterface, i512 %arg0_read_mem_strm, void @empty_9, i32 0, i32 0, void @empty_14, i32 0, i32 0, void @empty_14, void @empty_14, void @empty_14, i32 0, i32 0, i32 0, i32 0, void @empty_14, void @empty_14, i32 4294967295, i32 0"   --->   Operation 49 'specinterface' 'specinterface_ln0' <Predicate = true> <Delay = 0.00>
ST_6 : Operation 50 [1/1] (0.00ns)   --->   "%empty = specchannel i32 @_ssdm_op_SpecChannel, void @arg0_read_mem_strm_str, i32 1, void @p_str, void @p_str, i32 2, i32 2, i512 %arg0_read_mem_strm, i512 %arg0_read_mem_strm"   --->   Operation 50 'specchannel' 'empty' <Predicate = true> <Delay = 0.00>
ST_6 : Operation 51 [1/1] (0.00ns)   --->   "%empty_119 = specchannel i32 @_ssdm_op_SpecChannel, void @arg0_read_reduced_mem_strm_str, i32 1, void @p_str, void @p_str, i32 2, i32 2, i256 %arg0_read_reduced_mem_strm, i256 %arg0_read_reduced_mem_strm"   --->   Operation 51 'specchannel' 'empty_119' <Predicate = true> <Delay = 0.00>
ST_6 : Operation 52 [1/1] (0.00ns)   --->   "%empty_120 = specchannel i32 @_ssdm_op_SpecChannel, void @arg1_read_mem_strm_str, i32 1, void @p_str, void @p_str, i32 2, i32 2, i512 %arg1_read_mem_strm, i512 %arg1_read_mem_strm"   --->   Operation 52 'specchannel' 'empty_120' <Predicate = true> <Delay = 0.00>
ST_6 : Operation 53 [1/1] (0.00ns)   --->   "%empty_121 = specchannel i32 @_ssdm_op_SpecChannel, void @arg1_read_reduced_mem_strm_str, i32 1, void @p_str, void @p_str, i32 2, i32 2, i256 %arg1_read_reduced_mem_strm, i256 %arg1_read_reduced_mem_strm"   --->   Operation 53 'specchannel' 'empty_121' <Predicate = true> <Delay = 0.00>
ST_6 : Operation 54 [1/1] (0.00ns)   --->   "%empty_122 = specchannel i32 @_ssdm_op_SpecChannel, void @arg2_read_mem_strm_str, i32 1, void @p_str, void @p_str, i32 2, i32 2, i512 %arg2_read_mem_strm, i512 %arg2_read_mem_strm"   --->   Operation 54 'specchannel' 'empty_122' <Predicate = true> <Delay = 0.00>
ST_6 : Operation 55 [1/1] (0.00ns)   --->   "%empty_123 = specchannel i32 @_ssdm_op_SpecChannel, void @arg2_read_reduced_mem_strm_str, i32 1, void @p_str, void @p_str, i32 2, i32 2, i256 %arg2_read_reduced_mem_strm, i256 %arg2_read_reduced_mem_strm"   --->   Operation 55 'specchannel' 'empty_123' <Predicate = true> <Delay = 0.00>
ST_6 : Operation 56 [1/1] (0.00ns)   --->   "%empty_124 = specchannel i32 @_ssdm_op_SpecChannel, void @arg3_read_mem_strm_str, i32 1, void @p_str, void @p_str, i32 2, i32 2, i512 %arg3_read_mem_strm, i512 %arg3_read_mem_strm"   --->   Operation 56 'specchannel' 'empty_124' <Predicate = true> <Delay = 0.00>
ST_6 : Operation 57 [1/1] (0.00ns)   --->   "%empty_125 = specchannel i32 @_ssdm_op_SpecChannel, void @arg3_read_reduced_mem_strm_str, i32 1, void @p_str, void @p_str, i32 2, i32 2, i256 %arg3_read_reduced_mem_strm, i256 %arg3_read_reduced_mem_strm"   --->   Operation 57 'specchannel' 'empty_125' <Predicate = true> <Delay = 0.00>
ST_6 : Operation 58 [1/1] (0.00ns)   --->   "%empty_126 = specchannel i32 @_ssdm_op_SpecChannel, void @p_OC_read_c32_str, i32 1, void @p_str, void @p_str, i32 2, i32 0, i32 %p_read_c32, i32 %p_read_c32" [/home/x_thileeb/repos/ops-hls-batching-new/codegen_apps/batching/blackscholes/vck5000_loopback_project/hls/device/src/datamover_outerloop_0.cpp:6]   --->   Operation 58 'specchannel' 'empty_126' <Predicate = true> <Delay = 0.00>
ST_6 : Operation 59 [1/1] (0.00ns)   --->   "%specinterface_ln6 = specinterface void @_ssdm_op_SpecInterface, i32 %p_read_c32, void @ap_fifo_str, i32 0, i32 0, void @p_str, i32 0, i32 0, void @p_str, void @p_str, void @p_str, i32 2, i32 2, i32 16, i32 16, void @p_str, void @p_str, i32 4294967295, i32 0" [/home/x_thileeb/repos/ops-hls-batching-new/codegen_apps/batching/blackscholes/vck5000_loopback_project/hls/device/src/datamover_outerloop_0.cpp:6]   --->   Operation 59 'specinterface' 'specinterface_ln6' <Predicate = true> <Delay = 0.00>
ST_6 : Operation 60 [1/1] (0.00ns)   --->   "%empty_127 = specchannel i32 @_ssdm_op_SpecChannel, void @p_OC_read_c31_str, i32 1, void @p_str, void @p_str, i32 2, i32 0, i32 %p_read_c31, i32 %p_read_c31" [/home/x_thileeb/repos/ops-hls-batching-new/codegen_apps/batching/blackscholes/vck5000_loopback_project/hls/device/src/datamover_outerloop_0.cpp:6]   --->   Operation 60 'specchannel' 'empty_127' <Predicate = true> <Delay = 0.00>
ST_6 : Operation 61 [1/1] (0.00ns)   --->   "%specinterface_ln6 = specinterface void @_ssdm_op_SpecInterface, i32 %p_read_c31, void @ap_fifo_str, i32 0, i32 0, void @p_str, i32 0, i32 0, void @p_str, void @p_str, void @p_str, i32 2, i32 2, i32 16, i32 16, void @p_str, void @p_str, i32 4294967295, i32 0" [/home/x_thileeb/repos/ops-hls-batching-new/codegen_apps/batching/blackscholes/vck5000_loopback_project/hls/device/src/datamover_outerloop_0.cpp:6]   --->   Operation 61 'specinterface' 'specinterface_ln6' <Predicate = true> <Delay = 0.00>
ST_6 : Operation 62 [1/1] (0.00ns)   --->   "%empty_128 = specchannel i32 @_ssdm_op_SpecChannel, void @p_OC_read_c30_str, i32 1, void @p_str, void @p_str, i32 2, i32 0, i32 %p_read_c30, i32 %p_read_c30" [/home/x_thileeb/repos/ops-hls-batching-new/codegen_apps/batching/blackscholes/vck5000_loopback_project/hls/device/src/datamover_outerloop_0.cpp:6]   --->   Operation 62 'specchannel' 'empty_128' <Predicate = true> <Delay = 0.00>
ST_6 : Operation 63 [1/1] (0.00ns)   --->   "%specinterface_ln6 = specinterface void @_ssdm_op_SpecInterface, i32 %p_read_c30, void @ap_fifo_str, i32 0, i32 0, void @p_str, i32 0, i32 0, void @p_str, void @p_str, void @p_str, i32 2, i32 2, i32 16, i32 16, void @p_str, void @p_str, i32 4294967295, i32 0" [/home/x_thileeb/repos/ops-hls-batching-new/codegen_apps/batching/blackscholes/vck5000_loopback_project/hls/device/src/datamover_outerloop_0.cpp:6]   --->   Operation 63 'specinterface' 'specinterface_ln6' <Predicate = true> <Delay = 0.00>
ST_6 : Operation 64 [1/1] (0.00ns)   --->   "%empty_129 = specchannel i32 @_ssdm_op_SpecChannel, void @p_OC_read_c_str, i32 1, void @p_str, void @p_str, i32 2, i32 0, i32 %p_read_c, i32 %p_read_c" [/home/x_thileeb/repos/ops-hls-batching-new/codegen_apps/batching/blackscholes/vck5000_loopback_project/hls/device/src/datamover_outerloop_0.cpp:6]   --->   Operation 64 'specchannel' 'empty_129' <Predicate = true> <Delay = 0.00>
ST_6 : Operation 65 [1/1] (0.00ns)   --->   "%specinterface_ln6 = specinterface void @_ssdm_op_SpecInterface, i32 %p_read_c, void @ap_fifo_str, i32 0, i32 0, void @p_str, i32 0, i32 0, void @p_str, void @p_str, void @p_str, i32 2, i32 2, i32 16, i32 16, void @p_str, void @p_str, i32 4294967295, i32 0" [/home/x_thileeb/repos/ops-hls-batching-new/codegen_apps/batching/blackscholes/vck5000_loopback_project/hls/device/src/datamover_outerloop_0.cpp:6]   --->   Operation 65 'specinterface' 'specinterface_ln6' <Predicate = true> <Delay = 0.00>
ST_6 : Operation 66 [1/1] (0.00ns)   --->   "%empty_130 = specchannel i32 @_ssdm_op_SpecChannel, void @num_pkts_c29_str, i32 1, void @p_str, void @p_str, i32 4, i32 0, i32 %num_pkts_c29, i32 %num_pkts_c29" [/home/x_thileeb/repos/ops-hls-batching-new/codegen_apps/batching/blackscholes/vck5000_loopback_project/hls/device/src/datamover_outerloop_0.cpp:6]   --->   Operation 66 'specchannel' 'empty_130' <Predicate = true> <Delay = 0.00>
ST_6 : Operation 67 [1/1] (0.00ns)   --->   "%specinterface_ln6 = specinterface void @_ssdm_op_SpecInterface, i32 %num_pkts_c29, void @ap_fifo_str, i32 0, i32 0, void @p_str, i32 0, i32 0, void @p_str, void @p_str, void @p_str, i32 2, i32 2, i32 16, i32 16, void @p_str, void @p_str, i32 4294967295, i32 0" [/home/x_thileeb/repos/ops-hls-batching-new/codegen_apps/batching/blackscholes/vck5000_loopback_project/hls/device/src/datamover_outerloop_0.cpp:6]   --->   Operation 67 'specinterface' 'specinterface_ln6' <Predicate = true> <Delay = 0.00>
ST_6 : Operation 68 [1/1] (0.00ns)   --->   "%empty_131 = specchannel i32 @_ssdm_op_SpecChannel, void @num_pkts_c28_str, i32 1, void @p_str, void @p_str, i32 4, i32 0, i32 %num_pkts_c28, i32 %num_pkts_c28" [/home/x_thileeb/repos/ops-hls-batching-new/codegen_apps/batching/blackscholes/vck5000_loopback_project/hls/device/src/datamover_outerloop_0.cpp:6]   --->   Operation 68 'specchannel' 'empty_131' <Predicate = true> <Delay = 0.00>
ST_6 : Operation 69 [1/1] (0.00ns)   --->   "%specinterface_ln6 = specinterface void @_ssdm_op_SpecInterface, i32 %num_pkts_c28, void @ap_fifo_str, i32 0, i32 0, void @p_str, i32 0, i32 0, void @p_str, void @p_str, void @p_str, i32 2, i32 2, i32 16, i32 16, void @p_str, void @p_str, i32 4294967295, i32 0" [/home/x_thileeb/repos/ops-hls-batching-new/codegen_apps/batching/blackscholes/vck5000_loopback_project/hls/device/src/datamover_outerloop_0.cpp:6]   --->   Operation 69 'specinterface' 'specinterface_ln6' <Predicate = true> <Delay = 0.00>
ST_6 : Operation 70 [1/1] (0.00ns)   --->   "%empty_132 = specchannel i32 @_ssdm_op_SpecChannel, void @num_pkts_c27_str, i32 1, void @p_str, void @p_str, i32 4, i32 0, i32 %num_pkts_c27, i32 %num_pkts_c27" [/home/x_thileeb/repos/ops-hls-batching-new/codegen_apps/batching/blackscholes/vck5000_loopback_project/hls/device/src/datamover_outerloop_0.cpp:6]   --->   Operation 70 'specchannel' 'empty_132' <Predicate = true> <Delay = 0.00>
ST_6 : Operation 71 [1/1] (0.00ns)   --->   "%specinterface_ln6 = specinterface void @_ssdm_op_SpecInterface, i32 %num_pkts_c27, void @ap_fifo_str, i32 0, i32 0, void @p_str, i32 0, i32 0, void @p_str, void @p_str, void @p_str, i32 2, i32 2, i32 16, i32 16, void @p_str, void @p_str, i32 4294967295, i32 0" [/home/x_thileeb/repos/ops-hls-batching-new/codegen_apps/batching/blackscholes/vck5000_loopback_project/hls/device/src/datamover_outerloop_0.cpp:6]   --->   Operation 71 'specinterface' 'specinterface_ln6' <Predicate = true> <Delay = 0.00>
ST_6 : Operation 72 [1/1] (0.00ns)   --->   "%empty_133 = specchannel i32 @_ssdm_op_SpecChannel, void @num_pkts_c_str, i32 1, void @p_str, void @p_str, i32 4, i32 0, i32 %num_pkts_c, i32 %num_pkts_c" [/home/x_thileeb/repos/ops-hls-batching-new/codegen_apps/batching/blackscholes/vck5000_loopback_project/hls/device/src/datamover_outerloop_0.cpp:6]   --->   Operation 72 'specchannel' 'empty_133' <Predicate = true> <Delay = 0.00>
ST_6 : Operation 73 [1/1] (0.00ns)   --->   "%specinterface_ln6 = specinterface void @_ssdm_op_SpecInterface, i32 %num_pkts_c, void @ap_fifo_str, i32 0, i32 0, void @p_str, i32 0, i32 0, void @p_str, void @p_str, void @p_str, i32 2, i32 2, i32 16, i32 16, void @p_str, void @p_str, i32 4294967295, i32 0" [/home/x_thileeb/repos/ops-hls-batching-new/codegen_apps/batching/blackscholes/vck5000_loopback_project/hls/device/src/datamover_outerloop_0.cpp:6]   --->   Operation 73 'specinterface' 'specinterface_ln6' <Predicate = true> <Delay = 0.00>
ST_6 : Operation 74 [1/1] (0.00ns)   --->   "%specdataflowpipeline_ln6 = specdataflowpipeline void @_ssdm_op_SpecDataflowPipeline, i32 4294967295, i32 0, void @empty_14" [/home/x_thileeb/repos/ops-hls-batching-new/codegen_apps/batching/blackscholes/vck5000_loopback_project/hls/device/src/datamover_outerloop_0.cpp:6]   --->   Operation 74 'specdataflowpipeline' 'specdataflowpipeline_ln6' <Predicate = true> <Delay = 0.00>
ST_6 : Operation 75 [1/1] (0.00ns)   --->   "%specinterface_ln0 = specinterface void @_ssdm_op_SpecInterface, i1 %arg3_axis_out_V_last_V, void @empty_16, i32 0, i32 0, void @empty_24, i32 0, i32 0, void @empty_14, void @empty_14, void @empty_14, i32 0, i32 0, i32 0, i32 0, void @empty_14, void @empty_14, i32 4294967295, i32 0"   --->   Operation 75 'specinterface' 'specinterface_ln0' <Predicate = true> <Delay = 0.00>
ST_6 : Operation 76 [1/1] (0.00ns)   --->   "%specinterface_ln0 = specinterface void @_ssdm_op_SpecInterface, i32 %arg3_axis_out_V_strb_V, void @empty_16, i32 0, i32 0, void @empty_24, i32 0, i32 0, void @empty_14, void @empty_14, void @empty_14, i32 0, i32 0, i32 0, i32 0, void @empty_14, void @empty_14, i32 4294967295, i32 0"   --->   Operation 76 'specinterface' 'specinterface_ln0' <Predicate = true> <Delay = 0.00>
ST_6 : Operation 77 [1/1] (0.00ns)   --->   "%specinterface_ln0 = specinterface void @_ssdm_op_SpecInterface, i32 %arg3_axis_out_V_keep_V, void @empty_16, i32 0, i32 0, void @empty_24, i32 0, i32 0, void @empty_14, void @empty_14, void @empty_14, i32 0, i32 0, i32 0, i32 0, void @empty_14, void @empty_14, i32 4294967295, i32 0"   --->   Operation 77 'specinterface' 'specinterface_ln0' <Predicate = true> <Delay = 0.00>
ST_6 : Operation 78 [1/1] (0.00ns)   --->   "%specinterface_ln0 = specinterface void @_ssdm_op_SpecInterface, i256 %arg3_axis_out_V_data_V, void @empty_16, i32 0, i32 0, void @empty_24, i32 0, i32 0, void @empty_14, void @empty_14, void @empty_14, i32 0, i32 0, i32 0, i32 0, void @empty_14, void @empty_14, i32 4294967295, i32 0"   --->   Operation 78 'specinterface' 'specinterface_ln0' <Predicate = true> <Delay = 0.00>
ST_6 : Operation 79 [1/1] (0.00ns)   --->   "%specinterface_ln0 = specinterface void @_ssdm_op_SpecInterface, i1 %arg2_axis_out_V_last_V, void @empty_16, i32 0, i32 0, void @empty_24, i32 0, i32 0, void @empty_14, void @empty_14, void @empty_14, i32 0, i32 0, i32 0, i32 0, void @empty_14, void @empty_14, i32 4294967295, i32 0"   --->   Operation 79 'specinterface' 'specinterface_ln0' <Predicate = true> <Delay = 0.00>
ST_6 : Operation 80 [1/1] (0.00ns)   --->   "%specinterface_ln0 = specinterface void @_ssdm_op_SpecInterface, i32 %arg2_axis_out_V_strb_V, void @empty_16, i32 0, i32 0, void @empty_24, i32 0, i32 0, void @empty_14, void @empty_14, void @empty_14, i32 0, i32 0, i32 0, i32 0, void @empty_14, void @empty_14, i32 4294967295, i32 0"   --->   Operation 80 'specinterface' 'specinterface_ln0' <Predicate = true> <Delay = 0.00>
ST_6 : Operation 81 [1/1] (0.00ns)   --->   "%specinterface_ln0 = specinterface void @_ssdm_op_SpecInterface, i32 %arg2_axis_out_V_keep_V, void @empty_16, i32 0, i32 0, void @empty_24, i32 0, i32 0, void @empty_14, void @empty_14, void @empty_14, i32 0, i32 0, i32 0, i32 0, void @empty_14, void @empty_14, i32 4294967295, i32 0"   --->   Operation 81 'specinterface' 'specinterface_ln0' <Predicate = true> <Delay = 0.00>
ST_6 : Operation 82 [1/1] (0.00ns)   --->   "%specinterface_ln0 = specinterface void @_ssdm_op_SpecInterface, i256 %arg2_axis_out_V_data_V, void @empty_16, i32 0, i32 0, void @empty_24, i32 0, i32 0, void @empty_14, void @empty_14, void @empty_14, i32 0, i32 0, i32 0, i32 0, void @empty_14, void @empty_14, i32 4294967295, i32 0"   --->   Operation 82 'specinterface' 'specinterface_ln0' <Predicate = true> <Delay = 0.00>
ST_6 : Operation 83 [1/1] (0.00ns)   --->   "%specinterface_ln0 = specinterface void @_ssdm_op_SpecInterface, i1 %arg1_axis_out_V_last_V, void @empty_16, i32 0, i32 0, void @empty_24, i32 0, i32 0, void @empty_14, void @empty_14, void @empty_14, i32 0, i32 0, i32 0, i32 0, void @empty_14, void @empty_14, i32 4294967295, i32 0"   --->   Operation 83 'specinterface' 'specinterface_ln0' <Predicate = true> <Delay = 0.00>
ST_6 : Operation 84 [1/1] (0.00ns)   --->   "%specinterface_ln0 = specinterface void @_ssdm_op_SpecInterface, i32 %arg1_axis_out_V_strb_V, void @empty_16, i32 0, i32 0, void @empty_24, i32 0, i32 0, void @empty_14, void @empty_14, void @empty_14, i32 0, i32 0, i32 0, i32 0, void @empty_14, void @empty_14, i32 4294967295, i32 0"   --->   Operation 84 'specinterface' 'specinterface_ln0' <Predicate = true> <Delay = 0.00>
ST_6 : Operation 85 [1/1] (0.00ns)   --->   "%specinterface_ln0 = specinterface void @_ssdm_op_SpecInterface, i32 %arg1_axis_out_V_keep_V, void @empty_16, i32 0, i32 0, void @empty_24, i32 0, i32 0, void @empty_14, void @empty_14, void @empty_14, i32 0, i32 0, i32 0, i32 0, void @empty_14, void @empty_14, i32 4294967295, i32 0"   --->   Operation 85 'specinterface' 'specinterface_ln0' <Predicate = true> <Delay = 0.00>
ST_6 : Operation 86 [1/1] (0.00ns)   --->   "%specinterface_ln0 = specinterface void @_ssdm_op_SpecInterface, i256 %arg1_axis_out_V_data_V, void @empty_16, i32 0, i32 0, void @empty_24, i32 0, i32 0, void @empty_14, void @empty_14, void @empty_14, i32 0, i32 0, i32 0, i32 0, void @empty_14, void @empty_14, i32 4294967295, i32 0"   --->   Operation 86 'specinterface' 'specinterface_ln0' <Predicate = true> <Delay = 0.00>
ST_6 : Operation 87 [1/1] (0.00ns)   --->   "%specinterface_ln0 = specinterface void @_ssdm_op_SpecInterface, i1 %arg0_axis_out_V_last_V, void @empty_16, i32 0, i32 0, void @empty_24, i32 0, i32 0, void @empty_14, void @empty_14, void @empty_14, i32 0, i32 0, i32 0, i32 0, void @empty_14, void @empty_14, i32 4294967295, i32 0"   --->   Operation 87 'specinterface' 'specinterface_ln0' <Predicate = true> <Delay = 0.00>
ST_6 : Operation 88 [1/1] (0.00ns)   --->   "%specinterface_ln0 = specinterface void @_ssdm_op_SpecInterface, i32 %arg0_axis_out_V_strb_V, void @empty_16, i32 0, i32 0, void @empty_24, i32 0, i32 0, void @empty_14, void @empty_14, void @empty_14, i32 0, i32 0, i32 0, i32 0, void @empty_14, void @empty_14, i32 4294967295, i32 0"   --->   Operation 88 'specinterface' 'specinterface_ln0' <Predicate = true> <Delay = 0.00>
ST_6 : Operation 89 [1/1] (0.00ns)   --->   "%specinterface_ln0 = specinterface void @_ssdm_op_SpecInterface, i32 %arg0_axis_out_V_keep_V, void @empty_16, i32 0, i32 0, void @empty_24, i32 0, i32 0, void @empty_14, void @empty_14, void @empty_14, i32 0, i32 0, i32 0, i32 0, void @empty_14, void @empty_14, i32 4294967295, i32 0"   --->   Operation 89 'specinterface' 'specinterface_ln0' <Predicate = true> <Delay = 0.00>
ST_6 : Operation 90 [1/1] (0.00ns)   --->   "%specinterface_ln0 = specinterface void @_ssdm_op_SpecInterface, i256 %arg0_axis_out_V_data_V, void @empty_16, i32 0, i32 0, void @empty_24, i32 0, i32 0, void @empty_14, void @empty_14, void @empty_14, i32 0, i32 0, i32 0, i32 0, void @empty_14, void @empty_14, i32 4294967295, i32 0"   --->   Operation 90 'specinterface' 'specinterface_ln0' <Predicate = true> <Delay = 0.00>
ST_6 : Operation 91 [1/1] (0.00ns)   --->   "%specinterface_ln0 = specinterface void @_ssdm_op_SpecInterface, i512 %gmem3, void @empty_13, i32 0, i32 0, void @empty_14, i32 40, i32 4096, void @empty_19, void @empty_25, void @empty_14, i32 2, i32 2, i32 32, i32 32, void @empty_14, void @empty_14, i32 4294967295, i32 0"   --->   Operation 91 'specinterface' 'specinterface_ln0' <Predicate = true> <Delay = 0.00>
ST_6 : Operation 92 [1/1] (0.00ns)   --->   "%specinterface_ln0 = specinterface void @_ssdm_op_SpecInterface, i512 %gmem2, void @empty_13, i32 0, i32 0, void @empty_14, i32 40, i32 4096, void @empty_34, void @empty_25, void @empty_14, i32 2, i32 2, i32 32, i32 32, void @empty_14, void @empty_14, i32 4294967295, i32 0"   --->   Operation 92 'specinterface' 'specinterface_ln0' <Predicate = true> <Delay = 0.00>
ST_6 : Operation 93 [1/1] (0.00ns)   --->   "%specinterface_ln0 = specinterface void @_ssdm_op_SpecInterface, i512 %gmem1, void @empty_13, i32 0, i32 0, void @empty_14, i32 40, i32 4096, void @empty_18, void @empty_25, void @empty_14, i32 2, i32 2, i32 32, i32 32, void @empty_14, void @empty_14, i32 4294967295, i32 0"   --->   Operation 93 'specinterface' 'specinterface_ln0' <Predicate = true> <Delay = 0.00>
ST_6 : Operation 94 [1/1] (0.00ns)   --->   "%specinterface_ln0 = specinterface void @_ssdm_op_SpecInterface, i512 %gmem0, void @empty_13, i32 0, i32 0, void @empty_14, i32 40, i32 4096, void @empty_20, void @empty_25, void @empty_14, i32 2, i32 2, i32 32, i32 32, void @empty_14, void @empty_14, i32 4294967295, i32 0"   --->   Operation 94 'specinterface' 'specinterface_ln0' <Predicate = true> <Delay = 0.00>
ST_6 : Operation 95 [1/2] (0.00ns)   --->   "%call_ln50 = call void @stream2axis<256u>, i256 %arg0_axis_out_V_data_V, i32 %arg0_axis_out_V_keep_V, i32 %arg0_axis_out_V_strb_V, i1 %arg0_axis_out_V_last_V, i32 %num_pkts_c29, i256 %arg0_read_reduced_mem_strm" [/home/x_thileeb/repos/ops-hls-batching-new/codegen_apps/batching/blackscholes/vck5000_loopback_project/hls/device/src/datamover_outerloop_0.cpp:50]   --->   Operation 95 'call' 'call_ln50' <Predicate = true> <Delay = 0.00> <CoreType = "Generic">   --->   Core 0 '' <Latency = 0> <II = 1> <Delay = 1.00> <Generic> <Opcode : >
ST_6 : Operation 96 [1/2] (0.00ns)   --->   "%call_ln51 = call void @stream2axis<256u>.7, i256 %arg1_axis_out_V_data_V, i32 %arg1_axis_out_V_keep_V, i32 %arg1_axis_out_V_strb_V, i1 %arg1_axis_out_V_last_V, i32 %num_pkts_c28, i256 %arg1_read_reduced_mem_strm" [/home/x_thileeb/repos/ops-hls-batching-new/codegen_apps/batching/blackscholes/vck5000_loopback_project/hls/device/src/datamover_outerloop_0.cpp:51]   --->   Operation 96 'call' 'call_ln51' <Predicate = true> <Delay = 0.00> <CoreType = "Generic">   --->   Core 0 '' <Latency = 0> <II = 1> <Delay = 1.00> <Generic> <Opcode : >
ST_6 : Operation 97 [1/2] (0.00ns)   --->   "%call_ln52 = call void @stream2axis<256u>.8, i256 %arg2_axis_out_V_data_V, i32 %arg2_axis_out_V_keep_V, i32 %arg2_axis_out_V_strb_V, i1 %arg2_axis_out_V_last_V, i32 %num_pkts_c27, i256 %arg2_read_reduced_mem_strm" [/home/x_thileeb/repos/ops-hls-batching-new/codegen_apps/batching/blackscholes/vck5000_loopback_project/hls/device/src/datamover_outerloop_0.cpp:52]   --->   Operation 97 'call' 'call_ln52' <Predicate = true> <Delay = 0.00> <CoreType = "Generic">   --->   Core 0 '' <Latency = 0> <II = 1> <Delay = 1.00> <Generic> <Opcode : >
ST_6 : Operation 98 [1/2] (0.00ns)   --->   "%call_ln53 = call void @stream2axis<256u>.9, i256 %arg3_axis_out_V_data_V, i32 %arg3_axis_out_V_keep_V, i32 %arg3_axis_out_V_strb_V, i1 %arg3_axis_out_V_last_V, i32 %num_pkts_c, i256 %arg3_read_reduced_mem_strm" [/home/x_thileeb/repos/ops-hls-batching-new/codegen_apps/batching/blackscholes/vck5000_loopback_project/hls/device/src/datamover_outerloop_0.cpp:53]   --->   Operation 98 'call' 'call_ln53' <Predicate = true> <Delay = 0.00> <CoreType = "Generic">   --->   Core 0 '' <Latency = 0> <II = 1> <Delay = 1.00> <Generic> <Opcode : >
ST_6 : Operation 99 [1/1] (0.00ns)   --->   "%ret_ln54 = ret" [/home/x_thileeb/repos/ops-hls-batching-new/codegen_apps/batching/blackscholes/vck5000_loopback_project/hls/device/src/datamover_outerloop_0.cpp:54]   --->   Operation 99 'ret' 'ret_ln54' <Predicate = true> <Delay = 0.00>


============================================================
+ Verbose Summary: Timing violations
============================================================
Target clock period: 3.33ns, clock uncertainty: 0.9ns.

 <State 1>: 2.43ns
The critical path consists of the following:
	wire read operation ('arg0_read', /home/x_thileeb/repos/ops-hls-batching-new/codegen_apps/batching/blackscholes/vck5000_loopback_project/hls/device/src/datamover_outerloop_0.cpp:6) on port 'arg0' (/home/x_thileeb/repos/ops-hls-batching-new/codegen_apps/batching/blackscholes/vck5000_loopback_project/hls/device/src/datamover_outerloop_0.cpp:6) [54]  (0 ns)
	'call' operation ('call_ln41', /home/x_thileeb/repos/ops-hls-batching-new/codegen_apps/batching/blackscholes/vck5000_loopback_project/hls/device/src/datamover_outerloop_0.cpp:41) to 'mem2stream<512u, 32u, 2u>' [103]  (2.43 ns)

 <State 2>: 0ns
The critical path consists of the following:

 <State 3>: 0ns
The critical path consists of the following:

 <State 4>: 0.846ns
The critical path consists of the following:
	wire read operation ('num_pkts_read', /home/x_thileeb/repos/ops-hls-batching-new/codegen_apps/batching/blackscholes/vck5000_loopback_project/hls/device/src/datamover_outerloop_0.cpp:6) on port 'num_pkts' (/home/x_thileeb/repos/ops-hls-batching-new/codegen_apps/batching/blackscholes/vck5000_loopback_project/hls/device/src/datamover_outerloop_0.cpp:6) [56]  (0 ns)
	'call' operation ('call_ln6', /home/x_thileeb/repos/ops-hls-batching-new/codegen_apps/batching/blackscholes/vck5000_loopback_project/hls/device/src/datamover_outerloop_0.cpp:6) to 'entry_proc3' [102]  (0.846 ns)

 <State 5>: 0ns
The critical path consists of the following:

 <State 6>: 0ns
The critical path consists of the following:


============================================================
+ Verbose Summary: Binding
============================================================
N/A
* FSMD analyzer results:
  - Output states:
 - Input state : 
  - Chain level:
	State 1
	State 2
	State 3
	State 4
	State 5
	State 6


============================================================
+ Verbose Summary: Datapath Resource usage 
============================================================
N/A
