

================================================================
== Vitis HLS Report for 'kernel_outerloop_0_0'
================================================================
* Date:           Thu Aug 13 05:35:17 2026

* Version:        2022.2 (Build 3670227 on Oct 13 2022)
* Project:        kernel_outerloop_0_0
* Solution:       solution (Vitis Kernel Flow Target)
* Product family: virtexuplus
* Target device:  xcu280-fsvh2892-2L-e


================================================================
== Performance Estimates
================================================================
+ Timing: 
    * Summary: 
    +--------+---------+----------+------------+
    |  Clock |  Target | Estimated| Uncertainty|
    +--------+---------+----------+------------+
    |ap_clk  |  3.33 ns|  2.433 ns|     0.90 ns|
    +--------+---------+----------+------------+

+ Latency: 
    * Summary: 
    +---------+---------+----------+----------+-----+-----+---------+
    |  Latency (cycles) |  Latency (absolute) |  Interval | Pipeline|
    |   min   |   max   |    min   |    max   | min | max |   Type  |
    +---------+---------+----------+----------+-----+-----+---------+
    |        ?|        ?|         ?|         ?|    ?|    ?|       no|
    +---------+---------+----------+----------+-----+-----+---------+

    + Detail: 
        * Instance: 
        N/A

        * Loop: 
        +---------------------+---------+---------+----------+-----------+-----------+------+----------+
        |                     |  Latency (cycles) | Iteration|  Initiation Interval  | Trip |          |
        |      Loop Name      |   min   |   max   |  Latency |  achieved |   target  | Count| Pipelined|
        +---------------------+---------+---------+----------+-----------+-----------+------+----------+
        |- VITIS_LOOP_198_1   |        ?|        ?|         ?|          -|          -|     ?|        no|
        | + VITIS_LOOP_200_2  |        ?|        ?|         ?|          -|          -|     ?|        no|
        +---------------------+---------+---------+----------+-----------+-----------+------+----------+

============================================================
+ Verbose Summary: Synthesis Manager
============================================================
InlineROM: 1
ExposeGlobal: 0
============================================================
+ Verbose Summary: CDFG Model
============================================================
IsTopModel: 1
ResetActiveHigh: 1
IsCombinational: 0
IsDatapathOnly: 0
HasWiredReturn: 1
HasMFsm: 0
HasVarLatency: 1
IsPipeline: 0
IsRtlPipelined: 0
IsInstanceOverlapped: 0
IsDontTouch: 0
HasImplIP: 0
IsGatedGlobalClock: 0


============================================================
+ Verbose Summary: Schedule
============================================================
* Number of FSM states : 9
* Pipeline : 0
* Dataflow Pipeline: 0

* FSM state transitions: 
1 --> 2 
2 --> 9 3 
3 --> 4 2 
4 --> 5 
5 --> 6 
6 --> 7 
7 --> 8 
8 --> 3 
9 --> 

* FSM state operations: 

State 1 <SV = 0> <Delay = 1.78>
ST_1 : Operation 10 [1/1] (0.00ns)   --->   "%i = alloca i32 1"   --->   Operation 10 'alloca' 'i' <Predicate = true> <Delay = 0.00>
ST_1 : Operation 11 [1/1] (0.00ns)   --->   "%spectopmodule_ln274 = spectopmodule void @_ssdm_op_SpecTopModule, void @empty_4" [/home/x_thileeb/repos/ops-hls-batching-new/codegen_apps/tiling/poisson2d/u280_project/maxtile_8192_unalign_interleave_p7/hls/device/src/kernel_outerloop_0_0.cpp:274]   --->   Operation 11 'spectopmodule' 'spectopmodule_ln274' <Predicate = true> <Delay = 0.00>
ST_1 : Operation 12 [1/1] (0.00ns)   --->   "%specinterface_ln274 = specinterface void @_ssdm_op_SpecInterface, i32 0, void @empty_3, i32 0, i32 0, void @empty_5, i32 0, i32 0, void @empty_5, void @empty_5, void @empty_5, i32 0, i32 0, i32 0, i32 0, void @empty_5, void @empty_5, i32 4294967295, i32 0" [/home/x_thileeb/repos/ops-hls-batching-new/codegen_apps/tiling/poisson2d/u280_project/maxtile_8192_unalign_interleave_p7/hls/device/src/kernel_outerloop_0_0.cpp:274]   --->   Operation 12 'specinterface' 'specinterface_ln274' <Predicate = true> <Delay = 0.00>
ST_1 : Operation 13 [1/1] (0.00ns)   --->   "%specbitsmap_ln0 = specbitsmap void @_ssdm_op_SpecBitsMap, i16 %slr_region"   --->   Operation 13 'specbitsmap' 'specbitsmap_ln0' <Predicate = true> <Delay = 0.00>
ST_1 : Operation 14 [1/1] (0.00ns)   --->   "%specinterface_ln0 = specinterface void @_ssdm_op_SpecInterface, i16 %slr_region, void @empty_6, i32 0, i32 0, void @empty_5, i32 0, i32 0, void @empty_33, void @empty_32, void @empty_5, i32 0, i32 0, i32 0, i32 0, void @empty_5, void @empty_5, i32 4294967295, i32 0"   --->   Operation 14 'specinterface' 'specinterface_ln0' <Predicate = true> <Delay = 0.00>
ST_1 : Operation 15 [1/1] (0.00ns)   --->   "%specinterface_ln0 = specinterface void @_ssdm_op_SpecInterface, i16 %slr_region, void @empty_31, i32 0, i32 0, void @empty_5, i32 0, i32 0, void @empty_5, void @empty_5, void @empty_5, i32 0, i32 0, i32 0, i32 0, void @empty_5, void @empty_5, i32 4294967295, i32 0"   --->   Operation 15 'specinterface' 'specinterface_ln0' <Predicate = true> <Delay = 0.00>
ST_1 : Operation 16 [1/1] (0.00ns)   --->   "%specbitsmap_ln0 = specbitsmap void @_ssdm_op_SpecBitsMap, i32 %outer_itr"   --->   Operation 16 'specbitsmap' 'specbitsmap_ln0' <Predicate = true> <Delay = 0.00>
ST_1 : Operation 17 [1/1] (0.00ns)   --->   "%specinterface_ln0 = specinterface void @_ssdm_op_SpecInterface, i32 %outer_itr, void @empty_6, i32 0, i32 0, void @empty_5, i32 0, i32 0, void @empty_33, void @empty_42, void @empty_5, i32 0, i32 0, i32 0, i32 0, void @empty_5, void @empty_5, i32 4294967295, i32 0"   --->   Operation 17 'specinterface' 'specinterface_ln0' <Predicate = true> <Delay = 0.00>
ST_1 : Operation 18 [1/1] (0.00ns)   --->   "%specinterface_ln0 = specinterface void @_ssdm_op_SpecInterface, i32 %outer_itr, void @empty_31, i32 0, i32 0, void @empty_5, i32 0, i32 0, void @empty_5, void @empty_5, void @empty_5, i32 0, i32 0, i32 0, i32 0, void @empty_5, void @empty_5, i32 4294967295, i32 0"   --->   Operation 18 'specinterface' 'specinterface_ln0' <Predicate = true> <Delay = 0.00>
ST_1 : Operation 19 [1/1] (0.00ns)   --->   "%specbitsmap_ln0 = specbitsmap void @_ssdm_op_SpecBitsMap, i16 %stencilConfig_grid_size_0"   --->   Operation 19 'specbitsmap' 'specbitsmap_ln0' <Predicate = true> <Delay = 0.00>
ST_1 : Operation 20 [1/1] (0.00ns)   --->   "%specinterface_ln0 = specinterface void @_ssdm_op_SpecInterface, i16 %stencilConfig_grid_size_0, void @empty_6, i32 0, i32 0, void @empty_5, i32 0, i32 0, void @empty_33, void @empty_20, void @empty_5, i32 0, i32 0, i32 0, i32 0, void @empty_5, void @empty_5, i32 4294967295, i32 0"   --->   Operation 20 'specinterface' 'specinterface_ln0' <Predicate = true> <Delay = 0.00>
ST_1 : Operation 21 [1/1] (0.00ns)   --->   "%specinterface_ln0 = specinterface void @_ssdm_op_SpecInterface, i16 %stencilConfig_grid_size_0, void @empty_31, i32 0, i32 0, void @empty_5, i32 0, i32 0, void @empty_5, void @empty_5, void @empty_5, i32 0, i32 0, i32 0, i32 0, void @empty_5, void @empty_5, i32 4294967295, i32 0"   --->   Operation 21 'specinterface' 'specinterface_ln0' <Predicate = true> <Delay = 0.00>
ST_1 : Operation 22 [1/1] (0.00ns)   --->   "%specbitsmap_ln0 = specbitsmap void @_ssdm_op_SpecBitsMap, i16 %stencilConfig_grid_size_1"   --->   Operation 22 'specbitsmap' 'specbitsmap_ln0' <Predicate = true> <Delay = 0.00>
ST_1 : Operation 23 [1/1] (0.00ns)   --->   "%specinterface_ln0 = specinterface void @_ssdm_op_SpecInterface, i16 %stencilConfig_grid_size_1, void @empty_6, i32 0, i32 0, void @empty_5, i32 0, i32 0, void @empty_33, void @empty_8, void @empty_5, i32 0, i32 0, i32 0, i32 0, void @empty_5, void @empty_5, i32 4294967295, i32 0"   --->   Operation 23 'specinterface' 'specinterface_ln0' <Predicate = true> <Delay = 0.00>
ST_1 : Operation 24 [1/1] (0.00ns)   --->   "%specinterface_ln0 = specinterface void @_ssdm_op_SpecInterface, i16 %stencilConfig_grid_size_1, void @empty_31, i32 0, i32 0, void @empty_5, i32 0, i32 0, void @empty_5, void @empty_5, void @empty_5, i32 0, i32 0, i32 0, i32 0, void @empty_5, void @empty_5, i32 4294967295, i32 0"   --->   Operation 24 'specinterface' 'specinterface_ln0' <Predicate = true> <Delay = 0.00>
ST_1 : Operation 25 [1/1] (0.00ns)   --->   "%specbitsmap_ln0 = specbitsmap void @_ssdm_op_SpecBitsMap, i16 %stencilConfig_dim"   --->   Operation 25 'specbitsmap' 'specbitsmap_ln0' <Predicate = true> <Delay = 0.00>
ST_1 : Operation 26 [1/1] (0.00ns)   --->   "%specinterface_ln0 = specinterface void @_ssdm_op_SpecInterface, i16 %stencilConfig_dim, void @empty_6, i32 0, i32 0, void @empty_5, i32 0, i32 0, void @empty_33, void @empty_18, void @empty_5, i32 0, i32 0, i32 0, i32 0, void @empty_5, void @empty_5, i32 4294967295, i32 0"   --->   Operation 26 'specinterface' 'specinterface_ln0' <Predicate = true> <Delay = 0.00>
ST_1 : Operation 27 [1/1] (0.00ns)   --->   "%specinterface_ln0 = specinterface void @_ssdm_op_SpecInterface, i16 %stencilConfig_dim, void @empty_31, i32 0, i32 0, void @empty_5, i32 0, i32 0, void @empty_5, void @empty_5, void @empty_5, i32 0, i32 0, i32 0, i32 0, void @empty_5, void @empty_5, i32 4294967295, i32 0"   --->   Operation 27 'specinterface' 'specinterface_ln0' <Predicate = true> <Delay = 0.00>
ST_1 : Operation 28 [1/1] (0.00ns)   --->   "%specbitsmap_ln0 = specbitsmap void @_ssdm_op_SpecBitsMap, i32 %stencilConfig_total_itr"   --->   Operation 28 'specbitsmap' 'specbitsmap_ln0' <Predicate = true> <Delay = 0.00>
ST_1 : Operation 29 [1/1] (0.00ns)   --->   "%specinterface_ln0 = specinterface void @_ssdm_op_SpecInterface, i32 %stencilConfig_total_itr, void @empty_6, i32 0, i32 0, void @empty_5, i32 0, i32 0, void @empty_33, void @empty_7, void @empty_5, i32 0, i32 0, i32 0, i32 0, void @empty_5, void @empty_5, i32 4294967295, i32 0"   --->   Operation 29 'specinterface' 'specinterface_ln0' <Predicate = true> <Delay = 0.00>
ST_1 : Operation 30 [1/1] (0.00ns)   --->   "%specinterface_ln0 = specinterface void @_ssdm_op_SpecInterface, i32 %stencilConfig_total_itr, void @empty_31, i32 0, i32 0, void @empty_5, i32 0, i32 0, void @empty_5, void @empty_5, void @empty_5, i32 0, i32 0, i32 0, i32 0, void @empty_5, void @empty_5, i32 4294967295, i32 0"   --->   Operation 30 'specinterface' 'specinterface_ln0' <Predicate = true> <Delay = 0.00>
ST_1 : Operation 31 [1/1] (0.00ns)   --->   "%specbitsmap_ln0 = specbitsmap void @_ssdm_op_SpecBitsMap, i16 %stencilConfig_outer_loop_limit"   --->   Operation 31 'specbitsmap' 'specbitsmap_ln0' <Predicate = true> <Delay = 0.00>
ST_1 : Operation 32 [1/1] (0.00ns)   --->   "%specinterface_ln0 = specinterface void @_ssdm_op_SpecInterface, i16 %stencilConfig_outer_loop_limit, void @empty_6, i32 0, i32 0, void @empty_5, i32 0, i32 0, void @empty_33, void @empty_34, void @empty_5, i32 0, i32 0, i32 0, i32 0, void @empty_5, void @empty_5, i32 4294967295, i32 0"   --->   Operation 32 'specinterface' 'specinterface_ln0' <Predicate = true> <Delay = 0.00>
ST_1 : Operation 33 [1/1] (0.00ns)   --->   "%specinterface_ln0 = specinterface void @_ssdm_op_SpecInterface, i16 %stencilConfig_outer_loop_limit, void @empty_31, i32 0, i32 0, void @empty_5, i32 0, i32 0, void @empty_5, void @empty_5, void @empty_5, i32 0, i32 0, i32 0, i32 0, void @empty_5, void @empty_5, i32 4294967295, i32 0"   --->   Operation 33 'specinterface' 'specinterface_ln0' <Predicate = true> <Delay = 0.00>
ST_1 : Operation 34 [1/1] (0.00ns)   --->   "%specbitsmap_ln0 = specbitsmap void @_ssdm_op_SpecBitsMap, i16 %tile_size_x"   --->   Operation 34 'specbitsmap' 'specbitsmap_ln0' <Predicate = true> <Delay = 0.00>
ST_1 : Operation 35 [1/1] (0.00ns)   --->   "%specinterface_ln0 = specinterface void @_ssdm_op_SpecInterface, i16 %tile_size_x, void @empty_6, i32 0, i32 0, void @empty_5, i32 0, i32 0, void @empty_33, void @empty_35, void @empty_5, i32 0, i32 0, i32 0, i32 0, void @empty_5, void @empty_5, i32 4294967295, i32 0"   --->   Operation 35 'specinterface' 'specinterface_ln0' <Predicate = true> <Delay = 0.00>
ST_1 : Operation 36 [1/1] (0.00ns)   --->   "%specinterface_ln0 = specinterface void @_ssdm_op_SpecInterface, i16 %tile_size_x, void @empty_31, i32 0, i32 0, void @empty_5, i32 0, i32 0, void @empty_5, void @empty_5, void @empty_5, i32 0, i32 0, i32 0, i32 0, void @empty_5, void @empty_5, i32 4294967295, i32 0"   --->   Operation 36 'specinterface' 'specinterface_ln0' <Predicate = true> <Delay = 0.00>
ST_1 : Operation 37 [1/1] (0.00ns)   --->   "%specbitsmap_ln0 = specbitsmap void @_ssdm_op_SpecBitsMap, i16 %last_tile_size_x"   --->   Operation 37 'specbitsmap' 'specbitsmap_ln0' <Predicate = true> <Delay = 0.00>
ST_1 : Operation 38 [1/1] (0.00ns)   --->   "%specinterface_ln0 = specinterface void @_ssdm_op_SpecInterface, i16 %last_tile_size_x, void @empty_6, i32 0, i32 0, void @empty_5, i32 0, i32 0, void @empty_33, void @empty_26, void @empty_5, i32 0, i32 0, i32 0, i32 0, void @empty_5, void @empty_5, i32 4294967295, i32 0"   --->   Operation 38 'specinterface' 'specinterface_ln0' <Predicate = true> <Delay = 0.00>
ST_1 : Operation 39 [1/1] (0.00ns)   --->   "%specinterface_ln0 = specinterface void @_ssdm_op_SpecInterface, i16 %last_tile_size_x, void @empty_31, i32 0, i32 0, void @empty_5, i32 0, i32 0, void @empty_5, void @empty_5, void @empty_5, i32 0, i32 0, i32 0, i32 0, void @empty_5, void @empty_5, i32 4294967295, i32 0"   --->   Operation 39 'specinterface' 'specinterface_ln0' <Predicate = true> <Delay = 0.00>
ST_1 : Operation 40 [1/1] (0.00ns)   --->   "%specbitsmap_ln0 = specbitsmap void @_ssdm_op_SpecBitsMap, i16 %tile_count_x"   --->   Operation 40 'specbitsmap' 'specbitsmap_ln0' <Predicate = true> <Delay = 0.00>
ST_1 : Operation 41 [1/1] (0.00ns)   --->   "%specinterface_ln0 = specinterface void @_ssdm_op_SpecInterface, i16 %tile_count_x, void @empty_6, i32 0, i32 0, void @empty_5, i32 0, i32 0, void @empty_33, void @empty_25, void @empty_5, i32 0, i32 0, i32 0, i32 0, void @empty_5, void @empty_5, i32 4294967295, i32 0"   --->   Operation 41 'specinterface' 'specinterface_ln0' <Predicate = true> <Delay = 0.00>
ST_1 : Operation 42 [1/1] (0.00ns)   --->   "%specinterface_ln0 = specinterface void @_ssdm_op_SpecInterface, i16 %tile_count_x, void @empty_31, i32 0, i32 0, void @empty_5, i32 0, i32 0, void @empty_5, void @empty_5, void @empty_5, i32 0, i32 0, i32 0, i32 0, void @empty_5, void @empty_5, i32 4294967295, i32 0"   --->   Operation 42 'specinterface' 'specinterface_ln0' <Predicate = true> <Delay = 0.00>
ST_1 : Operation 43 [1/1] (0.00ns)   --->   "%specbitsmap_ln0 = specbitsmap void @_ssdm_op_SpecBitsMap, i32 %total_xblocks"   --->   Operation 43 'specbitsmap' 'specbitsmap_ln0' <Predicate = true> <Delay = 0.00>
ST_1 : Operation 44 [1/1] (0.00ns)   --->   "%specinterface_ln0 = specinterface void @_ssdm_op_SpecInterface, i32 %total_xblocks, void @empty_6, i32 0, i32 0, void @empty_5, i32 0, i32 0, void @empty_33, void @empty_24, void @empty_5, i32 0, i32 0, i32 0, i32 0, void @empty_5, void @empty_5, i32 4294967295, i32 0"   --->   Operation 44 'specinterface' 'specinterface_ln0' <Predicate = true> <Delay = 0.00>
ST_1 : Operation 45 [1/1] (0.00ns)   --->   "%specinterface_ln0 = specinterface void @_ssdm_op_SpecInterface, i32 %total_xblocks, void @empty_31, i32 0, i32 0, void @empty_5, i32 0, i32 0, void @empty_5, void @empty_5, void @empty_5, i32 0, i32 0, i32 0, i32 0, void @empty_5, void @empty_5, i32 4294967295, i32 0"   --->   Operation 45 'specinterface' 'specinterface_ln0' <Predicate = true> <Delay = 0.00>
ST_1 : Operation 46 [1/1] (0.00ns)   --->   "%specbitsmap_ln0 = specbitsmap void @_ssdm_op_SpecBitsMap, i16 %last_tile_upper_limit_x"   --->   Operation 46 'specbitsmap' 'specbitsmap_ln0' <Predicate = true> <Delay = 0.00>
ST_1 : Operation 47 [1/1] (0.00ns)   --->   "%specinterface_ln0 = specinterface void @_ssdm_op_SpecInterface, i16 %last_tile_upper_limit_x, void @empty_6, i32 0, i32 0, void @empty_5, i32 0, i32 0, void @empty_33, void @empty_23, void @empty_5, i32 0, i32 0, i32 0, i32 0, void @empty_5, void @empty_5, i32 4294967295, i32 0"   --->   Operation 47 'specinterface' 'specinterface_ln0' <Predicate = true> <Delay = 0.00>
ST_1 : Operation 48 [1/1] (0.00ns)   --->   "%specinterface_ln0 = specinterface void @_ssdm_op_SpecInterface, i16 %last_tile_upper_limit_x, void @empty_31, i32 0, i32 0, void @empty_5, i32 0, i32 0, void @empty_5, void @empty_5, void @empty_5, i32 0, i32 0, i32 0, i32 0, void @empty_5, void @empty_5, i32 4294967295, i32 0"   --->   Operation 48 'specinterface' 'specinterface_ln0' <Predicate = true> <Delay = 0.00>
ST_1 : Operation 49 [1/1] (0.00ns)   --->   "%specinterface_ln0 = specinterface void @_ssdm_op_SpecInterface, i256 %arg0_0_axis_in_V_data_V, i32 %arg0_0_axis_in_V_keep_V, i32 %arg0_0_axis_in_V_strb_V, i1 %arg0_0_axis_in_V_last_V, void @empty_22, i32 1, i32 1, void @empty_40, i32 0, i32 0, void @empty_5, void @empty_5, void @empty_5, i32 0, i32 0, i32 0, i32 0, void @empty_5, void @empty_5, i32 4294967295, i32 0"   --->   Operation 49 'specinterface' 'specinterface_ln0' <Predicate = true> <Delay = 0.00>
ST_1 : Operation 50 [1/1] (0.00ns)   --->   "%specbitsmap_ln0 = specbitsmap void @_ssdm_op_SpecBitsMap, i256 %arg0_0_axis_in_V_data_V"   --->   Operation 50 'specbitsmap' 'specbitsmap_ln0' <Predicate = true> <Delay = 0.00>
ST_1 : Operation 51 [1/1] (0.00ns)   --->   "%specbitsmap_ln0 = specbitsmap void @_ssdm_op_SpecBitsMap, i32 %arg0_0_axis_in_V_keep_V"   --->   Operation 51 'specbitsmap' 'specbitsmap_ln0' <Predicate = true> <Delay = 0.00>
ST_1 : Operation 52 [1/1] (0.00ns)   --->   "%specbitsmap_ln0 = specbitsmap void @_ssdm_op_SpecBitsMap, i32 %arg0_0_axis_in_V_strb_V"   --->   Operation 52 'specbitsmap' 'specbitsmap_ln0' <Predicate = true> <Delay = 0.00>
ST_1 : Operation 53 [1/1] (0.00ns)   --->   "%specbitsmap_ln0 = specbitsmap void @_ssdm_op_SpecBitsMap, i1 %arg0_0_axis_in_V_last_V"   --->   Operation 53 'specbitsmap' 'specbitsmap_ln0' <Predicate = true> <Delay = 0.00>
ST_1 : Operation 54 [1/1] (0.00ns)   --->   "%specinterface_ln0 = specinterface void @_ssdm_op_SpecInterface, i256 %arg0_1_axis_in_V_data_V, i32 %arg0_1_axis_in_V_keep_V, i32 %arg0_1_axis_in_V_strb_V, i1 %arg0_1_axis_in_V_last_V, void @empty_22, i32 1, i32 1, void @empty_40, i32 0, i32 0, void @empty_5, void @empty_5, void @empty_5, i32 0, i32 0, i32 0, i32 0, void @empty_5, void @empty_5, i32 4294967295, i32 0"   --->   Operation 54 'specinterface' 'specinterface_ln0' <Predicate = true> <Delay = 0.00>
ST_1 : Operation 55 [1/1] (0.00ns)   --->   "%specbitsmap_ln0 = specbitsmap void @_ssdm_op_SpecBitsMap, i256 %arg0_1_axis_in_V_data_V"   --->   Operation 55 'specbitsmap' 'specbitsmap_ln0' <Predicate = true> <Delay = 0.00>
ST_1 : Operation 56 [1/1] (0.00ns)   --->   "%specbitsmap_ln0 = specbitsmap void @_ssdm_op_SpecBitsMap, i32 %arg0_1_axis_in_V_keep_V"   --->   Operation 56 'specbitsmap' 'specbitsmap_ln0' <Predicate = true> <Delay = 0.00>
ST_1 : Operation 57 [1/1] (0.00ns)   --->   "%specbitsmap_ln0 = specbitsmap void @_ssdm_op_SpecBitsMap, i32 %arg0_1_axis_in_V_strb_V"   --->   Operation 57 'specbitsmap' 'specbitsmap_ln0' <Predicate = true> <Delay = 0.00>
ST_1 : Operation 58 [1/1] (0.00ns)   --->   "%specbitsmap_ln0 = specbitsmap void @_ssdm_op_SpecBitsMap, i1 %arg0_1_axis_in_V_last_V"   --->   Operation 58 'specbitsmap' 'specbitsmap_ln0' <Predicate = true> <Delay = 0.00>
ST_1 : Operation 59 [1/1] (0.00ns)   --->   "%specinterface_ln0 = specinterface void @_ssdm_op_SpecInterface, i256 %arg0_2_axis_in_V_data_V, i32 %arg0_2_axis_in_V_keep_V, i32 %arg0_2_axis_in_V_strb_V, i1 %arg0_2_axis_in_V_last_V, void @empty_22, i32 1, i32 1, void @empty_40, i32 0, i32 0, void @empty_5, void @empty_5, void @empty_5, i32 0, i32 0, i32 0, i32 0, void @empty_5, void @empty_5, i32 4294967295, i32 0"   --->   Operation 59 'specinterface' 'specinterface_ln0' <Predicate = true> <Delay = 0.00>
ST_1 : Operation 60 [1/1] (0.00ns)   --->   "%specbitsmap_ln0 = specbitsmap void @_ssdm_op_SpecBitsMap, i256 %arg0_2_axis_in_V_data_V"   --->   Operation 60 'specbitsmap' 'specbitsmap_ln0' <Predicate = true> <Delay = 0.00>
ST_1 : Operation 61 [1/1] (0.00ns)   --->   "%specbitsmap_ln0 = specbitsmap void @_ssdm_op_SpecBitsMap, i32 %arg0_2_axis_in_V_keep_V"   --->   Operation 61 'specbitsmap' 'specbitsmap_ln0' <Predicate = true> <Delay = 0.00>
ST_1 : Operation 62 [1/1] (0.00ns)   --->   "%specbitsmap_ln0 = specbitsmap void @_ssdm_op_SpecBitsMap, i32 %arg0_2_axis_in_V_strb_V"   --->   Operation 62 'specbitsmap' 'specbitsmap_ln0' <Predicate = true> <Delay = 0.00>
ST_1 : Operation 63 [1/1] (0.00ns)   --->   "%specbitsmap_ln0 = specbitsmap void @_ssdm_op_SpecBitsMap, i1 %arg0_2_axis_in_V_last_V"   --->   Operation 63 'specbitsmap' 'specbitsmap_ln0' <Predicate = true> <Delay = 0.00>
ST_1 : Operation 64 [1/1] (0.00ns)   --->   "%specinterface_ln0 = specinterface void @_ssdm_op_SpecInterface, i256 %arg0_3_axis_in_V_data_V, i32 %arg0_3_axis_in_V_keep_V, i32 %arg0_3_axis_in_V_strb_V, i1 %arg0_3_axis_in_V_last_V, void @empty_22, i32 1, i32 1, void @empty_40, i32 0, i32 0, void @empty_5, void @empty_5, void @empty_5, i32 0, i32 0, i32 0, i32 0, void @empty_5, void @empty_5, i32 4294967295, i32 0"   --->   Operation 64 'specinterface' 'specinterface_ln0' <Predicate = true> <Delay = 0.00>
ST_1 : Operation 65 [1/1] (0.00ns)   --->   "%specbitsmap_ln0 = specbitsmap void @_ssdm_op_SpecBitsMap, i256 %arg0_3_axis_in_V_data_V"   --->   Operation 65 'specbitsmap' 'specbitsmap_ln0' <Predicate = true> <Delay = 0.00>
ST_1 : Operation 66 [1/1] (0.00ns)   --->   "%specbitsmap_ln0 = specbitsmap void @_ssdm_op_SpecBitsMap, i32 %arg0_3_axis_in_V_keep_V"   --->   Operation 66 'specbitsmap' 'specbitsmap_ln0' <Predicate = true> <Delay = 0.00>
ST_1 : Operation 67 [1/1] (0.00ns)   --->   "%specbitsmap_ln0 = specbitsmap void @_ssdm_op_SpecBitsMap, i32 %arg0_3_axis_in_V_strb_V"   --->   Operation 67 'specbitsmap' 'specbitsmap_ln0' <Predicate = true> <Delay = 0.00>
ST_1 : Operation 68 [1/1] (0.00ns)   --->   "%specbitsmap_ln0 = specbitsmap void @_ssdm_op_SpecBitsMap, i1 %arg0_3_axis_in_V_last_V"   --->   Operation 68 'specbitsmap' 'specbitsmap_ln0' <Predicate = true> <Delay = 0.00>
ST_1 : Operation 69 [1/1] (0.00ns)   --->   "%specinterface_ln0 = specinterface void @_ssdm_op_SpecInterface, i256 %arg0_4_axis_in_V_data_V, i32 %arg0_4_axis_in_V_keep_V, i32 %arg0_4_axis_in_V_strb_V, i1 %arg0_4_axis_in_V_last_V, void @empty_22, i32 1, i32 1, void @empty_40, i32 0, i32 0, void @empty_5, void @empty_5, void @empty_5, i32 0, i32 0, i32 0, i32 0, void @empty_5, void @empty_5, i32 4294967295, i32 0"   --->   Operation 69 'specinterface' 'specinterface_ln0' <Predicate = true> <Delay = 0.00>
ST_1 : Operation 70 [1/1] (0.00ns)   --->   "%specbitsmap_ln0 = specbitsmap void @_ssdm_op_SpecBitsMap, i256 %arg0_4_axis_in_V_data_V"   --->   Operation 70 'specbitsmap' 'specbitsmap_ln0' <Predicate = true> <Delay = 0.00>
ST_1 : Operation 71 [1/1] (0.00ns)   --->   "%specbitsmap_ln0 = specbitsmap void @_ssdm_op_SpecBitsMap, i32 %arg0_4_axis_in_V_keep_V"   --->   Operation 71 'specbitsmap' 'specbitsmap_ln0' <Predicate = true> <Delay = 0.00>
ST_1 : Operation 72 [1/1] (0.00ns)   --->   "%specbitsmap_ln0 = specbitsmap void @_ssdm_op_SpecBitsMap, i32 %arg0_4_axis_in_V_strb_V"   --->   Operation 72 'specbitsmap' 'specbitsmap_ln0' <Predicate = true> <Delay = 0.00>
ST_1 : Operation 73 [1/1] (0.00ns)   --->   "%specbitsmap_ln0 = specbitsmap void @_ssdm_op_SpecBitsMap, i1 %arg0_4_axis_in_V_last_V"   --->   Operation 73 'specbitsmap' 'specbitsmap_ln0' <Predicate = true> <Delay = 0.00>
ST_1 : Operation 74 [1/1] (0.00ns)   --->   "%specinterface_ln0 = specinterface void @_ssdm_op_SpecInterface, i256 %arg0_5_axis_in_V_data_V, i32 %arg0_5_axis_in_V_keep_V, i32 %arg0_5_axis_in_V_strb_V, i1 %arg0_5_axis_in_V_last_V, void @empty_22, i32 1, i32 1, void @empty_40, i32 0, i32 0, void @empty_5, void @empty_5, void @empty_5, i32 0, i32 0, i32 0, i32 0, void @empty_5, void @empty_5, i32 4294967295, i32 0"   --->   Operation 74 'specinterface' 'specinterface_ln0' <Predicate = true> <Delay = 0.00>
ST_1 : Operation 75 [1/1] (0.00ns)   --->   "%specbitsmap_ln0 = specbitsmap void @_ssdm_op_SpecBitsMap, i256 %arg0_5_axis_in_V_data_V"   --->   Operation 75 'specbitsmap' 'specbitsmap_ln0' <Predicate = true> <Delay = 0.00>
ST_1 : Operation 76 [1/1] (0.00ns)   --->   "%specbitsmap_ln0 = specbitsmap void @_ssdm_op_SpecBitsMap, i32 %arg0_5_axis_in_V_keep_V"   --->   Operation 76 'specbitsmap' 'specbitsmap_ln0' <Predicate = true> <Delay = 0.00>
ST_1 : Operation 77 [1/1] (0.00ns)   --->   "%specbitsmap_ln0 = specbitsmap void @_ssdm_op_SpecBitsMap, i32 %arg0_5_axis_in_V_strb_V"   --->   Operation 77 'specbitsmap' 'specbitsmap_ln0' <Predicate = true> <Delay = 0.00>
ST_1 : Operation 78 [1/1] (0.00ns)   --->   "%specbitsmap_ln0 = specbitsmap void @_ssdm_op_SpecBitsMap, i1 %arg0_5_axis_in_V_last_V"   --->   Operation 78 'specbitsmap' 'specbitsmap_ln0' <Predicate = true> <Delay = 0.00>
ST_1 : Operation 79 [1/1] (0.00ns)   --->   "%specinterface_ln0 = specinterface void @_ssdm_op_SpecInterface, i256 %arg0_6_axis_in_V_data_V, i32 %arg0_6_axis_in_V_keep_V, i32 %arg0_6_axis_in_V_strb_V, i1 %arg0_6_axis_in_V_last_V, void @empty_22, i32 1, i32 1, void @empty_40, i32 0, i32 0, void @empty_5, void @empty_5, void @empty_5, i32 0, i32 0, i32 0, i32 0, void @empty_5, void @empty_5, i32 4294967295, i32 0"   --->   Operation 79 'specinterface' 'specinterface_ln0' <Predicate = true> <Delay = 0.00>
ST_1 : Operation 80 [1/1] (0.00ns)   --->   "%specbitsmap_ln0 = specbitsmap void @_ssdm_op_SpecBitsMap, i256 %arg0_6_axis_in_V_data_V"   --->   Operation 80 'specbitsmap' 'specbitsmap_ln0' <Predicate = true> <Delay = 0.00>
ST_1 : Operation 81 [1/1] (0.00ns)   --->   "%specbitsmap_ln0 = specbitsmap void @_ssdm_op_SpecBitsMap, i32 %arg0_6_axis_in_V_keep_V"   --->   Operation 81 'specbitsmap' 'specbitsmap_ln0' <Predicate = true> <Delay = 0.00>
ST_1 : Operation 82 [1/1] (0.00ns)   --->   "%specbitsmap_ln0 = specbitsmap void @_ssdm_op_SpecBitsMap, i32 %arg0_6_axis_in_V_strb_V"   --->   Operation 82 'specbitsmap' 'specbitsmap_ln0' <Predicate = true> <Delay = 0.00>
ST_1 : Operation 83 [1/1] (0.00ns)   --->   "%specbitsmap_ln0 = specbitsmap void @_ssdm_op_SpecBitsMap, i1 %arg0_6_axis_in_V_last_V"   --->   Operation 83 'specbitsmap' 'specbitsmap_ln0' <Predicate = true> <Delay = 0.00>
ST_1 : Operation 84 [1/1] (0.00ns)   --->   "%specinterface_ln0 = specinterface void @_ssdm_op_SpecInterface, i256 %arg0_7_axis_in_V_data_V, i32 %arg0_7_axis_in_V_keep_V, i32 %arg0_7_axis_in_V_strb_V, i1 %arg0_7_axis_in_V_last_V, void @empty_22, i32 1, i32 1, void @empty_40, i32 0, i32 0, void @empty_5, void @empty_5, void @empty_5, i32 0, i32 0, i32 0, i32 0, void @empty_5, void @empty_5, i32 4294967295, i32 0"   --->   Operation 84 'specinterface' 'specinterface_ln0' <Predicate = true> <Delay = 0.00>
ST_1 : Operation 85 [1/1] (0.00ns)   --->   "%specbitsmap_ln0 = specbitsmap void @_ssdm_op_SpecBitsMap, i256 %arg0_7_axis_in_V_data_V"   --->   Operation 85 'specbitsmap' 'specbitsmap_ln0' <Predicate = true> <Delay = 0.00>
ST_1 : Operation 86 [1/1] (0.00ns)   --->   "%specbitsmap_ln0 = specbitsmap void @_ssdm_op_SpecBitsMap, i32 %arg0_7_axis_in_V_keep_V"   --->   Operation 86 'specbitsmap' 'specbitsmap_ln0' <Predicate = true> <Delay = 0.00>
ST_1 : Operation 87 [1/1] (0.00ns)   --->   "%specbitsmap_ln0 = specbitsmap void @_ssdm_op_SpecBitsMap, i32 %arg0_7_axis_in_V_strb_V"   --->   Operation 87 'specbitsmap' 'specbitsmap_ln0' <Predicate = true> <Delay = 0.00>
ST_1 : Operation 88 [1/1] (0.00ns)   --->   "%specbitsmap_ln0 = specbitsmap void @_ssdm_op_SpecBitsMap, i1 %arg0_7_axis_in_V_last_V"   --->   Operation 88 'specbitsmap' 'specbitsmap_ln0' <Predicate = true> <Delay = 0.00>
ST_1 : Operation 89 [1/1] (0.00ns)   --->   "%specinterface_ln0 = specinterface void @_ssdm_op_SpecInterface, i256 %arg1_0_axis_out_V_data_V, i32 %arg1_0_axis_out_V_keep_V, i32 %arg1_0_axis_out_V_strb_V, i1 %arg1_0_axis_out_V_last_V, void @empty_22, i32 1, i32 1, void @empty_40, i32 0, i32 0, void @empty_5, void @empty_5, void @empty_5, i32 0, i32 0, i32 0, i32 0, void @empty_5, void @empty_5, i32 4294967295, i32 0"   --->   Operation 89 'specinterface' 'specinterface_ln0' <Predicate = true> <Delay = 0.00>
ST_1 : Operation 90 [1/1] (0.00ns)   --->   "%specbitsmap_ln0 = specbitsmap void @_ssdm_op_SpecBitsMap, i256 %arg1_0_axis_out_V_data_V"   --->   Operation 90 'specbitsmap' 'specbitsmap_ln0' <Predicate = true> <Delay = 0.00>
ST_1 : Operation 91 [1/1] (0.00ns)   --->   "%specbitsmap_ln0 = specbitsmap void @_ssdm_op_SpecBitsMap, i32 %arg1_0_axis_out_V_keep_V"   --->   Operation 91 'specbitsmap' 'specbitsmap_ln0' <Predicate = true> <Delay = 0.00>
ST_1 : Operation 92 [1/1] (0.00ns)   --->   "%specbitsmap_ln0 = specbitsmap void @_ssdm_op_SpecBitsMap, i32 %arg1_0_axis_out_V_strb_V"   --->   Operation 92 'specbitsmap' 'specbitsmap_ln0' <Predicate = true> <Delay = 0.00>
ST_1 : Operation 93 [1/1] (0.00ns)   --->   "%specbitsmap_ln0 = specbitsmap void @_ssdm_op_SpecBitsMap, i1 %arg1_0_axis_out_V_last_V"   --->   Operation 93 'specbitsmap' 'specbitsmap_ln0' <Predicate = true> <Delay = 0.00>
ST_1 : Operation 94 [1/1] (0.00ns)   --->   "%specinterface_ln0 = specinterface void @_ssdm_op_SpecInterface, i256 %arg1_1_axis_out_V_data_V, i32 %arg1_1_axis_out_V_keep_V, i32 %arg1_1_axis_out_V_strb_V, i1 %arg1_1_axis_out_V_last_V, void @empty_22, i32 1, i32 1, void @empty_40, i32 0, i32 0, void @empty_5, void @empty_5, void @empty_5, i32 0, i32 0, i32 0, i32 0, void @empty_5, void @empty_5, i32 4294967295, i32 0"   --->   Operation 94 'specinterface' 'specinterface_ln0' <Predicate = true> <Delay = 0.00>
ST_1 : Operation 95 [1/1] (0.00ns)   --->   "%specbitsmap_ln0 = specbitsmap void @_ssdm_op_SpecBitsMap, i256 %arg1_1_axis_out_V_data_V"   --->   Operation 95 'specbitsmap' 'specbitsmap_ln0' <Predicate = true> <Delay = 0.00>
ST_1 : Operation 96 [1/1] (0.00ns)   --->   "%specbitsmap_ln0 = specbitsmap void @_ssdm_op_SpecBitsMap, i32 %arg1_1_axis_out_V_keep_V"   --->   Operation 96 'specbitsmap' 'specbitsmap_ln0' <Predicate = true> <Delay = 0.00>
ST_1 : Operation 97 [1/1] (0.00ns)   --->   "%specbitsmap_ln0 = specbitsmap void @_ssdm_op_SpecBitsMap, i32 %arg1_1_axis_out_V_strb_V"   --->   Operation 97 'specbitsmap' 'specbitsmap_ln0' <Predicate = true> <Delay = 0.00>
ST_1 : Operation 98 [1/1] (0.00ns)   --->   "%specbitsmap_ln0 = specbitsmap void @_ssdm_op_SpecBitsMap, i1 %arg1_1_axis_out_V_last_V"   --->   Operation 98 'specbitsmap' 'specbitsmap_ln0' <Predicate = true> <Delay = 0.00>
ST_1 : Operation 99 [1/1] (0.00ns)   --->   "%specinterface_ln0 = specinterface void @_ssdm_op_SpecInterface, i256 %arg1_2_axis_out_V_data_V, i32 %arg1_2_axis_out_V_keep_V, i32 %arg1_2_axis_out_V_strb_V, i1 %arg1_2_axis_out_V_last_V, void @empty_22, i32 1, i32 1, void @empty_40, i32 0, i32 0, void @empty_5, void @empty_5, void @empty_5, i32 0, i32 0, i32 0, i32 0, void @empty_5, void @empty_5, i32 4294967295, i32 0"   --->   Operation 99 'specinterface' 'specinterface_ln0' <Predicate = true> <Delay = 0.00>
ST_1 : Operation 100 [1/1] (0.00ns)   --->   "%specbitsmap_ln0 = specbitsmap void @_ssdm_op_SpecBitsMap, i256 %arg1_2_axis_out_V_data_V"   --->   Operation 100 'specbitsmap' 'specbitsmap_ln0' <Predicate = true> <Delay = 0.00>
ST_1 : Operation 101 [1/1] (0.00ns)   --->   "%specbitsmap_ln0 = specbitsmap void @_ssdm_op_SpecBitsMap, i32 %arg1_2_axis_out_V_keep_V"   --->   Operation 101 'specbitsmap' 'specbitsmap_ln0' <Predicate = true> <Delay = 0.00>
ST_1 : Operation 102 [1/1] (0.00ns)   --->   "%specbitsmap_ln0 = specbitsmap void @_ssdm_op_SpecBitsMap, i32 %arg1_2_axis_out_V_strb_V"   --->   Operation 102 'specbitsmap' 'specbitsmap_ln0' <Predicate = true> <Delay = 0.00>
ST_1 : Operation 103 [1/1] (0.00ns)   --->   "%specbitsmap_ln0 = specbitsmap void @_ssdm_op_SpecBitsMap, i1 %arg1_2_axis_out_V_last_V"   --->   Operation 103 'specbitsmap' 'specbitsmap_ln0' <Predicate = true> <Delay = 0.00>
ST_1 : Operation 104 [1/1] (0.00ns)   --->   "%specinterface_ln0 = specinterface void @_ssdm_op_SpecInterface, i256 %arg1_3_axis_out_V_data_V, i32 %arg1_3_axis_out_V_keep_V, i32 %arg1_3_axis_out_V_strb_V, i1 %arg1_3_axis_out_V_last_V, void @empty_22, i32 1, i32 1, void @empty_40, i32 0, i32 0, void @empty_5, void @empty_5, void @empty_5, i32 0, i32 0, i32 0, i32 0, void @empty_5, void @empty_5, i32 4294967295, i32 0"   --->   Operation 104 'specinterface' 'specinterface_ln0' <Predicate = true> <Delay = 0.00>
ST_1 : Operation 105 [1/1] (0.00ns)   --->   "%specbitsmap_ln0 = specbitsmap void @_ssdm_op_SpecBitsMap, i256 %arg1_3_axis_out_V_data_V"   --->   Operation 105 'specbitsmap' 'specbitsmap_ln0' <Predicate = true> <Delay = 0.00>
ST_1 : Operation 106 [1/1] (0.00ns)   --->   "%specbitsmap_ln0 = specbitsmap void @_ssdm_op_SpecBitsMap, i32 %arg1_3_axis_out_V_keep_V"   --->   Operation 106 'specbitsmap' 'specbitsmap_ln0' <Predicate = true> <Delay = 0.00>
ST_1 : Operation 107 [1/1] (0.00ns)   --->   "%specbitsmap_ln0 = specbitsmap void @_ssdm_op_SpecBitsMap, i32 %arg1_3_axis_out_V_strb_V"   --->   Operation 107 'specbitsmap' 'specbitsmap_ln0' <Predicate = true> <Delay = 0.00>
ST_1 : Operation 108 [1/1] (0.00ns)   --->   "%specbitsmap_ln0 = specbitsmap void @_ssdm_op_SpecBitsMap, i1 %arg1_3_axis_out_V_last_V"   --->   Operation 108 'specbitsmap' 'specbitsmap_ln0' <Predicate = true> <Delay = 0.00>
ST_1 : Operation 109 [1/1] (0.00ns)   --->   "%specinterface_ln0 = specinterface void @_ssdm_op_SpecInterface, i256 %arg1_4_axis_out_V_data_V, i32 %arg1_4_axis_out_V_keep_V, i32 %arg1_4_axis_out_V_strb_V, i1 %arg1_4_axis_out_V_last_V, void @empty_22, i32 1, i32 1, void @empty_40, i32 0, i32 0, void @empty_5, void @empty_5, void @empty_5, i32 0, i32 0, i32 0, i32 0, void @empty_5, void @empty_5, i32 4294967295, i32 0"   --->   Operation 109 'specinterface' 'specinterface_ln0' <Predicate = true> <Delay = 0.00>
ST_1 : Operation 110 [1/1] (0.00ns)   --->   "%specbitsmap_ln0 = specbitsmap void @_ssdm_op_SpecBitsMap, i256 %arg1_4_axis_out_V_data_V"   --->   Operation 110 'specbitsmap' 'specbitsmap_ln0' <Predicate = true> <Delay = 0.00>
ST_1 : Operation 111 [1/1] (0.00ns)   --->   "%specbitsmap_ln0 = specbitsmap void @_ssdm_op_SpecBitsMap, i32 %arg1_4_axis_out_V_keep_V"   --->   Operation 111 'specbitsmap' 'specbitsmap_ln0' <Predicate = true> <Delay = 0.00>
ST_1 : Operation 112 [1/1] (0.00ns)   --->   "%specbitsmap_ln0 = specbitsmap void @_ssdm_op_SpecBitsMap, i32 %arg1_4_axis_out_V_strb_V"   --->   Operation 112 'specbitsmap' 'specbitsmap_ln0' <Predicate = true> <Delay = 0.00>
ST_1 : Operation 113 [1/1] (0.00ns)   --->   "%specbitsmap_ln0 = specbitsmap void @_ssdm_op_SpecBitsMap, i1 %arg1_4_axis_out_V_last_V"   --->   Operation 113 'specbitsmap' 'specbitsmap_ln0' <Predicate = true> <Delay = 0.00>
ST_1 : Operation 114 [1/1] (0.00ns)   --->   "%specinterface_ln0 = specinterface void @_ssdm_op_SpecInterface, i256 %arg1_5_axis_out_V_data_V, i32 %arg1_5_axis_out_V_keep_V, i32 %arg1_5_axis_out_V_strb_V, i1 %arg1_5_axis_out_V_last_V, void @empty_22, i32 1, i32 1, void @empty_40, i32 0, i32 0, void @empty_5, void @empty_5, void @empty_5, i32 0, i32 0, i32 0, i32 0, void @empty_5, void @empty_5, i32 4294967295, i32 0"   --->   Operation 114 'specinterface' 'specinterface_ln0' <Predicate = true> <Delay = 0.00>
ST_1 : Operation 115 [1/1] (0.00ns)   --->   "%specbitsmap_ln0 = specbitsmap void @_ssdm_op_SpecBitsMap, i256 %arg1_5_axis_out_V_data_V"   --->   Operation 115 'specbitsmap' 'specbitsmap_ln0' <Predicate = true> <Delay = 0.00>
ST_1 : Operation 116 [1/1] (0.00ns)   --->   "%specbitsmap_ln0 = specbitsmap void @_ssdm_op_SpecBitsMap, i32 %arg1_5_axis_out_V_keep_V"   --->   Operation 116 'specbitsmap' 'specbitsmap_ln0' <Predicate = true> <Delay = 0.00>
ST_1 : Operation 117 [1/1] (0.00ns)   --->   "%specbitsmap_ln0 = specbitsmap void @_ssdm_op_SpecBitsMap, i32 %arg1_5_axis_out_V_strb_V"   --->   Operation 117 'specbitsmap' 'specbitsmap_ln0' <Predicate = true> <Delay = 0.00>
ST_1 : Operation 118 [1/1] (0.00ns)   --->   "%specbitsmap_ln0 = specbitsmap void @_ssdm_op_SpecBitsMap, i1 %arg1_5_axis_out_V_last_V"   --->   Operation 118 'specbitsmap' 'specbitsmap_ln0' <Predicate = true> <Delay = 0.00>
ST_1 : Operation 119 [1/1] (0.00ns)   --->   "%specinterface_ln0 = specinterface void @_ssdm_op_SpecInterface, i256 %arg1_6_axis_out_V_data_V, i32 %arg1_6_axis_out_V_keep_V, i32 %arg1_6_axis_out_V_strb_V, i1 %arg1_6_axis_out_V_last_V, void @empty_22, i32 1, i32 1, void @empty_40, i32 0, i32 0, void @empty_5, void @empty_5, void @empty_5, i32 0, i32 0, i32 0, i32 0, void @empty_5, void @empty_5, i32 4294967295, i32 0"   --->   Operation 119 'specinterface' 'specinterface_ln0' <Predicate = true> <Delay = 0.00>
ST_1 : Operation 120 [1/1] (0.00ns)   --->   "%specbitsmap_ln0 = specbitsmap void @_ssdm_op_SpecBitsMap, i256 %arg1_6_axis_out_V_data_V"   --->   Operation 120 'specbitsmap' 'specbitsmap_ln0' <Predicate = true> <Delay = 0.00>
ST_1 : Operation 121 [1/1] (0.00ns)   --->   "%specbitsmap_ln0 = specbitsmap void @_ssdm_op_SpecBitsMap, i32 %arg1_6_axis_out_V_keep_V"   --->   Operation 121 'specbitsmap' 'specbitsmap_ln0' <Predicate = true> <Delay = 0.00>
ST_1 : Operation 122 [1/1] (0.00ns)   --->   "%specbitsmap_ln0 = specbitsmap void @_ssdm_op_SpecBitsMap, i32 %arg1_6_axis_out_V_strb_V"   --->   Operation 122 'specbitsmap' 'specbitsmap_ln0' <Predicate = true> <Delay = 0.00>
ST_1 : Operation 123 [1/1] (0.00ns)   --->   "%specbitsmap_ln0 = specbitsmap void @_ssdm_op_SpecBitsMap, i1 %arg1_6_axis_out_V_last_V"   --->   Operation 123 'specbitsmap' 'specbitsmap_ln0' <Predicate = true> <Delay = 0.00>
ST_1 : Operation 124 [1/1] (0.00ns)   --->   "%specinterface_ln0 = specinterface void @_ssdm_op_SpecInterface, i256 %arg1_7_axis_out_V_data_V, i32 %arg1_7_axis_out_V_keep_V, i32 %arg1_7_axis_out_V_strb_V, i1 %arg1_7_axis_out_V_last_V, void @empty_22, i32 1, i32 1, void @empty_40, i32 0, i32 0, void @empty_5, void @empty_5, void @empty_5, i32 0, i32 0, i32 0, i32 0, void @empty_5, void @empty_5, i32 4294967295, i32 0"   --->   Operation 124 'specinterface' 'specinterface_ln0' <Predicate = true> <Delay = 0.00>
ST_1 : Operation 125 [1/1] (0.00ns)   --->   "%specbitsmap_ln0 = specbitsmap void @_ssdm_op_SpecBitsMap, i256 %arg1_7_axis_out_V_data_V"   --->   Operation 125 'specbitsmap' 'specbitsmap_ln0' <Predicate = true> <Delay = 0.00>
ST_1 : Operation 126 [1/1] (0.00ns)   --->   "%specbitsmap_ln0 = specbitsmap void @_ssdm_op_SpecBitsMap, i32 %arg1_7_axis_out_V_keep_V"   --->   Operation 126 'specbitsmap' 'specbitsmap_ln0' <Predicate = true> <Delay = 0.00>
ST_1 : Operation 127 [1/1] (0.00ns)   --->   "%specbitsmap_ln0 = specbitsmap void @_ssdm_op_SpecBitsMap, i32 %arg1_7_axis_out_V_strb_V"   --->   Operation 127 'specbitsmap' 'specbitsmap_ln0' <Predicate = true> <Delay = 0.00>
ST_1 : Operation 128 [1/1] (0.00ns)   --->   "%specbitsmap_ln0 = specbitsmap void @_ssdm_op_SpecBitsMap, i1 %arg1_7_axis_out_V_last_V"   --->   Operation 128 'specbitsmap' 'specbitsmap_ln0' <Predicate = true> <Delay = 0.00>
ST_1 : Operation 129 [1/1] (0.00ns)   --->   "%specinterface_ln0 = specinterface void @_ssdm_op_SpecInterface, i32 0, void @empty_6, i32 0, i32 0, void @empty_5, i32 0, i32 0, void @empty_33, void @empty_5, void @empty_5, i32 0, i32 0, i32 0, i32 0, void @empty_5, void @empty_5, i32 4294967295, i32 0"   --->   Operation 129 'specinterface' 'specinterface_ln0' <Predicate = true> <Delay = 0.00>
ST_1 : Operation 130 [1/1] (1.00ns)   --->   "%last_tile_upper_limit_x_read = read i16 @_ssdm_op_Read.ap_none.i16, i16 %last_tile_upper_limit_x" [/home/x_thileeb/repos/ops-hls-batching-new/codegen_apps/tiling/poisson2d/u280_project/maxtile_8192_unalign_interleave_p7/hls/device/src/kernel_outerloop_0_0.cpp:276]   --->   Operation 130 'read' 'last_tile_upper_limit_x_read' <Predicate = true> <Delay = 1.00> <CoreInst = "s_axilite">   --->   Core 122 's_axilite' <Latency = 0> <II = 1> <Delay = 1.00> <Adapter> <Opcode : 'read' 'write'>
ST_1 : Operation 131 [1/1] (1.00ns)   --->   "%tile_count_x_read = read i16 @_ssdm_op_Read.ap_none.i16, i16 %tile_count_x" [/home/x_thileeb/repos/ops-hls-batching-new/codegen_apps/tiling/poisson2d/u280_project/maxtile_8192_unalign_interleave_p7/hls/device/src/kernel_outerloop_0_0.cpp:276]   --->   Operation 131 'read' 'tile_count_x_read' <Predicate = true> <Delay = 1.00> <CoreInst = "s_axilite">   --->   Core 122 's_axilite' <Latency = 0> <II = 1> <Delay = 1.00> <Adapter> <Opcode : 'read' 'write'>
ST_1 : Operation 132 [1/1] (1.00ns)   --->   "%last_tile_size_x_read = read i16 @_ssdm_op_Read.ap_none.i16, i16 %last_tile_size_x" [/home/x_thileeb/repos/ops-hls-batching-new/codegen_apps/tiling/poisson2d/u280_project/maxtile_8192_unalign_interleave_p7/hls/device/src/kernel_outerloop_0_0.cpp:276]   --->   Operation 132 'read' 'last_tile_size_x_read' <Predicate = true> <Delay = 1.00> <CoreInst = "s_axilite">   --->   Core 122 's_axilite' <Latency = 0> <II = 1> <Delay = 1.00> <Adapter> <Opcode : 'read' 'write'>
ST_1 : Operation 133 [1/1] (1.00ns)   --->   "%tile_size_x_read = read i16 @_ssdm_op_Read.ap_none.i16, i16 %tile_size_x" [/home/x_thileeb/repos/ops-hls-batching-new/codegen_apps/tiling/poisson2d/u280_project/maxtile_8192_unalign_interleave_p7/hls/device/src/kernel_outerloop_0_0.cpp:276]   --->   Operation 133 'read' 'tile_size_x_read' <Predicate = true> <Delay = 1.00> <CoreInst = "s_axilite">   --->   Core 122 's_axilite' <Latency = 0> <II = 1> <Delay = 1.00> <Adapter> <Opcode : 'read' 'write'>
ST_1 : Operation 134 [1/1] (1.00ns)   --->   "%stencilConfig_outer_loop_limit_read = read i16 @_ssdm_op_Read.ap_none.i16, i16 %stencilConfig_outer_loop_limit" [/home/x_thileeb/repos/ops-hls-batching-new/codegen_apps/tiling/poisson2d/u280_project/maxtile_8192_unalign_interleave_p7/hls/device/src/kernel_outerloop_0_0.cpp:276]   --->   Operation 134 'read' 'stencilConfig_outer_loop_limit_read' <Predicate = true> <Delay = 1.00> <CoreInst = "s_axilite">   --->   Core 122 's_axilite' <Latency = 0> <II = 1> <Delay = 1.00> <Adapter> <Opcode : 'read' 'write'>
ST_1 : Operation 135 [1/1] (1.00ns)   --->   "%stencilConfig_grid_size_1_read = read i16 @_ssdm_op_Read.ap_none.i16, i16 %stencilConfig_grid_size_1" [/home/x_thileeb/repos/ops-hls-batching-new/codegen_apps/tiling/poisson2d/u280_project/maxtile_8192_unalign_interleave_p7/hls/device/src/kernel_outerloop_0_0.cpp:276]   --->   Operation 135 'read' 'stencilConfig_grid_size_1_read' <Predicate = true> <Delay = 1.00> <CoreInst = "s_axilite">   --->   Core 122 's_axilite' <Latency = 0> <II = 1> <Delay = 1.00> <Adapter> <Opcode : 'read' 'write'>
ST_1 : Operation 136 [1/1] (1.00ns)   --->   "%outer_itr_read = read i32 @_ssdm_op_Read.ap_none.i32, i32 %outer_itr" [/home/x_thileeb/repos/ops-hls-batching-new/codegen_apps/tiling/poisson2d/u280_project/maxtile_8192_unalign_interleave_p7/hls/device/src/kernel_outerloop_0_0.cpp:276]   --->   Operation 136 'read' 'outer_itr_read' <Predicate = true> <Delay = 1.00> <CoreInst = "s_axilite">   --->   Core 122 's_axilite' <Latency = 0> <II = 1> <Delay = 1.00> <Adapter> <Opcode : 'read' 'write'>
ST_1 : Operation 137 [1/1] (0.00ns)   --->   "%zext_ln194 = zext i16 %tile_count_x_read" [/home/x_thileeb/repos/ops-hls-batching-new/codegen_apps/tiling/poisson2d/u280_project/maxtile_8192_unalign_interleave_p7/hls/device/src/kernel_outerloop_0_0.cpp:194]   --->   Operation 137 'zext' 'zext_ln194' <Predicate = true> <Delay = 0.00>
ST_1 : Operation 138 [1/1] (0.78ns)   --->   "%y_diff = add i16 %stencilConfig_outer_loop_limit_read, i16 65535" [/home/x_thileeb/repos/ops-hls-batching-new/codegen_apps/tiling/poisson2d/u280_project/maxtile_8192_unalign_interleave_p7/hls/device/src/kernel_outerloop_0_0.cpp:196]   --->   Operation 138 'add' 'y_diff' <Predicate = true> <Delay = 0.78> <CoreInst = "Adder">   --->   Core 1 'Adder' <Latency = 0> <II = 1> <Delay = 0.78> <FuncUnit> <Opcode : 'add' 'sub'> <InPorts = 2> <OutPorts = 1>
ST_1 : Operation 139 [1/1] (0.78ns)   --->   "%sub26_i = add i17 %zext_ln194, i17 131071" [/home/x_thileeb/repos/ops-hls-batching-new/codegen_apps/tiling/poisson2d/u280_project/maxtile_8192_unalign_interleave_p7/hls/device/src/kernel_outerloop_0_0.cpp:194]   --->   Operation 139 'add' 'sub26_i' <Predicate = true> <Delay = 0.78> <CoreInst = "Adder">   --->   Core 1 'Adder' <Latency = 0> <II = 1> <Delay = 0.78> <FuncUnit> <Opcode : 'add' 'sub'> <InPorts = 2> <OutPorts = 1>
ST_1 : Operation 140 [1/1] (0.00ns)   --->   "%zext_ln213 = zext i16 %y_diff" [/home/x_thileeb/repos/ops-hls-batching-new/codegen_apps/tiling/poisson2d/u280_project/maxtile_8192_unalign_interleave_p7/hls/device/src/kernel_outerloop_0_0.cpp:213]   --->   Operation 140 'zext' 'zext_ln213' <Predicate = true> <Delay = 0.00>
ST_1 : Operation 141 [1/1] (0.00ns)   --->   "%specaxissidechannel_ln198 = specaxissidechannel void @_ssdm_op_SpecAXISSideChannel, i256 %arg1_6_axis_out_V_data_V, i32 %arg1_6_axis_out_V_keep_V, i32 %arg1_6_axis_out_V_strb_V, i1 0, i1 %arg1_6_axis_out_V_last_V, i1 0, i1 0, void @empty_38" [/home/x_thileeb/repos/ops-hls-batching-new/codegen_apps/tiling/poisson2d/u280_project/maxtile_8192_unalign_interleave_p7/hls/device/src/kernel_outerloop_0_0.cpp:198]   --->   Operation 141 'specaxissidechannel' 'specaxissidechannel_ln198' <Predicate = true> <Delay = 0.00>
ST_1 : Operation 142 [1/1] (0.00ns)   --->   "%specaxissidechannel_ln198 = specaxissidechannel void @_ssdm_op_SpecAXISSideChannel, i256 %arg1_5_axis_out_V_data_V, i32 %arg1_5_axis_out_V_keep_V, i32 %arg1_5_axis_out_V_strb_V, i1 0, i1 %arg1_5_axis_out_V_last_V, i1 0, i1 0, void @empty_36" [/home/x_thileeb/repos/ops-hls-batching-new/codegen_apps/tiling/poisson2d/u280_project/maxtile_8192_unalign_interleave_p7/hls/device/src/kernel_outerloop_0_0.cpp:198]   --->   Operation 142 'specaxissidechannel' 'specaxissidechannel_ln198' <Predicate = true> <Delay = 0.00>
ST_1 : Operation 143 [1/1] (0.00ns)   --->   "%specaxissidechannel_ln198 = specaxissidechannel void @_ssdm_op_SpecAXISSideChannel, i256 %arg1_4_axis_out_V_data_V, i32 %arg1_4_axis_out_V_keep_V, i32 %arg1_4_axis_out_V_strb_V, i1 0, i1 %arg1_4_axis_out_V_last_V, i1 0, i1 0, void @empty_21" [/home/x_thileeb/repos/ops-hls-batching-new/codegen_apps/tiling/poisson2d/u280_project/maxtile_8192_unalign_interleave_p7/hls/device/src/kernel_outerloop_0_0.cpp:198]   --->   Operation 143 'specaxissidechannel' 'specaxissidechannel_ln198' <Predicate = true> <Delay = 0.00>
ST_1 : Operation 144 [1/1] (0.00ns)   --->   "%specaxissidechannel_ln198 = specaxissidechannel void @_ssdm_op_SpecAXISSideChannel, i256 %arg1_3_axis_out_V_data_V, i32 %arg1_3_axis_out_V_keep_V, i32 %arg1_3_axis_out_V_strb_V, i1 0, i1 %arg1_3_axis_out_V_last_V, i1 0, i1 0, void @empty_16" [/home/x_thileeb/repos/ops-hls-batching-new/codegen_apps/tiling/poisson2d/u280_project/maxtile_8192_unalign_interleave_p7/hls/device/src/kernel_outerloop_0_0.cpp:198]   --->   Operation 144 'specaxissidechannel' 'specaxissidechannel_ln198' <Predicate = true> <Delay = 0.00>
ST_1 : Operation 145 [1/1] (0.00ns)   --->   "%specaxissidechannel_ln198 = specaxissidechannel void @_ssdm_op_SpecAXISSideChannel, i256 %arg1_2_axis_out_V_data_V, i32 %arg1_2_axis_out_V_keep_V, i32 %arg1_2_axis_out_V_strb_V, i1 0, i1 %arg1_2_axis_out_V_last_V, i1 0, i1 0, void @empty_37" [/home/x_thileeb/repos/ops-hls-batching-new/codegen_apps/tiling/poisson2d/u280_project/maxtile_8192_unalign_interleave_p7/hls/device/src/kernel_outerloop_0_0.cpp:198]   --->   Operation 145 'specaxissidechannel' 'specaxissidechannel_ln198' <Predicate = true> <Delay = 0.00>
ST_1 : Operation 146 [1/1] (0.00ns)   --->   "%specaxissidechannel_ln198 = specaxissidechannel void @_ssdm_op_SpecAXISSideChannel, i256 %arg1_1_axis_out_V_data_V, i32 %arg1_1_axis_out_V_keep_V, i32 %arg1_1_axis_out_V_strb_V, i1 0, i1 %arg1_1_axis_out_V_last_V, i1 0, i1 0, void @empty_12" [/home/x_thileeb/repos/ops-hls-batching-new/codegen_apps/tiling/poisson2d/u280_project/maxtile_8192_unalign_interleave_p7/hls/device/src/kernel_outerloop_0_0.cpp:198]   --->   Operation 146 'specaxissidechannel' 'specaxissidechannel_ln198' <Predicate = true> <Delay = 0.00>
ST_1 : Operation 147 [1/1] (0.00ns)   --->   "%specaxissidechannel_ln198 = specaxissidechannel void @_ssdm_op_SpecAXISSideChannel, i256 %arg1_0_axis_out_V_data_V, i32 %arg1_0_axis_out_V_keep_V, i32 %arg1_0_axis_out_V_strb_V, i1 0, i1 %arg1_0_axis_out_V_last_V, i1 0, i1 0, void @empty_11" [/home/x_thileeb/repos/ops-hls-batching-new/codegen_apps/tiling/poisson2d/u280_project/maxtile_8192_unalign_interleave_p7/hls/device/src/kernel_outerloop_0_0.cpp:198]   --->   Operation 147 'specaxissidechannel' 'specaxissidechannel_ln198' <Predicate = true> <Delay = 0.00>
ST_1 : Operation 148 [1/1] (0.00ns)   --->   "%specaxissidechannel_ln198 = specaxissidechannel void @_ssdm_op_SpecAXISSideChannel, i256 %arg1_7_axis_out_V_data_V, i32 %arg1_7_axis_out_V_keep_V, i32 %arg1_7_axis_out_V_strb_V, i1 0, i1 %arg1_7_axis_out_V_last_V, i1 0, i1 0, void @empty_10" [/home/x_thileeb/repos/ops-hls-batching-new/codegen_apps/tiling/poisson2d/u280_project/maxtile_8192_unalign_interleave_p7/hls/device/src/kernel_outerloop_0_0.cpp:198]   --->   Operation 148 'specaxissidechannel' 'specaxissidechannel_ln198' <Predicate = true> <Delay = 0.00>
ST_1 : Operation 149 [1/1] (0.00ns)   --->   "%specaxissidechannel_ln198 = specaxissidechannel void @_ssdm_op_SpecAXISSideChannel, i256 %arg0_6_axis_in_V_data_V, i32 %arg0_6_axis_in_V_keep_V, i32 %arg0_6_axis_in_V_strb_V, i1 0, i1 %arg0_6_axis_in_V_last_V, i1 0, i1 0, void @empty_9" [/home/x_thileeb/repos/ops-hls-batching-new/codegen_apps/tiling/poisson2d/u280_project/maxtile_8192_unalign_interleave_p7/hls/device/src/kernel_outerloop_0_0.cpp:198]   --->   Operation 149 'specaxissidechannel' 'specaxissidechannel_ln198' <Predicate = true> <Delay = 0.00>
ST_1 : Operation 150 [1/1] (0.00ns)   --->   "%specaxissidechannel_ln198 = specaxissidechannel void @_ssdm_op_SpecAXISSideChannel, i256 %arg0_5_axis_in_V_data_V, i32 %arg0_5_axis_in_V_keep_V, i32 %arg0_5_axis_in_V_strb_V, i1 0, i1 %arg0_5_axis_in_V_last_V, i1 0, i1 0, void @empty" [/home/x_thileeb/repos/ops-hls-batching-new/codegen_apps/tiling/poisson2d/u280_project/maxtile_8192_unalign_interleave_p7/hls/device/src/kernel_outerloop_0_0.cpp:198]   --->   Operation 150 'specaxissidechannel' 'specaxissidechannel_ln198' <Predicate = true> <Delay = 0.00>
ST_1 : Operation 151 [1/1] (0.00ns)   --->   "%specaxissidechannel_ln198 = specaxissidechannel void @_ssdm_op_SpecAXISSideChannel, i256 %arg0_4_axis_in_V_data_V, i32 %arg0_4_axis_in_V_keep_V, i32 %arg0_4_axis_in_V_strb_V, i1 0, i1 %arg0_4_axis_in_V_last_V, i1 0, i1 0, void @empty_30" [/home/x_thileeb/repos/ops-hls-batching-new/codegen_apps/tiling/poisson2d/u280_project/maxtile_8192_unalign_interleave_p7/hls/device/src/kernel_outerloop_0_0.cpp:198]   --->   Operation 151 'specaxissidechannel' 'specaxissidechannel_ln198' <Predicate = true> <Delay = 0.00>
ST_1 : Operation 152 [1/1] (0.00ns)   --->   "%specaxissidechannel_ln198 = specaxissidechannel void @_ssdm_op_SpecAXISSideChannel, i256 %arg0_3_axis_in_V_data_V, i32 %arg0_3_axis_in_V_keep_V, i32 %arg0_3_axis_in_V_strb_V, i1 0, i1 %arg0_3_axis_in_V_last_V, i1 0, i1 0, void @empty_41" [/home/x_thileeb/repos/ops-hls-batching-new/codegen_apps/tiling/poisson2d/u280_project/maxtile_8192_unalign_interleave_p7/hls/device/src/kernel_outerloop_0_0.cpp:198]   --->   Operation 152 'specaxissidechannel' 'specaxissidechannel_ln198' <Predicate = true> <Delay = 0.00>
ST_1 : Operation 153 [1/1] (0.00ns)   --->   "%specaxissidechannel_ln198 = specaxissidechannel void @_ssdm_op_SpecAXISSideChannel, i256 %arg0_2_axis_in_V_data_V, i32 %arg0_2_axis_in_V_keep_V, i32 %arg0_2_axis_in_V_strb_V, i1 0, i1 %arg0_2_axis_in_V_last_V, i1 0, i1 0, void @empty_29" [/home/x_thileeb/repos/ops-hls-batching-new/codegen_apps/tiling/poisson2d/u280_project/maxtile_8192_unalign_interleave_p7/hls/device/src/kernel_outerloop_0_0.cpp:198]   --->   Operation 153 'specaxissidechannel' 'specaxissidechannel_ln198' <Predicate = true> <Delay = 0.00>
ST_1 : Operation 154 [1/1] (0.00ns)   --->   "%specaxissidechannel_ln198 = specaxissidechannel void @_ssdm_op_SpecAXISSideChannel, i256 %arg0_1_axis_in_V_data_V, i32 %arg0_1_axis_in_V_keep_V, i32 %arg0_1_axis_in_V_strb_V, i1 0, i1 %arg0_1_axis_in_V_last_V, i1 0, i1 0, void @empty_39" [/home/x_thileeb/repos/ops-hls-batching-new/codegen_apps/tiling/poisson2d/u280_project/maxtile_8192_unalign_interleave_p7/hls/device/src/kernel_outerloop_0_0.cpp:198]   --->   Operation 154 'specaxissidechannel' 'specaxissidechannel_ln198' <Predicate = true> <Delay = 0.00>
ST_1 : Operation 155 [1/1] (0.00ns)   --->   "%specaxissidechannel_ln198 = specaxissidechannel void @_ssdm_op_SpecAXISSideChannel, i256 %arg0_0_axis_in_V_data_V, i32 %arg0_0_axis_in_V_keep_V, i32 %arg0_0_axis_in_V_strb_V, i1 0, i1 %arg0_0_axis_in_V_last_V, i1 0, i1 0, void @empty_0" [/home/x_thileeb/repos/ops-hls-batching-new/codegen_apps/tiling/poisson2d/u280_project/maxtile_8192_unalign_interleave_p7/hls/device/src/kernel_outerloop_0_0.cpp:198]   --->   Operation 155 'specaxissidechannel' 'specaxissidechannel_ln198' <Predicate = true> <Delay = 0.00>
ST_1 : Operation 156 [1/1] (0.00ns)   --->   "%specaxissidechannel_ln198 = specaxissidechannel void @_ssdm_op_SpecAXISSideChannel, i256 %arg0_7_axis_in_V_data_V, i32 %arg0_7_axis_in_V_keep_V, i32 %arg0_7_axis_in_V_strb_V, i1 0, i1 %arg0_7_axis_in_V_last_V, i1 0, i1 0, void @empty_14" [/home/x_thileeb/repos/ops-hls-batching-new/codegen_apps/tiling/poisson2d/u280_project/maxtile_8192_unalign_interleave_p7/hls/device/src/kernel_outerloop_0_0.cpp:198]   --->   Operation 156 'specaxissidechannel' 'specaxissidechannel_ln198' <Predicate = true> <Delay = 0.00>
ST_1 : Operation 157 [1/1] (0.38ns)   --->   "%store_ln198 = store i32 0, i32 %i" [/home/x_thileeb/repos/ops-hls-batching-new/codegen_apps/tiling/poisson2d/u280_project/maxtile_8192_unalign_interleave_p7/hls/device/src/kernel_outerloop_0_0.cpp:198]   --->   Operation 157 'store' 'store_ln198' <Predicate = true> <Delay = 0.38>
ST_1 : Operation 158 [1/1] (0.00ns)   --->   "%br_ln198 = br void %VITIS_LOOP_200_2.i" [/home/x_thileeb/repos/ops-hls-batching-new/codegen_apps/tiling/poisson2d/u280_project/maxtile_8192_unalign_interleave_p7/hls/device/src/kernel_outerloop_0_0.cpp:198]   --->   Operation 158 'br' 'br_ln198' <Predicate = true> <Delay = 0.00>

State 2 <SV = 1> <Delay = 0.88>
ST_2 : Operation 159 [1/1] (0.00ns)   --->   "%i_10 = load i32 %i" [/home/x_thileeb/repos/ops-hls-batching-new/codegen_apps/tiling/poisson2d/u280_project/maxtile_8192_unalign_interleave_p7/hls/device/src/kernel_outerloop_0_0.cpp:198]   --->   Operation 159 'load' 'i_10' <Predicate = true> <Delay = 0.00>
ST_2 : Operation 160 [1/1] (0.85ns)   --->   "%icmp_ln198 = icmp_eq  i32 %i_10, i32 %outer_itr_read" [/home/x_thileeb/repos/ops-hls-batching-new/codegen_apps/tiling/poisson2d/u280_project/maxtile_8192_unalign_interleave_p7/hls/device/src/kernel_outerloop_0_0.cpp:198]   --->   Operation 160 'icmp' 'icmp_ln198' <Predicate = true> <Delay = 0.85> <CoreInst = "Cmp">   --->   Core 9 'Cmp' <Latency = 0> <II = 1> <Delay = 0.85> <FuncUnit> <Opcode : 'icmp'> <InPorts = 2> <OutPorts = 1>
ST_2 : Operation 161 [1/1] (0.88ns)   --->   "%i_11 = add i32 %i_10, i32 1" [/home/x_thileeb/repos/ops-hls-batching-new/codegen_apps/tiling/poisson2d/u280_project/maxtile_8192_unalign_interleave_p7/hls/device/src/kernel_outerloop_0_0.cpp:198]   --->   Operation 161 'add' 'i_11' <Predicate = true> <Delay = 0.88> <CoreInst = "Adder">   --->   Core 1 'Adder' <Latency = 0> <II = 1> <Delay = 0.88> <FuncUnit> <Opcode : 'add' 'sub'> <InPorts = 2> <OutPorts = 1>
ST_2 : Operation 162 [1/1] (0.00ns)   --->   "%br_ln198 = br i1 %icmp_ln198, void %VITIS_LOOP_200_2.i.split, void %_ZL30kernel_outerloop_0_main_regiontjRKN3ops3hls22StencilConfigCoreTiledERN3hls6streamINS4_4axisI7ap_uintILi256EELm0ELm0ELm0EEELi0EEESB_SB_SB_SB_SB_SB_SB_SB_SB_SB_SB_SB_SB_SB_SB_.exit.loopexit" [/home/x_thileeb/repos/ops-hls-batching-new/codegen_apps/tiling/poisson2d/u280_project/maxtile_8192_unalign_interleave_p7/hls/device/src/kernel_outerloop_0_0.cpp:198]   --->   Operation 162 'br' 'br_ln198' <Predicate = true> <Delay = 0.00>
ST_2 : Operation 163 [1/1] (0.00ns)   --->   "%specloopname_ln198 = specloopname void @_ssdm_op_SpecLoopName, void @empty_1" [/home/x_thileeb/repos/ops-hls-batching-new/codegen_apps/tiling/poisson2d/u280_project/maxtile_8192_unalign_interleave_p7/hls/device/src/kernel_outerloop_0_0.cpp:198]   --->   Operation 163 'specloopname' 'specloopname_ln198' <Predicate = (!icmp_ln198)> <Delay = 0.00>
ST_2 : Operation 164 [1/1] (0.38ns)   --->   "%br_ln200 = br void %for.body12.i" [/home/x_thileeb/repos/ops-hls-batching-new/codegen_apps/tiling/poisson2d/u280_project/maxtile_8192_unalign_interleave_p7/hls/device/src/kernel_outerloop_0_0.cpp:200]   --->   Operation 164 'br' 'br_ln200' <Predicate = (!icmp_ln198)> <Delay = 0.38>

State 3 <SV = 2> <Delay = 2.39>
ST_3 : Operation 165 [1/1] (0.00ns)   --->   "%tile_id = phi i16 0, void %VITIS_LOOP_200_2.i.split, i16 %tile_id_1, void %for.body12.i.split_ifconv"   --->   Operation 165 'phi' 'tile_id' <Predicate = true> <Delay = 0.00>
ST_3 : Operation 166 [1/1] (0.00ns)   --->   "%tile_x = phi i16 0, void %VITIS_LOOP_200_2.i.split, i16 %tile_x_3, void %for.body12.i.split_ifconv"   --->   Operation 166 'phi' 'tile_x' <Predicate = true> <Delay = 0.00>
ST_3 : Operation 167 [1/1] (0.67ns)   --->   "%icmp_ln200 = icmp_eq  i16 %tile_id, i16 %tile_count_x_read" [/home/x_thileeb/repos/ops-hls-batching-new/codegen_apps/tiling/poisson2d/u280_project/maxtile_8192_unalign_interleave_p7/hls/device/src/kernel_outerloop_0_0.cpp:200]   --->   Operation 167 'icmp' 'icmp_ln200' <Predicate = true> <Delay = 0.67> <CoreInst = "Cmp">   --->   Core 9 'Cmp' <Latency = 0> <II = 1> <Delay = 0.67> <FuncUnit> <Opcode : 'icmp'> <InPorts = 2> <OutPorts = 1>
ST_3 : Operation 168 [1/1] (0.78ns)   --->   "%tile_id_1 = add i16 %tile_id, i16 1" [/home/x_thileeb/repos/ops-hls-batching-new/codegen_apps/tiling/poisson2d/u280_project/maxtile_8192_unalign_interleave_p7/hls/device/src/kernel_outerloop_0_0.cpp:200]   --->   Operation 168 'add' 'tile_id_1' <Predicate = true> <Delay = 0.78> <CoreInst = "Adder">   --->   Core 1 'Adder' <Latency = 0> <II = 1> <Delay = 0.78> <FuncUnit> <Opcode : 'add' 'sub'> <InPorts = 2> <OutPorts = 1>
ST_3 : Operation 169 [1/1] (0.00ns)   --->   "%br_ln200 = br i1 %icmp_ln200, void %for.body12.i.split_ifconv, void %for.inc66.i.loopexit" [/home/x_thileeb/repos/ops-hls-batching-new/codegen_apps/tiling/poisson2d/u280_project/maxtile_8192_unalign_interleave_p7/hls/device/src/kernel_outerloop_0_0.cpp:200]   --->   Operation 169 'br' 'br_ln200' <Predicate = true> <Delay = 0.00>
ST_3 : Operation 170 [1/1] (0.67ns)   --->   "%icmp_ln203 = icmp_eq  i16 %tile_id, i16 0" [/home/x_thileeb/repos/ops-hls-batching-new/codegen_apps/tiling/poisson2d/u280_project/maxtile_8192_unalign_interleave_p7/hls/device/src/kernel_outerloop_0_0.cpp:203]   --->   Operation 170 'icmp' 'icmp_ln203' <Predicate = (!icmp_ln200)> <Delay = 0.67> <CoreInst = "Cmp">   --->   Core 9 'Cmp' <Latency = 0> <II = 1> <Delay = 0.67> <FuncUnit> <Opcode : 'icmp'> <InPorts = 2> <OutPorts = 1>
ST_3 : Operation 171 [1/1] (0.78ns)   --->   "%tile_x_1 = add i16 %tile_x, i16 1" [/home/x_thileeb/repos/ops-hls-batching-new/codegen_apps/tiling/poisson2d/u280_project/maxtile_8192_unalign_interleave_p7/hls/device/src/kernel_outerloop_0_0.cpp:204]   --->   Operation 171 'add' 'tile_x_1' <Predicate = (!icmp_ln200)> <Delay = 0.78> <CoreInst = "Adder">   --->   Core 1 'Adder' <Latency = 0> <II = 1> <Delay = 0.78> <FuncUnit> <Opcode : 'add' 'sub'> <InPorts = 2> <OutPorts = 1>
ST_3 : Operation 172 [1/1] (0.67ns)   --->   "%icmp_ln205 = icmp_ult  i16 %tile_x_1, i16 %tile_count_x_read" [/home/x_thileeb/repos/ops-hls-batching-new/codegen_apps/tiling/poisson2d/u280_project/maxtile_8192_unalign_interleave_p7/hls/device/src/kernel_outerloop_0_0.cpp:205]   --->   Operation 172 'icmp' 'icmp_ln205' <Predicate = (!icmp_ln200)> <Delay = 0.67> <CoreInst = "Cmp">   --->   Core 9 'Cmp' <Latency = 0> <II = 1> <Delay = 0.67> <FuncUnit> <Opcode : 'icmp'> <InPorts = 2> <OutPorts = 1>
ST_3 : Operation 173 [1/1] (0.00ns) (grouped into LUT with out node tile_x_3)   --->   "%xor_ln205 = xor i1 %icmp_ln205, i1 1" [/home/x_thileeb/repos/ops-hls-batching-new/codegen_apps/tiling/poisson2d/u280_project/maxtile_8192_unalign_interleave_p7/hls/device/src/kernel_outerloop_0_0.cpp:205]   --->   Operation 173 'xor' 'xor_ln205' <Predicate = (!icmp_ln200)> <Delay = 0.00> <CoreInst = "LogicGate">   --->   Core 74 'LogicGate' <Latency = 0> <II = 1> <Delay = 0.12> <FuncUnit> <Opcode : 'and' 'or' 'xor'> <InPorts = 2> <OutPorts = 1>
ST_3 : Operation 174 [1/1] (0.00ns) (grouped into LUT with out node tile_x_3)   --->   "%tile_x_2 = select i1 %xor_ln205, i16 0, i16 %tile_x_1" [/home/x_thileeb/repos/ops-hls-batching-new/codegen_apps/tiling/poisson2d/u280_project/maxtile_8192_unalign_interleave_p7/hls/device/src/kernel_outerloop_0_0.cpp:205]   --->   Operation 174 'select' 'tile_x_2' <Predicate = (!icmp_ln200)> <Delay = 0.00> <CoreInst = "Sel">   --->   Core 73 'Sel' <Latency = 0> <II = 1> <Delay = 0.24> <FuncUnit> <Opcode : 'select'> <InPorts = 3> <OutPorts = 1>
ST_3 : Operation 175 [1/1] (0.24ns) (out node of the LUT)   --->   "%tile_x_3 = select i1 %icmp_ln203, i16 %tile_x, i16 %tile_x_2" [/home/x_thileeb/repos/ops-hls-batching-new/codegen_apps/tiling/poisson2d/u280_project/maxtile_8192_unalign_interleave_p7/hls/device/src/kernel_outerloop_0_0.cpp:203]   --->   Operation 175 'select' 'tile_x_3' <Predicate = (!icmp_ln200)> <Delay = 0.24> <CoreInst = "Sel">   --->   Core 73 'Sel' <Latency = 0> <II = 1> <Delay = 0.24> <FuncUnit> <Opcode : 'select'> <InPorts = 3> <OutPorts = 1>
ST_3 : Operation 176 [1/1] (0.00ns)   --->   "%zext_ln210 = zext i16 %tile_x_3" [/home/x_thileeb/repos/ops-hls-batching-new/codegen_apps/tiling/poisson2d/u280_project/maxtile_8192_unalign_interleave_p7/hls/device/src/kernel_outerloop_0_0.cpp:210]   --->   Operation 176 'zext' 'zext_ln210' <Predicate = (!icmp_ln200)> <Delay = 0.00>
ST_3 : Operation 177 [1/1] (0.68ns)   --->   "%is_last_tile_x = icmp_eq  i17 %sub26_i, i17 %zext_ln210" [/home/x_thileeb/repos/ops-hls-batching-new/codegen_apps/tiling/poisson2d/u280_project/maxtile_8192_unalign_interleave_p7/hls/device/src/kernel_outerloop_0_0.cpp:210]   --->   Operation 177 'icmp' 'is_last_tile_x' <Predicate = (!icmp_ln200)> <Delay = 0.68> <CoreInst = "Cmp">   --->   Core 9 'Cmp' <Latency = 0> <II = 1> <Delay = 0.68> <FuncUnit> <Opcode : 'icmp'> <InPorts = 2> <OutPorts = 1>
ST_3 : Operation 178 [1/1] (0.38ns)   --->   "%store_ln198 = store i32 %i_11, i32 %i" [/home/x_thileeb/repos/ops-hls-batching-new/codegen_apps/tiling/poisson2d/u280_project/maxtile_8192_unalign_interleave_p7/hls/device/src/kernel_outerloop_0_0.cpp:198]   --->   Operation 178 'store' 'store_ln198' <Predicate = (icmp_ln200)> <Delay = 0.38>
ST_3 : Operation 179 [1/1] (0.00ns)   --->   "%br_ln198 = br void %VITIS_LOOP_200_2.i" [/home/x_thileeb/repos/ops-hls-batching-new/codegen_apps/tiling/poisson2d/u280_project/maxtile_8192_unalign_interleave_p7/hls/device/src/kernel_outerloop_0_0.cpp:198]   --->   Operation 179 'br' 'br_ln198' <Predicate = (icmp_ln200)> <Delay = 0.00>

State 4 <SV = 3> <Delay = 1.32>
ST_4 : Operation 180 [1/1] (0.00ns) (grouped into LUT with out node add_ln212)   --->   "%tile_size_x_1 = select i1 %is_last_tile_x, i16 %last_tile_size_x_read, i16 %tile_size_x_read" [/home/x_thileeb/repos/ops-hls-batching-new/codegen_apps/tiling/poisson2d/u280_project/maxtile_8192_unalign_interleave_p7/hls/device/src/kernel_outerloop_0_0.cpp:210]   --->   Operation 180 'select' 'tile_size_x_1' <Predicate = true> <Delay = 0.00> <CoreInst = "Sel">   --->   Core 73 'Sel' <Latency = 0> <II = 1> <Delay = 0.24> <FuncUnit> <Opcode : 'select'> <InPorts = 3> <OutPorts = 1>
ST_4 : Operation 181 [1/1] (0.00ns) (grouped into LUT with out node add_ln212)   --->   "%zext_ln212 = zext i16 %tile_size_x_1" [/home/x_thileeb/repos/ops-hls-batching-new/codegen_apps/tiling/poisson2d/u280_project/maxtile_8192_unalign_interleave_p7/hls/device/src/kernel_outerloop_0_0.cpp:212]   --->   Operation 181 'zext' 'zext_ln212' <Predicate = true> <Delay = 0.00>
ST_4 : Operation 182 [1/1] (0.78ns) (out node of the LUT)   --->   "%add_ln212 = add i17 %zext_ln212, i17 7" [/home/x_thileeb/repos/ops-hls-batching-new/codegen_apps/tiling/poisson2d/u280_project/maxtile_8192_unalign_interleave_p7/hls/device/src/kernel_outerloop_0_0.cpp:212]   --->   Operation 182 'add' 'add_ln212' <Predicate = true> <Delay = 0.78> <CoreInst = "Adder">   --->   Core 1 'Adder' <Latency = 0> <II = 1> <Delay = 0.78> <FuncUnit> <Opcode : 'add' 'sub'> <InPorts = 2> <OutPorts = 1>
ST_4 : Operation 183 [1/1] (0.00ns)   --->   "%tileConfig_tile_size_0 = partselect i14 @_ssdm_op_PartSelect.i14.i17.i32.i32, i17 %add_ln212, i32 3, i32 16" [/home/x_thileeb/repos/ops-hls-batching-new/codegen_apps/tiling/poisson2d/u280_project/maxtile_8192_unalign_interleave_p7/hls/device/src/kernel_outerloop_0_0.cpp:212]   --->   Operation 183 'partselect' 'tileConfig_tile_size_0' <Predicate = true> <Delay = 0.00>
ST_4 : Operation 184 [1/1] (0.00ns)   --->   "%zext_ln213_1 = zext i14 %tileConfig_tile_size_0" [/home/x_thileeb/repos/ops-hls-batching-new/codegen_apps/tiling/poisson2d/u280_project/maxtile_8192_unalign_interleave_p7/hls/device/src/kernel_outerloop_0_0.cpp:213]   --->   Operation 184 'zext' 'zext_ln213_1' <Predicate = true> <Delay = 0.00>
ST_4 : Operation 185 [4/4] (0.53ns) (root node of the DSP)   --->   "%mul_ln213 = mul i29 %zext_ln213_1, i29 %zext_ln213" [/home/x_thileeb/repos/ops-hls-batching-new/codegen_apps/tiling/poisson2d/u280_project/maxtile_8192_unalign_interleave_p7/hls/device/src/kernel_outerloop_0_0.cpp:213]   --->   Operation 185 'mul' 'mul_ln213' <Predicate = true> <Delay = 0.53> <CoreInst = "DSP48">   --->   Core 127 'DSP48' <Latency = 3> <II = 1> <Delay = 0.53> <IPBlock> <Opcode : 'mul' 'add' 'sub' 'select'> <InPorts = 0> <OutPorts = 1> <Sync> <CReg>

State 5 <SV = 4> <Delay = 0.53>
ST_5 : Operation 186 [3/4] (0.53ns) (root node of the DSP)   --->   "%mul_ln213 = mul i29 %zext_ln213_1, i29 %zext_ln213" [/home/x_thileeb/repos/ops-hls-batching-new/codegen_apps/tiling/poisson2d/u280_project/maxtile_8192_unalign_interleave_p7/hls/device/src/kernel_outerloop_0_0.cpp:213]   --->   Operation 186 'mul' 'mul_ln213' <Predicate = true> <Delay = 0.53> <CoreInst = "DSP48">   --->   Core 127 'DSP48' <Latency = 3> <II = 1> <Delay = 0.53> <IPBlock> <Opcode : 'mul' 'add' 'sub' 'select'> <InPorts = 0> <OutPorts = 1> <Sync> <CReg>

State 6 <SV = 5> <Delay = 0.53>
ST_6 : Operation 187 [2/4] (0.53ns) (root node of the DSP)   --->   "%mul_ln213 = mul i29 %zext_ln213_1, i29 %zext_ln213" [/home/x_thileeb/repos/ops-hls-batching-new/codegen_apps/tiling/poisson2d/u280_project/maxtile_8192_unalign_interleave_p7/hls/device/src/kernel_outerloop_0_0.cpp:213]   --->   Operation 187 'mul' 'mul_ln213' <Predicate = true> <Delay = 0.53> <CoreInst = "DSP48">   --->   Core 127 'DSP48' <Latency = 3> <II = 1> <Delay = 0.53> <IPBlock> <Opcode : 'mul' 'add' 'sub' 'select'> <InPorts = 0> <OutPorts = 1> <Sync> <CReg>

State 7 <SV = 6> <Delay = 1.98>
ST_7 : Operation 188 [1/4] (0.00ns) (root node of the DSP)   --->   "%mul_ln213 = mul i29 %zext_ln213_1, i29 %zext_ln213" [/home/x_thileeb/repos/ops-hls-batching-new/codegen_apps/tiling/poisson2d/u280_project/maxtile_8192_unalign_interleave_p7/hls/device/src/kernel_outerloop_0_0.cpp:213]   --->   Operation 188 'mul' 'mul_ln213' <Predicate = true> <Delay = 0.00> <CoreInst = "DSP48">   --->   Core 127 'DSP48' <Latency = 3> <II = 1> <Delay = 0.53> <IPBlock> <Opcode : 'mul' 'add' 'sub' 'select'> <InPorts = 0> <OutPorts = 1> <Sync> <CReg>
ST_7 : Operation 189 [1/1] (0.76ns)   --->   "%tileConfig_line_diff = add i14 %tileConfig_tile_size_0, i14 16383" [/home/x_thileeb/repos/ops-hls-batching-new/codegen_apps/tiling/poisson2d/u280_project/maxtile_8192_unalign_interleave_p7/hls/device/src/kernel_outerloop_0_0.cpp:237]   --->   Operation 189 'add' 'tileConfig_line_diff' <Predicate = true> <Delay = 0.76> <CoreInst = "Adder">   --->   Core 1 'Adder' <Latency = 0> <II = 1> <Delay = 0.76> <FuncUnit> <Opcode : 'add' 'sub'> <InPorts = 2> <OutPorts = 1>
ST_7 : Operation 190 [2/2] (1.21ns)   --->   "%call_ln251 = call void @kernel_outerloop_0_dataflow_region, i14 %tileConfig_tile_size_0, i16 %stencilConfig_grid_size_1_read, i16 %stencilConfig_outer_loop_limit_read, i16 %last_tile_upper_limit_x_read, i1 %is_last_tile_x, i14 %tileConfig_line_diff, i29 %mul_ln213, i256 %arg0_0_axis_in_V_data_V, i32 %arg0_0_axis_in_V_keep_V, i32 %arg0_0_axis_in_V_strb_V, i1 %arg0_0_axis_in_V_last_V, i256 %arg0_1_axis_in_V_data_V, i32 %arg0_1_axis_in_V_keep_V, i32 %arg0_1_axis_in_V_strb_V, i1 %arg0_1_axis_in_V_last_V, i256 %arg0_2_axis_in_V_data_V, i32 %arg0_2_axis_in_V_keep_V, i32 %arg0_2_axis_in_V_strb_V, i1 %arg0_2_axis_in_V_last_V, i256 %arg0_3_axis_in_V_data_V, i32 %arg0_3_axis_in_V_keep_V, i32 %arg0_3_axis_in_V_strb_V, i1 %arg0_3_axis_in_V_last_V, i256 %arg0_4_axis_in_V_data_V, i32 %arg0_4_axis_in_V_keep_V, i32 %arg0_4_axis_in_V_strb_V, i1 %arg0_4_axis_in_V_last_V, i256 %arg0_5_axis_in_V_data_V, i32 %arg0_5_axis_in_V_keep_V, i32 %arg0_5_axis_in_V_strb_V, i1 %arg0_5_axis_in_V_last_V, i256 %arg0_6_axis_in_V_data_V, i32 %arg0_6_axis_in_V_keep_V, i32 %arg0_6_axis_in_V_strb_V, i1 %arg0_6_axis_in_V_last_V, i256 %arg0_7_axis_in_V_data_V, i32 %arg0_7_axis_in_V_keep_V, i32 %arg0_7_axis_in_V_strb_V, i1 %arg0_7_axis_in_V_last_V, i256 %arg1_0_axis_out_V_data_V, i32 %arg1_0_axis_out_V_keep_V, i32 %arg1_0_axis_out_V_strb_V, i1 %arg1_0_axis_out_V_last_V, i256 %arg1_1_axis_out_V_data_V, i32 %arg1_1_axis_out_V_keep_V, i32 %arg1_1_axis_out_V_strb_V, i1 %arg1_1_axis_out_V_last_V, i256 %arg1_2_axis_out_V_data_V, i32 %arg1_2_axis_out_V_keep_V, i32 %arg1_2_axis_out_V_strb_V, i1 %arg1_2_axis_out_V_last_V, i256 %arg1_3_axis_out_V_data_V, i32 %arg1_3_axis_out_V_keep_V, i32 %arg1_3_axis_out_V_strb_V, i1 %arg1_3_axis_out_V_last_V, i256 %arg1_4_axis_out_V_data_V, i32 %arg1_4_axis_out_V_keep_V, i32 %arg1_4_axis_out_V_strb_V, i1 %arg1_4_axis_out_V_last_V, i256 %arg1_5_axis_out_V_data_V, i32 %arg1_5_axis_out_V_keep_V, i32 %arg1_5_axis_out_V_strb_V, i1 %arg1_5_axis_out_V_last_V, i256 %arg1_6_axis_out_V_data_V, i32 %arg1_6_axis_out_V_keep_V, i32 %arg1_6_axis_out_V_strb_V, i1 %arg1_6_axis_out_V_last_V, i256 %arg1_7_axis_out_V_data_V, i32 %arg1_7_axis_out_V_keep_V, i32 %arg1_7_axis_out_V_strb_V, i1 %arg1_7_axis_out_V_last_V" [/home/x_thileeb/repos/ops-hls-batching-new/codegen_apps/tiling/poisson2d/u280_project/maxtile_8192_unalign_interleave_p7/hls/device/src/kernel_outerloop_0_0.cpp:251]   --->   Operation 190 'call' 'call_ln251' <Predicate = true> <Delay = 1.21> <CoreType = "Generic">   --->   Core 0 '' <Latency = 0> <II = 1> <Delay = 1.00> <Generic> <Opcode : >

State 8 <SV = 7> <Delay = 0.00>
ST_8 : Operation 191 [1/1] (0.00ns)   --->   "%specloopname_ln195 = specloopname void @_ssdm_op_SpecLoopName, void @empty_2" [/home/x_thileeb/repos/ops-hls-batching-new/codegen_apps/tiling/poisson2d/u280_project/maxtile_8192_unalign_interleave_p7/hls/device/src/kernel_outerloop_0_0.cpp:195]   --->   Operation 191 'specloopname' 'specloopname_ln195' <Predicate = true> <Delay = 0.00>
ST_8 : Operation 192 [1/2] (0.00ns)   --->   "%call_ln251 = call void @kernel_outerloop_0_dataflow_region, i14 %tileConfig_tile_size_0, i16 %stencilConfig_grid_size_1_read, i16 %stencilConfig_outer_loop_limit_read, i16 %last_tile_upper_limit_x_read, i1 %is_last_tile_x, i14 %tileConfig_line_diff, i29 %mul_ln213, i256 %arg0_0_axis_in_V_data_V, i32 %arg0_0_axis_in_V_keep_V, i32 %arg0_0_axis_in_V_strb_V, i1 %arg0_0_axis_in_V_last_V, i256 %arg0_1_axis_in_V_data_V, i32 %arg0_1_axis_in_V_keep_V, i32 %arg0_1_axis_in_V_strb_V, i1 %arg0_1_axis_in_V_last_V, i256 %arg0_2_axis_in_V_data_V, i32 %arg0_2_axis_in_V_keep_V, i32 %arg0_2_axis_in_V_strb_V, i1 %arg0_2_axis_in_V_last_V, i256 %arg0_3_axis_in_V_data_V, i32 %arg0_3_axis_in_V_keep_V, i32 %arg0_3_axis_in_V_strb_V, i1 %arg0_3_axis_in_V_last_V, i256 %arg0_4_axis_in_V_data_V, i32 %arg0_4_axis_in_V_keep_V, i32 %arg0_4_axis_in_V_strb_V, i1 %arg0_4_axis_in_V_last_V, i256 %arg0_5_axis_in_V_data_V, i32 %arg0_5_axis_in_V_keep_V, i32 %arg0_5_axis_in_V_strb_V, i1 %arg0_5_axis_in_V_last_V, i256 %arg0_6_axis_in_V_data_V, i32 %arg0_6_axis_in_V_keep_V, i32 %arg0_6_axis_in_V_strb_V, i1 %arg0_6_axis_in_V_last_V, i256 %arg0_7_axis_in_V_data_V, i32 %arg0_7_axis_in_V_keep_V, i32 %arg0_7_axis_in_V_strb_V, i1 %arg0_7_axis_in_V_last_V, i256 %arg1_0_axis_out_V_data_V, i32 %arg1_0_axis_out_V_keep_V, i32 %arg1_0_axis_out_V_strb_V, i1 %arg1_0_axis_out_V_last_V, i256 %arg1_1_axis_out_V_data_V, i32 %arg1_1_axis_out_V_keep_V, i32 %arg1_1_axis_out_V_strb_V, i1 %arg1_1_axis_out_V_last_V, i256 %arg1_2_axis_out_V_data_V, i32 %arg1_2_axis_out_V_keep_V, i32 %arg1_2_axis_out_V_strb_V, i1 %arg1_2_axis_out_V_last_V, i256 %arg1_3_axis_out_V_data_V, i32 %arg1_3_axis_out_V_keep_V, i32 %arg1_3_axis_out_V_strb_V, i1 %arg1_3_axis_out_V_last_V, i256 %arg1_4_axis_out_V_data_V, i32 %arg1_4_axis_out_V_keep_V, i32 %arg1_4_axis_out_V_strb_V, i1 %arg1_4_axis_out_V_last_V, i256 %arg1_5_axis_out_V_data_V, i32 %arg1_5_axis_out_V_keep_V, i32 %arg1_5_axis_out_V_strb_V, i1 %arg1_5_axis_out_V_last_V, i256 %arg1_6_axis_out_V_data_V, i32 %arg1_6_axis_out_V_keep_V, i32 %arg1_6_axis_out_V_strb_V, i1 %arg1_6_axis_out_V_last_V, i256 %arg1_7_axis_out_V_data_V, i32 %arg1_7_axis_out_V_keep_V, i32 %arg1_7_axis_out_V_strb_V, i1 %arg1_7_axis_out_V_last_V" [/home/x_thileeb/repos/ops-hls-batching-new/codegen_apps/tiling/poisson2d/u280_project/maxtile_8192_unalign_interleave_p7/hls/device/src/kernel_outerloop_0_0.cpp:251]   --->   Operation 192 'call' 'call_ln251' <Predicate = true> <Delay = 0.00> <CoreType = "Generic">   --->   Core 0 '' <Latency = 0> <II = 1> <Delay = 1.00> <Generic> <Opcode : >
ST_8 : Operation 193 [1/1] (0.00ns)   --->   "%br_ln200 = br void %for.body12.i" [/home/x_thileeb/repos/ops-hls-batching-new/codegen_apps/tiling/poisson2d/u280_project/maxtile_8192_unalign_interleave_p7/hls/device/src/kernel_outerloop_0_0.cpp:200]   --->   Operation 193 'br' 'br_ln200' <Predicate = true> <Delay = 0.00>

State 9 <SV = 8> <Delay = 0.00>
ST_9 : Operation 194 [1/1] (0.00ns)   --->   "%ret_ln434 = ret" [/home/x_thileeb/repos/ops-hls-batching-new/codegen_apps/tiling/poisson2d/u280_project/maxtile_8192_unalign_interleave_p7/hls/device/src/kernel_outerloop_0_0.cpp:434]   --->   Operation 194 'ret' 'ret_ln434' <Predicate = true> <Delay = 0.00>


============================================================
+ Verbose Summary: Timing violations
============================================================
Target clock period: 3.33ns, clock uncertainty: 0.9ns.

 <State 1>: 1.79ns
The critical path consists of the following:
	wire read operation ('stencilConfig_outer_loop_limit_read', /home/x_thileeb/repos/ops-hls-batching-new/codegen_apps/tiling/poisson2d/u280_project/maxtile_8192_unalign_interleave_p7/hls/device/src/kernel_outerloop_0_0.cpp:276) on port 'stencilConfig_outer_loop_limit' (/home/x_thileeb/repos/ops-hls-batching-new/codegen_apps/tiling/poisson2d/u280_project/maxtile_8192_unalign_interleave_p7/hls/device/src/kernel_outerloop_0_0.cpp:276) [201]  (1 ns)
	'add' operation ('y_diff', /home/x_thileeb/repos/ops-hls-batching-new/codegen_apps/tiling/poisson2d/u280_project/maxtile_8192_unalign_interleave_p7/hls/device/src/kernel_outerloop_0_0.cpp:196) [205]  (0.785 ns)

 <State 2>: 0.88ns
The critical path consists of the following:
	'load' operation ('i', /home/x_thileeb/repos/ops-hls-batching-new/codegen_apps/tiling/poisson2d/u280_project/maxtile_8192_unalign_interleave_p7/hls/device/src/kernel_outerloop_0_0.cpp:198) on local variable 'i' [227]  (0 ns)
	'add' operation ('i', /home/x_thileeb/repos/ops-hls-batching-new/codegen_apps/tiling/poisson2d/u280_project/maxtile_8192_unalign_interleave_p7/hls/device/src/kernel_outerloop_0_0.cpp:198) [229]  (0.88 ns)

 <State 3>: 2.39ns
The critical path consists of the following:
	'phi' operation ('tile_x') with incoming values : ('tile_x', /home/x_thileeb/repos/ops-hls-batching-new/codegen_apps/tiling/poisson2d/u280_project/maxtile_8192_unalign_interleave_p7/hls/device/src/kernel_outerloop_0_0.cpp:203) [236]  (0 ns)
	'add' operation ('tile_x', /home/x_thileeb/repos/ops-hls-batching-new/codegen_apps/tiling/poisson2d/u280_project/maxtile_8192_unalign_interleave_p7/hls/device/src/kernel_outerloop_0_0.cpp:204) [243]  (0.785 ns)
	'icmp' operation ('icmp_ln205', /home/x_thileeb/repos/ops-hls-batching-new/codegen_apps/tiling/poisson2d/u280_project/maxtile_8192_unalign_interleave_p7/hls/device/src/kernel_outerloop_0_0.cpp:205) [244]  (0.676 ns)
	'xor' operation ('xor_ln205', /home/x_thileeb/repos/ops-hls-batching-new/codegen_apps/tiling/poisson2d/u280_project/maxtile_8192_unalign_interleave_p7/hls/device/src/kernel_outerloop_0_0.cpp:205) [245]  (0 ns)
	'select' operation ('tile_x', /home/x_thileeb/repos/ops-hls-batching-new/codegen_apps/tiling/poisson2d/u280_project/maxtile_8192_unalign_interleave_p7/hls/device/src/kernel_outerloop_0_0.cpp:205) [246]  (0 ns)
	'select' operation ('tile_x', /home/x_thileeb/repos/ops-hls-batching-new/codegen_apps/tiling/poisson2d/u280_project/maxtile_8192_unalign_interleave_p7/hls/device/src/kernel_outerloop_0_0.cpp:203) [247]  (0.243 ns)
	'icmp' operation ('is_last_tile_x', /home/x_thileeb/repos/ops-hls-batching-new/codegen_apps/tiling/poisson2d/u280_project/maxtile_8192_unalign_interleave_p7/hls/device/src/kernel_outerloop_0_0.cpp:210) [249]  (0.687 ns)

 <State 4>: 1.32ns
The critical path consists of the following:
	'select' operation ('tile_size_x', /home/x_thileeb/repos/ops-hls-batching-new/codegen_apps/tiling/poisson2d/u280_project/maxtile_8192_unalign_interleave_p7/hls/device/src/kernel_outerloop_0_0.cpp:210) [250]  (0 ns)
	'add' operation ('add_ln212', /home/x_thileeb/repos/ops-hls-batching-new/codegen_apps/tiling/poisson2d/u280_project/maxtile_8192_unalign_interleave_p7/hls/device/src/kernel_outerloop_0_0.cpp:212) [252]  (0.785 ns)
	'mul' operation of DSP[255] ('mul_ln213', /home/x_thileeb/repos/ops-hls-batching-new/codegen_apps/tiling/poisson2d/u280_project/maxtile_8192_unalign_interleave_p7/hls/device/src/kernel_outerloop_0_0.cpp:213) [255]  (0.535 ns)

 <State 5>: 0.535ns
The critical path consists of the following:
	'mul' operation of DSP[255] ('mul_ln213', /home/x_thileeb/repos/ops-hls-batching-new/codegen_apps/tiling/poisson2d/u280_project/maxtile_8192_unalign_interleave_p7/hls/device/src/kernel_outerloop_0_0.cpp:213) [255]  (0.535 ns)

 <State 6>: 0.535ns
The critical path consists of the following:
	'mul' operation of DSP[255] ('mul_ln213', /home/x_thileeb/repos/ops-hls-batching-new/codegen_apps/tiling/poisson2d/u280_project/maxtile_8192_unalign_interleave_p7/hls/device/src/kernel_outerloop_0_0.cpp:213) [255]  (0.535 ns)

 <State 7>: 1.98ns
The critical path consists of the following:
	'add' operation ('tileConfig.line_diff', /home/x_thileeb/repos/ops-hls-batching-new/codegen_apps/tiling/poisson2d/u280_project/maxtile_8192_unalign_interleave_p7/hls/device/src/kernel_outerloop_0_0.cpp:237) [256]  (0.765 ns)
	'call' operation ('call_ln251', /home/x_thileeb/repos/ops-hls-batching-new/codegen_apps/tiling/poisson2d/u280_project/maxtile_8192_unalign_interleave_p7/hls/device/src/kernel_outerloop_0_0.cpp:251) to 'kernel_outerloop_0_dataflow_region' [257]  (1.22 ns)

 <State 8>: 0ns
The critical path consists of the following:

 <State 9>: 0ns
The critical path consists of the following:


============================================================
+ Verbose Summary: Binding
============================================================
N/A
* FSMD analyzer results:
  - Output states:
 - Input state : 
  - Chain level:
	State 1
	State 2
	State 3
	State 4
	State 5
	State 6
	State 7
	State 8
	State 9


============================================================
+ Verbose Summary: Datapath Resource usage 
============================================================
N/A
