INFO: [v++ 60-1306] Additional information associated with this v++ link can be found at:
	Reports: /home/x_thileeb/repos/ops-hls-batching-new/codegen_apps/batching/blackscholes/u280_datacopy_project/hls/build/hw/temp_dir/link/reports/link
	Log files: /home/x_thileeb/repos/ops-hls-batching-new/codegen_apps/batching/blackscholes/u280_datacopy_project/hls/build/hw/temp_dir/link/logs/link
INFO: [v++ 60-1548] Creating build summary session with primary output /home/x_thileeb/repos/ops-hls-batching-new/codegen_apps/batching/blackscholes/u280_datacopy_project/hls/build/hw/blackscholes.xclbin.link_summary, at Sat Jul 25 11:45:23 2026
INFO: [v++ 60-1315] Creating rulecheck session with output '/home/x_thileeb/repos/ops-hls-batching-new/codegen_apps/batching/blackscholes/u280_datacopy_project/hls/build/hw/temp_dir/link/reports/link/v++_link_blackscholes_guidance.html', at Sat Jul 25 11:45:23 2026
INFO: [v++ 60-895]   Target platform: /opt/xilinx/platforms/xilinx_u280_gen3x16_xdma_1_202211_1/xilinx_u280_gen3x16_xdma_1_202211_1.xpfm
INFO: [v++ 60-1578]   This platform contains Xilinx Shell Archive '/opt/xilinx/platforms/xilinx_u280_gen3x16_xdma_1_202211_1/hw/hw.xsa'
INFO: [v++ 74-78] Compiler Version string: 2022.2
INFO: [v++ 60-629] Linking for hardware target
INFO: [v++ 60-423]   Target device: xilinx_u280_gen3x16_xdma_1_202211_1
INFO: [v++ 60-1332] Run 'run_link' status: Not started
INFO: [v++ 60-1443] [11:45:30] Run run_link: Step system_link: Started
INFO: [v++ 60-1453] Command Line: system_link --xo /home/x_thileeb/repos/ops-hls-batching-new/codegen_apps/batching/blackscholes/u280_datacopy_project/hls/build/hw/datamover_outerloop_0.xo --xo /home/x_thileeb/repos/ops-hls-batching-new/codegen_apps/batching/blackscholes/u280_datacopy_project/hls/build/hw/kernel_outerloop_0.xo --xo /home/x_thileeb/repos/ops-hls-batching-new/codegen_apps/batching/blackscholes/u280_datacopy_project/hls/build/hw/repeater_outerloop_0.xo -keep --config /home/x_thileeb/repos/ops-hls-batching-new/codegen_apps/batching/blackscholes/u280_datacopy_project/hls/build/hw/temp_dir/link/link/int/syslinkConfig.ini --xpfm /opt/xilinx/platforms/xilinx_u280_gen3x16_xdma_1_202211_1/xilinx_u280_gen3x16_xdma_1_202211_1.xpfm --target hw --output_dir /home/x_thileeb/repos/ops-hls-batching-new/codegen_apps/batching/blackscholes/u280_datacopy_project/hls/build/hw/temp_dir/link/link/int --temp_dir /home/x_thileeb/repos/ops-hls-batching-new/codegen_apps/batching/blackscholes/u280_datacopy_project/hls/build/hw/temp_dir/link/link/sys_link
INFO: [v++ 60-1454] Run Directory: /home/x_thileeb/repos/ops-hls-batching-new/codegen_apps/batching/blackscholes/u280_datacopy_project/hls/build/hw/temp_dir/link/link/run_link
INFO: [SYSTEM_LINK 82-70] Extracting xo v3 file /home/x_thileeb/repos/ops-hls-batching-new/codegen_apps/batching/blackscholes/u280_datacopy_project/hls/build/hw/datamover_outerloop_0.xo
INFO: [SYSTEM_LINK 82-70] Extracting xo v3 file /home/x_thileeb/repos/ops-hls-batching-new/codegen_apps/batching/blackscholes/u280_datacopy_project/hls/build/hw/kernel_outerloop_0.xo
INFO: [SYSTEM_LINK 82-70] Extracting xo v3 file /home/x_thileeb/repos/ops-hls-batching-new/codegen_apps/batching/blackscholes/u280_datacopy_project/hls/build/hw/repeater_outerloop_0.xo
INFO: [SYSTEM_LINK 82-53] Creating IP database /home/x_thileeb/repos/ops-hls-batching-new/codegen_apps/batching/blackscholes/u280_datacopy_project/hls/build/hw/temp_dir/link/link/sys_link/_sysl/.cdb/xd_ip_db.xml
INFO: [SYSTEM_LINK 82-38] [11:45:35] build_xd_ip_db started: /tools/Xilinx/Vitis/2022.2/bin/build_xd_ip_db -ip_search 0  -sds-pf /home/x_thileeb/repos/ops-hls-batching-new/codegen_apps/batching/blackscholes/u280_datacopy_project/hls/build/hw/temp_dir/link/link/sys_link/hw.hpfm -clkid 0 -ip /home/x_thileeb/repos/ops-hls-batching-new/codegen_apps/batching/blackscholes/u280_datacopy_project/hls/build/hw/temp_dir/link/link/sys_link/iprepo/xilinx_com_hls_datamover_outerloop_0_1_0,datamover_outerloop_0 -ip /home/x_thileeb/repos/ops-hls-batching-new/codegen_apps/batching/blackscholes/u280_datacopy_project/hls/build/hw/temp_dir/link/link/sys_link/iprepo/xilinx_com_hls_repeater_outerloop_0_1_0,repeater_outerloop_0 -ip /home/x_thileeb/repos/ops-hls-batching-new/codegen_apps/batching/blackscholes/u280_datacopy_project/hls/build/hw/temp_dir/link/link/sys_link/iprepo/xilinx_com_hls_kernel_outerloop_0_1_0,kernel_outerloop_0 -o /home/x_thileeb/repos/ops-hls-batching-new/codegen_apps/batching/blackscholes/u280_datacopy_project/hls/build/hw/temp_dir/link/link/sys_link/_sysl/.cdb/xd_ip_db.xml
INFO: [SYSTEM_LINK 82-37] [11:45:40] build_xd_ip_db finished successfully
Time (s): cpu = 00:00:04 ; elapsed = 00:00:05 . Memory (MB): peak = 431.707 ; gain = 0.000 ; free physical = 261554 ; free virtual = 389915
INFO: [SYSTEM_LINK 82-51] Create system connectivity graph
INFO: [SYSTEM_LINK 82-102] Applying explicit connections to the system connectivity graph: /home/x_thileeb/repos/ops-hls-batching-new/codegen_apps/batching/blackscholes/u280_datacopy_project/hls/build/hw/temp_dir/link/link/sys_link/cfgraph/cfgen_cfgraph.xml
INFO: [SYSTEM_LINK 82-38] [11:45:40] cfgen started: /tools/Xilinx/Vitis/2022.2/bin/cfgen  -nk kernel_outerloop_0:1:kernel_outerloop_inst_0_1 -nk kernel_outerloop_0:1:kernel_outerloop_inst_0_2 -nk kernel_outerloop_0:1:kernel_outerloop_inst_0_3 -sc datamover_outerloop_0_1.arg0_axis_out:kernel_outerloop_inst_0_1.arg0_axis_in:128 -sc datamover_outerloop_0_1.arg1_axis_out:kernel_outerloop_inst_0_1.arg1_axis_in:128 -sc kernel_outerloop_inst_0_1.arg1_axis_out:kernel_outerloop_inst_0_2.arg1_axis_in:128 -sc kernel_outerloop_inst_0_2.arg1_axis_out:kernel_outerloop_inst_0_3.arg1_axis_in:128 -sc kernel_outerloop_inst_0_3.arg1_axis_out:repeater_outerloop_0_1.arg1_axis_in -sc repeater_outerloop_0_1.arg1_axis_out:datamover_outerloop_0_1.arg1_axis_in:128 -sc datamover_outerloop_0_1.arg2_axis_out:kernel_outerloop_inst_0_1.arg2_axis_in:128 -sc kernel_outerloop_inst_0_1.arg2_axis_out:kernel_outerloop_inst_0_2.arg2_axis_in:128 -sc kernel_outerloop_inst_0_2.arg2_axis_out:kernel_outerloop_inst_0_3.arg2_axis_in:128 -sc kernel_outerloop_inst_0_3.arg2_axis_out:repeater_outerloop_0_1.arg2_axis_in -sc repeater_outerloop_0_1.arg2_axis_out:datamover_outerloop_0_1.arg2_axis_in:128 -sc datamover_outerloop_0_1.arg3_axis_out:kernel_outerloop_inst_0_1.arg3_axis_in:128 -sc kernel_outerloop_inst_0_1.arg3_axis_out:kernel_outerloop_inst_0_2.arg3_axis_in:128 -sc kernel_outerloop_inst_0_2.arg3_axis_out:kernel_outerloop_inst_0_3.arg3_axis_in:128 -sc kernel_outerloop_inst_0_3.arg3_axis_out:repeater_outerloop_0_1.arg3_axis_in -sc repeater_outerloop_0_1.arg3_axis_out:datamover_outerloop_0_1.arg3_axis_in:128 -sc kernel_outerloop_inst_0_1.arg4_axis_out:kernel_outerloop_inst_0_2.arg0_axis_in:128 -sc kernel_outerloop_inst_0_2.arg4_axis_out:kernel_outerloop_inst_0_3.arg0_axis_in:128 -sc kernel_outerloop_inst_0_3.arg4_axis_out:repeater_outerloop_0_1.arg0_axis_in -sc repeater_outerloop_0_1.arg4_axis_out:datamover_outerloop_0_1.arg4_axis_in:128 -slr kernel_outerloop_inst_0_1:SLR0 -slr kernel_outerloop_inst_0_2:SLR1 -slr kernel_outerloop_inst_0_3:SLR2 -slr repeater_outerloop_0_1:SLR1 -sp datamover_outerloop_0_1.arg0:HBM[0] -sp datamover_outerloop_0_1.arg1:HBM[1] -sp datamover_outerloop_0_1.arg2:HBM[2] -sp datamover_outerloop_0_1.arg3:HBM[3] -sp datamover_outerloop_0_1.arg4:HBM[4] -dpa_mem_offload false -dmclkid 0 -r /home/x_thileeb/repos/ops-hls-batching-new/codegen_apps/batching/blackscholes/u280_datacopy_project/hls/build/hw/temp_dir/link/link/sys_link/_sysl/.cdb/xd_ip_db.xml -o /home/x_thileeb/repos/ops-hls-batching-new/codegen_apps/batching/blackscholes/u280_datacopy_project/hls/build/hw/temp_dir/link/link/sys_link/cfgraph/cfgen_cfgraph.xml
INFO: [CFGEN 83-0] Kernel Specs: 
INFO: [CFGEN 83-0]   kernel: kernel_outerloop_0, num: 1  {kernel_outerloop_inst_0_1}
INFO: [CFGEN 83-0]   kernel: kernel_outerloop_0, num: 1  {kernel_outerloop_inst_0_2}
INFO: [CFGEN 83-0]   kernel: kernel_outerloop_0, num: 1  {kernel_outerloop_inst_0_3}
INFO: [CFGEN 83-0]   kernel: datamover_outerloop_0, num: 1  {datamover_outerloop_0_1}
INFO: [CFGEN 83-0]   kernel: repeater_outerloop_0, num: 1  {repeater_outerloop_0_1}
INFO: [CFGEN 83-0] Port Specs: 
INFO: [CFGEN 83-0]   kernel: datamover_outerloop_0_1, k_port: arg0, sptag: HBM[0]
INFO: [CFGEN 83-0]   kernel: datamover_outerloop_0_1, k_port: arg1, sptag: HBM[1]
INFO: [CFGEN 83-0]   kernel: datamover_outerloop_0_1, k_port: arg2, sptag: HBM[2]
INFO: [CFGEN 83-0]   kernel: datamover_outerloop_0_1, k_port: arg3, sptag: HBM[3]
INFO: [CFGEN 83-0]   kernel: datamover_outerloop_0_1, k_port: arg4, sptag: HBM[4]
INFO: [CFGEN 83-0] Stream Specs: 
INFO: [CFGEN 83-0]   datamover_outerloop_0_1.arg0_axis_out => kernel_outerloop_inst_0_1.arg0_axis_in
INFO: [CFGEN 83-0]   datamover_outerloop_0_1.arg1_axis_out => kernel_outerloop_inst_0_1.arg1_axis_in
INFO: [CFGEN 83-0]   kernel_outerloop_inst_0_1.arg1_axis_out => kernel_outerloop_inst_0_2.arg1_axis_in
INFO: [CFGEN 83-0]   kernel_outerloop_inst_0_2.arg1_axis_out => kernel_outerloop_inst_0_3.arg1_axis_in
INFO: [CFGEN 83-0]   kernel_outerloop_inst_0_3.arg1_axis_out => repeater_outerloop_0_1.arg1_axis_in
INFO: [CFGEN 83-0]   repeater_outerloop_0_1.arg1_axis_out => datamover_outerloop_0_1.arg1_axis_in
INFO: [CFGEN 83-0]   datamover_outerloop_0_1.arg2_axis_out => kernel_outerloop_inst_0_1.arg2_axis_in
INFO: [CFGEN 83-0]   kernel_outerloop_inst_0_1.arg2_axis_out => kernel_outerloop_inst_0_2.arg2_axis_in
INFO: [CFGEN 83-0]   kernel_outerloop_inst_0_2.arg2_axis_out => kernel_outerloop_inst_0_3.arg2_axis_in
INFO: [CFGEN 83-0]   kernel_outerloop_inst_0_3.arg2_axis_out => repeater_outerloop_0_1.arg2_axis_in
INFO: [CFGEN 83-0]   repeater_outerloop_0_1.arg2_axis_out => datamover_outerloop_0_1.arg2_axis_in
INFO: [CFGEN 83-0]   datamover_outerloop_0_1.arg3_axis_out => kernel_outerloop_inst_0_1.arg3_axis_in
INFO: [CFGEN 83-0]   kernel_outerloop_inst_0_1.arg3_axis_out => kernel_outerloop_inst_0_2.arg3_axis_in
INFO: [CFGEN 83-0]   kernel_outerloop_inst_0_2.arg3_axis_out => kernel_outerloop_inst_0_3.arg3_axis_in
INFO: [CFGEN 83-0]   kernel_outerloop_inst_0_3.arg3_axis_out => repeater_outerloop_0_1.arg3_axis_in
INFO: [CFGEN 83-0]   repeater_outerloop_0_1.arg3_axis_out => datamover_outerloop_0_1.arg3_axis_in
INFO: [CFGEN 83-0]   kernel_outerloop_inst_0_1.arg4_axis_out => kernel_outerloop_inst_0_2.arg0_axis_in
INFO: [CFGEN 83-0]   kernel_outerloop_inst_0_2.arg4_axis_out => kernel_outerloop_inst_0_3.arg0_axis_in
INFO: [CFGEN 83-0]   kernel_outerloop_inst_0_3.arg4_axis_out => repeater_outerloop_0_1.arg0_axis_in
INFO: [CFGEN 83-0]   repeater_outerloop_0_1.arg4_axis_out => datamover_outerloop_0_1.arg4_axis_in
INFO: [CFGEN 83-0] SLR Specs: 
INFO: [CFGEN 83-0]   instance: kernel_outerloop_inst_0_1, SLR: SLR0
INFO: [CFGEN 83-0]   instance: kernel_outerloop_inst_0_2, SLR: SLR1
INFO: [CFGEN 83-0]   instance: kernel_outerloop_inst_0_3, SLR: SLR2
INFO: [CFGEN 83-0]   instance: repeater_outerloop_0_1, SLR: SLR1
INFO: [SYSTEM_LINK 82-37] [11:45:47] cfgen finished successfully
Time (s): cpu = 00:00:07 ; elapsed = 00:00:07 . Memory (MB): peak = 431.707 ; gain = 0.000 ; free physical = 261515 ; free virtual = 389925
INFO: [SYSTEM_LINK 82-52] Create top-level block diagram
INFO: [SYSTEM_LINK 82-38] [11:45:47] cf2bd started: /tools/Xilinx/Vitis/2022.2/bin/cf2bd  --linux --trace_buffer 1024 --input_file /home/x_thileeb/repos/ops-hls-batching-new/codegen_apps/batching/blackscholes/u280_datacopy_project/hls/build/hw/temp_dir/link/link/sys_link/cfgraph/cfgen_cfgraph.xml --ip_db /home/x_thileeb/repos/ops-hls-batching-new/codegen_apps/batching/blackscholes/u280_datacopy_project/hls/build/hw/temp_dir/link/link/sys_link/_sysl/.cdb/xd_ip_db.xml --cf_name dr --working_dir /home/x_thileeb/repos/ops-hls-batching-new/codegen_apps/batching/blackscholes/u280_datacopy_project/hls/build/hw/temp_dir/link/link/sys_link/_sysl/.xsd --temp_dir /home/x_thileeb/repos/ops-hls-batching-new/codegen_apps/batching/blackscholes/u280_datacopy_project/hls/build/hw/temp_dir/link/link/sys_link --output_dir /home/x_thileeb/repos/ops-hls-batching-new/codegen_apps/batching/blackscholes/u280_datacopy_project/hls/build/hw/temp_dir/link/link/int --target_bd ulp.bd
INFO: [CF2BD 82-31] Launching cf2xd: cf2xd -linux -trace-buffer 1024 -i /home/x_thileeb/repos/ops-hls-batching-new/codegen_apps/batching/blackscholes/u280_datacopy_project/hls/build/hw/temp_dir/link/link/sys_link/cfgraph/cfgen_cfgraph.xml -r /home/x_thileeb/repos/ops-hls-batching-new/codegen_apps/batching/blackscholes/u280_datacopy_project/hls/build/hw/temp_dir/link/link/sys_link/_sysl/.cdb/xd_ip_db.xml -o dr.xml
INFO: [CF2BD 82-28] cf2xd finished successfully
INFO: [CF2BD 82-31] Launching cf_xsd: cf_xsd -disable-address-gen -bd ulp.bd -dn dr -dp /home/x_thileeb/repos/ops-hls-batching-new/codegen_apps/batching/blackscholes/u280_datacopy_project/hls/build/hw/temp_dir/link/link/sys_link/_sysl/.xsd
INFO: [CF2BD 82-28] cf_xsd finished successfully
INFO: [SYSTEM_LINK 82-37] [11:46:09] cf2bd finished successfully
Time (s): cpu = 00:00:22 ; elapsed = 00:00:22 . Memory (MB): peak = 431.707 ; gain = 0.000 ; free physical = 259296 ; free virtual = 384769
INFO: [v++ 60-1441] [11:46:09] Run run_link: Step system_link: Completed
Time (s): cpu = 00:00:34 ; elapsed = 00:00:39 . Memory (MB): peak = 459.090 ; gain = 0.000 ; free physical = 259358 ; free virtual = 384830
INFO: [v++ 60-1443] [11:46:09] Run run_link: Step cf2sw: Started
INFO: [v++ 60-1453] Command Line: cf2sw -sdsl /home/x_thileeb/repos/ops-hls-batching-new/codegen_apps/batching/blackscholes/u280_datacopy_project/hls/build/hw/temp_dir/link/link/int/sdsl.dat -rtd /home/x_thileeb/repos/ops-hls-batching-new/codegen_apps/batching/blackscholes/u280_datacopy_project/hls/build/hw/temp_dir/link/link/int/cf2sw.rtd -nofilter /home/x_thileeb/repos/ops-hls-batching-new/codegen_apps/batching/blackscholes/u280_datacopy_project/hls/build/hw/temp_dir/link/link/int/cf2sw_full.rtd -xclbin /home/x_thileeb/repos/ops-hls-batching-new/codegen_apps/batching/blackscholes/u280_datacopy_project/hls/build/hw/temp_dir/link/link/int/xclbin_orig.xml -o /home/x_thileeb/repos/ops-hls-batching-new/codegen_apps/batching/blackscholes/u280_datacopy_project/hls/build/hw/temp_dir/link/link/int/xclbin_orig.1.xml
INFO: [v++ 60-1454] Run Directory: /home/x_thileeb/repos/ops-hls-batching-new/codegen_apps/batching/blackscholes/u280_datacopy_project/hls/build/hw/temp_dir/link/link/run_link
INFO: [v++ 60-1441] [11:46:34] Run run_link: Step cf2sw: Completed
Time (s): cpu = 00:00:25 ; elapsed = 00:00:25 . Memory (MB): peak = 459.090 ; gain = 0.000 ; free physical = 248792 ; free virtual = 374282
INFO: [v++ 60-1443] [11:46:34] Run run_link: Step rtd2_system_diagram: Started
INFO: [v++ 60-1453] Command Line: rtd2SystemDiagram
INFO: [v++ 60-1454] Run Directory: /home/x_thileeb/repos/ops-hls-batching-new/codegen_apps/batching/blackscholes/u280_datacopy_project/hls/build/hw/temp_dir/link/link/run_link
INFO: [v++ 60-1441] [11:46:34] Run run_link: Step rtd2_system_diagram: Completed
Time (s): cpu = 00:00:00 ; elapsed = 00:00:00.33 . Memory (MB): peak = 459.090 ; gain = 0.000 ; free physical = 248902 ; free virtual = 374397
INFO: [v++ 60-1443] [11:46:34] Run run_link: Step vpl: Started
INFO: [v++ 60-1453] Command Line: vpl -t hw -f xilinx_u280_gen3x16_xdma_1_202211_1 -s --remote_ip_cache /home/x_thileeb/repos/ops-hls-batching-new/OPS/source_files/../ops/hls/IP_CACHE/ --output_dir /home/x_thileeb/repos/ops-hls-batching-new/codegen_apps/batching/blackscholes/u280_datacopy_project/hls/build/hw/temp_dir/link/link/int --log_dir /home/x_thileeb/repos/ops-hls-batching-new/codegen_apps/batching/blackscholes/u280_datacopy_project/hls/build/hw/temp_dir/link/logs/link --report_dir /home/x_thileeb/repos/ops-hls-batching-new/codegen_apps/batching/blackscholes/u280_datacopy_project/hls/build/hw/temp_dir/link/reports/link --config /home/x_thileeb/repos/ops-hls-batching-new/codegen_apps/batching/blackscholes/u280_datacopy_project/hls/build/hw/temp_dir/link/link/int/vplConfig.ini -k /home/x_thileeb/repos/ops-hls-batching-new/codegen_apps/batching/blackscholes/u280_datacopy_project/hls/build/hw/temp_dir/link/link/int/kernel_info.dat --webtalk_flag Vitis --temp_dir /home/x_thileeb/repos/ops-hls-batching-new/codegen_apps/batching/blackscholes/u280_datacopy_project/hls/build/hw/temp_dir/link/link --no-info --iprepo /home/x_thileeb/repos/ops-hls-batching-new/codegen_apps/batching/blackscholes/u280_datacopy_project/hls/build/hw/temp_dir/link/link/int/xo/ip_repo/xilinx_com_hls_repeater_outerloop_0_1_0 --iprepo /home/x_thileeb/repos/ops-hls-batching-new/codegen_apps/batching/blackscholes/u280_datacopy_project/hls/build/hw/temp_dir/link/link/int/xo/ip_repo/xilinx_com_hls_kernel_outerloop_0_1_0 --iprepo /home/x_thileeb/repos/ops-hls-batching-new/codegen_apps/batching/blackscholes/u280_datacopy_project/hls/build/hw/temp_dir/link/link/int/xo/ip_repo/xilinx_com_hls_datamover_outerloop_0_1_0 --messageDb /home/x_thileeb/repos/ops-hls-batching-new/codegen_apps/batching/blackscholes/u280_datacopy_project/hls/build/hw/temp_dir/link/link/run_link/vpl.pb /home/x_thileeb/repos/ops-hls-batching-new/codegen_apps/batching/blackscholes/u280_datacopy_project/hls/build/hw/temp_dir/link/link/int/dr.bd.tcl
INFO: [v++ 60-1454] Run Directory: /home/x_thileeb/repos/ops-hls-batching-new/codegen_apps/batching/blackscholes/u280_datacopy_project/hls/build/hw/temp_dir/link/link/run_link

****** vpl v2022.2 (64-bit)
  **** SW Build 3671529 on 2022-10-13-17:52:11
    ** Copyright 1986-2022 Xilinx, Inc. All Rights Reserved.

INFO: [VPL 60-839] Read in kernel information from file '/home/x_thileeb/repos/ops-hls-batching-new/codegen_apps/batching/blackscholes/u280_datacopy_project/hls/build/hw/temp_dir/link/link/int/kernel_info.dat'.
INFO: [VPL 74-78] Compiler Version string: 2022.2
INFO: [VPL 60-423]   Target device: xilinx_u280_gen3x16_xdma_1_202211_1
INFO: [VPL 60-1032] Extracting hardware platform to /home/x_thileeb/repos/ops-hls-batching-new/codegen_apps/batching/blackscholes/u280_datacopy_project/hls/build/hw/temp_dir/link/link/vivado/vpl/.local/hw_platform
[11:46:49] Run vpl: Step create_project: Started
Creating Vivado project.
[11:46:54] Run vpl: Step create_project: Completed
[11:46:54] Run vpl: Step create_bd: Started
[11:47:27] Run vpl: Step create_bd: Completed
[11:47:27] Run vpl: Step update_bd: Started
[11:47:28] Run vpl: Step update_bd: Completed
[11:47:28] Run vpl: Step generate_target: Started
[11:48:45] Run vpl: Step generate_target: RUNNING...
[11:48:47] Run vpl: Step generate_target: Completed
[11:48:47] Run vpl: Step config_hw_runs: Started
[11:48:51] Run vpl: Step config_hw_runs: Completed
[11:48:51] Run vpl: Step synth: Started
[11:52:26] Block-level synthesis in progress, 0 of 11 jobs complete, 6 jobs running.
[11:52:57] Block-level synthesis in progress, 0 of 11 jobs complete, 6 jobs running.
[11:53:27] Block-level synthesis in progress, 0 of 11 jobs complete, 6 jobs running.
[11:53:58] Block-level synthesis in progress, 5 of 11 jobs complete, 2 jobs running.
[11:54:28] Block-level synthesis in progress, 5 of 11 jobs complete, 2 jobs running.
[11:54:59] Block-level synthesis in progress, 6 of 11 jobs complete, 1 job running.
[11:55:29] Block-level synthesis in progress, 6 of 11 jobs complete, 1 job running.
[11:56:00] Block-level synthesis in progress, 6 of 11 jobs complete, 1 job running.
[11:56:31] Block-level synthesis in progress, 6 of 11 jobs complete, 1 job running.
[11:57:01] Block-level synthesis in progress, 7 of 11 jobs complete, 0 jobs running.
[11:57:32] Block-level synthesis in progress, 7 of 11 jobs complete, 1 job running.
[11:58:02] Block-level synthesis in progress, 7 of 11 jobs complete, 1 job running.
[11:58:18] Run vpl: Step synth: Completed
[11:58:18] Run vpl: Step impl: Started
[12:28:21] Finished 2nd of 6 tasks (FPGA linking synthesized kernels to platform). Elapsed time: 00h 41m 45s 

[12:28:21] Starting logic optimization..
[12:31:55] Phase 1 Retarget
[12:32:56] Phase 2 Constant propagation
[12:32:56] Phase 3 Sweep
[12:34:28] Phase 4 BUFG optimization
[12:34:58] Phase 5 Shift Register Optimization
[12:35:29] Phase 6 Post Processing Netlist
[12:38:01] Finished 3rd of 6 tasks (FPGA logic optimization). Elapsed time: 00h 09m 39s 

[12:38:01] Starting logic placement..
[12:39:02] Phase 1 Placer Initialization
[12:39:02] Phase 1.1 Placer Initialization Netlist Sorting
[12:42:36] Phase 1.2 IO Placement/ Clock Placement/ Build Placer Device
[12:47:41] Phase 1.3 Build Placer Netlist Model
[12:56:52] Phase 1.4 Constrain Clocks/Macros
[12:57:22] Phase 2 Global Placement
[12:57:22] Phase 2.1 Floorplanning
[12:59:55] Phase 2.1.1 Partition Driven Placement
[12:59:55] Phase 2.1.1.1 PBP: Partition Driven Placement
[13:06:03] Phase 2.1.1.2 PBP: Clock Region Placement
[13:07:35] Phase 2.1.1.3 PBP: Discrete Incremental
[13:08:06] Phase 2.1.1.4 PBP: Compute Congestion
[13:08:06] Phase 2.1.1.5 PBP: Macro Placement
[13:09:07] Phase 2.1.1.6 PBP: UpdateTiming
[13:10:09] Phase 2.1.1.7 PBP: Add part constraints
[13:10:39] Phase 2.2 Physical Synthesis After Floorplan
[13:12:42] Phase 2.3 Update Timing before SLR Path Opt
[13:13:13] Phase 2.4 Post-Processing in Floorplanning
[13:13:13] Phase 2.5 Global Placement Core
[13:39:58] Phase 2.5.1 UpdateTiming Before Physical Synthesis
[13:41:00] Phase 2.5.2 Physical Synthesis In Placer
[14:00:37] Phase 3 Detail Placement
[14:02:10] Phase 3.1 Commit Multi Column Macros
[14:02:41] Phase 3.2 Commit Most Macros & LUTRAMs
[14:09:55] Phase 3.3 Small Shape DP
[14:09:55] Phase 3.3.1 Small Shape Clustering
[14:10:57] Phase 3.3.2 Flow Legalize Slice Clusters
[14:10:57] Phase 3.3.3 Slice Area Swap
[14:11:28] Phase 3.3.3.1 Slice Area Swap Initial
[14:17:08] Phase 3.4 Place Remaining
[14:17:08] Phase 3.5 Re-assign LUT pins
[14:19:12] Phase 3.6 Pipeline Register Optimization
[14:19:12] Phase 3.7 Fast Optimization
[14:23:19] Phase 4 Post Placement Optimization and Clean-Up
[14:23:19] Phase 4.1 Post Commit Optimization
[14:32:36] Phase 4.1.1 Post Placement Optimization
[14:33:06] Phase 4.1.1.1 BUFG Insertion
[14:33:06] Phase 1 Physical Synthesis Initialization
[14:48:34] Phase 4.1.1.2 BUFG Replication
[14:48:34] Phase 4.1.1.3 Post Placement Timing Optimization
[14:57:50] Phase 4.1.1.4 Replication
[15:05:03] Phase 4.2 Post Placement Cleanup
[15:05:03] Phase 4.3 Placer Reporting
[15:05:03] Phase 4.3.1 Print Estimated Congestion
[15:06:04] Phase 4.4 Final Placement Cleanup
[15:37:30] Finished 4th of 6 tasks (FPGA logic placement). Elapsed time: 02h 59m 28s 

[15:37:30] Starting logic routing..
[15:40:34] Phase 1 Build RT Design
[15:49:17] Phase 2 Router Initialization
[15:49:17] Phase 2.1 Fix Topology Constraints
[15:50:19] Phase 2.2 Pre Route Cleanup
[15:51:51] Phase 2.3 Global Clock Net Routing
[15:54:24] Phase 2.4 Update Timing
[16:06:43] Phase 2.5 Update Timing for Bus Skew
[16:06:43] Phase 2.5.1 Update Timing
[16:12:21] Phase 3 Initial Routing
[16:12:21] Phase 3.1 Global Routing
[16:12:21] Phase 3.1.1 SLL Assignment
[16:19:31] Phase 4 Rip-up And Reroute
[16:19:31] Phase 4.1 Global Iteration 0
[17:04:07] Phase 4.2 Global Iteration 1
[17:32:48] Phase 4.3 Additional Iteration for Hold
[17:32:48] Phase 4.3.1 Global Iteration for Hold
[17:32:48] Phase 4.3.1.1 Update Timing
[17:35:52] Phase 4.3.1.2 Fast Budgeting
[17:39:27] Phase 4.3.1.3 Lut RouteThru Assignment for hold
[17:51:45] Phase 4.3.1.4 Update Timing
[17:57:23] Phase 5 Delay and Skew Optimization
[17:57:23] Phase 5.1 Delay CleanUp
[17:57:23] Phase 5.1.1 Update Timing
[18:01:29] Phase 5.1.2 Update Timing
[18:05:04] Phase 5.1.3 Update Timing
[18:09:41] Phase 5.2 Clock Skew Optimization
[18:11:44] Phase 6 Post Hold Fix
[18:11:44] Phase 6.1 Hold Fix Iter
[18:11:44] Phase 6.1.1 Update Timing
[18:17:54] Phase 7 Leaf Clock Prog Delay Opt
[18:27:07] Phase 7.1 Delay CleanUp
[18:27:07] Phase 7.1.1 Update Timing
[18:30:43] Phase 7.1.2 Update Timing
[18:34:49] Phase 7.1.3 Update Timing
[18:38:55] Phase 7.2 Hold Fix Iter
[18:39:26] Phase 7.2.1 Update Timing
[18:50:12] Phase 8 Route finalize
[18:51:13] Phase 9 Verifying routed nets
[18:52:45] Phase 10 Depositing Routes
[18:55:19] Phase 11 Resolve XTalk
[18:56:21] Phase 12 Post Router Timing
[19:03:00] Phase 13 Physical Synthesis in Router
[19:03:00] Phase 13.1 Physical Synthesis Initialization
[19:06:05] Phase 13.2 Critical Path Optimization
[19:11:12] Finished 5th of 6 tasks (FPGA routing). Elapsed time: 03h 33m 42s 

[19:11:12] Starting bitstream generation..
Starting optional post-route physical design optimization.
[19:38:22] Phase 1 Physical Synthesis Initialization
[19:47:05] Phase 2 Critical Path Optimization
Finished optional post-route physical design optimization.
[22:10:32] Creating bitmap...
[22:23:53] Writing bitstream ./level0_i_ulp_my_rm_partial.bit...
[22:23:53] Finished 6th of 6 tasks (FPGA bitstream generation). Elapsed time: 03h 12m 40s 
Check VPL, containing 1 checks, has run: 0 errors
[22:24:31] Run vpl: Step impl: Completed
[22:24:32] Run vpl: FINISHED. Run Status: impl Complete!
INFO: [v++ 60-1441] [22:24:32] Run run_link: Step vpl: Completed
Time (s): cpu = 00:06:48 ; elapsed = 10:37:58 . Memory (MB): peak = 459.090 ; gain = 0.000 ; free physical = 334984 ; free virtual = 386719
INFO: [v++ 60-1443] [22:24:32] Run run_link: Step rtdgen: Started
INFO: [v++ 60-1453] Command Line: rtdgen
INFO: [v++ 60-1454] Run Directory: /home/x_thileeb/repos/ops-hls-batching-new/codegen_apps/batching/blackscholes/u280_datacopy_project/hls/build/hw/temp_dir/link/link/run_link
INFO: [v++ 60-991] clock name 'ulp_ucs/aclk_kernel_01' (clock ID '1') is being mapped to clock name 'KERNEL_CLK' in the xclbin
INFO: [v++ 60-991] clock name 'ulp_ucs/aclk_kernel_00' (clock ID '0') is being mapped to clock name 'DATA_CLK' in the xclbin
INFO: [v++ 60-991] clock name 'hbm_aclk' (clock ID '') is being mapped to clock name 'hbm_aclk' in the xclbin
INFO: [v++ 60-1230] The compiler selected the following frequencies for the runtime controllable kernel clock(s) and scalable system clock(s): System (SYSTEM) clock: hbm_aclk = 450, Kernel (KERNEL) clock: ulp_ucs/aclk_kernel_01 = 500, Kernel (DATA) clock: ulp_ucs/aclk_kernel_00 = 290
INFO: [v++ 60-1453] Command Line: cf2sw -a /home/x_thileeb/repos/ops-hls-batching-new/codegen_apps/batching/blackscholes/u280_datacopy_project/hls/build/hw/temp_dir/link/link/int/address_map.xml -sdsl /home/x_thileeb/repos/ops-hls-batching-new/codegen_apps/batching/blackscholes/u280_datacopy_project/hls/build/hw/temp_dir/link/link/int/sdsl.dat -xclbin /home/x_thileeb/repos/ops-hls-batching-new/codegen_apps/batching/blackscholes/u280_datacopy_project/hls/build/hw/temp_dir/link/link/int/xclbin_orig.xml -rtd /home/x_thileeb/repos/ops-hls-batching-new/codegen_apps/batching/blackscholes/u280_datacopy_project/hls/build/hw/temp_dir/link/link/int/blackscholes.rtd -o /home/x_thileeb/repos/ops-hls-batching-new/codegen_apps/batching/blackscholes/u280_datacopy_project/hls/build/hw/temp_dir/link/link/int/blackscholes.xml
INFO: [v++ 60-1652] Cf2sw returned exit code: 0
INFO: [v++ 60-1441] [22:24:54] Run run_link: Step rtdgen: Completed
Time (s): cpu = 00:00:21 ; elapsed = 00:00:21 . Memory (MB): peak = 459.090 ; gain = 0.000 ; free physical = 338056 ; free virtual = 389978
INFO: [v++ 60-1443] [22:24:54] Run run_link: Step xclbinutil: Started
INFO: [v++ 60-1453] Command Line: xclbinutil --add-section BITSTREAM:RAW:/home/x_thileeb/repos/ops-hls-batching-new/codegen_apps/batching/blackscholes/u280_datacopy_project/hls/build/hw/temp_dir/link/link/int/partial.bit --force --target hw --key-value SYS:dfx_enable:true --add-section :JSON:/home/x_thileeb/repos/ops-hls-batching-new/codegen_apps/batching/blackscholes/u280_datacopy_project/hls/build/hw/temp_dir/link/link/int/blackscholes.rtd --append-section :JSON:/home/x_thileeb/repos/ops-hls-batching-new/codegen_apps/batching/blackscholes/u280_datacopy_project/hls/build/hw/temp_dir/link/link/int/appendSection.rtd --add-section CLOCK_FREQ_TOPOLOGY:JSON:/home/x_thileeb/repos/ops-hls-batching-new/codegen_apps/batching/blackscholes/u280_datacopy_project/hls/build/hw/temp_dir/link/link/int/blackscholes_xml.rtd --add-section BUILD_METADATA:JSON:/home/x_thileeb/repos/ops-hls-batching-new/codegen_apps/batching/blackscholes/u280_datacopy_project/hls/build/hw/temp_dir/link/link/int/blackscholes_build.rtd --add-section EMBEDDED_METADATA:RAW:/home/x_thileeb/repos/ops-hls-batching-new/codegen_apps/batching/blackscholes/u280_datacopy_project/hls/build/hw/temp_dir/link/link/int/blackscholes.xml --add-section SYSTEM_METADATA:RAW:/home/x_thileeb/repos/ops-hls-batching-new/codegen_apps/batching/blackscholes/u280_datacopy_project/hls/build/hw/temp_dir/link/link/int/systemDiagramModelSlrBaseAddress.json --key-value SYS:PlatformVBNV:xilinx_u280_gen3x16_xdma_1_202211_1 --output /home/x_thileeb/repos/ops-hls-batching-new/codegen_apps/batching/blackscholes/u280_datacopy_project/hls/build/hw/blackscholes.xclbin
INFO: [v++ 60-1454] Run Directory: /home/x_thileeb/repos/ops-hls-batching-new/codegen_apps/batching/blackscholes/u280_datacopy_project/hls/build/hw/temp_dir/link/link/run_link
XRT Build Version: 2.13.479 (2022.1)
       Build Date: 2022-06-25 02:04:47
          Hash ID: 5e92a513c6950e79638b1a879ddb882da34fc683
Creating a default 'in-memory' xclbin image.

Section: 'BITSTREAM'(0) was successfully added.
Size   : 79472234 bytes
Format : RAW
File   : '/home/x_thileeb/repos/ops-hls-batching-new/codegen_apps/batching/blackscholes/u280_datacopy_project/hls/build/hw/temp_dir/link/link/int/partial.bit'

Section: 'MEM_TOPOLOGY'(6) was successfully added.
Format : JSON
File   : 'mem_topology'

Section: 'IP_LAYOUT'(8) was successfully added.
Format : JSON
File   : 'ip_layout'

Section: 'CONNECTIVITY'(7) was successfully added.
Format : JSON
File   : 'connectivity'

Section: 'CLOCK_FREQ_TOPOLOGY'(11) was successfully added.
Size   : 410 bytes
Format : JSON
File   : '/home/x_thileeb/repos/ops-hls-batching-new/codegen_apps/batching/blackscholes/u280_datacopy_project/hls/build/hw/temp_dir/link/link/int/blackscholes_xml.rtd'

Section: 'BUILD_METADATA'(14) was successfully added.
Size   : 16122 bytes
Format : JSON
File   : '/home/x_thileeb/repos/ops-hls-batching-new/codegen_apps/batching/blackscholes/u280_datacopy_project/hls/build/hw/temp_dir/link/link/int/blackscholes_build.rtd'

Section: 'EMBEDDED_METADATA'(2) was successfully added.
Size   : 145623 bytes
Format : RAW
File   : '/home/x_thileeb/repos/ops-hls-batching-new/codegen_apps/batching/blackscholes/u280_datacopy_project/hls/build/hw/temp_dir/link/link/int/blackscholes.xml'

Section: 'SYSTEM_METADATA'(22) was successfully added.
Size   : 104951 bytes
Format : RAW
File   : '/home/x_thileeb/repos/ops-hls-batching-new/codegen_apps/batching/blackscholes/u280_datacopy_project/hls/build/hw/temp_dir/link/link/int/systemDiagramModelSlrBaseAddress.json'

Section: 'PARTITION_METADATA'(20) was successfully appended to.
Format : JSON
File   : 'partition_metadata'

Section: 'IP_LAYOUT'(8) was successfully appended to.
Format : JSON
File   : 'ip_layout'
Successfully wrote (79797879 bytes) to the output file: /home/x_thileeb/repos/ops-hls-batching-new/codegen_apps/batching/blackscholes/u280_datacopy_project/hls/build/hw/blackscholes.xclbin
Leaving xclbinutil.
INFO: [v++ 60-1441] [22:24:54] Run run_link: Step xclbinutil: Completed
Time (s): cpu = 00:00:00.09 ; elapsed = 00:00:00.44 . Memory (MB): peak = 459.090 ; gain = 0.000 ; free physical = 337967 ; free virtual = 389968
INFO: [v++ 60-1443] [22:24:54] Run run_link: Step xclbinutilinfo: Started
INFO: [v++ 60-1453] Command Line: xclbinutil --quiet --force --info /home/x_thileeb/repos/ops-hls-batching-new/codegen_apps/batching/blackscholes/u280_datacopy_project/hls/build/hw/blackscholes.xclbin.info --input /home/x_thileeb/repos/ops-hls-batching-new/codegen_apps/batching/blackscholes/u280_datacopy_project/hls/build/hw/blackscholes.xclbin
INFO: [v++ 60-1454] Run Directory: /home/x_thileeb/repos/ops-hls-batching-new/codegen_apps/batching/blackscholes/u280_datacopy_project/hls/build/hw/temp_dir/link/link/run_link
INFO: [v++ 60-1441] [22:24:55] Run run_link: Step xclbinutilinfo: Completed
Time (s): cpu = 00:00:00.67 ; elapsed = 00:00:00.8 . Memory (MB): peak = 459.090 ; gain = 0.000 ; free physical = 337964 ; free virtual = 389968
INFO: [v++ 60-1443] [22:24:55] Run run_link: Step generate_sc_driver: Started
INFO: [v++ 60-1453] Command Line: 
INFO: [v++ 60-1454] Run Directory: /home/x_thileeb/repos/ops-hls-batching-new/codegen_apps/batching/blackscholes/u280_datacopy_project/hls/build/hw/temp_dir/link/link/run_link
INFO: [v++ 60-1441] [22:24:55] Run run_link: Step generate_sc_driver: Completed
Time (s): cpu = 00:00:00 ; elapsed = 00:00:00.01 . Memory (MB): peak = 459.090 ; gain = 0.000 ; free physical = 337964 ; free virtual = 389968
INFO: [v++ 60-2331] SLR0 was specfied for compute unit kernel_outerloop_inst_0_1, and verified as such in implementation.
INFO: [v++ 60-2331] SLR1 was specfied for compute unit kernel_outerloop_inst_0_2, and verified as such in implementation.
INFO: [v++ 60-2331] SLR2 was specfied for compute unit kernel_outerloop_inst_0_3, and verified as such in implementation.
INFO: [v++ 60-2331] SLR1 was specfied for compute unit repeater_outerloop_0_1, and verified as such in implementation.
INFO: [v++ 60-244] Generating system estimate report...
INFO: [v++ 60-1092] Generated system estimate report: /home/x_thileeb/repos/ops-hls-batching-new/codegen_apps/batching/blackscholes/u280_datacopy_project/hls/build/hw/temp_dir/link/reports/link/system_estimate_blackscholes.xtxt
INFO: [v++ 60-586] Created /home/x_thileeb/repos/ops-hls-batching-new/codegen_apps/batching/blackscholes/u280_datacopy_project/hls/build/hw/blackscholes.ltx
INFO: [v++ 60-586] Created hls/build/hw/blackscholes.xclbin
INFO: [v++ 60-1307] Run completed. Additional information can be found in:
	Guidance: /home/x_thileeb/repos/ops-hls-batching-new/codegen_apps/batching/blackscholes/u280_datacopy_project/hls/build/hw/temp_dir/link/reports/link/v++_link_blackscholes_guidance.html
	Timing Report: /home/x_thileeb/repos/ops-hls-batching-new/codegen_apps/batching/blackscholes/u280_datacopy_project/hls/build/hw/temp_dir/link/reports/link/imp/impl_1_hw_bb_locked_timing_summary_routed.rpt
	Vivado Log: /home/x_thileeb/repos/ops-hls-batching-new/codegen_apps/batching/blackscholes/u280_datacopy_project/hls/build/hw/temp_dir/link/logs/link/vivado.log
	Steps Log File: /home/x_thileeb/repos/ops-hls-batching-new/codegen_apps/batching/blackscholes/u280_datacopy_project/hls/build/hw/temp_dir/link/logs/link/link.steps.log

INFO: [v++ 60-2343] Use the vitis_analyzer tool to visualize and navigate the relevant reports. Run the following command. 
    vitis_analyzer /home/x_thileeb/repos/ops-hls-batching-new/codegen_apps/batching/blackscholes/u280_datacopy_project/hls/build/hw/blackscholes.xclbin.link_summary 
INFO: [v++ 60-791] Total elapsed time: 10h 39m 41s
INFO: [v++ 60-1653] Closing dispatch client.
