

================================================================
== Vitis HLS Report for 'stencilRun_Pipeline_VITIS_LOOP_239_1'
================================================================
* Date:           Fri Aug 14 23:03:40 2026

* Version:        2022.2 (Build 3670227 on Oct 13 2022)
* Project:        kernel_outerloop_0_2
* Solution:       solution (Vitis Kernel Flow Target)
* Product family: virtexuplus
* Target device:  xcu280-fsvh2892-2L-e


================================================================
== Performance Estimates
================================================================
+ Timing: 
    * Summary: 
    +--------+---------+----------+------------+
    |  Clock |  Target | Estimated| Uncertainty|
    +--------+---------+----------+------------+
    |ap_clk  |  3.33 ns|  2.342 ns|     0.90 ns|
    +--------+---------+----------+------------+

+ Latency: 
    * Summary: 
    +---------+---------+----------+----------+-----+-----+---------+
    |  Latency (cycles) |  Latency (absolute) |  Interval | Pipeline|
    |   min   |   max   |    min   |    max   | min | max |   Type  |
    +---------+---------+----------+----------+-----+-----+---------+
    |        ?|        ?|         ?|         ?|    ?|    ?|       no|
    +---------+---------+----------+----------+-----+-----+---------+

    + Detail: 
        * Instance: 
        +--------------------------------------+-----------------------+---------+---------+----------+----------+-----+-----+---------+
        |                                      |                       |  Latency (cycles) |  Latency (absolute) |  Interval | Pipeline|
        |               Instance               |         Module        |   min   |   max   |    min   |    max   | min | max |   Type  |
        +--------------------------------------+-----------------------+---------+---------+----------+----------+-----+-----+---------+
        |tmp2_generic_ldexp_float_s_fu_390     |generic_ldexp_float_s  |        0|        0|      0 ns|      0 ns|    1|    1|      yes|
        |tmp3_generic_ldexp_float_s_fu_397     |generic_ldexp_float_s  |        0|        0|      0 ns|      0 ns|    1|    1|      yes|
        |tmp2_1_generic_ldexp_float_s_fu_404   |generic_ldexp_float_s  |        0|        0|      0 ns|      0 ns|    1|    1|      yes|
        |tmp3_1_generic_ldexp_float_s_fu_411   |generic_ldexp_float_s  |        0|        0|      0 ns|      0 ns|    1|    1|      yes|
        |tmp2_2_generic_ldexp_float_s_fu_418   |generic_ldexp_float_s  |        0|        0|      0 ns|      0 ns|    1|    1|      yes|
        |tmp3_2_generic_ldexp_float_s_fu_425   |generic_ldexp_float_s  |        0|        0|      0 ns|      0 ns|    1|    1|      yes|
        |tmp2_3_generic_ldexp_float_s_fu_432   |generic_ldexp_float_s  |        0|        0|      0 ns|      0 ns|    1|    1|      yes|
        |tmp3_3_generic_ldexp_float_s_fu_439   |generic_ldexp_float_s  |        0|        0|      0 ns|      0 ns|    1|    1|      yes|
        |tmp2_4_generic_ldexp_float_s_fu_446   |generic_ldexp_float_s  |        0|        0|      0 ns|      0 ns|    1|    1|      yes|
        |tmp3_4_generic_ldexp_float_s_fu_453   |generic_ldexp_float_s  |        0|        0|      0 ns|      0 ns|    1|    1|      yes|
        |tmp2_5_generic_ldexp_float_s_fu_460   |generic_ldexp_float_s  |        0|        0|      0 ns|      0 ns|    1|    1|      yes|
        |tmp3_5_generic_ldexp_float_s_fu_467   |generic_ldexp_float_s  |        0|        0|      0 ns|      0 ns|    1|    1|      yes|
        |tmp2_6_generic_ldexp_float_s_fu_474   |generic_ldexp_float_s  |        0|        0|      0 ns|      0 ns|    1|    1|      yes|
        |tmp3_6_generic_ldexp_float_s_fu_481   |generic_ldexp_float_s  |        0|        0|      0 ns|      0 ns|    1|    1|      yes|
        |tmp2_7_generic_ldexp_float_s_fu_488   |generic_ldexp_float_s  |        0|        0|      0 ns|      0 ns|    1|    1|      yes|
        |tmp3_7_generic_ldexp_float_s_fu_495   |generic_ldexp_float_s  |        0|        0|      0 ns|      0 ns|    1|    1|      yes|
        |tmp2_8_generic_ldexp_float_s_fu_502   |generic_ldexp_float_s  |        0|        0|      0 ns|      0 ns|    1|    1|      yes|
        |tmp3_8_generic_ldexp_float_s_fu_509   |generic_ldexp_float_s  |        0|        0|      0 ns|      0 ns|    1|    1|      yes|
        |tmp2_9_generic_ldexp_float_s_fu_516   |generic_ldexp_float_s  |        0|        0|      0 ns|      0 ns|    1|    1|      yes|
        |tmp3_9_generic_ldexp_float_s_fu_523   |generic_ldexp_float_s  |        0|        0|      0 ns|      0 ns|    1|    1|      yes|
        |tmp2_10_generic_ldexp_float_s_fu_530  |generic_ldexp_float_s  |        0|        0|      0 ns|      0 ns|    1|    1|      yes|
        |tmp3_10_generic_ldexp_float_s_fu_537  |generic_ldexp_float_s  |        0|        0|      0 ns|      0 ns|    1|    1|      yes|
        |tmp2_11_generic_ldexp_float_s_fu_544  |generic_ldexp_float_s  |        0|        0|      0 ns|      0 ns|    1|    1|      yes|
        |tmp3_11_generic_ldexp_float_s_fu_551  |generic_ldexp_float_s  |        0|        0|      0 ns|      0 ns|    1|    1|      yes|
        |tmp2_12_generic_ldexp_float_s_fu_558  |generic_ldexp_float_s  |        0|        0|      0 ns|      0 ns|    1|    1|      yes|
        |tmp3_12_generic_ldexp_float_s_fu_565  |generic_ldexp_float_s  |        0|        0|      0 ns|      0 ns|    1|    1|      yes|
        |tmp2_13_generic_ldexp_float_s_fu_572  |generic_ldexp_float_s  |        0|        0|      0 ns|      0 ns|    1|    1|      yes|
        |tmp3_13_generic_ldexp_float_s_fu_579  |generic_ldexp_float_s  |        0|        0|      0 ns|      0 ns|    1|    1|      yes|
        |tmp2_14_generic_ldexp_float_s_fu_586  |generic_ldexp_float_s  |        0|        0|      0 ns|      0 ns|    1|    1|      yes|
        |tmp3_14_generic_ldexp_float_s_fu_593  |generic_ldexp_float_s  |        0|        0|      0 ns|      0 ns|    1|    1|      yes|
        |tmp2_15_generic_ldexp_float_s_fu_600  |generic_ldexp_float_s  |        0|        0|      0 ns|      0 ns|    1|    1|      yes|
        |tmp3_15_generic_ldexp_float_s_fu_607  |generic_ldexp_float_s  |        0|        0|      0 ns|      0 ns|    1|    1|      yes|
        +--------------------------------------+-----------------------+---------+---------+----------+----------+-----+-----+---------+

        * Loop: 
        +--------------------+---------+---------+----------+-----------+-----------+------+----------+
        |                    |  Latency (cycles) | Iteration|  Initiation Interval  | Trip |          |
        |      Loop Name     |   min   |   max   |  Latency |  achieved |   target  | Count| Pipelined|
        +--------------------+---------+---------+----------+-----------+-----------+------+----------+
        |- VITIS_LOOP_239_1  |        ?|        ?|        28|          1|          1|     ?|       yes|
        +--------------------+---------+---------+----------+-----------+-----------+------+----------+



================================================================
== Utilization Estimates
================================================================
* Summary: 
+---------------------+---------+------+---------+---------+-----+
|         Name        | BRAM_18K|  DSP |    FF   |   LUT   | URAM|
+---------------------+---------+------+---------+---------+-----+
|DSP                  |        -|     -|        -|        -|    -|
|Expression           |        -|     -|        0|     2802|    -|
|FIFO                 |        -|     -|        -|        -|    -|
|Instance             |        -|   128|    20352|    18528|    -|
|Memory               |        -|     -|        -|        -|    -|
|Multiplexer          |        -|     -|        -|      171|    -|
|Register             |        -|     -|    12749|     1600|    -|
+---------------------+---------+------+---------+---------+-----+
|Total                |        0|   128|    33101|    23101|    0|
+---------------------+---------+------+---------+---------+-----+
|Available SLR        |     1344|  3008|   869120|   434560|  320|
+---------------------+---------+------+---------+---------+-----+
|Utilization SLR (%)  |        0|     4|        3|        5|    0|
+---------------------+---------+------+---------+---------+-----+
|Available            |     4032|  9024|  2607360|  1303680|  960|
+---------------------+---------+------+---------+---------+-----+
|Utilization (%)      |        0|     1|        1|        1|    0|
+---------------------+---------+------+---------+---------+-----+

+ Detail: 
    * Instance: 
    +--------------------------------------+--------------------------------+---------+----+-----+-----+-----+
    |               Instance               |             Module             | BRAM_18K| DSP|  FF | LUT | URAM|
    +--------------------------------------+--------------------------------+---------+----+-----+-----+-----+
    |fadd_32ns_32ns_32_7_full_dsp_1_U461   |fadd_32ns_32ns_32_7_full_dsp_1  |        0|   2|  318|  198|    0|
    |fadd_32ns_32ns_32_7_full_dsp_1_U462   |fadd_32ns_32ns_32_7_full_dsp_1  |        0|   2|  318|  198|    0|
    |fadd_32ns_32ns_32_7_full_dsp_1_U463   |fadd_32ns_32ns_32_7_full_dsp_1  |        0|   2|  318|  198|    0|
    |fadd_32ns_32ns_32_7_full_dsp_1_U464   |fadd_32ns_32ns_32_7_full_dsp_1  |        0|   2|  318|  198|    0|
    |fadd_32ns_32ns_32_7_full_dsp_1_U465   |fadd_32ns_32ns_32_7_full_dsp_1  |        0|   2|  318|  198|    0|
    |fadd_32ns_32ns_32_7_full_dsp_1_U466   |fadd_32ns_32ns_32_7_full_dsp_1  |        0|   2|  318|  198|    0|
    |fadd_32ns_32ns_32_7_full_dsp_1_U467   |fadd_32ns_32ns_32_7_full_dsp_1  |        0|   2|  318|  198|    0|
    |fadd_32ns_32ns_32_7_full_dsp_1_U468   |fadd_32ns_32ns_32_7_full_dsp_1  |        0|   2|  318|  198|    0|
    |fadd_32ns_32ns_32_7_full_dsp_1_U469   |fadd_32ns_32ns_32_7_full_dsp_1  |        0|   2|  318|  198|    0|
    |fadd_32ns_32ns_32_7_full_dsp_1_U470   |fadd_32ns_32ns_32_7_full_dsp_1  |        0|   2|  318|  198|    0|
    |fadd_32ns_32ns_32_7_full_dsp_1_U471   |fadd_32ns_32ns_32_7_full_dsp_1  |        0|   2|  318|  198|    0|
    |fadd_32ns_32ns_32_7_full_dsp_1_U472   |fadd_32ns_32ns_32_7_full_dsp_1  |        0|   2|  318|  198|    0|
    |fadd_32ns_32ns_32_7_full_dsp_1_U473   |fadd_32ns_32ns_32_7_full_dsp_1  |        0|   2|  318|  198|    0|
    |fadd_32ns_32ns_32_7_full_dsp_1_U474   |fadd_32ns_32ns_32_7_full_dsp_1  |        0|   2|  318|  198|    0|
    |fadd_32ns_32ns_32_7_full_dsp_1_U475   |fadd_32ns_32ns_32_7_full_dsp_1  |        0|   2|  318|  198|    0|
    |fadd_32ns_32ns_32_7_full_dsp_1_U476   |fadd_32ns_32ns_32_7_full_dsp_1  |        0|   2|  318|  198|    0|
    |fadd_32ns_32ns_32_7_full_dsp_1_U477   |fadd_32ns_32ns_32_7_full_dsp_1  |        0|   2|  318|  198|    0|
    |fadd_32ns_32ns_32_7_full_dsp_1_U478   |fadd_32ns_32ns_32_7_full_dsp_1  |        0|   2|  318|  198|    0|
    |fadd_32ns_32ns_32_7_full_dsp_1_U479   |fadd_32ns_32ns_32_7_full_dsp_1  |        0|   2|  318|  198|    0|
    |fadd_32ns_32ns_32_7_full_dsp_1_U480   |fadd_32ns_32ns_32_7_full_dsp_1  |        0|   2|  318|  198|    0|
    |fadd_32ns_32ns_32_7_full_dsp_1_U481   |fadd_32ns_32ns_32_7_full_dsp_1  |        0|   2|  318|  198|    0|
    |fadd_32ns_32ns_32_7_full_dsp_1_U482   |fadd_32ns_32ns_32_7_full_dsp_1  |        0|   2|  318|  198|    0|
    |fadd_32ns_32ns_32_7_full_dsp_1_U483   |fadd_32ns_32ns_32_7_full_dsp_1  |        0|   2|  318|  198|    0|
    |fadd_32ns_32ns_32_7_full_dsp_1_U484   |fadd_32ns_32ns_32_7_full_dsp_1  |        0|   2|  318|  198|    0|
    |fadd_32ns_32ns_32_7_full_dsp_1_U485   |fadd_32ns_32ns_32_7_full_dsp_1  |        0|   2|  318|  198|    0|
    |fadd_32ns_32ns_32_7_full_dsp_1_U486   |fadd_32ns_32ns_32_7_full_dsp_1  |        0|   2|  318|  198|    0|
    |fadd_32ns_32ns_32_7_full_dsp_1_U487   |fadd_32ns_32ns_32_7_full_dsp_1  |        0|   2|  318|  198|    0|
    |fadd_32ns_32ns_32_7_full_dsp_1_U488   |fadd_32ns_32ns_32_7_full_dsp_1  |        0|   2|  318|  198|    0|
    |fadd_32ns_32ns_32_7_full_dsp_1_U489   |fadd_32ns_32ns_32_7_full_dsp_1  |        0|   2|  318|  198|    0|
    |fadd_32ns_32ns_32_7_full_dsp_1_U490   |fadd_32ns_32ns_32_7_full_dsp_1  |        0|   2|  318|  198|    0|
    |fadd_32ns_32ns_32_7_full_dsp_1_U491   |fadd_32ns_32ns_32_7_full_dsp_1  |        0|   2|  318|  198|    0|
    |fadd_32ns_32ns_32_7_full_dsp_1_U492   |fadd_32ns_32ns_32_7_full_dsp_1  |        0|   2|  318|  198|    0|
    |fadd_32ns_32ns_32_7_full_dsp_1_U493   |fadd_32ns_32ns_32_7_full_dsp_1  |        0|   2|  318|  198|    0|
    |fadd_32ns_32ns_32_7_full_dsp_1_U494   |fadd_32ns_32ns_32_7_full_dsp_1  |        0|   2|  318|  198|    0|
    |fadd_32ns_32ns_32_7_full_dsp_1_U495   |fadd_32ns_32ns_32_7_full_dsp_1  |        0|   2|  318|  198|    0|
    |fadd_32ns_32ns_32_7_full_dsp_1_U496   |fadd_32ns_32ns_32_7_full_dsp_1  |        0|   2|  318|  198|    0|
    |fadd_32ns_32ns_32_7_full_dsp_1_U497   |fadd_32ns_32ns_32_7_full_dsp_1  |        0|   2|  318|  198|    0|
    |fadd_32ns_32ns_32_7_full_dsp_1_U498   |fadd_32ns_32ns_32_7_full_dsp_1  |        0|   2|  318|  198|    0|
    |fadd_32ns_32ns_32_7_full_dsp_1_U499   |fadd_32ns_32ns_32_7_full_dsp_1  |        0|   2|  318|  198|    0|
    |fadd_32ns_32ns_32_7_full_dsp_1_U500   |fadd_32ns_32ns_32_7_full_dsp_1  |        0|   2|  318|  198|    0|
    |fadd_32ns_32ns_32_7_full_dsp_1_U501   |fadd_32ns_32ns_32_7_full_dsp_1  |        0|   2|  318|  198|    0|
    |fadd_32ns_32ns_32_7_full_dsp_1_U502   |fadd_32ns_32ns_32_7_full_dsp_1  |        0|   2|  318|  198|    0|
    |fadd_32ns_32ns_32_7_full_dsp_1_U503   |fadd_32ns_32ns_32_7_full_dsp_1  |        0|   2|  318|  198|    0|
    |fadd_32ns_32ns_32_7_full_dsp_1_U504   |fadd_32ns_32ns_32_7_full_dsp_1  |        0|   2|  318|  198|    0|
    |fadd_32ns_32ns_32_7_full_dsp_1_U505   |fadd_32ns_32ns_32_7_full_dsp_1  |        0|   2|  318|  198|    0|
    |fadd_32ns_32ns_32_7_full_dsp_1_U506   |fadd_32ns_32ns_32_7_full_dsp_1  |        0|   2|  318|  198|    0|
    |fadd_32ns_32ns_32_7_full_dsp_1_U507   |fadd_32ns_32ns_32_7_full_dsp_1  |        0|   2|  318|  198|    0|
    |fadd_32ns_32ns_32_7_full_dsp_1_U508   |fadd_32ns_32ns_32_7_full_dsp_1  |        0|   2|  318|  198|    0|
    |fadd_32ns_32ns_32_7_full_dsp_1_U509   |fadd_32ns_32ns_32_7_full_dsp_1  |        0|   2|  318|  198|    0|
    |fadd_32ns_32ns_32_7_full_dsp_1_U510   |fadd_32ns_32ns_32_7_full_dsp_1  |        0|   2|  318|  198|    0|
    |fadd_32ns_32ns_32_7_full_dsp_1_U511   |fadd_32ns_32ns_32_7_full_dsp_1  |        0|   2|  318|  198|    0|
    |fadd_32ns_32ns_32_7_full_dsp_1_U512   |fadd_32ns_32ns_32_7_full_dsp_1  |        0|   2|  318|  198|    0|
    |fadd_32ns_32ns_32_7_full_dsp_1_U513   |fadd_32ns_32ns_32_7_full_dsp_1  |        0|   2|  318|  198|    0|
    |fadd_32ns_32ns_32_7_full_dsp_1_U514   |fadd_32ns_32ns_32_7_full_dsp_1  |        0|   2|  318|  198|    0|
    |fadd_32ns_32ns_32_7_full_dsp_1_U515   |fadd_32ns_32ns_32_7_full_dsp_1  |        0|   2|  318|  198|    0|
    |fadd_32ns_32ns_32_7_full_dsp_1_U516   |fadd_32ns_32ns_32_7_full_dsp_1  |        0|   2|  318|  198|    0|
    |fadd_32ns_32ns_32_7_full_dsp_1_U517   |fadd_32ns_32ns_32_7_full_dsp_1  |        0|   2|  318|  198|    0|
    |fadd_32ns_32ns_32_7_full_dsp_1_U518   |fadd_32ns_32ns_32_7_full_dsp_1  |        0|   2|  318|  198|    0|
    |fadd_32ns_32ns_32_7_full_dsp_1_U519   |fadd_32ns_32ns_32_7_full_dsp_1  |        0|   2|  318|  198|    0|
    |fadd_32ns_32ns_32_7_full_dsp_1_U520   |fadd_32ns_32ns_32_7_full_dsp_1  |        0|   2|  318|  198|    0|
    |fadd_32ns_32ns_32_7_full_dsp_1_U521   |fadd_32ns_32ns_32_7_full_dsp_1  |        0|   2|  318|  198|    0|
    |fadd_32ns_32ns_32_7_full_dsp_1_U522   |fadd_32ns_32ns_32_7_full_dsp_1  |        0|   2|  318|  198|    0|
    |fadd_32ns_32ns_32_7_full_dsp_1_U523   |fadd_32ns_32ns_32_7_full_dsp_1  |        0|   2|  318|  198|    0|
    |fadd_32ns_32ns_32_7_full_dsp_1_U524   |fadd_32ns_32ns_32_7_full_dsp_1  |        0|   2|  318|  198|    0|
    |tmp2_generic_ldexp_float_s_fu_390     |generic_ldexp_float_s           |        0|   0|    0|  183|    0|
    |tmp3_generic_ldexp_float_s_fu_397     |generic_ldexp_float_s           |        0|   0|    0|  183|    0|
    |tmp2_1_generic_ldexp_float_s_fu_404   |generic_ldexp_float_s           |        0|   0|    0|  183|    0|
    |tmp3_1_generic_ldexp_float_s_fu_411   |generic_ldexp_float_s           |        0|   0|    0|  183|    0|
    |tmp2_2_generic_ldexp_float_s_fu_418   |generic_ldexp_float_s           |        0|   0|    0|  183|    0|
    |tmp3_2_generic_ldexp_float_s_fu_425   |generic_ldexp_float_s           |        0|   0|    0|  183|    0|
    |tmp2_3_generic_ldexp_float_s_fu_432   |generic_ldexp_float_s           |        0|   0|    0|  183|    0|
    |tmp3_3_generic_ldexp_float_s_fu_439   |generic_ldexp_float_s           |        0|   0|    0|  183|    0|
    |tmp2_4_generic_ldexp_float_s_fu_446   |generic_ldexp_float_s           |        0|   0|    0|  183|    0|
    |tmp3_4_generic_ldexp_float_s_fu_453   |generic_ldexp_float_s           |        0|   0|    0|  183|    0|
    |tmp2_5_generic_ldexp_float_s_fu_460   |generic_ldexp_float_s           |        0|   0|    0|  183|    0|
    |tmp3_5_generic_ldexp_float_s_fu_467   |generic_ldexp_float_s           |        0|   0|    0|  183|    0|
    |tmp2_6_generic_ldexp_float_s_fu_474   |generic_ldexp_float_s           |        0|   0|    0|  183|    0|
    |tmp3_6_generic_ldexp_float_s_fu_481   |generic_ldexp_float_s           |        0|   0|    0|  183|    0|
    |tmp2_7_generic_ldexp_float_s_fu_488   |generic_ldexp_float_s           |        0|   0|    0|  183|    0|
    |tmp3_7_generic_ldexp_float_s_fu_495   |generic_ldexp_float_s           |        0|   0|    0|  183|    0|
    |tmp2_8_generic_ldexp_float_s_fu_502   |generic_ldexp_float_s           |        0|   0|    0|  183|    0|
    |tmp3_8_generic_ldexp_float_s_fu_509   |generic_ldexp_float_s           |        0|   0|    0|  183|    0|
    |tmp2_9_generic_ldexp_float_s_fu_516   |generic_ldexp_float_s           |        0|   0|    0|  183|    0|
    |tmp3_9_generic_ldexp_float_s_fu_523   |generic_ldexp_float_s           |        0|   0|    0|  183|    0|
    |tmp2_10_generic_ldexp_float_s_fu_530  |generic_ldexp_float_s           |        0|   0|    0|  183|    0|
    |tmp3_10_generic_ldexp_float_s_fu_537  |generic_ldexp_float_s           |        0|   0|    0|  183|    0|
    |tmp2_11_generic_ldexp_float_s_fu_544  |generic_ldexp_float_s           |        0|   0|    0|  183|    0|
    |tmp3_11_generic_ldexp_float_s_fu_551  |generic_ldexp_float_s           |        0|   0|    0|  183|    0|
    |tmp2_12_generic_ldexp_float_s_fu_558  |generic_ldexp_float_s           |        0|   0|    0|  183|    0|
    |tmp3_12_generic_ldexp_float_s_fu_565  |generic_ldexp_float_s           |        0|   0|    0|  183|    0|
    |tmp2_13_generic_ldexp_float_s_fu_572  |generic_ldexp_float_s           |        0|   0|    0|  183|    0|
    |tmp3_13_generic_ldexp_float_s_fu_579  |generic_ldexp_float_s           |        0|   0|    0|  183|    0|
    |tmp2_14_generic_ldexp_float_s_fu_586  |generic_ldexp_float_s           |        0|   0|    0|  183|    0|
    |tmp3_14_generic_ldexp_float_s_fu_593  |generic_ldexp_float_s           |        0|   0|    0|  183|    0|
    |tmp2_15_generic_ldexp_float_s_fu_600  |generic_ldexp_float_s           |        0|   0|    0|  183|    0|
    |tmp3_15_generic_ldexp_float_s_fu_607  |generic_ldexp_float_s           |        0|   0|    0|  183|    0|
    +--------------------------------------+--------------------------------+---------+----+-----+-----+-----+
    |Total                                 |                                |        0| 128|20352|18528|    0|
    +--------------------------------------+--------------------------------+---------+----+-----+-----+-----+

    * DSP: 
    N/A

    * Memory: 
    N/A

    * FIFO: 
    N/A

    * Expression: 
    +------------------------------------------------------------------------+----------+----+---+-----+------------+------------+
    |                              Variable Name                             | Operation| DSP| FF| LUT | Bitwidth P0| Bitwidth P1|
    +------------------------------------------------------------------------+----------+----+---+-----+------------+------------+
    |S2D_00_P10_M10_0P1_0M1_buf_r0_1_p0_rd_1_fu_1340_p2                      |         +|   0|  0|   23|          16|           1|
    |S2D_00_P10_M10_0P1_0M1_buf_r0_1_p0_wr_1_fu_1071_p2                      |         +|   0|  0|   23|          16|           1|
    |S2D_00_P10_M10_0P1_0M1_buf_r1_2_p0_rd_1_fu_1096_p2                      |         +|   0|  0|   23|          16|           1|
    |S2D_00_P10_M10_0P1_0M1_buf_r1_2_p0_wr_1_fu_1008_p2                      |         +|   0|  0|   23|          16|           1|
    |add_ln275_fu_1967_p2                                                    |         +|   0|  0|   23|          16|           1|
    |i_1_fu_1947_p2                                                          |         +|   0|  0|   23|          16|           1|
    |itr_fu_959_p2                                                           |         +|   0|  0|   37|          30|           1|
    |and_ln272_fu_1961_p2                                                    |       and|   0|  0|    2|           1|           1|
    |S2D_00_P10_M10_0P1_0M1_read_cond_fu_965_p2                              |      icmp|   0|  0|   19|          30|          30|
    |addr_cmp137_fu_1300_p2                                                  |      icmp|   0|  0|   29|          64|          64|
    |addr_cmp_fu_1045_p2                                                     |      icmp|   0|  0|   29|          64|          64|
    |cmp250_fu_1989_p2                                                       |      icmp|   0|  0|   13|          16|           1|
    |cond_x_terminate_fu_1937_p2                                             |      icmp|   0|  0|   13|          16|          16|
    |cond_y_terminate_fu_1942_p2                                             |      icmp|   0|  0|   13|          16|          16|
    |icmp_ln239_fu_953_p2                                                    |      icmp|   0|  0|   19|          30|          30|
    |icmp_ln299_fu_1329_p2                                                   |      icmp|   0|  0|   13|          16|          16|
    |icmp_ln300_fu_1060_p2                                                   |      icmp|   0|  0|   13|          16|          16|
    |icmp_ln312_fu_1085_p2                                                   |      icmp|   0|  0|   13|          16|          16|
    |icmp_ln313_fu_997_p2                                                    |      icmp|   0|  0|   13|          16|          16|
    |icmp_ln389_10_fu_2519_p2                                                |      icmp|   0|  0|   13|          16|          16|
    |icmp_ln389_11_fu_2566_p2                                                |      icmp|   0|  0|   13|          16|          16|
    |icmp_ln389_12_fu_2613_p2                                                |      icmp|   0|  0|   13|          16|          16|
    |icmp_ln389_13_fu_2660_p2                                                |      icmp|   0|  0|   13|          16|          16|
    |icmp_ln389_14_fu_2707_p2                                                |      icmp|   0|  0|   13|          16|          16|
    |icmp_ln389_15_fu_2754_p2                                                |      icmp|   0|  0|   13|          16|          16|
    |icmp_ln389_1_fu_2096_p2                                                 |      icmp|   0|  0|   13|          16|          16|
    |icmp_ln389_2_fu_2143_p2                                                 |      icmp|   0|  0|   13|          16|          16|
    |icmp_ln389_3_fu_2190_p2                                                 |      icmp|   0|  0|   13|          16|          16|
    |icmp_ln389_4_fu_2237_p2                                                 |      icmp|   0|  0|   13|          16|          16|
    |icmp_ln389_5_fu_2284_p2                                                 |      icmp|   0|  0|   13|          16|          16|
    |icmp_ln389_6_fu_2331_p2                                                 |      icmp|   0|  0|   13|          16|          16|
    |icmp_ln389_7_fu_2378_p2                                                 |      icmp|   0|  0|   13|          16|          16|
    |icmp_ln389_8_fu_2425_p2                                                 |      icmp|   0|  0|   13|          16|          16|
    |icmp_ln389_9_fu_2472_p2                                                 |      icmp|   0|  0|   13|          16|          16|
    |icmp_ln389_fu_2049_p2                                                   |      icmp|   0|  0|   13|          16|          16|
    |icmp_ln390_10_fu_2524_p2                                                |      icmp|   0|  0|   13|          17|          17|
    |icmp_ln390_11_fu_2571_p2                                                |      icmp|   0|  0|   13|          17|          17|
    |icmp_ln390_12_fu_2618_p2                                                |      icmp|   0|  0|   13|          17|          17|
    |icmp_ln390_13_fu_2665_p2                                                |      icmp|   0|  0|   13|          17|          17|
    |icmp_ln390_14_fu_2712_p2                                                |      icmp|   0|  0|   13|          17|          17|
    |icmp_ln390_15_fu_2759_p2                                                |      icmp|   0|  0|   13|          17|          17|
    |icmp_ln390_1_fu_2101_p2                                                 |      icmp|   0|  0|   13|          17|          17|
    |icmp_ln390_2_fu_2148_p2                                                 |      icmp|   0|  0|   13|          17|          17|
    |icmp_ln390_3_fu_2195_p2                                                 |      icmp|   0|  0|   13|          17|          17|
    |icmp_ln390_4_fu_2242_p2                                                 |      icmp|   0|  0|   13|          17|          17|
    |icmp_ln390_5_fu_2289_p2                                                 |      icmp|   0|  0|   13|          17|          17|
    |icmp_ln390_6_fu_2336_p2                                                 |      icmp|   0|  0|   13|          17|          17|
    |icmp_ln390_7_fu_2383_p2                                                 |      icmp|   0|  0|   13|          17|          17|
    |icmp_ln390_8_fu_2430_p2                                                 |      icmp|   0|  0|   13|          17|          17|
    |icmp_ln390_9_fu_2477_p2                                                 |      icmp|   0|  0|   13|          17|          17|
    |icmp_ln390_fu_2054_p2                                                   |      icmp|   0|  0|   13|          17|          17|
    |slt_fu_1999_p2                                                          |      icmp|   0|  0|   13|          17|          17|
    |ap_block_pp0_stage0_01001                                               |        or|   0|  0|    2|           1|           1|
    |ap_block_state28_pp0_stage0_iter27                                      |        or|   0|  0|    2|           1|           1|
    |ap_block_state2_pp0_stage0_iter1                                        |        or|   0|  0|    2|           1|           1|
    |index_10_fu_2509_p2                                                     |        or|   0|  0|   16|          16|           6|
    |index_11_fu_2556_p2                                                     |        or|   0|  0|   16|          16|           6|
    |index_12_fu_2603_p2                                                     |        or|   0|  0|   16|          16|           6|
    |index_13_fu_2650_p2                                                     |        or|   0|  0|   16|          16|           6|
    |index_14_fu_2697_p2                                                     |        or|   0|  0|   16|          16|           6|
    |index_15_fu_2744_p2                                                     |        or|   0|  0|   16|          16|           6|
    |index_1_fu_2086_p2                                                      |        or|   0|  0|   16|          16|           6|
    |index_2_fu_2133_p2                                                      |        or|   0|  0|   16|          16|           6|
    |index_3_fu_2180_p2                                                      |        or|   0|  0|   16|          16|           6|
    |index_4_fu_2227_p2                                                      |        or|   0|  0|   16|          16|           6|
    |index_5_fu_2274_p2                                                      |        or|   0|  0|   16|          16|           6|
    |index_6_fu_2321_p2                                                      |        or|   0|  0|   16|          16|           6|
    |index_7_fu_2368_p2                                                      |        or|   0|  0|   16|          16|           6|
    |index_8_fu_2415_p2                                                      |        or|   0|  0|   16|          16|           6|
    |index_9_fu_2462_p2                                                      |        or|   0|  0|   16|          16|           6|
    |index_fu_2039_p2                                                        |        or|   0|  0|   16|          16|           6|
    |neg_cond_10_fu_2540_p2                                                  |        or|   0|  0|    2|           1|           1|
    |neg_cond_11_fu_2587_p2                                                  |        or|   0|  0|    2|           1|           1|
    |neg_cond_12_fu_2634_p2                                                  |        or|   0|  0|    2|           1|           1|
    |neg_cond_13_fu_2681_p2                                                  |        or|   0|  0|    2|           1|           1|
    |neg_cond_14_fu_2728_p2                                                  |        or|   0|  0|    2|           1|           1|
    |neg_cond_15_fu_2775_p2                                                  |        or|   0|  0|    2|           1|           1|
    |neg_cond_1_fu_2117_p2                                                   |        or|   0|  0|    2|           1|           1|
    |neg_cond_2_fu_2164_p2                                                   |        or|   0|  0|    2|           1|           1|
    |neg_cond_3_fu_2211_p2                                                   |        or|   0|  0|    2|           1|           1|
    |neg_cond_4_fu_2258_p2                                                   |        or|   0|  0|    2|           1|           1|
    |neg_cond_5_fu_2305_p2                                                   |        or|   0|  0|    2|           1|           1|
    |neg_cond_6_fu_2352_p2                                                   |        or|   0|  0|    2|           1|           1|
    |neg_cond_7_fu_2399_p2                                                   |        or|   0|  0|    2|           1|           1|
    |neg_cond_8_fu_2446_p2                                                   |        or|   0|  0|    2|           1|           1|
    |neg_cond_9_fu_2493_p2                                                   |        or|   0|  0|    2|           1|           1|
    |neg_cond_fu_2070_p2                                                     |        or|   0|  0|    2|           1|           1|
    |or_ln390_10_fu_2300_p2                                                  |        or|   0|  0|    2|           1|           1|
    |or_ln390_12_fu_2347_p2                                                  |        or|   0|  0|    2|           1|           1|
    |or_ln390_14_fu_2394_p2                                                  |        or|   0|  0|    2|           1|           1|
    |or_ln390_16_fu_2441_p2                                                  |        or|   0|  0|    2|           1|           1|
    |or_ln390_18_fu_2488_p2                                                  |        or|   0|  0|    2|           1|           1|
    |or_ln390_20_fu_2535_p2                                                  |        or|   0|  0|    2|           1|           1|
    |or_ln390_22_fu_2582_p2                                                  |        or|   0|  0|    2|           1|           1|
    |or_ln390_24_fu_2629_p2                                                  |        or|   0|  0|    2|           1|           1|
    |or_ln390_26_fu_2676_p2                                                  |        or|   0|  0|    2|           1|           1|
    |or_ln390_28_fu_2723_p2                                                  |        or|   0|  0|    2|           1|           1|
    |or_ln390_2_fu_2112_p2                                                   |        or|   0|  0|    2|           1|           1|
    |or_ln390_30_fu_2770_p2                                                  |        or|   0|  0|    2|           1|           1|
    |or_ln390_4_fu_2159_p2                                                   |        or|   0|  0|    2|           1|           1|
    |or_ln390_6_fu_2206_p2                                                   |        or|   0|  0|    2|           1|           1|
    |or_ln390_8_fu_2253_p2                                                   |        or|   0|  0|    2|           1|           1|
    |or_ln390_fu_2065_p2                                                     |        or|   0|  0|    2|           1|           1|
    |or_ln392_fu_2010_p2                                                     |        or|   0|  0|    2|           1|           1|
    |S2D_00_P10_M10_0P1_0M1_buf_r0_1_p0_rd_2_fu_1346_p3                      |    select|   0|  0|   16|           1|           1|
    |S2D_00_P10_M10_0P1_0M1_buf_r0_1_p0_wr_2_fu_1077_p3                      |    select|   0|  0|   16|           1|           1|
    |S2D_00_P10_M10_0P1_0M1_buf_r1_2_p0_rd_2_fu_1102_p3                      |    select|   0|  0|   16|           1|           1|
    |S2D_00_P10_M10_0P1_0M1_buf_r1_2_p0_wr_2_fu_1014_p3                      |    select|   0|  0|   16|           1|           1|
    |arg1_tmpConvWrite_17_fu_2079_p3                                         |    select|   0|  0|   32|           1|          32|
    |arg1_tmpConvWrite_19_fu_2126_p3                                         |    select|   0|  0|   32|           1|          32|
    |arg1_tmpConvWrite_21_fu_2173_p3                                         |    select|   0|  0|   32|           1|          32|
    |arg1_tmpConvWrite_23_fu_2220_p3                                         |    select|   0|  0|   32|           1|          32|
    |arg1_tmpConvWrite_25_fu_2267_p3                                         |    select|   0|  0|   32|           1|          32|
    |arg1_tmpConvWrite_27_fu_2314_p3                                         |    select|   0|  0|   32|           1|          32|
    |arg1_tmpConvWrite_29_fu_2361_p3                                         |    select|   0|  0|   32|           1|          32|
    |arg1_tmpConvWrite_31_fu_2408_p3                                         |    select|   0|  0|   32|           1|          32|
    |arg1_tmpConvWrite_33_fu_2455_p3                                         |    select|   0|  0|   32|           1|          32|
    |arg1_tmpConvWrite_35_fu_2502_p3                                         |    select|   0|  0|   32|           1|          32|
    |arg1_tmpConvWrite_37_fu_2549_p3                                         |    select|   0|  0|   32|           1|          32|
    |arg1_tmpConvWrite_39_fu_2596_p3                                         |    select|   0|  0|   32|           1|          32|
    |arg1_tmpConvWrite_41_fu_2643_p3                                         |    select|   0|  0|   32|           1|          32|
    |arg1_tmpConvWrite_43_fu_2690_p3                                         |    select|   0|  0|   32|           1|          32|
    |arg1_tmpConvWrite_45_fu_2737_p3                                         |    select|   0|  0|   32|           1|          32|
    |arg1_tmpConvWrite_47_fu_2784_p3                                         |    select|   0|  0|   32|           1|          32|
    |i_2_fu_1953_p3                                                          |    select|   0|  0|   16|           1|           1|
    |j_1_fu_1973_p3                                                          |    select|   0|  0|   16|           1|          16|
    |j_2_fu_1981_p3                                                          |    select|   0|  0|   16|           1|           1|
    |t_1_fu_1308_p3                                                          |    select|   0|  0|  533|           1|         576|
    |t_fu_1546_p3                                                            |    select|   0|  0|  480|           1|         544|
    |ap_enable_pp0                                                           |       xor|   0|  0|    2|           1|           2|
    |cond_end_of_line_buff_S2D_00_P10_M10_0P1_0M1_buf_r0_1_p0_rd_fu_1334_p2  |       xor|   0|  0|    2|           1|           2|
    |cond_end_of_line_buff_S2D_00_P10_M10_0P1_0M1_buf_r0_1_p0_wr_fu_1065_p2  |       xor|   0|  0|    2|           1|           2|
    |cond_end_of_line_buff_S2D_00_P10_M10_0P1_0M1_buf_r1_2_p0_rd_fu_1090_p2  |       xor|   0|  0|    2|           1|           2|
    |cond_end_of_line_buff_S2D_00_P10_M10_0P1_0M1_buf_r1_2_p0_wr_fu_1002_p2  |       xor|   0|  0|    2|           1|           2|
    |rev100_fu_2004_p2                                                       |       xor|   0|  0|    2|           1|           2|
    |xor_ln390_10_fu_2529_p2                                                 |       xor|   0|  0|    2|           1|           2|
    |xor_ln390_11_fu_2576_p2                                                 |       xor|   0|  0|    2|           1|           2|
    |xor_ln390_12_fu_2623_p2                                                 |       xor|   0|  0|    2|           1|           2|
    |xor_ln390_13_fu_2670_p2                                                 |       xor|   0|  0|    2|           1|           2|
    |xor_ln390_14_fu_2717_p2                                                 |       xor|   0|  0|    2|           1|           2|
    |xor_ln390_15_fu_2764_p2                                                 |       xor|   0|  0|    2|           1|           2|
    |xor_ln390_1_fu_2106_p2                                                  |       xor|   0|  0|    2|           1|           2|
    |xor_ln390_2_fu_2153_p2                                                  |       xor|   0|  0|    2|           1|           2|
    |xor_ln390_3_fu_2200_p2                                                  |       xor|   0|  0|    2|           1|           2|
    |xor_ln390_4_fu_2247_p2                                                  |       xor|   0|  0|    2|           1|           2|
    |xor_ln390_5_fu_2294_p2                                                  |       xor|   0|  0|    2|           1|           2|
    |xor_ln390_6_fu_2341_p2                                                  |       xor|   0|  0|    2|           1|           2|
    |xor_ln390_7_fu_2388_p2                                                  |       xor|   0|  0|    2|           1|           2|
    |xor_ln390_8_fu_2435_p2                                                  |       xor|   0|  0|    2|           1|           2|
    |xor_ln390_9_fu_2482_p2                                                  |       xor|   0|  0|    2|           1|           2|
    |xor_ln390_fu_2059_p2                                                    |       xor|   0|  0|    2|           1|           2|
    +------------------------------------------------------------------------+----------+----+---+-----+------------+------------+
    |Total                                                                   |          |   0|  0| 2802|        1311|        2668|
    +------------------------------------------------------------------------+----------+----+---+-----+------------+------------+

    * Multiplexer: 
    +----------------------------------------------------------+----+-----------+-----+-----------+
    |                           Name                           | LUT| Input Size| Bits| Total Bits|
    +----------------------------------------------------------+----+-----------+-----+-----------+
    |S2D_00_P10_M10_0P1_0M1_buf_r0_1_p0_rd_fu_242              |   9|          2|   16|         32|
    |S2D_00_P10_M10_0P1_0M1_buf_r0_1_p0_wr_fu_246              |   9|          2|   16|         32|
    |S2D_00_P10_M10_0P1_0M1_buf_r1_2_p0_rd_fu_250              |   9|          2|   16|         32|
    |S2D_00_P10_M10_0P1_0M1_buf_r1_2_p0_wr_fu_254              |   9|          2|   16|         32|
    |ap_done_int                                               |   9|          2|    1|          2|
    |ap_enable_reg_pp0_iter1                                   |   9|          2|    1|          2|
    |ap_sig_allocacmp_itr_23                                   |   9|          2|   30|         60|
    |arg0_poisson_kernel_stencil_in_subtile_stream_2_6_blk_n   |   9|          2|    1|          2|
    |arg0_poisson_kernel_stencil_in_subtile_stream_2_7_blk_n   |   9|          2|    1|          2|
    |arg0_read_val_V_fu_262                                    |   9|          2|  576|       1152|
    |arg1_poisson_kernel_stencil_out_subtile_stream_2_6_blk_n  |   9|          2|    1|          2|
    |arg1_poisson_kernel_stencil_out_subtile_stream_2_7_blk_n  |   9|          2|    1|          2|
    |i_fu_234                                                  |   9|          2|   16|         32|
    |j_fu_238                                                  |   9|          2|   16|         32|
    |reg_itr_fu_258                                            |   9|          2|   30|         60|
    |reuse_addr_reg134_fu_210                                  |   9|          2|   64|        128|
    |reuse_addr_reg_fu_218                                     |   9|          2|   64|        128|
    |reuse_reg133_fu_214                                       |   9|          2|  544|       1088|
    |reuse_reg_fu_222                                          |   9|          2|  576|       1152|
    +----------------------------------------------------------+----+-----------+-----+-----------+
    |Total                                                     | 171|         38| 1986|       3972|
    +----------------------------------------------------------+----+-----------+-----+-----------+

    * Register: 
    +----------------------------------------------+-----+----+-----+-----------+
    |                     Name                     |  FF | LUT| Bits| Const Bits|
    +----------------------------------------------+-----+----+-----+-----------+
    |S2D_00_P10_M10_0P1_0M1_buf_r0_1_p0_rd_fu_242  |   16|   0|   16|          0|
    |S2D_00_P10_M10_0P1_0M1_buf_r0_1_p0_wr_fu_246  |   16|   0|   16|          0|
    |S2D_00_P10_M10_0P1_0M1_buf_r1_2_p0_rd_fu_250  |   16|   0|   16|          0|
    |S2D_00_P10_M10_0P1_0M1_buf_r1_2_p0_wr_fu_254  |   16|   0|   16|          0|
    |S2D_00_P10_M10_0P1_0M1_read_cond_reg_2999     |    1|   0|    1|          0|
    |addr_cmp137_reg_3118                          |    1|   0|    1|          0|
    |addr_cmp_reg_3028                             |    1|   0|    1|          0|
    |adj_half_span_x_lower_cast_cast_reg_2962      |    3|   0|   16|         13|
    |ap_CS_fsm                                     |    1|   0|    1|          0|
    |ap_done_reg                                   |    1|   0|    1|          0|
    |ap_enable_reg_pp0_iter1                       |    1|   0|    1|          0|
    |ap_enable_reg_pp0_iter10                      |    1|   0|    1|          0|
    |ap_enable_reg_pp0_iter11                      |    1|   0|    1|          0|
    |ap_enable_reg_pp0_iter12                      |    1|   0|    1|          0|
    |ap_enable_reg_pp0_iter13                      |    1|   0|    1|          0|
    |ap_enable_reg_pp0_iter14                      |    1|   0|    1|          0|
    |ap_enable_reg_pp0_iter15                      |    1|   0|    1|          0|
    |ap_enable_reg_pp0_iter16                      |    1|   0|    1|          0|
    |ap_enable_reg_pp0_iter17                      |    1|   0|    1|          0|
    |ap_enable_reg_pp0_iter18                      |    1|   0|    1|          0|
    |ap_enable_reg_pp0_iter19                      |    1|   0|    1|          0|
    |ap_enable_reg_pp0_iter2                       |    1|   0|    1|          0|
    |ap_enable_reg_pp0_iter20                      |    1|   0|    1|          0|
    |ap_enable_reg_pp0_iter21                      |    1|   0|    1|          0|
    |ap_enable_reg_pp0_iter22                      |    1|   0|    1|          0|
    |ap_enable_reg_pp0_iter23                      |    1|   0|    1|          0|
    |ap_enable_reg_pp0_iter24                      |    1|   0|    1|          0|
    |ap_enable_reg_pp0_iter25                      |    1|   0|    1|          0|
    |ap_enable_reg_pp0_iter26                      |    1|   0|    1|          0|
    |ap_enable_reg_pp0_iter27                      |    1|   0|    1|          0|
    |ap_enable_reg_pp0_iter3                       |    1|   0|    1|          0|
    |ap_enable_reg_pp0_iter4                       |    1|   0|    1|          0|
    |ap_enable_reg_pp0_iter5                       |    1|   0|    1|          0|
    |ap_enable_reg_pp0_iter6                       |    1|   0|    1|          0|
    |ap_enable_reg_pp0_iter7                       |    1|   0|    1|          0|
    |ap_enable_reg_pp0_iter8                       |    1|   0|    1|          0|
    |ap_enable_reg_pp0_iter9                       |    1|   0|    1|          0|
    |ap_loop_exit_ready_pp0_iter10_reg             |    1|   0|    1|          0|
    |ap_loop_exit_ready_pp0_iter11_reg             |    1|   0|    1|          0|
    |ap_loop_exit_ready_pp0_iter12_reg             |    1|   0|    1|          0|
    |ap_loop_exit_ready_pp0_iter13_reg             |    1|   0|    1|          0|
    |ap_loop_exit_ready_pp0_iter14_reg             |    1|   0|    1|          0|
    |ap_loop_exit_ready_pp0_iter15_reg             |    1|   0|    1|          0|
    |ap_loop_exit_ready_pp0_iter16_reg             |    1|   0|    1|          0|
    |ap_loop_exit_ready_pp0_iter17_reg             |    1|   0|    1|          0|
    |ap_loop_exit_ready_pp0_iter18_reg             |    1|   0|    1|          0|
    |ap_loop_exit_ready_pp0_iter19_reg             |    1|   0|    1|          0|
    |ap_loop_exit_ready_pp0_iter1_reg              |    1|   0|    1|          0|
    |ap_loop_exit_ready_pp0_iter20_reg             |    1|   0|    1|          0|
    |ap_loop_exit_ready_pp0_iter21_reg             |    1|   0|    1|          0|
    |ap_loop_exit_ready_pp0_iter22_reg             |    1|   0|    1|          0|
    |ap_loop_exit_ready_pp0_iter23_reg             |    1|   0|    1|          0|
    |ap_loop_exit_ready_pp0_iter24_reg             |    1|   0|    1|          0|
    |ap_loop_exit_ready_pp0_iter25_reg             |    1|   0|    1|          0|
    |ap_loop_exit_ready_pp0_iter26_reg             |    1|   0|    1|          0|
    |ap_loop_exit_ready_pp0_iter2_reg              |    1|   0|    1|          0|
    |ap_loop_exit_ready_pp0_iter3_reg              |    1|   0|    1|          0|
    |ap_loop_exit_ready_pp0_iter4_reg              |    1|   0|    1|          0|
    |ap_loop_exit_ready_pp0_iter5_reg              |    1|   0|    1|          0|
    |ap_loop_exit_ready_pp0_iter6_reg              |    1|   0|    1|          0|
    |ap_loop_exit_ready_pp0_iter7_reg              |    1|   0|    1|          0|
    |ap_loop_exit_ready_pp0_iter8_reg              |    1|   0|    1|          0|
    |ap_loop_exit_ready_pp0_iter9_reg              |    1|   0|    1|          0|
    |arg0_read_val_V_2_reg_3013                    |  576|   0|  576|          0|
    |arg0_read_val_V_fu_262                        |  576|   0|  576|          0|
    |arg0_rowArr_1_0_10_reg_3473                   |   32|   0|   32|          0|
    |arg0_rowArr_1_0_11_reg_3490                   |   32|   0|   32|          0|
    |arg0_rowArr_1_0_12_reg_3507                   |   32|   0|   32|          0|
    |arg0_rowArr_1_0_13_reg_3524                   |   32|   0|   32|          0|
    |arg0_rowArr_1_0_14_reg_3541                   |   32|   0|   32|          0|
    |arg0_rowArr_1_0_15_reg_3558                   |   32|   0|   32|          0|
    |arg0_rowArr_1_0_16_reg_3575                   |   32|   0|   32|          0|
    |arg0_rowArr_1_0_1_reg_3321                    |   32|   0|   32|          0|
    |arg0_rowArr_1_0_2_reg_3337                    |   32|   0|   32|          0|
    |arg0_rowArr_1_0_3_reg_3354                    |   32|   0|   32|          0|
    |arg0_rowArr_1_0_4_reg_3371                    |   32|   0|   32|          0|
    |arg0_rowArr_1_0_5_reg_3388                    |   32|   0|   32|          0|
    |arg0_rowArr_1_0_6_reg_3405                    |   32|   0|   32|          0|
    |arg0_rowArr_1_0_7_reg_3422                    |   32|   0|   32|          0|
    |arg0_rowArr_1_0_8_reg_3439                    |   32|   0|   32|          0|
    |arg0_rowArr_1_0_9_reg_3456                    |   32|   0|   32|          0|
    |arg0_tmpConverter_0_0_10_reg_3281             |   32|   0|   32|          0|
    |arg0_tmpConverter_0_0_11_reg_3286             |   32|   0|   32|          0|
    |arg0_tmpConverter_0_0_12_reg_3291             |   32|   0|   32|          0|
    |arg0_tmpConverter_0_0_13_reg_3296             |   32|   0|   32|          0|
    |arg0_tmpConverter_0_0_14_reg_3301             |   32|   0|   32|          0|
    |arg0_tmpConverter_0_0_15_reg_3306             |   32|   0|   32|          0|
    |arg0_tmpConverter_0_0_1_reg_3236              |   32|   0|   32|          0|
    |arg0_tmpConverter_0_0_2_reg_3241              |   32|   0|   32|          0|
    |arg0_tmpConverter_0_0_3_reg_3246              |   32|   0|   32|          0|
    |arg0_tmpConverter_0_0_4_reg_3251              |   32|   0|   32|          0|
    |arg0_tmpConverter_0_0_5_reg_3256              |   32|   0|   32|          0|
    |arg0_tmpConverter_0_0_6_reg_3261              |   32|   0|   32|          0|
    |arg0_tmpConverter_0_0_7_reg_3266              |   32|   0|   32|          0|
    |arg0_tmpConverter_0_0_8_reg_3271              |   32|   0|   32|          0|
    |arg0_tmpConverter_0_0_9_reg_3276              |   32|   0|   32|          0|
    |arg0_tmpConverter_0_0_reg_3231                |   32|   0|   32|          0|
    |arg0_tmpConverter_1_0_17_reg_3225             |   32|   0|   32|          0|
    |arg0_tmpConverter_1_0_reg_3123                |   32|   0|   32|          0|
    |arg0_tmpConverter_2_0_10_reg_3083             |   32|   0|   32|          0|
    |arg0_tmpConverter_2_0_11_reg_3088             |   32|   0|   32|          0|
    |arg0_tmpConverter_2_0_12_reg_3093             |   32|   0|   32|          0|
    |arg0_tmpConverter_2_0_13_reg_3098             |   32|   0|   32|          0|
    |arg0_tmpConverter_2_0_14_reg_3103             |   32|   0|   32|          0|
    |arg0_tmpConverter_2_0_15_reg_3108             |   32|   0|   32|          0|
    |arg0_tmpConverter_2_0_1_reg_3038              |   32|   0|   32|          0|
    |arg0_tmpConverter_2_0_2_reg_3043              |   32|   0|   32|          0|
    |arg0_tmpConverter_2_0_3_reg_3048              |   32|   0|   32|          0|
    |arg0_tmpConverter_2_0_4_reg_3053              |   32|   0|   32|          0|
    |arg0_tmpConverter_2_0_5_reg_3058              |   32|   0|   32|          0|
    |arg0_tmpConverter_2_0_6_reg_3063              |   32|   0|   32|          0|
    |arg0_tmpConverter_2_0_7_reg_3068              |   32|   0|   32|          0|
    |arg0_tmpConverter_2_0_8_reg_3073              |   32|   0|   32|          0|
    |arg0_tmpConverter_2_0_9_reg_3078              |   32|   0|   32|          0|
    |arg0_tmpConverter_2_0_reg_3033                |   32|   0|   32|          0|
    |arg1_result_10_reg_4066                       |   32|   0|   32|          0|
    |arg1_result_11_reg_4071                       |   32|   0|   32|          0|
    |arg1_result_12_reg_4076                       |   32|   0|   32|          0|
    |arg1_result_13_reg_4081                       |   32|   0|   32|          0|
    |arg1_result_14_reg_4086                       |   32|   0|   32|          0|
    |arg1_result_15_reg_4091                       |   32|   0|   32|          0|
    |arg1_result_1_reg_4021                        |   32|   0|   32|          0|
    |arg1_result_2_reg_4026                        |   32|   0|   32|          0|
    |arg1_result_3_reg_4031                        |   32|   0|   32|          0|
    |arg1_result_4_reg_4036                        |   32|   0|   32|          0|
    |arg1_result_5_reg_4041                        |   32|   0|   32|          0|
    |arg1_result_6_reg_4046                        |   32|   0|   32|          0|
    |arg1_result_7_reg_4051                        |   32|   0|   32|          0|
    |arg1_result_8_reg_4056                        |   32|   0|   32|          0|
    |arg1_result_9_reg_4061                        |   32|   0|   32|          0|
    |arg1_result_reg_4016                          |   32|   0|   32|          0|
    |arg1_tmpConvWrite_48_reg_3129                 |   32|   0|   32|          0|
    |arg1_tmpConvWrite_49_reg_3135                 |   32|   0|   32|          0|
    |arg1_tmpConvWrite_50_reg_3141                 |   32|   0|   32|          0|
    |arg1_tmpConvWrite_51_reg_3147                 |   32|   0|   32|          0|
    |arg1_tmpConvWrite_52_reg_3153                 |   32|   0|   32|          0|
    |arg1_tmpConvWrite_53_reg_3159                 |   32|   0|   32|          0|
    |arg1_tmpConvWrite_54_reg_3165                 |   32|   0|   32|          0|
    |arg1_tmpConvWrite_55_reg_3171                 |   32|   0|   32|          0|
    |arg1_tmpConvWrite_56_reg_3177                 |   32|   0|   32|          0|
    |arg1_tmpConvWrite_57_reg_3183                 |   32|   0|   32|          0|
    |arg1_tmpConvWrite_58_reg_3189                 |   32|   0|   32|          0|
    |arg1_tmpConvWrite_59_reg_3195                 |   32|   0|   32|          0|
    |arg1_tmpConvWrite_60_reg_3201                 |   32|   0|   32|          0|
    |arg1_tmpConvWrite_61_reg_3207                 |   32|   0|   32|          0|
    |arg1_tmpConvWrite_62_reg_3213                 |   32|   0|   32|          0|
    |arg1_tmpConvWrite_63_reg_3219                 |   32|   0|   32|          0|
    |i_2_reg_3991                                  |   16|   0|   16|          0|
    |i_fu_234                                      |   16|   0|   16|          0|
    |j_fu_238                                      |   16|   0|   16|          0|
    |or_ln392_reg_3996                             |    1|   0|    1|          0|
    |p_Val2_19_fu_230                              |  544|   0|  544|          0|
    |p_Val2_19_load_reg_3113                       |  544|   0|  544|          0|
    |p_Val2_s_fu_226                               |  576|   0|  576|          0|
    |p_read25_cast_cast_reg_2987                   |   16|   0|   16|          0|
    |reg_itr_fu_258                                |   30|   0|   30|          0|
    |reuse_addr_reg134_fu_210                      |   64|   0|   64|          0|
    |reuse_addr_reg_fu_218                         |   64|   0|   64|          0|
    |reuse_reg133_fu_214                           |  544|   0|  544|          0|
    |reuse_reg_fu_222                              |  576|   0|  576|          0|
    |sext_ln223_cast_reg_2937                      |   16|   0|   16|          0|
    |tmp1_10_reg_3801                              |   32|   0|   32|          0|
    |tmp1_11_reg_3806                              |   32|   0|   32|          0|
    |tmp1_12_reg_3811                              |   32|   0|   32|          0|
    |tmp1_13_reg_3816                              |   32|   0|   32|          0|
    |tmp1_14_reg_3821                              |   32|   0|   32|          0|
    |tmp1_15_reg_3826                              |   32|   0|   32|          0|
    |tmp1_1_10_reg_3691                            |   32|   0|   32|          0|
    |tmp1_1_11_reg_3701                            |   32|   0|   32|          0|
    |tmp1_1_12_reg_3711                            |   32|   0|   32|          0|
    |tmp1_1_13_reg_3721                            |   32|   0|   32|          0|
    |tmp1_1_14_reg_3731                            |   32|   0|   32|          0|
    |tmp1_1_15_reg_3741                            |   32|   0|   32|          0|
    |tmp1_1_1_reg_3601                             |   32|   0|   32|          0|
    |tmp1_1_2_reg_3611                             |   32|   0|   32|          0|
    |tmp1_1_3_reg_3621                             |   32|   0|   32|          0|
    |tmp1_1_4_reg_3631                             |   32|   0|   32|          0|
    |tmp1_1_5_reg_3641                             |   32|   0|   32|          0|
    |tmp1_1_65_reg_3756                            |   32|   0|   32|          0|
    |tmp1_1_6_reg_3651                             |   32|   0|   32|          0|
    |tmp1_1_7_reg_3661                             |   32|   0|   32|          0|
    |tmp1_1_8_reg_3671                             |   32|   0|   32|          0|
    |tmp1_1_9_reg_3681                             |   32|   0|   32|          0|
    |tmp1_1_reg_3591                               |   32|   0|   32|          0|
    |tmp1_2_10_reg_3696                            |   32|   0|   32|          0|
    |tmp1_2_11_reg_3706                            |   32|   0|   32|          0|
    |tmp1_2_12_reg_3716                            |   32|   0|   32|          0|
    |tmp1_2_13_reg_3726                            |   32|   0|   32|          0|
    |tmp1_2_14_reg_3736                            |   32|   0|   32|          0|
    |tmp1_2_15_reg_3746                            |   32|   0|   32|          0|
    |tmp1_2_1_reg_3606                             |   32|   0|   32|          0|
    |tmp1_2_2_reg_3616                             |   32|   0|   32|          0|
    |tmp1_2_3_reg_3626                             |   32|   0|   32|          0|
    |tmp1_2_4_reg_3636                             |   32|   0|   32|          0|
    |tmp1_2_5_reg_3646                             |   32|   0|   32|          0|
    |tmp1_2_66_reg_3761                            |   32|   0|   32|          0|
    |tmp1_2_6_reg_3656                             |   32|   0|   32|          0|
    |tmp1_2_7_reg_3666                             |   32|   0|   32|          0|
    |tmp1_2_8_reg_3676                             |   32|   0|   32|          0|
    |tmp1_2_9_reg_3686                             |   32|   0|   32|          0|
    |tmp1_2_reg_3596                               |   32|   0|   32|          0|
    |tmp1_3_reg_3766                               |   32|   0|   32|          0|
    |tmp1_4_reg_3771                               |   32|   0|   32|          0|
    |tmp1_5_reg_3776                               |   32|   0|   32|          0|
    |tmp1_6_reg_3781                               |   32|   0|   32|          0|
    |tmp1_7_reg_3786                               |   32|   0|   32|          0|
    |tmp1_8_reg_3791                               |   32|   0|   32|          0|
    |tmp1_9_reg_3796                               |   32|   0|   32|          0|
    |tmp1_reg_3751                                 |   32|   0|   32|          0|
    |tmp2_10_reg_3931                              |   32|   0|   32|          0|
    |tmp2_11_reg_3941                              |   32|   0|   32|          0|
    |tmp2_12_reg_3951                              |   32|   0|   32|          0|
    |tmp2_13_reg_3961                              |   32|   0|   32|          0|
    |tmp2_14_reg_3971                              |   32|   0|   32|          0|
    |tmp2_15_reg_3981                              |   32|   0|   32|          0|
    |tmp2_1_reg_3841                               |   32|   0|   32|          0|
    |tmp2_2_reg_3851                               |   32|   0|   32|          0|
    |tmp2_3_reg_3861                               |   32|   0|   32|          0|
    |tmp2_4_reg_3871                               |   32|   0|   32|          0|
    |tmp2_5_reg_3881                               |   32|   0|   32|          0|
    |tmp2_6_reg_3891                               |   32|   0|   32|          0|
    |tmp2_7_reg_3901                               |   32|   0|   32|          0|
    |tmp2_8_reg_3911                               |   32|   0|   32|          0|
    |tmp2_9_reg_3921                               |   32|   0|   32|          0|
    |tmp2_reg_3831                                 |   32|   0|   32|          0|
    |tmp3_10_reg_3936                              |   32|   0|   32|          0|
    |tmp3_11_reg_3946                              |   32|   0|   32|          0|
    |tmp3_12_reg_3956                              |   32|   0|   32|          0|
    |tmp3_13_reg_3966                              |   32|   0|   32|          0|
    |tmp3_14_reg_3976                              |   32|   0|   32|          0|
    |tmp3_15_reg_3986                              |   32|   0|   32|          0|
    |tmp3_1_reg_3846                               |   32|   0|   32|          0|
    |tmp3_2_reg_3856                               |   32|   0|   32|          0|
    |tmp3_3_reg_3866                               |   32|   0|   32|          0|
    |tmp3_4_reg_3876                               |   32|   0|   32|          0|
    |tmp3_5_reg_3886                               |   32|   0|   32|          0|
    |tmp3_6_reg_3896                               |   32|   0|   32|          0|
    |tmp3_7_reg_3906                               |   32|   0|   32|          0|
    |tmp3_8_reg_3916                               |   32|   0|   32|          0|
    |tmp3_9_reg_3926                               |   32|   0|   32|          0|
    |tmp3_reg_3836                                 |   32|   0|   32|          0|
    |tmp_reg_4096                                  |    1|   0|    1|          0|
    |upper_limit_x_cast_cast_reg_2942              |   16|   0|   17|          1|
    |zext_ln239_cast_reg_2982                      |   16|   0|   17|          1|
    |zext_ln291_reg_3018                           |   16|   0|   64|         48|
    |zext_ln294_reg_3003                           |   16|   0|   64|         48|
    |arg0_rowArr_1_0_10_reg_3473                   |   64|  32|   32|          0|
    |arg0_rowArr_1_0_11_reg_3490                   |   64|  32|   32|          0|
    |arg0_rowArr_1_0_12_reg_3507                   |   64|  32|   32|          0|
    |arg0_rowArr_1_0_13_reg_3524                   |   64|  32|   32|          0|
    |arg0_rowArr_1_0_14_reg_3541                   |   64|  32|   32|          0|
    |arg0_rowArr_1_0_15_reg_3558                   |   64|  32|   32|          0|
    |arg0_rowArr_1_0_16_reg_3575                   |   64|  32|   32|          0|
    |arg0_rowArr_1_0_1_reg_3321                    |   64|  32|   32|          0|
    |arg0_rowArr_1_0_2_reg_3337                    |   64|  32|   32|          0|
    |arg0_rowArr_1_0_3_reg_3354                    |   64|  32|   32|          0|
    |arg0_rowArr_1_0_4_reg_3371                    |   64|  32|   32|          0|
    |arg0_rowArr_1_0_5_reg_3388                    |   64|  32|   32|          0|
    |arg0_rowArr_1_0_6_reg_3405                    |   64|  32|   32|          0|
    |arg0_rowArr_1_0_7_reg_3422                    |   64|  32|   32|          0|
    |arg0_rowArr_1_0_8_reg_3439                    |   64|  32|   32|          0|
    |arg0_rowArr_1_0_9_reg_3456                    |   64|  32|   32|          0|
    |arg0_tmpConverter_1_0_17_reg_3225             |   64|  32|   32|          0|
    |arg0_tmpConverter_1_0_reg_3123                |   64|  32|   32|          0|
    |arg0_tmpConverter_2_0_10_reg_3083             |   64|  32|   32|          0|
    |arg0_tmpConverter_2_0_11_reg_3088             |   64|  32|   32|          0|
    |arg0_tmpConverter_2_0_12_reg_3093             |   64|  32|   32|          0|
    |arg0_tmpConverter_2_0_13_reg_3098             |   64|  32|   32|          0|
    |arg0_tmpConverter_2_0_14_reg_3103             |   64|  32|   32|          0|
    |arg0_tmpConverter_2_0_15_reg_3108             |   64|  32|   32|          0|
    |arg0_tmpConverter_2_0_1_reg_3038              |   64|  32|   32|          0|
    |arg0_tmpConverter_2_0_2_reg_3043              |   64|  32|   32|          0|
    |arg0_tmpConverter_2_0_3_reg_3048              |   64|  32|   32|          0|
    |arg0_tmpConverter_2_0_4_reg_3053              |   64|  32|   32|          0|
    |arg0_tmpConverter_2_0_5_reg_3058              |   64|  32|   32|          0|
    |arg0_tmpConverter_2_0_6_reg_3063              |   64|  32|   32|          0|
    |arg0_tmpConverter_2_0_7_reg_3068              |   64|  32|   32|          0|
    |arg0_tmpConverter_2_0_8_reg_3073              |   64|  32|   32|          0|
    |arg0_tmpConverter_2_0_9_reg_3078              |   64|  32|   32|          0|
    |arg0_tmpConverter_2_0_reg_3033                |   64|  32|   32|          0|
    |arg1_tmpConvWrite_48_reg_3129                 |   64|  32|   32|          0|
    |arg1_tmpConvWrite_49_reg_3135                 |   64|  32|   32|          0|
    |arg1_tmpConvWrite_50_reg_3141                 |   64|  32|   32|          0|
    |arg1_tmpConvWrite_51_reg_3147                 |   64|  32|   32|          0|
    |arg1_tmpConvWrite_52_reg_3153                 |   64|  32|   32|          0|
    |arg1_tmpConvWrite_53_reg_3159                 |   64|  32|   32|          0|
    |arg1_tmpConvWrite_54_reg_3165                 |   64|  32|   32|          0|
    |arg1_tmpConvWrite_55_reg_3171                 |   64|  32|   32|          0|
    |arg1_tmpConvWrite_56_reg_3177                 |   64|  32|   32|          0|
    |arg1_tmpConvWrite_57_reg_3183                 |   64|  32|   32|          0|
    |arg1_tmpConvWrite_58_reg_3189                 |   64|  32|   32|          0|
    |arg1_tmpConvWrite_59_reg_3195                 |   64|  32|   32|          0|
    |arg1_tmpConvWrite_60_reg_3201                 |   64|  32|   32|          0|
    |arg1_tmpConvWrite_61_reg_3207                 |   64|  32|   32|          0|
    |arg1_tmpConvWrite_62_reg_3213                 |   64|  32|   32|          0|
    |arg1_tmpConvWrite_63_reg_3219                 |   64|  32|   32|          0|
    +----------------------------------------------+-----+----+-----+-----------+
    |Total                                         |12749|1600|11260|        111|
    +----------------------------------------------+-----+----+-----+-----------+



================================================================
== Interface
================================================================
* Summary: 
+-------------------------------------------------------------------+-----+-----+------------+----------------------------------------------------+--------------+
|                             RTL Ports                             | Dir | Bits|  Protocol  |                    Source Object                   |    C Type    |
+-------------------------------------------------------------------+-----+-----+------------+----------------------------------------------------+--------------+
|ap_clk                                                             |   in|    1|  ap_ctrl_hs|                stencilRun_Pipeline_VITIS_LOOP_239_1|  return value|
|ap_rst                                                             |   in|    1|  ap_ctrl_hs|                stencilRun_Pipeline_VITIS_LOOP_239_1|  return value|
|ap_start                                                           |   in|    1|  ap_ctrl_hs|                stencilRun_Pipeline_VITIS_LOOP_239_1|  return value|
|ap_done                                                            |  out|    1|  ap_ctrl_hs|                stencilRun_Pipeline_VITIS_LOOP_239_1|  return value|
|ap_idle                                                            |  out|    1|  ap_ctrl_hs|                stencilRun_Pipeline_VITIS_LOOP_239_1|  return value|
|ap_ready                                                           |  out|    1|  ap_ctrl_hs|                stencilRun_Pipeline_VITIS_LOOP_239_1|  return value|
|arg0_poisson_kernel_stencil_in_subtile_stream_2_6_dout             |   in|  288|     ap_fifo|   arg0_poisson_kernel_stencil_in_subtile_stream_2_6|       pointer|
|arg0_poisson_kernel_stencil_in_subtile_stream_2_6_num_data_valid   |   in|    2|     ap_fifo|   arg0_poisson_kernel_stencil_in_subtile_stream_2_6|       pointer|
|arg0_poisson_kernel_stencil_in_subtile_stream_2_6_fifo_cap         |   in|    2|     ap_fifo|   arg0_poisson_kernel_stencil_in_subtile_stream_2_6|       pointer|
|arg0_poisson_kernel_stencil_in_subtile_stream_2_6_empty_n          |   in|    1|     ap_fifo|   arg0_poisson_kernel_stencil_in_subtile_stream_2_6|       pointer|
|arg0_poisson_kernel_stencil_in_subtile_stream_2_6_read             |  out|    1|     ap_fifo|   arg0_poisson_kernel_stencil_in_subtile_stream_2_6|       pointer|
|arg0_poisson_kernel_stencil_in_subtile_stream_2_7_dout             |   in|  288|     ap_fifo|   arg0_poisson_kernel_stencil_in_subtile_stream_2_7|       pointer|
|arg0_poisson_kernel_stencil_in_subtile_stream_2_7_num_data_valid   |   in|    2|     ap_fifo|   arg0_poisson_kernel_stencil_in_subtile_stream_2_7|       pointer|
|arg0_poisson_kernel_stencil_in_subtile_stream_2_7_fifo_cap         |   in|    2|     ap_fifo|   arg0_poisson_kernel_stencil_in_subtile_stream_2_7|       pointer|
|arg0_poisson_kernel_stencil_in_subtile_stream_2_7_empty_n          |   in|    1|     ap_fifo|   arg0_poisson_kernel_stencil_in_subtile_stream_2_7|       pointer|
|arg0_poisson_kernel_stencil_in_subtile_stream_2_7_read             |  out|    1|     ap_fifo|   arg0_poisson_kernel_stencil_in_subtile_stream_2_7|       pointer|
|arg1_poisson_kernel_stencil_out_subtile_stream_2_6_din             |  out|  288|     ap_fifo|  arg1_poisson_kernel_stencil_out_subtile_stream_2_6|       pointer|
|arg1_poisson_kernel_stencil_out_subtile_stream_2_6_num_data_valid  |   in|    2|     ap_fifo|  arg1_poisson_kernel_stencil_out_subtile_stream_2_6|       pointer|
|arg1_poisson_kernel_stencil_out_subtile_stream_2_6_fifo_cap        |   in|    2|     ap_fifo|  arg1_poisson_kernel_stencil_out_subtile_stream_2_6|       pointer|
|arg1_poisson_kernel_stencil_out_subtile_stream_2_6_full_n          |   in|    1|     ap_fifo|  arg1_poisson_kernel_stencil_out_subtile_stream_2_6|       pointer|
|arg1_poisson_kernel_stencil_out_subtile_stream_2_6_write           |  out|    1|     ap_fifo|  arg1_poisson_kernel_stencil_out_subtile_stream_2_6|       pointer|
|arg1_poisson_kernel_stencil_out_subtile_stream_2_7_din             |  out|  288|     ap_fifo|  arg1_poisson_kernel_stencil_out_subtile_stream_2_7|       pointer|
|arg1_poisson_kernel_stencil_out_subtile_stream_2_7_num_data_valid  |   in|    2|     ap_fifo|  arg1_poisson_kernel_stencil_out_subtile_stream_2_7|       pointer|
|arg1_poisson_kernel_stencil_out_subtile_stream_2_7_fifo_cap        |   in|    2|     ap_fifo|  arg1_poisson_kernel_stencil_out_subtile_stream_2_7|       pointer|
|arg1_poisson_kernel_stencil_out_subtile_stream_2_7_full_n          |   in|    1|     ap_fifo|  arg1_poisson_kernel_stencil_out_subtile_stream_2_7|       pointer|
|arg1_poisson_kernel_stencil_out_subtile_stream_2_7_write           |  out|    1|     ap_fifo|  arg1_poisson_kernel_stencil_out_subtile_stream_2_7|       pointer|
|mul_ln239                                                          |   in|   30|     ap_none|                                           mul_ln239|        scalar|
|arg0_buf_r0_1_p0_V_address0                                        |  out|    7|   ap_memory|                                  arg0_buf_r0_1_p0_V|         array|
|arg0_buf_r0_1_p0_V_ce0                                             |  out|    1|   ap_memory|                                  arg0_buf_r0_1_p0_V|         array|
|arg0_buf_r0_1_p0_V_q0                                              |   in|  544|   ap_memory|                                  arg0_buf_r0_1_p0_V|         array|
|arg0_buf_r0_1_p0_V_address1                                        |  out|    7|   ap_memory|                                  arg0_buf_r0_1_p0_V|         array|
|arg0_buf_r0_1_p0_V_ce1                                             |  out|    1|   ap_memory|                                  arg0_buf_r0_1_p0_V|         array|
|arg0_buf_r0_1_p0_V_we1                                             |  out|    1|   ap_memory|                                  arg0_buf_r0_1_p0_V|         array|
|arg0_buf_r0_1_p0_V_d1                                              |  out|  544|   ap_memory|                                  arg0_buf_r0_1_p0_V|         array|
|arg0_buf_r1_2_p0_V_address0                                        |  out|    7|   ap_memory|                                  arg0_buf_r1_2_p0_V|         array|
|arg0_buf_r1_2_p0_V_ce0                                             |  out|    1|   ap_memory|                                  arg0_buf_r1_2_p0_V|         array|
|arg0_buf_r1_2_p0_V_q0                                              |   in|  576|   ap_memory|                                  arg0_buf_r1_2_p0_V|         array|
|arg0_buf_r1_2_p0_V_address1                                        |  out|    7|   ap_memory|                                  arg0_buf_r1_2_p0_V|         array|
|arg0_buf_r1_2_p0_V_ce1                                             |  out|    1|   ap_memory|                                  arg0_buf_r1_2_p0_V|         array|
|arg0_buf_r1_2_p0_V_we1                                             |  out|    1|   ap_memory|                                  arg0_buf_r1_2_p0_V|         array|
|arg0_buf_r1_2_p0_V_d1                                              |  out|  576|   ap_memory|                                  arg0_buf_r1_2_p0_V|         array|
|p_read25_cast                                                      |   in|   14|     ap_none|                                       p_read25_cast|        scalar|
|zext_ln239                                                         |   in|   16|     ap_none|                                          zext_ln239|        scalar|
|adj_half_span_x_lower_cast                                         |   in|    3|     ap_none|                          adj_half_span_x_lower_cast|        scalar|
|upper_limit_x_cast                                                 |   in|   16|     ap_none|                                  upper_limit_x_cast|        scalar|
|sext_ln223                                                         |   in|   15|     ap_none|                                          sext_ln223|        scalar|
|cond_y_val                                                         |   in|   16|     ap_none|                                          cond_y_val|        scalar|
|S2D_00_P10_M10_0P1_0M1_read_ub_itr                                 |   in|   30|     ap_none|                  S2D_00_P10_M10_0P1_0M1_read_ub_itr|        scalar|
+-------------------------------------------------------------------+-----+-----+------------+----------------------------------------------------+--------------+

