

================================================================
== Vitis HLS Report for 'stencilRun'
================================================================
* Date:           Sun Jul 26 03:00:14 2026

* Version:        2022.1 (Build 3526262 on Mon Apr 18 15:47:01 MDT 2022)
* Project:        kernel_outerloop_0
* Solution:       solution (Vitis Kernel Flow Target)
* Product family: versal
* Target device:  xcvc1902-vsvd1760-2MP-e-S


================================================================
== Performance Estimates
================================================================
+ Timing: 
    * Summary: 
    +--------+---------+----------+------------+
    |  Clock |  Target | Estimated| Uncertainty|
    +--------+---------+----------+------------+
    |ap_clk  |  3.33 ns|  2.307 ns|     0.90 ns|
    +--------+---------+----------+------------+

+ Latency: 
    * Summary: 
    +---------+---------+----------+----------+-----+-----+---------+
    |  Latency (cycles) |  Latency (absolute) |  Interval | Pipeline|
    |   min   |   max   |    min   |    max   | min | max |   Type  |
    +---------+---------+----------+----------+-----+-----+---------+
    |        ?|        ?|         ?|         ?|    ?|    ?|       no|
    +---------+---------+----------+----------+-----+-----+---------+

    + Detail: 
        * Instance: 
        +-------------------------------------------------+--------------------------------------+---------+---------+----------+----------+-----+-----+---------+
        |                                                 |                                      |  Latency (cycles) |  Latency (absolute) |  Interval | Pipeline|
        |                     Instance                    |                Module                |   min   |   max   |    min   |    max   | min | max |   Type  |
        +-------------------------------------------------+--------------------------------------+---------+---------+----------+----------+-----+-----+---------+
        |grp_stencilRun_Pipeline_VITIS_LOOP_171_2_fu_122  |stencilRun_Pipeline_VITIS_LOOP_171_2  |        ?|        ?|         ?|         ?|    ?|    ?|       no|
        +-------------------------------------------------+--------------------------------------+---------+---------+----------+----------+-----+-----+---------+

        * Loop: 
        +-------------------+---------+---------+----------+-----------+-----------+------+----------+
        |                   |  Latency (cycles) | Iteration|  Initiation Interval  | Trip |          |
        |     Loop Name     |   min   |   max   |  Latency |  achieved |   target  | Count| Pipelined|
        +-------------------+---------+---------+----------+-----------+-----------+------+----------+
        |- VITIS_LOOP_94_1  |        ?|        ?|         ?|          -|          -|     ?|        no|
        +-------------------+---------+---------+----------+-----------+-----------+------+----------+



================================================================
== Utilization Estimates
================================================================
* Summary: 
+-----------------+---------+------+---------+--------+-----+
|       Name      | BRAM_18K|  DSP |    FF   |   LUT  | URAM|
+-----------------+---------+------+---------+--------+-----+
|DSP              |        -|     2|        -|       -|    -|
|Expression       |        -|     -|        0|      73|    -|
|FIFO             |        -|     -|        -|       -|    -|
|Instance         |        -|    32|     6570|    4374|    -|
|Memory           |        8|     -|        0|       0|    4|
|Multiplexer      |        -|     -|        -|      25|    -|
|Register         |        -|     -|      136|       -|    -|
+-----------------+---------+------+---------+--------+-----+
|Total            |        8|    34|     6706|    4472|    4|
+-----------------+---------+------+---------+--------+-----+
|Available        |     1934|  1968|  1799680|  899840|  463|
+-----------------+---------+------+---------+--------+-----+
|Utilization (%)  |       ~0|     1|       ~0|      ~0|   ~0|
+-----------------+---------+------+---------+--------+-----+

+ Detail: 
    * Instance: 
    +-------------------------------------------------+--------------------------------------+---------+----+------+------+-----+
    |                     Instance                    |                Module                | BRAM_18K| DSP|  FF  |  LUT | URAM|
    +-------------------------------------------------+--------------------------------------+---------+----+------+------+-----+
    |grp_stencilRun_Pipeline_VITIS_LOOP_171_2_fu_122  |stencilRun_Pipeline_VITIS_LOOP_171_2  |        0|  32|  6570|  4374|    0|
    +-------------------------------------------------+--------------------------------------+---------+----+------+------+-----+
    |Total                                            |                                      |        0|  32|  6570|  4374|    0|
    +-------------------------------------------------+--------------------------------------+---------+----+------+------+-----+

    * DSP: 
    +------------------------------+--------------------------+-----------+
    |           Instance           |          Module          | Expression|
    +------------------------------+--------------------------+-----------+
    |mul_mul_16ns_16ns_32_4_1_U78  |mul_mul_16ns_16ns_32_4_1  |    i0 * i1|
    |mul_mul_16ns_16ns_32_4_1_U79  |mul_mul_16ns_16ns_32_4_1  |    i0 * i1|
    +------------------------------+--------------------------+-----------+

    * Memory: 
    +----------------------+-------------------------------------------------+---------+---+----+-----+------+-----+------+-------------+
    |        Memory        |                      Module                     | BRAM_18K| FF| LUT| URAM| Words| Bits| Banks| W*Bits*Banks|
    +----------------------+-------------------------------------------------+---------+---+----+-----+------+-----+------+-------------+
    |arg0_buf_r0_1_p0_V_U  |stencilRun_arg0_buf_r0_1_p0_V_RAM_S2P_URAM_2R1W  |        0|  0|   0|    4|    38|  256|     1|         9728|
    |arg0_buf_r1_2_p0_V_U  |stencilRun_arg0_buf_r1_2_p0_V_RAM_S2P_BRAM_2R1W  |        8|  0|   0|    0|    38|  256|     1|         9728|
    +----------------------+-------------------------------------------------+---------+---+----+-----+------+-----+------+-------------+
    |Total                 |                                                 |        8|  0|   0|    4|    76|  512|     2|        19456|
    +----------------------+-------------------------------------------------+---------+---+----+-----+------+-----+------+-------------+

    * FIFO: 
    N/A

    * Expression: 
    +----------------------+----------+----+---+----+------------+------------+
    |     Variable Name    | Operation| DSP| FF| LUT| Bitwidth P0| Bitwidth P1|
    +----------------------+----------+----+---+----+------------+------------+
    |bat_2_fu_180_p2       |         +|   0|  0|  16|          16|           1|
    |cond_x_val_fu_161_p2  |         +|   0|  0|  16|          16|           2|
    |cond_y_val_fu_166_p2  |         +|   0|  0|  16|          16|           2|
    |sub86_fu_171_p2       |         +|   0|  0|  17|          17|           2|
    |icmp_ln94_fu_186_p2   |      icmp|   0|  0|   8|          16|          16|
    +----------------------+----------+----+---+----+------------+------------+
    |Total                 |          |   0|  0|  73|          81|          23|
    +----------------------+----------+----+---+----+------------+------------+

    * Multiplexer: 
    +-----------------------------+----+-----------+-----+-----------+
    |             Name            | LUT| Input Size| Bits| Total Bits|
    +-----------------------------+----+-----------+-----+-----------+
    |ap_NS_fsm                    |   6|          7|    1|          7|
    |arg0_arg1_streams_5454_read  |   2|          2|    1|          2|
    |arg0_arg1_streams_55_write   |   2|          2|    1|          2|
    |bat_fu_62                    |  15|          2|   16|         32|
    +-----------------------------+----+-----------+-----+-----------+
    |Total                        |  25|         13|   19|         43|
    +-----------------------------+----+-----------+-----+-----------+

    * Register: 
    +--------------------------------------------------------------+----+----+-----+-----------+
    |                             Name                             | FF | LUT| Bits| Const Bits|
    +--------------------------------------------------------------+----+----+-----+-----------+
    |S2D_00_P10_M10_0P1_0M1_read_ub_itr_reg_272                    |  32|   0|   32|          0|
    |ap_CS_fsm                                                     |   6|   0|    6|          0|
    |bat_fu_62                                                     |  16|   0|   16|          0|
    |cond_x_val_reg_277                                            |  16|   0|   16|          0|
    |cond_y_val_reg_282                                            |  16|   0|   16|          0|
    |grp_stencilRun_Pipeline_VITIS_LOOP_171_2_fu_122_ap_start_reg  |   1|   0|    1|          0|
    |iter_limit_reg_267                                            |  32|   0|   32|          0|
    |sub86_reg_287                                                 |  17|   0|   17|          0|
    +--------------------------------------------------------------+----+----+-----+-----------+
    |Total                                                         | 136|   0|  136|          0|
    +--------------------------------------------------------------+----+----+-----+-----------+



================================================================
== Interface
================================================================
* Summary: 
+---------------------------------------+-----+-----+------------+------------------------+--------------+
|               RTL Ports               | Dir | Bits|  Protocol  |      Source Object     |    C Type    |
+---------------------------------------+-----+-----+------------+------------------------+--------------+
|ap_clk                                 |   in|    1|  ap_ctrl_hs|              stencilRun|  return value|
|ap_rst                                 |   in|    1|  ap_ctrl_hs|              stencilRun|  return value|
|ap_start                               |   in|    1|  ap_ctrl_hs|              stencilRun|  return value|
|ap_done                                |  out|    1|  ap_ctrl_hs|              stencilRun|  return value|
|ap_idle                                |  out|    1|  ap_ctrl_hs|              stencilRun|  return value|
|ap_ready                               |  out|    1|  ap_ctrl_hs|              stencilRun|  return value|
|p_read                                 |   in|   16|     ap_none|                  p_read|        scalar|
|p_read1                                |   in|   16|     ap_none|                 p_read1|        scalar|
|p_read2                                |   in|   16|     ap_none|                 p_read2|        scalar|
|p_read3                                |   in|   16|     ap_none|                 p_read3|        scalar|
|p_read4                                |   in|   16|     ap_none|                 p_read4|        scalar|
|p_read5                                |   in|   16|     ap_none|                 p_read5|        scalar|
|p_read6                                |   in|   16|     ap_none|                 p_read6|        scalar|
|p_read7                                |   in|   16|     ap_none|                 p_read7|        scalar|
|arg0_arg1_streams_5454_dout            |   in|  256|     ap_fifo|  arg0_arg1_streams_5454|       pointer|
|arg0_arg1_streams_5454_num_data_valid  |   in|    5|     ap_fifo|  arg0_arg1_streams_5454|       pointer|
|arg0_arg1_streams_5454_fifo_cap        |   in|    5|     ap_fifo|  arg0_arg1_streams_5454|       pointer|
|arg0_arg1_streams_5454_empty_n         |   in|    1|     ap_fifo|  arg0_arg1_streams_5454|       pointer|
|arg0_arg1_streams_5454_read            |  out|    1|     ap_fifo|  arg0_arg1_streams_5454|       pointer|
|arg0_arg1_streams_55_din               |  out|  256|     ap_fifo|    arg0_arg1_streams_55|       pointer|
|arg0_arg1_streams_55_num_data_valid    |   in|    5|     ap_fifo|    arg0_arg1_streams_55|       pointer|
|arg0_arg1_streams_55_fifo_cap          |   in|    5|     ap_fifo|    arg0_arg1_streams_55|       pointer|
|arg0_arg1_streams_55_full_n            |   in|    1|     ap_fifo|    arg0_arg1_streams_55|       pointer|
|arg0_arg1_streams_55_write             |  out|    1|     ap_fifo|    arg0_arg1_streams_55|       pointer|
+---------------------------------------+-----+-----+------------+------------------------+--------------+

