

================================================================
== Vitis HLS Report for 'stencilRun_Pipeline_VITIS_LOOP_171_2'
================================================================
* Date:           Sun Jul 26 03:00:17 2026

* Version:        2022.1 (Build 3526262 on Mon Apr 18 15:47:01 MDT 2022)
* Project:        kernel_outerloop_0
* Solution:       solution (Vitis Kernel Flow Target)
* Product family: versal
* Target device:  xcvc1902-vsvd1760-2MP-e-S


================================================================
== Performance Estimates
================================================================
+ Timing: 
    * Summary: 
    +--------+---------+----------+------------+
    |  Clock |  Target | Estimated| Uncertainty|
    +--------+---------+----------+------------+
    |ap_clk  |  3.33 ns|  2.307 ns|     0.90 ns|
    +--------+---------+----------+------------+

+ Latency: 
    * Summary: 
    +---------+---------+----------+----------+-----+-----+---------+
    |  Latency (cycles) |  Latency (absolute) |  Interval | Pipeline|
    |   min   |   max   |    min   |    max   | min | max |   Type  |
    +---------+---------+----------+----------+-----+-----+---------+
    |        ?|        ?|         ?|         ?|    ?|    ?|       no|
    +---------+---------+----------+----------+-----+-----+---------+

    + Detail: 
        * Instance: 
        +----------------------------------+-----------------------+---------+---------+----------+----------+-----+-----+---------+
        |                                  |                       |  Latency (cycles) |  Latency (absolute) |  Interval | Pipeline|
        |             Instance             |         Module        |   min   |   max   |    min   |    max   | min | max |   Type  |
        +----------------------------------+-----------------------+---------+---------+----------+----------+-----+-----+---------+
        |grp_generic_ldexp_float_s_fu_369  |generic_ldexp_float_s  |        1|        1|  3.333 ns|  3.333 ns|    1|    1|      yes|
        |grp_generic_ldexp_float_s_fu_376  |generic_ldexp_float_s  |        1|        1|  3.333 ns|  3.333 ns|    1|    1|      yes|
        |grp_generic_ldexp_float_s_fu_383  |generic_ldexp_float_s  |        1|        1|  3.333 ns|  3.333 ns|    1|    1|      yes|
        |grp_generic_ldexp_float_s_fu_390  |generic_ldexp_float_s  |        1|        1|  3.333 ns|  3.333 ns|    1|    1|      yes|
        |grp_generic_ldexp_float_s_fu_397  |generic_ldexp_float_s  |        1|        1|  3.333 ns|  3.333 ns|    1|    1|      yes|
        |grp_generic_ldexp_float_s_fu_404  |generic_ldexp_float_s  |        1|        1|  3.333 ns|  3.333 ns|    1|    1|      yes|
        |grp_generic_ldexp_float_s_fu_411  |generic_ldexp_float_s  |        1|        1|  3.333 ns|  3.333 ns|    1|    1|      yes|
        |grp_generic_ldexp_float_s_fu_418  |generic_ldexp_float_s  |        1|        1|  3.333 ns|  3.333 ns|    1|    1|      yes|
        |grp_generic_ldexp_float_s_fu_425  |generic_ldexp_float_s  |        1|        1|  3.333 ns|  3.333 ns|    1|    1|      yes|
        |grp_generic_ldexp_float_s_fu_432  |generic_ldexp_float_s  |        1|        1|  3.333 ns|  3.333 ns|    1|    1|      yes|
        |grp_generic_ldexp_float_s_fu_439  |generic_ldexp_float_s  |        1|        1|  3.333 ns|  3.333 ns|    1|    1|      yes|
        |grp_generic_ldexp_float_s_fu_446  |generic_ldexp_float_s  |        1|        1|  3.333 ns|  3.333 ns|    1|    1|      yes|
        |grp_generic_ldexp_float_s_fu_453  |generic_ldexp_float_s  |        1|        1|  3.333 ns|  3.333 ns|    1|    1|      yes|
        |grp_generic_ldexp_float_s_fu_460  |generic_ldexp_float_s  |        1|        1|  3.333 ns|  3.333 ns|    1|    1|      yes|
        |grp_generic_ldexp_float_s_fu_467  |generic_ldexp_float_s  |        1|        1|  3.333 ns|  3.333 ns|    1|    1|      yes|
        |grp_generic_ldexp_float_s_fu_474  |generic_ldexp_float_s  |        1|        1|  3.333 ns|  3.333 ns|    1|    1|      yes|
        +----------------------------------+-----------------------+---------+---------+----------+----------+-----+-----+---------+

        * Loop: 
        +--------------------+---------+---------+----------+-----------+-----------+------+----------+
        |                    |  Latency (cycles) | Iteration|  Initiation Interval  | Trip |          |
        |      Loop Name     |   min   |   max   |  Latency |  achieved |   target  | Count| Pipelined|
        +--------------------+---------+---------+----------+-----------+-----------+------+----------+
        |- VITIS_LOOP_171_2  |        ?|        ?|        12|          1|          1|     ?|       yes|
        +--------------------+---------+---------+----------+-----------+-----------+------+----------+



================================================================
== Utilization Estimates
================================================================
* Summary: 
+-----------------+---------+------+---------+--------+-----+
|       Name      | BRAM_18K|  DSP |    FF   |   LUT  | URAM|
+-----------------+---------+------+---------+--------+-----+
|DSP              |        -|     -|        -|       -|    -|
|Expression       |        -|     -|        0|     699|    -|
|FIFO             |        -|     -|        -|       -|    -|
|Instance         |        -|    32|     1600|    2720|    -|
|Memory           |        -|     -|        -|       -|    -|
|Multiplexer      |        -|     -|        -|     955|    -|
|Register         |        -|     -|     4970|       0|    -|
+-----------------+---------+------+---------+--------+-----+
|Total            |        0|    32|     6570|    4374|    0|
+-----------------+---------+------+---------+--------+-----+
|Available        |     1934|  1968|  1799680|  899840|  463|
+-----------------+---------+------+---------+--------+-----+
|Utilization (%)  |        0|     1|       ~0|      ~0|    0|
+-----------------+---------+------+---------+--------+-----+

+ Detail: 
    * Instance: 
    +-----------------------------------------+-------------------------------------+---------+----+-----+-----+-----+
    |                 Instance                |                Module               | BRAM_18K| DSP|  FF | LUT | URAM|
    +-----------------------------------------+-------------------------------------+---------+----+-----+-----+-----+
    |fadd_32ns_32ns_32_2_primitive_dsp_1_U32  |fadd_32ns_32ns_32_2_primitive_dsp_1  |        0|   1|    0|    0|    0|
    |fadd_32ns_32ns_32_2_primitive_dsp_1_U33  |fadd_32ns_32ns_32_2_primitive_dsp_1  |        0|   1|    0|    0|    0|
    |fadd_32ns_32ns_32_2_primitive_dsp_1_U34  |fadd_32ns_32ns_32_2_primitive_dsp_1  |        0|   1|    0|    0|    0|
    |fadd_32ns_32ns_32_2_primitive_dsp_1_U35  |fadd_32ns_32ns_32_2_primitive_dsp_1  |        0|   1|    0|    0|    0|
    |fadd_32ns_32ns_32_2_primitive_dsp_1_U36  |fadd_32ns_32ns_32_2_primitive_dsp_1  |        0|   1|    0|    0|    0|
    |fadd_32ns_32ns_32_2_primitive_dsp_1_U37  |fadd_32ns_32ns_32_2_primitive_dsp_1  |        0|   1|    0|    0|    0|
    |fadd_32ns_32ns_32_2_primitive_dsp_1_U38  |fadd_32ns_32ns_32_2_primitive_dsp_1  |        0|   1|    0|    0|    0|
    |fadd_32ns_32ns_32_2_primitive_dsp_1_U39  |fadd_32ns_32ns_32_2_primitive_dsp_1  |        0|   1|    0|    0|    0|
    |fadd_32ns_32ns_32_2_primitive_dsp_1_U40  |fadd_32ns_32ns_32_2_primitive_dsp_1  |        0|   1|    0|    0|    0|
    |fadd_32ns_32ns_32_2_primitive_dsp_1_U41  |fadd_32ns_32ns_32_2_primitive_dsp_1  |        0|   1|    0|    0|    0|
    |fadd_32ns_32ns_32_2_primitive_dsp_1_U42  |fadd_32ns_32ns_32_2_primitive_dsp_1  |        0|   1|    0|    0|    0|
    |fadd_32ns_32ns_32_2_primitive_dsp_1_U43  |fadd_32ns_32ns_32_2_primitive_dsp_1  |        0|   1|    0|    0|    0|
    |fadd_32ns_32ns_32_2_primitive_dsp_1_U44  |fadd_32ns_32ns_32_2_primitive_dsp_1  |        0|   1|    0|    0|    0|
    |fadd_32ns_32ns_32_2_primitive_dsp_1_U45  |fadd_32ns_32ns_32_2_primitive_dsp_1  |        0|   1|    0|    0|    0|
    |fadd_32ns_32ns_32_2_primitive_dsp_1_U46  |fadd_32ns_32ns_32_2_primitive_dsp_1  |        0|   1|    0|    0|    0|
    |fadd_32ns_32ns_32_2_primitive_dsp_1_U47  |fadd_32ns_32ns_32_2_primitive_dsp_1  |        0|   1|    0|    0|    0|
    |fadd_32ns_32ns_32_2_primitive_dsp_1_U48  |fadd_32ns_32ns_32_2_primitive_dsp_1  |        0|   1|    0|    0|    0|
    |fadd_32ns_32ns_32_2_primitive_dsp_1_U49  |fadd_32ns_32ns_32_2_primitive_dsp_1  |        0|   1|    0|    0|    0|
    |fadd_32ns_32ns_32_2_primitive_dsp_1_U50  |fadd_32ns_32ns_32_2_primitive_dsp_1  |        0|   1|    0|    0|    0|
    |fadd_32ns_32ns_32_2_primitive_dsp_1_U51  |fadd_32ns_32ns_32_2_primitive_dsp_1  |        0|   1|    0|    0|    0|
    |fadd_32ns_32ns_32_2_primitive_dsp_1_U52  |fadd_32ns_32ns_32_2_primitive_dsp_1  |        0|   1|    0|    0|    0|
    |fadd_32ns_32ns_32_2_primitive_dsp_1_U53  |fadd_32ns_32ns_32_2_primitive_dsp_1  |        0|   1|    0|    0|    0|
    |fadd_32ns_32ns_32_2_primitive_dsp_1_U54  |fadd_32ns_32ns_32_2_primitive_dsp_1  |        0|   1|    0|    0|    0|
    |fadd_32ns_32ns_32_2_primitive_dsp_1_U55  |fadd_32ns_32ns_32_2_primitive_dsp_1  |        0|   1|    0|    0|    0|
    |fadd_32ns_32ns_32_2_primitive_dsp_1_U56  |fadd_32ns_32ns_32_2_primitive_dsp_1  |        0|   1|    0|    0|    0|
    |fadd_32ns_32ns_32_2_primitive_dsp_1_U57  |fadd_32ns_32ns_32_2_primitive_dsp_1  |        0|   1|    0|    0|    0|
    |fadd_32ns_32ns_32_2_primitive_dsp_1_U58  |fadd_32ns_32ns_32_2_primitive_dsp_1  |        0|   1|    0|    0|    0|
    |fadd_32ns_32ns_32_2_primitive_dsp_1_U59  |fadd_32ns_32ns_32_2_primitive_dsp_1  |        0|   1|    0|    0|    0|
    |fadd_32ns_32ns_32_2_primitive_dsp_1_U60  |fadd_32ns_32ns_32_2_primitive_dsp_1  |        0|   1|    0|    0|    0|
    |fadd_32ns_32ns_32_2_primitive_dsp_1_U61  |fadd_32ns_32ns_32_2_primitive_dsp_1  |        0|   1|    0|    0|    0|
    |fadd_32ns_32ns_32_2_primitive_dsp_1_U62  |fadd_32ns_32ns_32_2_primitive_dsp_1  |        0|   1|    0|    0|    0|
    |fadd_32ns_32ns_32_2_primitive_dsp_1_U63  |fadd_32ns_32ns_32_2_primitive_dsp_1  |        0|   1|    0|    0|    0|
    |grp_generic_ldexp_float_s_fu_369         |generic_ldexp_float_s                |        0|   0|  100|  170|    0|
    |grp_generic_ldexp_float_s_fu_376         |generic_ldexp_float_s                |        0|   0|  100|  170|    0|
    |grp_generic_ldexp_float_s_fu_383         |generic_ldexp_float_s                |        0|   0|  100|  170|    0|
    |grp_generic_ldexp_float_s_fu_390         |generic_ldexp_float_s                |        0|   0|  100|  170|    0|
    |grp_generic_ldexp_float_s_fu_397         |generic_ldexp_float_s                |        0|   0|  100|  170|    0|
    |grp_generic_ldexp_float_s_fu_404         |generic_ldexp_float_s                |        0|   0|  100|  170|    0|
    |grp_generic_ldexp_float_s_fu_411         |generic_ldexp_float_s                |        0|   0|  100|  170|    0|
    |grp_generic_ldexp_float_s_fu_418         |generic_ldexp_float_s                |        0|   0|  100|  170|    0|
    |grp_generic_ldexp_float_s_fu_425         |generic_ldexp_float_s                |        0|   0|  100|  170|    0|
    |grp_generic_ldexp_float_s_fu_432         |generic_ldexp_float_s                |        0|   0|  100|  170|    0|
    |grp_generic_ldexp_float_s_fu_439         |generic_ldexp_float_s                |        0|   0|  100|  170|    0|
    |grp_generic_ldexp_float_s_fu_446         |generic_ldexp_float_s                |        0|   0|  100|  170|    0|
    |grp_generic_ldexp_float_s_fu_453         |generic_ldexp_float_s                |        0|   0|  100|  170|    0|
    |grp_generic_ldexp_float_s_fu_460         |generic_ldexp_float_s                |        0|   0|  100|  170|    0|
    |grp_generic_ldexp_float_s_fu_467         |generic_ldexp_float_s                |        0|   0|  100|  170|    0|
    |grp_generic_ldexp_float_s_fu_474         |generic_ldexp_float_s                |        0|   0|  100|  170|    0|
    +-----------------------------------------+-------------------------------------+---------+----+-----+-----+-----+
    |Total                                    |                                     |        0|  32| 1600| 2720|    0|
    +-----------------------------------------+-------------------------------------+---------+----+-----+-----+-----+

    * DSP: 
    N/A

    * Memory: 
    N/A

    * FIFO: 
    N/A

    * Expression: 
    +------------------------------------------------------------------------+----------+----+---+----+------------+------------+
    |                              Variable Name                             | Operation| DSP| FF| LUT| Bitwidth P0| Bitwidth P1|
    +------------------------------------------------------------------------+----------+----+---+----+------------+------------+
    |S2D_00_P10_M10_0P1_0M1_buf_r0_1_p0_rd_1_fu_1012_p2                      |         +|   0|  0|  16|          16|           1|
    |S2D_00_P10_M10_0P1_0M1_buf_r0_1_p0_wr_1_fu_1026_p2                      |         +|   0|  0|  16|          16|           1|
    |S2D_00_P10_M10_0P1_0M1_buf_r1_2_p0_rd_1_fu_789_p2                       |         +|   0|  0|  16|          16|           1|
    |S2D_00_P10_M10_0P1_0M1_buf_r1_2_p0_wr_1_fu_803_p2                       |         +|   0|  0|  16|          16|           1|
    |add_ln203_fu_940_p2                                                     |         +|   0|  0|  16|          16|           1|
    |i_1_fu_920_p2                                                           |         +|   0|  0|  16|          16|           1|
    |itr_fu_711_p2                                                           |         +|   0|  0|  32|          32|           1|
    |and_ln200_fu_934_p2                                                     |       and|   0|  0|   2|           1|           1|
    |ap_block_state12_pp0_stage0_iter11                                      |       and|   0|  0|   2|           1|           1|
    |ap_block_state2_pp0_stage0_iter1                                        |       and|   0|  0|   2|           1|           1|
    |ap_condition_1140                                                       |       and|   0|  0|   2|           1|           1|
    |ap_condition_1165                                                       |       and|   0|  0|   2|           1|           1|
    |ap_condition_1190                                                       |       and|   0|  0|   2|           1|           1|
    |ap_condition_1215                                                       |       and|   0|  0|   2|           1|           1|
    |ap_condition_1240                                                       |       and|   0|  0|   2|           1|           1|
    |ap_condition_2337                                                       |       and|   0|  0|   2|           1|           1|
    |ap_predicate_op302_call_state10                                         |       and|   0|  0|   2|           1|           1|
    |ap_predicate_op305_call_state10                                         |       and|   0|  0|   2|           1|           1|
    |ap_predicate_op308_call_state10                                         |       and|   0|  0|   2|           1|           1|
    |ap_predicate_op311_call_state10                                         |       and|   0|  0|   2|           1|           1|
    |ap_predicate_op314_call_state10                                         |       and|   0|  0|   2|           1|           1|
    |ap_predicate_op317_call_state10                                         |       and|   0|  0|   2|           1|           1|
    |ap_predicate_op320_call_state10                                         |       and|   0|  0|   2|           1|           1|
    |ap_predicate_op323_call_state10                                         |       and|   0|  0|   2|           1|           1|
    |ap_predicate_op58_read_state2                                           |       and|   0|  0|   2|           1|           1|
    |S2D_00_P10_M10_0P1_0M1_read_cond_fu_723_p2                              |      icmp|   0|  0|  16|          32|          32|
    |cond_x_terminate_fu_910_p2                                              |      icmp|   0|  0|   8|          16|          16|
    |cond_y_terminate_fu_915_p2                                              |      icmp|   0|  0|   8|          16|          16|
    |icmp_ln171_fu_717_p2                                                    |      icmp|   0|  0|  16|          32|          32|
    |icmp_ln226_fu_986_p2                                                    |      icmp|   0|  0|   8|          17|          17|
    |icmp_ln227_fu_1001_p2                                                   |      icmp|   0|  0|   8|          17|          17|
    |icmp_ln239_fu_763_p2                                                    |      icmp|   0|  0|   8|          17|          17|
    |icmp_ln240_fu_778_p2                                                    |      icmp|   0|  0|   8|          17|          17|
    |icmp_ln313_10_fu_1374_p2                                                |      icmp|   0|  0|   8|          17|          17|
    |icmp_ln313_11_fu_1379_p2                                                |      icmp|   0|  0|   8|          17|          17|
    |icmp_ln313_12_fu_1417_p2                                                |      icmp|   0|  0|   8|          17|          17|
    |icmp_ln313_13_fu_1422_p2                                                |      icmp|   0|  0|   8|          17|          17|
    |icmp_ln313_14_fu_1460_p2                                                |      icmp|   0|  0|   8|          17|          17|
    |icmp_ln313_15_fu_1465_p2                                                |      icmp|   0|  0|   8|          17|          17|
    |icmp_ln313_1_fu_1159_p2                                                 |      icmp|   0|  0|   8|          17|          17|
    |icmp_ln313_2_fu_1202_p2                                                 |      icmp|   0|  0|   8|          17|          17|
    |icmp_ln313_3_fu_1207_p2                                                 |      icmp|   0|  0|   8|          17|          17|
    |icmp_ln313_4_fu_1245_p2                                                 |      icmp|   0|  0|   8|          17|          17|
    |icmp_ln313_5_fu_1250_p2                                                 |      icmp|   0|  0|   8|          17|          17|
    |icmp_ln313_6_fu_1288_p2                                                 |      icmp|   0|  0|   8|          17|          17|
    |icmp_ln313_7_fu_1293_p2                                                 |      icmp|   0|  0|   8|          17|          17|
    |icmp_ln313_8_fu_1331_p2                                                 |      icmp|   0|  0|   8|          17|          17|
    |icmp_ln313_9_fu_1336_p2                                                 |      icmp|   0|  0|   8|          17|          17|
    |icmp_ln313_fu_1154_p2                                                   |      icmp|   0|  0|   8|          17|          17|
    |icmp_ln314_fu_1170_p2                                                   |      icmp|   0|  0|   8|          17|          17|
    |neg_cond_1_fu_1230_p2                                                   |      icmp|   0|  0|   8|          17|          17|
    |neg_cond_2_fu_1273_p2                                                   |      icmp|   0|  0|   8|          17|          17|
    |neg_cond_3_fu_1316_p2                                                   |      icmp|   0|  0|   8|          17|          17|
    |neg_cond_4_fu_1359_p2                                                   |      icmp|   0|  0|   8|          17|          17|
    |neg_cond_5_fu_1402_p2                                                   |      icmp|   0|  0|   8|          17|          17|
    |neg_cond_6_fu_1445_p2                                                   |      icmp|   0|  0|   8|          17|          17|
    |neg_cond_7_fu_1488_p2                                                   |      icmp|   0|  0|   8|          17|          17|
    |neg_cond_fu_1187_p2                                                     |      icmp|   0|  0|   8|          17|          17|
    |ap_block_pp0_stage0_01001                                               |        or|   0|  0|   2|           1|           1|
    |ap_condition_1053                                                       |        or|   0|  0|   2|           1|           1|
    |ap_condition_1083                                                       |        or|   0|  0|   2|           1|           1|
    |ap_condition_1108                                                       |        or|   0|  0|   2|           1|           1|
    |index_1_fu_1192_p2                                                      |        or|   0|  0|  12|          16|           1|
    |index_2_fu_1235_p2                                                      |        or|   0|  0|  12|          16|           2|
    |index_3_fu_1278_p2                                                      |        or|   0|  0|  12|          16|           2|
    |index_4_fu_1321_p2                                                      |        or|   0|  0|  12|          16|           3|
    |index_5_fu_1364_p2                                                      |        or|   0|  0|  12|          16|           3|
    |index_6_fu_1407_p2                                                      |        or|   0|  0|  12|          16|           3|
    |index_7_fu_1450_p2                                                      |        or|   0|  0|  12|          16|           3|
    |or_ln315_10_fu_1261_p2                                                  |        or|   0|  0|   2|           1|           1|
    |or_ln315_11_fu_1304_p2                                                  |        or|   0|  0|   2|           1|           1|
    |or_ln315_12_fu_1347_p2                                                  |        or|   0|  0|   2|           1|           1|
    |or_ln315_13_fu_1390_p2                                                  |        or|   0|  0|   2|           1|           1|
    |or_ln315_14_fu_1433_p2                                                  |        or|   0|  0|   2|           1|           1|
    |or_ln315_15_fu_1476_p2                                                  |        or|   0|  0|   2|           1|           1|
    |or_ln315_1_fu_1224_p2                                                   |        or|   0|  0|   2|           1|           1|
    |or_ln315_2_fu_1267_p2                                                   |        or|   0|  0|   2|           1|           1|
    |or_ln315_3_fu_1310_p2                                                   |        or|   0|  0|   2|           1|           1|
    |or_ln315_4_fu_1353_p2                                                   |        or|   0|  0|   2|           1|           1|
    |or_ln315_5_fu_1396_p2                                                   |        or|   0|  0|   2|           1|           1|
    |or_ln315_6_fu_1439_p2                                                   |        or|   0|  0|   2|           1|           1|
    |or_ln315_7_fu_1482_p2                                                   |        or|   0|  0|   2|           1|           1|
    |or_ln315_8_fu_1175_p2                                                   |        or|   0|  0|   2|           1|           1|
    |or_ln315_9_fu_1218_p2                                                   |        or|   0|  0|   2|           1|           1|
    |or_ln315_fu_1181_p2                                                     |        or|   0|  0|   2|           1|           1|
    |S2D_00_P10_M10_0P1_0M1_buf_r0_1_p0_rd_2_fu_1018_p3                      |    select|   0|  0|  15|           1|           1|
    |S2D_00_P10_M10_0P1_0M1_buf_r0_1_p0_wr_2_fu_1032_p3                      |    select|   0|  0|  15|           1|           1|
    |S2D_00_P10_M10_0P1_0M1_buf_r1_2_p0_rd_2_fu_795_p3                       |    select|   0|  0|  15|           1|           1|
    |S2D_00_P10_M10_0P1_0M1_buf_r1_2_p0_wr_2_fu_809_p3                       |    select|   0|  0|  15|           1|           1|
    |i_2_fu_926_p3                                                           |    select|   0|  0|  15|           1|           1|
    |j_1_fu_946_p3                                                           |    select|   0|  0|  15|           1|          16|
    |j_2_fu_954_p3                                                           |    select|   0|  0|  15|           1|           1|
    |ap_enable_pp0                                                           |       xor|   0|  0|   2|           1|           2|
    |cond_end_of_line_buff_S2D_00_P10_M10_0P1_0M1_buf_r0_1_p0_rd_fu_991_p2   |       xor|   0|  0|   2|           1|           2|
    |cond_end_of_line_buff_S2D_00_P10_M10_0P1_0M1_buf_r0_1_p0_wr_fu_1006_p2  |       xor|   0|  0|   2|           1|           2|
    |cond_end_of_line_buff_S2D_00_P10_M10_0P1_0M1_buf_r1_2_p0_rd_fu_768_p2   |       xor|   0|  0|   2|           1|           2|
    |cond_end_of_line_buff_S2D_00_P10_M10_0P1_0M1_buf_r1_2_p0_wr_fu_783_p2   |       xor|   0|  0|   2|           1|           2|
    |xor_ln313_1_fu_1212_p2                                                  |       xor|   0|  0|   2|           1|           2|
    |xor_ln313_2_fu_1255_p2                                                  |       xor|   0|  0|   2|           1|           2|
    |xor_ln313_3_fu_1298_p2                                                  |       xor|   0|  0|   2|           1|           2|
    |xor_ln313_4_fu_1341_p2                                                  |       xor|   0|  0|   2|           1|           2|
    |xor_ln313_5_fu_1384_p2                                                  |       xor|   0|  0|   2|           1|           2|
    |xor_ln313_6_fu_1427_p2                                                  |       xor|   0|  0|   2|           1|           2|
    |xor_ln313_7_fu_1470_p2                                                  |       xor|   0|  0|   2|           1|           2|
    |xor_ln313_fu_1164_p2                                                    |       xor|   0|  0|   2|           1|           2|
    +------------------------------------------------------------------------+----------+----+---+----+------------+------------+
    |Total                                                                   |          |   0|  0| 699|         887|         699|
    +------------------------------------------------------------------------+----------+----+---+----+------------+------------+

    * Multiplexer: 
    +------------------------------------------------------+-----+-----------+-----+-----------+
    |                         Name                         | LUT | Input Size| Bits| Total Bits|
    +------------------------------------------------------+-----+-----------+-----+-----------+
    |S2D_00_P10_M10_0P1_0M1_buf_r0_1_p0_rd_fu_142          |   15|          2|   16|         32|
    |S2D_00_P10_M10_0P1_0M1_buf_r0_1_p0_wr_fu_138          |   15|          2|   16|         32|
    |S2D_00_P10_M10_0P1_0M1_buf_r1_2_p0_rd_fu_134          |   15|          2|   16|         32|
    |S2D_00_P10_M10_0P1_0M1_buf_r1_2_p0_wr_fu_154          |   15|          2|   16|         32|
    |ap_done_int                                           |    2|          2|    1|          2|
    |ap_enable_reg_pp0_iter5                               |    2|          2|    1|          2|
    |ap_phi_mux_arg1_tmpConvWrite1_0_in_phi_fu_290_p4      |   32|          2|   32|         64|
    |ap_phi_mux_arg1_tmpConvWrite1_1_in_phi_fu_299_p4      |   32|          2|   32|         64|
    |ap_phi_mux_arg1_tmpConvWrite1_2_in_phi_fu_308_p4      |   32|          2|   32|         64|
    |ap_phi_mux_arg1_tmpConvWrite_11_phi_fu_339_p6         |   32|          2|   32|         64|
    |ap_phi_mux_arg1_tmpConvWrite_14_phi_fu_350_p6         |   32|          2|   32|         64|
    |ap_phi_mux_arg1_tmpConvWrite_17_phi_fu_361_p6         |   32|          2|   32|         64|
    |ap_phi_mux_arg1_tmpConvWrite_5_phi_fu_317_p6          |   32|          2|   32|         64|
    |ap_phi_mux_arg1_tmpConvWrite_8_phi_fu_328_p6          |   32|          2|   32|         64|
    |ap_phi_reg_pp0_iter5_arg1_tmpConvWrite1_0_in_reg_287  |   32|          2|   32|         64|
    |ap_phi_reg_pp0_iter5_arg1_tmpConvWrite1_1_in_reg_296  |   32|          2|   32|         64|
    |ap_phi_reg_pp0_iter5_arg1_tmpConvWrite1_2_in_reg_305  |   32|          2|   32|         64|
    |ap_phi_reg_pp0_iter5_arg1_tmpConvWrite_11_reg_336     |   32|          2|   32|         64|
    |ap_phi_reg_pp0_iter5_arg1_tmpConvWrite_14_reg_347     |   32|          2|   32|         64|
    |ap_phi_reg_pp0_iter5_arg1_tmpConvWrite_17_reg_358     |   32|          2|   32|         64|
    |ap_phi_reg_pp0_iter5_arg1_tmpConvWrite_5_reg_314      |   32|          2|   32|         64|
    |ap_phi_reg_pp0_iter5_arg1_tmpConvWrite_8_reg_325      |   32|          2|   32|         64|
    |ap_phi_reg_pp0_iter6_arg1_tmpConvWrite_11_reg_336     |   32|          2|   32|         64|
    |ap_phi_reg_pp0_iter6_arg1_tmpConvWrite_14_reg_347     |   32|          2|   32|         64|
    |ap_phi_reg_pp0_iter6_arg1_tmpConvWrite_17_reg_358     |   32|          2|   32|         64|
    |ap_phi_reg_pp0_iter6_arg1_tmpConvWrite_5_reg_314      |   32|          2|   32|         64|
    |ap_phi_reg_pp0_iter6_arg1_tmpConvWrite_8_reg_325      |   32|          2|   32|         64|
    |ap_sig_allocacmp_itr_3                                |   32|          2|   32|         64|
    |arg0_arg1_streams_5454_blk_n                          |    2|          2|    1|          2|
    |arg0_arg1_streams_55_blk_n                            |    2|          2|    1|          2|
    |arg0_read_val_V_fu_166                                |  121|          2|  256|        512|
    |i_fu_150                                              |   15|          2|   16|         32|
    |j_fu_146                                              |   15|          2|   16|         32|
    |reg_itr_fu_158                                        |   32|          2|   32|         64|
    +------------------------------------------------------+-----+-----------+-----+-----------+
    |Total                                                 |  955|         68| 1092|       2184|
    +------------------------------------------------------+-----+-----------+-----+-----------+

    * Register: 
    +-------------------------------------------------------+-----+----+-----+-----------+
    |                          Name                         |  FF | LUT| Bits| Const Bits|
    +-------------------------------------------------------+-----+----+-----+-----------+
    |S2D_00_P10_M10_0P1_0M1_buf_r0_1_p0_rd_fu_142           |   16|   0|   16|          0|
    |S2D_00_P10_M10_0P1_0M1_buf_r0_1_p0_wr_fu_138           |   16|   0|   16|          0|
    |S2D_00_P10_M10_0P1_0M1_buf_r1_2_p0_rd_fu_134           |   16|   0|   16|          0|
    |S2D_00_P10_M10_0P1_0M1_buf_r1_2_p0_wr_fu_154           |   16|   0|   16|          0|
    |S2D_00_P10_M10_0P1_0M1_read_cond_reg_1890              |    1|   0|    1|          0|
    |ap_CS_fsm                                              |    1|   0|    1|          0|
    |ap_done_reg                                            |    1|   0|    1|          0|
    |ap_enable_reg_pp0_iter1                                |    1|   0|    1|          0|
    |ap_enable_reg_pp0_iter10                               |    1|   0|    1|          0|
    |ap_enable_reg_pp0_iter11                               |    1|   0|    1|          0|
    |ap_enable_reg_pp0_iter2                                |    1|   0|    1|          0|
    |ap_enable_reg_pp0_iter3                                |    1|   0|    1|          0|
    |ap_enable_reg_pp0_iter4                                |    1|   0|    1|          0|
    |ap_enable_reg_pp0_iter5                                |    1|   0|    1|          0|
    |ap_enable_reg_pp0_iter6                                |    1|   0|    1|          0|
    |ap_enable_reg_pp0_iter7                                |    1|   0|    1|          0|
    |ap_enable_reg_pp0_iter8                                |    1|   0|    1|          0|
    |ap_enable_reg_pp0_iter9                                |    1|   0|    1|          0|
    |ap_loop_exit_ready_pp0_iter10_reg                      |    1|   0|    1|          0|
    |ap_loop_exit_ready_pp0_iter1_reg                       |    1|   0|    1|          0|
    |ap_loop_exit_ready_pp0_iter2_reg                       |    1|   0|    1|          0|
    |ap_loop_exit_ready_pp0_iter3_reg                       |    1|   0|    1|          0|
    |ap_loop_exit_ready_pp0_iter4_reg                       |    1|   0|    1|          0|
    |ap_loop_exit_ready_pp0_iter5_reg                       |    1|   0|    1|          0|
    |ap_loop_exit_ready_pp0_iter6_reg                       |    1|   0|    1|          0|
    |ap_loop_exit_ready_pp0_iter7_reg                       |    1|   0|    1|          0|
    |ap_loop_exit_ready_pp0_iter8_reg                       |    1|   0|    1|          0|
    |ap_loop_exit_ready_pp0_iter9_reg                       |    1|   0|    1|          0|
    |ap_phi_reg_pp0_iter10_arg1_tmpConvWrite1_0_in_reg_287  |   32|   0|   32|          0|
    |ap_phi_reg_pp0_iter10_arg1_tmpConvWrite1_1_in_reg_296  |   32|   0|   32|          0|
    |ap_phi_reg_pp0_iter10_arg1_tmpConvWrite1_2_in_reg_305  |   32|   0|   32|          0|
    |ap_phi_reg_pp0_iter10_arg1_tmpConvWrite_11_reg_336     |   32|   0|   32|          0|
    |ap_phi_reg_pp0_iter10_arg1_tmpConvWrite_14_reg_347     |   32|   0|   32|          0|
    |ap_phi_reg_pp0_iter10_arg1_tmpConvWrite_17_reg_358     |   32|   0|   32|          0|
    |ap_phi_reg_pp0_iter10_arg1_tmpConvWrite_5_reg_314      |   32|   0|   32|          0|
    |ap_phi_reg_pp0_iter10_arg1_tmpConvWrite_8_reg_325      |   32|   0|   32|          0|
    |ap_phi_reg_pp0_iter11_arg1_tmpConvWrite1_0_in_reg_287  |   32|   0|   32|          0|
    |ap_phi_reg_pp0_iter11_arg1_tmpConvWrite1_1_in_reg_296  |   32|   0|   32|          0|
    |ap_phi_reg_pp0_iter11_arg1_tmpConvWrite1_2_in_reg_305  |   32|   0|   32|          0|
    |ap_phi_reg_pp0_iter11_arg1_tmpConvWrite_11_reg_336     |   32|   0|   32|          0|
    |ap_phi_reg_pp0_iter11_arg1_tmpConvWrite_14_reg_347     |   32|   0|   32|          0|
    |ap_phi_reg_pp0_iter11_arg1_tmpConvWrite_17_reg_358     |   32|   0|   32|          0|
    |ap_phi_reg_pp0_iter11_arg1_tmpConvWrite_5_reg_314      |   32|   0|   32|          0|
    |ap_phi_reg_pp0_iter11_arg1_tmpConvWrite_8_reg_325      |   32|   0|   32|          0|
    |ap_phi_reg_pp0_iter1_arg1_tmpConvWrite1_0_in_reg_287   |   32|   0|   32|          0|
    |ap_phi_reg_pp0_iter1_arg1_tmpConvWrite1_1_in_reg_296   |   32|   0|   32|          0|
    |ap_phi_reg_pp0_iter1_arg1_tmpConvWrite1_2_in_reg_305   |   32|   0|   32|          0|
    |ap_phi_reg_pp0_iter1_arg1_tmpConvWrite_11_reg_336      |   32|   0|   32|          0|
    |ap_phi_reg_pp0_iter1_arg1_tmpConvWrite_14_reg_347      |   32|   0|   32|          0|
    |ap_phi_reg_pp0_iter1_arg1_tmpConvWrite_17_reg_358      |   32|   0|   32|          0|
    |ap_phi_reg_pp0_iter1_arg1_tmpConvWrite_5_reg_314       |   32|   0|   32|          0|
    |ap_phi_reg_pp0_iter1_arg1_tmpConvWrite_8_reg_325       |   32|   0|   32|          0|
    |ap_phi_reg_pp0_iter2_arg1_tmpConvWrite1_0_in_reg_287   |   32|   0|   32|          0|
    |ap_phi_reg_pp0_iter2_arg1_tmpConvWrite1_1_in_reg_296   |   32|   0|   32|          0|
    |ap_phi_reg_pp0_iter2_arg1_tmpConvWrite1_2_in_reg_305   |   32|   0|   32|          0|
    |ap_phi_reg_pp0_iter2_arg1_tmpConvWrite_11_reg_336      |   32|   0|   32|          0|
    |ap_phi_reg_pp0_iter2_arg1_tmpConvWrite_14_reg_347      |   32|   0|   32|          0|
    |ap_phi_reg_pp0_iter2_arg1_tmpConvWrite_17_reg_358      |   32|   0|   32|          0|
    |ap_phi_reg_pp0_iter2_arg1_tmpConvWrite_5_reg_314       |   32|   0|   32|          0|
    |ap_phi_reg_pp0_iter2_arg1_tmpConvWrite_8_reg_325       |   32|   0|   32|          0|
    |ap_phi_reg_pp0_iter3_arg1_tmpConvWrite1_0_in_reg_287   |   32|   0|   32|          0|
    |ap_phi_reg_pp0_iter3_arg1_tmpConvWrite1_1_in_reg_296   |   32|   0|   32|          0|
    |ap_phi_reg_pp0_iter3_arg1_tmpConvWrite1_2_in_reg_305   |   32|   0|   32|          0|
    |ap_phi_reg_pp0_iter3_arg1_tmpConvWrite_11_reg_336      |   32|   0|   32|          0|
    |ap_phi_reg_pp0_iter3_arg1_tmpConvWrite_14_reg_347      |   32|   0|   32|          0|
    |ap_phi_reg_pp0_iter3_arg1_tmpConvWrite_17_reg_358      |   32|   0|   32|          0|
    |ap_phi_reg_pp0_iter3_arg1_tmpConvWrite_5_reg_314       |   32|   0|   32|          0|
    |ap_phi_reg_pp0_iter3_arg1_tmpConvWrite_8_reg_325       |   32|   0|   32|          0|
    |ap_phi_reg_pp0_iter4_arg1_tmpConvWrite1_0_in_reg_287   |   32|   0|   32|          0|
    |ap_phi_reg_pp0_iter4_arg1_tmpConvWrite1_1_in_reg_296   |   32|   0|   32|          0|
    |ap_phi_reg_pp0_iter4_arg1_tmpConvWrite1_2_in_reg_305   |   32|   0|   32|          0|
    |ap_phi_reg_pp0_iter4_arg1_tmpConvWrite_11_reg_336      |   32|   0|   32|          0|
    |ap_phi_reg_pp0_iter4_arg1_tmpConvWrite_14_reg_347      |   32|   0|   32|          0|
    |ap_phi_reg_pp0_iter4_arg1_tmpConvWrite_17_reg_358      |   32|   0|   32|          0|
    |ap_phi_reg_pp0_iter4_arg1_tmpConvWrite_5_reg_314       |   32|   0|   32|          0|
    |ap_phi_reg_pp0_iter4_arg1_tmpConvWrite_8_reg_325       |   32|   0|   32|          0|
    |ap_phi_reg_pp0_iter5_arg1_tmpConvWrite1_0_in_reg_287   |   32|   0|   32|          0|
    |ap_phi_reg_pp0_iter5_arg1_tmpConvWrite1_1_in_reg_296   |   32|   0|   32|          0|
    |ap_phi_reg_pp0_iter5_arg1_tmpConvWrite1_2_in_reg_305   |   32|   0|   32|          0|
    |ap_phi_reg_pp0_iter5_arg1_tmpConvWrite_11_reg_336      |   32|   0|   32|          0|
    |ap_phi_reg_pp0_iter5_arg1_tmpConvWrite_14_reg_347      |   32|   0|   32|          0|
    |ap_phi_reg_pp0_iter5_arg1_tmpConvWrite_17_reg_358      |   32|   0|   32|          0|
    |ap_phi_reg_pp0_iter5_arg1_tmpConvWrite_5_reg_314       |   32|   0|   32|          0|
    |ap_phi_reg_pp0_iter5_arg1_tmpConvWrite_8_reg_325       |   32|   0|   32|          0|
    |ap_phi_reg_pp0_iter6_arg1_tmpConvWrite1_0_in_reg_287   |   32|   0|   32|          0|
    |ap_phi_reg_pp0_iter6_arg1_tmpConvWrite1_1_in_reg_296   |   32|   0|   32|          0|
    |ap_phi_reg_pp0_iter6_arg1_tmpConvWrite1_2_in_reg_305   |   32|   0|   32|          0|
    |ap_phi_reg_pp0_iter6_arg1_tmpConvWrite_11_reg_336      |   32|   0|   32|          0|
    |ap_phi_reg_pp0_iter6_arg1_tmpConvWrite_14_reg_347      |   32|   0|   32|          0|
    |ap_phi_reg_pp0_iter6_arg1_tmpConvWrite_17_reg_358      |   32|   0|   32|          0|
    |ap_phi_reg_pp0_iter6_arg1_tmpConvWrite_5_reg_314       |   32|   0|   32|          0|
    |ap_phi_reg_pp0_iter6_arg1_tmpConvWrite_8_reg_325       |   32|   0|   32|          0|
    |ap_phi_reg_pp0_iter7_arg1_tmpConvWrite1_0_in_reg_287   |   32|   0|   32|          0|
    |ap_phi_reg_pp0_iter7_arg1_tmpConvWrite1_1_in_reg_296   |   32|   0|   32|          0|
    |ap_phi_reg_pp0_iter7_arg1_tmpConvWrite1_2_in_reg_305   |   32|   0|   32|          0|
    |ap_phi_reg_pp0_iter7_arg1_tmpConvWrite_11_reg_336      |   32|   0|   32|          0|
    |ap_phi_reg_pp0_iter7_arg1_tmpConvWrite_14_reg_347      |   32|   0|   32|          0|
    |ap_phi_reg_pp0_iter7_arg1_tmpConvWrite_17_reg_358      |   32|   0|   32|          0|
    |ap_phi_reg_pp0_iter7_arg1_tmpConvWrite_5_reg_314       |   32|   0|   32|          0|
    |ap_phi_reg_pp0_iter7_arg1_tmpConvWrite_8_reg_325       |   32|   0|   32|          0|
    |ap_phi_reg_pp0_iter8_arg1_tmpConvWrite1_0_in_reg_287   |   32|   0|   32|          0|
    |ap_phi_reg_pp0_iter8_arg1_tmpConvWrite1_1_in_reg_296   |   32|   0|   32|          0|
    |ap_phi_reg_pp0_iter8_arg1_tmpConvWrite1_2_in_reg_305   |   32|   0|   32|          0|
    |ap_phi_reg_pp0_iter8_arg1_tmpConvWrite_11_reg_336      |   32|   0|   32|          0|
    |ap_phi_reg_pp0_iter8_arg1_tmpConvWrite_14_reg_347      |   32|   0|   32|          0|
    |ap_phi_reg_pp0_iter8_arg1_tmpConvWrite_17_reg_358      |   32|   0|   32|          0|
    |ap_phi_reg_pp0_iter8_arg1_tmpConvWrite_5_reg_314       |   32|   0|   32|          0|
    |ap_phi_reg_pp0_iter8_arg1_tmpConvWrite_8_reg_325       |   32|   0|   32|          0|
    |ap_phi_reg_pp0_iter9_arg1_tmpConvWrite1_0_in_reg_287   |   32|   0|   32|          0|
    |ap_phi_reg_pp0_iter9_arg1_tmpConvWrite1_1_in_reg_296   |   32|   0|   32|          0|
    |ap_phi_reg_pp0_iter9_arg1_tmpConvWrite1_2_in_reg_305   |   32|   0|   32|          0|
    |ap_phi_reg_pp0_iter9_arg1_tmpConvWrite_11_reg_336      |   32|   0|   32|          0|
    |ap_phi_reg_pp0_iter9_arg1_tmpConvWrite_14_reg_347      |   32|   0|   32|          0|
    |ap_phi_reg_pp0_iter9_arg1_tmpConvWrite_17_reg_358      |   32|   0|   32|          0|
    |ap_phi_reg_pp0_iter9_arg1_tmpConvWrite_5_reg_314       |   32|   0|   32|          0|
    |ap_phi_reg_pp0_iter9_arg1_tmpConvWrite_8_reg_325       |   32|   0|   32|          0|
    |arg0_read_val_V_fu_166                                 |  256|   0|  256|          0|
    |arg0_rowArr_1_0_1_reg_1951                             |   32|   0|   32|          0|
    |arg0_rowArr_1_0_2_reg_1959                             |   32|   0|   32|          0|
    |arg0_rowArr_1_0_3_reg_2155                             |   32|   0|   32|          0|
    |arg0_rowArr_1_0_3_reg_2155_pp0_iter8_reg               |   32|   0|   32|          0|
    |arg0_rowArr_1_0_4_reg_2172                             |   32|   0|   32|          0|
    |arg0_rowArr_1_0_4_reg_2172_pp0_iter8_reg               |   32|   0|   32|          0|
    |arg0_rowArr_1_0_5_reg_2189                             |   32|   0|   32|          0|
    |arg0_rowArr_1_0_5_reg_2189_pp0_iter8_reg               |   32|   0|   32|          0|
    |arg0_rowArr_1_0_6_reg_2206                             |   32|   0|   32|          0|
    |arg0_rowArr_1_0_6_reg_2206_pp0_iter8_reg               |   32|   0|   32|          0|
    |arg0_rowArr_1_0_7_reg_2223                             |   32|   0|   32|          0|
    |arg0_rowArr_1_0_7_reg_2223_pp0_iter8_reg               |   32|   0|   32|          0|
    |arg0_rowArr_1_0_reg_1944                               |   32|   0|   32|          0|
    |arg0_tmpConverter_0_0_1_reg_2085                       |   32|   0|   32|          0|
    |arg0_tmpConverter_0_0_2_reg_2090                       |   32|   0|   32|          0|
    |arg0_tmpConverter_0_0_3_reg_2095                       |   32|   0|   32|          0|
    |arg0_tmpConverter_0_0_4_reg_2100                       |   32|   0|   32|          0|
    |arg0_tmpConverter_0_0_5_reg_2105                       |   32|   0|   32|          0|
    |arg0_tmpConverter_0_0_6_reg_2110                       |   32|   0|   32|          0|
    |arg0_tmpConverter_0_0_7_reg_2115                       |   32|   0|   32|          0|
    |arg0_tmpConverter_0_0_reg_2080                         |   32|   0|   32|          0|
    |arg0_tmpConverter_0_1_0_7_reg_2002                     |   32|   0|   32|          0|
    |arg0_tmpConverter_2_0_1_reg_1904                       |   32|   0|   32|          0|
    |arg0_tmpConverter_2_0_2_reg_1909                       |   32|   0|   32|          0|
    |arg0_tmpConverter_2_0_3_reg_1914                       |   32|   0|   32|          0|
    |arg0_tmpConverter_2_0_4_reg_1919                       |   32|   0|   32|          0|
    |arg0_tmpConverter_2_0_5_reg_1924                       |   32|   0|   32|          0|
    |arg0_tmpConverter_2_0_6_reg_1929                       |   32|   0|   32|          0|
    |arg0_tmpConverter_2_0_7_reg_1934                       |   32|   0|   32|          0|
    |arg0_tmpConverter_2_0_reg_1899                         |   32|   0|   32|          0|
    |arg0_tmpConverter_2_1_0_0_reg_2007                     |   32|   0|   32|          0|
    |arg1_tmpConvWrite_18_reg_1967                          |   32|   0|   32|          0|
    |arg1_tmpConvWrite_19_reg_1974                          |   32|   0|   32|          0|
    |arg1_tmpConvWrite_20_reg_1981                          |   32|   0|   32|          0|
    |arg1_tmpConvWrite_21_reg_1988                          |   32|   0|   32|          0|
    |arg1_tmpConvWrite_22_reg_1995                          |   32|   0|   32|          0|
    |i_fu_150                                               |   16|   0|   16|          0|
    |icmp_ln171_reg_1886                                    |    1|   0|    1|          0|
    |j_fu_146                                               |   16|   0|   16|          0|
    |neg_cond_1_reg_2024                                    |    1|   0|    1|          0|
    |neg_cond_2_reg_2032                                    |    1|   0|    1|          0|
    |neg_cond_3_reg_2040                                    |    1|   0|    1|          0|
    |neg_cond_4_reg_2048                                    |    1|   0|    1|          0|
    |neg_cond_5_reg_2056                                    |    1|   0|    1|          0|
    |neg_cond_6_reg_2064                                    |    1|   0|    1|          0|
    |neg_cond_7_reg_2072                                    |    1|   0|    1|          0|
    |neg_cond_reg_2016                                      |    1|   0|    1|          0|
    |or_ln315_1_reg_2020                                    |    1|   0|    1|          0|
    |or_ln315_2_reg_2028                                    |    1|   0|    1|          0|
    |or_ln315_3_reg_2036                                    |    1|   0|    1|          0|
    |or_ln315_4_reg_2044                                    |    1|   0|    1|          0|
    |or_ln315_5_reg_2052                                    |    1|   0|    1|          0|
    |or_ln315_6_reg_2060                                    |    1|   0|    1|          0|
    |or_ln315_7_reg_2068                                    |    1|   0|    1|          0|
    |or_ln315_reg_2012                                      |    1|   0|    1|          0|
    |p_Val2_1_fu_162                                        |  256|   0|  256|          0|
    |p_Val2_s_fu_130                                        |  256|   0|  256|          0|
    |reg_itr_fu_158                                         |   32|   0|   32|          0|
    |tmp_reg_2076                                           |    1|   0|    1|          0|
    |zext_ln313_cast_reg_1874                               |   16|   0|   17|          1|
    |zext_ln314_cast_reg_1862                               |   16|   0|   17|          1|
    |zext_ln315_cast_reg_1845                               |   16|   0|   17|          1|
    |zext_ln94_cast_reg_1850                                |   16|   0|   17|          1|
    |arg0_rowArr_1_0_1_reg_1951                             |    0|   0|   32|          0|
    |arg0_rowArr_1_0_2_reg_1959                             |    0|   0|   32|          0|
    |arg0_rowArr_1_0_reg_1944                               |    0|   0|   32|          0|
    |arg0_tmpConverter_0_1_0_7_reg_2002                     |    0|   0|   32|          0|
    |arg0_tmpConverter_2_0_1_reg_1904                       |    0|   0|   32|          0|
    |arg0_tmpConverter_2_0_2_reg_1909                       |    0|   0|   32|          0|
    |arg0_tmpConverter_2_0_3_reg_1914                       |    0|   0|   32|          0|
    |arg0_tmpConverter_2_0_4_reg_1919                       |    0|   0|   32|          0|
    |arg0_tmpConverter_2_0_5_reg_1924                       |    0|   0|   32|          0|
    |arg0_tmpConverter_2_0_6_reg_1929                       |    0|   0|   32|          0|
    |arg0_tmpConverter_2_0_7_reg_1934                       |    0|   0|   32|          0|
    |arg0_tmpConverter_2_0_reg_1899                         |    0|   0|   32|          0|
    |arg0_tmpConverter_2_1_0_0_reg_2007                     |    0|   0|   32|          0|
    |arg1_tmpConvWrite_18_reg_1967                          |    0|   0|   32|          0|
    |arg1_tmpConvWrite_19_reg_1974                          |    0|   0|   32|          0|
    |arg1_tmpConvWrite_20_reg_1981                          |    0|   0|   32|          0|
    |arg1_tmpConvWrite_21_reg_1988                          |    0|   0|   32|          0|
    |arg1_tmpConvWrite_22_reg_1995                          |    0|   0|   32|          0|
    |icmp_ln171_reg_1886                                    |    0|   0|    1|          0|
    |neg_cond_1_reg_2024                                    |    0|   0|    1|          0|
    |neg_cond_2_reg_2032                                    |    0|   0|    1|          0|
    |neg_cond_3_reg_2040                                    |    0|   0|    1|          0|
    |neg_cond_4_reg_2048                                    |    0|   0|    1|          0|
    |neg_cond_5_reg_2056                                    |    0|   0|    1|          0|
    |neg_cond_6_reg_2064                                    |    0|   0|    1|          0|
    |neg_cond_7_reg_2072                                    |    0|   0|    1|          0|
    |neg_cond_reg_2016                                      |    0|   0|    1|          0|
    |or_ln315_1_reg_2020                                    |    0|   0|    1|          0|
    |or_ln315_2_reg_2028                                    |    0|   0|    1|          0|
    |or_ln315_3_reg_2036                                    |    0|   0|    1|          0|
    |or_ln315_4_reg_2044                                    |    0|   0|    1|          0|
    |or_ln315_5_reg_2052                                    |    0|   0|    1|          0|
    |or_ln315_6_reg_2060                                    |    0|   0|    1|          0|
    |or_ln315_7_reg_2068                                    |    0|   0|    1|          0|
    |or_ln315_reg_2012                                      |    0|   0|    1|          0|
    |tmp_reg_2076                                           |    0|   0|    1|          0|
    +-------------------------------------------------------+-----+----+-----+-----------+
    |Total                                                  | 4970|   0| 5568|          4|
    +-------------------------------------------------------+-----+----+-----+-----------+



================================================================
== Interface
================================================================
* Summary: 
+---------------------------------------+-----+-----+------------+--------------------------------------+--------------+
|               RTL Ports               | Dir | Bits|  Protocol  |             Source Object            |    C Type    |
+---------------------------------------+-----+-----+------------+--------------------------------------+--------------+
|ap_clk                                 |   in|    1|  ap_ctrl_hs|  stencilRun_Pipeline_VITIS_LOOP_171_2|  return value|
|ap_rst                                 |   in|    1|  ap_ctrl_hs|  stencilRun_Pipeline_VITIS_LOOP_171_2|  return value|
|ap_start                               |   in|    1|  ap_ctrl_hs|  stencilRun_Pipeline_VITIS_LOOP_171_2|  return value|
|ap_done                                |  out|    1|  ap_ctrl_hs|  stencilRun_Pipeline_VITIS_LOOP_171_2|  return value|
|ap_idle                                |  out|    1|  ap_ctrl_hs|  stencilRun_Pipeline_VITIS_LOOP_171_2|  return value|
|ap_ready                               |  out|    1|  ap_ctrl_hs|  stencilRun_Pipeline_VITIS_LOOP_171_2|  return value|
|arg0_arg1_streams_5454_dout            |   in|  256|     ap_fifo|                arg0_arg1_streams_5454|       pointer|
|arg0_arg1_streams_5454_num_data_valid  |   in|    5|     ap_fifo|                arg0_arg1_streams_5454|       pointer|
|arg0_arg1_streams_5454_fifo_cap        |   in|    5|     ap_fifo|                arg0_arg1_streams_5454|       pointer|
|arg0_arg1_streams_5454_empty_n         |   in|    1|     ap_fifo|                arg0_arg1_streams_5454|       pointer|
|arg0_arg1_streams_5454_read            |  out|    1|     ap_fifo|                arg0_arg1_streams_5454|       pointer|
|arg0_arg1_streams_55_din               |  out|  256|     ap_fifo|                  arg0_arg1_streams_55|       pointer|
|arg0_arg1_streams_55_num_data_valid    |   in|    5|     ap_fifo|                  arg0_arg1_streams_55|       pointer|
|arg0_arg1_streams_55_fifo_cap          |   in|    5|     ap_fifo|                  arg0_arg1_streams_55|       pointer|
|arg0_arg1_streams_55_full_n            |   in|    1|     ap_fifo|                  arg0_arg1_streams_55|       pointer|
|arg0_arg1_streams_55_write             |  out|    1|     ap_fifo|                  arg0_arg1_streams_55|       pointer|
|iter_limit                             |   in|   32|     ap_none|                            iter_limit|        scalar|
|zext_ln313                             |   in|   16|     ap_none|                            zext_ln313|        scalar|
|zext_ln314                             |   in|   16|     ap_none|                            zext_ln314|        scalar|
|zext_ln94                              |   in|   16|     ap_none|                             zext_ln94|        scalar|
|arg0_buf_r0_1_p0_V_address0            |  out|    6|   ap_memory|                    arg0_buf_r0_1_p0_V|         array|
|arg0_buf_r0_1_p0_V_ce0                 |  out|    1|   ap_memory|                    arg0_buf_r0_1_p0_V|         array|
|arg0_buf_r0_1_p0_V_q0                  |   in|  256|   ap_memory|                    arg0_buf_r0_1_p0_V|         array|
|arg0_buf_r0_1_p0_V_address1            |  out|    6|   ap_memory|                    arg0_buf_r0_1_p0_V|         array|
|arg0_buf_r0_1_p0_V_ce1                 |  out|    1|   ap_memory|                    arg0_buf_r0_1_p0_V|         array|
|arg0_buf_r0_1_p0_V_we1                 |  out|    1|   ap_memory|                    arg0_buf_r0_1_p0_V|         array|
|arg0_buf_r0_1_p0_V_d1                  |  out|  256|   ap_memory|                    arg0_buf_r0_1_p0_V|         array|
|arg0_buf_r1_2_p0_V_address0            |  out|    6|   ap_memory|                    arg0_buf_r1_2_p0_V|         array|
|arg0_buf_r1_2_p0_V_ce0                 |  out|    1|   ap_memory|                    arg0_buf_r1_2_p0_V|         array|
|arg0_buf_r1_2_p0_V_q0                  |   in|  256|   ap_memory|                    arg0_buf_r1_2_p0_V|         array|
|arg0_buf_r1_2_p0_V_address1            |  out|    6|   ap_memory|                    arg0_buf_r1_2_p0_V|         array|
|arg0_buf_r1_2_p0_V_ce1                 |  out|    1|   ap_memory|                    arg0_buf_r1_2_p0_V|         array|
|arg0_buf_r1_2_p0_V_we1                 |  out|    1|   ap_memory|                    arg0_buf_r1_2_p0_V|         array|
|arg0_buf_r1_2_p0_V_d1                  |  out|  256|   ap_memory|                    arg0_buf_r1_2_p0_V|         array|
|sub86                                  |   in|   17|     ap_none|                                 sub86|        scalar|
|zext_ln315                             |   in|   16|     ap_none|                            zext_ln315|        scalar|
|cond_x_val                             |   in|   16|     ap_none|                            cond_x_val|        scalar|
|cond_y_val                             |   in|   16|     ap_none|                            cond_y_val|        scalar|
|S2D_00_P10_M10_0P1_0M1_read_ub_itr     |   in|   32|     ap_none|    S2D_00_P10_M10_0P1_0M1_read_ub_itr|        scalar|
+---------------------------------------+-----+-----+------------+--------------------------------------+--------------+

