Copyright 1986-2022 Xilinx, Inc. All Rights Reserved.
----------------------------------------------------------------------------------------------------------------------------------------------------------------------------------------------------------------------------------------------------------------------------------------------------------------------------------------------------------------------------------------------------------------------------------------------------------------------------------------------------------------------------------------------------------------------------------
| Tool Version : Vivado v.2022.2 (lin64) Build 3671981 Fri Oct 14 04:59:54 MDT 2022
| Date         : Fri Jul 24 23:00:35 2026
| Host         : acclnode01 running 64-bit Ubuntu 20.04.6 LTS
| Command      : report_accelerator_utilization -kernels { datamover_outerloop_0:level0_i/ulp/datamover_outerloop_0_1/inst:datamover_outerloop_0_1 kernel_outerloop_0:level0_i/ulp/kernel_outerloop_inst_0_1/inst:kernel_outerloop_inst_0_1 kernel_outerloop_0:level0_i/ulp/kernel_outerloop_inst_0_2/inst:kernel_outerloop_inst_0_2 kernel_outerloop_0:level0_i/ulp/kernel_outerloop_inst_0_3/inst:kernel_outerloop_inst_0_3 repeater_outerloop_0:level0_i/ulp/repeater_outerloop_0_1/inst:repeater_outerloop_0_1} -file kernel_util_synthed.rpt -name kernel_util_synthed -json
| Design       : level0_wrapper
| Device       : xcu280
| Design State : Synthesized
----------------------------------------------------------------------------------------------------------------------------------------------------------------------------------------------------------------------------------------------------------------------------------------------------------------------------------------------------------------------------------------------------------------------------------------------------------------------------------------------------------------------------------------------------------------------------------

Accelerator Utilization Design Information

Table of Contents
-----------------
1. System Utilization

1. System Utilization
---------------------

+------------------------------+-------------------+------------------+-------------------+----------------+---------------+----------------+
| Name                         | LUT               | LUTAsMem         | REG               | BRAM           | URAM          | DSP            |
+------------------------------+-------------------+------------------+-------------------+----------------+---------------+----------------+
| Platform                     |  147164 [ 11.29%] |  13321 [  2.22%] |  185861 [  7.13%] |  341 [ 16.91%] |   0 [  0.00%] |    4 [  0.04%] |
| User Budget                  | 1156516 [100.00%] | 587639 [100.00%] | 2421499 [100.00%] | 1675 [100.00%] | 960 [100.00%] | 9020 [100.00%] |
|    Used Resources            |  635966 [ 54.99%] | 134511 [ 22.89%] |  943921 [ 38.98%] |   77 [  4.60%] |   0 [  0.00%] | 6937 [ 76.91%] |
|    Unused Resources          |  520550 [ 45.01%] | 453128 [ 77.11%] | 1477578 [ 61.02%] | 1598 [ 95.40%] | 960 [100.00%] | 2083 [ 23.09%] |
| datamover_outerloop_0        |   31164 [  2.69%] |   8427 [  1.43%] |   53656 [  2.22%] |   77 [  4.60%] |   0 [  0.00%] |    1 [  0.01%] |
|    datamover_outerloop_0_1   |   31164 [  2.69%] |   8427 [  1.43%] |   53656 [  2.22%] |   77 [  4.60%] |   0 [  0.00%] |    1 [  0.01%] |
| kernel_outerloop_0           |  603348 [ 52.17%] | 126084 [ 21.46%] |  884997 [ 36.55%] |    0 [  0.00%] |   0 [  0.00%] | 6936 [ 76.90%] |
|    kernel_outerloop_inst_0_1 |  201116 [ 17.39%] |  42028 [  7.15%] |  294999 [ 12.18%] |    0 [  0.00%] |   0 [  0.00%] | 2312 [ 25.63%] |
|    kernel_outerloop_inst_0_2 |  201116 [ 17.39%] |  42028 [  7.15%] |  294999 [ 12.18%] |    0 [  0.00%] |   0 [  0.00%] | 2312 [ 25.63%] |
|    kernel_outerloop_inst_0_3 |  201116 [ 17.39%] |  42028 [  7.15%] |  294999 [ 12.18%] |    0 [  0.00%] |   0 [  0.00%] | 2312 [ 25.63%] |
| repeater_outerloop_0         |    1454 [  0.13%] |      0 [  0.00%] |    5268 [  0.22%] |    0 [  0.00%] |   0 [  0.00%] |    0 [  0.00%] |
|    repeater_outerloop_0_1    |    1454 [  0.13%] |      0 [  0.00%] |    5268 [  0.22%] |    0 [  0.00%] |   0 [  0.00%] |    0 [  0.00%] |
+------------------------------+-------------------+------------------+-------------------+----------------+---------------+----------------+


