

================================================================
== Vitis HLS Report for 'kernel_poisson_kernel_stencil_PE_17'
================================================================
* Date:           Fri Jul 31 14:03:28 2026

* Version:        2022.2 (Build 3670227 on Oct 13 2022)
* Project:        kernel_outerloop_0_2
* Solution:       solution (Vitis Kernel Flow Target)
* Product family: virtexuplus
* Target device:  xcu280-fsvh2892-2L-e


================================================================
== Performance Estimates
================================================================
+ Timing: 
    * Summary: 
    +--------+---------+----------+------------+
    |  Clock |  Target | Estimated| Uncertainty|
    +--------+---------+----------+------------+
    |ap_clk  |  3.33 ns|  2.433 ns|     0.90 ns|
    +--------+---------+----------+------------+

+ Latency: 
    * Summary: 
    +---------+---------+----------+----------+-----+-----+---------+
    |  Latency (cycles) |  Latency (absolute) |  Interval | Pipeline|
    |   min   |   max   |    min   |    max   | min | max |   Type  |
    +---------+---------+----------+----------+-----+-----+---------+
    |        ?|        ?|         ?|         ?|    ?|    ?|       no|
    +---------+---------+----------+----------+-----+-----+---------+

    + Detail: 
        * Instance: 
        +-----------------------+------------+---------+---------+----------+----------+-----+-----+---------+
        |                       |            |  Latency (cycles) |  Latency (absolute) |  Interval | Pipeline|
        |        Instance       |   Module   |   min   |   max   |    min   |    max   | min | max |   Type  |
        +-----------------------+------------+---------+---------+----------+----------+-----+-----+---------+
        |grp_stencilRun_fu_162  |stencilRun  |        ?|        ?|         ?|         ?|    ?|    ?|       no|
        +-----------------------+------------+---------+---------+----------+----------+-----+-----+---------+

        * Loop: 
        N/A



================================================================
== Utilization Estimates
================================================================
* Summary: 
+---------------------+---------+------+---------+---------+-----+
|         Name        | BRAM_18K|  DSP |    FF   |   LUT   | URAM|
+---------------------+---------+------+---------+---------+-----+
|DSP                  |        -|     -|        -|        -|    -|
|Expression           |        -|     -|        0|        2|    -|
|FIFO                 |        -|     -|        -|        -|    -|
|Instance             |        8|    66|    17315|    12012|    4|
|Memory               |        -|     -|        -|        -|    -|
|Multiplexer          |        -|     -|        -|      176|    -|
|Register             |        -|     -|       87|        -|    -|
+---------------------+---------+------+---------+---------+-----+
|Total                |        8|    66|    17402|    12190|    4|
+---------------------+---------+------+---------+---------+-----+
|Available SLR        |     1344|  3008|   869120|   434560|  320|
+---------------------+---------+------+---------+---------+-----+
|Utilization SLR (%)  |       ~0|     2|        2|        2|    1|
+---------------------+---------+------+---------+---------+-----+
|Available            |     4032|  9024|  2607360|  1303680|  960|
+---------------------+---------+------+---------+---------+-----+
|Utilization (%)      |       ~0|    ~0|       ~0|       ~0|   ~0|
+---------------------+---------+------+---------+---------+-----+

+ Detail: 
    * Instance: 
    +-----------------------+------------+---------+----+-------+-------+-----+
    |        Instance       |   Module   | BRAM_18K| DSP|   FF  |  LUT  | URAM|
    +-----------------------+------------+---------+----+-------+-------+-----+
    |grp_stencilRun_fu_162  |stencilRun  |        8|  66|  17315|  12012|    4|
    +-----------------------+------------+---------+----+-------+-------+-----+
    |Total                  |            |        8|  66|  17315|  12012|    4|
    +-----------------------+------------+---------+----+-------+-------+-----+

    * DSP: 
    N/A

    * Memory: 
    N/A

    * FIFO: 
    N/A

    * Expression: 
    +-----------------+----------+----+---+----+------------+------------+
    |  Variable Name  | Operation| DSP| FF| LUT| Bitwidth P0| Bitwidth P1|
    +-----------------+----------+----+---+----+------------+------------+
    |ap_block_state1  |        or|   0|  0|   2|           1|           1|
    +-----------------+----------+----+---+----+------------+------------+
    |Total            |          |   0|  0|   2|           1|           1|
    +-----------------+----------+----+---+----+------------+------------+

    * Multiplexer: 
    +---------------------------------------------+----+-----------+-----+-----------+
    |                     Name                    | LUT| Input Size| Bits| Total Bits|
    +---------------------------------------------+----+-----------+-----+-----------+
    |ap_NS_fsm                                    |  14|          3|    1|          3|
    |ap_done                                      |   9|          2|    1|          2|
    |arg0_arg1_streams_17_read                    |   9|          2|    1|          2|
    |arg0_arg1_streams_18_write                   |   9|          2|    1|          2|
    |real_start                                   |   9|          2|    1|          2|
    |stencilConfig_0_0_c68_blk_n                  |   9|          2|    1|          2|
    |stencilConfig_0_1_c94_blk_n                  |   9|          2|    1|          2|
    |stencilConfig_2_c120_blk_n                   |   9|          2|    1|          2|
    |stencilConfig_3_c146_blk_n                   |   9|          2|    1|          2|
    |stencilConfig_4_0_c172_blk_n                 |   9|          2|    1|          2|
    |stencilConfig_5_0_c198_blk_n                 |   9|          2|    1|          2|
    |stencilConfig_6_c224_blk_n                   |   9|          2|    1|          2|
    |stencilConfig_is_first_0_blk_n               |   9|          2|    1|          2|
    |stencilConfig_is_last_0_blk_n                |   9|          2|    1|          2|
    |stencilConfig_last_tile_upper_limit_x_blk_n  |   9|          2|    1|          2|
    |stencilConfig_line_diff_blk_n                |   9|          2|    1|          2|
    |stencilConfig_outer_loop_limit_blk_n         |   9|          2|    1|          2|
    |stencilConfig_tile_size_0_blk_n              |   9|          2|    1|          2|
    |stencilConfig_tile_size_1_blk_n              |   9|          2|    1|          2|
    +---------------------------------------------+----+-----------+-----+-----------+
    |Total                                        | 176|         39|   19|         39|
    +---------------------------------------------+----+-----------+-----+-----------+

    * Register: 
    +---------------------------------------------------------+----+----+-----+-----------+
    |                           Name                          | FF | LUT| Bits| Const Bits|
    +---------------------------------------------------------+----+----+-----+-----------+
    |ap_CS_fsm                                                |   2|   0|    2|          0|
    |ap_done_reg                                              |   1|   0|    1|          0|
    |grp_stencilRun_fu_162_ap_start_reg                       |   1|   0|    1|          0|
    |start_once_reg                                           |   1|   0|    1|          0|
    |stencil_m_stencilConfig_is_first_0_reg_196               |   1|   0|    1|          0|
    |stencil_m_stencilConfig_is_last_0_reg_191                |   1|   0|    1|          0|
    |stencil_m_stencilConfig_last_tile_upper_limit_x_reg_201  |  16|   0|   16|          0|
    |stencil_m_stencilConfig_line_diff_reg_186                |  16|   0|   16|          0|
    |stencil_m_stencilConfig_outer_loop_limit_reg_206         |  16|   0|   16|          0|
    |stencil_m_stencilConfig_tile_size_0_reg_216              |  16|   0|   16|          0|
    |stencil_m_stencilConfig_tile_size_1_reg_211              |  16|   0|   16|          0|
    +---------------------------------------------------------+----+----+-----+-----------+
    |Total                                                    |  87|   0|   87|          0|
    +---------------------------------------------------------+----+----+-----+-----------+



================================================================
== Interface
================================================================
* Summary: 
+------------------------------------------------------+-----+-----+------------+---------------------------------------+--------------+
|                       RTL Ports                      | Dir | Bits|  Protocol  |             Source Object             |    C Type    |
+------------------------------------------------------+-----+-----+------------+---------------------------------------+--------------+
|ap_clk                                                |   in|    1|  ap_ctrl_hs|    kernel_poisson_kernel_stencil_PE.17|  return value|
|ap_rst                                                |   in|    1|  ap_ctrl_hs|    kernel_poisson_kernel_stencil_PE.17|  return value|
|ap_start                                              |   in|    1|  ap_ctrl_hs|    kernel_poisson_kernel_stencil_PE.17|  return value|
|start_full_n                                          |   in|    1|  ap_ctrl_hs|    kernel_poisson_kernel_stencil_PE.17|  return value|
|ap_done                                               |  out|    1|  ap_ctrl_hs|    kernel_poisson_kernel_stencil_PE.17|  return value|
|ap_continue                                           |   in|    1|  ap_ctrl_hs|    kernel_poisson_kernel_stencil_PE.17|  return value|
|ap_idle                                               |  out|    1|  ap_ctrl_hs|    kernel_poisson_kernel_stencil_PE.17|  return value|
|ap_ready                                              |  out|    1|  ap_ctrl_hs|    kernel_poisson_kernel_stencil_PE.17|  return value|
|start_out                                             |  out|    1|  ap_ctrl_hs|    kernel_poisson_kernel_stencil_PE.17|  return value|
|start_write                                           |  out|    1|  ap_ctrl_hs|    kernel_poisson_kernel_stencil_PE.17|  return value|
|stencilConfig_tile_size_0_dout                        |   in|   16|     ap_fifo|              stencilConfig_tile_size_0|       pointer|
|stencilConfig_tile_size_0_num_data_valid              |   in|    2|     ap_fifo|              stencilConfig_tile_size_0|       pointer|
|stencilConfig_tile_size_0_fifo_cap                    |   in|    2|     ap_fifo|              stencilConfig_tile_size_0|       pointer|
|stencilConfig_tile_size_0_empty_n                     |   in|    1|     ap_fifo|              stencilConfig_tile_size_0|       pointer|
|stencilConfig_tile_size_0_read                        |  out|    1|     ap_fifo|              stencilConfig_tile_size_0|       pointer|
|stencilConfig_tile_size_1_dout                        |   in|   16|     ap_fifo|              stencilConfig_tile_size_1|       pointer|
|stencilConfig_tile_size_1_num_data_valid              |   in|    2|     ap_fifo|              stencilConfig_tile_size_1|       pointer|
|stencilConfig_tile_size_1_fifo_cap                    |   in|    2|     ap_fifo|              stencilConfig_tile_size_1|       pointer|
|stencilConfig_tile_size_1_empty_n                     |   in|    1|     ap_fifo|              stencilConfig_tile_size_1|       pointer|
|stencilConfig_tile_size_1_read                        |  out|    1|     ap_fifo|              stencilConfig_tile_size_1|       pointer|
|stencilConfig_outer_loop_limit_dout                   |   in|   16|     ap_fifo|         stencilConfig_outer_loop_limit|       pointer|
|stencilConfig_outer_loop_limit_num_data_valid         |   in|    2|     ap_fifo|         stencilConfig_outer_loop_limit|       pointer|
|stencilConfig_outer_loop_limit_fifo_cap               |   in|    2|     ap_fifo|         stencilConfig_outer_loop_limit|       pointer|
|stencilConfig_outer_loop_limit_empty_n                |   in|    1|     ap_fifo|         stencilConfig_outer_loop_limit|       pointer|
|stencilConfig_outer_loop_limit_read                   |  out|    1|     ap_fifo|         stencilConfig_outer_loop_limit|       pointer|
|stencilConfig_last_tile_upper_limit_x_dout            |   in|   16|     ap_fifo|  stencilConfig_last_tile_upper_limit_x|       pointer|
|stencilConfig_last_tile_upper_limit_x_num_data_valid  |   in|    2|     ap_fifo|  stencilConfig_last_tile_upper_limit_x|       pointer|
|stencilConfig_last_tile_upper_limit_x_fifo_cap        |   in|    2|     ap_fifo|  stencilConfig_last_tile_upper_limit_x|       pointer|
|stencilConfig_last_tile_upper_limit_x_empty_n         |   in|    1|     ap_fifo|  stencilConfig_last_tile_upper_limit_x|       pointer|
|stencilConfig_last_tile_upper_limit_x_read            |  out|    1|     ap_fifo|  stencilConfig_last_tile_upper_limit_x|       pointer|
|stencilConfig_is_first_0_dout                         |   in|    1|     ap_fifo|               stencilConfig_is_first_0|       pointer|
|stencilConfig_is_first_0_num_data_valid               |   in|    2|     ap_fifo|               stencilConfig_is_first_0|       pointer|
|stencilConfig_is_first_0_fifo_cap                     |   in|    2|     ap_fifo|               stencilConfig_is_first_0|       pointer|
|stencilConfig_is_first_0_empty_n                      |   in|    1|     ap_fifo|               stencilConfig_is_first_0|       pointer|
|stencilConfig_is_first_0_read                         |  out|    1|     ap_fifo|               stencilConfig_is_first_0|       pointer|
|stencilConfig_is_last_0_dout                          |   in|    1|     ap_fifo|                stencilConfig_is_last_0|       pointer|
|stencilConfig_is_last_0_num_data_valid                |   in|    2|     ap_fifo|                stencilConfig_is_last_0|       pointer|
|stencilConfig_is_last_0_fifo_cap                      |   in|    2|     ap_fifo|                stencilConfig_is_last_0|       pointer|
|stencilConfig_is_last_0_empty_n                       |   in|    1|     ap_fifo|                stencilConfig_is_last_0|       pointer|
|stencilConfig_is_last_0_read                          |  out|    1|     ap_fifo|                stencilConfig_is_last_0|       pointer|
|stencilConfig_line_diff_dout                          |   in|   16|     ap_fifo|                stencilConfig_line_diff|       pointer|
|stencilConfig_line_diff_num_data_valid                |   in|    2|     ap_fifo|                stencilConfig_line_diff|       pointer|
|stencilConfig_line_diff_fifo_cap                      |   in|    2|     ap_fifo|                stencilConfig_line_diff|       pointer|
|stencilConfig_line_diff_empty_n                       |   in|    1|     ap_fifo|                stencilConfig_line_diff|       pointer|
|stencilConfig_line_diff_read                          |  out|    1|     ap_fifo|                stencilConfig_line_diff|       pointer|
|arg0_arg1_streams_17_dout                             |   in|  256|     ap_fifo|                   arg0_arg1_streams_17|       pointer|
|arg0_arg1_streams_17_num_data_valid                   |   in|    5|     ap_fifo|                   arg0_arg1_streams_17|       pointer|
|arg0_arg1_streams_17_fifo_cap                         |   in|    5|     ap_fifo|                   arg0_arg1_streams_17|       pointer|
|arg0_arg1_streams_17_empty_n                          |   in|    1|     ap_fifo|                   arg0_arg1_streams_17|       pointer|
|arg0_arg1_streams_17_read                             |  out|    1|     ap_fifo|                   arg0_arg1_streams_17|       pointer|
|arg0_arg1_streams_18_din                              |  out|  256|     ap_fifo|                   arg0_arg1_streams_18|       pointer|
|arg0_arg1_streams_18_num_data_valid                   |   in|    5|     ap_fifo|                   arg0_arg1_streams_18|       pointer|
|arg0_arg1_streams_18_fifo_cap                         |   in|    5|     ap_fifo|                   arg0_arg1_streams_18|       pointer|
|arg0_arg1_streams_18_full_n                           |   in|    1|     ap_fifo|                   arg0_arg1_streams_18|       pointer|
|arg0_arg1_streams_18_write                            |  out|    1|     ap_fifo|                   arg0_arg1_streams_18|       pointer|
|stencilConfig_0_0_c68_din                             |  out|   16|     ap_fifo|                  stencilConfig_0_0_c68|       pointer|
|stencilConfig_0_0_c68_num_data_valid                  |   in|    2|     ap_fifo|                  stencilConfig_0_0_c68|       pointer|
|stencilConfig_0_0_c68_fifo_cap                        |   in|    2|     ap_fifo|                  stencilConfig_0_0_c68|       pointer|
|stencilConfig_0_0_c68_full_n                          |   in|    1|     ap_fifo|                  stencilConfig_0_0_c68|       pointer|
|stencilConfig_0_0_c68_write                           |  out|    1|     ap_fifo|                  stencilConfig_0_0_c68|       pointer|
|stencilConfig_0_1_c94_din                             |  out|   16|     ap_fifo|                  stencilConfig_0_1_c94|       pointer|
|stencilConfig_0_1_c94_num_data_valid                  |   in|    2|     ap_fifo|                  stencilConfig_0_1_c94|       pointer|
|stencilConfig_0_1_c94_fifo_cap                        |   in|    2|     ap_fifo|                  stencilConfig_0_1_c94|       pointer|
|stencilConfig_0_1_c94_full_n                          |   in|    1|     ap_fifo|                  stencilConfig_0_1_c94|       pointer|
|stencilConfig_0_1_c94_write                           |  out|    1|     ap_fifo|                  stencilConfig_0_1_c94|       pointer|
|stencilConfig_2_c120_din                              |  out|   16|     ap_fifo|                   stencilConfig_2_c120|       pointer|
|stencilConfig_2_c120_num_data_valid                   |   in|    2|     ap_fifo|                   stencilConfig_2_c120|       pointer|
|stencilConfig_2_c120_fifo_cap                         |   in|    2|     ap_fifo|                   stencilConfig_2_c120|       pointer|
|stencilConfig_2_c120_full_n                           |   in|    1|     ap_fifo|                   stencilConfig_2_c120|       pointer|
|stencilConfig_2_c120_write                            |  out|    1|     ap_fifo|                   stencilConfig_2_c120|       pointer|
|stencilConfig_3_c146_din                              |  out|   16|     ap_fifo|                   stencilConfig_3_c146|       pointer|
|stencilConfig_3_c146_num_data_valid                   |   in|    2|     ap_fifo|                   stencilConfig_3_c146|       pointer|
|stencilConfig_3_c146_fifo_cap                         |   in|    2|     ap_fifo|                   stencilConfig_3_c146|       pointer|
|stencilConfig_3_c146_full_n                           |   in|    1|     ap_fifo|                   stencilConfig_3_c146|       pointer|
|stencilConfig_3_c146_write                            |  out|    1|     ap_fifo|                   stencilConfig_3_c146|       pointer|
|stencilConfig_4_0_c172_din                            |  out|    1|     ap_fifo|                 stencilConfig_4_0_c172|       pointer|
|stencilConfig_4_0_c172_num_data_valid                 |   in|    2|     ap_fifo|                 stencilConfig_4_0_c172|       pointer|
|stencilConfig_4_0_c172_fifo_cap                       |   in|    2|     ap_fifo|                 stencilConfig_4_0_c172|       pointer|
|stencilConfig_4_0_c172_full_n                         |   in|    1|     ap_fifo|                 stencilConfig_4_0_c172|       pointer|
|stencilConfig_4_0_c172_write                          |  out|    1|     ap_fifo|                 stencilConfig_4_0_c172|       pointer|
|stencilConfig_5_0_c198_din                            |  out|    1|     ap_fifo|                 stencilConfig_5_0_c198|       pointer|
|stencilConfig_5_0_c198_num_data_valid                 |   in|    2|     ap_fifo|                 stencilConfig_5_0_c198|       pointer|
|stencilConfig_5_0_c198_fifo_cap                       |   in|    2|     ap_fifo|                 stencilConfig_5_0_c198|       pointer|
|stencilConfig_5_0_c198_full_n                         |   in|    1|     ap_fifo|                 stencilConfig_5_0_c198|       pointer|
|stencilConfig_5_0_c198_write                          |  out|    1|     ap_fifo|                 stencilConfig_5_0_c198|       pointer|
|stencilConfig_6_c224_din                              |  out|   16|     ap_fifo|                   stencilConfig_6_c224|       pointer|
|stencilConfig_6_c224_num_data_valid                   |   in|    2|     ap_fifo|                   stencilConfig_6_c224|       pointer|
|stencilConfig_6_c224_fifo_cap                         |   in|    2|     ap_fifo|                   stencilConfig_6_c224|       pointer|
|stencilConfig_6_c224_full_n                           |   in|    1|     ap_fifo|                   stencilConfig_6_c224|       pointer|
|stencilConfig_6_c224_write                            |  out|    1|     ap_fifo|                   stencilConfig_6_c224|       pointer|
+------------------------------------------------------+-----+-----+------------+---------------------------------------+--------------+

