

================================================================
== Vitis HLS Report for 'kernel_outerloop_0_dataflow_region'
================================================================
* Date:           Thu Aug 13 05:35:59 2026

* Version:        2022.2 (Build 3670227 on Oct 13 2022)
* Project:        kernel_outerloop_0_0
* Solution:       solution (Vitis Kernel Flow Target)
* Product family: virtexuplus
* Target device:  xcu280-fsvh2892-2L-e


================================================================
== Performance Estimates
================================================================
+ Timing: 
    * Summary: 
    +--------+---------+----------+------------+
    |  Clock |  Target | Estimated| Uncertainty|
    +--------+---------+----------+------------+
    |ap_clk  |  3.33 ns|  2.433 ns|     0.90 ns|
    +--------+---------+----------+------------+

+ Latency: 
    * Summary: 
    +---------+---------+----------+----------+-----+-----+----------+
    |  Latency (cycles) |  Latency (absolute) |  Interval | Pipeline |
    |   min   |   max   |    min   |    max   | min | max |   Type   |
    +---------+---------+----------+----------+-----+-----+----------+
    |        ?|        ?|         ?|         ?|    ?|    ?|  dataflow|
    +---------+---------+----------+----------+-----+-----+----------+

    + Detail: 
        * Instance: 
        +-----------------------------------------------------------------------+----------------------------------------------------------------------+---------+-----------+-----------+-----------+-----+-----------+---------+
        |                                                                       |                                                                      |   Latency (cycles)  |   Latency (absolute)  |     Interval    | Pipeline|
        |                                Instance                               |                                Module                                |   min   |    max    |    min    |    max    | min |    max    |   Type  |
        +-----------------------------------------------------------------------+----------------------------------------------------------------------+---------+-----------+-----------+-----------+-----+-----------+---------+
        |axis2stream_256u_U0                                                    |axis2stream_256u_s                                                    |        4|  536862724|  13.332 ns|  1.789 sec|    4|  536862724|       no|
        |axis2stream_256u_1_U0                                                  |axis2stream_256u_1                                                    |        2|  536862722|   6.666 ns|  1.789 sec|    2|  536862722|       no|
        |axis2stream_256u_2_U0                                                  |axis2stream_256u_2                                                    |        2|  536862722|   6.666 ns|  1.789 sec|    2|  536862722|       no|
        |axis2stream_256u_3_U0                                                  |axis2stream_256u_3                                                    |        2|  536862722|   6.666 ns|  1.789 sec|    2|  536862722|       no|
        |axis2stream_256u_4_U0                                                  |axis2stream_256u_4                                                    |        2|  536862722|   6.666 ns|  1.789 sec|    2|  536862722|       no|
        |axis2stream_256u_5_U0                                                  |axis2stream_256u_5                                                    |        2|  536862722|   6.666 ns|  1.789 sec|    2|  536862722|       no|
        |axis2stream_256u_6_U0                                                  |axis2stream_256u_6                                                    |        2|  536862722|   6.666 ns|  1.789 sec|    2|  536862722|       no|
        |axis2stream_256u_7_U0                                                  |axis2stream_256u_7                                                    |        2|  536862722|   6.666 ns|  1.789 sec|    2|  536862722|       no|
        |stream2interleave_U0                                                   |stream2interleave                                                     |        ?|          ?|          ?|          ?|    ?|          ?|       no|
        |entry_proc_U0                                                          |entry_proc                                                            |        0|          0|       0 ns|       0 ns|    0|          0|       no|
        |kernel_poisson_kernel_stencil_PE_unsigned_short_4_unsigned_short_0_U0  |kernel_poisson_kernel_stencil_PE_unsigned_short_4_unsigned_short_0_s  |        ?|          ?|          ?|          ?|    ?|          ?|       no|
        |kernel_poisson_kernel_stencil_PE_unsigned_short_4_unsigned_short_1_U0  |kernel_poisson_kernel_stencil_PE_unsigned_short_4_unsigned_short_1_s  |        ?|          ?|          ?|          ?|    ?|          ?|       no|
        |kernel_poisson_kernel_stencil_PE_unsigned_short_4_unsigned_short_2_U0  |kernel_poisson_kernel_stencil_PE_unsigned_short_4_unsigned_short_2_s  |        ?|          ?|          ?|          ?|    ?|          ?|       no|
        |kernel_poisson_kernel_stencil_PE_unsigned_short_4_unsigned_short_3_U0  |kernel_poisson_kernel_stencil_PE_unsigned_short_4_unsigned_short_3_s  |        ?|          ?|          ?|          ?|    ?|          ?|       no|
        |interleave2stream_U0                                                   |interleave2stream                                                     |        ?|          ?|          ?|          ?|    ?|          ?|       no|
        |stream2axis_256u_U0                                                    |stream2axis_256u_s                                                    |        ?|          ?|          ?|          ?|    ?|          ?|       no|
        |stream2axis_256u_8_U0                                                  |stream2axis_256u_8                                                    |        ?|          ?|          ?|          ?|    ?|          ?|       no|
        |stream2axis_256u_9_U0                                                  |stream2axis_256u_9                                                    |        ?|          ?|          ?|          ?|    ?|          ?|       no|
        |stream2axis_256u_10_U0                                                 |stream2axis_256u_10                                                   |        ?|          ?|          ?|          ?|    ?|          ?|       no|
        |stream2axis_256u_11_U0                                                 |stream2axis_256u_11                                                   |        ?|          ?|          ?|          ?|    ?|          ?|       no|
        |stream2axis_256u_12_U0                                                 |stream2axis_256u_12                                                   |        ?|          ?|          ?|          ?|    ?|          ?|       no|
        |stream2axis_256u_13_U0                                                 |stream2axis_256u_13                                                   |        ?|          ?|          ?|          ?|    ?|          ?|       no|
        |stream2axis_256u_14_U0                                                 |stream2axis_256u_14                                                   |        ?|          ?|          ?|          ?|    ?|          ?|       no|
        +-----------------------------------------------------------------------+----------------------------------------------------------------------+---------+-----------+-----------+-----------+-----+-----------+---------+

        * Loop: 
        N/A



================================================================
== Utilization Estimates
================================================================
* Summary: 
+---------------------+---------+------+---------+---------+-----+
|         Name        | BRAM_18K|  DSP |    FF   |   LUT   | URAM|
+---------------------+---------+------+---------+---------+-----+
|DSP                  |        -|     -|        -|        -|    -|
|Expression           |        -|     -|        0|       48|    -|
|FIFO                 |        0|     -|    29729|    15986|    -|
|Instance             |       32|   520|   138546|    97193|   32|
|Memory               |        -|     -|        -|        -|    -|
|Multiplexer          |        -|     -|        -|       81|    -|
|Register             |        -|     -|        9|        -|    -|
+---------------------+---------+------+---------+---------+-----+
|Total                |       32|   520|   168284|   113308|   32|
+---------------------+---------+------+---------+---------+-----+
|Available SLR        |     1344|  3008|   869120|   434560|  320|
+---------------------+---------+------+---------+---------+-----+
|Utilization SLR (%)  |        2|    17|       19|       26|   10|
+---------------------+---------+------+---------+---------+-----+
|Available            |     4032|  9024|  2607360|  1303680|  960|
+---------------------+---------+------+---------+---------+-----+
|Utilization (%)      |       ~0|     5|        6|        8|    3|
+---------------------+---------+------+---------+---------+-----+

+ Detail: 
    * Instance: 
    +-----------------------------------------------------------------------+----------------------------------------------------------------------+---------+-----+-------+-------+-----+
    |                                Instance                               |                                Module                                | BRAM_18K| DSP |   FF  |  LUT  | URAM|
    +-----------------------------------------------------------------------+----------------------------------------------------------------------+---------+-----+-------+-------+-----+
    |axis2stream_256u_1_U0                                                  |axis2stream_256u_1                                                    |        0|    0|    288|    116|    0|
    |axis2stream_256u_2_U0                                                  |axis2stream_256u_2                                                    |        0|    0|    288|    116|    0|
    |axis2stream_256u_3_U0                                                  |axis2stream_256u_3                                                    |        0|    0|    288|    116|    0|
    |axis2stream_256u_4_U0                                                  |axis2stream_256u_4                                                    |        0|    0|    288|    116|    0|
    |axis2stream_256u_5_U0                                                  |axis2stream_256u_5                                                    |        0|    0|    288|    116|    0|
    |axis2stream_256u_6_U0                                                  |axis2stream_256u_6                                                    |        0|    0|    288|    116|    0|
    |axis2stream_256u_7_U0                                                  |axis2stream_256u_7                                                    |        0|    0|    288|    116|    0|
    |axis2stream_256u_U0                                                    |axis2stream_256u_s                                                    |        0|    0|    294|    181|    0|
    |entry_proc_U0                                                          |entry_proc                                                            |        0|    0|      3|    236|    0|
    |interleave2stream_U0                                                   |interleave2stream                                                     |        0|    0|     67|    505|    0|
    |kernel_poisson_kernel_stencil_PE_unsigned_short_4_unsigned_short_0_U0  |kernel_poisson_kernel_stencil_PE_unsigned_short_4_unsigned_short_0_s  |        8|  130|  33308|  23374|    8|
    |kernel_poisson_kernel_stencil_PE_unsigned_short_4_unsigned_short_1_U0  |kernel_poisson_kernel_stencil_PE_unsigned_short_4_unsigned_short_1_s  |        8|  130|  33308|  23390|    8|
    |kernel_poisson_kernel_stencil_PE_unsigned_short_4_unsigned_short_2_U0  |kernel_poisson_kernel_stencil_PE_unsigned_short_4_unsigned_short_2_s  |        8|  130|  33308|  23390|    8|
    |kernel_poisson_kernel_stencil_PE_unsigned_short_4_unsigned_short_3_U0  |kernel_poisson_kernel_stencil_PE_unsigned_short_4_unsigned_short_3_s  |        8|  130|  33308|  23390|    8|
    |stream2axis_256u_10_U0                                                 |stream2axis_256u_10                                                   |        0|    0|     66|    165|    0|
    |stream2axis_256u_11_U0                                                 |stream2axis_256u_11                                                   |        0|    0|     66|    165|    0|
    |stream2axis_256u_12_U0                                                 |stream2axis_256u_12                                                   |        0|    0|     66|    165|    0|
    |stream2axis_256u_13_U0                                                 |stream2axis_256u_13                                                   |        0|    0|     66|    165|    0|
    |stream2axis_256u_14_U0                                                 |stream2axis_256u_14                                                   |        0|    0|     66|    165|    0|
    |stream2axis_256u_8_U0                                                  |stream2axis_256u_8                                                    |        0|    0|     66|    165|    0|
    |stream2axis_256u_9_U0                                                  |stream2axis_256u_9                                                    |        0|    0|     66|    165|    0|
    |stream2axis_256u_U0                                                    |stream2axis_256u_s                                                    |        0|    0|     66|    165|    0|
    |stream2interleave_U0                                                   |stream2interleave                                                     |        0|    0|   2406|    595|    0|
    +-----------------------------------------------------------------------+----------------------------------------------------------------------+---------+-----+-------+-------+-----+
    |Total                                                                  |                                                                      |       32|  520| 138546|  97193|   32|
    +-----------------------------------------------------------------------+----------------------------------------------------------------------+---------+-----+-------+-------+-----+

    * DSP: 
    N/A

    * Memory: 
    N/A

    * FIFO: 
    +----------------------------------------------------+---------+------+----+-----+------+-----+---------+
    |                        Name                        | BRAM_18K|  FF  | LUT| URAM| Depth| Bits| Size:D*B|
    +----------------------------------------------------+---------+------+----+-----+------+-----+---------+
    |arg0_arg1_streams_0_0_U                             |        0|   784|   0|    -|    10|  256|     2560|
    |arg0_arg1_streams_0_1_U                             |        0|   784|   0|    -|    10|  256|     2560|
    |arg0_arg1_streams_0_2_U                             |        0|   784|   0|    -|    10|  256|     2560|
    |arg0_arg1_streams_0_3_U                             |        0|   784|   0|    -|    10|  256|     2560|
    |arg0_arg1_streams_0_4_U                             |        0|   784|   0|    -|    10|  256|     2560|
    |arg0_arg1_streams_0_5_U                             |        0|   784|   0|    -|    10|  256|     2560|
    |arg0_arg1_streams_0_6_U                             |        0|   784|   0|    -|    10|  256|     2560|
    |arg0_arg1_streams_0_7_U                             |        0|   784|   0|    -|    10|  256|     2560|
    |arg0_arg1_streams_1_0_U                             |        0|   784|   0|    -|    10|  256|     2560|
    |arg0_arg1_streams_1_1_U                             |        0|   784|   0|    -|    10|  256|     2560|
    |arg0_arg1_streams_1_2_U                             |        0|   784|   0|    -|    10|  256|     2560|
    |arg0_arg1_streams_1_3_U                             |        0|   784|   0|    -|    10|  256|     2560|
    |arg0_arg1_streams_1_4_U                             |        0|   784|   0|    -|    10|  256|     2560|
    |arg0_arg1_streams_1_5_U                             |        0|   784|   0|    -|    10|  256|     2560|
    |arg0_arg1_streams_1_6_U                             |        0|   784|   0|    -|    10|  256|     2560|
    |arg0_arg1_streams_1_7_U                             |        0|   784|   0|    -|    10|  256|     2560|
    |arg0_poisson_kernel_stencil_in_subtile_stream_0_U   |        0|  1028|   0|    -|     2|  288|      576|
    |arg0_poisson_kernel_stencil_in_subtile_stream_1_U   |        0|  1028|   0|    -|     2|  288|      576|
    |arg0_poisson_kernel_stencil_in_subtile_stream_2_U   |        0|  1028|   0|    -|     2|  288|      576|
    |arg0_poisson_kernel_stencil_in_subtile_stream_3_U   |        0|  1028|   0|    -|     2|  288|      576|
    |arg0_poisson_kernel_stencil_in_subtile_stream_4_U   |        0|  1028|   0|    -|     2|  288|      576|
    |arg0_poisson_kernel_stencil_in_subtile_stream_5_U   |        0|  1028|   0|    -|     2|  288|      576|
    |arg0_poisson_kernel_stencil_in_subtile_stream_6_U   |        0|  1028|   0|    -|     2|  288|      576|
    |arg0_poisson_kernel_stencil_in_subtile_stream_7_U   |        0|  1028|   0|    -|     2|  288|      576|
    |arg1_poisson_kernel_stencil_out_subtile_stream_0_U  |        0|  1028|   0|    -|     2|  288|      576|
    |arg1_poisson_kernel_stencil_out_subtile_stream_1_U  |        0|  1028|   0|    -|     2|  288|      576|
    |arg1_poisson_kernel_stencil_out_subtile_stream_2_U  |        0|  1028|   0|    -|     2|  288|      576|
    |arg1_poisson_kernel_stencil_out_subtile_stream_3_U  |        0|  1028|   0|    -|     2|  288|      576|
    |arg1_poisson_kernel_stencil_out_subtile_stream_4_U  |        0|  1028|   0|    -|     2|  288|      576|
    |arg1_poisson_kernel_stencil_out_subtile_stream_5_U  |        0|  1028|   0|    -|     2|  288|      576|
    |arg1_poisson_kernel_stencil_out_subtile_stream_6_U  |        0|  1028|   0|    -|     2|  288|      576|
    |arg1_poisson_kernel_stencil_out_subtile_stream_7_U  |        0|  1028|   0|    -|     2|  288|      576|
    |num_pkts_c19_U                                      |        0|    68|   0|    -|     2|   29|       58|
    |num_pkts_c20_U                                      |        0|    68|   0|    -|     2|   29|       58|
    |num_pkts_c21_U                                      |        0|    68|   0|    -|     2|   29|       58|
    |num_pkts_c22_U                                      |        0|    68|   0|    -|     2|   29|       58|
    |num_pkts_c23_U                                      |        0|    68|   0|    -|     2|   29|       58|
    |num_pkts_c24_U                                      |        0|    68|   0|    -|     2|   29|       58|
    |num_pkts_c25_U                                      |        0|    68|   0|    -|     2|   29|       58|
    |num_pkts_c26_U                                      |        0|     5|   0|    -|     3|   29|       87|
    |num_pkts_c27_U                                      |        0|    68|   0|    -|     2|   29|       58|
    |num_pkts_c_U                                        |        0|    68|   0|    -|     2|   29|       58|
    |stencilConfig_0_0_c1_U                              |        0|     5|   0|    -|     4|   14|       56|
    |stencilConfig_0_0_c2_U                              |        0|     5|   0|    -|     4|   14|       56|
    |stencilConfig_0_0_c3_U                              |        0|     5|   0|    -|     4|   14|       56|
    |stencilConfig_0_0_c_U                               |        0|     5|   0|    -|     4|   14|       56|
    |stencilConfig_0_1_c4_U                              |        0|     5|   0|    -|     4|   16|       64|
    |stencilConfig_0_1_c5_U                              |        0|     5|   0|    -|     4|   16|       64|
    |stencilConfig_0_1_c6_U                              |        0|     5|   0|    -|     4|   16|       64|
    |stencilConfig_0_1_c_U                               |        0|     5|   0|    -|     4|   16|       64|
    |stencilConfig_2_c7_U                                |        0|     5|   0|    -|     4|   16|       64|
    |stencilConfig_2_c8_U                                |        0|     5|   0|    -|     4|   16|       64|
    |stencilConfig_2_c9_U                                |        0|     5|   0|    -|     4|   16|       64|
    |stencilConfig_2_c_U                                 |        0|     5|   0|    -|     4|   16|       64|
    |stencilConfig_3_c10_U                               |        0|     5|   0|    -|     4|   16|       64|
    |stencilConfig_3_c11_U                               |        0|     5|   0|    -|     4|   16|       64|
    |stencilConfig_3_c12_U                               |        0|     5|   0|    -|     4|   16|       64|
    |stencilConfig_3_c_U                                 |        0|     5|   0|    -|     4|   16|       64|
    |stencilConfig_5_0_c13_U                             |        0|     5|   0|    -|     4|    1|        4|
    |stencilConfig_5_0_c14_U                             |        0|     5|   0|    -|     4|    1|        4|
    |stencilConfig_5_0_c15_U                             |        0|     5|   0|    -|     4|    1|        4|
    |stencilConfig_5_0_c_U                               |        0|     5|   0|    -|     4|    1|        4|
    |stencilConfig_6_c16_U                               |        0|     5|   0|    -|     4|   14|       56|
    |stencilConfig_6_c17_U                               |        0|     5|   0|    -|     4|   14|       56|
    |stencilConfig_6_c18_U                               |        0|     5|   0|    -|     4|   14|       56|
    |stencilConfig_6_c_U                                 |        0|     5|   0|    -|     4|   14|       56|
    +----------------------------------------------------+---------+------+----+-----+------+-----+---------+
    |Total                                               |        0| 29729|   0|    0|   309| 9302|    52017|
    +----------------------------------------------------+---------+------+----+-----+------+-----+---------+

    * Expression: 
    +----------------------------------------+----------+----+---+----+------------+------------+
    |              Variable Name             | Operation| DSP| FF| LUT| Bitwidth P0| Bitwidth P1|
    +----------------------------------------+----------+----+---+----+------------+------------+
    |ap_idle                                 |       and|   0|  0|   2|           1|           1|
    |ap_sync_continue                        |       and|   0|  0|   2|           1|           1|
    |ap_sync_done                            |       and|   0|  0|   2|           1|           1|
    |ap_sync_ready                           |       and|   0|  0|   2|           1|           1|
    |axis2stream_256u_1_U0_ap_start          |       and|   0|  0|   2|           1|           1|
    |axis2stream_256u_2_U0_ap_start          |       and|   0|  0|   2|           1|           1|
    |axis2stream_256u_3_U0_ap_start          |       and|   0|  0|   2|           1|           1|
    |axis2stream_256u_4_U0_ap_start          |       and|   0|  0|   2|           1|           1|
    |axis2stream_256u_5_U0_ap_start          |       and|   0|  0|   2|           1|           1|
    |axis2stream_256u_6_U0_ap_start          |       and|   0|  0|   2|           1|           1|
    |axis2stream_256u_7_U0_ap_start          |       and|   0|  0|   2|           1|           1|
    |axis2stream_256u_U0_ap_start            |       and|   0|  0|   2|           1|           1|
    |entry_proc_U0_ap_start                  |       and|   0|  0|   2|           1|           1|
    |entry_proc_U0_start_full_n              |       and|   0|  0|   2|           1|           1|
    |interleave2stream_U0_start_full_n       |       and|   0|  0|   2|           1|           1|
    |ap_sync_axis2stream_256u_1_U0_ap_ready  |        or|   0|  0|   2|           1|           1|
    |ap_sync_axis2stream_256u_2_U0_ap_ready  |        or|   0|  0|   2|           1|           1|
    |ap_sync_axis2stream_256u_3_U0_ap_ready  |        or|   0|  0|   2|           1|           1|
    |ap_sync_axis2stream_256u_4_U0_ap_ready  |        or|   0|  0|   2|           1|           1|
    |ap_sync_axis2stream_256u_5_U0_ap_ready  |        or|   0|  0|   2|           1|           1|
    |ap_sync_axis2stream_256u_6_U0_ap_ready  |        or|   0|  0|   2|           1|           1|
    |ap_sync_axis2stream_256u_7_U0_ap_ready  |        or|   0|  0|   2|           1|           1|
    |ap_sync_axis2stream_256u_U0_ap_ready    |        or|   0|  0|   2|           1|           1|
    |ap_sync_entry_proc_U0_ap_ready          |        or|   0|  0|   2|           1|           1|
    +----------------------------------------+----------+----+---+----+------------+------------+
    |Total                                   |          |   0|  0|  48|          24|          24|
    +----------------------------------------+----------+----+---+----+------------+------------+

    * Multiplexer: 
    +--------------------------------------------+----+-----------+-----+-----------+
    |                    Name                    | LUT| Input Size| Bits| Total Bits|
    +--------------------------------------------+----+-----------+-----+-----------+
    |ap_sync_reg_axis2stream_256u_1_U0_ap_ready  |   9|          2|    1|          2|
    |ap_sync_reg_axis2stream_256u_2_U0_ap_ready  |   9|          2|    1|          2|
    |ap_sync_reg_axis2stream_256u_3_U0_ap_ready  |   9|          2|    1|          2|
    |ap_sync_reg_axis2stream_256u_4_U0_ap_ready  |   9|          2|    1|          2|
    |ap_sync_reg_axis2stream_256u_5_U0_ap_ready  |   9|          2|    1|          2|
    |ap_sync_reg_axis2stream_256u_6_U0_ap_ready  |   9|          2|    1|          2|
    |ap_sync_reg_axis2stream_256u_7_U0_ap_ready  |   9|          2|    1|          2|
    |ap_sync_reg_axis2stream_256u_U0_ap_ready    |   9|          2|    1|          2|
    |ap_sync_reg_entry_proc_U0_ap_ready          |   9|          2|    1|          2|
    +--------------------------------------------+----+-----------+-----+-----------+
    |Total                                       |  81|         18|    9|         18|
    +--------------------------------------------+----+-----------+-----+-----------+

    * Register: 
    +--------------------------------------------+---+----+-----+-----------+
    |                    Name                    | FF| LUT| Bits| Const Bits|
    +--------------------------------------------+---+----+-----+-----------+
    |ap_sync_reg_axis2stream_256u_1_U0_ap_ready  |  1|   0|    1|          0|
    |ap_sync_reg_axis2stream_256u_2_U0_ap_ready  |  1|   0|    1|          0|
    |ap_sync_reg_axis2stream_256u_3_U0_ap_ready  |  1|   0|    1|          0|
    |ap_sync_reg_axis2stream_256u_4_U0_ap_ready  |  1|   0|    1|          0|
    |ap_sync_reg_axis2stream_256u_5_U0_ap_ready  |  1|   0|    1|          0|
    |ap_sync_reg_axis2stream_256u_6_U0_ap_ready  |  1|   0|    1|          0|
    |ap_sync_reg_axis2stream_256u_7_U0_ap_ready  |  1|   0|    1|          0|
    |ap_sync_reg_axis2stream_256u_U0_ap_ready    |  1|   0|    1|          0|
    |ap_sync_reg_entry_proc_U0_ap_ready          |  1|   0|    1|          0|
    +--------------------------------------------+---+----+-----+-----------+
    |Total                                       |  9|   0|    9|          0|
    +--------------------------------------------+---+----+-----+-----------+



================================================================
== Interface
================================================================
* Summary: 
+------------------------+-----+-----+------------+------------------------------------+--------------+
|        RTL Ports       | Dir | Bits|  Protocol  |            Source Object           |    C Type    |
+------------------------+-----+-----+------------+------------------------------------+--------------+
|p_read                  |   in|   14|     ap_none|                              p_read|        scalar|
|p_read_ap_vld           |   in|    1|     ap_none|                              p_read|        scalar|
|p_read1                 |   in|   16|     ap_none|                             p_read1|        scalar|
|p_read1_ap_vld          |   in|    1|     ap_none|                             p_read1|        scalar|
|p_read2                 |   in|   16|     ap_none|                             p_read2|        scalar|
|p_read2_ap_vld          |   in|    1|     ap_none|                             p_read2|        scalar|
|p_read3                 |   in|   16|     ap_none|                             p_read3|        scalar|
|p_read3_ap_vld          |   in|    1|     ap_none|                             p_read3|        scalar|
|p_read4                 |   in|    1|     ap_none|                             p_read4|        scalar|
|p_read4_ap_vld          |   in|    1|     ap_none|                             p_read4|        scalar|
|p_read5                 |   in|   14|     ap_none|                             p_read5|        scalar|
|p_read5_ap_vld          |   in|    1|     ap_none|                             p_read5|        scalar|
|num_pkts                |   in|   29|     ap_none|                            num_pkts|        scalar|
|num_pkts_ap_vld         |   in|    1|     ap_none|                            num_pkts|        scalar|
|arg0_0_axis_in_TDATA    |   in|  256|        axis|             arg0_0_axis_in_V_data_V|       pointer|
|arg0_0_axis_in_TKEEP    |   in|   32|        axis|             arg0_0_axis_in_V_keep_V|       pointer|
|arg0_0_axis_in_TSTRB    |   in|   32|        axis|             arg0_0_axis_in_V_strb_V|       pointer|
|arg0_0_axis_in_TLAST    |   in|    1|        axis|             arg0_0_axis_in_V_last_V|       pointer|
|arg0_0_axis_in_TVALID   |   in|    1|        axis|             arg0_0_axis_in_V_last_V|       pointer|
|arg0_0_axis_in_TREADY   |  out|    1|        axis|             arg0_0_axis_in_V_last_V|       pointer|
|arg0_1_axis_in_TDATA    |   in|  256|        axis|             arg0_1_axis_in_V_data_V|       pointer|
|arg0_1_axis_in_TKEEP    |   in|   32|        axis|             arg0_1_axis_in_V_keep_V|       pointer|
|arg0_1_axis_in_TSTRB    |   in|   32|        axis|             arg0_1_axis_in_V_strb_V|       pointer|
|arg0_1_axis_in_TLAST    |   in|    1|        axis|             arg0_1_axis_in_V_last_V|       pointer|
|arg0_1_axis_in_TVALID   |   in|    1|        axis|             arg0_1_axis_in_V_last_V|       pointer|
|arg0_1_axis_in_TREADY   |  out|    1|        axis|             arg0_1_axis_in_V_last_V|       pointer|
|arg0_2_axis_in_TDATA    |   in|  256|        axis|             arg0_2_axis_in_V_data_V|       pointer|
|arg0_2_axis_in_TKEEP    |   in|   32|        axis|             arg0_2_axis_in_V_keep_V|       pointer|
|arg0_2_axis_in_TSTRB    |   in|   32|        axis|             arg0_2_axis_in_V_strb_V|       pointer|
|arg0_2_axis_in_TLAST    |   in|    1|        axis|             arg0_2_axis_in_V_last_V|       pointer|
|arg0_2_axis_in_TVALID   |   in|    1|        axis|             arg0_2_axis_in_V_last_V|       pointer|
|arg0_2_axis_in_TREADY   |  out|    1|        axis|             arg0_2_axis_in_V_last_V|       pointer|
|arg0_3_axis_in_TDATA    |   in|  256|        axis|             arg0_3_axis_in_V_data_V|       pointer|
|arg0_3_axis_in_TKEEP    |   in|   32|        axis|             arg0_3_axis_in_V_keep_V|       pointer|
|arg0_3_axis_in_TSTRB    |   in|   32|        axis|             arg0_3_axis_in_V_strb_V|       pointer|
|arg0_3_axis_in_TLAST    |   in|    1|        axis|             arg0_3_axis_in_V_last_V|       pointer|
|arg0_3_axis_in_TVALID   |   in|    1|        axis|             arg0_3_axis_in_V_last_V|       pointer|
|arg0_3_axis_in_TREADY   |  out|    1|        axis|             arg0_3_axis_in_V_last_V|       pointer|
|arg0_4_axis_in_TDATA    |   in|  256|        axis|             arg0_4_axis_in_V_data_V|       pointer|
|arg0_4_axis_in_TKEEP    |   in|   32|        axis|             arg0_4_axis_in_V_keep_V|       pointer|
|arg0_4_axis_in_TSTRB    |   in|   32|        axis|             arg0_4_axis_in_V_strb_V|       pointer|
|arg0_4_axis_in_TLAST    |   in|    1|        axis|             arg0_4_axis_in_V_last_V|       pointer|
|arg0_4_axis_in_TVALID   |   in|    1|        axis|             arg0_4_axis_in_V_last_V|       pointer|
|arg0_4_axis_in_TREADY   |  out|    1|        axis|             arg0_4_axis_in_V_last_V|       pointer|
|arg0_5_axis_in_TDATA    |   in|  256|        axis|             arg0_5_axis_in_V_data_V|       pointer|
|arg0_5_axis_in_TKEEP    |   in|   32|        axis|             arg0_5_axis_in_V_keep_V|       pointer|
|arg0_5_axis_in_TSTRB    |   in|   32|        axis|             arg0_5_axis_in_V_strb_V|       pointer|
|arg0_5_axis_in_TLAST    |   in|    1|        axis|             arg0_5_axis_in_V_last_V|       pointer|
|arg0_5_axis_in_TVALID   |   in|    1|        axis|             arg0_5_axis_in_V_last_V|       pointer|
|arg0_5_axis_in_TREADY   |  out|    1|        axis|             arg0_5_axis_in_V_last_V|       pointer|
|arg0_6_axis_in_TDATA    |   in|  256|        axis|             arg0_6_axis_in_V_data_V|       pointer|
|arg0_6_axis_in_TKEEP    |   in|   32|        axis|             arg0_6_axis_in_V_keep_V|       pointer|
|arg0_6_axis_in_TSTRB    |   in|   32|        axis|             arg0_6_axis_in_V_strb_V|       pointer|
|arg0_6_axis_in_TLAST    |   in|    1|        axis|             arg0_6_axis_in_V_last_V|       pointer|
|arg0_6_axis_in_TVALID   |   in|    1|        axis|             arg0_6_axis_in_V_last_V|       pointer|
|arg0_6_axis_in_TREADY   |  out|    1|        axis|             arg0_6_axis_in_V_last_V|       pointer|
|arg0_7_axis_in_TDATA    |   in|  256|        axis|             arg0_7_axis_in_V_data_V|       pointer|
|arg0_7_axis_in_TKEEP    |   in|   32|        axis|             arg0_7_axis_in_V_keep_V|       pointer|
|arg0_7_axis_in_TSTRB    |   in|   32|        axis|             arg0_7_axis_in_V_strb_V|       pointer|
|arg0_7_axis_in_TLAST    |   in|    1|        axis|             arg0_7_axis_in_V_last_V|       pointer|
|arg0_7_axis_in_TVALID   |   in|    1|        axis|             arg0_7_axis_in_V_last_V|       pointer|
|arg0_7_axis_in_TREADY   |  out|    1|        axis|             arg0_7_axis_in_V_last_V|       pointer|
|arg1_0_axis_out_TDATA   |  out|  256|        axis|            arg1_0_axis_out_V_data_V|       pointer|
|arg1_0_axis_out_TKEEP   |  out|   32|        axis|            arg1_0_axis_out_V_keep_V|       pointer|
|arg1_0_axis_out_TSTRB   |  out|   32|        axis|            arg1_0_axis_out_V_strb_V|       pointer|
|arg1_0_axis_out_TLAST   |  out|    1|        axis|            arg1_0_axis_out_V_last_V|       pointer|
|arg1_0_axis_out_TVALID  |  out|    1|        axis|            arg1_0_axis_out_V_last_V|       pointer|
|arg1_0_axis_out_TREADY  |   in|    1|        axis|            arg1_0_axis_out_V_last_V|       pointer|
|arg1_1_axis_out_TDATA   |  out|  256|        axis|            arg1_1_axis_out_V_data_V|       pointer|
|arg1_1_axis_out_TKEEP   |  out|   32|        axis|            arg1_1_axis_out_V_keep_V|       pointer|
|arg1_1_axis_out_TSTRB   |  out|   32|        axis|            arg1_1_axis_out_V_strb_V|       pointer|
|arg1_1_axis_out_TLAST   |  out|    1|        axis|            arg1_1_axis_out_V_last_V|       pointer|
|arg1_1_axis_out_TVALID  |  out|    1|        axis|            arg1_1_axis_out_V_last_V|       pointer|
|arg1_1_axis_out_TREADY  |   in|    1|        axis|            arg1_1_axis_out_V_last_V|       pointer|
|arg1_2_axis_out_TDATA   |  out|  256|        axis|            arg1_2_axis_out_V_data_V|       pointer|
|arg1_2_axis_out_TKEEP   |  out|   32|        axis|            arg1_2_axis_out_V_keep_V|       pointer|
|arg1_2_axis_out_TSTRB   |  out|   32|        axis|            arg1_2_axis_out_V_strb_V|       pointer|
|arg1_2_axis_out_TLAST   |  out|    1|        axis|            arg1_2_axis_out_V_last_V|       pointer|
|arg1_2_axis_out_TVALID  |  out|    1|        axis|            arg1_2_axis_out_V_last_V|       pointer|
|arg1_2_axis_out_TREADY  |   in|    1|        axis|            arg1_2_axis_out_V_last_V|       pointer|
|arg1_3_axis_out_TDATA   |  out|  256|        axis|            arg1_3_axis_out_V_data_V|       pointer|
|arg1_3_axis_out_TKEEP   |  out|   32|        axis|            arg1_3_axis_out_V_keep_V|       pointer|
|arg1_3_axis_out_TSTRB   |  out|   32|        axis|            arg1_3_axis_out_V_strb_V|       pointer|
|arg1_3_axis_out_TLAST   |  out|    1|        axis|            arg1_3_axis_out_V_last_V|       pointer|
|arg1_3_axis_out_TVALID  |  out|    1|        axis|            arg1_3_axis_out_V_last_V|       pointer|
|arg1_3_axis_out_TREADY  |   in|    1|        axis|            arg1_3_axis_out_V_last_V|       pointer|
|arg1_4_axis_out_TDATA   |  out|  256|        axis|            arg1_4_axis_out_V_data_V|       pointer|
|arg1_4_axis_out_TKEEP   |  out|   32|        axis|            arg1_4_axis_out_V_keep_V|       pointer|
|arg1_4_axis_out_TSTRB   |  out|   32|        axis|            arg1_4_axis_out_V_strb_V|       pointer|
|arg1_4_axis_out_TLAST   |  out|    1|        axis|            arg1_4_axis_out_V_last_V|       pointer|
|arg1_4_axis_out_TVALID  |  out|    1|        axis|            arg1_4_axis_out_V_last_V|       pointer|
|arg1_4_axis_out_TREADY  |   in|    1|        axis|            arg1_4_axis_out_V_last_V|       pointer|
|arg1_5_axis_out_TDATA   |  out|  256|        axis|            arg1_5_axis_out_V_data_V|       pointer|
|arg1_5_axis_out_TKEEP   |  out|   32|        axis|            arg1_5_axis_out_V_keep_V|       pointer|
|arg1_5_axis_out_TSTRB   |  out|   32|        axis|            arg1_5_axis_out_V_strb_V|       pointer|
|arg1_5_axis_out_TLAST   |  out|    1|        axis|            arg1_5_axis_out_V_last_V|       pointer|
|arg1_5_axis_out_TVALID  |  out|    1|        axis|            arg1_5_axis_out_V_last_V|       pointer|
|arg1_5_axis_out_TREADY  |   in|    1|        axis|            arg1_5_axis_out_V_last_V|       pointer|
|arg1_6_axis_out_TDATA   |  out|  256|        axis|            arg1_6_axis_out_V_data_V|       pointer|
|arg1_6_axis_out_TKEEP   |  out|   32|        axis|            arg1_6_axis_out_V_keep_V|       pointer|
|arg1_6_axis_out_TSTRB   |  out|   32|        axis|            arg1_6_axis_out_V_strb_V|       pointer|
|arg1_6_axis_out_TLAST   |  out|    1|        axis|            arg1_6_axis_out_V_last_V|       pointer|
|arg1_6_axis_out_TVALID  |  out|    1|        axis|            arg1_6_axis_out_V_last_V|       pointer|
|arg1_6_axis_out_TREADY  |   in|    1|        axis|            arg1_6_axis_out_V_last_V|       pointer|
|arg1_7_axis_out_TDATA   |  out|  256|        axis|            arg1_7_axis_out_V_data_V|       pointer|
|arg1_7_axis_out_TKEEP   |  out|   32|        axis|            arg1_7_axis_out_V_keep_V|       pointer|
|arg1_7_axis_out_TSTRB   |  out|   32|        axis|            arg1_7_axis_out_V_strb_V|       pointer|
|arg1_7_axis_out_TLAST   |  out|    1|        axis|            arg1_7_axis_out_V_last_V|       pointer|
|arg1_7_axis_out_TVALID  |  out|    1|        axis|            arg1_7_axis_out_V_last_V|       pointer|
|arg1_7_axis_out_TREADY  |   in|    1|        axis|            arg1_7_axis_out_V_last_V|       pointer|
|ap_clk                  |   in|    1|  ap_ctrl_hs|  kernel_outerloop_0_dataflow_region|  return value|
|ap_rst                  |   in|    1|  ap_ctrl_hs|  kernel_outerloop_0_dataflow_region|  return value|
|ap_start                |   in|    1|  ap_ctrl_hs|  kernel_outerloop_0_dataflow_region|  return value|
|ap_done                 |  out|    1|  ap_ctrl_hs|  kernel_outerloop_0_dataflow_region|  return value|
|ap_ready                |  out|    1|  ap_ctrl_hs|  kernel_outerloop_0_dataflow_region|  return value|
|ap_idle                 |  out|    1|  ap_ctrl_hs|  kernel_outerloop_0_dataflow_region|  return value|
|ap_continue             |   in|    1|  ap_ctrl_hs|  kernel_outerloop_0_dataflow_region|  return value|
+------------------------+-----+-----+------------+------------------------------------+--------------+

