Copyright 1986-2022 Xilinx, Inc. All Rights Reserved.
------------------------------------------------------------------------------------------
| Tool Version : Vivado v.2022.2 (lin64) Build 3671981 Fri Oct 14 04:59:54 MDT 2022
| Date         : Wed Aug 12 15:17:35 2026
| Host         : acclnode01 running 64-bit Ubuntu 20.04.6 LTS
| Command      : report_utilization -slr -file slr_util_placed.rpt -pb slr_util_placed.pb
| Design       : level0_wrapper
| Device       : xcu280-fsvh2892-2L-e
| Speed File   : -2L
| Design State : Fully Placed
------------------------------------------------------------------------------------------

Utilization Design Information

Table of Contents
-----------------
1. SLR Connectivity
2. SLR Connectivity Matrix
3. SLR CLB Logic and Dedicated Block Utilization
4. SLR IO Utilization

1. SLR Connectivity
-------------------

+----------------------------------+-------+-------+-----------+-------+
|                                  |  Used | Fixed | Available | Util% |
+----------------------------------+-------+-------+-----------+-------+
| SLR2 <-> SLR1                    |  9308 |       |     23040 | 40.40 |
|   SLR1 -> SLR2                   |  4682 |       |           | 20.32 |
|     Using TX_REG only            |     0 |     0 |           |       |
|     Using RX_REG only            |     0 |     0 |           |       |
|     Using Both TX_REG and RX_REG |     0 |     0 |           |       |
|   SLR2 -> SLR1                   |  4626 |       |           | 20.08 |
|     Using TX_REG only            |     0 |     0 |           |       |
|     Using RX_REG only            |     0 |     0 |           |       |
|     Using Both TX_REG and RX_REG |     0 |     0 |           |       |
| SLR1 <-> SLR0                    | 11318 |       |     23040 | 49.12 |
|   SLR0 -> SLR1                   |  5378 |       |           | 23.34 |
|     Using TX_REG only            |     0 |     0 |           |       |
|     Using RX_REG only            |     0 |     0 |           |       |
|     Using Both TX_REG and RX_REG |     0 |     0 |           |       |
|   SLR1 -> SLR0                   |  5940 |       |           | 25.78 |
|     Using TX_REG only            |     0 |     0 |           |       |
|     Using RX_REG only            |     0 |     0 |           |       |
|     Using Both TX_REG and RX_REG |     0 |     0 |           |       |
+----------------------------------+-------+-------+-----------+-------+
| Total SLLs Used                  | 20626 |       |           |       |
+----------------------------------+-------+-------+-----------+-------+


2. SLR Connectivity Matrix
--------------------------

+-----------+------+------+------+
| FROM \ TO | SLR2 | SLR1 | SLR0 |
+-----------+------+------+------+
| SLR2      |    0 | 4479 |  147 |
| SLR1      | 4613 |    0 | 5793 |
| SLR0      |   69 | 5309 |    0 |
+-----------+------+------+------+


3. SLR CLB Logic and Dedicated Block Utilization
------------------------------------------------

+----------------------------+--------+--------+--------+--------+--------+--------+
|          Site Type         |  SLR0  |  SLR1  |  SLR2  | SLR0 % | SLR1 % | SLR2 % |
+----------------------------+--------+--------+--------+--------+--------+--------+
| CLB                        |  52830 |  52336 |  50159 |  96.12 |  96.92 |  92.89 |
|   CLBL                     |  27809 |  27706 |  26762 |  94.98 |  94.62 |  91.40 |
|   CLBM                     |  25021 |  24630 |  23397 |  97.43 |  99.64 |  94.65 |
| CLB LUTs                   | 247196 | 277126 | 232448 |  56.22 |  64.15 |  53.81 |
|   LUT as Logic             | 216340 | 258810 | 216430 |  49.20 |  59.91 |  50.10 |
|     using O5 output only   |   3245 |   1780 |   1316 |   0.74 |   0.41 |   0.30 |
|     using O6 output only   | 140488 | 163834 | 122414 |  31.95 |  37.92 |  28.34 |
|     using O5 and O6        |  72607 |  93196 |  92700 |  16.51 |  21.57 |  21.46 |
|   LUT as Memory            |  30856 |  18316 |  16018 |  15.02 |   9.26 |   8.10 |
|     LUT as Distributed RAM |  12154 |   6074 |   3188 |   5.92 |   3.07 |   1.61 |
|       using O5 output only |      0 |      0 |      0 |   0.00 |   0.00 |   0.00 |
|       using O6 output only |    240 |    386 |      0 |   0.12 |   0.20 |   0.00 |
|       using O5 and O6      |  11914 |   5688 |   3188 |   5.80 |   2.88 |   1.61 |
|     LUT as Shift Register  |  18702 |  12242 |  12830 |   9.10 |   6.19 |   6.49 |
|       using O5 output only |      0 |      0 |      0 |   0.00 |   0.00 |   0.00 |
|       using O6 output only |   7692 |   1059 |   1669 |   3.74 |   0.54 |   0.84 |
|       using O5 and O6      |  11010 |  11183 |  11161 |   5.36 |   5.65 |   5.64 |
| CLB Registers              | 444314 | 481660 | 439767 |  50.53 |  55.75 |  50.90 |
| CARRY8                     |   8078 |   9557 |   9085 |  14.70 |  17.70 |  16.82 |
| F7 Muxes                   |   4017 |   1135 |    467 |   1.83 |   0.53 |   0.22 |
| F8 Muxes                   |    218 |    335 |     15 |   0.20 |   0.31 |   0.01 |
| F9 Muxes                   |      0 |      0 |      0 |   0.00 |   0.00 |   0.00 |
| Block RAM Tile             |  323.5 |    242 |    146 |  48.14 |  36.01 |  21.73 |
|   RAMB36/FIFO              |    322 |    241 |    146 |  47.92 |  35.86 |  21.73 |
|   RAMB18                   |      3 |      2 |      0 |   0.22 |   0.15 |   0.00 |
| URAM                       |     64 |     96 |     96 |  20.00 |  30.00 |  30.00 |
| DSPs                       |   1041 |   1561 |   1565 |  36.15 |  50.81 |  50.94 |
| Unique Control Sets        |   8102 |   7859 |   5495 |   7.37 |   7.28 |   5.09 |
+----------------------------+--------+--------+--------+--------+--------+--------+
* Note: Available Control Sets based on CLB Registers / 8


4. SLR IO Utilization
---------------------

+-----------+-----------+---------+------------+----------+------------+----------+-----+
| SLR Index | Used IOBs | (%)IOBs | Used IPADs | (%)IPADs | Used OPADs | (%)OPADs | GTs |
+-----------+-----------+---------+------------+----------+------------+----------+-----+
| SLR2      |        15 |    7.21 |          0 |     0.00 |          0 |     0.00 |   0 |
| SLR1      |         0 |    0.00 |          0 |     0.00 |          0 |     0.00 |   0 |
| SLR0      |         1 |    0.48 |          0 |     0.00 |          0 |     0.00 |  16 |
+-----------+-----------+---------+------------+----------+------------+----------+-----+
| Total     |        16 |         |          0 |          |          0 |          |  16 |
+-----------+-----------+---------+------------+----------+------------+----------+-----+


