Copyright 1986-2022 Xilinx, Inc. All Rights Reserved.
-----------------------------------------------------------------------------------------------------------------------------------------------------------------------------------------------------------------------------------------------------------------------------------------------------
| Tool Version : Vivado v.2022.1 (lin64) Build 3526262 Mon Apr 18 15:47:01 MDT 2022
| Date         : Sun Jul 26 03:44:47 2026
| Host         : acclnode01 running 64-bit Ubuntu 20.04.6 LTS
| Command      : report_accelerator_utilization -kernels { datamover_outerloop_0:top_i/ulp/datamover_outerloop_0_1/inst:datamover_outerloop_0_1 kernel_outerloop_0:top_i/ulp/kernel_outerloop_inst_0_1/inst:kernel_outerloop_inst_0_1} -file kernel_util_synthed.rpt -name kernel_util_synthed -json
| Design       : top_wrapper
| Device       : xcvc1902
| Design State : Synthesized
-----------------------------------------------------------------------------------------------------------------------------------------------------------------------------------------------------------------------------------------------------------------------------------------------------

Accelerator Utilization Design Information

Table of Contents
-----------------
1. System Utilization

1. System Utilization
---------------------

+------------------------------+-------------------+------------------+------------------+---------------+---------------+
| Name                         | REG               | LUT              | LUTAsMem         | BRAM          | URAM          |
+------------------------------+-------------------+------------------+------------------+---------------+---------------+
| Platform                     |   31675 [  1.76%] |  22775 [  2.53%] |   2154 [  0.48%] |  32 [  3.31%] |  36 [  7.78%] |
| User Budget                  | 1768005 [100.00%] | 877065 [100.00%] | 447766 [100.00%] | 935 [100.00%] | 427 [100.00%] |
|    Used Resources            |  408055 [ 23.08%] | 171010 [ 19.50%] |  24641 [  5.50%] | 235 [ 25.13%] | 220 [ 51.52%] |
|    Unused Resources          | 1359950 [ 76.92%] | 706055 [ 80.50%] | 423125 [ 94.50%] | 700 [ 74.87%] | 207 [ 48.48%] |
| datamover_outerloop_0        |   15469 [  0.87%] |   6471 [  0.74%] |   1060 [  0.24%] |  15 [  1.60%] |   0 [  0.00%] |
|    datamover_outerloop_0_1   |   15469 [  0.87%] |   6471 [  0.74%] |   1060 [  0.24%] |  15 [  1.60%] |   0 [  0.00%] |
| kernel_outerloop_0           |  392586 [ 22.21%] | 164539 [ 18.76%] |  23581 [  5.27%] | 220 [ 23.53%] | 220 [ 51.52%] |
|    kernel_outerloop_inst_0_1 |  392586 [ 22.21%] | 164539 [ 18.76%] |  23581 [  5.27%] | 220 [ 23.53%] | 220 [ 51.52%] |
+------------------------------+-------------------+------------------+------------------+---------------+---------------+


