

================================================================
== Vitis HLS Report for 'axis2streamTileStepup2D_3_Pipeline_beat_loop'
================================================================
* Date:           Tue Aug 11 20:27:36 2026

* Version:        2022.2 (Build 3670227 on Oct 13 2022)
* Project:        datamover_outerloop_0
* Solution:       solution (Vitis Kernel Flow Target)
* Product family: virtexuplus
* Target device:  xcu280-fsvh2892-2L-e


================================================================
== Performance Estimates
================================================================
+ Timing: 
    * Summary: 
    +--------+---------+----------+------------+
    |  Clock |  Target | Estimated| Uncertainty|
    +--------+---------+----------+------------+
    |ap_clk  |  3.33 ns|  1.142 ns|     0.90 ns|
    +--------+---------+----------+------------+

+ Latency: 
    * Summary: 
    +---------+---------+----------+----------+-----+------+---------+
    |  Latency (cycles) |  Latency (absolute) |  Interval  | Pipeline|
    |   min   |   max   |    min   |    max   | min |  max |   Type  |
    +---------+---------+----------+----------+-----+------+---------+
    |        3|     1026|  9.999 ns|  3.420 us|    3|  1026|       no|
    +---------+---------+----------+----------+-----+------+---------+

    + Detail: 
        * Instance: 
        N/A

        * Loop: 
        +-------------+---------+---------+----------+-----------+-----------+----------+----------+
        |             |  Latency (cycles) | Iteration|  Initiation Interval  |   Trip   |          |
        |  Loop Name  |   min   |   max   |  Latency |  achieved |   target  |   Count  | Pipelined|
        +-------------+---------+---------+----------+-----------+-----------+----------+----------+
        |- beat_loop  |        1|     1024|         2|          1|          1|  1 ~ 1024|       yes|
        +-------------+---------+---------+----------+-----------+-----------+----------+----------+

============================================================
+ Verbose Summary: Synthesis Manager
============================================================
InlineROM: 1
ExposeGlobal: 0
============================================================
+ Verbose Summary: CDFG Model
============================================================
IsTopModel: 0
ResetActiveHigh: 1
IsCombinational: 0
IsDatapathOnly: 0
HasWiredReturn: 1
HasMFsm: 2
HasVarLatency: 1
IsPipeline: 0
IsRtlPipelined: 0
IsInstanceOverlapped: 0
IsDontTouch: 0
HasImplIP: 0
IsGatedGlobalClock: 0

+ Individual pipeline summary: 
  * Pipeline-0: initiation interval (II) = 1, depth = 2


============================================================
+ Verbose Summary: Schedule
============================================================
* Number of FSM states : 2
* Pipeline : 1
  Pipeline-0 : II = 1, D = 2, States = { 1 2 }
* Dataflow Pipeline: 0

* FSM state transitions: 
1 --> 2 
2 --> 

* FSM state operations: 

State 1 <SV = 0> <Delay = 1.14>
ST_1 : Operation 5 [1/1] (0.00ns)   --->   "%x = alloca i32 1"   --->   Operation 5 'alloca' 'x' <Predicate = true> <Delay = 0.00>
ST_1 : Operation 6 [1/1] (0.00ns)   --->   "%specaxissidechannel_ln0 = specaxissidechannel void @_ssdm_op_SpecAXISSideChannel, i256 %arg1_1_axis_in_V_data_V, i32 %arg1_1_axis_in_V_keep_V, i32 %arg1_1_axis_in_V_strb_V, i1 0, i1 %arg1_1_axis_in_V_last_V, i1 0, i1 0, void @empty_14"   --->   Operation 6 'specaxissidechannel' 'specaxissidechannel_ln0' <Predicate = true> <Delay = 0.00>
ST_1 : Operation 7 [1/1] (0.00ns)   --->   "%specaxissidechannel_ln0 = specaxissidechannel void @_ssdm_op_SpecAXISSideChannel, i256 %arg1_0_axis_in_V_data_V, i32 %arg1_0_axis_in_V_keep_V, i32 %arg1_0_axis_in_V_strb_V, i1 0, i1 %arg1_0_axis_in_V_last_V, i1 0, i1 0, void @empty_30"   --->   Operation 7 'specaxissidechannel' 'specaxissidechannel_ln0' <Predicate = true> <Delay = 0.00>
ST_1 : Operation 8 [1/1] (0.00ns)   --->   "%specinterface_ln0 = specinterface void @_ssdm_op_SpecInterface, i1 %arg1_1_axis_in_V_last_V, i32 %arg1_1_axis_in_V_strb_V, i32 %arg1_1_axis_in_V_keep_V, i256 %arg1_1_axis_in_V_data_V, void @empty_28, i32 0, i32 0, void @empty_38, i32 0, i32 0, void @empty_11, void @empty_11, void @empty_11, i32 0, i32 0, i32 0, i32 0, void @empty_11, void @empty_11, i32 4294967295, i32 0"   --->   Operation 8 'specinterface' 'specinterface_ln0' <Predicate = true> <Delay = 0.00>
ST_1 : Operation 9 [1/1] (0.00ns)   --->   "%specinterface_ln0 = specinterface void @_ssdm_op_SpecInterface, i1 %arg1_0_axis_in_V_last_V, i32 %arg1_0_axis_in_V_strb_V, i32 %arg1_0_axis_in_V_keep_V, i256 %arg1_0_axis_in_V_data_V, void @empty_28, i32 0, i32 0, void @empty_38, i32 0, i32 0, void @empty_11, void @empty_11, void @empty_11, i32 0, i32 0, i32 0, i32 0, void @empty_11, void @empty_11, i32 4294967295, i32 0"   --->   Operation 9 'specinterface' 'specinterface_ln0' <Predicate = true> <Delay = 0.00>
ST_1 : Operation 10 [1/1] (0.00ns)   --->   "%specinterface_ln0 = specinterface void @_ssdm_op_SpecInterface, i256 %arg1_write_mem_strm_g0_0, void @empty_42, i32 0, i32 0, void @empty_11, i32 0, i32 0, void @empty_11, void @empty_11, void @empty_11, i32 0, i32 0, i32 0, i32 0, void @empty_11, void @empty_11, i32 4294967295, i32 0"   --->   Operation 10 'specinterface' 'specinterface_ln0' <Predicate = true> <Delay = 0.00>
ST_1 : Operation 11 [1/1] (0.00ns)   --->   "%specinterface_ln0 = specinterface void @_ssdm_op_SpecInterface, i256 %arg1_write_mem_strm_g0_1, void @empty_42, i32 0, i32 0, void @empty_11, i32 0, i32 0, void @empty_11, void @empty_11, void @empty_11, i32 0, i32 0, i32 0, i32 0, void @empty_11, void @empty_11, i32 4294967295, i32 0"   --->   Operation 11 'specinterface' 'specinterface_ln0' <Predicate = true> <Delay = 0.00>
ST_1 : Operation 12 [1/1] (0.00ns)   --->   "%select_ln6529_read = read i13 @_ssdm_op_Read.ap_auto.i13, i13 %select_ln6529"   --->   Operation 12 'read' 'select_ln6529_read' <Predicate = true> <Delay = 0.00>
ST_1 : Operation 13 [1/1] (0.38ns)   --->   "%store_ln0 = store i13 0, i13 %x"   --->   Operation 13 'store' 'store_ln0' <Predicate = true> <Delay = 0.38>
ST_1 : Operation 14 [1/1] (0.00ns)   --->   "%br_ln0 = br void %for.inc"   --->   Operation 14 'br' 'br_ln0' <Predicate = true> <Delay = 0.00>
ST_1 : Operation 15 [1/1] (0.00ns)   --->   "%x_11 = load i13 %x" [/home/x_thileeb/repos/ops-hls-batching-new/OPS/ops/hls/include/device/../../L1/include/ops_hls_datamover.hpp:6548]   --->   Operation 15 'load' 'x_11' <Predicate = true> <Delay = 0.00>
ST_1 : Operation 16 [1/1] (0.64ns)   --->   "%icmp_ln6548 = icmp_eq  i13 %x_11, i13 %select_ln6529_read" [/home/x_thileeb/repos/ops-hls-batching-new/OPS/ops/hls/include/device/../../L1/include/ops_hls_datamover.hpp:6548]   --->   Operation 16 'icmp' 'icmp_ln6548' <Predicate = true> <Delay = 0.64> <CoreInst = "Cmp">   --->   Core 9 'Cmp' <Latency = 0> <II = 1> <Delay = 0.64> <FuncUnit> <Opcode : 'icmp'> <InPorts = 2> <OutPorts = 1>
ST_1 : Operation 17 [1/1] (0.75ns)   --->   "%x_12 = add i13 %x_11, i13 1" [/home/x_thileeb/repos/ops-hls-batching-new/OPS/ops/hls/include/device/../../L1/include/ops_hls_datamover.hpp:6548]   --->   Operation 17 'add' 'x_12' <Predicate = true> <Delay = 0.75> <CoreInst = "Adder">   --->   Core 1 'Adder' <Latency = 0> <II = 1> <Delay = 0.75> <FuncUnit> <Opcode : 'add' 'sub'> <InPorts = 2> <OutPorts = 1>
ST_1 : Operation 18 [1/1] (0.00ns)   --->   "%br_ln6548 = br i1 %icmp_ln6548, void %for.inc.split, void %for.inc35.loopexit.exitStub" [/home/x_thileeb/repos/ops-hls-batching-new/OPS/ops/hls/include/device/../../L1/include/ops_hls_datamover.hpp:6548]   --->   Operation 18 'br' 'br_ln6548' <Predicate = true> <Delay = 0.00>
ST_1 : Operation 19 [1/1] (0.00ns)   --->   "%empty = read i321 @_ssdm_op_Read.axis.volatile.i256P0A.i32P0A.i32P0A.i1P0A, i256 %arg1_0_axis_in_V_data_V, i32 %arg1_0_axis_in_V_keep_V, i32 %arg1_0_axis_in_V_strb_V, i1 %arg1_0_axis_in_V_last_V"   --->   Operation 19 'read' 'empty' <Predicate = (!icmp_ln6548)> <Delay = 0.00> <CoreInst = "axis">   --->   Core 123 'axis' <Latency = 0> <II = 1> <Delay = 1.00> <Adapter> <Opcode : >
ST_1 : Operation 20 [1/1] (0.00ns)   --->   "%pkt_data_V = extractvalue i321 %empty"   --->   Operation 20 'extractvalue' 'pkt_data_V' <Predicate = (!icmp_ln6548)> <Delay = 0.00>
ST_1 : Operation 21 [1/1] (0.00ns)   --->   "%empty_207 = read i321 @_ssdm_op_Read.axis.volatile.i256P0A.i32P0A.i32P0A.i1P0A, i256 %arg1_1_axis_in_V_data_V, i32 %arg1_1_axis_in_V_keep_V, i32 %arg1_1_axis_in_V_strb_V, i1 %arg1_1_axis_in_V_last_V"   --->   Operation 21 'read' 'empty_207' <Predicate = (!icmp_ln6548)> <Delay = 0.00> <CoreInst = "axis">   --->   Core 123 'axis' <Latency = 0> <II = 1> <Delay = 1.00> <Adapter> <Opcode : >
ST_1 : Operation 22 [1/1] (0.00ns)   --->   "%tmp_data_V = extractvalue i321 %empty_207"   --->   Operation 22 'extractvalue' 'tmp_data_V' <Predicate = (!icmp_ln6548)> <Delay = 0.00>
ST_1 : Operation 23 [1/1] (0.38ns)   --->   "%store_ln6548 = store i13 %x_12, i13 %x" [/home/x_thileeb/repos/ops-hls-batching-new/OPS/ops/hls/include/device/../../L1/include/ops_hls_datamover.hpp:6548]   --->   Operation 23 'store' 'store_ln6548' <Predicate = (!icmp_ln6548)> <Delay = 0.38>
ST_1 : Operation 30 [1/1] (0.00ns)   --->   "%ret_ln0 = ret"   --->   Operation 30 'ret' 'ret_ln0' <Predicate = (icmp_ln6548)> <Delay = 0.00>

State 2 <SV = 1> <Delay = 1.13>
ST_2 : Operation 24 [1/1] (0.00ns)   --->   "%specpipeline_ln6550 = specpipeline void @_ssdm_op_SpecPipeline, i32 1, i32 0, i32 0, i32 0, void @empty_11" [/home/x_thileeb/repos/ops-hls-batching-new/OPS/ops/hls/include/device/../../L1/include/ops_hls_datamover.hpp:6550]   --->   Operation 24 'specpipeline' 'specpipeline_ln6550' <Predicate = true> <Delay = 0.00>
ST_2 : Operation 25 [1/1] (0.00ns)   --->   "%speclooptripcount_ln6551 = speclooptripcount void @_ssdm_op_SpecLoopTripCount, i64 1, i64 1024, i64 512" [/home/x_thileeb/repos/ops-hls-batching-new/OPS/ops/hls/include/device/../../L1/include/ops_hls_datamover.hpp:6551]   --->   Operation 25 'speclooptripcount' 'speclooptripcount_ln6551' <Predicate = true> <Delay = 0.00>
ST_2 : Operation 26 [1/1] (0.00ns)   --->   "%specloopname_ln6548 = specloopname void @_ssdm_op_SpecLoopName, void @empty_8" [/home/x_thileeb/repos/ops-hls-batching-new/OPS/ops/hls/include/device/../../L1/include/ops_hls_datamover.hpp:6548]   --->   Operation 26 'specloopname' 'specloopname_ln6548' <Predicate = true> <Delay = 0.00>
ST_2 : Operation 27 [1/1] (1.13ns)   --->   "%write_ln6563 = write void @_ssdm_op_Write.ap_fifo.volatile.i256P0A, i256 %arg1_write_mem_strm_g0_0, i256 %pkt_data_V" [/home/x_thileeb/repos/ops-hls-batching-new/OPS/ops/hls/include/device/../../L1/include/ops_hls_datamover.hpp:6563]   --->   Operation 27 'write' 'write_ln6563' <Predicate = true> <Delay = 1.13> <CoreInst = "FIFO">   --->   Core 78 'FIFO' <Latency = 0> <II = 1> <Delay = 1.13> <Storage> <Opcode : 'read' 'write' 'nbread' 'nbwrite'> <Ports = 0> <Width = 256> <Depth = 16> <FIFO>
ST_2 : Operation 28 [1/1] (1.13ns)   --->   "%write_ln6563 = write void @_ssdm_op_Write.ap_fifo.volatile.i256P0A, i256 %arg1_write_mem_strm_g0_1, i256 %tmp_data_V" [/home/x_thileeb/repos/ops-hls-batching-new/OPS/ops/hls/include/device/../../L1/include/ops_hls_datamover.hpp:6563]   --->   Operation 28 'write' 'write_ln6563' <Predicate = true> <Delay = 1.13> <CoreInst = "FIFO">   --->   Core 78 'FIFO' <Latency = 0> <II = 1> <Delay = 1.13> <Storage> <Opcode : 'read' 'write' 'nbread' 'nbwrite'> <Ports = 0> <Width = 256> <Depth = 16> <FIFO>
ST_2 : Operation 29 [1/1] (0.00ns)   --->   "%br_ln6548 = br void %for.inc" [/home/x_thileeb/repos/ops-hls-batching-new/OPS/ops/hls/include/device/../../L1/include/ops_hls_datamover.hpp:6548]   --->   Operation 29 'br' 'br_ln6548' <Predicate = true> <Delay = 0.00>


============================================================
+ Verbose Summary: Timing violations
============================================================
Target clock period: 3.33ns, clock uncertainty: 0.9ns.

 <State 1>: 1.14ns
The critical path consists of the following:
	'alloca' operation ('x') [12]  (0 ns)
	'load' operation ('x', /home/x_thileeb/repos/ops-hls-batching-new/OPS/ops/hls/include/device/../../L1/include/ops_hls_datamover.hpp:6548) on local variable 'x' [23]  (0 ns)
	'add' operation ('x', /home/x_thileeb/repos/ops-hls-batching-new/OPS/ops/hls/include/device/../../L1/include/ops_hls_datamover.hpp:6548) [25]  (0.755 ns)
	'store' operation ('store_ln6548', /home/x_thileeb/repos/ops-hls-batching-new/OPS/ops/hls/include/device/../../L1/include/ops_hls_datamover.hpp:6548) of variable 'x', /home/x_thileeb/repos/ops-hls-batching-new/OPS/ops/hls/include/device/../../L1/include/ops_hls_datamover.hpp:6548 on local variable 'x' [37]  (0.387 ns)

 <State 2>: 1.14ns
The critical path consists of the following:
	fifo write operation ('write_ln6563', /home/x_thileeb/repos/ops-hls-batching-new/OPS/ops/hls/include/device/../../L1/include/ops_hls_datamover.hpp:6563) on port 'arg1_write_mem_strm_g0_0' (/home/x_thileeb/repos/ops-hls-batching-new/OPS/ops/hls/include/device/../../L1/include/ops_hls_datamover.hpp:6563) [35]  (1.14 ns)


============================================================
+ Verbose Summary: Binding
============================================================
N/A
* FSMD analyzer results:
  - Output states:
 - Input state : 
  - Chain level:
	State 1
	State 2


============================================================
+ Verbose Summary: Datapath Resource usage 
============================================================
N/A
