

================================================================
== Vitis HLS Report for 'axis2streamTileStepup2D_1'
================================================================
* Date:           Tue Aug 11 20:27:57 2026

* Version:        2022.2 (Build 3670227 on Oct 13 2022)
* Project:        datamover_outerloop_0
* Solution:       solution (Vitis Kernel Flow Target)
* Product family: virtexuplus
* Target device:  xcu280-fsvh2892-2L-e


================================================================
== Performance Estimates
================================================================
+ Timing: 
    * Summary: 
    +--------+---------+----------+------------+
    |  Clock |  Target | Estimated| Uncertainty|
    +--------+---------+----------+------------+
    |ap_clk  |  3.33 ns|  1.703 ns|     0.90 ns|
    +--------+---------+----------+------------+

+ Latency: 
    * Summary: 
    +---------+-----------+-----------+-----------+-----+-----------+---------+
    |   Latency (cycles)  |   Latency (absolute)  |     Interval    | Pipeline|
    |   min   |    max    |    min    |    max    | min |    max    |   Type  |
    +---------+-----------+-----------+-----------+-----+-----------+---------+
    |        8|  269484161|  26.664 ns|  0.898 sec|    8|  269484161|       no|
    +---------+-----------+-----------+-----------+-----+-----------+---------+

    + Detail: 
        * Instance: 
        +---------------------------------------------------------+----------------------------------------------+---------+---------+----------+----------+-----+------+---------+
        |                                                         |                                              |  Latency (cycles) |  Latency (absolute) |  Interval  | Pipeline|
        |                         Instance                        |                    Module                    |   min   |   max   |    min   |    max   | min |  max |   Type  |
        +---------------------------------------------------------+----------------------------------------------+---------+---------+----------+----------+-----+------+---------+
        |grp_axis2streamTileStepup2D_1_Pipeline_beat_loop_fu_179  |axis2streamTileStepup2D_1_Pipeline_beat_loop  |        3|     1026|  9.999 ns|  3.420 us|    3|  1026|       no|
        +---------------------------------------------------------+----------------------------------------------+---------+---------+----------+----------+-----+------+---------+

        * Loop: 
        +---------------+---------+-----------+-------------+-----------+-----------+----------+----------+
        |               |   Latency (cycles)  |  Iteration  |  Initiation Interval  |   Trip   |          |
        |   Loop Name   |   min   |    max    |   Latency   |  achieved |   target  |   Count  | Pipelined|
        +---------------+---------+-----------+-------------+-----------+-----------+----------+----------+
        |- tile_x_loop  |        7|  269484160|  7 ~ 4210690|          -|          -|    1 ~ 64|        no|
        | + row_loop    |        5|    4210688|     5 ~ 1028|          -|          -|  1 ~ 4096|        no|
        +---------------+---------+-----------+-------------+-----------+-----------+----------+----------+



================================================================
== Utilization Estimates
================================================================
* Summary: 
+---------------------+---------+------+---------+---------+-----+
|         Name        | BRAM_18K|  DSP |    FF   |   LUT   | URAM|
+---------------------+---------+------+---------+---------+-----+
|DSP                  |        -|     -|        -|        -|    -|
|Expression           |        -|     -|        0|      124|    -|
|FIFO                 |        -|     -|        -|        -|    -|
|Instance             |        -|     -|      528|      112|    -|
|Memory               |        -|     -|        -|        -|    -|
|Multiplexer          |        -|     -|        -|      125|    -|
|Register             |        -|     -|      100|        -|    -|
+---------------------+---------+------+---------+---------+-----+
|Total                |        0|     0|      628|      361|    0|
+---------------------+---------+------+---------+---------+-----+
|Available SLR        |     1344|  3008|   869120|   434560|  320|
+---------------------+---------+------+---------+---------+-----+
|Utilization SLR (%)  |        0|     0|       ~0|       ~0|    0|
+---------------------+---------+------+---------+---------+-----+
|Available            |     4032|  9024|  2607360|  1303680|  960|
+---------------------+---------+------+---------+---------+-----+
|Utilization (%)      |        0|     0|       ~0|       ~0|    0|
+---------------------+---------+------+---------+---------+-----+

+ Detail: 
    * Instance: 
    +---------------------------------------------------------+----------------------------------------------+---------+----+-----+-----+-----+
    |                         Instance                        |                    Module                    | BRAM_18K| DSP|  FF | LUT | URAM|
    +---------------------------------------------------------+----------------------------------------------+---------+----+-----+-----+-----+
    |grp_axis2streamTileStepup2D_1_Pipeline_beat_loop_fu_179  |axis2streamTileStepup2D_1_Pipeline_beat_loop  |        0|   0|  528|  112|    0|
    +---------------------------------------------------------+----------------------------------------------+---------+----+-----+-----+-----+
    |Total                                                    |                                              |        0|   0|  528|  112|    0|
    +---------------------------------------------------------+----------------------------------------------+---------+----+-----+-----+-----+

    * DSP: 
    N/A

    * Memory: 
    N/A

    * FIFO: 
    N/A

    * Expression: 
    +-------------------------+----------+----+---+----+------------+------------+
    |      Variable Name      | Operation| DSP| FF| LUT| Bitwidth P0| Bitwidth P1|
    +-------------------------+----------+----+---+----+------------+------------+
    |add_ln6525_fu_231_p2     |         +|   0|  0|  23|          16|           1|
    |row_7_fu_273_p2          |         +|   0|  0|  23|          16|           1|
    |sub_fu_208_p2            |         +|   0|  0|  24|          17|           2|
    |icmp_ln6525_fu_226_p2    |      icmp|   0|  0|  13|          16|          16|
    |icmp_ln6529_fu_237_p2    |      icmp|   0|  0|  13|          17|          17|
    |icmp_ln6542_fu_268_p2    |      icmp|   0|  0|  13|          16|          16|
    |ap_block_state1          |        or|   0|  0|   2|           1|           1|
    |select_ln6529_fu_260_p3  |    select|   0|  0|  13|           1|          13|
    +-------------------------+----------+----+---+----+------------+------------+
    |Total                    |          |   0|  0| 124|         100|          67|
    +-------------------------+----------+----+---+----+------------+------------+

    * Multiplexer: 
    +---------------------------------------+----+-----------+-----+-----------+
    |                  Name                 | LUT| Input Size| Bits| Total Bits|
    +---------------------------------------+----+-----------+-----+-----------+
    |ap_NS_fsm                              |  26|          5|    1|          5|
    |ap_done                                |   9|          2|    1|          2|
    |arg1_4_axis_in_TREADY                  |   9|          2|    1|          2|
    |arg1_5_axis_in_TREADY                  |   9|          2|    1|          2|
    |arg1_write_mem_strm_g2_0_write         |   9|          2|    1|          2|
    |arg1_write_mem_strm_g2_1_write         |   9|          2|    1|          2|
    |memconfig_grid_size_y_c93_blk_n        |   9|          2|    1|          2|
    |memconfig_last_tile_size_x_c120_blk_n  |   9|          2|    1|          2|
    |memconfig_tile_count_x_c100_blk_n      |   9|          2|    1|          2|
    |memconfig_tile_size_x_c107_blk_n       |   9|          2|    1|          2|
    |row_reg_168                            |   9|          2|   16|         32|
    |tile_x_fu_108                          |   9|          2|   16|         32|
    +---------------------------------------+----+-----------+-----+-----------+
    |Total                                  | 125|         27|   42|         87|
    +---------------------------------------+----+-----------+-----+-----------+

    * Register: 
    +----------------------------------------------------------------------+----+----+-----+-----------+
    |                                 Name                                 | FF | LUT| Bits| Const Bits|
    +----------------------------------------------------------------------+----+----+-----+-----------+
    |add_ln6525_reg_318                                                    |  16|   0|   16|          0|
    |ap_CS_fsm                                                             |   4|   0|    4|          0|
    |ap_done_reg                                                           |   1|   0|    1|          0|
    |grp_axis2streamTileStepup2D_1_Pipeline_beat_loop_fu_179_ap_start_reg  |   1|   0|    1|          0|
    |row_7_reg_331                                                         |  16|   0|   16|          0|
    |row_reg_168                                                           |  16|   0|   16|          0|
    |select_ln6529_reg_323                                                 |  13|   0|   13|          0|
    |sub_reg_310                                                           |  17|   0|   17|          0|
    |tile_x_fu_108                                                         |  16|   0|   16|          0|
    +----------------------------------------------------------------------+----+----+-----+-----------+
    |Total                                                                 | 100|   0|  100|          0|
    +----------------------------------------------------------------------+----+----+-----+-----------+



================================================================
== Interface
================================================================
* Summary: 
+------------------------------------------------+-----+-----+------------+---------------------------------+--------------+
|                    RTL Ports                   | Dir | Bits|  Protocol  |          Source Object          |    C Type    |
+------------------------------------------------+-----+-----+------------+---------------------------------+--------------+
|ap_clk                                          |   in|    1|  ap_ctrl_hs|        axis2streamTileStepup2D.1|  return value|
|ap_rst                                          |   in|    1|  ap_ctrl_hs|        axis2streamTileStepup2D.1|  return value|
|ap_start                                        |   in|    1|  ap_ctrl_hs|        axis2streamTileStepup2D.1|  return value|
|ap_done                                         |  out|    1|  ap_ctrl_hs|        axis2streamTileStepup2D.1|  return value|
|ap_continue                                     |   in|    1|  ap_ctrl_hs|        axis2streamTileStepup2D.1|  return value|
|ap_idle                                         |  out|    1|  ap_ctrl_hs|        axis2streamTileStepup2D.1|  return value|
|ap_ready                                        |  out|    1|  ap_ctrl_hs|        axis2streamTileStepup2D.1|  return value|
|arg1_write_mem_strm_g2_0_din                    |  out|  256|     ap_fifo|         arg1_write_mem_strm_g2_0|       pointer|
|arg1_write_mem_strm_g2_0_num_data_valid         |   in|    5|     ap_fifo|         arg1_write_mem_strm_g2_0|       pointer|
|arg1_write_mem_strm_g2_0_fifo_cap               |   in|    5|     ap_fifo|         arg1_write_mem_strm_g2_0|       pointer|
|arg1_write_mem_strm_g2_0_full_n                 |   in|    1|     ap_fifo|         arg1_write_mem_strm_g2_0|       pointer|
|arg1_write_mem_strm_g2_0_write                  |  out|    1|     ap_fifo|         arg1_write_mem_strm_g2_0|       pointer|
|arg1_write_mem_strm_g2_1_din                    |  out|  256|     ap_fifo|         arg1_write_mem_strm_g2_1|       pointer|
|arg1_write_mem_strm_g2_1_num_data_valid         |   in|    5|     ap_fifo|         arg1_write_mem_strm_g2_1|       pointer|
|arg1_write_mem_strm_g2_1_fifo_cap               |   in|    5|     ap_fifo|         arg1_write_mem_strm_g2_1|       pointer|
|arg1_write_mem_strm_g2_1_full_n                 |   in|    1|     ap_fifo|         arg1_write_mem_strm_g2_1|       pointer|
|arg1_write_mem_strm_g2_1_write                  |  out|    1|     ap_fifo|         arg1_write_mem_strm_g2_1|       pointer|
|p_read                                          |   in|   16|     ap_none|                           p_read|        scalar|
|p_read1                                         |   in|   16|     ap_none|                          p_read1|        scalar|
|p_read2                                         |   in|   16|     ap_none|                          p_read2|        scalar|
|p_read3                                         |   in|   16|     ap_none|                          p_read3|        scalar|
|arg1_4_axis_in_TDATA                            |   in|  256|        axis|          arg1_4_axis_in_V_data_V|       pointer|
|arg1_4_axis_in_TVALID                           |   in|    1|        axis|          arg1_4_axis_in_V_last_V|       pointer|
|arg1_4_axis_in_TREADY                           |  out|    1|        axis|          arg1_4_axis_in_V_last_V|       pointer|
|arg1_4_axis_in_TLAST                            |   in|    1|        axis|          arg1_4_axis_in_V_last_V|       pointer|
|arg1_4_axis_in_TKEEP                            |   in|   32|        axis|          arg1_4_axis_in_V_keep_V|       pointer|
|arg1_4_axis_in_TSTRB                            |   in|   32|        axis|          arg1_4_axis_in_V_strb_V|       pointer|
|arg1_5_axis_in_TDATA                            |   in|  256|        axis|          arg1_5_axis_in_V_data_V|       pointer|
|arg1_5_axis_in_TVALID                           |   in|    1|        axis|          arg1_5_axis_in_V_last_V|       pointer|
|arg1_5_axis_in_TREADY                           |  out|    1|        axis|          arg1_5_axis_in_V_last_V|       pointer|
|arg1_5_axis_in_TLAST                            |   in|    1|        axis|          arg1_5_axis_in_V_last_V|       pointer|
|arg1_5_axis_in_TKEEP                            |   in|   32|        axis|          arg1_5_axis_in_V_keep_V|       pointer|
|arg1_5_axis_in_TSTRB                            |   in|   32|        axis|          arg1_5_axis_in_V_strb_V|       pointer|
|memconfig_grid_size_y_c93_din                   |  out|   16|     ap_fifo|        memconfig_grid_size_y_c93|       pointer|
|memconfig_grid_size_y_c93_num_data_valid        |   in|    2|     ap_fifo|        memconfig_grid_size_y_c93|       pointer|
|memconfig_grid_size_y_c93_fifo_cap              |   in|    2|     ap_fifo|        memconfig_grid_size_y_c93|       pointer|
|memconfig_grid_size_y_c93_full_n                |   in|    1|     ap_fifo|        memconfig_grid_size_y_c93|       pointer|
|memconfig_grid_size_y_c93_write                 |  out|    1|     ap_fifo|        memconfig_grid_size_y_c93|       pointer|
|memconfig_tile_count_x_c100_din                 |  out|   16|     ap_fifo|      memconfig_tile_count_x_c100|       pointer|
|memconfig_tile_count_x_c100_num_data_valid      |   in|    2|     ap_fifo|      memconfig_tile_count_x_c100|       pointer|
|memconfig_tile_count_x_c100_fifo_cap            |   in|    2|     ap_fifo|      memconfig_tile_count_x_c100|       pointer|
|memconfig_tile_count_x_c100_full_n              |   in|    1|     ap_fifo|      memconfig_tile_count_x_c100|       pointer|
|memconfig_tile_count_x_c100_write               |  out|    1|     ap_fifo|      memconfig_tile_count_x_c100|       pointer|
|memconfig_tile_size_x_c107_din                  |  out|   16|     ap_fifo|       memconfig_tile_size_x_c107|       pointer|
|memconfig_tile_size_x_c107_num_data_valid       |   in|    2|     ap_fifo|       memconfig_tile_size_x_c107|       pointer|
|memconfig_tile_size_x_c107_fifo_cap             |   in|    2|     ap_fifo|       memconfig_tile_size_x_c107|       pointer|
|memconfig_tile_size_x_c107_full_n               |   in|    1|     ap_fifo|       memconfig_tile_size_x_c107|       pointer|
|memconfig_tile_size_x_c107_write                |  out|    1|     ap_fifo|       memconfig_tile_size_x_c107|       pointer|
|memconfig_last_tile_size_x_c120_din             |  out|   16|     ap_fifo|  memconfig_last_tile_size_x_c120|       pointer|
|memconfig_last_tile_size_x_c120_num_data_valid  |   in|    2|     ap_fifo|  memconfig_last_tile_size_x_c120|       pointer|
|memconfig_last_tile_size_x_c120_fifo_cap        |   in|    2|     ap_fifo|  memconfig_last_tile_size_x_c120|       pointer|
|memconfig_last_tile_size_x_c120_full_n          |   in|    1|     ap_fifo|  memconfig_last_tile_size_x_c120|       pointer|
|memconfig_last_tile_size_x_c120_write           |  out|    1|     ap_fifo|  memconfig_last_tile_size_x_c120|       pointer|
+------------------------------------------------+-----+-----+------------+---------------------------------+--------------+

============================================================
+ Verbose Summary: Synthesis Manager
============================================================
InlineROM: 1
ExposeGlobal: 0
============================================================
+ Verbose Summary: CDFG Model
============================================================
IsTopModel: 0
ResetActiveHigh: 1
IsCombinational: 2
IsDatapathOnly: 0
HasWiredReturn: 1
HasMFsm: 0
HasVarLatency: 1
IsPipeline: 0
IsRtlPipelined: 0
IsInstanceOverlapped: 0
IsDontTouch: 0
HasImplIP: 0
IsGatedGlobalClock: 0


============================================================
+ Verbose Summary: Schedule
============================================================
* Number of FSM states : 4
* Pipeline : 0
* Dataflow Pipeline: 0

* FSM state transitions: 
1 --> 2 
2 --> 3 
3 --> 4 2 
4 --> 3 

* FSM state operations: 

State 1 <SV = 0> <Delay = 1.21>
ST_1 : Operation 5 [1/1] (0.00ns)   --->   "%tile_x = alloca i32 1"   --->   Operation 5 'alloca' 'tile_x' <Predicate = true> <Delay = 0.00>
ST_1 : Operation 6 [1/1] (0.00ns)   --->   "%specinterface_ln0 = specinterface void @_ssdm_op_SpecInterface, i16 %memconfig_last_tile_size_x_c120, void @ap_fifo_str, i32 0, i32 0, void @p_str, i32 0, i32 0, void @p_str, void @p_str, void @p_str, i32 2, i32 2, i32 16, i32 16, void @p_str, void @ScalarProp_str, i32 4294967295, i32 0"   --->   Operation 6 'specinterface' 'specinterface_ln0' <Predicate = true> <Delay = 0.00>
ST_1 : Operation 7 [1/1] (0.00ns)   --->   "%p_read37 = read i16 @_ssdm_op_Read.ap_auto.i16, i16 %p_read3"   --->   Operation 7 'read' 'p_read37' <Predicate = true> <Delay = 0.00>
ST_1 : Operation 8 [1/1] (0.00ns)   --->   "%p_read26 = read i16 @_ssdm_op_Read.ap_auto.i16, i16 %p_read2"   --->   Operation 8 'read' 'p_read26' <Predicate = true> <Delay = 0.00>
ST_1 : Operation 9 [1/1] (0.00ns)   --->   "%p_read15 = read i16 @_ssdm_op_Read.ap_auto.i16, i16 %p_read1"   --->   Operation 9 'read' 'p_read15' <Predicate = true> <Delay = 0.00>
ST_1 : Operation 10 [1/1] (0.00ns)   --->   "%p_read_23 = read i16 @_ssdm_op_Read.ap_auto.i16, i16 %p_read"   --->   Operation 10 'read' 'p_read_23' <Predicate = true> <Delay = 0.00>
ST_1 : Operation 11 [1/1] (1.21ns)   --->   "%write_ln0 = write void @_ssdm_op_Write.ap_fifo.i16P0A, i16 %memconfig_last_tile_size_x_c120, i16 %p_read37"   --->   Operation 11 'write' 'write_ln0' <Predicate = true> <Delay = 1.21> <CoreInst = "FIFO_SRL">   --->   Core 81 'FIFO_SRL' <Latency = 0> <II = 1> <Delay = 1.34> <Storage> <Opcode : 'read' 'write' 'nbread' 'nbwrite'> <Ports = 0> <Width = 16> <Depth = 2> <FIFO>
ST_1 : Operation 12 [1/1] (0.00ns)   --->   "%specinterface_ln0 = specinterface void @_ssdm_op_SpecInterface, i16 %memconfig_tile_size_x_c107, void @ap_fifo_str, i32 0, i32 0, void @p_str, i32 0, i32 0, void @p_str, void @p_str, void @p_str, i32 2, i32 2, i32 16, i32 16, void @p_str, void @ScalarProp_str, i32 4294967295, i32 0"   --->   Operation 12 'specinterface' 'specinterface_ln0' <Predicate = true> <Delay = 0.00>
ST_1 : Operation 13 [1/1] (1.21ns)   --->   "%write_ln0 = write void @_ssdm_op_Write.ap_fifo.i16P0A, i16 %memconfig_tile_size_x_c107, i16 %p_read26"   --->   Operation 13 'write' 'write_ln0' <Predicate = true> <Delay = 1.21> <CoreInst = "FIFO_SRL">   --->   Core 81 'FIFO_SRL' <Latency = 0> <II = 1> <Delay = 1.34> <Storage> <Opcode : 'read' 'write' 'nbread' 'nbwrite'> <Ports = 0> <Width = 16> <Depth = 2> <FIFO>
ST_1 : Operation 14 [1/1] (0.00ns)   --->   "%specinterface_ln0 = specinterface void @_ssdm_op_SpecInterface, i16 %memconfig_tile_count_x_c100, void @ap_fifo_str, i32 0, i32 0, void @p_str, i32 0, i32 0, void @p_str, void @p_str, void @p_str, i32 2, i32 2, i32 16, i32 16, void @p_str, void @ScalarProp_str, i32 4294967295, i32 0"   --->   Operation 14 'specinterface' 'specinterface_ln0' <Predicate = true> <Delay = 0.00>
ST_1 : Operation 15 [1/1] (1.21ns)   --->   "%write_ln0 = write void @_ssdm_op_Write.ap_fifo.i16P0A, i16 %memconfig_tile_count_x_c100, i16 %p_read15"   --->   Operation 15 'write' 'write_ln0' <Predicate = true> <Delay = 1.21> <CoreInst = "FIFO_SRL">   --->   Core 81 'FIFO_SRL' <Latency = 0> <II = 1> <Delay = 1.34> <Storage> <Opcode : 'read' 'write' 'nbread' 'nbwrite'> <Ports = 0> <Width = 16> <Depth = 2> <FIFO>
ST_1 : Operation 16 [1/1] (0.00ns)   --->   "%specinterface_ln0 = specinterface void @_ssdm_op_SpecInterface, i16 %memconfig_grid_size_y_c93, void @ap_fifo_str, i32 0, i32 0, void @p_str, i32 0, i32 0, void @p_str, void @p_str, void @p_str, i32 2, i32 2, i32 16, i32 16, void @p_str, void @ScalarProp_str, i32 4294967295, i32 0"   --->   Operation 16 'specinterface' 'specinterface_ln0' <Predicate = true> <Delay = 0.00>
ST_1 : Operation 17 [1/1] (1.21ns)   --->   "%write_ln0 = write void @_ssdm_op_Write.ap_fifo.i16P0A, i16 %memconfig_grid_size_y_c93, i16 %p_read_23"   --->   Operation 17 'write' 'write_ln0' <Predicate = true> <Delay = 1.21> <CoreInst = "FIFO_SRL">   --->   Core 81 'FIFO_SRL' <Latency = 0> <II = 1> <Delay = 1.34> <Storage> <Opcode : 'read' 'write' 'nbread' 'nbwrite'> <Ports = 0> <Width = 16> <Depth = 2> <FIFO>
ST_1 : Operation 18 [1/1] (0.00ns)   --->   "%specaxissidechannel_ln0 = specaxissidechannel void @_ssdm_op_SpecAXISSideChannel, i256 %arg1_5_axis_in_V_data_V, i32 %arg1_5_axis_in_V_keep_V, i32 %arg1_5_axis_in_V_strb_V, i1 0, i1 %arg1_5_axis_in_V_last_V, i1 0, i1 0, void @empty_35"   --->   Operation 18 'specaxissidechannel' 'specaxissidechannel_ln0' <Predicate = true> <Delay = 0.00>
ST_1 : Operation 19 [1/1] (0.00ns)   --->   "%specaxissidechannel_ln0 = specaxissidechannel void @_ssdm_op_SpecAXISSideChannel, i256 %arg1_4_axis_in_V_data_V, i32 %arg1_4_axis_in_V_keep_V, i32 %arg1_4_axis_in_V_strb_V, i1 0, i1 %arg1_4_axis_in_V_last_V, i1 0, i1 0, void @empty_24"   --->   Operation 19 'specaxissidechannel' 'specaxissidechannel_ln0' <Predicate = true> <Delay = 0.00>
ST_1 : Operation 20 [1/1] (0.00ns)   --->   "%specinterface_ln0 = specinterface void @_ssdm_op_SpecInterface, i256 %arg1_write_mem_strm_g2_1, void @empty_42, i32 0, i32 0, void @empty_11, i32 0, i32 0, void @empty_11, void @empty_11, void @empty_11, i32 0, i32 0, i32 0, i32 0, void @empty_11, void @empty_11, i32 4294967295, i32 0"   --->   Operation 20 'specinterface' 'specinterface_ln0' <Predicate = true> <Delay = 0.00>
ST_1 : Operation 21 [1/1] (0.00ns)   --->   "%specinterface_ln0 = specinterface void @_ssdm_op_SpecInterface, i256 %arg1_write_mem_strm_g2_0, void @empty_42, i32 0, i32 0, void @empty_11, i32 0, i32 0, void @empty_11, void @empty_11, void @empty_11, i32 0, i32 0, i32 0, i32 0, void @empty_11, void @empty_11, i32 4294967295, i32 0"   --->   Operation 21 'specinterface' 'specinterface_ln0' <Predicate = true> <Delay = 0.00>
ST_1 : Operation 22 [1/1] (0.00ns)   --->   "%specinterface_ln0 = specinterface void @_ssdm_op_SpecInterface, i256 %arg1_4_axis_in_V_data_V, i32 %arg1_4_axis_in_V_keep_V, i32 %arg1_4_axis_in_V_strb_V, i1 %arg1_4_axis_in_V_last_V, void @empty_28, i32 0, i32 0, void @empty_38, i32 0, i32 0, void @empty_11, void @empty_11, void @empty_11, i32 0, i32 0, i32 0, i32 0, void @empty_11, void @empty_11, i32 4294967295, i32 0"   --->   Operation 22 'specinterface' 'specinterface_ln0' <Predicate = true> <Delay = 0.00>
ST_1 : Operation 23 [1/1] (0.00ns)   --->   "%specinterface_ln0 = specinterface void @_ssdm_op_SpecInterface, i256 %arg1_5_axis_in_V_data_V, i32 %arg1_5_axis_in_V_keep_V, i32 %arg1_5_axis_in_V_strb_V, i1 %arg1_5_axis_in_V_last_V, void @empty_28, i32 0, i32 0, void @empty_38, i32 0, i32 0, void @empty_11, void @empty_11, void @empty_11, i32 0, i32 0, i32 0, i32 0, void @empty_11, void @empty_11, i32 4294967295, i32 0"   --->   Operation 23 'specinterface' 'specinterface_ln0' <Predicate = true> <Delay = 0.00>
ST_1 : Operation 24 [1/1] (0.00ns)   --->   "%config_tile_count_x_load_cast = zext i16 %p_read15"   --->   Operation 24 'zext' 'config_tile_count_x_load_cast' <Predicate = true> <Delay = 0.00>
ST_1 : Operation 25 [1/1] (0.78ns)   --->   "%sub = add i17 %config_tile_count_x_load_cast, i17 131071"   --->   Operation 25 'add' 'sub' <Predicate = true> <Delay = 0.78> <CoreInst = "Adder">   --->   Core 1 'Adder' <Latency = 0> <II = 1> <Delay = 0.79> <FuncUnit> <Opcode : 'add' 'sub'> <InPorts = 2> <OutPorts = 1>
ST_1 : Operation 26 [1/1] (0.38ns)   --->   "%store_ln6525 = store i16 0, i16 %tile_x" [/home/x_thileeb/repos/ops-hls-batching-new/OPS/ops/hls/include/device/../../L1/include/ops_hls_datamover.hpp:6525]   --->   Operation 26 'store' 'store_ln6525' <Predicate = true> <Delay = 0.38>
ST_1 : Operation 27 [1/1] (0.00ns)   --->   "%br_ln6525 = br void %for.body" [/home/x_thileeb/repos/ops-hls-batching-new/OPS/ops/hls/include/device/../../L1/include/ops_hls_datamover.hpp:6525]   --->   Operation 27 'br' 'br_ln6525' <Predicate = true> <Delay = 0.00>

State 2 <SV = 1> <Delay = 1.00>
ST_2 : Operation 28 [1/1] (0.00ns)   --->   "%tile_x_15 = load i16 %tile_x" [/home/x_thileeb/repos/ops-hls-batching-new/OPS/ops/hls/include/device/../../L1/include/ops_hls_datamover.hpp:6525]   --->   Operation 28 'load' 'tile_x_15' <Predicate = true> <Delay = 0.00>
ST_2 : Operation 29 [1/1] (0.00ns)   --->   "%zext_ln6525 = zext i16 %tile_x_15" [/home/x_thileeb/repos/ops-hls-batching-new/OPS/ops/hls/include/device/../../L1/include/ops_hls_datamover.hpp:6525]   --->   Operation 29 'zext' 'zext_ln6525' <Predicate = true> <Delay = 0.00>
ST_2 : Operation 30 [1/1] (0.67ns)   --->   "%icmp_ln6525 = icmp_eq  i16 %tile_x_15, i16 %p_read15" [/home/x_thileeb/repos/ops-hls-batching-new/OPS/ops/hls/include/device/../../L1/include/ops_hls_datamover.hpp:6525]   --->   Operation 30 'icmp' 'icmp_ln6525' <Predicate = true> <Delay = 0.67> <CoreInst = "Cmp">   --->   Core 9 'Cmp' <Latency = 0> <II = 1> <Delay = 0.67> <FuncUnit> <Opcode : 'icmp'> <InPorts = 2> <OutPorts = 1>
ST_2 : Operation 31 [1/1] (0.78ns)   --->   "%add_ln6525 = add i16 %tile_x_15, i16 1" [/home/x_thileeb/repos/ops-hls-batching-new/OPS/ops/hls/include/device/../../L1/include/ops_hls_datamover.hpp:6525]   --->   Operation 31 'add' 'add_ln6525' <Predicate = true> <Delay = 0.78> <CoreInst = "Adder">   --->   Core 1 'Adder' <Latency = 0> <II = 1> <Delay = 0.78> <FuncUnit> <Opcode : 'add' 'sub'> <InPorts = 2> <OutPorts = 1>
ST_2 : Operation 32 [1/1] (0.00ns)   --->   "%br_ln6525 = br i1 %icmp_ln6525, void %for.body.split, void %for.end40.loopexit" [/home/x_thileeb/repos/ops-hls-batching-new/OPS/ops/hls/include/device/../../L1/include/ops_hls_datamover.hpp:6525]   --->   Operation 32 'br' 'br_ln6525' <Predicate = true> <Delay = 0.00>
ST_2 : Operation 33 [1/1] (0.00ns)   --->   "%speclooptripcount_ln6527 = speclooptripcount void @_ssdm_op_SpecLoopTripCount, i64 1, i64 64, i64 32" [/home/x_thileeb/repos/ops-hls-batching-new/OPS/ops/hls/include/device/../../L1/include/ops_hls_datamover.hpp:6527]   --->   Operation 33 'speclooptripcount' 'speclooptripcount_ln6527' <Predicate = (!icmp_ln6525)> <Delay = 0.00>
ST_2 : Operation 34 [1/1] (0.00ns)   --->   "%specloopname_ln6525 = specloopname void @_ssdm_op_SpecLoopName, void @empty_19" [/home/x_thileeb/repos/ops-hls-batching-new/OPS/ops/hls/include/device/../../L1/include/ops_hls_datamover.hpp:6525]   --->   Operation 34 'specloopname' 'specloopname_ln6525' <Predicate = (!icmp_ln6525)> <Delay = 0.00>
ST_2 : Operation 35 [1/1] (0.68ns)   --->   "%icmp_ln6529 = icmp_eq  i17 %sub, i17 %zext_ln6525" [/home/x_thileeb/repos/ops-hls-batching-new/OPS/ops/hls/include/device/../../L1/include/ops_hls_datamover.hpp:6529]   --->   Operation 35 'icmp' 'icmp_ln6529' <Predicate = (!icmp_ln6525)> <Delay = 0.68> <CoreInst = "Cmp">   --->   Core 9 'Cmp' <Latency = 0> <II = 1> <Delay = 0.68> <FuncUnit> <Opcode : 'icmp'> <InPorts = 2> <OutPorts = 1>
ST_2 : Operation 36 [1/1] (0.00ns)   --->   "%tmp = partselect i13 @_ssdm_op_PartSelect.i13.i16.i32.i32, i16 %p_read37, i32 3, i32 15" [/home/x_thileeb/repos/ops-hls-batching-new/OPS/ops/hls/include/device/../../L1/include/ops_hls_datamover.hpp:6533]   --->   Operation 36 'partselect' 'tmp' <Predicate = (!icmp_ln6525)> <Delay = 0.00>
ST_2 : Operation 37 [1/1] (0.00ns)   --->   "%tmp_7 = partselect i13 @_ssdm_op_PartSelect.i13.i16.i32.i32, i16 %p_read26, i32 3, i32 15" [/home/x_thileeb/repos/ops-hls-batching-new/OPS/ops/hls/include/device/../../L1/include/ops_hls_datamover.hpp:6533]   --->   Operation 37 'partselect' 'tmp_7' <Predicate = (!icmp_ln6525)> <Delay = 0.00>
ST_2 : Operation 38 [1/1] (0.32ns)   --->   "%select_ln6529 = select i1 %icmp_ln6529, i13 %tmp, i13 %tmp_7" [/home/x_thileeb/repos/ops-hls-batching-new/OPS/ops/hls/include/device/../../L1/include/ops_hls_datamover.hpp:6529]   --->   Operation 38 'select' 'select_ln6529' <Predicate = (!icmp_ln6525)> <Delay = 0.32> <CoreInst = "Sel">   --->   Core 73 'Sel' <Latency = 0> <II = 1> <Delay = 0.32> <FuncUnit> <Opcode : 'select'> <InPorts = 3> <OutPorts = 1>
ST_2 : Operation 39 [1/1] (0.38ns)   --->   "%br_ln6542 = br void %beat_loop" [/home/x_thileeb/repos/ops-hls-batching-new/OPS/ops/hls/include/device/../../L1/include/ops_hls_datamover.hpp:6542]   --->   Operation 39 'br' 'br_ln6542' <Predicate = (!icmp_ln6525)> <Delay = 0.38>
ST_2 : Operation 40 [1/1] (0.00ns)   --->   "%ret_ln6580 = ret" [/home/x_thileeb/repos/ops-hls-batching-new/OPS/ops/hls/include/device/../../L1/include/ops_hls_datamover.hpp:6580]   --->   Operation 40 'ret' 'ret_ln6580' <Predicate = (icmp_ln6525)> <Delay = 0.00>

State 3 <SV = 2> <Delay = 1.70>
ST_3 : Operation 41 [1/1] (0.00ns)   --->   "%row = phi i16 0, void %for.body.split, i16 %row_7, void %beat_loop.split"   --->   Operation 41 'phi' 'row' <Predicate = true> <Delay = 0.00>
ST_3 : Operation 42 [1/1] (0.67ns)   --->   "%icmp_ln6542 = icmp_eq  i16 %row, i16 %p_read_23" [/home/x_thileeb/repos/ops-hls-batching-new/OPS/ops/hls/include/device/../../L1/include/ops_hls_datamover.hpp:6542]   --->   Operation 42 'icmp' 'icmp_ln6542' <Predicate = true> <Delay = 0.67> <CoreInst = "Cmp">   --->   Core 9 'Cmp' <Latency = 0> <II = 1> <Delay = 0.67> <FuncUnit> <Opcode : 'icmp'> <InPorts = 2> <OutPorts = 1>
ST_3 : Operation 43 [1/1] (0.78ns)   --->   "%row_7 = add i16 %row, i16 1" [/home/x_thileeb/repos/ops-hls-batching-new/OPS/ops/hls/include/device/../../L1/include/ops_hls_datamover.hpp:6542]   --->   Operation 43 'add' 'row_7' <Predicate = true> <Delay = 0.78> <CoreInst = "Adder">   --->   Core 1 'Adder' <Latency = 0> <II = 1> <Delay = 0.78> <FuncUnit> <Opcode : 'add' 'sub'> <InPorts = 2> <OutPorts = 1>
ST_3 : Operation 44 [1/1] (0.00ns)   --->   "%br_ln6542 = br i1 %icmp_ln6542, void %beat_loop.split, void %for.inc38.loopexit" [/home/x_thileeb/repos/ops-hls-batching-new/OPS/ops/hls/include/device/../../L1/include/ops_hls_datamover.hpp:6542]   --->   Operation 44 'br' 'br_ln6542' <Predicate = true> <Delay = 0.00>
ST_3 : Operation 45 [1/1] (0.00ns)   --->   "%empty = wait i32 @_ssdm_op_Wait"   --->   Operation 45 'wait' 'empty' <Predicate = (!icmp_ln6542)> <Delay = 0.00>
ST_3 : Operation 46 [2/2] (1.02ns)   --->   "%call_ln6529 = call void @axis2streamTileStepup2D.1_Pipeline_beat_loop, i13 %select_ln6529, i256 %arg1_4_axis_in_V_data_V, i32 %arg1_4_axis_in_V_keep_V, i32 %arg1_4_axis_in_V_strb_V, i1 %arg1_4_axis_in_V_last_V, i256 %arg1_5_axis_in_V_data_V, i32 %arg1_5_axis_in_V_keep_V, i32 %arg1_5_axis_in_V_strb_V, i1 %arg1_5_axis_in_V_last_V, i256 %arg1_write_mem_strm_g2_0, i256 %arg1_write_mem_strm_g2_1" [/home/x_thileeb/repos/ops-hls-batching-new/OPS/ops/hls/include/device/../../L1/include/ops_hls_datamover.hpp:6529]   --->   Operation 46 'call' 'call_ln6529' <Predicate = (!icmp_ln6542)> <Delay = 1.02> <CoreType = "Generic">   --->   Core 0 '' <Latency = 0> <II = 1> <Delay = 1.00> <Generic> <Opcode : >
ST_3 : Operation 47 [1/1] (0.38ns)   --->   "%store_ln6525 = store i16 %add_ln6525, i16 %tile_x" [/home/x_thileeb/repos/ops-hls-batching-new/OPS/ops/hls/include/device/../../L1/include/ops_hls_datamover.hpp:6525]   --->   Operation 47 'store' 'store_ln6525' <Predicate = (icmp_ln6542)> <Delay = 0.38>
ST_3 : Operation 48 [1/1] (0.00ns)   --->   "%br_ln6525 = br void %for.body" [/home/x_thileeb/repos/ops-hls-batching-new/OPS/ops/hls/include/device/../../L1/include/ops_hls_datamover.hpp:6525]   --->   Operation 48 'br' 'br_ln6525' <Predicate = (icmp_ln6542)> <Delay = 0.00>

State 4 <SV = 3> <Delay = 0.00>
ST_4 : Operation 49 [1/1] (0.00ns)   --->   "%speclooptripcount_ln6544 = speclooptripcount void @_ssdm_op_SpecLoopTripCount, i64 1, i64 4096, i64 2048" [/home/x_thileeb/repos/ops-hls-batching-new/OPS/ops/hls/include/device/../../L1/include/ops_hls_datamover.hpp:6544]   --->   Operation 49 'speclooptripcount' 'speclooptripcount_ln6544' <Predicate = true> <Delay = 0.00>
ST_4 : Operation 50 [1/1] (0.00ns)   --->   "%specloopname_ln6542 = specloopname void @_ssdm_op_SpecLoopName, void @empty_9" [/home/x_thileeb/repos/ops-hls-batching-new/OPS/ops/hls/include/device/../../L1/include/ops_hls_datamover.hpp:6542]   --->   Operation 50 'specloopname' 'specloopname_ln6542' <Predicate = true> <Delay = 0.00>
ST_4 : Operation 51 [1/2] (0.00ns)   --->   "%call_ln6529 = call void @axis2streamTileStepup2D.1_Pipeline_beat_loop, i13 %select_ln6529, i256 %arg1_4_axis_in_V_data_V, i32 %arg1_4_axis_in_V_keep_V, i32 %arg1_4_axis_in_V_strb_V, i1 %arg1_4_axis_in_V_last_V, i256 %arg1_5_axis_in_V_data_V, i32 %arg1_5_axis_in_V_keep_V, i32 %arg1_5_axis_in_V_strb_V, i1 %arg1_5_axis_in_V_last_V, i256 %arg1_write_mem_strm_g2_0, i256 %arg1_write_mem_strm_g2_1" [/home/x_thileeb/repos/ops-hls-batching-new/OPS/ops/hls/include/device/../../L1/include/ops_hls_datamover.hpp:6529]   --->   Operation 51 'call' 'call_ln6529' <Predicate = true> <Delay = 0.00> <CoreType = "Generic">   --->   Core 0 '' <Latency = 0> <II = 1> <Delay = 1.00> <Generic> <Opcode : >
ST_4 : Operation 52 [1/1] (0.00ns)   --->   "%br_ln6542 = br void %beat_loop" [/home/x_thileeb/repos/ops-hls-batching-new/OPS/ops/hls/include/device/../../L1/include/ops_hls_datamover.hpp:6542]   --->   Operation 52 'br' 'br_ln6542' <Predicate = true> <Delay = 0.00>


============================================================
+ Verbose Summary: Binding
============================================================
STG Binding: 
---------------- STG Properties BEGIN ----------------
- Is combinational: 0
- Is one-state seq: 0
- Is datapath-only: 0
- Is pipelined: 0
- Is top level: 0
Port [ Return ] is wired: 1; IO mode=ap_ctrl_hs:ce=0
Port [ arg1_write_mem_strm_g2_0]:  wired=1; compound=1; hidden=0; nouse=0; global=0; static=0; extern=0; dir=1; type=3; pingpong=0; private_global=0; IO mode=ap_fifo:ce=0
Port [ arg1_write_mem_strm_g2_1]:  wired=1; compound=1; hidden=0; nouse=0; global=0; static=0; extern=0; dir=1; type=3; pingpong=0; private_global=0; IO mode=ap_fifo:ce=0
Port [ p_read]:  wired=1; compound=0; hidden=0; nouse=0; global=0; static=0; extern=0; dir=0; type=0; pingpong=0; private_global=0; IO mode=ap_none:ce=0
Port [ p_read1]:  wired=1; compound=0; hidden=0; nouse=0; global=0; static=0; extern=0; dir=0; type=0; pingpong=0; private_global=0; IO mode=ap_none:ce=0
Port [ p_read2]:  wired=1; compound=0; hidden=0; nouse=0; global=0; static=0; extern=0; dir=0; type=0; pingpong=0; private_global=0; IO mode=ap_none:ce=0
Port [ p_read3]:  wired=1; compound=0; hidden=0; nouse=0; global=0; static=0; extern=0; dir=0; type=0; pingpong=0; private_global=0; IO mode=ap_none:ce=0
Port [ arg1_4_axis_in_V_data_V]:  wired=1; compound=1; hidden=0; nouse=0; global=0; static=0; extern=0; dir=0; type=0; pingpong=0; private_global=0; IO mode=axis:ce=0
Port [ arg1_4_axis_in_V_keep_V]:  wired=1; compound=1; hidden=0; nouse=0; global=0; static=0; extern=0; dir=0; type=0; pingpong=0; private_global=0; IO mode=axis:ce=0
Port [ arg1_4_axis_in_V_strb_V]:  wired=1; compound=1; hidden=0; nouse=0; global=0; static=0; extern=0; dir=0; type=0; pingpong=0; private_global=0; IO mode=axis:ce=0
Port [ arg1_4_axis_in_V_last_V]:  wired=1; compound=1; hidden=0; nouse=0; global=0; static=0; extern=0; dir=0; type=0; pingpong=0; private_global=0; IO mode=axis:ce=0
Port [ arg1_5_axis_in_V_data_V]:  wired=1; compound=1; hidden=0; nouse=0; global=0; static=0; extern=0; dir=0; type=0; pingpong=0; private_global=0; IO mode=axis:ce=0
Port [ arg1_5_axis_in_V_keep_V]:  wired=1; compound=1; hidden=0; nouse=0; global=0; static=0; extern=0; dir=0; type=0; pingpong=0; private_global=0; IO mode=axis:ce=0
Port [ arg1_5_axis_in_V_strb_V]:  wired=1; compound=1; hidden=0; nouse=0; global=0; static=0; extern=0; dir=0; type=0; pingpong=0; private_global=0; IO mode=axis:ce=0
Port [ arg1_5_axis_in_V_last_V]:  wired=1; compound=1; hidden=0; nouse=0; global=0; static=0; extern=0; dir=0; type=0; pingpong=0; private_global=0; IO mode=axis:ce=0
Port [ memconfig_grid_size_y_c93]:  wired=1; compound=1; hidden=0; nouse=0; global=0; static=0; extern=0; dir=1; type=3; pingpong=0; private_global=0; IO mode=ap_fifo:ce=0
Port [ memconfig_tile_count_x_c100]:  wired=1; compound=1; hidden=0; nouse=0; global=0; static=0; extern=0; dir=1; type=3; pingpong=0; private_global=0; IO mode=ap_fifo:ce=0
Port [ memconfig_tile_size_x_c107]:  wired=1; compound=1; hidden=0; nouse=0; global=0; static=0; extern=0; dir=1; type=3; pingpong=0; private_global=0; IO mode=ap_fifo:ce=0
Port [ memconfig_last_tile_size_x_c120]:  wired=1; compound=1; hidden=0; nouse=0; global=0; static=0; extern=0; dir=1; type=3; pingpong=0; private_global=0; IO mode=ap_fifo:ce=0
---------------- STG Properties END ------------------

---------------- Datapath Model BEGIN ----------------

<LifeTime>
<method=bitvector/>
tile_x                        (alloca             ) [ 01111]
specinterface_ln0             (specinterface      ) [ 00000]
p_read37                      (read               ) [ 00111]
p_read26                      (read               ) [ 00111]
p_read15                      (read               ) [ 00111]
p_read_23                     (read               ) [ 00111]
write_ln0                     (write              ) [ 00000]
specinterface_ln0             (specinterface      ) [ 00000]
write_ln0                     (write              ) [ 00000]
specinterface_ln0             (specinterface      ) [ 00000]
write_ln0                     (write              ) [ 00000]
specinterface_ln0             (specinterface      ) [ 00000]
write_ln0                     (write              ) [ 00000]
specaxissidechannel_ln0       (specaxissidechannel) [ 00000]
specaxissidechannel_ln0       (specaxissidechannel) [ 00000]
specinterface_ln0             (specinterface      ) [ 00000]
specinterface_ln0             (specinterface      ) [ 00000]
specinterface_ln0             (specinterface      ) [ 00000]
specinterface_ln0             (specinterface      ) [ 00000]
config_tile_count_x_load_cast (zext               ) [ 00000]
sub                           (add                ) [ 00111]
store_ln6525                  (store              ) [ 00000]
br_ln6525                     (br                 ) [ 00000]
tile_x_15                     (load               ) [ 00000]
zext_ln6525                   (zext               ) [ 00000]
icmp_ln6525                   (icmp               ) [ 00111]
add_ln6525                    (add                ) [ 00011]
br_ln6525                     (br                 ) [ 00000]
speclooptripcount_ln6527      (speclooptripcount  ) [ 00000]
specloopname_ln6525           (specloopname       ) [ 00000]
icmp_ln6529                   (icmp               ) [ 00000]
tmp                           (partselect         ) [ 00000]
tmp_7                         (partselect         ) [ 00000]
select_ln6529                 (select             ) [ 00011]
br_ln6542                     (br                 ) [ 00111]
ret_ln6580                    (ret                ) [ 00000]
row                           (phi                ) [ 00010]
icmp_ln6542                   (icmp               ) [ 00111]
row_7                         (add                ) [ 00111]
br_ln6542                     (br                 ) [ 00000]
empty                         (wait               ) [ 00000]
store_ln6525                  (store              ) [ 00000]
br_ln6525                     (br                 ) [ 00000]
speclooptripcount_ln6544      (speclooptripcount  ) [ 00000]
specloopname_ln6542           (specloopname       ) [ 00000]
call_ln6529                   (call               ) [ 00000]
br_ln6542                     (br                 ) [ 00111]
</LifeTime>

<model>

<comp_list>
<comp id="0" class="1000" name="arg1_write_mem_strm_g2_0">
<pin_list>
<pin id="1" dir="1" index="0" bw="1" slack="0"/>
</pin_list>
<bind>
<StgValue><ssdm name="arg1_write_mem_strm_g2_0"/></StgValue>
</bind>
</comp>

<comp id="2" class="1000" name="arg1_write_mem_strm_g2_1">
<pin_list>
<pin id="3" dir="1" index="0" bw="1" slack="0"/>
</pin_list>
<bind>
<StgValue><ssdm name="arg1_write_mem_strm_g2_1"/></StgValue>
</bind>
</comp>

<comp id="4" class="1000" name="p_read">
<pin_list>
<pin id="5" dir="1" index="0" bw="1" slack="0"/>
</pin_list>
<bind>
<StgValue><ssdm name="p_read"/></StgValue>
</bind>
</comp>

<comp id="6" class="1000" name="p_read1">
<pin_list>
<pin id="7" dir="1" index="0" bw="1" slack="0"/>
</pin_list>
<bind>
<StgValue><ssdm name="p_read1"/></StgValue>
</bind>
</comp>

<comp id="8" class="1000" name="p_read2">
<pin_list>
<pin id="9" dir="1" index="0" bw="1" slack="0"/>
</pin_list>
<bind>
<StgValue><ssdm name="p_read2"/></StgValue>
</bind>
</comp>

<comp id="10" class="1000" name="p_read3">
<pin_list>
<pin id="11" dir="1" index="0" bw="1" slack="0"/>
</pin_list>
<bind>
<StgValue><ssdm name="p_read3"/></StgValue>
</bind>
</comp>

<comp id="12" class="1000" name="arg1_4_axis_in_V_data_V">
<pin_list>
<pin id="13" dir="1" index="0" bw="1" slack="0"/>
</pin_list>
<bind>
<StgValue><ssdm name="arg1_4_axis_in_V_data_V"/></StgValue>
</bind>
</comp>

<comp id="14" class="1000" name="arg1_4_axis_in_V_keep_V">
<pin_list>
<pin id="15" dir="1" index="0" bw="1" slack="0"/>
</pin_list>
<bind>
<StgValue><ssdm name="arg1_4_axis_in_V_keep_V"/></StgValue>
</bind>
</comp>

<comp id="16" class="1000" name="arg1_4_axis_in_V_strb_V">
<pin_list>
<pin id="17" dir="1" index="0" bw="1" slack="0"/>
</pin_list>
<bind>
<StgValue><ssdm name="arg1_4_axis_in_V_strb_V"/></StgValue>
</bind>
</comp>

<comp id="18" class="1000" name="arg1_4_axis_in_V_last_V">
<pin_list>
<pin id="19" dir="1" index="0" bw="1" slack="0"/>
</pin_list>
<bind>
<StgValue><ssdm name="arg1_4_axis_in_V_last_V"/></StgValue>
</bind>
</comp>

<comp id="20" class="1000" name="arg1_5_axis_in_V_data_V">
<pin_list>
<pin id="21" dir="1" index="0" bw="1" slack="0"/>
</pin_list>
<bind>
<StgValue><ssdm name="arg1_5_axis_in_V_data_V"/></StgValue>
</bind>
</comp>

<comp id="22" class="1000" name="arg1_5_axis_in_V_keep_V">
<pin_list>
<pin id="23" dir="1" index="0" bw="1" slack="0"/>
</pin_list>
<bind>
<StgValue><ssdm name="arg1_5_axis_in_V_keep_V"/></StgValue>
</bind>
</comp>

<comp id="24" class="1000" name="arg1_5_axis_in_V_strb_V">
<pin_list>
<pin id="25" dir="1" index="0" bw="1" slack="0"/>
</pin_list>
<bind>
<StgValue><ssdm name="arg1_5_axis_in_V_strb_V"/></StgValue>
</bind>
</comp>

<comp id="26" class="1000" name="arg1_5_axis_in_V_last_V">
<pin_list>
<pin id="27" dir="1" index="0" bw="1" slack="0"/>
</pin_list>
<bind>
<StgValue><ssdm name="arg1_5_axis_in_V_last_V"/></StgValue>
</bind>
</comp>

<comp id="28" class="1000" name="memconfig_grid_size_y_c93">
<pin_list>
<pin id="29" dir="1" index="0" bw="1" slack="0"/>
</pin_list>
<bind>
<StgValue><ssdm name="memconfig_grid_size_y_c93"/></StgValue>
</bind>
</comp>

<comp id="30" class="1000" name="memconfig_tile_count_x_c100">
<pin_list>
<pin id="31" dir="1" index="0" bw="1" slack="0"/>
</pin_list>
<bind>
<StgValue><ssdm name="memconfig_tile_count_x_c100"/></StgValue>
</bind>
</comp>

<comp id="32" class="1000" name="memconfig_tile_size_x_c107">
<pin_list>
<pin id="33" dir="1" index="0" bw="1" slack="0"/>
</pin_list>
<bind>
<StgValue><ssdm name="memconfig_tile_size_x_c107"/></StgValue>
</bind>
</comp>

<comp id="34" class="1000" name="memconfig_last_tile_size_x_c120">
<pin_list>
<pin id="35" dir="1" index="0" bw="1" slack="0"/>
</pin_list>
<bind>
<StgValue><ssdm name="memconfig_last_tile_size_x_c120"/></StgValue>
</bind>
</comp>

<comp id="36" class="1001" name="const_36">
<pin_list>
<pin id="37" dir="1" index="0" bw="1" slack="0"/>
</pin_list>
<bind>
<StgValue><ssdm name=""/></StgValue>
</bind>
</comp>

<comp id="38" class="1001" name="const_38">
<pin_list>
<pin id="39" dir="1" index="0" bw="1" slack="2147483647"/>
</pin_list>
<bind>
<StgValue><ssdm name="_ssdm_op_SpecInterface"/></StgValue>
</bind>
</comp>

<comp id="40" class="1001" name="const_40">
<pin_list>
<pin id="41" dir="1" index="0" bw="1" slack="2147483647"/>
</pin_list>
<bind>
<StgValue><ssdm name="ap_fifo_str"/></StgValue>
</bind>
</comp>

<comp id="42" class="1001" name="const_42">
<pin_list>
<pin id="43" dir="1" index="0" bw="1" slack="2147483647"/>
</pin_list>
<bind>
<StgValue><ssdm name=""/></StgValue>
</bind>
</comp>

<comp id="44" class="1001" name="const_44">
<pin_list>
<pin id="45" dir="1" index="0" bw="1" slack="2147483647"/>
</pin_list>
<bind>
<StgValue><ssdm name="p_str"/></StgValue>
</bind>
</comp>

<comp id="46" class="1001" name="const_46">
<pin_list>
<pin id="47" dir="1" index="0" bw="1" slack="2147483647"/>
</pin_list>
<bind>
<StgValue><ssdm name=""/></StgValue>
</bind>
</comp>

<comp id="48" class="1001" name="const_48">
<pin_list>
<pin id="49" dir="1" index="0" bw="1" slack="2147483647"/>
</pin_list>
<bind>
<StgValue><ssdm name=""/></StgValue>
</bind>
</comp>

<comp id="50" class="1001" name="const_50">
<pin_list>
<pin id="51" dir="1" index="0" bw="1" slack="2147483647"/>
</pin_list>
<bind>
<StgValue><ssdm name="ScalarProp_str"/></StgValue>
</bind>
</comp>

<comp id="52" class="1001" name="const_52">
<pin_list>
<pin id="53" dir="1" index="0" bw="1" slack="2147483647"/>
</pin_list>
<bind>
<StgValue><ssdm name=""/></StgValue>
</bind>
</comp>

<comp id="54" class="1001" name="const_54">
<pin_list>
<pin id="55" dir="1" index="0" bw="1" slack="0"/>
</pin_list>
<bind>
<StgValue><ssdm name="_ssdm_op_Read.ap_auto.i16"/></StgValue>
</bind>
</comp>

<comp id="56" class="1001" name="const_56">
<pin_list>
<pin id="57" dir="1" index="0" bw="1" slack="0"/>
</pin_list>
<bind>
<StgValue><ssdm name="_ssdm_op_Write.ap_fifo.i16P0A"/></StgValue>
</bind>
</comp>

<comp id="58" class="1001" name="const_58">
<pin_list>
<pin id="59" dir="1" index="0" bw="1" slack="2147483647"/>
</pin_list>
<bind>
<StgValue><ssdm name="_ssdm_op_SpecAXISSideChannel"/></StgValue>
</bind>
</comp>

<comp id="60" class="1001" name="const_60">
<pin_list>
<pin id="61" dir="1" index="0" bw="1" slack="2147483647"/>
</pin_list>
<bind>
<StgValue><ssdm name=""/></StgValue>
</bind>
</comp>

<comp id="62" class="1001" name="const_62">
<pin_list>
<pin id="63" dir="1" index="0" bw="1" slack="2147483647"/>
</pin_list>
<bind>
<StgValue><ssdm name="empty_35"/></StgValue>
</bind>
</comp>

<comp id="64" class="1001" name="const_64">
<pin_list>
<pin id="65" dir="1" index="0" bw="1" slack="2147483647"/>
</pin_list>
<bind>
<StgValue><ssdm name="empty_24"/></StgValue>
</bind>
</comp>

<comp id="66" class="1001" name="const_66">
<pin_list>
<pin id="67" dir="1" index="0" bw="1" slack="2147483647"/>
</pin_list>
<bind>
<StgValue><ssdm name="empty_42"/></StgValue>
</bind>
</comp>

<comp id="68" class="1001" name="const_68">
<pin_list>
<pin id="69" dir="1" index="0" bw="1" slack="2147483647"/>
</pin_list>
<bind>
<StgValue><ssdm name="empty_11"/></StgValue>
</bind>
</comp>

<comp id="70" class="1001" name="const_70">
<pin_list>
<pin id="71" dir="1" index="0" bw="1" slack="2147483647"/>
</pin_list>
<bind>
<StgValue><ssdm name="empty_28"/></StgValue>
</bind>
</comp>

<comp id="72" class="1001" name="const_72">
<pin_list>
<pin id="73" dir="1" index="0" bw="1" slack="2147483647"/>
</pin_list>
<bind>
<StgValue><ssdm name="empty_38"/></StgValue>
</bind>
</comp>

<comp id="74" class="1001" name="const_74">
<pin_list>
<pin id="75" dir="1" index="0" bw="1" slack="0"/>
</pin_list>
<bind>
<StgValue><ssdm name=""/></StgValue>
</bind>
</comp>

<comp id="76" class="1001" name="const_76">
<pin_list>
<pin id="77" dir="1" index="0" bw="1" slack="0"/>
</pin_list>
<bind>
<StgValue><ssdm name=""/></StgValue>
</bind>
</comp>

<comp id="78" class="1001" name="const_78">
<pin_list>
<pin id="79" dir="1" index="0" bw="1" slack="0"/>
</pin_list>
<bind>
<StgValue><ssdm name=""/></StgValue>
</bind>
</comp>

<comp id="80" class="1001" name="const_80">
<pin_list>
<pin id="81" dir="1" index="0" bw="1" slack="2147483647"/>
</pin_list>
<bind>
<StgValue><ssdm name="_ssdm_op_SpecLoopTripCount"/></StgValue>
</bind>
</comp>

<comp id="82" class="1001" name="const_82">
<pin_list>
<pin id="83" dir="1" index="0" bw="1" slack="2147483647"/>
</pin_list>
<bind>
<StgValue><ssdm name=""/></StgValue>
</bind>
</comp>

<comp id="84" class="1001" name="const_84">
<pin_list>
<pin id="85" dir="1" index="0" bw="1" slack="2147483647"/>
</pin_list>
<bind>
<StgValue><ssdm name=""/></StgValue>
</bind>
</comp>

<comp id="86" class="1001" name="const_86">
<pin_list>
<pin id="87" dir="1" index="0" bw="1" slack="2147483647"/>
</pin_list>
<bind>
<StgValue><ssdm name=""/></StgValue>
</bind>
</comp>

<comp id="88" class="1001" name="const_88">
<pin_list>
<pin id="89" dir="1" index="0" bw="1" slack="2147483647"/>
</pin_list>
<bind>
<StgValue><ssdm name="_ssdm_op_SpecLoopName"/></StgValue>
</bind>
</comp>

<comp id="90" class="1001" name="const_90">
<pin_list>
<pin id="91" dir="1" index="0" bw="1" slack="2147483647"/>
</pin_list>
<bind>
<StgValue><ssdm name="empty_19"/></StgValue>
</bind>
</comp>

<comp id="92" class="1001" name="const_92">
<pin_list>
<pin id="93" dir="1" index="0" bw="1" slack="0"/>
</pin_list>
<bind>
<StgValue><ssdm name="_ssdm_op_PartSelect.i13.i16.i32.i32"/></StgValue>
</bind>
</comp>

<comp id="94" class="1001" name="const_94">
<pin_list>
<pin id="95" dir="1" index="0" bw="1" slack="0"/>
</pin_list>
<bind>
<StgValue><ssdm name=""/></StgValue>
</bind>
</comp>

<comp id="96" class="1001" name="const_96">
<pin_list>
<pin id="97" dir="1" index="0" bw="1" slack="0"/>
</pin_list>
<bind>
<StgValue><ssdm name=""/></StgValue>
</bind>
</comp>

<comp id="98" class="1001" name="const_98">
<pin_list>
<pin id="99" dir="1" index="0" bw="1" slack="2147483647"/>
</pin_list>
<bind>
<StgValue><ssdm name="_ssdm_op_Wait"/></StgValue>
</bind>
</comp>

<comp id="100" class="1001" name="const_100">
<pin_list>
<pin id="101" dir="1" index="0" bw="1" slack="0"/>
</pin_list>
<bind>
<StgValue><ssdm name="axis2streamTileStepup2D.1_Pipeline_beat_loop"/></StgValue>
</bind>
</comp>

<comp id="102" class="1001" name="const_102">
<pin_list>
<pin id="103" dir="1" index="0" bw="1" slack="2147483647"/>
</pin_list>
<bind>
<StgValue><ssdm name=""/></StgValue>
</bind>
</comp>

<comp id="104" class="1001" name="const_104">
<pin_list>
<pin id="105" dir="1" index="0" bw="1" slack="2147483647"/>
</pin_list>
<bind>
<StgValue><ssdm name=""/></StgValue>
</bind>
</comp>

<comp id="106" class="1001" name="const_106">
<pin_list>
<pin id="107" dir="1" index="0" bw="1" slack="2147483647"/>
</pin_list>
<bind>
<StgValue><ssdm name="empty_9"/></StgValue>
</bind>
</comp>

<comp id="108" class="1004" name="tile_x_fu_108">
<pin_list>
<pin id="109" dir="0" index="0" bw="1" slack="0"/>
<pin id="110" dir="1" index="1" bw="16" slack="0"/>
</pin_list>
<bind>
<opcode="alloca(26) " fcode="alloca"/>
<opset="tile_x/1 "/>
</bind>
</comp>

<comp id="112" class="1004" name="p_read37_read_fu_112">
<pin_list>
<pin id="113" dir="0" index="0" bw="16" slack="0"/>
<pin id="114" dir="0" index="1" bw="16" slack="0"/>
<pin id="115" dir="1" index="2" bw="16" slack="0"/>
</pin_list>
<bind>
<opcode="read(1150) " fcode="read"/>
<opset="p_read37/1 "/>
</bind>
</comp>

<comp id="118" class="1004" name="p_read26_read_fu_118">
<pin_list>
<pin id="119" dir="0" index="0" bw="16" slack="0"/>
<pin id="120" dir="0" index="1" bw="16" slack="0"/>
<pin id="121" dir="1" index="2" bw="16" slack="0"/>
</pin_list>
<bind>
<opcode="read(1150) " fcode="read"/>
<opset="p_read26/1 "/>
</bind>
</comp>

<comp id="124" class="1004" name="p_read15_read_fu_124">
<pin_list>
<pin id="125" dir="0" index="0" bw="16" slack="0"/>
<pin id="126" dir="0" index="1" bw="16" slack="0"/>
<pin id="127" dir="1" index="2" bw="16" slack="0"/>
</pin_list>
<bind>
<opcode="read(1150) " fcode="read"/>
<opset="p_read15/1 "/>
</bind>
</comp>

<comp id="130" class="1004" name="p_read_23_read_fu_130">
<pin_list>
<pin id="131" dir="0" index="0" bw="16" slack="0"/>
<pin id="132" dir="0" index="1" bw="16" slack="0"/>
<pin id="133" dir="1" index="2" bw="16" slack="0"/>
</pin_list>
<bind>
<opcode="read(1150) " fcode="read"/>
<opset="p_read_23/1 "/>
</bind>
</comp>

<comp id="136" class="1004" name="write_ln0_write_fu_136">
<pin_list>
<pin id="137" dir="0" index="0" bw="0" slack="0"/>
<pin id="138" dir="0" index="1" bw="16" slack="0"/>
<pin id="139" dir="0" index="2" bw="16" slack="0"/>
<pin id="140" dir="1" index="3" bw="0" slack="2147483647"/>
</pin_list>
<bind>
<opcode="write(1151) " fcode="write"/>
<opset="write_ln0/1 "/>
</bind>
</comp>

<comp id="144" class="1004" name="write_ln0_write_fu_144">
<pin_list>
<pin id="145" dir="0" index="0" bw="0" slack="0"/>
<pin id="146" dir="0" index="1" bw="16" slack="0"/>
<pin id="147" dir="0" index="2" bw="16" slack="0"/>
<pin id="148" dir="1" index="3" bw="0" slack="2147483647"/>
</pin_list>
<bind>
<opcode="write(1151) " fcode="write"/>
<opset="write_ln0/1 "/>
</bind>
</comp>

<comp id="152" class="1004" name="write_ln0_write_fu_152">
<pin_list>
<pin id="153" dir="0" index="0" bw="0" slack="0"/>
<pin id="154" dir="0" index="1" bw="16" slack="0"/>
<pin id="155" dir="0" index="2" bw="16" slack="0"/>
<pin id="156" dir="1" index="3" bw="0" slack="2147483647"/>
</pin_list>
<bind>
<opcode="write(1151) " fcode="write"/>
<opset="write_ln0/1 "/>
</bind>
</comp>

<comp id="160" class="1004" name="write_ln0_write_fu_160">
<pin_list>
<pin id="161" dir="0" index="0" bw="0" slack="0"/>
<pin id="162" dir="0" index="1" bw="16" slack="0"/>
<pin id="163" dir="0" index="2" bw="16" slack="0"/>
<pin id="164" dir="1" index="3" bw="0" slack="2147483647"/>
</pin_list>
<bind>
<opcode="write(1151) " fcode="write"/>
<opset="write_ln0/1 "/>
</bind>
</comp>

<comp id="168" class="1005" name="row_reg_168">
<pin_list>
<pin id="169" dir="0" index="0" bw="16" slack="1"/>
<pin id="170" dir="1" index="1" bw="16" slack="1"/>
</pin_list>
<bind>
<opset="row (phireg) "/>
</bind>
</comp>

<comp id="172" class="1004" name="row_phi_fu_172">
<pin_list>
<pin id="173" dir="0" index="0" bw="1" slack="1"/>
<pin id="174" dir="0" index="1" bw="0" slack="2147483647"/>
<pin id="175" dir="0" index="2" bw="16" slack="0"/>
<pin id="176" dir="0" index="3" bw="0" slack="2147483647"/>
<pin id="177" dir="1" index="4" bw="16" slack="0"/>
</pin_list>
<bind>
<opcode="phi(47) " fcode="phi"/>
<opset="row/3 "/>
</bind>
</comp>

<comp id="179" class="1004" name="grp_axis2streamTileStepup2D_1_Pipeline_beat_loop_fu_179">
<pin_list>
<pin id="180" dir="0" index="0" bw="0" slack="0"/>
<pin id="181" dir="0" index="1" bw="13" slack="1"/>
<pin id="182" dir="0" index="2" bw="256" slack="0"/>
<pin id="183" dir="0" index="3" bw="32" slack="0"/>
<pin id="184" dir="0" index="4" bw="32" slack="0"/>
<pin id="185" dir="0" index="5" bw="1" slack="0"/>
<pin id="186" dir="0" index="6" bw="256" slack="0"/>
<pin id="187" dir="0" index="7" bw="32" slack="0"/>
<pin id="188" dir="0" index="8" bw="32" slack="0"/>
<pin id="189" dir="0" index="9" bw="1" slack="0"/>
<pin id="190" dir="0" index="10" bw="256" slack="0"/>
<pin id="191" dir="0" index="11" bw="256" slack="0"/>
<pin id="192" dir="1" index="12" bw="0" slack="2147483647"/>
</pin_list>
<bind>
<opcode="call(48) " fcode="call"/>
<opset="call_ln6529/3 "/>
</bind>
</comp>

<comp id="204" class="1004" name="config_tile_count_x_load_cast_fu_204">
<pin_list>
<pin id="205" dir="0" index="0" bw="16" slack="0"/>
<pin id="206" dir="1" index="1" bw="17" slack="0"/>
</pin_list>
<bind>
<opcode="zext(34) " fcode="zext"/>
<opset="config_tile_count_x_load_cast/1 "/>
</bind>
</comp>

<comp id="208" class="1004" name="sub_fu_208">
<pin_list>
<pin id="209" dir="0" index="0" bw="16" slack="0"/>
<pin id="210" dir="0" index="1" bw="1" slack="0"/>
<pin id="211" dir="1" index="2" bw="17" slack="1"/>
</pin_list>
<bind>
<opcode="add(8) " fcode="add"/>
<opset="sub/1 "/>
</bind>
</comp>

<comp id="214" class="1004" name="store_ln6525_store_fu_214">
<pin_list>
<pin id="215" dir="0" index="0" bw="1" slack="0"/>
<pin id="216" dir="0" index="1" bw="16" slack="0"/>
<pin id="217" dir="1" index="2" bw="0" slack="2147483647"/>
</pin_list>
<bind>
<opcode="store(28) " fcode="store"/>
<opset="store_ln6525/1 "/>
</bind>
</comp>

<comp id="219" class="1004" name="tile_x_15_load_fu_219">
<pin_list>
<pin id="220" dir="0" index="0" bw="16" slack="1"/>
<pin id="221" dir="1" index="1" bw="16" slack="0"/>
</pin_list>
<bind>
<opcode="load(27) " fcode="load"/>
<opset="tile_x_15/2 "/>
</bind>
</comp>

<comp id="222" class="1004" name="zext_ln6525_fu_222">
<pin_list>
<pin id="223" dir="0" index="0" bw="16" slack="0"/>
<pin id="224" dir="1" index="1" bw="17" slack="0"/>
</pin_list>
<bind>
<opcode="zext(34) " fcode="zext"/>
<opset="zext_ln6525/2 "/>
</bind>
</comp>

<comp id="226" class="1004" name="icmp_ln6525_fu_226">
<pin_list>
<pin id="227" dir="0" index="0" bw="16" slack="0"/>
<pin id="228" dir="0" index="1" bw="16" slack="1"/>
<pin id="229" dir="1" index="2" bw="1" slack="2147483647"/>
</pin_list>
<bind>
<opcode="icmp(45) " fcode="icmp"/>
<opset="icmp_ln6525/2 "/>
</bind>
</comp>

<comp id="231" class="1004" name="add_ln6525_fu_231">
<pin_list>
<pin id="232" dir="0" index="0" bw="16" slack="0"/>
<pin id="233" dir="0" index="1" bw="1" slack="0"/>
<pin id="234" dir="1" index="2" bw="16" slack="1"/>
</pin_list>
<bind>
<opcode="add(8) " fcode="add"/>
<opset="add_ln6525/2 "/>
</bind>
</comp>

<comp id="237" class="1004" name="icmp_ln6529_fu_237">
<pin_list>
<pin id="238" dir="0" index="0" bw="17" slack="1"/>
<pin id="239" dir="0" index="1" bw="17" slack="0"/>
<pin id="240" dir="1" index="2" bw="1" slack="0"/>
</pin_list>
<bind>
<opcode="icmp(45) " fcode="icmp"/>
<opset="icmp_ln6529/2 "/>
</bind>
</comp>

<comp id="242" class="1004" name="tmp_fu_242">
<pin_list>
<pin id="243" dir="0" index="0" bw="13" slack="0"/>
<pin id="244" dir="0" index="1" bw="16" slack="1"/>
<pin id="245" dir="0" index="2" bw="3" slack="0"/>
<pin id="246" dir="0" index="3" bw="5" slack="0"/>
<pin id="247" dir="1" index="4" bw="13" slack="0"/>
</pin_list>
<bind>
<opcode="partselect(1002) " fcode="partselect"/>
<opset="tmp/2 "/>
</bind>
</comp>

<comp id="251" class="1004" name="tmp_7_fu_251">
<pin_list>
<pin id="252" dir="0" index="0" bw="13" slack="0"/>
<pin id="253" dir="0" index="1" bw="16" slack="1"/>
<pin id="254" dir="0" index="2" bw="3" slack="0"/>
<pin id="255" dir="0" index="3" bw="5" slack="0"/>
<pin id="256" dir="1" index="4" bw="13" slack="0"/>
</pin_list>
<bind>
<opcode="partselect(1002) " fcode="partselect"/>
<opset="tmp_7/2 "/>
</bind>
</comp>

<comp id="260" class="1004" name="select_ln6529_fu_260">
<pin_list>
<pin id="261" dir="0" index="0" bw="1" slack="0"/>
<pin id="262" dir="0" index="1" bw="13" slack="0"/>
<pin id="263" dir="0" index="2" bw="13" slack="0"/>
<pin id="264" dir="1" index="3" bw="13" slack="1"/>
</pin_list>
<bind>
<opcode="select(49) " fcode="select"/>
<opset="select_ln6529/2 "/>
</bind>
</comp>

<comp id="268" class="1004" name="icmp_ln6542_fu_268">
<pin_list>
<pin id="269" dir="0" index="0" bw="16" slack="0"/>
<pin id="270" dir="0" index="1" bw="16" slack="2"/>
<pin id="271" dir="1" index="2" bw="1" slack="2147483647"/>
</pin_list>
<bind>
<opcode="icmp(45) " fcode="icmp"/>
<opset="icmp_ln6542/3 "/>
</bind>
</comp>

<comp id="273" class="1004" name="row_7_fu_273">
<pin_list>
<pin id="274" dir="0" index="0" bw="16" slack="0"/>
<pin id="275" dir="0" index="1" bw="1" slack="0"/>
<pin id="276" dir="1" index="2" bw="16" slack="0"/>
</pin_list>
<bind>
<opcode="add(8) " fcode="add"/>
<opset="row_7/3 "/>
</bind>
</comp>

<comp id="279" class="1004" name="store_ln6525_store_fu_279">
<pin_list>
<pin id="280" dir="0" index="0" bw="16" slack="1"/>
<pin id="281" dir="0" index="1" bw="16" slack="2"/>
<pin id="282" dir="1" index="2" bw="0" slack="2147483647"/>
</pin_list>
<bind>
<opcode="store(28) " fcode="store"/>
<opset="store_ln6525/3 "/>
</bind>
</comp>

<comp id="283" class="1005" name="tile_x_reg_283">
<pin_list>
<pin id="284" dir="0" index="0" bw="16" slack="0"/>
<pin id="285" dir="1" index="1" bw="16" slack="0"/>
</pin_list>
<bind>
<opset="tile_x "/>
</bind>
</comp>

<comp id="290" class="1005" name="p_read37_reg_290">
<pin_list>
<pin id="291" dir="0" index="0" bw="16" slack="1"/>
<pin id="292" dir="1" index="1" bw="16" slack="1"/>
</pin_list>
<bind>
<opset="p_read37 "/>
</bind>
</comp>

<comp id="295" class="1005" name="p_read26_reg_295">
<pin_list>
<pin id="296" dir="0" index="0" bw="16" slack="1"/>
<pin id="297" dir="1" index="1" bw="16" slack="1"/>
</pin_list>
<bind>
<opset="p_read26 "/>
</bind>
</comp>

<comp id="300" class="1005" name="p_read15_reg_300">
<pin_list>
<pin id="301" dir="0" index="0" bw="16" slack="1"/>
<pin id="302" dir="1" index="1" bw="16" slack="1"/>
</pin_list>
<bind>
<opset="p_read15 "/>
</bind>
</comp>

<comp id="305" class="1005" name="p_read_23_reg_305">
<pin_list>
<pin id="306" dir="0" index="0" bw="16" slack="2"/>
<pin id="307" dir="1" index="1" bw="16" slack="2"/>
</pin_list>
<bind>
<opset="p_read_23 "/>
</bind>
</comp>

<comp id="310" class="1005" name="sub_reg_310">
<pin_list>
<pin id="311" dir="0" index="0" bw="17" slack="1"/>
<pin id="312" dir="1" index="1" bw="17" slack="1"/>
</pin_list>
<bind>
<opset="sub "/>
</bind>
</comp>

<comp id="318" class="1005" name="add_ln6525_reg_318">
<pin_list>
<pin id="319" dir="0" index="0" bw="16" slack="1"/>
<pin id="320" dir="1" index="1" bw="16" slack="1"/>
</pin_list>
<bind>
<opset="add_ln6525 "/>
</bind>
</comp>

<comp id="323" class="1005" name="select_ln6529_reg_323">
<pin_list>
<pin id="324" dir="0" index="0" bw="13" slack="1"/>
<pin id="325" dir="1" index="1" bw="13" slack="1"/>
</pin_list>
<bind>
<opset="select_ln6529 "/>
</bind>
</comp>

<comp id="331" class="1005" name="row_7_reg_331">
<pin_list>
<pin id="332" dir="0" index="0" bw="16" slack="0"/>
<pin id="333" dir="1" index="1" bw="16" slack="0"/>
</pin_list>
<bind>
<opset="row_7 "/>
</bind>
</comp>

</comp_list>

<net_list>
<net id="111"><net_src comp="36" pin="0"/><net_sink comp="108" pin=0"/></net>

<net id="116"><net_src comp="54" pin="0"/><net_sink comp="112" pin=0"/></net>

<net id="117"><net_src comp="10" pin="0"/><net_sink comp="112" pin=1"/></net>

<net id="122"><net_src comp="54" pin="0"/><net_sink comp="118" pin=0"/></net>

<net id="123"><net_src comp="8" pin="0"/><net_sink comp="118" pin=1"/></net>

<net id="128"><net_src comp="54" pin="0"/><net_sink comp="124" pin=0"/></net>

<net id="129"><net_src comp="6" pin="0"/><net_sink comp="124" pin=1"/></net>

<net id="134"><net_src comp="54" pin="0"/><net_sink comp="130" pin=0"/></net>

<net id="135"><net_src comp="4" pin="0"/><net_sink comp="130" pin=1"/></net>

<net id="141"><net_src comp="56" pin="0"/><net_sink comp="136" pin=0"/></net>

<net id="142"><net_src comp="34" pin="0"/><net_sink comp="136" pin=1"/></net>

<net id="143"><net_src comp="112" pin="2"/><net_sink comp="136" pin=2"/></net>

<net id="149"><net_src comp="56" pin="0"/><net_sink comp="144" pin=0"/></net>

<net id="150"><net_src comp="32" pin="0"/><net_sink comp="144" pin=1"/></net>

<net id="151"><net_src comp="118" pin="2"/><net_sink comp="144" pin=2"/></net>

<net id="157"><net_src comp="56" pin="0"/><net_sink comp="152" pin=0"/></net>

<net id="158"><net_src comp="30" pin="0"/><net_sink comp="152" pin=1"/></net>

<net id="159"><net_src comp="124" pin="2"/><net_sink comp="152" pin=2"/></net>

<net id="165"><net_src comp="56" pin="0"/><net_sink comp="160" pin=0"/></net>

<net id="166"><net_src comp="28" pin="0"/><net_sink comp="160" pin=1"/></net>

<net id="167"><net_src comp="130" pin="2"/><net_sink comp="160" pin=2"/></net>

<net id="171"><net_src comp="76" pin="0"/><net_sink comp="168" pin=0"/></net>

<net id="178"><net_src comp="168" pin="1"/><net_sink comp="172" pin=0"/></net>

<net id="193"><net_src comp="100" pin="0"/><net_sink comp="179" pin=0"/></net>

<net id="194"><net_src comp="12" pin="0"/><net_sink comp="179" pin=2"/></net>

<net id="195"><net_src comp="14" pin="0"/><net_sink comp="179" pin=3"/></net>

<net id="196"><net_src comp="16" pin="0"/><net_sink comp="179" pin=4"/></net>

<net id="197"><net_src comp="18" pin="0"/><net_sink comp="179" pin=5"/></net>

<net id="198"><net_src comp="20" pin="0"/><net_sink comp="179" pin=6"/></net>

<net id="199"><net_src comp="22" pin="0"/><net_sink comp="179" pin=7"/></net>

<net id="200"><net_src comp="24" pin="0"/><net_sink comp="179" pin=8"/></net>

<net id="201"><net_src comp="26" pin="0"/><net_sink comp="179" pin=9"/></net>

<net id="202"><net_src comp="0" pin="0"/><net_sink comp="179" pin=10"/></net>

<net id="203"><net_src comp="2" pin="0"/><net_sink comp="179" pin=11"/></net>

<net id="207"><net_src comp="124" pin="2"/><net_sink comp="204" pin=0"/></net>

<net id="212"><net_src comp="204" pin="1"/><net_sink comp="208" pin=0"/></net>

<net id="213"><net_src comp="74" pin="0"/><net_sink comp="208" pin=1"/></net>

<net id="218"><net_src comp="76" pin="0"/><net_sink comp="214" pin=0"/></net>

<net id="225"><net_src comp="219" pin="1"/><net_sink comp="222" pin=0"/></net>

<net id="230"><net_src comp="219" pin="1"/><net_sink comp="226" pin=0"/></net>

<net id="235"><net_src comp="219" pin="1"/><net_sink comp="231" pin=0"/></net>

<net id="236"><net_src comp="78" pin="0"/><net_sink comp="231" pin=1"/></net>

<net id="241"><net_src comp="222" pin="1"/><net_sink comp="237" pin=1"/></net>

<net id="248"><net_src comp="92" pin="0"/><net_sink comp="242" pin=0"/></net>

<net id="249"><net_src comp="94" pin="0"/><net_sink comp="242" pin=2"/></net>

<net id="250"><net_src comp="96" pin="0"/><net_sink comp="242" pin=3"/></net>

<net id="257"><net_src comp="92" pin="0"/><net_sink comp="251" pin=0"/></net>

<net id="258"><net_src comp="94" pin="0"/><net_sink comp="251" pin=2"/></net>

<net id="259"><net_src comp="96" pin="0"/><net_sink comp="251" pin=3"/></net>

<net id="265"><net_src comp="237" pin="2"/><net_sink comp="260" pin=0"/></net>

<net id="266"><net_src comp="242" pin="4"/><net_sink comp="260" pin=1"/></net>

<net id="267"><net_src comp="251" pin="4"/><net_sink comp="260" pin=2"/></net>

<net id="272"><net_src comp="172" pin="4"/><net_sink comp="268" pin=0"/></net>

<net id="277"><net_src comp="172" pin="4"/><net_sink comp="273" pin=0"/></net>

<net id="278"><net_src comp="78" pin="0"/><net_sink comp="273" pin=1"/></net>

<net id="286"><net_src comp="108" pin="1"/><net_sink comp="283" pin=0"/></net>

<net id="287"><net_src comp="283" pin="1"/><net_sink comp="214" pin=1"/></net>

<net id="288"><net_src comp="283" pin="1"/><net_sink comp="219" pin=0"/></net>

<net id="289"><net_src comp="283" pin="1"/><net_sink comp="279" pin=1"/></net>

<net id="293"><net_src comp="112" pin="2"/><net_sink comp="290" pin=0"/></net>

<net id="294"><net_src comp="290" pin="1"/><net_sink comp="242" pin=1"/></net>

<net id="298"><net_src comp="118" pin="2"/><net_sink comp="295" pin=0"/></net>

<net id="299"><net_src comp="295" pin="1"/><net_sink comp="251" pin=1"/></net>

<net id="303"><net_src comp="124" pin="2"/><net_sink comp="300" pin=0"/></net>

<net id="304"><net_src comp="300" pin="1"/><net_sink comp="226" pin=1"/></net>

<net id="308"><net_src comp="130" pin="2"/><net_sink comp="305" pin=0"/></net>

<net id="309"><net_src comp="305" pin="1"/><net_sink comp="268" pin=1"/></net>

<net id="313"><net_src comp="208" pin="2"/><net_sink comp="310" pin=0"/></net>

<net id="314"><net_src comp="310" pin="1"/><net_sink comp="237" pin=0"/></net>

<net id="321"><net_src comp="231" pin="2"/><net_sink comp="318" pin=0"/></net>

<net id="322"><net_src comp="318" pin="1"/><net_sink comp="279" pin=0"/></net>

<net id="326"><net_src comp="260" pin="3"/><net_sink comp="323" pin=0"/></net>

<net id="327"><net_src comp="323" pin="1"/><net_sink comp="179" pin=1"/></net>

<net id="334"><net_src comp="273" pin="2"/><net_sink comp="331" pin=0"/></net>

<net id="335"><net_src comp="331" pin="1"/><net_sink comp="172" pin=2"/></net>

</net_list>

</model> 
---------------- Datapath Model END ------------------

* FSMD analyzer results:
  - Output states:
	Port: arg1_write_mem_strm_g2_0 | {3 4 }
	Port: arg1_write_mem_strm_g2_1 | {3 4 }
	Port: arg1_4_axis_in_V_data_V | {}
	Port: arg1_4_axis_in_V_keep_V | {}
	Port: arg1_4_axis_in_V_strb_V | {}
	Port: arg1_4_axis_in_V_last_V | {}
	Port: arg1_5_axis_in_V_data_V | {}
	Port: arg1_5_axis_in_V_keep_V | {}
	Port: arg1_5_axis_in_V_strb_V | {}
	Port: arg1_5_axis_in_V_last_V | {}
	Port: memconfig_grid_size_y_c93 | {1 }
	Port: memconfig_tile_count_x_c100 | {1 }
	Port: memconfig_tile_size_x_c107 | {1 }
	Port: memconfig_last_tile_size_x_c120 | {1 }
 - Input state : 
	Port: axis2streamTileStepup2D.1 : p_read | {1 }
	Port: axis2streamTileStepup2D.1 : p_read1 | {1 }
	Port: axis2streamTileStepup2D.1 : p_read2 | {1 }
	Port: axis2streamTileStepup2D.1 : p_read3 | {1 }
	Port: axis2streamTileStepup2D.1 : arg1_4_axis_in_V_data_V | {3 4 }
	Port: axis2streamTileStepup2D.1 : arg1_4_axis_in_V_keep_V | {3 4 }
	Port: axis2streamTileStepup2D.1 : arg1_4_axis_in_V_strb_V | {3 4 }
	Port: axis2streamTileStepup2D.1 : arg1_4_axis_in_V_last_V | {3 4 }
	Port: axis2streamTileStepup2D.1 : arg1_5_axis_in_V_data_V | {3 4 }
	Port: axis2streamTileStepup2D.1 : arg1_5_axis_in_V_keep_V | {3 4 }
	Port: axis2streamTileStepup2D.1 : arg1_5_axis_in_V_strb_V | {3 4 }
	Port: axis2streamTileStepup2D.1 : arg1_5_axis_in_V_last_V | {3 4 }
  - Chain level:
	State 1
		sub : 1
		store_ln6525 : 1
	State 2
		zext_ln6525 : 1
		icmp_ln6525 : 1
		add_ln6525 : 1
		br_ln6525 : 2
		icmp_ln6529 : 2
		select_ln6529 : 3
	State 3
		icmp_ln6542 : 1
		row_7 : 1
		br_ln6542 : 2
	State 4


============================================================
+ Verbose Summary: Datapath Resource usage 
============================================================

* Functional unit list:
|----------|---------------------------------------------------------|---------|---------|
| Operation|                     Functional Unit                     |    FF   |   LUT   |
|----------|---------------------------------------------------------|---------|---------|
|   call   | grp_axis2streamTileStepup2D_1_Pipeline_beat_loop_fu_179 |   525   |    32   |
|----------|---------------------------------------------------------|---------|---------|
|          |                        sub_fu_208                       |    0    |    23   |
|    add   |                    add_ln6525_fu_231                    |    0    |    23   |
|          |                       row_7_fu_273                      |    0    |    23   |
|----------|---------------------------------------------------------|---------|---------|
|          |                    icmp_ln6525_fu_226                   |    0    |    13   |
|   icmp   |                    icmp_ln6529_fu_237                   |    0    |    13   |
|          |                    icmp_ln6542_fu_268                   |    0    |    13   |
|----------|---------------------------------------------------------|---------|---------|
|  select  |                   select_ln6529_fu_260                  |    0    |    13   |
|----------|---------------------------------------------------------|---------|---------|
|          |                   p_read37_read_fu_112                  |    0    |    0    |
|   read   |                   p_read26_read_fu_118                  |    0    |    0    |
|          |                   p_read15_read_fu_124                  |    0    |    0    |
|          |                  p_read_23_read_fu_130                  |    0    |    0    |
|----------|---------------------------------------------------------|---------|---------|
|          |                  write_ln0_write_fu_136                 |    0    |    0    |
|   write  |                  write_ln0_write_fu_144                 |    0    |    0    |
|          |                  write_ln0_write_fu_152                 |    0    |    0    |
|          |                  write_ln0_write_fu_160                 |    0    |    0    |
|----------|---------------------------------------------------------|---------|---------|
|   zext   |           config_tile_count_x_load_cast_fu_204          |    0    |    0    |
|          |                    zext_ln6525_fu_222                   |    0    |    0    |
|----------|---------------------------------------------------------|---------|---------|
|partselect|                        tmp_fu_242                       |    0    |    0    |
|          |                       tmp_7_fu_251                      |    0    |    0    |
|----------|---------------------------------------------------------|---------|---------|
|   Total  |                                                         |   525   |   153   |
|----------|---------------------------------------------------------|---------|---------|

Memories:
N/A

* Register list:
+---------------------+--------+
|                     |   FF   |
+---------------------+--------+
|  add_ln6525_reg_318 |   16   |
|   p_read15_reg_300  |   16   |
|   p_read26_reg_295  |   16   |
|   p_read37_reg_290  |   16   |
|  p_read_23_reg_305  |   16   |
|    row_7_reg_331    |   16   |
|     row_reg_168     |   16   |
|select_ln6529_reg_323|   13   |
|     sub_reg_310     |   17   |
|    tile_x_reg_283   |   16   |
+---------------------+--------+
|        Total        |   158  |
+---------------------+--------+

* Multiplexer (MUX) list: 
|--------|------|------|------|--------|
|  Comp  |  Pin | Size |  BW  | S x BW |
|--------|------|------|------|--------|
|  Total |      |      |      |    0   |
|--------|------|------|------|--------|



* Summary:
+-----------+--------+--------+
|           |   FF   |   LUT  |
+-----------+--------+--------+
|  Function |   525  |   153  |
|   Memory  |    -   |    -   |
|Multiplexer|    -   |    -   |
|  Register |   158  |    -   |
+-----------+--------+--------+
|   Total   |   683  |   153  |
+-----------+--------+--------+
