

================================================================
== Vitis HLS Report for 'interleaveTileMem2stream2D'
================================================================
* Date:           Fri Aug 14 22:50:25 2026

* Version:        2022.2 (Build 3670227 on Oct 13 2022)
* Project:        datamover_outerloop_0
* Solution:       solution (Vitis Kernel Flow Target)
* Product family: virtexuplus
* Target device:  xcu280-fsvh2892-2L-e


================================================================
== Performance Estimates
================================================================
+ Timing: 
    * Summary: 
    +--------+---------+----------+------------+
    |  Clock |  Target | Estimated| Uncertainty|
    +--------+---------+----------+------------+
    |ap_clk  |  3.33 ns|  2.433 ns|     0.90 ns|
    +--------+---------+----------+------------+

+ Latency: 
    * Summary: 
    +---------+---------+----------+----------+-----+-----+---------+
    |  Latency (cycles) |  Latency (absolute) |  Interval | Pipeline|
    |   min   |   max   |    min   |    max   | min | max |   Type  |
    +---------+---------+----------+----------+-----+-----+---------+
    |        ?|        ?|         ?|         ?|    ?|    ?|       no|
    +---------+---------+----------+----------+-----+-----+---------+

    + Detail: 
        * Instance: 
        +---------------------------------------------+----------------------------------+---------+---------+----------+----------+-----+-----+----------+
        |                                             |                                  |  Latency (cycles) |  Latency (absolute) |  Interval | Pipeline |
        |                   Instance                  |              Module              |   min   |   max   |    min   |    max   | min | max |   Type   |
        +---------------------------------------------+----------------------------------+---------+---------+----------+----------+-----+-----+----------+
        |grp_interleaveTileMem2Stream2D_inner_fu_218  |interleaveTileMem2Stream2D_inner  |        ?|        ?|         ?|         ?|    ?|    ?|  dataflow|
        +---------------------------------------------+----------------------------------+---------+---------+----------+----------+-----+-----+----------+

        * Loop: 
        +---------------+---------+---------+----------+-----------+-----------+-----------+----------+
        |               |  Latency (cycles) | Iteration|  Initiation Interval  |    Trip   |          |
        |   Loop Name   |   min   |   max   |  Latency |  achieved |   target  |   Count   | Pipelined|
        +---------------+---------+---------+----------+-----------+-----------+-----------+----------+
        |- tile_x_loop  |        ?|        ?|         ?|          -|          -|  0 ~ 65535|        no|
        | + row_loop    |        ?|        ?|         ?|          -|          -|          ?|        no|
        +---------------+---------+---------+----------+-----------+-----------+-----------+----------+



================================================================
== Utilization Estimates
================================================================
* Summary: 
+---------------------+---------+------+---------+---------+-----+
|         Name        | BRAM_18K|  DSP |    FF   |   LUT   | URAM|
+---------------------+---------+------+---------+---------+-----+
|DSP                  |        -|     -|        -|        -|    -|
|Expression           |        -|     -|        0|      348|    -|
|FIFO                 |        -|     -|        -|        -|    -|
|Instance             |        -|     -|      770|      966|    -|
|Memory               |        -|     -|        -|        -|    -|
|Multiplexer          |        -|     -|        -|      175|    -|
|Register             |        -|     -|      313|        -|    -|
+---------------------+---------+------+---------+---------+-----+
|Total                |        0|     0|     1083|     1489|    0|
+---------------------+---------+------+---------+---------+-----+
|Available SLR        |     1344|  3008|   869120|   434560|  320|
+---------------------+---------+------+---------+---------+-----+
|Utilization SLR (%)  |        0|     0|       ~0|       ~0|    0|
+---------------------+---------+------+---------+---------+-----+
|Available            |     4032|  9024|  2607360|  1303680|  960|
+---------------------+---------+------+---------+---------+-----+
|Utilization (%)      |        0|     0|       ~0|       ~0|    0|
+---------------------+---------+------+---------+---------+-----+

+ Detail: 
    * Instance: 
    +---------------------------------------------+----------------------------------+---------+----+-----+-----+-----+
    |                   Instance                  |              Module              | BRAM_18K| DSP|  FF | LUT | URAM|
    +---------------------------------------------+----------------------------------+---------+----+-----+-----+-----+
    |grp_interleaveTileMem2Stream2D_inner_fu_218  |interleaveTileMem2Stream2D_inner  |        0|   0|  770|  966|    0|
    +---------------------------------------------+----------------------------------+---------+----+-----+-----+-----+
    |Total                                        |                                  |        0|   0|  770|  966|    0|
    +---------------------------------------------+----------------------------------+---------+----+-----+-----+-----+

    * DSP: 
    N/A

    * Memory: 
    N/A

    * FIFO: 
    N/A

    * Expression: 
    +--------------------------------------------------------------+----------+----+---+----+------------+------------+
    |                         Variable Name                        | Operation| DSP| FF| LUT| Bitwidth P0| Bitwidth P1|
    +--------------------------------------------------------------+----------+----+---+----+------------+------------+
    |add_ln5952_fu_240_p2                                          |         +|   0|  0|  21|          14|           3|
    |add_ln5955_1_fu_381_p2                                        |         +|   0|  0|  23|          16|          16|
    |add_ln5955_fu_292_p2                                          |         +|   0|  0|  23|          16|           1|
    |add_ln6002_1_fu_371_p2                                        |         +|   0|  0|  71|          64|          64|
    |add_ln6002_fu_366_p2                                          |         +|   0|  0|  71|          64|          64|
    |add_ln6003_fu_376_p2                                          |         +|   0|  0|  34|          27|          27|
    |j_8_fu_348_p2                                                 |         +|   0|  0|  23|          16|           1|
    |sub_i_fu_260_p2                                               |         +|   0|  0|  24|          17|           2|
    |icmp_ln5955_fu_287_p2                                         |      icmp|   0|  0|  13|          16|          16|
    |icmp_ln5958_fu_312_p2                                         |      icmp|   0|  0|  13|          17|          17|
    |icmp_ln6000_fu_343_p2                                         |      icmp|   0|  0|  13|          16|          16|
    |ap_block_state1                                               |        or|   0|  0|   2|           1|           1|
    |ap_sync_grp_interleaveTileMem2Stream2D_inner_fu_218_ap_done   |        or|   0|  0|   2|           1|           1|
    |ap_sync_grp_interleaveTileMem2Stream2D_inner_fu_218_ap_ready  |        or|   0|  0|   2|           1|           1|
    |select_ln5958_fu_335_p3                                       |    select|   0|  0|  13|           1|          13|
    +--------------------------------------------------------------+----------+----+---+----+------------+------------+
    |Total                                                         |          |   0|  0| 348|         287|         243|
    +--------------------------------------------------------------+----------+----+---+----+------------+------------+

    * Multiplexer: 
    +---------------------------------------+----+-----------+-----+-----------+
    |                  Name                 | LUT| Input Size| Bits| Total Bits|
    +---------------------------------------+----+-----------+-----+-----------+
    |ap_NS_fsm                              |  31|          6|    1|          6|
    |ap_done                                |   9|          2|    1|          2|
    |arg0_read_mem_strm_g3_0_write          |   9|          2|    1|          2|
    |arg0_read_mem_strm_g3_1_write          |   9|          2|    1|          2|
    |indvars_iv_i_fu_110                    |   9|          2|   16|         32|
    |j_reg_207                              |   9|          2|   16|         32|
    |m_axi_gmem6_ARVALID                    |   9|          2|    1|          2|
    |m_axi_gmem6_RREADY                     |   9|          2|    1|          2|
    |m_axi_gmem7_ARVALID                    |   9|          2|    1|          2|
    |m_axi_gmem7_RREADY                     |   9|          2|    1|          2|
    |memconfig_grid_size_y_c96_blk_n        |   9|          2|    1|          2|
    |memconfig_last_tile_size_x_c123_blk_n  |   9|          2|    1|          2|
    |memconfig_tile_count_x_c103_blk_n      |   9|          2|    1|          2|
    |memconfig_tile_size_x_c110_blk_n       |   9|          2|    1|          2|
    |real_start                             |   9|          2|    1|          2|
    |row_base_reg_198                       |   9|          2|   27|         54|
    |tile_x_fu_114                          |   9|          2|   16|         32|
    +---------------------------------------+----+-----------+-----+-----------+
    |Total                                  | 175|         38|   88|        180|
    +---------------------------------------+----+-----------+-----+-----------+

    * Register: 
    +------------------------------------------------------------------+----+----+-----+-----------+
    |                               Name                               | FF | LUT| Bits| Const Bits|
    +------------------------------------------------------------------+----+----+-----+-----------+
    |add_ln5955_reg_457                                                |  16|   0|   16|          0|
    |add_ln6002_1_reg_485                                              |  64|   0|   64|          0|
    |add_ln6002_reg_480                                                |  64|   0|   64|          0|
    |add_ln6003_reg_490                                                |  27|   0|   27|          0|
    |ap_CS_fsm                                                         |   5|   0|    5|          0|
    |ap_done_reg                                                       |   1|   0|    1|          0|
    |ap_sync_reg_grp_interleaveTileMem2Stream2D_inner_fu_218_ap_done   |   1|   0|    1|          0|
    |ap_sync_reg_grp_interleaveTileMem2Stream2D_inner_fu_218_ap_ready  |   1|   0|    1|          0|
    |grp_interleaveTileMem2Stream2D_inner_fu_218_ap_start_reg          |   1|   0|    1|          0|
    |indvars_iv_i_fu_110                                               |  16|   0|   16|          0|
    |j_8_reg_475                                                       |  16|   0|   16|          0|
    |j_reg_207                                                         |  16|   0|   16|          0|
    |row_base_reg_198                                                  |  27|   0|   27|          0|
    |select_ln5958_reg_467                                             |  13|   0|   13|          0|
    |start_once_reg                                                    |   1|   0|    1|          0|
    |sub_i_reg_444                                                     |  17|   0|   17|          0|
    |tile_x_fu_114                                                     |  16|   0|   16|          0|
    |zext_ln5955_reg_449                                               |  11|   0|   27|         16|
    +------------------------------------------------------------------+----+----+-----+-----------+
    |Total                                                             | 313|   0|  329|         16|
    +------------------------------------------------------------------+----+----+-----+-----------+



================================================================
== Interface
================================================================
* Summary: 
+------------------------------------------------+-----+-----+------------+---------------------------------+--------------+
|                    RTL Ports                   | Dir | Bits|  Protocol  |          Source Object          |    C Type    |
+------------------------------------------------+-----+-----+------------+---------------------------------+--------------+
|ap_clk                                          |   in|    1|  ap_ctrl_hs|       interleaveTileMem2stream2D|  return value|
|ap_rst                                          |   in|    1|  ap_ctrl_hs|       interleaveTileMem2stream2D|  return value|
|ap_start                                        |   in|    1|  ap_ctrl_hs|       interleaveTileMem2stream2D|  return value|
|start_full_n                                    |   in|    1|  ap_ctrl_hs|       interleaveTileMem2stream2D|  return value|
|ap_done                                         |  out|    1|  ap_ctrl_hs|       interleaveTileMem2stream2D|  return value|
|ap_continue                                     |   in|    1|  ap_ctrl_hs|       interleaveTileMem2stream2D|  return value|
|ap_idle                                         |  out|    1|  ap_ctrl_hs|       interleaveTileMem2stream2D|  return value|
|ap_ready                                        |  out|    1|  ap_ctrl_hs|       interleaveTileMem2stream2D|  return value|
|start_out                                       |  out|    1|  ap_ctrl_hs|       interleaveTileMem2stream2D|  return value|
|start_write                                     |  out|    1|  ap_ctrl_hs|       interleaveTileMem2stream2D|  return value|
|arg0_read_mem_strm_g3_0_din                     |  out|  256|     ap_fifo|          arg0_read_mem_strm_g3_0|       pointer|
|arg0_read_mem_strm_g3_0_num_data_valid          |   in|    5|     ap_fifo|          arg0_read_mem_strm_g3_0|       pointer|
|arg0_read_mem_strm_g3_0_fifo_cap                |   in|    5|     ap_fifo|          arg0_read_mem_strm_g3_0|       pointer|
|arg0_read_mem_strm_g3_0_full_n                  |   in|    1|     ap_fifo|          arg0_read_mem_strm_g3_0|       pointer|
|arg0_read_mem_strm_g3_0_write                   |  out|    1|     ap_fifo|          arg0_read_mem_strm_g3_0|       pointer|
|arg0_read_mem_strm_g3_1_din                     |  out|  256|     ap_fifo|          arg0_read_mem_strm_g3_1|       pointer|
|arg0_read_mem_strm_g3_1_num_data_valid          |   in|    5|     ap_fifo|          arg0_read_mem_strm_g3_1|       pointer|
|arg0_read_mem_strm_g3_1_fifo_cap                |   in|    5|     ap_fifo|          arg0_read_mem_strm_g3_1|       pointer|
|arg0_read_mem_strm_g3_1_full_n                  |   in|    1|     ap_fifo|          arg0_read_mem_strm_g3_1|       pointer|
|arg0_read_mem_strm_g3_1_write                   |  out|    1|     ap_fifo|          arg0_read_mem_strm_g3_1|       pointer|
|p_read                                          |   in|   13|     ap_none|                           p_read|        scalar|
|p_read1                                         |   in|   16|     ap_none|                          p_read1|        scalar|
|p_read2                                         |   in|   16|     ap_none|                          p_read2|        scalar|
|p_read3                                         |   in|   16|     ap_none|                          p_read3|        scalar|
|p_read4                                         |   in|   16|     ap_none|                          p_read4|        scalar|
|p_read5                                         |   in|   16|     ap_none|                          p_read5|        scalar|
|m_axi_gmem6_AWVALID                             |  out|    1|       m_axi|                            gmem6|       pointer|
|m_axi_gmem6_AWREADY                             |   in|    1|       m_axi|                            gmem6|       pointer|
|m_axi_gmem6_AWADDR                              |  out|   64|       m_axi|                            gmem6|       pointer|
|m_axi_gmem6_AWID                                |  out|    1|       m_axi|                            gmem6|       pointer|
|m_axi_gmem6_AWLEN                               |  out|   32|       m_axi|                            gmem6|       pointer|
|m_axi_gmem6_AWSIZE                              |  out|    3|       m_axi|                            gmem6|       pointer|
|m_axi_gmem6_AWBURST                             |  out|    2|       m_axi|                            gmem6|       pointer|
|m_axi_gmem6_AWLOCK                              |  out|    2|       m_axi|                            gmem6|       pointer|
|m_axi_gmem6_AWCACHE                             |  out|    4|       m_axi|                            gmem6|       pointer|
|m_axi_gmem6_AWPROT                              |  out|    3|       m_axi|                            gmem6|       pointer|
|m_axi_gmem6_AWQOS                               |  out|    4|       m_axi|                            gmem6|       pointer|
|m_axi_gmem6_AWREGION                            |  out|    4|       m_axi|                            gmem6|       pointer|
|m_axi_gmem6_AWUSER                              |  out|    1|       m_axi|                            gmem6|       pointer|
|m_axi_gmem6_WVALID                              |  out|    1|       m_axi|                            gmem6|       pointer|
|m_axi_gmem6_WREADY                              |   in|    1|       m_axi|                            gmem6|       pointer|
|m_axi_gmem6_WDATA                               |  out|  256|       m_axi|                            gmem6|       pointer|
|m_axi_gmem6_WSTRB                               |  out|   32|       m_axi|                            gmem6|       pointer|
|m_axi_gmem6_WLAST                               |  out|    1|       m_axi|                            gmem6|       pointer|
|m_axi_gmem6_WID                                 |  out|    1|       m_axi|                            gmem6|       pointer|
|m_axi_gmem6_WUSER                               |  out|    1|       m_axi|                            gmem6|       pointer|
|m_axi_gmem6_ARVALID                             |  out|    1|       m_axi|                            gmem6|       pointer|
|m_axi_gmem6_ARREADY                             |   in|    1|       m_axi|                            gmem6|       pointer|
|m_axi_gmem6_ARADDR                              |  out|   64|       m_axi|                            gmem6|       pointer|
|m_axi_gmem6_ARID                                |  out|    1|       m_axi|                            gmem6|       pointer|
|m_axi_gmem6_ARLEN                               |  out|   32|       m_axi|                            gmem6|       pointer|
|m_axi_gmem6_ARSIZE                              |  out|    3|       m_axi|                            gmem6|       pointer|
|m_axi_gmem6_ARBURST                             |  out|    2|       m_axi|                            gmem6|       pointer|
|m_axi_gmem6_ARLOCK                              |  out|    2|       m_axi|                            gmem6|       pointer|
|m_axi_gmem6_ARCACHE                             |  out|    4|       m_axi|                            gmem6|       pointer|
|m_axi_gmem6_ARPROT                              |  out|    3|       m_axi|                            gmem6|       pointer|
|m_axi_gmem6_ARQOS                               |  out|    4|       m_axi|                            gmem6|       pointer|
|m_axi_gmem6_ARREGION                            |  out|    4|       m_axi|                            gmem6|       pointer|
|m_axi_gmem6_ARUSER                              |  out|    1|       m_axi|                            gmem6|       pointer|
|m_axi_gmem6_RVALID                              |   in|    1|       m_axi|                            gmem6|       pointer|
|m_axi_gmem6_RREADY                              |  out|    1|       m_axi|                            gmem6|       pointer|
|m_axi_gmem6_RDATA                               |   in|  256|       m_axi|                            gmem6|       pointer|
|m_axi_gmem6_RLAST                               |   in|    1|       m_axi|                            gmem6|       pointer|
|m_axi_gmem6_RID                                 |   in|    1|       m_axi|                            gmem6|       pointer|
|m_axi_gmem6_RFIFONUM                            |   in|    6|       m_axi|                            gmem6|       pointer|
|m_axi_gmem6_RUSER                               |   in|    1|       m_axi|                            gmem6|       pointer|
|m_axi_gmem6_RRESP                               |   in|    2|       m_axi|                            gmem6|       pointer|
|m_axi_gmem6_BVALID                              |   in|    1|       m_axi|                            gmem6|       pointer|
|m_axi_gmem6_BREADY                              |  out|    1|       m_axi|                            gmem6|       pointer|
|m_axi_gmem6_BRESP                               |   in|    2|       m_axi|                            gmem6|       pointer|
|m_axi_gmem6_BID                                 |   in|    1|       m_axi|                            gmem6|       pointer|
|m_axi_gmem6_BUSER                               |   in|    1|       m_axi|                            gmem6|       pointer|
|arg0_b6                                         |   in|   64|     ap_none|                          arg0_b6|        scalar|
|m_axi_gmem7_AWVALID                             |  out|    1|       m_axi|                            gmem7|       pointer|
|m_axi_gmem7_AWREADY                             |   in|    1|       m_axi|                            gmem7|       pointer|
|m_axi_gmem7_AWADDR                              |  out|   64|       m_axi|                            gmem7|       pointer|
|m_axi_gmem7_AWID                                |  out|    1|       m_axi|                            gmem7|       pointer|
|m_axi_gmem7_AWLEN                               |  out|   32|       m_axi|                            gmem7|       pointer|
|m_axi_gmem7_AWSIZE                              |  out|    3|       m_axi|                            gmem7|       pointer|
|m_axi_gmem7_AWBURST                             |  out|    2|       m_axi|                            gmem7|       pointer|
|m_axi_gmem7_AWLOCK                              |  out|    2|       m_axi|                            gmem7|       pointer|
|m_axi_gmem7_AWCACHE                             |  out|    4|       m_axi|                            gmem7|       pointer|
|m_axi_gmem7_AWPROT                              |  out|    3|       m_axi|                            gmem7|       pointer|
|m_axi_gmem7_AWQOS                               |  out|    4|       m_axi|                            gmem7|       pointer|
|m_axi_gmem7_AWREGION                            |  out|    4|       m_axi|                            gmem7|       pointer|
|m_axi_gmem7_AWUSER                              |  out|    1|       m_axi|                            gmem7|       pointer|
|m_axi_gmem7_WVALID                              |  out|    1|       m_axi|                            gmem7|       pointer|
|m_axi_gmem7_WREADY                              |   in|    1|       m_axi|                            gmem7|       pointer|
|m_axi_gmem7_WDATA                               |  out|  256|       m_axi|                            gmem7|       pointer|
|m_axi_gmem7_WSTRB                               |  out|   32|       m_axi|                            gmem7|       pointer|
|m_axi_gmem7_WLAST                               |  out|    1|       m_axi|                            gmem7|       pointer|
|m_axi_gmem7_WID                                 |  out|    1|       m_axi|                            gmem7|       pointer|
|m_axi_gmem7_WUSER                               |  out|    1|       m_axi|                            gmem7|       pointer|
|m_axi_gmem7_ARVALID                             |  out|    1|       m_axi|                            gmem7|       pointer|
|m_axi_gmem7_ARREADY                             |   in|    1|       m_axi|                            gmem7|       pointer|
|m_axi_gmem7_ARADDR                              |  out|   64|       m_axi|                            gmem7|       pointer|
|m_axi_gmem7_ARID                                |  out|    1|       m_axi|                            gmem7|       pointer|
|m_axi_gmem7_ARLEN                               |  out|   32|       m_axi|                            gmem7|       pointer|
|m_axi_gmem7_ARSIZE                              |  out|    3|       m_axi|                            gmem7|       pointer|
|m_axi_gmem7_ARBURST                             |  out|    2|       m_axi|                            gmem7|       pointer|
|m_axi_gmem7_ARLOCK                              |  out|    2|       m_axi|                            gmem7|       pointer|
|m_axi_gmem7_ARCACHE                             |  out|    4|       m_axi|                            gmem7|       pointer|
|m_axi_gmem7_ARPROT                              |  out|    3|       m_axi|                            gmem7|       pointer|
|m_axi_gmem7_ARQOS                               |  out|    4|       m_axi|                            gmem7|       pointer|
|m_axi_gmem7_ARREGION                            |  out|    4|       m_axi|                            gmem7|       pointer|
|m_axi_gmem7_ARUSER                              |  out|    1|       m_axi|                            gmem7|       pointer|
|m_axi_gmem7_RVALID                              |   in|    1|       m_axi|                            gmem7|       pointer|
|m_axi_gmem7_RREADY                              |  out|    1|       m_axi|                            gmem7|       pointer|
|m_axi_gmem7_RDATA                               |   in|  256|       m_axi|                            gmem7|       pointer|
|m_axi_gmem7_RLAST                               |   in|    1|       m_axi|                            gmem7|       pointer|
|m_axi_gmem7_RID                                 |   in|    1|       m_axi|                            gmem7|       pointer|
|m_axi_gmem7_RFIFONUM                            |   in|    6|       m_axi|                            gmem7|       pointer|
|m_axi_gmem7_RUSER                               |   in|    1|       m_axi|                            gmem7|       pointer|
|m_axi_gmem7_RRESP                               |   in|    2|       m_axi|                            gmem7|       pointer|
|m_axi_gmem7_BVALID                              |   in|    1|       m_axi|                            gmem7|       pointer|
|m_axi_gmem7_BREADY                              |  out|    1|       m_axi|                            gmem7|       pointer|
|m_axi_gmem7_BRESP                               |   in|    2|       m_axi|                            gmem7|       pointer|
|m_axi_gmem7_BID                                 |   in|    1|       m_axi|                            gmem7|       pointer|
|m_axi_gmem7_BUSER                               |   in|    1|       m_axi|                            gmem7|       pointer|
|arg0_b7                                         |   in|   64|     ap_none|                          arg0_b7|        scalar|
|memconfig_grid_size_y_c96_din                   |  out|   16|     ap_fifo|        memconfig_grid_size_y_c96|       pointer|
|memconfig_grid_size_y_c96_num_data_valid        |   in|    2|     ap_fifo|        memconfig_grid_size_y_c96|       pointer|
|memconfig_grid_size_y_c96_fifo_cap              |   in|    2|     ap_fifo|        memconfig_grid_size_y_c96|       pointer|
|memconfig_grid_size_y_c96_full_n                |   in|    1|     ap_fifo|        memconfig_grid_size_y_c96|       pointer|
|memconfig_grid_size_y_c96_write                 |  out|    1|     ap_fifo|        memconfig_grid_size_y_c96|       pointer|
|memconfig_tile_count_x_c103_din                 |  out|   16|     ap_fifo|      memconfig_tile_count_x_c103|       pointer|
|memconfig_tile_count_x_c103_num_data_valid      |   in|    2|     ap_fifo|      memconfig_tile_count_x_c103|       pointer|
|memconfig_tile_count_x_c103_fifo_cap            |   in|    2|     ap_fifo|      memconfig_tile_count_x_c103|       pointer|
|memconfig_tile_count_x_c103_full_n              |   in|    1|     ap_fifo|      memconfig_tile_count_x_c103|       pointer|
|memconfig_tile_count_x_c103_write               |  out|    1|     ap_fifo|      memconfig_tile_count_x_c103|       pointer|
|memconfig_tile_size_x_c110_din                  |  out|   16|     ap_fifo|       memconfig_tile_size_x_c110|       pointer|
|memconfig_tile_size_x_c110_num_data_valid       |   in|    2|     ap_fifo|       memconfig_tile_size_x_c110|       pointer|
|memconfig_tile_size_x_c110_fifo_cap             |   in|    2|     ap_fifo|       memconfig_tile_size_x_c110|       pointer|
|memconfig_tile_size_x_c110_full_n               |   in|    1|     ap_fifo|       memconfig_tile_size_x_c110|       pointer|
|memconfig_tile_size_x_c110_write                |  out|    1|     ap_fifo|       memconfig_tile_size_x_c110|       pointer|
|memconfig_last_tile_size_x_c123_din             |  out|   16|     ap_fifo|  memconfig_last_tile_size_x_c123|       pointer|
|memconfig_last_tile_size_x_c123_num_data_valid  |   in|    2|     ap_fifo|  memconfig_last_tile_size_x_c123|       pointer|
|memconfig_last_tile_size_x_c123_fifo_cap        |   in|    2|     ap_fifo|  memconfig_last_tile_size_x_c123|       pointer|
|memconfig_last_tile_size_x_c123_full_n          |   in|    1|     ap_fifo|  memconfig_last_tile_size_x_c123|       pointer|
|memconfig_last_tile_size_x_c123_write           |  out|    1|     ap_fifo|  memconfig_last_tile_size_x_c123|       pointer|
+------------------------------------------------+-----+-----+------------+---------------------------------+--------------+

