

================================================================
== Vitis HLS Report for 'kernel_poisson_kernel_stencil_PE_16'
================================================================
* Date:           Fri Jul 24 21:27:02 2026

* Version:        2022.2 (Build 3670227 on Oct 13 2022)
* Project:        kernel_outerloop_0
* Solution:       solution (Vitis Kernel Flow Target)
* Product family: virtexuplus
* Target device:  xcu280-fsvh2892-2L-e


================================================================
== Performance Estimates
================================================================
+ Timing: 
    * Summary: 
    +--------+---------+----------+------------+
    |  Clock |  Target | Estimated| Uncertainty|
    +--------+---------+----------+------------+
    |ap_clk  |  3.33 ns|  2.433 ns|     0.90 ns|
    +--------+---------+----------+------------+

+ Latency: 
    * Summary: 
    +---------+---------+----------+----------+-----+-----+---------+
    |  Latency (cycles) |  Latency (absolute) |  Interval | Pipeline|
    |   min   |   max   |    min   |    max   | min | max |   Type  |
    +---------+---------+----------+----------+-----+-----+---------+
    |        ?|        ?|         ?|         ?|    ?|    ?|       no|
    +---------+---------+----------+----------+-----+-----+---------+

    + Detail: 
        * Instance: 
        +-----------------------+------------+---------+---------+----------+----------+-----+-----+---------+
        |                       |            |  Latency (cycles) |  Latency (absolute) |  Interval | Pipeline|
        |        Instance       |   Module   |   min   |   max   |    min   |    max   | min | max |   Type  |
        +-----------------------+------------+---------+---------+----------+----------+-----+-----+---------+
        |grp_stencilRun_fu_174  |stencilRun  |        ?|        ?|         ?|         ?|    ?|    ?|       no|
        +-----------------------+------------+---------+---------+----------+----------+-----+-----+---------+

        * Loop: 
        N/A



================================================================
== Utilization Estimates
================================================================
* Summary: 
+---------------------+---------+------+---------+---------+-----+
|         Name        | BRAM_18K|  DSP |    FF   |   LUT   | URAM|
+---------------------+---------+------+---------+---------+-----+
|DSP                  |        -|     -|        -|        -|    -|
|Expression           |        -|     -|        0|        2|    -|
|FIFO                 |        -|     -|        -|        -|    -|
|Instance             |        8|    66|    16023|    11530|    4|
|Memory               |        -|     -|        -|        -|    -|
|Multiplexer          |        -|     -|        -|      194|    -|
|Register             |        -|     -|      133|        -|    -|
+---------------------+---------+------+---------+---------+-----+
|Total                |        8|    66|    16156|    11726|    4|
+---------------------+---------+------+---------+---------+-----+
|Available SLR        |     1344|  3008|   869120|   434560|  320|
+---------------------+---------+------+---------+---------+-----+
|Utilization SLR (%)  |       ~0|     2|        1|        2|    1|
+---------------------+---------+------+---------+---------+-----+
|Available            |     4032|  9024|  2607360|  1303680|  960|
+---------------------+---------+------+---------+---------+-----+
|Utilization (%)      |       ~0|    ~0|       ~0|       ~0|   ~0|
+---------------------+---------+------+---------+---------+-----+

+ Detail: 
    * Instance: 
    +-----------------------+------------+---------+----+-------+-------+-----+
    |        Instance       |   Module   | BRAM_18K| DSP|   FF  |  LUT  | URAM|
    +-----------------------+------------+---------+----+-------+-------+-----+
    |grp_stencilRun_fu_174  |stencilRun  |        8|  66|  16023|  11530|    4|
    +-----------------------+------------+---------+----+-------+-------+-----+
    |Total                  |            |        8|  66|  16023|  11530|    4|
    +-----------------------+------------+---------+----+-------+-------+-----+

    * DSP: 
    N/A

    * Memory: 
    N/A

    * FIFO: 
    N/A

    * Expression: 
    +-----------------+----------+----+---+----+------------+------------+
    |  Variable Name  | Operation| DSP| FF| LUT| Bitwidth P0| Bitwidth P1|
    +-----------------+----------+----+---+----+------------+------------+
    |ap_block_state1  |        or|   0|  0|   2|           1|           1|
    +-----------------+----------+----+---+----+------------+------------+
    |Total            |          |   0|  0|   2|           1|           1|
    +-----------------+----------+----+---+----+------------+------------+

    * Multiplexer: 
    +-------------------------------------------+----+-----------+-----+-----------+
    |                    Name                   | LUT| Input Size| Bits| Total Bits|
    +-------------------------------------------+----+-----------+-----+-----------+
    |ap_NS_fsm                                  |  14|          3|    1|          3|
    |ap_done                                    |   9|          2|    1|          2|
    |arg0_arg1_streams_16_read                  |   9|          2|    1|          2|
    |arg0_arg1_streams_17_write                 |   9|          2|    1|          2|
    |real_start                                 |   9|          2|    1|          2|
    |stencilConfig_batch_size_blk_n             |   9|          2|    1|          2|
    |stencilConfig_batch_size_c251_blk_n        |   9|          2|    1|          2|
    |stencilConfig_grid_size_0_blk_n            |   9|          2|    1|          2|
    |stencilConfig_grid_size_0_c69_blk_n        |   9|          2|    1|          2|
    |stencilConfig_grid_size_1_blk_n            |   9|          2|    1|          2|
    |stencilConfig_grid_size_1_c95_blk_n        |   9|          2|    1|          2|
    |stencilConfig_lower_limit_0_blk_n          |   9|          2|    1|          2|
    |stencilConfig_lower_limit_0_c121_blk_n     |   9|          2|    1|          2|
    |stencilConfig_lower_limit_1_blk_n          |   9|          2|    1|          2|
    |stencilConfig_lower_limit_1_c147_blk_n     |   9|          2|    1|          2|
    |stencilConfig_outer_loop_limit_blk_n       |   9|          2|    1|          2|
    |stencilConfig_outer_loop_limit_c225_blk_n  |   9|          2|    1|          2|
    |stencilConfig_upper_limit_0_blk_n          |   9|          2|    1|          2|
    |stencilConfig_upper_limit_0_c173_blk_n     |   9|          2|    1|          2|
    |stencilConfig_upper_limit_1_blk_n          |   9|          2|    1|          2|
    |stencilConfig_upper_limit_1_c199_blk_n     |   9|          2|    1|          2|
    +-------------------------------------------+----+-----------+-----+-----------+
    |Total                                      | 194|         43|   21|         43|
    +-------------------------------------------+----+-----------+-----+-----------+

    * Register: 
    +--------------------------------------------------+----+----+-----+-----------+
    |                       Name                       | FF | LUT| Bits| Const Bits|
    +--------------------------------------------------+----+----+-----+-----------+
    |ap_CS_fsm                                         |   2|   0|    2|          0|
    |ap_done_reg                                       |   1|   0|    1|          0|
    |grp_stencilRun_fu_174_ap_start_reg                |   1|   0|    1|          0|
    |start_once_reg                                    |   1|   0|    1|          0|
    |stencil_m_stencilConfig_batch_size_reg_198        |  16|   0|   16|          0|
    |stencil_m_stencilConfig_grid_size_19_reg_228      |  16|   0|   16|          0|
    |stencil_m_stencilConfig_grid_size_reg_233         |  16|   0|   16|          0|
    |stencil_m_stencilConfig_lower_limit_19_reg_218    |  16|   0|   16|          0|
    |stencil_m_stencilConfig_lower_limit_reg_223       |  16|   0|   16|          0|
    |stencil_m_stencilConfig_outer_loop_limit_reg_203  |  16|   0|   16|          0|
    |stencil_m_stencilConfig_upper_limit_19_reg_208    |  16|   0|   16|          0|
    |stencil_m_stencilConfig_upper_limit_reg_213       |  16|   0|   16|          0|
    +--------------------------------------------------+----+----+-----+-----------+
    |Total                                             | 133|   0|  133|          0|
    +--------------------------------------------------+----+----+-----+-----------+



================================================================
== Interface
================================================================
* Summary: 
+----------------------------------------------------+-----+-----+------------+-------------------------------------+--------------+
|                      RTL Ports                     | Dir | Bits|  Protocol  |            Source Object            |    C Type    |
+----------------------------------------------------+-----+-----+------------+-------------------------------------+--------------+
|ap_clk                                              |   in|    1|  ap_ctrl_hs|  kernel_poisson_kernel_stencil_PE.16|  return value|
|ap_rst                                              |   in|    1|  ap_ctrl_hs|  kernel_poisson_kernel_stencil_PE.16|  return value|
|ap_start                                            |   in|    1|  ap_ctrl_hs|  kernel_poisson_kernel_stencil_PE.16|  return value|
|start_full_n                                        |   in|    1|  ap_ctrl_hs|  kernel_poisson_kernel_stencil_PE.16|  return value|
|ap_done                                             |  out|    1|  ap_ctrl_hs|  kernel_poisson_kernel_stencil_PE.16|  return value|
|ap_continue                                         |   in|    1|  ap_ctrl_hs|  kernel_poisson_kernel_stencil_PE.16|  return value|
|ap_idle                                             |  out|    1|  ap_ctrl_hs|  kernel_poisson_kernel_stencil_PE.16|  return value|
|ap_ready                                            |  out|    1|  ap_ctrl_hs|  kernel_poisson_kernel_stencil_PE.16|  return value|
|start_out                                           |  out|    1|  ap_ctrl_hs|  kernel_poisson_kernel_stencil_PE.16|  return value|
|start_write                                         |  out|    1|  ap_ctrl_hs|  kernel_poisson_kernel_stencil_PE.16|  return value|
|stencilConfig_grid_size_0_dout                      |   in|   16|     ap_fifo|            stencilConfig_grid_size_0|       pointer|
|stencilConfig_grid_size_0_num_data_valid            |   in|    2|     ap_fifo|            stencilConfig_grid_size_0|       pointer|
|stencilConfig_grid_size_0_fifo_cap                  |   in|    2|     ap_fifo|            stencilConfig_grid_size_0|       pointer|
|stencilConfig_grid_size_0_empty_n                   |   in|    1|     ap_fifo|            stencilConfig_grid_size_0|       pointer|
|stencilConfig_grid_size_0_read                      |  out|    1|     ap_fifo|            stencilConfig_grid_size_0|       pointer|
|stencilConfig_grid_size_1_dout                      |   in|   16|     ap_fifo|            stencilConfig_grid_size_1|       pointer|
|stencilConfig_grid_size_1_num_data_valid            |   in|    2|     ap_fifo|            stencilConfig_grid_size_1|       pointer|
|stencilConfig_grid_size_1_fifo_cap                  |   in|    2|     ap_fifo|            stencilConfig_grid_size_1|       pointer|
|stencilConfig_grid_size_1_empty_n                   |   in|    1|     ap_fifo|            stencilConfig_grid_size_1|       pointer|
|stencilConfig_grid_size_1_read                      |  out|    1|     ap_fifo|            stencilConfig_grid_size_1|       pointer|
|stencilConfig_lower_limit_0_dout                    |   in|   16|     ap_fifo|          stencilConfig_lower_limit_0|       pointer|
|stencilConfig_lower_limit_0_num_data_valid          |   in|    2|     ap_fifo|          stencilConfig_lower_limit_0|       pointer|
|stencilConfig_lower_limit_0_fifo_cap                |   in|    2|     ap_fifo|          stencilConfig_lower_limit_0|       pointer|
|stencilConfig_lower_limit_0_empty_n                 |   in|    1|     ap_fifo|          stencilConfig_lower_limit_0|       pointer|
|stencilConfig_lower_limit_0_read                    |  out|    1|     ap_fifo|          stencilConfig_lower_limit_0|       pointer|
|stencilConfig_lower_limit_1_dout                    |   in|   16|     ap_fifo|          stencilConfig_lower_limit_1|       pointer|
|stencilConfig_lower_limit_1_num_data_valid          |   in|    2|     ap_fifo|          stencilConfig_lower_limit_1|       pointer|
|stencilConfig_lower_limit_1_fifo_cap                |   in|    2|     ap_fifo|          stencilConfig_lower_limit_1|       pointer|
|stencilConfig_lower_limit_1_empty_n                 |   in|    1|     ap_fifo|          stencilConfig_lower_limit_1|       pointer|
|stencilConfig_lower_limit_1_read                    |  out|    1|     ap_fifo|          stencilConfig_lower_limit_1|       pointer|
|stencilConfig_upper_limit_0_dout                    |   in|   16|     ap_fifo|          stencilConfig_upper_limit_0|       pointer|
|stencilConfig_upper_limit_0_num_data_valid          |   in|    2|     ap_fifo|          stencilConfig_upper_limit_0|       pointer|
|stencilConfig_upper_limit_0_fifo_cap                |   in|    2|     ap_fifo|          stencilConfig_upper_limit_0|       pointer|
|stencilConfig_upper_limit_0_empty_n                 |   in|    1|     ap_fifo|          stencilConfig_upper_limit_0|       pointer|
|stencilConfig_upper_limit_0_read                    |  out|    1|     ap_fifo|          stencilConfig_upper_limit_0|       pointer|
|stencilConfig_upper_limit_1_dout                    |   in|   16|     ap_fifo|          stencilConfig_upper_limit_1|       pointer|
|stencilConfig_upper_limit_1_num_data_valid          |   in|    2|     ap_fifo|          stencilConfig_upper_limit_1|       pointer|
|stencilConfig_upper_limit_1_fifo_cap                |   in|    2|     ap_fifo|          stencilConfig_upper_limit_1|       pointer|
|stencilConfig_upper_limit_1_empty_n                 |   in|    1|     ap_fifo|          stencilConfig_upper_limit_1|       pointer|
|stencilConfig_upper_limit_1_read                    |  out|    1|     ap_fifo|          stencilConfig_upper_limit_1|       pointer|
|stencilConfig_outer_loop_limit_dout                 |   in|   16|     ap_fifo|       stencilConfig_outer_loop_limit|       pointer|
|stencilConfig_outer_loop_limit_num_data_valid       |   in|    2|     ap_fifo|       stencilConfig_outer_loop_limit|       pointer|
|stencilConfig_outer_loop_limit_fifo_cap             |   in|    2|     ap_fifo|       stencilConfig_outer_loop_limit|       pointer|
|stencilConfig_outer_loop_limit_empty_n              |   in|    1|     ap_fifo|       stencilConfig_outer_loop_limit|       pointer|
|stencilConfig_outer_loop_limit_read                 |  out|    1|     ap_fifo|       stencilConfig_outer_loop_limit|       pointer|
|stencilConfig_batch_size_dout                       |   in|   16|     ap_fifo|             stencilConfig_batch_size|       pointer|
|stencilConfig_batch_size_num_data_valid             |   in|    2|     ap_fifo|             stencilConfig_batch_size|       pointer|
|stencilConfig_batch_size_fifo_cap                   |   in|    2|     ap_fifo|             stencilConfig_batch_size|       pointer|
|stencilConfig_batch_size_empty_n                    |   in|    1|     ap_fifo|             stencilConfig_batch_size|       pointer|
|stencilConfig_batch_size_read                       |  out|    1|     ap_fifo|             stencilConfig_batch_size|       pointer|
|arg0_arg1_streams_16_dout                           |   in|  256|     ap_fifo|                 arg0_arg1_streams_16|       pointer|
|arg0_arg1_streams_16_num_data_valid                 |   in|    5|     ap_fifo|                 arg0_arg1_streams_16|       pointer|
|arg0_arg1_streams_16_fifo_cap                       |   in|    5|     ap_fifo|                 arg0_arg1_streams_16|       pointer|
|arg0_arg1_streams_16_empty_n                        |   in|    1|     ap_fifo|                 arg0_arg1_streams_16|       pointer|
|arg0_arg1_streams_16_read                           |  out|    1|     ap_fifo|                 arg0_arg1_streams_16|       pointer|
|arg0_arg1_streams_17_din                            |  out|  256|     ap_fifo|                 arg0_arg1_streams_17|       pointer|
|arg0_arg1_streams_17_num_data_valid                 |   in|    5|     ap_fifo|                 arg0_arg1_streams_17|       pointer|
|arg0_arg1_streams_17_fifo_cap                       |   in|    5|     ap_fifo|                 arg0_arg1_streams_17|       pointer|
|arg0_arg1_streams_17_full_n                         |   in|    1|     ap_fifo|                 arg0_arg1_streams_17|       pointer|
|arg0_arg1_streams_17_write                          |  out|    1|     ap_fifo|                 arg0_arg1_streams_17|       pointer|
|stencilConfig_grid_size_0_c69_din                   |  out|   16|     ap_fifo|        stencilConfig_grid_size_0_c69|       pointer|
|stencilConfig_grid_size_0_c69_num_data_valid        |   in|    2|     ap_fifo|        stencilConfig_grid_size_0_c69|       pointer|
|stencilConfig_grid_size_0_c69_fifo_cap              |   in|    2|     ap_fifo|        stencilConfig_grid_size_0_c69|       pointer|
|stencilConfig_grid_size_0_c69_full_n                |   in|    1|     ap_fifo|        stencilConfig_grid_size_0_c69|       pointer|
|stencilConfig_grid_size_0_c69_write                 |  out|    1|     ap_fifo|        stencilConfig_grid_size_0_c69|       pointer|
|stencilConfig_grid_size_1_c95_din                   |  out|   16|     ap_fifo|        stencilConfig_grid_size_1_c95|       pointer|
|stencilConfig_grid_size_1_c95_num_data_valid        |   in|    2|     ap_fifo|        stencilConfig_grid_size_1_c95|       pointer|
|stencilConfig_grid_size_1_c95_fifo_cap              |   in|    2|     ap_fifo|        stencilConfig_grid_size_1_c95|       pointer|
|stencilConfig_grid_size_1_c95_full_n                |   in|    1|     ap_fifo|        stencilConfig_grid_size_1_c95|       pointer|
|stencilConfig_grid_size_1_c95_write                 |  out|    1|     ap_fifo|        stencilConfig_grid_size_1_c95|       pointer|
|stencilConfig_lower_limit_0_c121_din                |  out|   16|     ap_fifo|     stencilConfig_lower_limit_0_c121|       pointer|
|stencilConfig_lower_limit_0_c121_num_data_valid     |   in|    2|     ap_fifo|     stencilConfig_lower_limit_0_c121|       pointer|
|stencilConfig_lower_limit_0_c121_fifo_cap           |   in|    2|     ap_fifo|     stencilConfig_lower_limit_0_c121|       pointer|
|stencilConfig_lower_limit_0_c121_full_n             |   in|    1|     ap_fifo|     stencilConfig_lower_limit_0_c121|       pointer|
|stencilConfig_lower_limit_0_c121_write              |  out|    1|     ap_fifo|     stencilConfig_lower_limit_0_c121|       pointer|
|stencilConfig_lower_limit_1_c147_din                |  out|   16|     ap_fifo|     stencilConfig_lower_limit_1_c147|       pointer|
|stencilConfig_lower_limit_1_c147_num_data_valid     |   in|    2|     ap_fifo|     stencilConfig_lower_limit_1_c147|       pointer|
|stencilConfig_lower_limit_1_c147_fifo_cap           |   in|    2|     ap_fifo|     stencilConfig_lower_limit_1_c147|       pointer|
|stencilConfig_lower_limit_1_c147_full_n             |   in|    1|     ap_fifo|     stencilConfig_lower_limit_1_c147|       pointer|
|stencilConfig_lower_limit_1_c147_write              |  out|    1|     ap_fifo|     stencilConfig_lower_limit_1_c147|       pointer|
|stencilConfig_upper_limit_0_c173_din                |  out|   16|     ap_fifo|     stencilConfig_upper_limit_0_c173|       pointer|
|stencilConfig_upper_limit_0_c173_num_data_valid     |   in|    2|     ap_fifo|     stencilConfig_upper_limit_0_c173|       pointer|
|stencilConfig_upper_limit_0_c173_fifo_cap           |   in|    2|     ap_fifo|     stencilConfig_upper_limit_0_c173|       pointer|
|stencilConfig_upper_limit_0_c173_full_n             |   in|    1|     ap_fifo|     stencilConfig_upper_limit_0_c173|       pointer|
|stencilConfig_upper_limit_0_c173_write              |  out|    1|     ap_fifo|     stencilConfig_upper_limit_0_c173|       pointer|
|stencilConfig_upper_limit_1_c199_din                |  out|   16|     ap_fifo|     stencilConfig_upper_limit_1_c199|       pointer|
|stencilConfig_upper_limit_1_c199_num_data_valid     |   in|    2|     ap_fifo|     stencilConfig_upper_limit_1_c199|       pointer|
|stencilConfig_upper_limit_1_c199_fifo_cap           |   in|    2|     ap_fifo|     stencilConfig_upper_limit_1_c199|       pointer|
|stencilConfig_upper_limit_1_c199_full_n             |   in|    1|     ap_fifo|     stencilConfig_upper_limit_1_c199|       pointer|
|stencilConfig_upper_limit_1_c199_write              |  out|    1|     ap_fifo|     stencilConfig_upper_limit_1_c199|       pointer|
|stencilConfig_outer_loop_limit_c225_din             |  out|   16|     ap_fifo|  stencilConfig_outer_loop_limit_c225|       pointer|
|stencilConfig_outer_loop_limit_c225_num_data_valid  |   in|    2|     ap_fifo|  stencilConfig_outer_loop_limit_c225|       pointer|
|stencilConfig_outer_loop_limit_c225_fifo_cap        |   in|    2|     ap_fifo|  stencilConfig_outer_loop_limit_c225|       pointer|
|stencilConfig_outer_loop_limit_c225_full_n          |   in|    1|     ap_fifo|  stencilConfig_outer_loop_limit_c225|       pointer|
|stencilConfig_outer_loop_limit_c225_write           |  out|    1|     ap_fifo|  stencilConfig_outer_loop_limit_c225|       pointer|
|stencilConfig_batch_size_c251_din                   |  out|   16|     ap_fifo|        stencilConfig_batch_size_c251|       pointer|
|stencilConfig_batch_size_c251_num_data_valid        |   in|    2|     ap_fifo|        stencilConfig_batch_size_c251|       pointer|
|stencilConfig_batch_size_c251_fifo_cap              |   in|    2|     ap_fifo|        stencilConfig_batch_size_c251|       pointer|
|stencilConfig_batch_size_c251_full_n                |   in|    1|     ap_fifo|        stencilConfig_batch_size_c251|       pointer|
|stencilConfig_batch_size_c251_write                 |  out|    1|     ap_fifo|        stencilConfig_batch_size_c251|       pointer|
+----------------------------------------------------+-----+-----+------------+-------------------------------------+--------------+

