In file included from /home/x_thileeb/repos/ops-hls-batching-new/codegen_apps/tiling/poisson2d/u280_project/maxtile_8192_interleave_p8/hls/device/src/kernel_outerloop_0_0.cpp:2:
In file included from /home/x_thileeb/repos/ops-hls-batching-new/OPS/ops/hls/include/device/ops_hls_kernel_support.h:13:
/home/x_thileeb/repos/ops-hls-batching-new/OPS/ops/hls/include/device/../../common/include/ops_hls_defs.hpp:107:16: warning: attribute 'deprecated' is ignored, place it after "struct" to apply attribute to type declaration [-Wignored-attributes]
__attribute__((deprecated)) struct GridPropertyCore
               ^
In file included from /home/x_thileeb/repos/ops-hls-batching-new/codegen_apps/tiling/poisson2d/u280_project/maxtile_8192_interleave_p8/hls/device/src/kernel_outerloop_0_0.cpp:2:
In file included from /home/x_thileeb/repos/ops-hls-batching-new/OPS/ops/hls/include/device/ops_hls_kernel_support.h:16:
/home/x_thileeb/repos/ops-hls-batching-new/OPS/ops/hls/include/device/../../L1/include/ops_hls_datamover.hpp:261:9: warning: missing argument for 'max' [-Winvalid-hls-pragmas]
#pragma HLS LOOP_TRIPCOUNT avg=avg_num_data_per_axis_pkt
        ^
/home/x_thileeb/repos/ops-hls-batching-new/OPS/ops/hls/include/device/../../L1/include/ops_hls_datamover.hpp:392:9: warning: missing argument for 'max' [-Winvalid-hls-pragmas]
#pragma HLS LOOP_TRIPCOUNT avg=avg_num_data_per_axis_pkt
        ^
/home/x_thileeb/repos/ops-hls-batching-new/OPS/ops/hls/include/device/../../L1/include/ops_hls_datamover.hpp:7448:9: warning: missing argument for 'max' [-Winvalid-hls-pragmas]
#pragma HLS LOOP_TRIPCOUNT min=1 avg=8
        ^
/home/x_thileeb/repos/ops-hls-batching-new/OPS/ops/hls/include/device/../../L1/include/ops_hls_datamover.hpp:8071:9: warning: missing argument for 'max' [-Winvalid-hls-pragmas]
#pragma HLS LOOP_TRIPCOUNT min=1 avg=8
        ^
/home/x_thileeb/repos/ops-hls-batching-new/OPS/ops/hls/include/device/../../L1/include/ops_hls_datamover.hpp:8176:80: warning: logical not is only applied to the left hand side of this comparison [-Wlogical-not-parentheses]
 bool isContinous = (grid_xblocks == num_xblocks and (diff_y == gridSize[1] or not range.dim == 3)) or range.dim == 1;
                                                                               ^             ~~
/home/x_thileeb/repos/ops-hls-batching-new/OPS/ops/hls/include/device/../../L1/include/ops_hls_datamover.hpp:8176:80: note: add parentheses after the '!' to evaluate the comparison first
 bool isContinous = (grid_xblocks == num_xblocks and (diff_y == gridSize[1] or not range.dim == 3)) or range.dim == 1;
                                                                               ^
                                                                                   (             )
/home/x_thileeb/repos/ops-hls-batching-new/OPS/ops/hls/include/device/../../L1/include/ops_hls_datamover.hpp:8176:80: note: add parentheses around left hand side expression to silence this warning
 bool isContinous = (grid_xblocks == num_xblocks and (diff_y == gridSize[1] or not range.dim == 3)) or range.dim == 1;
                                                                               ^
                                                                               (            )
/home/x_thileeb/repos/ops-hls-batching-new/OPS/ops/hls/include/device/../../L1/include/ops_hls_datamover.hpp:8447:80: warning: logical not is only applied to the left hand side of this comparison [-Wlogical-not-parentheses]
 bool isContinous = (grid_xblocks == num_xblocks and (diff_y == gridSize[1] or not range.dim == 3)) or range.dim==1;
                                                                               ^             ~~
/home/x_thileeb/repos/ops-hls-batching-new/OPS/ops/hls/include/device/../../L1/include/ops_hls_datamover.hpp:8447:80: note: add parentheses after the '!' to evaluate the comparison first
 bool isContinous = (grid_xblocks == num_xblocks and (diff_y == gridSize[1] or not range.dim == 3)) or range.dim==1;
                                                                               ^
                                                                                   (             )
/home/x_thileeb/repos/ops-hls-batching-new/OPS/ops/hls/include/device/../../L1/include/ops_hls_datamover.hpp:8447:80: note: add parentheses around left hand side expression to silence this warning
 bool isContinous = (grid_xblocks == num_xblocks and (diff_y == gridSize[1] or not range.dim == 3)) or range.dim==1;
                                                                               ^
                                                                               (            )
/home/x_thileeb/repos/ops-hls-batching-new/codegen_apps/tiling/poisson2d/u280_project/maxtile_8192_interleave_p8/hls/device/src/kernel_outerloop_0_0.cpp:124:23: warning: 'stream2interleave<256, 32, 8, 1>' is deprecated [-Wdeprecated-declarations]
            ops::hls::stream2interleave<axis_data_width, 32, 8, 1>(arg0_arg1_streams[0], arg0_poisson_kernel_stencil_in_subtile_stream[0], num_pkts);
                      ^
/home/x_thileeb/repos/ops-hls-batching-new/OPS/ops/hls/include/device/../../L1/include/ops_hls_datamover.hpp:1432:16: note: 'stream2interleave<256, 32, 8, 1>' has been explicitly marked deprecated here
__attribute__((deprecated)) void stream2interleave(::hls::stream<ap_uint<MEM_DATA_WIDTH>> in_stream[NUM_STREAMS], ::hls::stream<ap_uint<MEM_DATA_WIDTH+DATA_WIDTH*OVERLAP_SIZE>> out_stream[NUM_STREAMS], const unsigned int num_pkts)
               ^
/home/x_thileeb/repos/ops-hls-batching-new/codegen_apps/tiling/poisson2d/u280_project/maxtile_8192_interleave_p8/hls/device/src/kernel_outerloop_0_0.cpp:162:23: warning: 'updateInterleaveBoundaries<256, 32, 8, 1>' is deprecated [-Wdeprecated-declarations]
            ops::hls::updateInterleaveBoundaries<axis_data_width, 32, 8, 1>(arg1_poisson_kernel_stencil_out_subtile_stream[0], arg0_poisson_kernel_stencil_in_subtile_stream[1], num_pkts);
                      ^
/home/x_thileeb/repos/ops-hls-batching-new/OPS/ops/hls/include/device/../../L1/include/ops_hls_datamover.hpp:1670:16: note: 'updateInterleaveBoundaries<256, 32, 8, 1>' has been explicitly marked deprecated here
__attribute__((deprecated)) void updateInterleaveBoundaries(::hls::stream<ap_uint<MEM_DATA_WIDTH+DATA_WIDTH*OVERLAP_SIZE>> in_stream[NUM_STREAMS], ::hls::stream<ap_uint<MEM_DATA_WIDTH+DATA_WIDTH*OVERLAP_SIZE>> out_stream[NUM_STREAMS], const unsigned int num_pkts)
               ^
/home/x_thileeb/repos/ops-hls-batching-new/codegen_apps/tiling/poisson2d/u280_project/maxtile_8192_interleave_p8/hls/device/src/kernel_outerloop_0_0.cpp:199:15: warning: 'interleave2stream<256, 32, 8, 1>' is deprecated [-Wdeprecated-declarations]
    ops::hls::interleave2stream<axis_data_width, 32, 8, 1>(arg1_poisson_kernel_stencil_out_subtile_stream[1], arg0_arg1_streams[1], num_pkts);
              ^
/home/x_thileeb/repos/ops-hls-batching-new/OPS/ops/hls/include/device/../../L1/include/ops_hls_datamover.hpp:1573:16: note: 'interleave2stream<256, 32, 8, 1>' has been explicitly marked deprecated here
__attribute__((deprecated)) void interleave2stream(::hls::stream<ap_uint<MEM_DATA_WIDTH+DATA_WIDTH*OVERLAP_SIZE>> in_stream[NUM_STREAMS], ::hls::stream<ap_uint<MEM_DATA_WIDTH>> out_stream[NUM_STREAMS], const unsigned int num_pkts)
               ^
10 warnings generated.
