

================================================================
== Vitis HLS Report for 'stencilRun_3'
================================================================
* Date:           Tue Aug 11 20:30:58 2026

* Version:        2022.2 (Build 3670227 on Oct 13 2022)
* Project:        kernel_outerloop_0_0
* Solution:       solution (Vitis Kernel Flow Target)
* Product family: virtexuplus
* Target device:  xcu280-fsvh2892-2L-e


================================================================
== Performance Estimates
================================================================
+ Timing: 
    * Summary: 
    +--------+---------+----------+------------+
    |  Clock |  Target | Estimated| Uncertainty|
    +--------+---------+----------+------------+
    |ap_clk  |  3.33 ns|  2.342 ns|     0.90 ns|
    +--------+---------+----------+------------+

+ Latency: 
    * Summary: 
    +---------+---------+----------+----------+-----+-----+---------+
    |  Latency (cycles) |  Latency (absolute) |  Interval | Pipeline|
    |   min   |   max   |    min   |    max   | min | max |   Type  |
    +---------+---------+----------+----------+-----+-----+---------+
    |        ?|        ?|         ?|         ?|    ?|    ?|       no|
    +---------+---------+----------+----------+-----+-----+---------+

    + Detail: 
        * Instance: 
        N/A

        * Loop: 
        N/A

============================================================
+ Verbose Summary: Synthesis Manager
============================================================
InlineROM: 1
ExposeGlobal: 0
============================================================
+ Verbose Summary: CDFG Model
============================================================
IsTopModel: 0
ResetActiveHigh: 1
IsCombinational: 0
IsDatapathOnly: 0
HasWiredReturn: 1
HasMFsm: 0
HasVarLatency: 1
IsPipeline: 0
IsRtlPipelined: 0
IsInstanceOverlapped: 0
IsDontTouch: 0
HasImplIP: 0
IsGatedGlobalClock: 0


============================================================
+ Verbose Summary: Schedule
============================================================
* Number of FSM states : 5
* Pipeline : 0
* Dataflow Pipeline: 0

* FSM state transitions: 
1 --> 2 
2 --> 3 
3 --> 4 
4 --> 5 
5 --> 

* FSM state operations: 

State 1 <SV = 0> <Delay = 1.02>
ST_1 : Operation 6 [1/1] (0.00ns)   --->   "%p_read_1 = read i1 @_ssdm_op_Read.ap_auto.i1, i1 %p_read3"   --->   Operation 6 'read' 'p_read_1' <Predicate = true> <Delay = 0.00>
ST_1 : Operation 7 [1/1] (0.00ns)   --->   "%p_read_3 = read i1 @_ssdm_op_Read.ap_auto.i1, i1 %p_read5"   --->   Operation 7 'read' 'p_read_3' <Predicate = true> <Delay = 0.00>
ST_1 : Operation 8 [1/1] (0.00ns)   --->   "%p_read_5 = read i16 @_ssdm_op_Read.ap_auto.i16, i16 %p_read13"   --->   Operation 8 'read' 'p_read_5' <Predicate = true> <Delay = 0.00>
ST_1 : Operation 9 [1/1] (0.00ns)   --->   "%p_read_6 = read i16 @_ssdm_op_Read.ap_auto.i16, i16 %p_read2"   --->   Operation 9 'read' 'p_read_6' <Predicate = true> <Delay = 0.00>
ST_1 : Operation 10 [1/1] (0.00ns)   --->   "%p_read_7 = read i16 @_ssdm_op_Read.ap_auto.i16, i16 %p_read1"   --->   Operation 10 'read' 'p_read_7' <Predicate = true> <Delay = 0.00>
ST_1 : Operation 11 [1/1] (0.00ns)   --->   "%p_read22 = read i14 @_ssdm_op_Read.ap_auto.i14, i14 %p_read"   --->   Operation 11 'read' 'p_read22' <Predicate = true> <Delay = 0.00>
ST_1 : Operation 12 [1/1] (0.00ns)   --->   "%arg0_buf_r0_1_p0_V = alloca i64 1" [/home/x_thileeb/repos/ops-hls-batching-new/codegen_apps/tiling/poisson2d/u280_project/maxtile_8192_interleave_p8/hls/device/include/PE_poisson_kernel_stencil.hpp:206]   --->   Operation 12 'alloca' 'arg0_buf_r0_1_p0_V' <Predicate = true> <Delay = 0.00> <CoreInst = "RAM_S2P_URAM">   --->   Core 98 'RAM_S2P_URAM' <Latency = 2> <II = 1> <Delay = 1.64> <Storage> <Opcode : 'load' 'store'> <Ports = 2> <Width = 544> <Depth = 128> <RAM>
ST_1 : Operation 13 [1/1] (0.00ns)   --->   "%arg0_buf_r1_2_p0_V = alloca i64 1" [/home/x_thileeb/repos/ops-hls-batching-new/codegen_apps/tiling/poisson2d/u280_project/maxtile_8192_interleave_p8/hls/device/include/PE_poisson_kernel_stencil.hpp:211]   --->   Operation 13 'alloca' 'arg0_buf_r1_2_p0_V' <Predicate = true> <Delay = 0.00> <CoreInst = "RAM_S2P_BRAM">   --->   Core 97 'RAM_S2P_BRAM' <Latency = 2> <II = 1> <Delay = 1.20> <Storage> <Opcode : 'load' 'store'> <Ports = 2> <Width = 576> <Depth = 128> <RAM>
ST_1 : Operation 14 [1/1] (0.00ns)   --->   "%zext_ln115 = zext i14 %p_read22" [/home/x_thileeb/repos/ops-hls-batching-new/codegen_apps/tiling/poisson2d/u280_project/maxtile_8192_interleave_p8/hls/device/include/PE_poisson_kernel_stencil.hpp:115]   --->   Operation 14 'zext' 'zext_ln115' <Predicate = true> <Delay = 0.00>
ST_1 : Operation 15 [1/1] (0.00ns) (grouped into LUT with out node sub_ln136)   --->   "%trunc_ln115 = trunc i14 %p_read22" [/home/x_thileeb/repos/ops-hls-batching-new/codegen_apps/tiling/poisson2d/u280_project/maxtile_8192_interleave_p8/hls/device/include/PE_poisson_kernel_stencil.hpp:115]   --->   Operation 15 'trunc' 'trunc_ln115' <Predicate = true> <Delay = 0.00>
ST_1 : Operation 16 [1/1] (0.00ns) (grouped into LUT with out node sub_ln136)   --->   "%true_tile_size_x = bitconcatenate i16 @_ssdm_op_BitConcatenate.i16.i10.i6, i10 %trunc_ln115, i6 0" [/home/x_thileeb/repos/ops-hls-batching-new/codegen_apps/tiling/poisson2d/u280_project/maxtile_8192_interleave_p8/hls/device/include/PE_poisson_kernel_stencil.hpp:115]   --->   Operation 16 'bitconcatenate' 'true_tile_size_x' <Predicate = true> <Delay = 0.00>
ST_1 : Operation 17 [1/1] (0.00ns) (grouped into LUT with out node sub_ln136)   --->   "%select_ln129 = select i1 %p_read_1, i16 2, i16 1" [/home/x_thileeb/repos/ops-hls-batching-new/codegen_apps/tiling/poisson2d/u280_project/maxtile_8192_interleave_p8/hls/device/include/PE_poisson_kernel_stencil.hpp:129]   --->   Operation 17 'select' 'select_ln129' <Predicate = true> <Delay = 0.00> <CoreInst = "Sel">   --->   Core 73 'Sel' <Latency = 0> <II = 1> <Delay = 0.27> <FuncUnit> <Opcode : 'select'> <InPorts = 3> <OutPorts = 1>
ST_1 : Operation 18 [1/1] (0.78ns)   --->   "%add_ln136 = add i16 %p_read_5, i16 65535" [/home/x_thileeb/repos/ops-hls-batching-new/codegen_apps/tiling/poisson2d/u280_project/maxtile_8192_interleave_p8/hls/device/include/PE_poisson_kernel_stencil.hpp:136]   --->   Operation 18 'add' 'add_ln136' <Predicate = true> <Delay = 0.78> <CoreInst = "Adder">   --->   Core 1 'Adder' <Latency = 0> <II = 1> <Delay = 0.78> <FuncUnit> <Opcode : 'add' 'sub'> <InPorts = 2> <OutPorts = 1>
ST_1 : Operation 19 [1/1] (0.78ns) (out node of the LUT)   --->   "%sub_ln136 = sub i16 %true_tile_size_x, i16 %select_ln129" [/home/x_thileeb/repos/ops-hls-batching-new/codegen_apps/tiling/poisson2d/u280_project/maxtile_8192_interleave_p8/hls/device/include/PE_poisson_kernel_stencil.hpp:136]   --->   Operation 19 'sub' 'sub_ln136' <Predicate = true> <Delay = 0.78> <CoreInst = "Adder">   --->   Core 1 'Adder' <Latency = 0> <II = 1> <Delay = 0.78> <FuncUnit> <Opcode : 'add' 'sub'> <InPorts = 2> <OutPorts = 1>
ST_1 : Operation 20 [1/1] (0.24ns)   --->   "%upper_limit_x = select i1 %p_read_3, i16 %add_ln136, i16 %sub_ln136" [/home/x_thileeb/repos/ops-hls-batching-new/codegen_apps/tiling/poisson2d/u280_project/maxtile_8192_interleave_p8/hls/device/include/PE_poisson_kernel_stencil.hpp:136]   --->   Operation 20 'select' 'upper_limit_x' <Predicate = true> <Delay = 0.24> <CoreInst = "Sel">   --->   Core 73 'Sel' <Latency = 0> <II = 1> <Delay = 0.24> <FuncUnit> <Opcode : 'select'> <InPorts = 3> <OutPorts = 1>
ST_1 : Operation 21 [1/1] (0.00ns)   --->   "%zext_ln138 = zext i16 %p_read_6" [/home/x_thileeb/repos/ops-hls-batching-new/codegen_apps/tiling/poisson2d/u280_project/maxtile_8192_interleave_p8/hls/device/include/PE_poisson_kernel_stencil.hpp:138]   --->   Operation 21 'zext' 'zext_ln138' <Predicate = true> <Delay = 0.00>
ST_1 : Operation 22 [1/1] (0.00ns)   --->   "%zext_ln173 = zext i16 %p_read_7" [/home/x_thileeb/repos/ops-hls-batching-new/codegen_apps/tiling/poisson2d/u280_project/maxtile_8192_interleave_p8/hls/device/include/PE_poisson_kernel_stencil.hpp:173]   --->   Operation 22 'zext' 'zext_ln173' <Predicate = true> <Delay = 0.00>
ST_1 : Operation 23 [4/4] (0.53ns) (root node of the DSP)   --->   "%S2D_00_P10_M10_0P1_0M1_read_ub_itr = mul i30 %zext_ln173, i30 %zext_ln115" [/home/x_thileeb/repos/ops-hls-batching-new/codegen_apps/tiling/poisson2d/u280_project/maxtile_8192_interleave_p8/hls/device/include/PE_poisson_kernel_stencil.hpp:173]   --->   Operation 23 'mul' 'S2D_00_P10_M10_0P1_0M1_read_ub_itr' <Predicate = true> <Delay = 0.53> <CoreInst = "DSP48">   --->   Core 127 'DSP48' <Latency = 3> <II = 1> <Delay = 0.53> <IPBlock> <Opcode : 'mul' 'add' 'sub' 'select'> <InPorts = 0> <OutPorts = 1> <Sync> <CReg>
ST_1 : Operation 24 [4/4] (0.53ns) (root node of the DSP)   --->   "%mul_ln239 = mul i30 %zext_ln138, i30 %zext_ln115" [/home/x_thileeb/repos/ops-hls-batching-new/codegen_apps/tiling/poisson2d/u280_project/maxtile_8192_interleave_p8/hls/device/include/PE_poisson_kernel_stencil.hpp:239]   --->   Operation 24 'mul' 'mul_ln239' <Predicate = true> <Delay = 0.53> <CoreInst = "DSP48">   --->   Core 127 'DSP48' <Latency = 3> <II = 1> <Delay = 0.53> <IPBlock> <Opcode : 'mul' 'add' 'sub' 'select'> <InPorts = 0> <OutPorts = 1> <Sync> <CReg>

State 2 <SV = 1> <Delay = 0.53>
ST_2 : Operation 25 [3/4] (0.53ns) (root node of the DSP)   --->   "%S2D_00_P10_M10_0P1_0M1_read_ub_itr = mul i30 %zext_ln173, i30 %zext_ln115" [/home/x_thileeb/repos/ops-hls-batching-new/codegen_apps/tiling/poisson2d/u280_project/maxtile_8192_interleave_p8/hls/device/include/PE_poisson_kernel_stencil.hpp:173]   --->   Operation 25 'mul' 'S2D_00_P10_M10_0P1_0M1_read_ub_itr' <Predicate = true> <Delay = 0.53> <CoreInst = "DSP48">   --->   Core 127 'DSP48' <Latency = 3> <II = 1> <Delay = 0.53> <IPBlock> <Opcode : 'mul' 'add' 'sub' 'select'> <InPorts = 0> <OutPorts = 1> <Sync> <CReg>
ST_2 : Operation 26 [3/4] (0.53ns) (root node of the DSP)   --->   "%mul_ln239 = mul i30 %zext_ln138, i30 %zext_ln115" [/home/x_thileeb/repos/ops-hls-batching-new/codegen_apps/tiling/poisson2d/u280_project/maxtile_8192_interleave_p8/hls/device/include/PE_poisson_kernel_stencil.hpp:239]   --->   Operation 26 'mul' 'mul_ln239' <Predicate = true> <Delay = 0.53> <CoreInst = "DSP48">   --->   Core 127 'DSP48' <Latency = 3> <II = 1> <Delay = 0.53> <IPBlock> <Opcode : 'mul' 'add' 'sub' 'select'> <InPorts = 0> <OutPorts = 1> <Sync> <CReg>

State 3 <SV = 2> <Delay = 0.53>
ST_3 : Operation 27 [1/1] (0.00ns)   --->   "%p_read_2 = read i14 @_ssdm_op_Read.ap_auto.i14, i14 %p_read26"   --->   Operation 27 'read' 'p_read_2' <Predicate = true> <Delay = 0.00>
ST_3 : Operation 28 [1/1] (0.00ns)   --->   "%p_read_4 = read i1 @_ssdm_op_Read.ap_auto.i1, i1 %p_read4"   --->   Operation 28 'read' 'p_read_4' <Predicate = true> <Delay = 0.00>
ST_3 : Operation 29 [2/4] (0.53ns) (root node of the DSP)   --->   "%S2D_00_P10_M10_0P1_0M1_read_ub_itr = mul i30 %zext_ln173, i30 %zext_ln115" [/home/x_thileeb/repos/ops-hls-batching-new/codegen_apps/tiling/poisson2d/u280_project/maxtile_8192_interleave_p8/hls/device/include/PE_poisson_kernel_stencil.hpp:173]   --->   Operation 29 'mul' 'S2D_00_P10_M10_0P1_0M1_read_ub_itr' <Predicate = true> <Delay = 0.53> <CoreInst = "DSP48">   --->   Core 127 'DSP48' <Latency = 3> <II = 1> <Delay = 0.53> <IPBlock> <Opcode : 'mul' 'add' 'sub' 'select'> <InPorts = 0> <OutPorts = 1> <Sync> <CReg>
ST_3 : Operation 30 [2/4] (0.53ns) (root node of the DSP)   --->   "%mul_ln239 = mul i30 %zext_ln138, i30 %zext_ln115" [/home/x_thileeb/repos/ops-hls-batching-new/codegen_apps/tiling/poisson2d/u280_project/maxtile_8192_interleave_p8/hls/device/include/PE_poisson_kernel_stencil.hpp:239]   --->   Operation 30 'mul' 'mul_ln239' <Predicate = true> <Delay = 0.53> <CoreInst = "DSP48">   --->   Core 127 'DSP48' <Latency = 3> <II = 1> <Delay = 0.53> <IPBlock> <Opcode : 'mul' 'add' 'sub' 'select'> <InPorts = 0> <OutPorts = 1> <Sync> <CReg>

State 4 <SV = 3> <Delay = 2.00>
ST_4 : Operation 31 [1/1] (0.00ns)   --->   "%p_read_cast2 = zext i14 %p_read22"   --->   Operation 31 'zext' 'p_read_cast2' <Predicate = true> <Delay = 0.00>
ST_4 : Operation 32 [1/1] (0.00ns) (grouped into LUT with out node adj_half_span_x_lower)   --->   "%select_ln129_1 = select i1 %p_read_4, i2 1, i2 2" [/home/x_thileeb/repos/ops-hls-batching-new/codegen_apps/tiling/poisson2d/u280_project/maxtile_8192_interleave_p8/hls/device/include/PE_poisson_kernel_stencil.hpp:129]   --->   Operation 32 'select' 'select_ln129_1' <Predicate = true> <Delay = 0.00> <CoreInst = "Sel">   --->   Core 73 'Sel' <Latency = 0> <II = 1> <Delay = 0.27> <FuncUnit> <Opcode : 'select'> <InPorts = 3> <OutPorts = 1>
ST_4 : Operation 33 [1/1] (0.00ns) (grouped into LUT with out node adj_half_span_x_lower)   --->   "%or_ln129 = or i1 %p_read_4, i1 %p_read_1" [/home/x_thileeb/repos/ops-hls-batching-new/codegen_apps/tiling/poisson2d/u280_project/maxtile_8192_interleave_p8/hls/device/include/PE_poisson_kernel_stencil.hpp:129]   --->   Operation 33 'or' 'or_ln129' <Predicate = true> <Delay = 0.00> <CoreInst = "LogicGate">   --->   Core 74 'LogicGate' <Latency = 0> <II = 1> <Delay = 0.12> <FuncUnit> <Opcode : 'and' 'or' 'xor'> <InPorts = 2> <OutPorts = 1>
ST_4 : Operation 34 [1/1] (0.27ns) (out node of the LUT)   --->   "%adj_half_span_x_lower = select i1 %or_ln129, i2 %select_ln129_1, i2 1" [/home/x_thileeb/repos/ops-hls-batching-new/codegen_apps/tiling/poisson2d/u280_project/maxtile_8192_interleave_p8/hls/device/include/PE_poisson_kernel_stencil.hpp:129]   --->   Operation 34 'select' 'adj_half_span_x_lower' <Predicate = true> <Delay = 0.27> <CoreInst = "Sel">   --->   Core 73 'Sel' <Latency = 0> <II = 1> <Delay = 0.27> <FuncUnit> <Opcode : 'select'> <InPorts = 3> <OutPorts = 1>
ST_4 : Operation 35 [1/1] (0.78ns)   --->   "%upper_limit_y = add i16 %p_read_6, i16 65534" [/home/x_thileeb/repos/ops-hls-batching-new/codegen_apps/tiling/poisson2d/u280_project/maxtile_8192_interleave_p8/hls/device/include/PE_poisson_kernel_stencil.hpp:138]   --->   Operation 35 'add' 'upper_limit_y' <Predicate = true> <Delay = 0.78> <CoreInst = "Adder">   --->   Core 1 'Adder' <Latency = 0> <II = 1> <Delay = 0.78> <FuncUnit> <Opcode : 'add' 'sub'> <InPorts = 2> <OutPorts = 1>
ST_4 : Operation 36 [1/4] (0.00ns) (root node of the DSP)   --->   "%S2D_00_P10_M10_0P1_0M1_read_ub_itr = mul i30 %zext_ln173, i30 %zext_ln115" [/home/x_thileeb/repos/ops-hls-batching-new/codegen_apps/tiling/poisson2d/u280_project/maxtile_8192_interleave_p8/hls/device/include/PE_poisson_kernel_stencil.hpp:173]   --->   Operation 36 'mul' 'S2D_00_P10_M10_0P1_0M1_read_ub_itr' <Predicate = true> <Delay = 0.00> <CoreInst = "DSP48">   --->   Core 127 'DSP48' <Latency = 3> <II = 1> <Delay = 0.53> <IPBlock> <Opcode : 'mul' 'add' 'sub' 'select'> <InPorts = 0> <OutPorts = 1> <Sync> <CReg>
ST_4 : Operation 37 [1/1] (0.76ns)   --->   "%cond_x_val = add i15 %p_read_cast2, i15 32767" [/home/x_thileeb/repos/ops-hls-batching-new/codegen_apps/tiling/poisson2d/u280_project/maxtile_8192_interleave_p8/hls/device/include/PE_poisson_kernel_stencil.hpp:223]   --->   Operation 37 'add' 'cond_x_val' <Predicate = true> <Delay = 0.76> <CoreInst = "Adder">   --->   Core 1 'Adder' <Latency = 0> <II = 1> <Delay = 0.76> <FuncUnit> <Opcode : 'add' 'sub'> <InPorts = 2> <OutPorts = 1>
ST_4 : Operation 38 [1/1] (0.78ns)   --->   "%cond_y_val = add i16 %p_read_6, i16 65535" [/home/x_thileeb/repos/ops-hls-batching-new/codegen_apps/tiling/poisson2d/u280_project/maxtile_8192_interleave_p8/hls/device/include/PE_poisson_kernel_stencil.hpp:224]   --->   Operation 38 'add' 'cond_y_val' <Predicate = true> <Delay = 0.78> <CoreInst = "Adder">   --->   Core 1 'Adder' <Latency = 0> <II = 1> <Delay = 0.78> <FuncUnit> <Opcode : 'add' 'sub'> <InPorts = 2> <OutPorts = 1>
ST_4 : Operation 39 [1/4] (0.00ns) (root node of the DSP)   --->   "%mul_ln239 = mul i30 %zext_ln138, i30 %zext_ln115" [/home/x_thileeb/repos/ops-hls-batching-new/codegen_apps/tiling/poisson2d/u280_project/maxtile_8192_interleave_p8/hls/device/include/PE_poisson_kernel_stencil.hpp:239]   --->   Operation 39 'mul' 'mul_ln239' <Predicate = true> <Delay = 0.00> <CoreInst = "DSP48">   --->   Core 127 'DSP48' <Latency = 3> <II = 1> <Delay = 0.53> <IPBlock> <Opcode : 'mul' 'add' 'sub' 'select'> <InPorts = 0> <OutPorts = 1> <Sync> <CReg>
ST_4 : Operation 40 [1/1] (0.00ns)   --->   "%empty = wait i32 @_ssdm_op_Wait"   --->   Operation 40 'wait' 'empty' <Predicate = true> <Delay = 0.00>
ST_4 : Operation 41 [2/2] (1.22ns)   --->   "%call_ln239 = call void @stencilRun.3_Pipeline_VITIS_LOOP_239_1, i30 %mul_ln239, i544 %arg0_buf_r0_1_p0_V, i576 %arg0_buf_r1_2_p0_V, i14 %p_read_2, i16 %upper_limit_y, i2 %adj_half_span_x_lower, i16 %upper_limit_x, i15 %cond_x_val, i16 %cond_y_val, i30 %S2D_00_P10_M10_0P1_0M1_read_ub_itr, i288 %arg0_poisson_kernel_stencil_in_subtile_stream_1_0, i288 %arg0_poisson_kernel_stencil_in_subtile_stream_1_1, i288 %arg1_poisson_kernel_stencil_out_subtile_stream_1_0, i288 %arg1_poisson_kernel_stencil_out_subtile_stream_1_1" [/home/x_thileeb/repos/ops-hls-batching-new/codegen_apps/tiling/poisson2d/u280_project/maxtile_8192_interleave_p8/hls/device/include/PE_poisson_kernel_stencil.hpp:239]   --->   Operation 41 'call' 'call_ln239' <Predicate = true> <Delay = 1.22> <CoreType = "Generic">   --->   Core 0 '' <Latency = 0> <II = 1> <Delay = 1.00> <Generic> <Opcode : >

State 5 <SV = 4> <Delay = 0.00>
ST_5 : Operation 42 [1/1] (0.00ns)   --->   "%specinterface_ln0 = specinterface void @_ssdm_op_SpecInterface, i288 %arg0_poisson_kernel_stencil_in_subtile_stream_1_0, void @empty_36, i32 0, i32 0, void @empty_1, i32 0, i32 0, void @empty_1, void @empty_1, void @empty_1, i32 0, i32 0, i32 0, i32 0, void @empty_1, void @empty_1, i32 4294967295, i32 0"   --->   Operation 42 'specinterface' 'specinterface_ln0' <Predicate = true> <Delay = 0.00>
ST_5 : Operation 43 [1/1] (0.00ns)   --->   "%specinterface_ln0 = specinterface void @_ssdm_op_SpecInterface, i288 %arg0_poisson_kernel_stencil_in_subtile_stream_1_1, void @empty_36, i32 0, i32 0, void @empty_1, i32 0, i32 0, void @empty_1, void @empty_1, void @empty_1, i32 0, i32 0, i32 0, i32 0, void @empty_1, void @empty_1, i32 4294967295, i32 0"   --->   Operation 43 'specinterface' 'specinterface_ln0' <Predicate = true> <Delay = 0.00>
ST_5 : Operation 44 [1/1] (0.00ns)   --->   "%specinterface_ln0 = specinterface void @_ssdm_op_SpecInterface, i288 %arg1_poisson_kernel_stencil_out_subtile_stream_1_0, void @empty_36, i32 0, i32 0, void @empty_1, i32 0, i32 0, void @empty_1, void @empty_1, void @empty_1, i32 0, i32 0, i32 0, i32 0, void @empty_1, void @empty_1, i32 4294967295, i32 0"   --->   Operation 44 'specinterface' 'specinterface_ln0' <Predicate = true> <Delay = 0.00>
ST_5 : Operation 45 [1/1] (0.00ns)   --->   "%specinterface_ln0 = specinterface void @_ssdm_op_SpecInterface, i288 %arg1_poisson_kernel_stencil_out_subtile_stream_1_1, void @empty_36, i32 0, i32 0, void @empty_1, i32 0, i32 0, void @empty_1, void @empty_1, void @empty_1, i32 0, i32 0, i32 0, i32 0, void @empty_1, void @empty_1, i32 4294967295, i32 0"   --->   Operation 45 'specinterface' 'specinterface_ln0' <Predicate = true> <Delay = 0.00>
ST_5 : Operation 46 [1/1] (0.00ns)   --->   "%specmemcore_ln207 = specmemcore void @_ssdm_op_SpecMemCore, i544 %arg0_buf_r0_1_p0_V, i64 666, i64 28, i64 2" [/home/x_thileeb/repos/ops-hls-batching-new/codegen_apps/tiling/poisson2d/u280_project/maxtile_8192_interleave_p8/hls/device/include/PE_poisson_kernel_stencil.hpp:207]   --->   Operation 46 'specmemcore' 'specmemcore_ln207' <Predicate = true> <Delay = 0.00>
ST_5 : Operation 47 [1/1] (0.00ns)   --->   "%specmemcore_ln212 = specmemcore void @_ssdm_op_SpecMemCore, i576 %arg0_buf_r1_2_p0_V, i64 666, i64 25, i64 2" [/home/x_thileeb/repos/ops-hls-batching-new/codegen_apps/tiling/poisson2d/u280_project/maxtile_8192_interleave_p8/hls/device/include/PE_poisson_kernel_stencil.hpp:212]   --->   Operation 47 'specmemcore' 'specmemcore_ln212' <Predicate = true> <Delay = 0.00>
ST_5 : Operation 48 [1/2] (0.00ns)   --->   "%call_ln239 = call void @stencilRun.3_Pipeline_VITIS_LOOP_239_1, i30 %mul_ln239, i544 %arg0_buf_r0_1_p0_V, i576 %arg0_buf_r1_2_p0_V, i14 %p_read_2, i16 %upper_limit_y, i2 %adj_half_span_x_lower, i16 %upper_limit_x, i15 %cond_x_val, i16 %cond_y_val, i30 %S2D_00_P10_M10_0P1_0M1_read_ub_itr, i288 %arg0_poisson_kernel_stencil_in_subtile_stream_1_0, i288 %arg0_poisson_kernel_stencil_in_subtile_stream_1_1, i288 %arg1_poisson_kernel_stencil_out_subtile_stream_1_0, i288 %arg1_poisson_kernel_stencil_out_subtile_stream_1_1" [/home/x_thileeb/repos/ops-hls-batching-new/codegen_apps/tiling/poisson2d/u280_project/maxtile_8192_interleave_p8/hls/device/include/PE_poisson_kernel_stencil.hpp:239]   --->   Operation 48 'call' 'call_ln239' <Predicate = true> <Delay = 0.00> <CoreType = "Generic">   --->   Core 0 '' <Latency = 0> <II = 1> <Delay = 1.00> <Generic> <Opcode : >
ST_5 : Operation 49 [1/1] (0.00ns)   --->   "%ret_ln463 = ret" [/home/x_thileeb/repos/ops-hls-batching-new/codegen_apps/tiling/poisson2d/u280_project/maxtile_8192_interleave_p8/hls/device/include/PE_poisson_kernel_stencil.hpp:463]   --->   Operation 49 'ret' 'ret_ln463' <Predicate = true> <Delay = 0.00>


============================================================
+ Verbose Summary: Timing violations
============================================================
Target clock period: 3.33ns, clock uncertainty: 0.9ns.

 <State 1>: 1.03ns
The critical path consists of the following:
	wire read operation ('p_read_1') on port 'p_read3' [13]  (0 ns)
	'select' operation ('select_ln129', /home/x_thileeb/repos/ops-hls-batching-new/codegen_apps/tiling/poisson2d/u280_project/maxtile_8192_interleave_p8/hls/device/include/PE_poisson_kernel_stencil.hpp:129) [31]  (0 ns)
	'sub' operation ('sub_ln136', /home/x_thileeb/repos/ops-hls-batching-new/codegen_apps/tiling/poisson2d/u280_project/maxtile_8192_interleave_p8/hls/device/include/PE_poisson_kernel_stencil.hpp:136) [36]  (0.785 ns)
	'select' operation ('upper_limit_x', /home/x_thileeb/repos/ops-hls-batching-new/codegen_apps/tiling/poisson2d/u280_project/maxtile_8192_interleave_p8/hls/device/include/PE_poisson_kernel_stencil.hpp:136) [37]  (0.243 ns)

 <State 2>: 0.535ns
The critical path consists of the following:
	'mul' operation of DSP[41] ('S2D_00_P10_M10_0P1_0M1_read_ub_itr', /home/x_thileeb/repos/ops-hls-batching-new/codegen_apps/tiling/poisson2d/u280_project/maxtile_8192_interleave_p8/hls/device/include/PE_poisson_kernel_stencil.hpp:173) [41]  (0.535 ns)

 <State 3>: 0.535ns
The critical path consists of the following:
	'mul' operation of DSP[41] ('S2D_00_P10_M10_0P1_0M1_read_ub_itr', /home/x_thileeb/repos/ops-hls-batching-new/codegen_apps/tiling/poisson2d/u280_project/maxtile_8192_interleave_p8/hls/device/include/PE_poisson_kernel_stencil.hpp:173) [41]  (0.535 ns)

 <State 4>: 2.01ns
The critical path consists of the following:
	'add' operation ('upper_limit_y', /home/x_thileeb/repos/ops-hls-batching-new/codegen_apps/tiling/poisson2d/u280_project/maxtile_8192_interleave_p8/hls/device/include/PE_poisson_kernel_stencil.hpp:138) [39]  (0.785 ns)
	'call' operation ('call_ln239', /home/x_thileeb/repos/ops-hls-batching-new/codegen_apps/tiling/poisson2d/u280_project/maxtile_8192_interleave_p8/hls/device/include/PE_poisson_kernel_stencil.hpp:239) to 'stencilRun.3_Pipeline_VITIS_LOOP_239_1' [48]  (1.22 ns)

 <State 5>: 0ns
The critical path consists of the following:


============================================================
+ Verbose Summary: Binding
============================================================
N/A
* FSMD analyzer results:
  - Output states:
 - Input state : 
  - Chain level:
	State 1
	State 2
	State 3
	State 4
	State 5


============================================================
+ Verbose Summary: Datapath Resource usage 
============================================================
N/A
