Copyright 1986-2022 Xilinx, Inc. All Rights Reserved.
---------------------------------------------------------------------------------------------------------------------------------------------------------------------------------------------------------------------------------------------------------------------------------------------------
| Tool Version : Vivado v.2022.1 (lin64) Build 3526262 Mon Apr 18 15:47:01 MDT 2022
| Date         : Sun Jul 26 05:49:19 2026
| Host         : acclnode01 running 64-bit Ubuntu 20.04.6 LTS
| Command      : report_accelerator_utilization -kernels { datamover_outerloop_0:top_i/ulp/datamover_outerloop_0_1/inst:datamover_outerloop_0_1 kernel_outerloop_0:top_i/ulp/kernel_outerloop_inst_0_1/inst:kernel_outerloop_inst_0_1} -file kernel_util_routed.rpt -name kernel_util_routed -json
| Design       : top_wrapper
| Device       : xcvc1902
| Design State : Fully Placed
---------------------------------------------------------------------------------------------------------------------------------------------------------------------------------------------------------------------------------------------------------------------------------------------------

Accelerator Utilization Design Information

Table of Contents
-----------------
1. System Utilization

1. System Utilization
---------------------

+------------------------------+-------------------+------------------+------------------+---------------+---------------+
| Name                         | REG               | LUT              | LUTAsMem         | BRAM          | URAM          |
+------------------------------+-------------------+------------------+------------------+---------------+---------------+
| Platform                     |   28697 [  1.59%] |  19759 [  2.20%] |   2028 [  0.45%] |  40 [  4.14%] |   0 [  0.00%] |
| User Budget                  | 1770983 [100.00%] | 880081 [100.00%] | 447892 [100.00%] | 927 [100.00%] | 463 [100.00%] |
|    Used Resources            |  409800 [ 23.14%] | 165812 [ 18.84%] |  19570 [  4.37%] | 251 [ 27.08%] | 220 [ 47.52%] |
|    Unused Resources          | 1361183 [ 76.86%] | 714269 [ 81.16%] | 428322 [ 95.63%] | 676 [ 72.92%] | 243 [ 52.48%] |
| datamover_outerloop_0        |   17736 [  1.00%] |   9950 [  1.13%] |   3093 [  0.69%] |  31 [  3.34%] |   0 [  0.00%] |
|    datamover_outerloop_0_1   |   17736 [  1.00%] |   9950 [  1.13%] |   3093 [  0.69%] |  31 [  3.34%] |   0 [  0.00%] |
| kernel_outerloop_0           |  392064 [ 22.14%] | 155862 [ 17.71%] |  16477 [  3.68%] | 220 [ 23.73%] | 220 [ 47.52%] |
|    kernel_outerloop_inst_0_1 |  392064 [ 22.14%] | 155862 [ 17.71%] |  16477 [  3.68%] | 220 [ 23.73%] | 220 [ 47.52%] |
+------------------------------+-------------------+------------------+------------------+---------------+---------------+


