

================================================================
== Vitis HLS Report for 'stream2mem_512u_64u_2u_16_Pipeline_VITIS_LOOP_803_1'
================================================================
* Date:           Fri Jul 24 22:01:22 2026

* Version:        2022.2 (Build 3670227 on Oct 13 2022)
* Project:        datamover_outerloop_0
* Solution:       solution (Vitis Kernel Flow Target)
* Product family: virtexuplus
* Target device:  xcu280-fsvh2892-2L-e


================================================================
== Performance Estimates
================================================================
+ Timing: 
    * Summary: 
    +--------+---------+----------+------------+
    |  Clock |  Target | Estimated| Uncertainty|
    +--------+---------+----------+------------+
    |ap_clk  |  3.33 ns|  2.433 ns|     0.90 ns|
    +--------+---------+----------+------------+

+ Latency: 
    * Summary: 
    +---------+---------+----------+----------+-----+-----+---------+
    |  Latency (cycles) |  Latency (absolute) |  Interval | Pipeline|
    |   min   |   max   |    min   |    max   | min | max |   Type  |
    +---------+---------+----------+----------+-----+-----+---------+
    |        ?|        ?|         ?|         ?|    ?|    ?|       no|
    +---------+---------+----------+----------+-----+-----+---------+

    + Detail: 
        * Instance: 
        N/A

        * Loop: 
        +--------------------+---------+---------+----------+-----------+-----------+------+----------+
        |                    |  Latency (cycles) | Iteration|  Initiation Interval  | Trip |          |
        |      Loop Name     |   min   |   max   |  Latency |  achieved |   target  | Count| Pipelined|
        +--------------------+---------+---------+----------+-----------+-----------+------+----------+
        |- VITIS_LOOP_803_1  |        ?|        ?|         3|          2|          2|     ?|       yes|
        +--------------------+---------+---------+----------+-----------+-----------+------+----------+



================================================================
== Utilization Estimates
================================================================
* Summary: 
+---------------------+---------+------+---------+---------+-----+
|         Name        | BRAM_18K|  DSP |    FF   |   LUT   | URAM|
+---------------------+---------+------+---------+---------+-----+
|DSP                  |        -|     -|        -|        -|    -|
|Expression           |        -|     -|        0|       67|    -|
|FIFO                 |        -|     -|        -|        -|    -|
|Instance             |        -|     -|        -|        -|    -|
|Memory               |        -|     -|        -|        -|    -|
|Multiplexer          |        -|     -|        -|       77|    -|
|Register             |        -|     -|      550|        -|    -|
+---------------------+---------+------+---------+---------+-----+
|Total                |        0|     0|      550|      144|    0|
+---------------------+---------+------+---------+---------+-----+
|Available SLR        |     1344|  3008|   869120|   434560|  320|
+---------------------+---------+------+---------+---------+-----+
|Utilization SLR (%)  |        0|     0|       ~0|       ~0|    0|
+---------------------+---------+------+---------+---------+-----+
|Available            |     4032|  9024|  2607360|  1303680|  960|
+---------------------+---------+------+---------+---------+-----+
|Utilization (%)      |        0|     0|       ~0|       ~0|    0|
+---------------------+---------+------+---------+---------+-----+

+ Detail: 
    * Instance: 
    N/A

    * DSP: 
    N/A

    * Memory: 
    N/A

    * FIFO: 
    N/A

    * Expression: 
    +----------------------------------+----------+----+---+----+------------+------------+
    |           Variable Name          | Operation| DSP| FF| LUT| Bitwidth P0| Bitwidth P1|
    +----------------------------------+----------+----+---+----+------------+------------+
    |add_ln820_fu_100_p2               |         +|   0|  0|  39|          32|           1|
    |ap_block_pp0_stage0_11001         |       and|   0|  0|   2|           1|           1|
    |ap_block_pp0_stage1_11001         |       and|   0|  0|   2|           1|           1|
    |ap_block_state2_pp0_stage1_iter0  |       and|   0|  0|   2|           1|           1|
    |icmp_ln803_fu_94_p2               |      icmp|   0|  0|  20|          32|          32|
    |ap_enable_pp0                     |       xor|   0|  0|   2|           1|           2|
    +----------------------------------+----------+----+---+----+------------+------------+
    |Total                             |          |   0|  0|  67|          68|          38|
    +----------------------------------+----------+----+---+----+------------+------------+

    * Multiplexer: 
    +---------------------------+----+-----------+-----+-----------+
    |            Name           | LUT| Input Size| Bits| Total Bits|
    +---------------------------+----+-----------+-----+-----------+
    |ap_NS_fsm                  |  14|          3|    1|          3|
    |ap_done_int                |   9|          2|    1|          2|
    |ap_enable_reg_pp0_iter0    |   9|          2|    1|          2|
    |ap_enable_reg_pp0_iter1    |   9|          2|    1|          2|
    |ap_sig_allocacmp_index_10  |   9|          2|   32|         64|
    |arg2_write_mem_strm_blk_n  |   9|          2|    1|          2|
    |gmem2_blk_n_W              |   9|          2|    1|          2|
    |index_fu_52                |   9|          2|   32|         64|
    +---------------------------+----+-----------+-----+-----------+
    |Total                      |  77|         17|   70|        141|
    +---------------------------+----+-----------+-----+-----------+

    * Register: 
    +-----------------------------+-----+----+-----+-----------+
    |             Name            |  FF | LUT| Bits| Const Bits|
    +-----------------------------+-----+----+-----+-----------+
    |ap_CS_fsm                    |    2|   0|    2|          0|
    |ap_done_reg                  |    1|   0|    1|          0|
    |ap_enable_reg_pp0_iter0_reg  |    1|   0|    1|          0|
    |ap_enable_reg_pp0_iter1      |    1|   0|    1|          0|
    |icmp_ln803_reg_128           |    1|   0|    1|          0|
    |index_fu_52                  |   32|   0|   32|          0|
    |tmp_reg_137                  |  512|   0|  512|          0|
    +-----------------------------+-----+----+-----+-----------+
    |Total                        |  550|   0|  550|          0|
    +-----------------------------+-----+----+-----+-----------+



================================================================
== Interface
================================================================
* Summary: 
+------------------------------------+-----+-----+------------+--------------------------------------------------------+--------------+
|              RTL Ports             | Dir | Bits|  Protocol  |                      Source Object                     |    C Type    |
+------------------------------------+-----+-----+------------+--------------------------------------------------------+--------------+
|ap_clk                              |   in|    1|  ap_ctrl_hs|  stream2mem<512u, 64u, 2u>.16_Pipeline_VITIS_LOOP_803_1|  return value|
|ap_rst                              |   in|    1|  ap_ctrl_hs|  stream2mem<512u, 64u, 2u>.16_Pipeline_VITIS_LOOP_803_1|  return value|
|ap_start                            |   in|    1|  ap_ctrl_hs|  stream2mem<512u, 64u, 2u>.16_Pipeline_VITIS_LOOP_803_1|  return value|
|ap_done                             |  out|    1|  ap_ctrl_hs|  stream2mem<512u, 64u, 2u>.16_Pipeline_VITIS_LOOP_803_1|  return value|
|ap_idle                             |  out|    1|  ap_ctrl_hs|  stream2mem<512u, 64u, 2u>.16_Pipeline_VITIS_LOOP_803_1|  return value|
|ap_ready                            |  out|    1|  ap_ctrl_hs|  stream2mem<512u, 64u, 2u>.16_Pipeline_VITIS_LOOP_803_1|  return value|
|arg2_write_mem_strm_dout            |   in|  512|     ap_fifo|                                     arg2_write_mem_strm|       pointer|
|arg2_write_mem_strm_num_data_valid  |   in|    2|     ap_fifo|                                     arg2_write_mem_strm|       pointer|
|arg2_write_mem_strm_fifo_cap        |   in|    2|     ap_fifo|                                     arg2_write_mem_strm|       pointer|
|arg2_write_mem_strm_empty_n         |   in|    1|     ap_fifo|                                     arg2_write_mem_strm|       pointer|
|arg2_write_mem_strm_read            |  out|    1|     ap_fifo|                                     arg2_write_mem_strm|       pointer|
|m_axi_gmem2_AWVALID                 |  out|    1|       m_axi|                                                   gmem2|       pointer|
|m_axi_gmem2_AWREADY                 |   in|    1|       m_axi|                                                   gmem2|       pointer|
|m_axi_gmem2_AWADDR                  |  out|   64|       m_axi|                                                   gmem2|       pointer|
|m_axi_gmem2_AWID                    |  out|    1|       m_axi|                                                   gmem2|       pointer|
|m_axi_gmem2_AWLEN                   |  out|   32|       m_axi|                                                   gmem2|       pointer|
|m_axi_gmem2_AWSIZE                  |  out|    3|       m_axi|                                                   gmem2|       pointer|
|m_axi_gmem2_AWBURST                 |  out|    2|       m_axi|                                                   gmem2|       pointer|
|m_axi_gmem2_AWLOCK                  |  out|    2|       m_axi|                                                   gmem2|       pointer|
|m_axi_gmem2_AWCACHE                 |  out|    4|       m_axi|                                                   gmem2|       pointer|
|m_axi_gmem2_AWPROT                  |  out|    3|       m_axi|                                                   gmem2|       pointer|
|m_axi_gmem2_AWQOS                   |  out|    4|       m_axi|                                                   gmem2|       pointer|
|m_axi_gmem2_AWREGION                |  out|    4|       m_axi|                                                   gmem2|       pointer|
|m_axi_gmem2_AWUSER                  |  out|    1|       m_axi|                                                   gmem2|       pointer|
|m_axi_gmem2_WVALID                  |  out|    1|       m_axi|                                                   gmem2|       pointer|
|m_axi_gmem2_WREADY                  |   in|    1|       m_axi|                                                   gmem2|       pointer|
|m_axi_gmem2_WDATA                   |  out|  512|       m_axi|                                                   gmem2|       pointer|
|m_axi_gmem2_WSTRB                   |  out|   64|       m_axi|                                                   gmem2|       pointer|
|m_axi_gmem2_WLAST                   |  out|    1|       m_axi|                                                   gmem2|       pointer|
|m_axi_gmem2_WID                     |  out|    1|       m_axi|                                                   gmem2|       pointer|
|m_axi_gmem2_WUSER                   |  out|    1|       m_axi|                                                   gmem2|       pointer|
|m_axi_gmem2_ARVALID                 |  out|    1|       m_axi|                                                   gmem2|       pointer|
|m_axi_gmem2_ARREADY                 |   in|    1|       m_axi|                                                   gmem2|       pointer|
|m_axi_gmem2_ARADDR                  |  out|   64|       m_axi|                                                   gmem2|       pointer|
|m_axi_gmem2_ARID                    |  out|    1|       m_axi|                                                   gmem2|       pointer|
|m_axi_gmem2_ARLEN                   |  out|   32|       m_axi|                                                   gmem2|       pointer|
|m_axi_gmem2_ARSIZE                  |  out|    3|       m_axi|                                                   gmem2|       pointer|
|m_axi_gmem2_ARBURST                 |  out|    2|       m_axi|                                                   gmem2|       pointer|
|m_axi_gmem2_ARLOCK                  |  out|    2|       m_axi|                                                   gmem2|       pointer|
|m_axi_gmem2_ARCACHE                 |  out|    4|       m_axi|                                                   gmem2|       pointer|
|m_axi_gmem2_ARPROT                  |  out|    3|       m_axi|                                                   gmem2|       pointer|
|m_axi_gmem2_ARQOS                   |  out|    4|       m_axi|                                                   gmem2|       pointer|
|m_axi_gmem2_ARREGION                |  out|    4|       m_axi|                                                   gmem2|       pointer|
|m_axi_gmem2_ARUSER                  |  out|    1|       m_axi|                                                   gmem2|       pointer|
|m_axi_gmem2_RVALID                  |   in|    1|       m_axi|                                                   gmem2|       pointer|
|m_axi_gmem2_RREADY                  |  out|    1|       m_axi|                                                   gmem2|       pointer|
|m_axi_gmem2_RDATA                   |   in|  512|       m_axi|                                                   gmem2|       pointer|
|m_axi_gmem2_RLAST                   |   in|    1|       m_axi|                                                   gmem2|       pointer|
|m_axi_gmem2_RID                     |   in|    1|       m_axi|                                                   gmem2|       pointer|
|m_axi_gmem2_RFIFONUM                |   in|    9|       m_axi|                                                   gmem2|       pointer|
|m_axi_gmem2_RUSER                   |   in|    1|       m_axi|                                                   gmem2|       pointer|
|m_axi_gmem2_RRESP                   |   in|    2|       m_axi|                                                   gmem2|       pointer|
|m_axi_gmem2_BVALID                  |   in|    1|       m_axi|                                                   gmem2|       pointer|
|m_axi_gmem2_BREADY                  |  out|    1|       m_axi|                                                   gmem2|       pointer|
|m_axi_gmem2_BRESP                   |   in|    2|       m_axi|                                                   gmem2|       pointer|
|m_axi_gmem2_BID                     |   in|    1|       m_axi|                                                   gmem2|       pointer|
|m_axi_gmem2_BUSER                   |   in|    1|       m_axi|                                                   gmem2|       pointer|
|sext_ln803                          |   in|   58|     ap_none|                                              sext_ln803|        scalar|
|burst_beats                         |   in|   32|     ap_none|                                             burst_beats|        scalar|
+------------------------------------+-----+-----+------------+--------------------------------------------------------+--------------+

============================================================
+ Verbose Summary: Synthesis Manager
============================================================
InlineROM: 1
ExposeGlobal: 0
============================================================
+ Verbose Summary: CDFG Model
============================================================
IsTopModel: 0
ResetActiveHigh: 1
IsCombinational: 2
IsDatapathOnly: 2
HasWiredReturn: 1
HasMFsm: 2
HasVarLatency: 1
IsPipeline: 0
IsRtlPipelined: 0
IsInstanceOverlapped: 0
IsDontTouch: 0
HasImplIP: 0
IsGatedGlobalClock: 0

+ Individual pipeline summary: 
  * Pipeline-0: initiation interval (II) = 2, depth = 3


============================================================
+ Verbose Summary: Schedule
============================================================
* Number of FSM states : 3
* Pipeline : 1
  Pipeline-0 : II = 2, D = 3, States = { 1 2 3 }
* Dataflow Pipeline: 0

* FSM state transitions: 
1 --> 2 
2 --> 3 
3 --> 

* FSM state operations: 

State 1 <SV = 0> <Delay = 1.26>
ST_1 : Operation 6 [1/1] (0.00ns)   --->   "%index = alloca i32 1"   --->   Operation 6 'alloca' 'index' <Predicate = true> <Delay = 0.00>
ST_1 : Operation 7 [1/1] (0.00ns)   --->   "%burst_beats_read = read i32 @_ssdm_op_Read.ap_auto.i32, i32 %burst_beats"   --->   Operation 7 'read' 'burst_beats_read' <Predicate = true> <Delay = 0.00>
ST_1 : Operation 8 [1/1] (0.00ns)   --->   "%sext_ln803_read = read i58 @_ssdm_op_Read.ap_auto.i58, i58 %sext_ln803"   --->   Operation 8 'read' 'sext_ln803_read' <Predicate = true> <Delay = 0.00>
ST_1 : Operation 9 [1/1] (0.00ns)   --->   "%sext_ln803_cast = sext i58 %sext_ln803_read"   --->   Operation 9 'sext' 'sext_ln803_cast' <Predicate = true> <Delay = 0.00>
ST_1 : Operation 10 [1/1] (0.00ns)   --->   "%specinterface_ln0 = specinterface void @_ssdm_op_SpecInterface, i512 %gmem2, void @empty_24, i32 0, i32 0, void @empty_25, i32 40, i32 4096, void @empty_38, void @empty_27, void @empty_25, i32 4, i32 4, i32 64, i32 64, void @empty_25, void @empty_25, i32 4294967295, i32 0"   --->   Operation 10 'specinterface' 'specinterface_ln0' <Predicate = true> <Delay = 0.00>
ST_1 : Operation 11 [1/1] (0.00ns)   --->   "%specinterface_ln0 = specinterface void @_ssdm_op_SpecInterface, i512 %arg2_write_mem_strm, void @empty_20, i32 0, i32 0, void @empty_25, i32 0, i32 0, void @empty_25, void @empty_25, void @empty_25, i32 0, i32 0, i32 0, i32 0, void @empty_25, void @empty_25, i32 4294967295, i32 0"   --->   Operation 11 'specinterface' 'specinterface_ln0' <Predicate = true> <Delay = 0.00>
ST_1 : Operation 12 [1/1] (0.38ns)   --->   "%store_ln0 = store i32 0, i32 %index"   --->   Operation 12 'store' 'store_ln0' <Predicate = true> <Delay = 0.38>
ST_1 : Operation 13 [1/1] (0.00ns)   --->   "%br_ln0 = br void %for.inc.i"   --->   Operation 13 'br' 'br_ln0' <Predicate = true> <Delay = 0.00>
ST_1 : Operation 14 [1/1] (0.00ns)   --->   "%index_10 = load i32 %index" [/home/x_thileeb/repos/ops-hls-batching-new/OPS/ops/hls/include/device/../../L1/include/ops_hls_datamover.hpp:820]   --->   Operation 14 'load' 'index_10' <Predicate = true> <Delay = 0.00>
ST_1 : Operation 15 [1/1] (0.85ns)   --->   "%icmp_ln803 = icmp_eq  i32 %index_10, i32 %burst_beats_read" [/home/x_thileeb/repos/ops-hls-batching-new/OPS/ops/hls/include/device/../../L1/include/ops_hls_datamover.hpp:803]   --->   Operation 15 'icmp' 'icmp_ln803' <Predicate = true> <Delay = 0.85> <CoreInst = "Cmp">   --->   Core 9 'Cmp' <Latency = 0> <II = 1> <Delay = 0.85> <FuncUnit> <Opcode : 'icmp'> <InPorts = 2> <OutPorts = 1>
ST_1 : Operation 16 [1/1] (0.88ns)   --->   "%add_ln820 = add i32 %index_10, i32 1" [/home/x_thileeb/repos/ops-hls-batching-new/OPS/ops/hls/include/device/../../L1/include/ops_hls_datamover.hpp:820]   --->   Operation 16 'add' 'add_ln820' <Predicate = true> <Delay = 0.88> <CoreInst = "Adder">   --->   Core 1 'Adder' <Latency = 0> <II = 1> <Delay = 0.88> <FuncUnit> <Opcode : 'add' 'sub'> <InPorts = 2> <OutPorts = 1>
ST_1 : Operation 17 [1/1] (0.00ns)   --->   "%br_ln803 = br i1 %icmp_ln803, void %for.inc.split.i, void %VITIS_LOOP_824_2.loopexit.i.exitStub" [/home/x_thileeb/repos/ops-hls-batching-new/OPS/ops/hls/include/device/../../L1/include/ops_hls_datamover.hpp:803]   --->   Operation 17 'br' 'br_ln803' <Predicate = true> <Delay = 0.00>
ST_1 : Operation 18 [1/1] (0.38ns)   --->   "%store_ln803 = store i32 %add_ln820, i32 %index" [/home/x_thileeb/repos/ops-hls-batching-new/OPS/ops/hls/include/device/../../L1/include/ops_hls_datamover.hpp:803]   --->   Operation 18 'store' 'store_ln803' <Predicate = (!icmp_ln803)> <Delay = 0.38>

State 2 <SV = 1> <Delay = 1.21>
ST_2 : Operation 19 [1/1] (0.00ns)   --->   "%gmem2_addr = getelementptr i512 %gmem2, i64 %sext_ln803_cast" [/home/x_thileeb/repos/ops-hls-batching-new/OPS/ops/hls/include/device/../../L1/include/ops_hls_datamover.hpp:803]   --->   Operation 19 'getelementptr' 'gmem2_addr' <Predicate = true> <Delay = 0.00>
ST_2 : Operation 20 [1/1] (1.21ns)   --->   "%tmp = read i512 @_ssdm_op_Read.ap_fifo.volatile.i512P0A, i512 %arg2_write_mem_strm" [/home/x_thileeb/repos/ops-hls-batching-new/OPS/ops/hls/include/device/../../L1/include/ops_hls_datamover.hpp:807]   --->   Operation 20 'read' 'tmp' <Predicate = (!icmp_ln803)> <Delay = 1.21> <CoreInst = "FIFO_SRL">   --->   Core 81 'FIFO_SRL' <Latency = 0> <II = 1> <Delay = 1.41> <Storage> <Opcode : 'read' 'write' 'nbread' 'nbwrite'> <Ports = 0> <Width = 512> <Depth = 2> <FIFO>
ST_2 : Operation 25 [1/1] (0.00ns)   --->   "%ret_ln0 = ret"   --->   Operation 25 'ret' 'ret_ln0' <Predicate = (icmp_ln803)> <Delay = 0.00>

State 3 <SV = 2> <Delay = 2.43>
ST_3 : Operation 21 [1/1] (0.00ns)   --->   "%specpipeline_ln805 = specpipeline void @_ssdm_op_SpecPipeline, i32 2, i32 0, i32 0, i32 0, void @empty_25" [/home/x_thileeb/repos/ops-hls-batching-new/OPS/ops/hls/include/device/../../L1/include/ops_hls_datamover.hpp:805]   --->   Operation 21 'specpipeline' 'specpipeline_ln805' <Predicate = true> <Delay = 0.00>
ST_3 : Operation 22 [1/1] (0.00ns)   --->   "%specloopname_ln801 = specloopname void @_ssdm_op_SpecLoopName, void @empty_3" [/home/x_thileeb/repos/ops-hls-batching-new/OPS/ops/hls/include/device/../../L1/include/ops_hls_datamover.hpp:801]   --->   Operation 22 'specloopname' 'specloopname_ln801' <Predicate = true> <Delay = 0.00>
ST_3 : Operation 23 [1/1] (2.43ns)   --->   "%write_ln808 = write void @_ssdm_op_Write.m_axi.p1i512, i64 %gmem2_addr, i512 %tmp, i64 18446744073709551615" [/home/x_thileeb/repos/ops-hls-batching-new/OPS/ops/hls/include/device/../../L1/include/ops_hls_datamover.hpp:808]   --->   Operation 23 'write' 'write_ln808' <Predicate = true> <Delay = 2.43> <CoreInst = "m_axi">   --->   Core 121 'm_axi' <Latency = 0> <II = 1> <Delay = 1.00> <Adapter> <Opcode : 'read' 'write' 'readreq' 'writereq' 'writeresp'>
ST_3 : Operation 24 [1/1] (0.00ns)   --->   "%br_ln803 = br void %for.inc.i" [/home/x_thileeb/repos/ops-hls-batching-new/OPS/ops/hls/include/device/../../L1/include/ops_hls_datamover.hpp:803]   --->   Operation 24 'br' 'br_ln803' <Predicate = true> <Delay = 0.00>


============================================================
+ Verbose Summary: Binding
============================================================
STG Binding: 
---------------- STG Properties BEGIN ----------------
- Is combinational: 0
- Is one-state seq: 0
- Is datapath-only: 0
- Is pipelined: 0
- Is top level: 0
Port [ Return ] is wired: 1; IO mode=ap_ctrl_hs:ce=0
Port [ gmem2]:  wired=1; compound=1; hidden=0; nouse=0; global=0; static=0; extern=0; dir=1; type=4; pingpong=0; private_global=0; IO mode=m_axi:ce=0
Port [ sext_ln803]:  wired=1; compound=0; hidden=0; nouse=0; global=0; static=0; extern=0; dir=0; type=0; pingpong=0; private_global=0; IO mode=ap_none:ce=0
Port [ burst_beats]:  wired=1; compound=0; hidden=0; nouse=0; global=0; static=0; extern=0; dir=0; type=0; pingpong=0; private_global=0; IO mode=ap_none:ce=0
Port [ arg2_write_mem_strm]:  wired=1; compound=1; hidden=0; nouse=0; global=1; static=1; extern=0; dir=0; type=3; pingpong=0; private_global=0; IO mode=ap_fifo:ce=0
---------------- STG Properties END ------------------

---------------- Datapath Model BEGIN ----------------

<LifeTime>
<method=bitvector/>
index              (alloca       ) [ 0100]
burst_beats_read   (read         ) [ 0000]
sext_ln803_read    (read         ) [ 0000]
sext_ln803_cast    (sext         ) [ 0010]
specinterface_ln0  (specinterface) [ 0000]
specinterface_ln0  (specinterface) [ 0000]
store_ln0          (store        ) [ 0000]
br_ln0             (br           ) [ 0000]
index_10           (load         ) [ 0000]
icmp_ln803         (icmp         ) [ 0110]
add_ln820          (add          ) [ 0000]
br_ln803           (br           ) [ 0000]
store_ln803        (store        ) [ 0000]
gmem2_addr         (getelementptr) [ 0101]
tmp                (read         ) [ 0101]
specpipeline_ln805 (specpipeline ) [ 0000]
specloopname_ln801 (specloopname ) [ 0000]
write_ln808        (write        ) [ 0000]
br_ln803           (br           ) [ 0000]
ret_ln0            (ret          ) [ 0000]
</LifeTime>

<model>

<comp_list>
<comp id="0" class="1000" name="gmem2">
<pin_list>
<pin id="1" dir="1" index="0" bw="1" slack="0"/>
</pin_list>
<bind>
<StgValue><ssdm name="gmem2"/></StgValue>
</bind>
</comp>

<comp id="2" class="1000" name="sext_ln803">
<pin_list>
<pin id="3" dir="1" index="0" bw="1" slack="0"/>
</pin_list>
<bind>
<StgValue><ssdm name="sext_ln803"/></StgValue>
</bind>
</comp>

<comp id="4" class="1000" name="burst_beats">
<pin_list>
<pin id="5" dir="1" index="0" bw="1" slack="0"/>
</pin_list>
<bind>
<StgValue><ssdm name="burst_beats"/></StgValue>
</bind>
</comp>

<comp id="6" class="1000" name="arg2_write_mem_strm">
<pin_list>
<pin id="7" dir="1" index="0" bw="1" slack="0"/>
</pin_list>
<bind>
<StgValue><ssdm name="arg2_write_mem_strm"/></StgValue>
</bind>
</comp>

<comp id="8" class="1001" name="const_8">
<pin_list>
<pin id="9" dir="1" index="0" bw="1" slack="0"/>
</pin_list>
<bind>
<StgValue><ssdm name=""/></StgValue>
</bind>
</comp>

<comp id="10" class="1001" name="const_10">
<pin_list>
<pin id="11" dir="1" index="0" bw="1" slack="0"/>
</pin_list>
<bind>
<StgValue><ssdm name="_ssdm_op_Read.ap_auto.i32"/></StgValue>
</bind>
</comp>

<comp id="12" class="1001" name="const_12">
<pin_list>
<pin id="13" dir="1" index="0" bw="1" slack="0"/>
</pin_list>
<bind>
<StgValue><ssdm name="_ssdm_op_Read.ap_auto.i58"/></StgValue>
</bind>
</comp>

<comp id="14" class="1001" name="const_14">
<pin_list>
<pin id="15" dir="1" index="0" bw="1" slack="2147483647"/>
</pin_list>
<bind>
<StgValue><ssdm name="_ssdm_op_SpecInterface"/></StgValue>
</bind>
</comp>

<comp id="16" class="1001" name="const_16">
<pin_list>
<pin id="17" dir="1" index="0" bw="1" slack="2147483647"/>
</pin_list>
<bind>
<StgValue><ssdm name="empty_24"/></StgValue>
</bind>
</comp>

<comp id="18" class="1001" name="const_18">
<pin_list>
<pin id="19" dir="1" index="0" bw="1" slack="0"/>
</pin_list>
<bind>
<StgValue><ssdm name=""/></StgValue>
</bind>
</comp>

<comp id="20" class="1001" name="const_20">
<pin_list>
<pin id="21" dir="1" index="0" bw="1" slack="2147483647"/>
</pin_list>
<bind>
<StgValue><ssdm name="empty_25"/></StgValue>
</bind>
</comp>

<comp id="22" class="1001" name="const_22">
<pin_list>
<pin id="23" dir="1" index="0" bw="1" slack="2147483647"/>
</pin_list>
<bind>
<StgValue><ssdm name=""/></StgValue>
</bind>
</comp>

<comp id="24" class="1001" name="const_24">
<pin_list>
<pin id="25" dir="1" index="0" bw="1" slack="2147483647"/>
</pin_list>
<bind>
<StgValue><ssdm name=""/></StgValue>
</bind>
</comp>

<comp id="26" class="1001" name="const_26">
<pin_list>
<pin id="27" dir="1" index="0" bw="1" slack="2147483647"/>
</pin_list>
<bind>
<StgValue><ssdm name="empty_38"/></StgValue>
</bind>
</comp>

<comp id="28" class="1001" name="const_28">
<pin_list>
<pin id="29" dir="1" index="0" bw="1" slack="2147483647"/>
</pin_list>
<bind>
<StgValue><ssdm name="empty_27"/></StgValue>
</bind>
</comp>

<comp id="30" class="1001" name="const_30">
<pin_list>
<pin id="31" dir="1" index="0" bw="1" slack="2147483647"/>
</pin_list>
<bind>
<StgValue><ssdm name=""/></StgValue>
</bind>
</comp>

<comp id="32" class="1001" name="const_32">
<pin_list>
<pin id="33" dir="1" index="0" bw="1" slack="2147483647"/>
</pin_list>
<bind>
<StgValue><ssdm name=""/></StgValue>
</bind>
</comp>

<comp id="34" class="1001" name="const_34">
<pin_list>
<pin id="35" dir="1" index="0" bw="1" slack="2147483647"/>
</pin_list>
<bind>
<StgValue><ssdm name=""/></StgValue>
</bind>
</comp>

<comp id="36" class="1001" name="const_36">
<pin_list>
<pin id="37" dir="1" index="0" bw="1" slack="2147483647"/>
</pin_list>
<bind>
<StgValue><ssdm name="empty_20"/></StgValue>
</bind>
</comp>

<comp id="38" class="1001" name="const_38">
<pin_list>
<pin id="39" dir="1" index="0" bw="1" slack="0"/>
</pin_list>
<bind>
<StgValue><ssdm name="_ssdm_op_Read.ap_fifo.volatile.i512P0A"/></StgValue>
</bind>
</comp>

<comp id="40" class="1001" name="const_40">
<pin_list>
<pin id="41" dir="1" index="0" bw="1" slack="2147483647"/>
</pin_list>
<bind>
<StgValue><ssdm name="_ssdm_op_SpecPipeline"/></StgValue>
</bind>
</comp>

<comp id="42" class="1001" name="const_42">
<pin_list>
<pin id="43" dir="1" index="0" bw="1" slack="2147483647"/>
</pin_list>
<bind>
<StgValue><ssdm name=""/></StgValue>
</bind>
</comp>

<comp id="44" class="1001" name="const_44">
<pin_list>
<pin id="45" dir="1" index="0" bw="1" slack="2147483647"/>
</pin_list>
<bind>
<StgValue><ssdm name="_ssdm_op_SpecLoopName"/></StgValue>
</bind>
</comp>

<comp id="46" class="1001" name="const_46">
<pin_list>
<pin id="47" dir="1" index="0" bw="1" slack="2147483647"/>
</pin_list>
<bind>
<StgValue><ssdm name="empty_3"/></StgValue>
</bind>
</comp>

<comp id="48" class="1001" name="const_48">
<pin_list>
<pin id="49" dir="1" index="0" bw="1" slack="0"/>
</pin_list>
<bind>
<StgValue><ssdm name="_ssdm_op_Write.m_axi.p1i512"/></StgValue>
</bind>
</comp>

<comp id="50" class="1001" name="const_50">
<pin_list>
<pin id="51" dir="1" index="0" bw="1" slack="0"/>
</pin_list>
<bind>
<StgValue><ssdm name=""/></StgValue>
</bind>
</comp>

<comp id="52" class="1004" name="index_fu_52">
<pin_list>
<pin id="53" dir="0" index="0" bw="1" slack="0"/>
<pin id="54" dir="1" index="1" bw="32" slack="0"/>
</pin_list>
<bind>
<opcode="alloca(26) " fcode="alloca"/>
<opset="index/1 "/>
</bind>
</comp>

<comp id="56" class="1004" name="burst_beats_read_read_fu_56">
<pin_list>
<pin id="57" dir="0" index="0" bw="32" slack="0"/>
<pin id="58" dir="0" index="1" bw="32" slack="0"/>
<pin id="59" dir="1" index="2" bw="32" slack="0"/>
</pin_list>
<bind>
<opcode="read(1150) " fcode="read"/>
<opset="burst_beats_read/1 "/>
</bind>
</comp>

<comp id="62" class="1004" name="sext_ln803_read_read_fu_62">
<pin_list>
<pin id="63" dir="0" index="0" bw="58" slack="0"/>
<pin id="64" dir="0" index="1" bw="58" slack="0"/>
<pin id="65" dir="1" index="2" bw="58" slack="0"/>
</pin_list>
<bind>
<opcode="read(1150) " fcode="read"/>
<opset="sext_ln803_read/1 "/>
</bind>
</comp>

<comp id="68" class="1004" name="tmp_read_fu_68">
<pin_list>
<pin id="69" dir="0" index="0" bw="512" slack="0"/>
<pin id="70" dir="0" index="1" bw="512" slack="0"/>
<pin id="71" dir="1" index="2" bw="512" slack="1"/>
</pin_list>
<bind>
<opcode="read(1150) " fcode="read"/>
<opset="tmp/2 "/>
</bind>
</comp>

<comp id="74" class="1004" name="write_ln808_write_fu_74">
<pin_list>
<pin id="75" dir="0" index="0" bw="0" slack="0"/>
<pin id="76" dir="0" index="1" bw="512" slack="1"/>
<pin id="77" dir="0" index="2" bw="512" slack="1"/>
<pin id="78" dir="0" index="3" bw="1" slack="0"/>
<pin id="79" dir="1" index="4" bw="0" slack="2147483647"/>
</pin_list>
<bind>
<opcode="write(1151) " fcode="write"/>
<opset="write_ln808/3 "/>
</bind>
</comp>

<comp id="82" class="1004" name="sext_ln803_cast_fu_82">
<pin_list>
<pin id="83" dir="0" index="0" bw="58" slack="0"/>
<pin id="84" dir="1" index="1" bw="64" slack="1"/>
</pin_list>
<bind>
<opcode="sext(35) " fcode="sext"/>
<opset="sext_ln803_cast/1 "/>
</bind>
</comp>

<comp id="86" class="1004" name="store_ln0_store_fu_86">
<pin_list>
<pin id="87" dir="0" index="0" bw="1" slack="0"/>
<pin id="88" dir="0" index="1" bw="32" slack="0"/>
<pin id="89" dir="1" index="2" bw="0" slack="2147483647"/>
</pin_list>
<bind>
<opcode="store(28) " fcode="store"/>
<opset="store_ln0/1 "/>
</bind>
</comp>

<comp id="91" class="1004" name="index_10_load_fu_91">
<pin_list>
<pin id="92" dir="0" index="0" bw="32" slack="0"/>
<pin id="93" dir="1" index="1" bw="32" slack="0"/>
</pin_list>
<bind>
<opcode="load(27) " fcode="load"/>
<opset="index_10/1 "/>
</bind>
</comp>

<comp id="94" class="1004" name="icmp_ln803_fu_94">
<pin_list>
<pin id="95" dir="0" index="0" bw="32" slack="0"/>
<pin id="96" dir="0" index="1" bw="32" slack="0"/>
<pin id="97" dir="1" index="2" bw="1" slack="1"/>
</pin_list>
<bind>
<opcode="icmp(45) " fcode="icmp"/>
<opset="icmp_ln803/1 "/>
</bind>
</comp>

<comp id="100" class="1004" name="add_ln820_fu_100">
<pin_list>
<pin id="101" dir="0" index="0" bw="32" slack="0"/>
<pin id="102" dir="0" index="1" bw="1" slack="0"/>
<pin id="103" dir="1" index="2" bw="32" slack="0"/>
</pin_list>
<bind>
<opcode="add(8) " fcode="add"/>
<opset="add_ln820/1 "/>
</bind>
</comp>

<comp id="106" class="1004" name="store_ln803_store_fu_106">
<pin_list>
<pin id="107" dir="0" index="0" bw="32" slack="0"/>
<pin id="108" dir="0" index="1" bw="32" slack="0"/>
<pin id="109" dir="1" index="2" bw="0" slack="2147483647"/>
</pin_list>
<bind>
<opcode="store(28) " fcode="store"/>
<opset="store_ln803/1 "/>
</bind>
</comp>

<comp id="111" class="1004" name="gmem2_addr_fu_111">
<pin_list>
<pin id="112" dir="0" index="0" bw="64" slack="0"/>
<pin id="113" dir="0" index="1" bw="64" slack="1"/>
<pin id="114" dir="1" index="2" bw="64" slack="1"/>
</pin_list>
<bind>
<opcode="getelementptr(29) " fcode="getelementptr"/>
<opset="gmem2_addr/2 "/>
</bind>
</comp>

<comp id="116" class="1005" name="index_reg_116">
<pin_list>
<pin id="117" dir="0" index="0" bw="32" slack="0"/>
<pin id="118" dir="1" index="1" bw="32" slack="0"/>
</pin_list>
<bind>
<opset="index "/>
</bind>
</comp>

<comp id="123" class="1005" name="sext_ln803_cast_reg_123">
<pin_list>
<pin id="124" dir="0" index="0" bw="64" slack="1"/>
<pin id="125" dir="1" index="1" bw="64" slack="1"/>
</pin_list>
<bind>
<opset="sext_ln803_cast "/>
</bind>
</comp>

<comp id="128" class="1005" name="icmp_ln803_reg_128">
<pin_list>
<pin id="129" dir="0" index="0" bw="1" slack="1"/>
<pin id="130" dir="1" index="1" bw="1" slack="2147483647"/>
</pin_list>
<bind>
<opset="icmp_ln803 "/>
</bind>
</comp>

<comp id="132" class="1005" name="gmem2_addr_reg_132">
<pin_list>
<pin id="133" dir="0" index="0" bw="512" slack="1"/>
<pin id="134" dir="1" index="1" bw="512" slack="1"/>
</pin_list>
<bind>
<opset="gmem2_addr "/>
</bind>
</comp>

<comp id="137" class="1005" name="tmp_reg_137">
<pin_list>
<pin id="138" dir="0" index="0" bw="512" slack="1"/>
<pin id="139" dir="1" index="1" bw="512" slack="1"/>
</pin_list>
<bind>
<opset="tmp "/>
</bind>
</comp>

</comp_list>

<net_list>
<net id="55"><net_src comp="8" pin="0"/><net_sink comp="52" pin=0"/></net>

<net id="60"><net_src comp="10" pin="0"/><net_sink comp="56" pin=0"/></net>

<net id="61"><net_src comp="4" pin="0"/><net_sink comp="56" pin=1"/></net>

<net id="66"><net_src comp="12" pin="0"/><net_sink comp="62" pin=0"/></net>

<net id="67"><net_src comp="2" pin="0"/><net_sink comp="62" pin=1"/></net>

<net id="72"><net_src comp="38" pin="0"/><net_sink comp="68" pin=0"/></net>

<net id="73"><net_src comp="6" pin="0"/><net_sink comp="68" pin=1"/></net>

<net id="80"><net_src comp="48" pin="0"/><net_sink comp="74" pin=0"/></net>

<net id="81"><net_src comp="50" pin="0"/><net_sink comp="74" pin=3"/></net>

<net id="85"><net_src comp="62" pin="2"/><net_sink comp="82" pin=0"/></net>

<net id="90"><net_src comp="18" pin="0"/><net_sink comp="86" pin=0"/></net>

<net id="98"><net_src comp="91" pin="1"/><net_sink comp="94" pin=0"/></net>

<net id="99"><net_src comp="56" pin="2"/><net_sink comp="94" pin=1"/></net>

<net id="104"><net_src comp="91" pin="1"/><net_sink comp="100" pin=0"/></net>

<net id="105"><net_src comp="8" pin="0"/><net_sink comp="100" pin=1"/></net>

<net id="110"><net_src comp="100" pin="2"/><net_sink comp="106" pin=0"/></net>

<net id="115"><net_src comp="0" pin="0"/><net_sink comp="111" pin=0"/></net>

<net id="119"><net_src comp="52" pin="1"/><net_sink comp="116" pin=0"/></net>

<net id="120"><net_src comp="116" pin="1"/><net_sink comp="86" pin=1"/></net>

<net id="121"><net_src comp="116" pin="1"/><net_sink comp="91" pin=0"/></net>

<net id="122"><net_src comp="116" pin="1"/><net_sink comp="106" pin=1"/></net>

<net id="126"><net_src comp="82" pin="1"/><net_sink comp="123" pin=0"/></net>

<net id="127"><net_src comp="123" pin="1"/><net_sink comp="111" pin=1"/></net>

<net id="131"><net_src comp="94" pin="2"/><net_sink comp="128" pin=0"/></net>

<net id="135"><net_src comp="111" pin="2"/><net_sink comp="132" pin=0"/></net>

<net id="136"><net_src comp="132" pin="1"/><net_sink comp="74" pin=1"/></net>

<net id="140"><net_src comp="68" pin="2"/><net_sink comp="137" pin=0"/></net>

<net id="141"><net_src comp="137" pin="1"/><net_sink comp="74" pin=2"/></net>

</net_list>

</model> 
---------------- Datapath Model END ------------------

* FSMD analyzer results:
  - Output states:
	Port: gmem2 | {3 }
	Port: arg2_write_mem_strm | {}
 - Input state : 
	Port: stream2mem<512u, 64u, 2u>.16_Pipeline_VITIS_LOOP_803_1 : gmem2 | {}
	Port: stream2mem<512u, 64u, 2u>.16_Pipeline_VITIS_LOOP_803_1 : sext_ln803 | {1 }
	Port: stream2mem<512u, 64u, 2u>.16_Pipeline_VITIS_LOOP_803_1 : burst_beats | {1 }
	Port: stream2mem<512u, 64u, 2u>.16_Pipeline_VITIS_LOOP_803_1 : arg2_write_mem_strm | {2 }
  - Chain level:
	State 1
		store_ln0 : 1
		index_10 : 1
		icmp_ln803 : 2
		add_ln820 : 2
		br_ln803 : 3
		store_ln803 : 3
	State 2
	State 3


============================================================
+ Verbose Summary: Datapath Resource usage 
============================================================

* Functional unit list:
|----------|-----------------------------|---------|---------|
| Operation|       Functional Unit       |    FF   |   LUT   |
|----------|-----------------------------|---------|---------|
|    add   |       add_ln820_fu_100      |    0    |    39   |
|----------|-----------------------------|---------|---------|
|   icmp   |       icmp_ln803_fu_94      |    0    |    20   |
|----------|-----------------------------|---------|---------|
|          | burst_beats_read_read_fu_56 |    0    |    0    |
|   read   |  sext_ln803_read_read_fu_62 |    0    |    0    |
|          |        tmp_read_fu_68       |    0    |    0    |
|----------|-----------------------------|---------|---------|
|   write  |   write_ln808_write_fu_74   |    0    |    0    |
|----------|-----------------------------|---------|---------|
|   sext   |    sext_ln803_cast_fu_82    |    0    |    0    |
|----------|-----------------------------|---------|---------|
|   Total  |                             |    0    |    59   |
|----------|-----------------------------|---------|---------|

Memories:
N/A

* Register list:
+-----------------------+--------+
|                       |   FF   |
+-----------------------+--------+
|   gmem2_addr_reg_132  |   512  |
|   icmp_ln803_reg_128  |    1   |
|     index_reg_116     |   32   |
|sext_ln803_cast_reg_123|   64   |
|      tmp_reg_137      |   512  |
+-----------------------+--------+
|         Total         |  1121  |
+-----------------------+--------+

* Multiplexer (MUX) list: 
|--------|------|------|------|--------|
|  Comp  |  Pin | Size |  BW  | S x BW |
|--------|------|------|------|--------|
|  Total |      |      |      |    0   |
|--------|------|------|------|--------|



* Summary:
+-----------+--------+--------+
|           |   FF   |   LUT  |
+-----------+--------+--------+
|  Function |    0   |   59   |
|   Memory  |    -   |    -   |
|Multiplexer|    -   |    -   |
|  Register |  1121  |    -   |
+-----------+--------+--------+
|   Total   |  1121  |   59   |
+-----------+--------+--------+
