

================================================================
== Vitis HLS Report for 'repeater_outerloop_0'
================================================================
* Date:           Fri Jul 31 14:34:21 2026

* Version:        2022.2 (Build 3670227 on Oct 13 2022)
* Project:        repeater_outerloop_0
* Solution:       solution (Vitis Kernel Flow Target)
* Product family: virtexuplus
* Target device:  xcu280-fsvh2892-2L-e


================================================================
== Performance Estimates
================================================================
+ Timing: 
    * Summary: 
    +--------+---------+----------+------------+
    |  Clock |  Target | Estimated| Uncertainty|
    +--------+---------+----------+------------+
    |ap_clk  |  3.33 ns|      0 ns|     0.90 ns|
    +--------+---------+----------+------------+

+ Latency: 
    * Summary: 
    +---------+---------+----------+----------+-----+-----+----------+
    |  Latency (cycles) |  Latency (absolute) |  Interval | Pipeline |
    |   min   |   max   |    min   |    max   | min | max |   Type   |
    +---------+---------+----------+----------+-----+-----+----------+
    |        1|        1|  3.333 ns|  3.333 ns|    1|    1|  yes(flp)|
    +---------+---------+----------+----------+-----+-----+----------+

    + Detail: 
        * Instance: 
        N/A

        * Loop: 
        N/A

============================================================
+ Verbose Summary: Synthesis Manager
============================================================
InlineROM: 1
ExposeGlobal: 0
============================================================
+ Verbose Summary: CDFG Model
============================================================
IsTopModel: 1
ResetActiveHigh: 1
IsCombinational: 0
IsDatapathOnly: 0
HasWiredReturn: 1
HasMFsm: 1
HasVarLatency: 0
IsPipeline: 1
IsRtlPipelined: 1
IsInstanceOverlapped: 0
IsDontTouch: 0
HasImplIP: 0
IsGatedGlobalClock: 0

+ Individual pipeline summary: 
  * Pipeline-0: initiation interval (II) = 1, depth = 2


============================================================
+ Verbose Summary: Schedule
============================================================
* Number of FSM states : 2
* Pipeline : 1
  Pipeline-0 : II = 1, D = 2, States = { 1 2 }
* Dataflow Pipeline: 0

* FSM state transitions: 
1 --> 2 
2 --> 

* FSM state operations: 

State 1 <SV = 0> <Delay = 0.00>
ST_1 : Operation 3 [1/1] (0.00ns)   --->   "%empty = read i321 @_ssdm_op_Read.axis.volatile.i256P0A.i32P0A.i32P0A.i1P0A, i256 %arg0_axis_in_V_data_V, i32 %arg0_axis_in_V_keep_V, i32 %arg0_axis_in_V_strb_V, i1 %arg0_axis_in_V_last_V"   --->   Operation 3 'read' 'empty' <Predicate = true> <Delay = 0.00> <CoreInst = "axis">   --->   Core 123 'axis' <Latency = 0> <II = 1> <Delay = 1.00> <Adapter> <Opcode : >
ST_1 : Operation 4 [1/1] (0.00ns)   --->   "%tmp_data_V = extractvalue i321 %empty"   --->   Operation 4 'extractvalue' 'tmp_data_V' <Predicate = true> <Delay = 0.00>
ST_1 : Operation 5 [1/1] (0.00ns)   --->   "%tmp_keep_V = extractvalue i321 %empty"   --->   Operation 5 'extractvalue' 'tmp_keep_V' <Predicate = true> <Delay = 0.00>
ST_1 : Operation 6 [1/1] (0.00ns)   --->   "%tmp_strb_V = extractvalue i321 %empty"   --->   Operation 6 'extractvalue' 'tmp_strb_V' <Predicate = true> <Delay = 0.00>
ST_1 : Operation 7 [1/1] (0.00ns)   --->   "%tmp_last_V = extractvalue i321 %empty"   --->   Operation 7 'extractvalue' 'tmp_last_V' <Predicate = true> <Delay = 0.00>
ST_1 : Operation 8 [2/2] (0.00ns)   --->   "%write_ln258 = write void @_ssdm_op_Write.axis.volatile.i256P0A.i32P0A.i32P0A.i1P0A, i256 %arg1_axis_out_V_data_V, i32 %arg1_axis_out_V_keep_V, i32 %arg1_axis_out_V_strb_V, i1 %arg1_axis_out_V_last_V, i256 %tmp_data_V, i32 %tmp_keep_V, i32 %tmp_strb_V, i1 %tmp_last_V"   --->   Operation 8 'write' 'write_ln258' <Predicate = true> <Delay = 0.00> <CoreInst = "axis">   --->   Core 123 'axis' <Latency = 0> <II = 1> <Delay = 1.00> <Adapter> <Opcode : >

State 2 <SV = 1> <Delay = 0.00>
ST_2 : Operation 9 [1/1] (0.00ns)   --->   "%specpipeline_ln17 = specpipeline void @_ssdm_op_SpecPipeline, i32 1, i32 2, i32 0, i32 0, void @empty_1" [/scratch/hpc-prf-acgasm/beniel/ops-hls-batching-tiling-artifacts/codegen_apps/tiling/poisson2d/u280_project/maxtile_8192_p70/hls/device/src/repeater_outerloop_0.cpp:17]   --->   Operation 9 'specpipeline' 'specpipeline_ln17' <Predicate = true> <Delay = 0.00>
ST_2 : Operation 10 [1/1] (0.00ns)   --->   "%spectopmodule_ln7 = spectopmodule void @_ssdm_op_SpecTopModule, void @empty_4" [/scratch/hpc-prf-acgasm/beniel/ops-hls-batching-tiling-artifacts/codegen_apps/tiling/poisson2d/u280_project/maxtile_8192_p70/hls/device/src/repeater_outerloop_0.cpp:7]   --->   Operation 10 'spectopmodule' 'spectopmodule_ln7' <Predicate = true> <Delay = 0.00>
ST_2 : Operation 11 [1/1] (0.00ns)   --->   "%specinterface_ln7 = specinterface void @_ssdm_op_SpecInterface, i32 0, void @empty_5, i32 0, i32 0, void @empty_1, i32 0, i32 0, void @empty_1, void @empty_1, void @empty_1, i32 0, i32 0, i32 0, i32 0, void @empty_1, void @empty_1, i32 4294967295, i32 0" [/scratch/hpc-prf-acgasm/beniel/ops-hls-batching-tiling-artifacts/codegen_apps/tiling/poisson2d/u280_project/maxtile_8192_p70/hls/device/src/repeater_outerloop_0.cpp:7]   --->   Operation 11 'specinterface' 'specinterface_ln7' <Predicate = true> <Delay = 0.00>
ST_2 : Operation 12 [1/1] (0.00ns)   --->   "%specinterface_ln0 = specinterface void @_ssdm_op_SpecInterface, i256 %arg0_axis_in_V_data_V, i32 %arg0_axis_in_V_keep_V, i32 %arg0_axis_in_V_strb_V, i1 %arg0_axis_in_V_last_V, void @empty, i32 1, i32 1, void @empty_0, i32 0, i32 0, void @empty_1, void @empty_1, void @empty_1, i32 0, i32 0, i32 0, i32 0, void @empty_1, void @empty_1, i32 4294967295, i32 0"   --->   Operation 12 'specinterface' 'specinterface_ln0' <Predicate = true> <Delay = 0.00>
ST_2 : Operation 13 [1/1] (0.00ns)   --->   "%specbitsmap_ln0 = specbitsmap void @_ssdm_op_SpecBitsMap, i256 %arg0_axis_in_V_data_V"   --->   Operation 13 'specbitsmap' 'specbitsmap_ln0' <Predicate = true> <Delay = 0.00>
ST_2 : Operation 14 [1/1] (0.00ns)   --->   "%specbitsmap_ln0 = specbitsmap void @_ssdm_op_SpecBitsMap, i32 %arg0_axis_in_V_keep_V"   --->   Operation 14 'specbitsmap' 'specbitsmap_ln0' <Predicate = true> <Delay = 0.00>
ST_2 : Operation 15 [1/1] (0.00ns)   --->   "%specbitsmap_ln0 = specbitsmap void @_ssdm_op_SpecBitsMap, i32 %arg0_axis_in_V_strb_V"   --->   Operation 15 'specbitsmap' 'specbitsmap_ln0' <Predicate = true> <Delay = 0.00>
ST_2 : Operation 16 [1/1] (0.00ns)   --->   "%specbitsmap_ln0 = specbitsmap void @_ssdm_op_SpecBitsMap, i1 %arg0_axis_in_V_last_V"   --->   Operation 16 'specbitsmap' 'specbitsmap_ln0' <Predicate = true> <Delay = 0.00>
ST_2 : Operation 17 [1/1] (0.00ns)   --->   "%specinterface_ln0 = specinterface void @_ssdm_op_SpecInterface, i256 %arg1_axis_out_V_data_V, i32 %arg1_axis_out_V_keep_V, i32 %arg1_axis_out_V_strb_V, i1 %arg1_axis_out_V_last_V, void @empty, i32 1, i32 1, void @empty_0, i32 0, i32 0, void @empty_1, void @empty_1, void @empty_1, i32 0, i32 0, i32 0, i32 0, void @empty_1, void @empty_1, i32 4294967295, i32 0"   --->   Operation 17 'specinterface' 'specinterface_ln0' <Predicate = true> <Delay = 0.00>
ST_2 : Operation 18 [1/1] (0.00ns)   --->   "%specbitsmap_ln0 = specbitsmap void @_ssdm_op_SpecBitsMap, i256 %arg1_axis_out_V_data_V"   --->   Operation 18 'specbitsmap' 'specbitsmap_ln0' <Predicate = true> <Delay = 0.00>
ST_2 : Operation 19 [1/1] (0.00ns)   --->   "%specbitsmap_ln0 = specbitsmap void @_ssdm_op_SpecBitsMap, i32 %arg1_axis_out_V_keep_V"   --->   Operation 19 'specbitsmap' 'specbitsmap_ln0' <Predicate = true> <Delay = 0.00>
ST_2 : Operation 20 [1/1] (0.00ns)   --->   "%specbitsmap_ln0 = specbitsmap void @_ssdm_op_SpecBitsMap, i32 %arg1_axis_out_V_strb_V"   --->   Operation 20 'specbitsmap' 'specbitsmap_ln0' <Predicate = true> <Delay = 0.00>
ST_2 : Operation 21 [1/1] (0.00ns)   --->   "%specbitsmap_ln0 = specbitsmap void @_ssdm_op_SpecBitsMap, i1 %arg1_axis_out_V_last_V"   --->   Operation 21 'specbitsmap' 'specbitsmap_ln0' <Predicate = true> <Delay = 0.00>
ST_2 : Operation 22 [1/2] (0.00ns)   --->   "%write_ln258 = write void @_ssdm_op_Write.axis.volatile.i256P0A.i32P0A.i32P0A.i1P0A, i256 %arg1_axis_out_V_data_V, i32 %arg1_axis_out_V_keep_V, i32 %arg1_axis_out_V_strb_V, i1 %arg1_axis_out_V_last_V, i256 %tmp_data_V, i32 %tmp_keep_V, i32 %tmp_strb_V, i1 %tmp_last_V"   --->   Operation 22 'write' 'write_ln258' <Predicate = true> <Delay = 0.00> <CoreInst = "axis">   --->   Core 123 'axis' <Latency = 0> <II = 1> <Delay = 1.00> <Adapter> <Opcode : >
ST_2 : Operation 23 [1/1] (0.00ns)   --->   "%specaxissidechannel_ln20 = specaxissidechannel void @_ssdm_op_SpecAXISSideChannel, i256 %arg1_axis_out_V_data_V, i32 %arg1_axis_out_V_keep_V, i32 %arg1_axis_out_V_strb_V, i1 0, i1 %arg1_axis_out_V_last_V, i1 0, i1 0, void @empty_2" [/scratch/hpc-prf-acgasm/beniel/ops-hls-batching-tiling-artifacts/codegen_apps/tiling/poisson2d/u280_project/maxtile_8192_p70/hls/device/src/repeater_outerloop_0.cpp:20]   --->   Operation 23 'specaxissidechannel' 'specaxissidechannel_ln20' <Predicate = true> <Delay = 0.00>
ST_2 : Operation 24 [1/1] (0.00ns)   --->   "%specaxissidechannel_ln20 = specaxissidechannel void @_ssdm_op_SpecAXISSideChannel, i256 %arg0_axis_in_V_data_V, i32 %arg0_axis_in_V_keep_V, i32 %arg0_axis_in_V_strb_V, i1 0, i1 %arg0_axis_in_V_last_V, i1 0, i1 0, void @empty_3" [/scratch/hpc-prf-acgasm/beniel/ops-hls-batching-tiling-artifacts/codegen_apps/tiling/poisson2d/u280_project/maxtile_8192_p70/hls/device/src/repeater_outerloop_0.cpp:20]   --->   Operation 24 'specaxissidechannel' 'specaxissidechannel_ln20' <Predicate = true> <Delay = 0.00>
ST_2 : Operation 25 [1/1] (0.00ns)   --->   "%ret_ln20 = ret" [/scratch/hpc-prf-acgasm/beniel/ops-hls-batching-tiling-artifacts/codegen_apps/tiling/poisson2d/u280_project/maxtile_8192_p70/hls/device/src/repeater_outerloop_0.cpp:20]   --->   Operation 25 'ret' 'ret_ln20' <Predicate = true> <Delay = 0.00>


============================================================
+ Verbose Summary: Binding
============================================================
STG Binding: 
---------------- STG Properties BEGIN ----------------
- Is combinational: 0
- Is one-state seq: 0
- Is datapath-only: 0
- Is pipelined: 1
- Is top level: 1
Port [ Return ] is wired: 1; IO mode=ap_ctrl_none:ce=0
Port [ arg0_axis_in_V_data_V]:  wired=1; compound=1; hidden=0; nouse=0; global=0; static=0; extern=0; dir=0; type=0; pingpong=0; private_global=0; IO mode=axis:ce=0
Port [ arg0_axis_in_V_keep_V]:  wired=1; compound=1; hidden=0; nouse=0; global=0; static=0; extern=0; dir=0; type=0; pingpong=0; private_global=0; IO mode=axis:ce=0
Port [ arg0_axis_in_V_strb_V]:  wired=1; compound=1; hidden=0; nouse=0; global=0; static=0; extern=0; dir=0; type=0; pingpong=0; private_global=0; IO mode=axis:ce=0
Port [ arg0_axis_in_V_last_V]:  wired=1; compound=1; hidden=0; nouse=0; global=0; static=0; extern=0; dir=0; type=0; pingpong=0; private_global=0; IO mode=axis:ce=0
Port [ arg1_axis_out_V_data_V]:  wired=1; compound=1; hidden=0; nouse=0; global=0; static=0; extern=0; dir=1; type=0; pingpong=0; private_global=0; IO mode=axis:ce=0
Port [ arg1_axis_out_V_keep_V]:  wired=1; compound=1; hidden=0; nouse=0; global=0; static=0; extern=0; dir=1; type=0; pingpong=0; private_global=0; IO mode=axis:ce=0
Port [ arg1_axis_out_V_strb_V]:  wired=1; compound=1; hidden=0; nouse=0; global=0; static=0; extern=0; dir=1; type=0; pingpong=0; private_global=0; IO mode=axis:ce=0
Port [ arg1_axis_out_V_last_V]:  wired=1; compound=1; hidden=0; nouse=0; global=0; static=0; extern=0; dir=1; type=0; pingpong=0; private_global=0; IO mode=axis:ce=0
---------------- STG Properties END ------------------

---------------- Datapath Model BEGIN ----------------

<LifeTime>
<method=bitvector/>
empty                    (read               ) [ 000]
tmp_data_V               (extractvalue       ) [ 011]
tmp_keep_V               (extractvalue       ) [ 011]
tmp_strb_V               (extractvalue       ) [ 011]
tmp_last_V               (extractvalue       ) [ 011]
specpipeline_ln17        (specpipeline       ) [ 000]
spectopmodule_ln7        (spectopmodule      ) [ 000]
specinterface_ln7        (specinterface      ) [ 000]
specinterface_ln0        (specinterface      ) [ 000]
specbitsmap_ln0          (specbitsmap        ) [ 000]
specbitsmap_ln0          (specbitsmap        ) [ 000]
specbitsmap_ln0          (specbitsmap        ) [ 000]
specbitsmap_ln0          (specbitsmap        ) [ 000]
specinterface_ln0        (specinterface      ) [ 000]
specbitsmap_ln0          (specbitsmap        ) [ 000]
specbitsmap_ln0          (specbitsmap        ) [ 000]
specbitsmap_ln0          (specbitsmap        ) [ 000]
specbitsmap_ln0          (specbitsmap        ) [ 000]
write_ln258              (write              ) [ 000]
specaxissidechannel_ln20 (specaxissidechannel) [ 000]
specaxissidechannel_ln20 (specaxissidechannel) [ 000]
ret_ln20                 (ret                ) [ 000]
</LifeTime>

<model>

<comp_list>
<comp id="0" class="1000" name="arg0_axis_in_V_data_V">
<pin_list>
<pin id="1" dir="1" index="0" bw="1" slack="0"/>
</pin_list>
<bind>
<StgValue><ssdm name="arg0_axis_in_V_data_V"/></StgValue>
</bind>
</comp>

<comp id="2" class="1000" name="arg0_axis_in_V_keep_V">
<pin_list>
<pin id="3" dir="1" index="0" bw="1" slack="0"/>
</pin_list>
<bind>
<StgValue><ssdm name="arg0_axis_in_V_keep_V"/></StgValue>
</bind>
</comp>

<comp id="4" class="1000" name="arg0_axis_in_V_strb_V">
<pin_list>
<pin id="5" dir="1" index="0" bw="1" slack="0"/>
</pin_list>
<bind>
<StgValue><ssdm name="arg0_axis_in_V_strb_V"/></StgValue>
</bind>
</comp>

<comp id="6" class="1000" name="arg0_axis_in_V_last_V">
<pin_list>
<pin id="7" dir="1" index="0" bw="1" slack="0"/>
</pin_list>
<bind>
<StgValue><ssdm name="arg0_axis_in_V_last_V"/></StgValue>
</bind>
</comp>

<comp id="8" class="1000" name="arg1_axis_out_V_data_V">
<pin_list>
<pin id="9" dir="1" index="0" bw="1" slack="0"/>
</pin_list>
<bind>
<StgValue><ssdm name="arg1_axis_out_V_data_V"/></StgValue>
</bind>
</comp>

<comp id="10" class="1000" name="arg1_axis_out_V_keep_V">
<pin_list>
<pin id="11" dir="1" index="0" bw="1" slack="0"/>
</pin_list>
<bind>
<StgValue><ssdm name="arg1_axis_out_V_keep_V"/></StgValue>
</bind>
</comp>

<comp id="12" class="1000" name="arg1_axis_out_V_strb_V">
<pin_list>
<pin id="13" dir="1" index="0" bw="1" slack="0"/>
</pin_list>
<bind>
<StgValue><ssdm name="arg1_axis_out_V_strb_V"/></StgValue>
</bind>
</comp>

<comp id="14" class="1000" name="arg1_axis_out_V_last_V">
<pin_list>
<pin id="15" dir="1" index="0" bw="1" slack="0"/>
</pin_list>
<bind>
<StgValue><ssdm name="arg1_axis_out_V_last_V"/></StgValue>
</bind>
</comp>

<comp id="16" class="1001" name="const_16">
<pin_list>
<pin id="17" dir="1" index="0" bw="1" slack="0"/>
</pin_list>
<bind>
<StgValue><ssdm name="_ssdm_op_Read.axis.volatile.i256P0A.i32P0A.i32P0A.i1P0A"/></StgValue>
</bind>
</comp>

<comp id="18" class="1001" name="const_18">
<pin_list>
<pin id="19" dir="1" index="0" bw="1" slack="0"/>
</pin_list>
<bind>
<StgValue><ssdm name="_ssdm_op_Write.axis.volatile.i256P0A.i32P0A.i32P0A.i1P0A"/></StgValue>
</bind>
</comp>

<comp id="20" class="1001" name="const_20">
<pin_list>
<pin id="21" dir="1" index="0" bw="1" slack="2147483647"/>
</pin_list>
<bind>
<StgValue><ssdm name="_ssdm_op_SpecPipeline"/></StgValue>
</bind>
</comp>

<comp id="22" class="1001" name="const_22">
<pin_list>
<pin id="23" dir="1" index="0" bw="1" slack="2147483647"/>
</pin_list>
<bind>
<StgValue><ssdm name=""/></StgValue>
</bind>
</comp>

<comp id="24" class="1001" name="const_24">
<pin_list>
<pin id="25" dir="1" index="0" bw="1" slack="2147483647"/>
</pin_list>
<bind>
<StgValue><ssdm name=""/></StgValue>
</bind>
</comp>

<comp id="26" class="1001" name="const_26">
<pin_list>
<pin id="27" dir="1" index="0" bw="1" slack="2147483647"/>
</pin_list>
<bind>
<StgValue><ssdm name=""/></StgValue>
</bind>
</comp>

<comp id="28" class="1001" name="const_28">
<pin_list>
<pin id="29" dir="1" index="0" bw="1" slack="2147483647"/>
</pin_list>
<bind>
<StgValue><ssdm name="empty_1"/></StgValue>
</bind>
</comp>

<comp id="30" class="1001" name="const_30">
<pin_list>
<pin id="31" dir="1" index="0" bw="1" slack="2147483647"/>
</pin_list>
<bind>
<StgValue><ssdm name="_ssdm_op_SpecTopModule"/></StgValue>
</bind>
</comp>

<comp id="32" class="1001" name="const_32">
<pin_list>
<pin id="33" dir="1" index="0" bw="1" slack="2147483647"/>
</pin_list>
<bind>
<StgValue><ssdm name="empty_4"/></StgValue>
</bind>
</comp>

<comp id="34" class="1001" name="const_34">
<pin_list>
<pin id="35" dir="1" index="0" bw="1" slack="2147483647"/>
</pin_list>
<bind>
<StgValue><ssdm name="_ssdm_op_SpecInterface"/></StgValue>
</bind>
</comp>

<comp id="36" class="1001" name="const_36">
<pin_list>
<pin id="37" dir="1" index="0" bw="1" slack="2147483647"/>
</pin_list>
<bind>
<StgValue><ssdm name="empty_5"/></StgValue>
</bind>
</comp>

<comp id="38" class="1001" name="const_38">
<pin_list>
<pin id="39" dir="1" index="0" bw="1" slack="2147483647"/>
</pin_list>
<bind>
<StgValue><ssdm name=""/></StgValue>
</bind>
</comp>

<comp id="40" class="1001" name="const_40">
<pin_list>
<pin id="41" dir="1" index="0" bw="1" slack="2147483647"/>
</pin_list>
<bind>
<StgValue><ssdm name="empty"/></StgValue>
</bind>
</comp>

<comp id="42" class="1001" name="const_42">
<pin_list>
<pin id="43" dir="1" index="0" bw="1" slack="2147483647"/>
</pin_list>
<bind>
<StgValue><ssdm name="empty_0"/></StgValue>
</bind>
</comp>

<comp id="44" class="1001" name="const_44">
<pin_list>
<pin id="45" dir="1" index="0" bw="1" slack="2147483647"/>
</pin_list>
<bind>
<StgValue><ssdm name="_ssdm_op_SpecBitsMap"/></StgValue>
</bind>
</comp>

<comp id="46" class="1001" name="const_46">
<pin_list>
<pin id="47" dir="1" index="0" bw="1" slack="2147483647"/>
</pin_list>
<bind>
<StgValue><ssdm name="_ssdm_op_SpecAXISSideChannel"/></StgValue>
</bind>
</comp>

<comp id="48" class="1001" name="const_48">
<pin_list>
<pin id="49" dir="1" index="0" bw="1" slack="2147483647"/>
</pin_list>
<bind>
<StgValue><ssdm name=""/></StgValue>
</bind>
</comp>

<comp id="50" class="1001" name="const_50">
<pin_list>
<pin id="51" dir="1" index="0" bw="1" slack="2147483647"/>
</pin_list>
<bind>
<StgValue><ssdm name="empty_2"/></StgValue>
</bind>
</comp>

<comp id="52" class="1001" name="const_52">
<pin_list>
<pin id="53" dir="1" index="0" bw="1" slack="2147483647"/>
</pin_list>
<bind>
<StgValue><ssdm name="empty_3"/></StgValue>
</bind>
</comp>

<comp id="54" class="1004" name="empty_read_fu_54">
<pin_list>
<pin id="55" dir="0" index="0" bw="321" slack="0"/>
<pin id="56" dir="0" index="1" bw="256" slack="0"/>
<pin id="57" dir="0" index="2" bw="32" slack="0"/>
<pin id="58" dir="0" index="3" bw="32" slack="0"/>
<pin id="59" dir="0" index="4" bw="1" slack="0"/>
<pin id="60" dir="1" index="5" bw="321" slack="0"/>
</pin_list>
<bind>
<opcode="read(1150) " fcode="read"/>
<opset="empty/1 "/>
</bind>
</comp>

<comp id="66" class="1004" name="grp_write_fu_66">
<pin_list>
<pin id="67" dir="0" index="0" bw="0" slack="0"/>
<pin id="68" dir="0" index="1" bw="256" slack="0"/>
<pin id="69" dir="0" index="2" bw="32" slack="0"/>
<pin id="70" dir="0" index="3" bw="32" slack="0"/>
<pin id="71" dir="0" index="4" bw="1" slack="0"/>
<pin id="72" dir="0" index="5" bw="256" slack="0"/>
<pin id="73" dir="0" index="6" bw="32" slack="0"/>
<pin id="74" dir="0" index="7" bw="32" slack="0"/>
<pin id="75" dir="0" index="8" bw="1" slack="0"/>
<pin id="76" dir="1" index="9" bw="0" slack="2147483647"/>
</pin_list>
<bind>
<opcode="write(1151) " fcode="write"/>
<opset="write_ln258/1 "/>
</bind>
</comp>

<comp id="82" class="1004" name="tmp_data_V_fu_82">
<pin_list>
<pin id="83" dir="0" index="0" bw="321" slack="0"/>
<pin id="84" dir="1" index="1" bw="256" slack="0"/>
</pin_list>
<bind>
<opcode="extractvalue(56) " fcode="extractvalue"/>
<opset="tmp_data_V/1 "/>
</bind>
</comp>

<comp id="87" class="1004" name="tmp_keep_V_fu_87">
<pin_list>
<pin id="88" dir="0" index="0" bw="321" slack="0"/>
<pin id="89" dir="1" index="1" bw="32" slack="0"/>
</pin_list>
<bind>
<opcode="extractvalue(56) " fcode="extractvalue"/>
<opset="tmp_keep_V/1 "/>
</bind>
</comp>

<comp id="92" class="1004" name="tmp_strb_V_fu_92">
<pin_list>
<pin id="93" dir="0" index="0" bw="321" slack="0"/>
<pin id="94" dir="1" index="1" bw="32" slack="0"/>
</pin_list>
<bind>
<opcode="extractvalue(56) " fcode="extractvalue"/>
<opset="tmp_strb_V/1 "/>
</bind>
</comp>

<comp id="97" class="1004" name="tmp_last_V_fu_97">
<pin_list>
<pin id="98" dir="0" index="0" bw="321" slack="0"/>
<pin id="99" dir="1" index="1" bw="1" slack="0"/>
</pin_list>
<bind>
<opcode="extractvalue(56) " fcode="extractvalue"/>
<opset="tmp_last_V/1 "/>
</bind>
</comp>

<comp id="102" class="1005" name="tmp_data_V_reg_102">
<pin_list>
<pin id="103" dir="0" index="0" bw="256" slack="1"/>
<pin id="104" dir="1" index="1" bw="256" slack="1"/>
</pin_list>
<bind>
<opset="tmp_data_V "/>
</bind>
</comp>

<comp id="107" class="1005" name="tmp_keep_V_reg_107">
<pin_list>
<pin id="108" dir="0" index="0" bw="32" slack="1"/>
<pin id="109" dir="1" index="1" bw="32" slack="1"/>
</pin_list>
<bind>
<opset="tmp_keep_V "/>
</bind>
</comp>

<comp id="112" class="1005" name="tmp_strb_V_reg_112">
<pin_list>
<pin id="113" dir="0" index="0" bw="32" slack="1"/>
<pin id="114" dir="1" index="1" bw="32" slack="1"/>
</pin_list>
<bind>
<opset="tmp_strb_V "/>
</bind>
</comp>

<comp id="117" class="1005" name="tmp_last_V_reg_117">
<pin_list>
<pin id="118" dir="0" index="0" bw="1" slack="1"/>
<pin id="119" dir="1" index="1" bw="1" slack="1"/>
</pin_list>
<bind>
<opset="tmp_last_V "/>
</bind>
</comp>

</comp_list>

<net_list>
<net id="61"><net_src comp="16" pin="0"/><net_sink comp="54" pin=0"/></net>

<net id="62"><net_src comp="0" pin="0"/><net_sink comp="54" pin=1"/></net>

<net id="63"><net_src comp="2" pin="0"/><net_sink comp="54" pin=2"/></net>

<net id="64"><net_src comp="4" pin="0"/><net_sink comp="54" pin=3"/></net>

<net id="65"><net_src comp="6" pin="0"/><net_sink comp="54" pin=4"/></net>

<net id="77"><net_src comp="18" pin="0"/><net_sink comp="66" pin=0"/></net>

<net id="78"><net_src comp="8" pin="0"/><net_sink comp="66" pin=1"/></net>

<net id="79"><net_src comp="10" pin="0"/><net_sink comp="66" pin=2"/></net>

<net id="80"><net_src comp="12" pin="0"/><net_sink comp="66" pin=3"/></net>

<net id="81"><net_src comp="14" pin="0"/><net_sink comp="66" pin=4"/></net>

<net id="85"><net_src comp="54" pin="5"/><net_sink comp="82" pin=0"/></net>

<net id="86"><net_src comp="82" pin="1"/><net_sink comp="66" pin=5"/></net>

<net id="90"><net_src comp="54" pin="5"/><net_sink comp="87" pin=0"/></net>

<net id="91"><net_src comp="87" pin="1"/><net_sink comp="66" pin=6"/></net>

<net id="95"><net_src comp="54" pin="5"/><net_sink comp="92" pin=0"/></net>

<net id="96"><net_src comp="92" pin="1"/><net_sink comp="66" pin=7"/></net>

<net id="100"><net_src comp="54" pin="5"/><net_sink comp="97" pin=0"/></net>

<net id="101"><net_src comp="97" pin="1"/><net_sink comp="66" pin=8"/></net>

<net id="105"><net_src comp="82" pin="1"/><net_sink comp="102" pin=0"/></net>

<net id="106"><net_src comp="102" pin="1"/><net_sink comp="66" pin=5"/></net>

<net id="110"><net_src comp="87" pin="1"/><net_sink comp="107" pin=0"/></net>

<net id="111"><net_src comp="107" pin="1"/><net_sink comp="66" pin=6"/></net>

<net id="115"><net_src comp="92" pin="1"/><net_sink comp="112" pin=0"/></net>

<net id="116"><net_src comp="112" pin="1"/><net_sink comp="66" pin=7"/></net>

<net id="120"><net_src comp="97" pin="1"/><net_sink comp="117" pin=0"/></net>

<net id="121"><net_src comp="117" pin="1"/><net_sink comp="66" pin=8"/></net>

</net_list>

</model> 
---------------- Datapath Model END ------------------

* FSMD analyzer results:
  - Output states:
	Port: arg1_axis_out_V_data_V | {2 }
	Port: arg1_axis_out_V_keep_V | {2 }
	Port: arg1_axis_out_V_strb_V | {2 }
	Port: arg1_axis_out_V_last_V | {2 }
 - Input state : 
	Port: repeater_outerloop_0 : arg0_axis_in_V_data_V | {1 }
	Port: repeater_outerloop_0 : arg0_axis_in_V_keep_V | {1 }
	Port: repeater_outerloop_0 : arg0_axis_in_V_strb_V | {1 }
	Port: repeater_outerloop_0 : arg0_axis_in_V_last_V | {1 }
  - Chain level:
	State 1
		write_ln258 : 1
	State 2


============================================================
+ Verbose Summary: Datapath Resource usage 
============================================================

* Functional unit list:
|----------|------------------|
| Operation|  Functional Unit |
|----------|------------------|
|   read   | empty_read_fu_54 |
|----------|------------------|
|   write  |  grp_write_fu_66 |
|----------|------------------|
|          | tmp_data_V_fu_82 |
|extractvalue| tmp_keep_V_fu_87 |
|          | tmp_strb_V_fu_92 |
|          | tmp_last_V_fu_97 |
|----------|------------------|
|   Total  |                  |
|----------|------------------|

Memories:
N/A

* Register list:
+------------------+--------+
|                  |   FF   |
+------------------+--------+
|tmp_data_V_reg_102|   256  |
|tmp_keep_V_reg_107|   32   |
|tmp_last_V_reg_117|    1   |
|tmp_strb_V_reg_112|   32   |
+------------------+--------+
|       Total      |   321  |
+------------------+--------+

* Multiplexer (MUX) list: 
|-----------------|------|------|------|--------||---------||---------|
|       Comp      |  Pin | Size |  BW  | S x BW ||  Delay  ||   LUT   |
|-----------------|------|------|------|--------||---------||---------|
| grp_write_fu_66 |  p5  |   2  |  256 |   512  ||    9    |
| grp_write_fu_66 |  p6  |   2  |  32  |   64   ||    9    |
| grp_write_fu_66 |  p7  |   2  |  32  |   64   ||    9    |
| grp_write_fu_66 |  p8  |   2  |   1  |    2   ||    9    |
|-----------------|------|------|------|--------||---------||---------|
|      Total      |      |      |      |   642  ||  1.548  ||    36   |
|-----------------|------|------|------|--------||---------||---------|



* Summary:
+-----------+--------+--------+--------+
|           |  Delay |   FF   |   LUT  |
+-----------+--------+--------+--------+
|  Function |    -   |    -   |    -   |
|   Memory  |    -   |    -   |    -   |
|Multiplexer|    1   |    -   |   36   |
|  Register |    -   |   321  |    -   |
+-----------+--------+--------+--------+
|   Total   |    1   |   321  |   36   |
+-----------+--------+--------+--------+
