

================================================================
== Vitis HLS Report for 'interleaveTileMem2stream2D_2'
================================================================
* Date:           Tue Aug 11 20:27:51 2026

* Version:        2022.2 (Build 3670227 on Oct 13 2022)
* Project:        datamover_outerloop_0
* Solution:       solution (Vitis Kernel Flow Target)
* Product family: virtexuplus
* Target device:  xcu280-fsvh2892-2L-e


================================================================
== Performance Estimates
================================================================
+ Timing: 
    * Summary: 
    +--------+---------+----------+------------+
    |  Clock |  Target | Estimated| Uncertainty|
    +--------+---------+----------+------------+
    |ap_clk  |  3.33 ns|  2.433 ns|     0.90 ns|
    +--------+---------+----------+------------+

+ Latency: 
    * Summary: 
    +---------+---------+----------+----------+-----+-----+---------+
    |  Latency (cycles) |  Latency (absolute) |  Interval | Pipeline|
    |   min   |   max   |    min   |    max   | min | max |   Type  |
    +---------+---------+----------+----------+-----+-----+---------+
    |        ?|        ?|         ?|         ?|    ?|    ?|       no|
    +---------+---------+----------+----------+-----+-----+---------+

    + Detail: 
        * Instance: 
        +-----------------------------------------------+------------------------------------+---------+---------+----------+----------+-----+-----+----------+
        |                                               |                                    |  Latency (cycles) |  Latency (absolute) |  Interval | Pipeline |
        |                    Instance                   |               Module               |   min   |   max   |    min   |    max   | min | max |   Type   |
        +-----------------------------------------------+------------------------------------+---------+---------+----------+----------+-----+-----+----------+
        |grp_interleaveTileMem2Stream2D_inner_2_fu_224  |interleaveTileMem2Stream2D_inner_2  |        ?|        ?|         ?|         ?|    ?|    ?|  dataflow|
        +-----------------------------------------------+------------------------------------+---------+---------+----------+----------+-----+-----+----------+

        * Loop: 
        +---------------+---------+---------+----------+-----------+-----------+-----------+----------+
        |               |  Latency (cycles) | Iteration|  Initiation Interval  |    Trip   |          |
        |   Loop Name   |   min   |   max   |  Latency |  achieved |   target  |   Count   | Pipelined|
        +---------------+---------+---------+----------+-----------+-----------+-----------+----------+
        |- tile_x_loop  |        ?|        ?|         ?|          -|          -|  0 ~ 65535|        no|
        | + row_loop    |        ?|        ?|         ?|          -|          -|          ?|        no|
        +---------------+---------+---------+----------+-----------+-----------+-----------+----------+



================================================================
== Utilization Estimates
================================================================
* Summary: 
+---------------------+---------+------+---------+---------+-----+
|         Name        | BRAM_18K|  DSP |    FF   |   LUT   | URAM|
+---------------------+---------+------+---------+---------+-----+
|DSP                  |        -|     -|        -|        -|    -|
|Expression           |        -|     -|        0|      401|    -|
|FIFO                 |        -|     -|        -|        -|    -|
|Instance             |        -|     -|      772|      968|    -|
|Memory               |        -|     -|        -|        -|    -|
|Multiplexer          |        -|     -|        -|      175|    -|
|Register             |        -|     -|      328|        -|    -|
+---------------------+---------+------+---------+---------+-----+
|Total                |        0|     0|     1100|     1544|    0|
+---------------------+---------+------+---------+---------+-----+
|Available SLR        |     1344|  3008|   869120|   434560|  320|
+---------------------+---------+------+---------+---------+-----+
|Utilization SLR (%)  |        0|     0|       ~0|       ~0|    0|
+---------------------+---------+------+---------+---------+-----+
|Available            |     4032|  9024|  2607360|  1303680|  960|
+---------------------+---------+------+---------+---------+-----+
|Utilization (%)      |        0|     0|       ~0|       ~0|    0|
+---------------------+---------+------+---------+---------+-----+

+ Detail: 
    * Instance: 
    +-----------------------------------------------+------------------------------------+---------+----+-----+-----+-----+
    |                    Instance                   |               Module               | BRAM_18K| DSP|  FF | LUT | URAM|
    +-----------------------------------------------+------------------------------------+---------+----+-----+-----+-----+
    |grp_interleaveTileMem2Stream2D_inner_2_fu_224  |interleaveTileMem2Stream2D_inner_2  |        0|   0|  772|  968|    0|
    +-----------------------------------------------+------------------------------------+---------+----+-----+-----+-----+
    |Total                                          |                                    |        0|   0|  772|  968|    0|
    +-----------------------------------------------+------------------------------------+---------+----+-----+-----+-----+

    * DSP: 
    N/A

    * Memory: 
    N/A

    * FIFO: 
    N/A

    * Expression: 
    +----------------------------------------------------------------+----------+----+---+----+------------+------------+
    |                          Variable Name                         | Operation| DSP| FF| LUT| Bitwidth P0| Bitwidth P1|
    +----------------------------------------------------------------+----------+----+---+----+------------+------------+
    |add_ln5924_fu_247_p2                                            |         +|   0|  0|  21|          14|           3|
    |add_ln5934_2_fu_420_p2                                          |         +|   0|  0|  23|          16|          16|
    |add_ln5934_fu_299_p2                                            |         +|   0|  0|  23|          16|           1|
    |add_ln5952_2_fu_376_p2                                          |         +|   0|  0|  21|          14|          14|
    |add_ln5952_fu_358_p2                                            |         +|   0|  0|  21|          14|          14|
    |add_ln5960_2_fu_410_p2                                          |         +|   0|  0|  71|          64|          64|
    |add_ln5960_fu_405_p2                                            |         +|   0|  0|  71|          64|          64|
    |add_ln5961_fu_415_p2                                            |         +|   0|  0|  34|          27|          27|
    |j_6_fu_387_p2                                                   |         +|   0|  0|  23|          16|           1|
    |sub_i_fu_267_p2                                                 |         +|   0|  0|  24|          17|           2|
    |icmp_ln5934_fu_294_p2                                           |      icmp|   0|  0|  13|          16|          16|
    |icmp_ln5937_fu_319_p2                                           |      icmp|   0|  0|  13|          17|          17|
    |icmp_ln5952_fu_348_p2                                           |      icmp|   0|  0|   8|           3|           2|
    |icmp_ln5958_fu_382_p2                                           |      icmp|   0|  0|  13|          16|          16|
    |ap_block_state1                                                 |        or|   0|  0|   2|           1|           1|
    |ap_sync_grp_interleaveTileMem2Stream2D_inner_2_fu_224_ap_done   |        or|   0|  0|   2|           1|           1|
    |ap_sync_grp_interleaveTileMem2Stream2D_inner_2_fu_224_ap_ready  |        or|   0|  0|   2|           1|           1|
    |tile_size_x_fu_324_p3                                           |    select|   0|  0|  16|           1|          16|
    +----------------------------------------------------------------+----------+----+---+----+------------+------------+
    |Total                                                           |          |   0|  0| 401|         318|         276|
    +----------------------------------------------------------------+----------+----+---+----+------------+------------+

    * Multiplexer: 
    +---------------------------------------+----+-----------+-----+-----------+
    |                  Name                 | LUT| Input Size| Bits| Total Bits|
    +---------------------------------------+----+-----------+-----+-----------+
    |ap_NS_fsm                              |  31|          6|    1|          6|
    |ap_done                                |   9|          2|    1|          2|
    |arg0_read_mem_strm_g1_0_write          |   9|          2|    1|          2|
    |arg0_read_mem_strm_g1_1_write          |   9|          2|    1|          2|
    |indvars_iv_i_fu_116                    |   9|          2|   16|         32|
    |j_reg_213                              |   9|          2|   16|         32|
    |m_axi_gmem2_ARVALID                    |   9|          2|    1|          2|
    |m_axi_gmem2_RREADY                     |   9|          2|    1|          2|
    |m_axi_gmem3_ARVALID                    |   9|          2|    1|          2|
    |m_axi_gmem3_RREADY                     |   9|          2|    1|          2|
    |memconfig_grid_size_y_c98_blk_n        |   9|          2|    1|          2|
    |memconfig_last_tile_size_x_c125_blk_n  |   9|          2|    1|          2|
    |memconfig_tile_count_x_c105_blk_n      |   9|          2|    1|          2|
    |memconfig_tile_size_x_c112_blk_n       |   9|          2|    1|          2|
    |real_start                             |   9|          2|    1|          2|
    |row_base_reg_204                       |   9|          2|   27|         54|
    |tile_x_fu_120                          |   9|          2|   16|         32|
    +---------------------------------------+----+-----------+-----+-----------+
    |Total                                  | 175|         38|   88|        180|
    +---------------------------------------+----+-----------+-----+-----------+

    * Register: 
    +--------------------------------------------------------------------+----+----+-----+-----------+
    |                                Name                                | FF | LUT| Bits| Const Bits|
    +--------------------------------------------------------------------+----+----+-----+-----------+
    |add_ln5934_reg_496                                                  |  16|   0|   16|          0|
    |add_ln5952_2_reg_511                                                |  14|   0|   14|          0|
    |add_ln5952_reg_506                                                  |  14|   0|   14|          0|
    |add_ln5960_2_reg_529                                                |  64|   0|   64|          0|
    |add_ln5960_reg_524                                                  |  64|   0|   64|          0|
    |add_ln5961_reg_534                                                  |  27|   0|   27|          0|
    |ap_CS_fsm                                                           |   5|   0|    5|          0|
    |ap_done_reg                                                         |   1|   0|    1|          0|
    |ap_sync_reg_grp_interleaveTileMem2Stream2D_inner_2_fu_224_ap_done   |   1|   0|    1|          0|
    |ap_sync_reg_grp_interleaveTileMem2Stream2D_inner_2_fu_224_ap_ready  |   1|   0|    1|          0|
    |grp_interleaveTileMem2Stream2D_inner_2_fu_224_ap_start_reg          |   1|   0|    1|          0|
    |indvars_iv_i_fu_116                                                 |  16|   0|   16|          0|
    |j_6_reg_519                                                         |  16|   0|   16|          0|
    |j_reg_213                                                           |  16|   0|   16|          0|
    |row_base_reg_204                                                    |  27|   0|   27|          0|
    |start_once_reg                                                      |   1|   0|    1|          0|
    |sub_i_reg_483                                                       |  17|   0|   17|          0|
    |tile_x_fu_120                                                       |  16|   0|   16|          0|
    |zext_ln5934_reg_488                                                 |  11|   0|   27|         16|
    +--------------------------------------------------------------------+----+----+-----+-----------+
    |Total                                                               | 328|   0|  344|         16|
    +--------------------------------------------------------------------+----+----+-----+-----------+



================================================================
== Interface
================================================================
* Summary: 
+------------------------------------------------+-----+-----+------------+---------------------------------+--------------+
|                    RTL Ports                   | Dir | Bits|  Protocol  |          Source Object          |    C Type    |
+------------------------------------------------+-----+-----+------------+---------------------------------+--------------+
|ap_clk                                          |   in|    1|  ap_ctrl_hs|     interleaveTileMem2stream2D.2|  return value|
|ap_rst                                          |   in|    1|  ap_ctrl_hs|     interleaveTileMem2stream2D.2|  return value|
|ap_start                                        |   in|    1|  ap_ctrl_hs|     interleaveTileMem2stream2D.2|  return value|
|start_full_n                                    |   in|    1|  ap_ctrl_hs|     interleaveTileMem2stream2D.2|  return value|
|ap_done                                         |  out|    1|  ap_ctrl_hs|     interleaveTileMem2stream2D.2|  return value|
|ap_continue                                     |   in|    1|  ap_ctrl_hs|     interleaveTileMem2stream2D.2|  return value|
|ap_idle                                         |  out|    1|  ap_ctrl_hs|     interleaveTileMem2stream2D.2|  return value|
|ap_ready                                        |  out|    1|  ap_ctrl_hs|     interleaveTileMem2stream2D.2|  return value|
|start_out                                       |  out|    1|  ap_ctrl_hs|     interleaveTileMem2stream2D.2|  return value|
|start_write                                     |  out|    1|  ap_ctrl_hs|     interleaveTileMem2stream2D.2|  return value|
|arg0_read_mem_strm_g1_0_din                     |  out|  256|     ap_fifo|          arg0_read_mem_strm_g1_0|       pointer|
|arg0_read_mem_strm_g1_0_num_data_valid          |   in|    5|     ap_fifo|          arg0_read_mem_strm_g1_0|       pointer|
|arg0_read_mem_strm_g1_0_fifo_cap                |   in|    5|     ap_fifo|          arg0_read_mem_strm_g1_0|       pointer|
|arg0_read_mem_strm_g1_0_full_n                  |   in|    1|     ap_fifo|          arg0_read_mem_strm_g1_0|       pointer|
|arg0_read_mem_strm_g1_0_write                   |  out|    1|     ap_fifo|          arg0_read_mem_strm_g1_0|       pointer|
|arg0_read_mem_strm_g1_1_din                     |  out|  256|     ap_fifo|          arg0_read_mem_strm_g1_1|       pointer|
|arg0_read_mem_strm_g1_1_num_data_valid          |   in|    5|     ap_fifo|          arg0_read_mem_strm_g1_1|       pointer|
|arg0_read_mem_strm_g1_1_fifo_cap                |   in|    5|     ap_fifo|          arg0_read_mem_strm_g1_1|       pointer|
|arg0_read_mem_strm_g1_1_full_n                  |   in|    1|     ap_fifo|          arg0_read_mem_strm_g1_1|       pointer|
|arg0_read_mem_strm_g1_1_write                   |  out|    1|     ap_fifo|          arg0_read_mem_strm_g1_1|       pointer|
|p_read                                          |   in|   13|     ap_none|                           p_read|        scalar|
|p_read1                                         |   in|   16|     ap_none|                          p_read1|        scalar|
|p_read2                                         |   in|   16|     ap_none|                          p_read2|        scalar|
|p_read3                                         |   in|   16|     ap_none|                          p_read3|        scalar|
|p_read4                                         |   in|   16|     ap_none|                          p_read4|        scalar|
|p_read5                                         |   in|   16|     ap_none|                          p_read5|        scalar|
|m_axi_gmem2_AWVALID                             |  out|    1|       m_axi|                            gmem2|       pointer|
|m_axi_gmem2_AWREADY                             |   in|    1|       m_axi|                            gmem2|       pointer|
|m_axi_gmem2_AWADDR                              |  out|   64|       m_axi|                            gmem2|       pointer|
|m_axi_gmem2_AWID                                |  out|    1|       m_axi|                            gmem2|       pointer|
|m_axi_gmem2_AWLEN                               |  out|   32|       m_axi|                            gmem2|       pointer|
|m_axi_gmem2_AWSIZE                              |  out|    3|       m_axi|                            gmem2|       pointer|
|m_axi_gmem2_AWBURST                             |  out|    2|       m_axi|                            gmem2|       pointer|
|m_axi_gmem2_AWLOCK                              |  out|    2|       m_axi|                            gmem2|       pointer|
|m_axi_gmem2_AWCACHE                             |  out|    4|       m_axi|                            gmem2|       pointer|
|m_axi_gmem2_AWPROT                              |  out|    3|       m_axi|                            gmem2|       pointer|
|m_axi_gmem2_AWQOS                               |  out|    4|       m_axi|                            gmem2|       pointer|
|m_axi_gmem2_AWREGION                            |  out|    4|       m_axi|                            gmem2|       pointer|
|m_axi_gmem2_AWUSER                              |  out|    1|       m_axi|                            gmem2|       pointer|
|m_axi_gmem2_WVALID                              |  out|    1|       m_axi|                            gmem2|       pointer|
|m_axi_gmem2_WREADY                              |   in|    1|       m_axi|                            gmem2|       pointer|
|m_axi_gmem2_WDATA                               |  out|  256|       m_axi|                            gmem2|       pointer|
|m_axi_gmem2_WSTRB                               |  out|   32|       m_axi|                            gmem2|       pointer|
|m_axi_gmem2_WLAST                               |  out|    1|       m_axi|                            gmem2|       pointer|
|m_axi_gmem2_WID                                 |  out|    1|       m_axi|                            gmem2|       pointer|
|m_axi_gmem2_WUSER                               |  out|    1|       m_axi|                            gmem2|       pointer|
|m_axi_gmem2_ARVALID                             |  out|    1|       m_axi|                            gmem2|       pointer|
|m_axi_gmem2_ARREADY                             |   in|    1|       m_axi|                            gmem2|       pointer|
|m_axi_gmem2_ARADDR                              |  out|   64|       m_axi|                            gmem2|       pointer|
|m_axi_gmem2_ARID                                |  out|    1|       m_axi|                            gmem2|       pointer|
|m_axi_gmem2_ARLEN                               |  out|   32|       m_axi|                            gmem2|       pointer|
|m_axi_gmem2_ARSIZE                              |  out|    3|       m_axi|                            gmem2|       pointer|
|m_axi_gmem2_ARBURST                             |  out|    2|       m_axi|                            gmem2|       pointer|
|m_axi_gmem2_ARLOCK                              |  out|    2|       m_axi|                            gmem2|       pointer|
|m_axi_gmem2_ARCACHE                             |  out|    4|       m_axi|                            gmem2|       pointer|
|m_axi_gmem2_ARPROT                              |  out|    3|       m_axi|                            gmem2|       pointer|
|m_axi_gmem2_ARQOS                               |  out|    4|       m_axi|                            gmem2|       pointer|
|m_axi_gmem2_ARREGION                            |  out|    4|       m_axi|                            gmem2|       pointer|
|m_axi_gmem2_ARUSER                              |  out|    1|       m_axi|                            gmem2|       pointer|
|m_axi_gmem2_RVALID                              |   in|    1|       m_axi|                            gmem2|       pointer|
|m_axi_gmem2_RREADY                              |  out|    1|       m_axi|                            gmem2|       pointer|
|m_axi_gmem2_RDATA                               |   in|  256|       m_axi|                            gmem2|       pointer|
|m_axi_gmem2_RLAST                               |   in|    1|       m_axi|                            gmem2|       pointer|
|m_axi_gmem2_RID                                 |   in|    1|       m_axi|                            gmem2|       pointer|
|m_axi_gmem2_RFIFONUM                            |   in|    7|       m_axi|                            gmem2|       pointer|
|m_axi_gmem2_RUSER                               |   in|    1|       m_axi|                            gmem2|       pointer|
|m_axi_gmem2_RRESP                               |   in|    2|       m_axi|                            gmem2|       pointer|
|m_axi_gmem2_BVALID                              |   in|    1|       m_axi|                            gmem2|       pointer|
|m_axi_gmem2_BREADY                              |  out|    1|       m_axi|                            gmem2|       pointer|
|m_axi_gmem2_BRESP                               |   in|    2|       m_axi|                            gmem2|       pointer|
|m_axi_gmem2_BID                                 |   in|    1|       m_axi|                            gmem2|       pointer|
|m_axi_gmem2_BUSER                               |   in|    1|       m_axi|                            gmem2|       pointer|
|arg0_b2                                         |   in|   64|     ap_none|                          arg0_b2|        scalar|
|m_axi_gmem3_AWVALID                             |  out|    1|       m_axi|                            gmem3|       pointer|
|m_axi_gmem3_AWREADY                             |   in|    1|       m_axi|                            gmem3|       pointer|
|m_axi_gmem3_AWADDR                              |  out|   64|       m_axi|                            gmem3|       pointer|
|m_axi_gmem3_AWID                                |  out|    1|       m_axi|                            gmem3|       pointer|
|m_axi_gmem3_AWLEN                               |  out|   32|       m_axi|                            gmem3|       pointer|
|m_axi_gmem3_AWSIZE                              |  out|    3|       m_axi|                            gmem3|       pointer|
|m_axi_gmem3_AWBURST                             |  out|    2|       m_axi|                            gmem3|       pointer|
|m_axi_gmem3_AWLOCK                              |  out|    2|       m_axi|                            gmem3|       pointer|
|m_axi_gmem3_AWCACHE                             |  out|    4|       m_axi|                            gmem3|       pointer|
|m_axi_gmem3_AWPROT                              |  out|    3|       m_axi|                            gmem3|       pointer|
|m_axi_gmem3_AWQOS                               |  out|    4|       m_axi|                            gmem3|       pointer|
|m_axi_gmem3_AWREGION                            |  out|    4|       m_axi|                            gmem3|       pointer|
|m_axi_gmem3_AWUSER                              |  out|    1|       m_axi|                            gmem3|       pointer|
|m_axi_gmem3_WVALID                              |  out|    1|       m_axi|                            gmem3|       pointer|
|m_axi_gmem3_WREADY                              |   in|    1|       m_axi|                            gmem3|       pointer|
|m_axi_gmem3_WDATA                               |  out|  256|       m_axi|                            gmem3|       pointer|
|m_axi_gmem3_WSTRB                               |  out|   32|       m_axi|                            gmem3|       pointer|
|m_axi_gmem3_WLAST                               |  out|    1|       m_axi|                            gmem3|       pointer|
|m_axi_gmem3_WID                                 |  out|    1|       m_axi|                            gmem3|       pointer|
|m_axi_gmem3_WUSER                               |  out|    1|       m_axi|                            gmem3|       pointer|
|m_axi_gmem3_ARVALID                             |  out|    1|       m_axi|                            gmem3|       pointer|
|m_axi_gmem3_ARREADY                             |   in|    1|       m_axi|                            gmem3|       pointer|
|m_axi_gmem3_ARADDR                              |  out|   64|       m_axi|                            gmem3|       pointer|
|m_axi_gmem3_ARID                                |  out|    1|       m_axi|                            gmem3|       pointer|
|m_axi_gmem3_ARLEN                               |  out|   32|       m_axi|                            gmem3|       pointer|
|m_axi_gmem3_ARSIZE                              |  out|    3|       m_axi|                            gmem3|       pointer|
|m_axi_gmem3_ARBURST                             |  out|    2|       m_axi|                            gmem3|       pointer|
|m_axi_gmem3_ARLOCK                              |  out|    2|       m_axi|                            gmem3|       pointer|
|m_axi_gmem3_ARCACHE                             |  out|    4|       m_axi|                            gmem3|       pointer|
|m_axi_gmem3_ARPROT                              |  out|    3|       m_axi|                            gmem3|       pointer|
|m_axi_gmem3_ARQOS                               |  out|    4|       m_axi|                            gmem3|       pointer|
|m_axi_gmem3_ARREGION                            |  out|    4|       m_axi|                            gmem3|       pointer|
|m_axi_gmem3_ARUSER                              |  out|    1|       m_axi|                            gmem3|       pointer|
|m_axi_gmem3_RVALID                              |   in|    1|       m_axi|                            gmem3|       pointer|
|m_axi_gmem3_RREADY                              |  out|    1|       m_axi|                            gmem3|       pointer|
|m_axi_gmem3_RDATA                               |   in|  256|       m_axi|                            gmem3|       pointer|
|m_axi_gmem3_RLAST                               |   in|    1|       m_axi|                            gmem3|       pointer|
|m_axi_gmem3_RID                                 |   in|    1|       m_axi|                            gmem3|       pointer|
|m_axi_gmem3_RFIFONUM                            |   in|    7|       m_axi|                            gmem3|       pointer|
|m_axi_gmem3_RUSER                               |   in|    1|       m_axi|                            gmem3|       pointer|
|m_axi_gmem3_RRESP                               |   in|    2|       m_axi|                            gmem3|       pointer|
|m_axi_gmem3_BVALID                              |   in|    1|       m_axi|                            gmem3|       pointer|
|m_axi_gmem3_BREADY                              |  out|    1|       m_axi|                            gmem3|       pointer|
|m_axi_gmem3_BRESP                               |   in|    2|       m_axi|                            gmem3|       pointer|
|m_axi_gmem3_BID                                 |   in|    1|       m_axi|                            gmem3|       pointer|
|m_axi_gmem3_BUSER                               |   in|    1|       m_axi|                            gmem3|       pointer|
|arg0_b3                                         |   in|   64|     ap_none|                          arg0_b3|        scalar|
|memconfig_grid_size_y_c98_din                   |  out|   16|     ap_fifo|        memconfig_grid_size_y_c98|       pointer|
|memconfig_grid_size_y_c98_num_data_valid        |   in|    2|     ap_fifo|        memconfig_grid_size_y_c98|       pointer|
|memconfig_grid_size_y_c98_fifo_cap              |   in|    2|     ap_fifo|        memconfig_grid_size_y_c98|       pointer|
|memconfig_grid_size_y_c98_full_n                |   in|    1|     ap_fifo|        memconfig_grid_size_y_c98|       pointer|
|memconfig_grid_size_y_c98_write                 |  out|    1|     ap_fifo|        memconfig_grid_size_y_c98|       pointer|
|memconfig_tile_count_x_c105_din                 |  out|   16|     ap_fifo|      memconfig_tile_count_x_c105|       pointer|
|memconfig_tile_count_x_c105_num_data_valid      |   in|    2|     ap_fifo|      memconfig_tile_count_x_c105|       pointer|
|memconfig_tile_count_x_c105_fifo_cap            |   in|    2|     ap_fifo|      memconfig_tile_count_x_c105|       pointer|
|memconfig_tile_count_x_c105_full_n              |   in|    1|     ap_fifo|      memconfig_tile_count_x_c105|       pointer|
|memconfig_tile_count_x_c105_write               |  out|    1|     ap_fifo|      memconfig_tile_count_x_c105|       pointer|
|memconfig_tile_size_x_c112_din                  |  out|   16|     ap_fifo|       memconfig_tile_size_x_c112|       pointer|
|memconfig_tile_size_x_c112_num_data_valid       |   in|    2|     ap_fifo|       memconfig_tile_size_x_c112|       pointer|
|memconfig_tile_size_x_c112_fifo_cap             |   in|    2|     ap_fifo|       memconfig_tile_size_x_c112|       pointer|
|memconfig_tile_size_x_c112_full_n               |   in|    1|     ap_fifo|       memconfig_tile_size_x_c112|       pointer|
|memconfig_tile_size_x_c112_write                |  out|    1|     ap_fifo|       memconfig_tile_size_x_c112|       pointer|
|memconfig_last_tile_size_x_c125_din             |  out|   16|     ap_fifo|  memconfig_last_tile_size_x_c125|       pointer|
|memconfig_last_tile_size_x_c125_num_data_valid  |   in|    2|     ap_fifo|  memconfig_last_tile_size_x_c125|       pointer|
|memconfig_last_tile_size_x_c125_fifo_cap        |   in|    2|     ap_fifo|  memconfig_last_tile_size_x_c125|       pointer|
|memconfig_last_tile_size_x_c125_full_n          |   in|    1|     ap_fifo|  memconfig_last_tile_size_x_c125|       pointer|
|memconfig_last_tile_size_x_c125_write           |  out|    1|     ap_fifo|  memconfig_last_tile_size_x_c125|       pointer|
+------------------------------------------------+-----+-----+------------+---------------------------------+--------------+

