

================================================================
== Vitis HLS Report for 'repeater_outerloop_0'
================================================================
* Date:           Sun Jul  5 14:19:21 2026

* Version:        2022.2 (Build 3670227 on Oct 13 2022)
* Project:        repeater_outerloop_0
* Solution:       solution (Vitis Kernel Flow Target)
* Product family: virtexuplus
* Target device:  xcu280-fsvh2892-2L-e


================================================================
== Performance Estimates
================================================================
+ Timing: 
    * Summary: 
    +--------+---------+----------+------------+
    |  Clock |  Target | Estimated| Uncertainty|
    +--------+---------+----------+------------+
    |ap_clk  |  3.33 ns|      0 ns|     0.90 ns|
    +--------+---------+----------+------------+

+ Latency: 
    * Summary: 
    +---------+---------+-----------+-----------+-----+-----+---------+
    |  Latency (cycles) |   Latency (absolute)  |  Interval | Pipeline|
    |   min   |   max   |    min    |    max    | min | max |   Type  |
    +---------+---------+-----------+-----------+-----+-----+---------+
    |        8|        8|  26.664 ns|  26.664 ns|    9|    9|       no|
    +---------+---------+-----------+-----------+-----+-----+---------+

    + Detail: 
        * Instance: 
        N/A

        * Loop: 
        N/A



================================================================
== Utilization Estimates
================================================================
* Summary: 
+---------------------+---------+------+---------+---------+-----+
|         Name        | BRAM_18K|  DSP |    FF   |   LUT   | URAM|
+---------------------+---------+------+---------+---------+-----+
|DSP                  |        -|     -|        -|        -|    -|
|Expression           |        -|     -|        0|       52|    -|
|FIFO                 |        -|     -|        -|        -|    -|
|Instance             |        -|     -|        -|        -|    -|
|Memory               |        -|     -|        -|        -|    -|
|Multiplexer          |        -|     -|        -|      198|    -|
|Register             |        -|     -|       20|        -|    -|
+---------------------+---------+------+---------+---------+-----+
|Total                |        0|     0|       20|      250|    0|
+---------------------+---------+------+---------+---------+-----+
|Available SLR        |     1344|  3008|   869120|   434560|  320|
+---------------------+---------+------+---------+---------+-----+
|Utilization SLR (%)  |        0|     0|       ~0|       ~0|    0|
+---------------------+---------+------+---------+---------+-----+
|Available            |     4032|  9024|  2607360|  1303680|  960|
+---------------------+---------+------+---------+---------+-----+
|Utilization (%)      |        0|     0|       ~0|       ~0|    0|
+---------------------+---------+------+---------+---------+-----+

+ Detail: 
    * Instance: 
    N/A

    * DSP: 
    N/A

    * Memory: 
    N/A

    * FIFO: 
    N/A

    * Expression: 
    +---------------------------+----------+----+---+----+------------+------------+
    |       Variable Name       | Operation| DSP| FF| LUT| Bitwidth P0| Bitwidth P1|
    +---------------------------+----------+----+---+----+------------+------------+
    |ap_block_state1_io         |       and|   0|  0|   2|           1|           1|
    |ap_block_state9_io         |       and|   0|  0|   2|           1|           1|
    |tmp_1_nbreadreq_fu_234_p6  |       and|   0|  0|   2|           1|           0|
    |tmp_2_nbreadreq_fu_276_p6  |       and|   0|  0|   2|           1|           0|
    |tmp_3_nbreadreq_fu_318_p6  |       and|   0|  0|   2|           1|           0|
    |tmp_4_nbreadreq_fu_360_p6  |       and|   0|  0|   2|           1|           0|
    |tmp_5_nbreadreq_fu_402_p6  |       and|   0|  0|   2|           1|           0|
    |tmp_6_nbreadreq_fu_444_p6  |       and|   0|  0|   2|           1|           0|
    |tmp_7_nbreadreq_fu_486_p6  |       and|   0|  0|   2|           1|           0|
    |tmp_nbreadreq_fu_192_p6    |       and|   0|  0|   2|           1|           0|
    |ap_block_state1            |        or|   0|  0|   2|           1|           1|
    |ap_block_state2            |        or|   0|  0|   2|           1|           1|
    |ap_block_state2_io         |        or|   0|  0|   2|           1|           1|
    |ap_block_state3            |        or|   0|  0|   2|           1|           1|
    |ap_block_state3_io         |        or|   0|  0|   2|           1|           1|
    |ap_block_state4            |        or|   0|  0|   2|           1|           1|
    |ap_block_state4_io         |        or|   0|  0|   2|           1|           1|
    |ap_block_state5            |        or|   0|  0|   2|           1|           1|
    |ap_block_state5_io         |        or|   0|  0|   2|           1|           1|
    |ap_block_state6            |        or|   0|  0|   2|           1|           1|
    |ap_block_state6_io         |        or|   0|  0|   2|           1|           1|
    |ap_block_state7            |        or|   0|  0|   2|           1|           1|
    |ap_block_state7_io         |        or|   0|  0|   2|           1|           1|
    |ap_block_state8            |        or|   0|  0|   2|           1|           1|
    |ap_block_state8_io         |        or|   0|  0|   2|           1|           1|
    |ap_block_state9            |        or|   0|  0|   2|           1|           1|
    +---------------------------+----------+----+---+----+------------+------------+
    |Total                      |          |   0|  0|  52|          26|          18|
    +---------------------------+----------+----+---+----+------------+------------+

    * Multiplexer: 
    +-----------------------------+----+-----------+-----+-----------+
    |             Name            | LUT| Input Size| Bits| Total Bits|
    +-----------------------------+----+-----------+-----+-----------+
    |ap_NS_fsm                    |  54|         10|    1|         10|
    |arg0_0_axis_in_TDATA_blk_n   |   9|          2|    1|          2|
    |arg0_1_axis_in_TDATA_blk_n   |   9|          2|    1|          2|
    |arg0_2_axis_in_TDATA_blk_n   |   9|          2|    1|          2|
    |arg0_3_axis_in_TDATA_blk_n   |   9|          2|    1|          2|
    |arg0_4_axis_in_TDATA_blk_n   |   9|          2|    1|          2|
    |arg0_5_axis_in_TDATA_blk_n   |   9|          2|    1|          2|
    |arg0_6_axis_in_TDATA_blk_n   |   9|          2|    1|          2|
    |arg0_7_axis_in_TDATA_blk_n   |   9|          2|    1|          2|
    |arg1_0_axis_out_TDATA_blk_n  |   9|          2|    1|          2|
    |arg1_1_axis_out_TDATA_blk_n  |   9|          2|    1|          2|
    |arg1_2_axis_out_TDATA_blk_n  |   9|          2|    1|          2|
    |arg1_3_axis_out_TDATA_blk_n  |   9|          2|    1|          2|
    |arg1_4_axis_out_TDATA_blk_n  |   9|          2|    1|          2|
    |arg1_5_axis_out_TDATA_blk_n  |   9|          2|    1|          2|
    |arg1_6_axis_out_TDATA_blk_n  |   9|          2|    1|          2|
    |arg1_7_axis_out_TDATA_blk_n  |   9|          2|    1|          2|
    +-----------------------------+----+-----------+-----+-----------+
    |Total                        | 198|         42|   17|         42|
    +-----------------------------+----+-----------+-----+-----------+

    * Register: 
    +---------------+---+----+-----+-----------+
    |      Name     | FF| LUT| Bits| Const Bits|
    +---------------+---+----+-----+-----------+
    |ap_CS_fsm      |  9|   0|    9|          0|
    |ap_rst_n_inv   |  1|   0|    1|          0|
    |ap_rst_reg_1   |  1|   0|    1|          0|
    |ap_rst_reg_2   |  1|   0|    1|          0|
    |tmp_1_reg_712  |  1|   0|    1|          0|
    |tmp_2_reg_736  |  1|   0|    1|          0|
    |tmp_3_reg_760  |  1|   0|    1|          0|
    |tmp_4_reg_784  |  1|   0|    1|          0|
    |tmp_5_reg_808  |  1|   0|    1|          0|
    |tmp_6_reg_832  |  1|   0|    1|          0|
    |tmp_7_reg_856  |  1|   0|    1|          0|
    |tmp_reg_688    |  1|   0|    1|          0|
    +---------------+---+----+-----+-----------+
    |Total          | 20|   0|   20|          0|
    +---------------+---+----+-----+-----------+



================================================================
== Interface
================================================================
* Summary: 
+------------------------+-----+-----+--------------+--------------------------+--------------+
|        RTL Ports       | Dir | Bits|   Protocol   |       Source Object      |    C Type    |
+------------------------+-----+-----+--------------+--------------------------+--------------+
|ap_clk                  |   in|    1|  ap_ctrl_none|      repeater_outerloop_0|  return value|
|ap_rst_n                |   in|    1|  ap_ctrl_none|      repeater_outerloop_0|  return value|
|arg0_0_axis_in_TDATA    |   in|  128|          axis|   arg0_0_axis_in_V_data_V|       pointer|
|arg0_0_axis_in_TVALID   |   in|    1|          axis|   arg0_0_axis_in_V_last_V|       pointer|
|arg0_0_axis_in_TREADY   |  out|    1|          axis|   arg0_0_axis_in_V_last_V|       pointer|
|arg0_0_axis_in_TLAST    |   in|    1|          axis|   arg0_0_axis_in_V_last_V|       pointer|
|arg0_0_axis_in_TKEEP    |   in|   16|          axis|   arg0_0_axis_in_V_keep_V|       pointer|
|arg0_0_axis_in_TSTRB    |   in|   16|          axis|   arg0_0_axis_in_V_strb_V|       pointer|
|arg0_1_axis_in_TDATA    |   in|  128|          axis|   arg0_1_axis_in_V_data_V|       pointer|
|arg0_1_axis_in_TVALID   |   in|    1|          axis|   arg0_1_axis_in_V_last_V|       pointer|
|arg0_1_axis_in_TREADY   |  out|    1|          axis|   arg0_1_axis_in_V_last_V|       pointer|
|arg0_1_axis_in_TLAST    |   in|    1|          axis|   arg0_1_axis_in_V_last_V|       pointer|
|arg0_1_axis_in_TKEEP    |   in|   16|          axis|   arg0_1_axis_in_V_keep_V|       pointer|
|arg0_1_axis_in_TSTRB    |   in|   16|          axis|   arg0_1_axis_in_V_strb_V|       pointer|
|arg0_2_axis_in_TDATA    |   in|  128|          axis|   arg0_2_axis_in_V_data_V|       pointer|
|arg0_2_axis_in_TVALID   |   in|    1|          axis|   arg0_2_axis_in_V_last_V|       pointer|
|arg0_2_axis_in_TREADY   |  out|    1|          axis|   arg0_2_axis_in_V_last_V|       pointer|
|arg0_2_axis_in_TLAST    |   in|    1|          axis|   arg0_2_axis_in_V_last_V|       pointer|
|arg0_2_axis_in_TKEEP    |   in|   16|          axis|   arg0_2_axis_in_V_keep_V|       pointer|
|arg0_2_axis_in_TSTRB    |   in|   16|          axis|   arg0_2_axis_in_V_strb_V|       pointer|
|arg0_3_axis_in_TDATA    |   in|  128|          axis|   arg0_3_axis_in_V_data_V|       pointer|
|arg0_3_axis_in_TVALID   |   in|    1|          axis|   arg0_3_axis_in_V_last_V|       pointer|
|arg0_3_axis_in_TREADY   |  out|    1|          axis|   arg0_3_axis_in_V_last_V|       pointer|
|arg0_3_axis_in_TLAST    |   in|    1|          axis|   arg0_3_axis_in_V_last_V|       pointer|
|arg0_3_axis_in_TKEEP    |   in|   16|          axis|   arg0_3_axis_in_V_keep_V|       pointer|
|arg0_3_axis_in_TSTRB    |   in|   16|          axis|   arg0_3_axis_in_V_strb_V|       pointer|
|arg0_4_axis_in_TDATA    |   in|  128|          axis|   arg0_4_axis_in_V_data_V|       pointer|
|arg0_4_axis_in_TVALID   |   in|    1|          axis|   arg0_4_axis_in_V_last_V|       pointer|
|arg0_4_axis_in_TREADY   |  out|    1|          axis|   arg0_4_axis_in_V_last_V|       pointer|
|arg0_4_axis_in_TLAST    |   in|    1|          axis|   arg0_4_axis_in_V_last_V|       pointer|
|arg0_4_axis_in_TKEEP    |   in|   16|          axis|   arg0_4_axis_in_V_keep_V|       pointer|
|arg0_4_axis_in_TSTRB    |   in|   16|          axis|   arg0_4_axis_in_V_strb_V|       pointer|
|arg0_5_axis_in_TDATA    |   in|  128|          axis|   arg0_5_axis_in_V_data_V|       pointer|
|arg0_5_axis_in_TVALID   |   in|    1|          axis|   arg0_5_axis_in_V_last_V|       pointer|
|arg0_5_axis_in_TREADY   |  out|    1|          axis|   arg0_5_axis_in_V_last_V|       pointer|
|arg0_5_axis_in_TLAST    |   in|    1|          axis|   arg0_5_axis_in_V_last_V|       pointer|
|arg0_5_axis_in_TKEEP    |   in|   16|          axis|   arg0_5_axis_in_V_keep_V|       pointer|
|arg0_5_axis_in_TSTRB    |   in|   16|          axis|   arg0_5_axis_in_V_strb_V|       pointer|
|arg0_6_axis_in_TDATA    |   in|  128|          axis|   arg0_6_axis_in_V_data_V|       pointer|
|arg0_6_axis_in_TVALID   |   in|    1|          axis|   arg0_6_axis_in_V_last_V|       pointer|
|arg0_6_axis_in_TREADY   |  out|    1|          axis|   arg0_6_axis_in_V_last_V|       pointer|
|arg0_6_axis_in_TLAST    |   in|    1|          axis|   arg0_6_axis_in_V_last_V|       pointer|
|arg0_6_axis_in_TKEEP    |   in|   16|          axis|   arg0_6_axis_in_V_keep_V|       pointer|
|arg0_6_axis_in_TSTRB    |   in|   16|          axis|   arg0_6_axis_in_V_strb_V|       pointer|
|arg0_7_axis_in_TDATA    |   in|  128|          axis|   arg0_7_axis_in_V_data_V|       pointer|
|arg0_7_axis_in_TVALID   |   in|    1|          axis|   arg0_7_axis_in_V_last_V|       pointer|
|arg0_7_axis_in_TREADY   |  out|    1|          axis|   arg0_7_axis_in_V_last_V|       pointer|
|arg0_7_axis_in_TLAST    |   in|    1|          axis|   arg0_7_axis_in_V_last_V|       pointer|
|arg0_7_axis_in_TKEEP    |   in|   16|          axis|   arg0_7_axis_in_V_keep_V|       pointer|
|arg0_7_axis_in_TSTRB    |   in|   16|          axis|   arg0_7_axis_in_V_strb_V|       pointer|
|arg1_0_axis_out_TDATA   |  out|  128|          axis|  arg1_0_axis_out_V_data_V|       pointer|
|arg1_0_axis_out_TVALID  |  out|    1|          axis|  arg1_0_axis_out_V_last_V|       pointer|
|arg1_0_axis_out_TREADY  |   in|    1|          axis|  arg1_0_axis_out_V_last_V|       pointer|
|arg1_0_axis_out_TLAST   |  out|    1|          axis|  arg1_0_axis_out_V_last_V|       pointer|
|arg1_0_axis_out_TKEEP   |  out|   16|          axis|  arg1_0_axis_out_V_keep_V|       pointer|
|arg1_0_axis_out_TSTRB   |  out|   16|          axis|  arg1_0_axis_out_V_strb_V|       pointer|
|arg1_1_axis_out_TDATA   |  out|  128|          axis|  arg1_1_axis_out_V_data_V|       pointer|
|arg1_1_axis_out_TVALID  |  out|    1|          axis|  arg1_1_axis_out_V_last_V|       pointer|
|arg1_1_axis_out_TREADY  |   in|    1|          axis|  arg1_1_axis_out_V_last_V|       pointer|
|arg1_1_axis_out_TLAST   |  out|    1|          axis|  arg1_1_axis_out_V_last_V|       pointer|
|arg1_1_axis_out_TKEEP   |  out|   16|          axis|  arg1_1_axis_out_V_keep_V|       pointer|
|arg1_1_axis_out_TSTRB   |  out|   16|          axis|  arg1_1_axis_out_V_strb_V|       pointer|
|arg1_2_axis_out_TDATA   |  out|  128|          axis|  arg1_2_axis_out_V_data_V|       pointer|
|arg1_2_axis_out_TVALID  |  out|    1|          axis|  arg1_2_axis_out_V_last_V|       pointer|
|arg1_2_axis_out_TREADY  |   in|    1|          axis|  arg1_2_axis_out_V_last_V|       pointer|
|arg1_2_axis_out_TLAST   |  out|    1|          axis|  arg1_2_axis_out_V_last_V|       pointer|
|arg1_2_axis_out_TKEEP   |  out|   16|          axis|  arg1_2_axis_out_V_keep_V|       pointer|
|arg1_2_axis_out_TSTRB   |  out|   16|          axis|  arg1_2_axis_out_V_strb_V|       pointer|
|arg1_3_axis_out_TDATA   |  out|  128|          axis|  arg1_3_axis_out_V_data_V|       pointer|
|arg1_3_axis_out_TVALID  |  out|    1|          axis|  arg1_3_axis_out_V_last_V|       pointer|
|arg1_3_axis_out_TREADY  |   in|    1|          axis|  arg1_3_axis_out_V_last_V|       pointer|
|arg1_3_axis_out_TLAST   |  out|    1|          axis|  arg1_3_axis_out_V_last_V|       pointer|
|arg1_3_axis_out_TKEEP   |  out|   16|          axis|  arg1_3_axis_out_V_keep_V|       pointer|
|arg1_3_axis_out_TSTRB   |  out|   16|          axis|  arg1_3_axis_out_V_strb_V|       pointer|
|arg1_4_axis_out_TDATA   |  out|  128|          axis|  arg1_4_axis_out_V_data_V|       pointer|
|arg1_4_axis_out_TVALID  |  out|    1|          axis|  arg1_4_axis_out_V_last_V|       pointer|
|arg1_4_axis_out_TREADY  |   in|    1|          axis|  arg1_4_axis_out_V_last_V|       pointer|
|arg1_4_axis_out_TLAST   |  out|    1|          axis|  arg1_4_axis_out_V_last_V|       pointer|
|arg1_4_axis_out_TKEEP   |  out|   16|          axis|  arg1_4_axis_out_V_keep_V|       pointer|
|arg1_4_axis_out_TSTRB   |  out|   16|          axis|  arg1_4_axis_out_V_strb_V|       pointer|
|arg1_5_axis_out_TDATA   |  out|  128|          axis|  arg1_5_axis_out_V_data_V|       pointer|
|arg1_5_axis_out_TVALID  |  out|    1|          axis|  arg1_5_axis_out_V_last_V|       pointer|
|arg1_5_axis_out_TREADY  |   in|    1|          axis|  arg1_5_axis_out_V_last_V|       pointer|
|arg1_5_axis_out_TLAST   |  out|    1|          axis|  arg1_5_axis_out_V_last_V|       pointer|
|arg1_5_axis_out_TKEEP   |  out|   16|          axis|  arg1_5_axis_out_V_keep_V|       pointer|
|arg1_5_axis_out_TSTRB   |  out|   16|          axis|  arg1_5_axis_out_V_strb_V|       pointer|
|arg1_6_axis_out_TDATA   |  out|  128|          axis|  arg1_6_axis_out_V_data_V|       pointer|
|arg1_6_axis_out_TVALID  |  out|    1|          axis|  arg1_6_axis_out_V_last_V|       pointer|
|arg1_6_axis_out_TREADY  |   in|    1|          axis|  arg1_6_axis_out_V_last_V|       pointer|
|arg1_6_axis_out_TLAST   |  out|    1|          axis|  arg1_6_axis_out_V_last_V|       pointer|
|arg1_6_axis_out_TKEEP   |  out|   16|          axis|  arg1_6_axis_out_V_keep_V|       pointer|
|arg1_6_axis_out_TSTRB   |  out|   16|          axis|  arg1_6_axis_out_V_strb_V|       pointer|
|arg1_7_axis_out_TDATA   |  out|  128|          axis|  arg1_7_axis_out_V_data_V|       pointer|
|arg1_7_axis_out_TVALID  |  out|    1|          axis|  arg1_7_axis_out_V_last_V|       pointer|
|arg1_7_axis_out_TREADY  |   in|    1|          axis|  arg1_7_axis_out_V_last_V|       pointer|
|arg1_7_axis_out_TLAST   |  out|    1|          axis|  arg1_7_axis_out_V_last_V|       pointer|
|arg1_7_axis_out_TKEEP   |  out|   16|          axis|  arg1_7_axis_out_V_keep_V|       pointer|
|arg1_7_axis_out_TSTRB   |  out|   16|          axis|  arg1_7_axis_out_V_strb_V|       pointer|
+------------------------+-----+-----+--------------+--------------------------+--------------+

