INFO: [v++ 60-1306] Additional information associated with this v++ link can be found at:
	Reports: /home/x_thileeb/repos/ops-hls-batching-new/codegen_apps/tiling/poisson2d/u280_project/maxtile_8192_interleave_p8/hls/build/hw/temp_dir/link/reports/link
	Log files: /home/x_thileeb/repos/ops-hls-batching-new/codegen_apps/tiling/poisson2d/u280_project/maxtile_8192_interleave_p8/hls/build/hw/temp_dir/link/logs/link
INFO: [v++ 60-1548] Creating build summary session with primary output /home/x_thileeb/repos/ops-hls-batching-new/codegen_apps/tiling/poisson2d/u280_project/maxtile_8192_interleave_p8/hls/build/hw/poisson2d.xclbin.link_summary, at Tue Aug 11 20:47:29 2026
INFO: [v++ 60-1315] Creating rulecheck session with output '/home/x_thileeb/repos/ops-hls-batching-new/codegen_apps/tiling/poisson2d/u280_project/maxtile_8192_interleave_p8/hls/build/hw/temp_dir/link/reports/link/v++_link_poisson2d_guidance.html', at Tue Aug 11 20:47:29 2026
INFO: [v++ 60-895]   Target platform: /opt/xilinx/platforms/xilinx_u280_gen3x16_xdma_1_202211_1/xilinx_u280_gen3x16_xdma_1_202211_1.xpfm
INFO: [v++ 60-1578]   This platform contains Xilinx Shell Archive '/opt/xilinx/platforms/xilinx_u280_gen3x16_xdma_1_202211_1/hw/hw.xsa'
INFO: [v++ 74-78] Compiler Version string: 2022.2
INFO: [v++ 60-629] Linking for hardware target
INFO: [v++ 60-423]   Target device: xilinx_u280_gen3x16_xdma_1_202211_1
INFO: [v++ 60-1332] Run 'run_link' status: Not started
INFO: [v++ 60-1443] [20:47:41] Run run_link: Step system_link: Started
INFO: [v++ 60-1453] Command Line: system_link --xo /home/x_thileeb/repos/ops-hls-batching-new/codegen_apps/tiling/poisson2d/u280_project/maxtile_8192_interleave_p8/hls/build/hw/datamover_outerloop_0.xo --xo /home/x_thileeb/repos/ops-hls-batching-new/codegen_apps/tiling/poisson2d/u280_project/maxtile_8192_interleave_p8/hls/build/hw/kernel_outerloop_0_0.xo --xo /home/x_thileeb/repos/ops-hls-batching-new/codegen_apps/tiling/poisson2d/u280_project/maxtile_8192_interleave_p8/hls/build/hw/kernel_outerloop_0_1.xo --xo /home/x_thileeb/repos/ops-hls-batching-new/codegen_apps/tiling/poisson2d/u280_project/maxtile_8192_interleave_p8/hls/build/hw/kernel_outerloop_0_2.xo --xo /home/x_thileeb/repos/ops-hls-batching-new/codegen_apps/tiling/poisson2d/u280_project/maxtile_8192_interleave_p8/hls/build/hw/repeater_outerloop_0.xo -keep --config /home/x_thileeb/repos/ops-hls-batching-new/codegen_apps/tiling/poisson2d/u280_project/maxtile_8192_interleave_p8/hls/build/hw/temp_dir/link/link/int/syslinkConfig.ini --xpfm /opt/xilinx/platforms/xilinx_u280_gen3x16_xdma_1_202211_1/xilinx_u280_gen3x16_xdma_1_202211_1.xpfm --target hw --output_dir /home/x_thileeb/repos/ops-hls-batching-new/codegen_apps/tiling/poisson2d/u280_project/maxtile_8192_interleave_p8/hls/build/hw/temp_dir/link/link/int --temp_dir /home/x_thileeb/repos/ops-hls-batching-new/codegen_apps/tiling/poisson2d/u280_project/maxtile_8192_interleave_p8/hls/build/hw/temp_dir/link/link/sys_link
INFO: [v++ 60-1454] Run Directory: /home/x_thileeb/repos/ops-hls-batching-new/codegen_apps/tiling/poisson2d/u280_project/maxtile_8192_interleave_p8/hls/build/hw/temp_dir/link/link/run_link
INFO: [SYSTEM_LINK 82-70] Extracting xo v3 file /home/x_thileeb/repos/ops-hls-batching-new/codegen_apps/tiling/poisson2d/u280_project/maxtile_8192_interleave_p8/hls/build/hw/datamover_outerloop_0.xo
INFO: [SYSTEM_LINK 82-70] Extracting xo v3 file /home/x_thileeb/repos/ops-hls-batching-new/codegen_apps/tiling/poisson2d/u280_project/maxtile_8192_interleave_p8/hls/build/hw/kernel_outerloop_0_0.xo
INFO: [SYSTEM_LINK 82-70] Extracting xo v3 file /home/x_thileeb/repos/ops-hls-batching-new/codegen_apps/tiling/poisson2d/u280_project/maxtile_8192_interleave_p8/hls/build/hw/kernel_outerloop_0_1.xo
INFO: [SYSTEM_LINK 82-70] Extracting xo v3 file /home/x_thileeb/repos/ops-hls-batching-new/codegen_apps/tiling/poisson2d/u280_project/maxtile_8192_interleave_p8/hls/build/hw/kernel_outerloop_0_2.xo
INFO: [SYSTEM_LINK 82-70] Extracting xo v3 file /home/x_thileeb/repos/ops-hls-batching-new/codegen_apps/tiling/poisson2d/u280_project/maxtile_8192_interleave_p8/hls/build/hw/repeater_outerloop_0.xo
INFO: [SYSTEM_LINK 82-53] Creating IP database /home/x_thileeb/repos/ops-hls-batching-new/codegen_apps/tiling/poisson2d/u280_project/maxtile_8192_interleave_p8/hls/build/hw/temp_dir/link/link/sys_link/_sysl/.cdb/xd_ip_db.xml
INFO: [SYSTEM_LINK 82-38] [20:47:51] build_xd_ip_db started: /tools/Xilinx/Vitis/2022.2/bin/build_xd_ip_db -ip_search 0  -sds-pf /home/x_thileeb/repos/ops-hls-batching-new/codegen_apps/tiling/poisson2d/u280_project/maxtile_8192_interleave_p8/hls/build/hw/temp_dir/link/link/sys_link/hw.hpfm -clkid 0 -ip /home/x_thileeb/repos/ops-hls-batching-new/codegen_apps/tiling/poisson2d/u280_project/maxtile_8192_interleave_p8/hls/build/hw/temp_dir/link/link/sys_link/iprepo/xilinx_com_hls_repeater_outerloop_0_1_0,repeater_outerloop_0 -ip /home/x_thileeb/repos/ops-hls-batching-new/codegen_apps/tiling/poisson2d/u280_project/maxtile_8192_interleave_p8/hls/build/hw/temp_dir/link/link/sys_link/iprepo/xilinx_com_hls_datamover_outerloop_0_1_0,datamover_outerloop_0 -ip /home/x_thileeb/repos/ops-hls-batching-new/codegen_apps/tiling/poisson2d/u280_project/maxtile_8192_interleave_p8/hls/build/hw/temp_dir/link/link/sys_link/iprepo/xilinx_com_hls_kernel_outerloop_0_2_1_0,kernel_outerloop_0_2 -ip /home/x_thileeb/repos/ops-hls-batching-new/codegen_apps/tiling/poisson2d/u280_project/maxtile_8192_interleave_p8/hls/build/hw/temp_dir/link/link/sys_link/iprepo/xilinx_com_hls_kernel_outerloop_0_1_1_0,kernel_outerloop_0_1 -ip /home/x_thileeb/repos/ops-hls-batching-new/codegen_apps/tiling/poisson2d/u280_project/maxtile_8192_interleave_p8/hls/build/hw/temp_dir/link/link/sys_link/iprepo/xilinx_com_hls_kernel_outerloop_0_0_1_0,kernel_outerloop_0_0 -o /home/x_thileeb/repos/ops-hls-batching-new/codegen_apps/tiling/poisson2d/u280_project/maxtile_8192_interleave_p8/hls/build/hw/temp_dir/link/link/sys_link/_sysl/.cdb/xd_ip_db.xml
INFO: [SYSTEM_LINK 82-37] [20:47:57] build_xd_ip_db finished successfully
Time (s): cpu = 00:00:05 ; elapsed = 00:00:06 . Memory (MB): peak = 431.707 ; gain = 0.000 ; free physical = 132284 ; free virtual = 293548
INFO: [SYSTEM_LINK 82-51] Create system connectivity graph
INFO: [SYSTEM_LINK 82-102] Applying explicit connections to the system connectivity graph: /home/x_thileeb/repos/ops-hls-batching-new/codegen_apps/tiling/poisson2d/u280_project/maxtile_8192_interleave_p8/hls/build/hw/temp_dir/link/link/sys_link/cfgraph/cfgen_cfgraph.xml
INFO: [SYSTEM_LINK 82-38] [20:47:57] cfgen started: /tools/Xilinx/Vitis/2022.2/bin/cfgen  -nk kernel_outerloop_0_0:1:kernel_outerloop_inst_0_1 -nk kernel_outerloop_0_1:1:kernel_outerloop_inst_0_2 -nk kernel_outerloop_0_2:1:kernel_outerloop_inst_0_3 -sc datamover_outerloop_0_1.arg0_0_axis_out:kernel_outerloop_inst_0_1.arg0_0_axis_in:128 -sc datamover_outerloop_0_1.arg0_1_axis_out:kernel_outerloop_inst_0_1.arg0_1_axis_in:128 -sc datamover_outerloop_0_1.arg0_2_axis_out:kernel_outerloop_inst_0_1.arg0_2_axis_in:128 -sc datamover_outerloop_0_1.arg0_3_axis_out:kernel_outerloop_inst_0_1.arg0_3_axis_in:128 -sc datamover_outerloop_0_1.arg0_4_axis_out:kernel_outerloop_inst_0_1.arg0_4_axis_in:128 -sc datamover_outerloop_0_1.arg0_5_axis_out:kernel_outerloop_inst_0_1.arg0_5_axis_in:128 -sc datamover_outerloop_0_1.arg0_6_axis_out:kernel_outerloop_inst_0_1.arg0_6_axis_in:128 -sc datamover_outerloop_0_1.arg0_7_axis_out:kernel_outerloop_inst_0_1.arg0_7_axis_in:128 -sc kernel_outerloop_inst_0_1.arg1_0_axis_out:kernel_outerloop_inst_0_2.arg0_0_axis_in:128 -sc kernel_outerloop_inst_0_1.arg1_1_axis_out:kernel_outerloop_inst_0_2.arg0_1_axis_in:128 -sc kernel_outerloop_inst_0_1.arg1_2_axis_out:kernel_outerloop_inst_0_2.arg0_2_axis_in:128 -sc kernel_outerloop_inst_0_1.arg1_3_axis_out:kernel_outerloop_inst_0_2.arg0_3_axis_in:128 -sc kernel_outerloop_inst_0_1.arg1_4_axis_out:kernel_outerloop_inst_0_2.arg0_4_axis_in:128 -sc kernel_outerloop_inst_0_1.arg1_5_axis_out:kernel_outerloop_inst_0_2.arg0_5_axis_in:128 -sc kernel_outerloop_inst_0_1.arg1_6_axis_out:kernel_outerloop_inst_0_2.arg0_6_axis_in:128 -sc kernel_outerloop_inst_0_1.arg1_7_axis_out:kernel_outerloop_inst_0_2.arg0_7_axis_in:128 -sc kernel_outerloop_inst_0_2.arg1_0_axis_out:kernel_outerloop_inst_0_3.arg0_0_axis_in:128 -sc kernel_outerloop_inst_0_2.arg1_1_axis_out:kernel_outerloop_inst_0_3.arg0_1_axis_in:128 -sc kernel_outerloop_inst_0_2.arg1_2_axis_out:kernel_outerloop_inst_0_3.arg0_2_axis_in:128 -sc kernel_outerloop_inst_0_2.arg1_3_axis_out:kernel_outerloop_inst_0_3.arg0_3_axis_in:128 -sc kernel_outerloop_inst_0_2.arg1_4_axis_out:kernel_outerloop_inst_0_3.arg0_4_axis_in:128 -sc kernel_outerloop_inst_0_2.arg1_5_axis_out:kernel_outerloop_inst_0_3.arg0_5_axis_in:128 -sc kernel_outerloop_inst_0_2.arg1_6_axis_out:kernel_outerloop_inst_0_3.arg0_6_axis_in:128 -sc kernel_outerloop_inst_0_2.arg1_7_axis_out:kernel_outerloop_inst_0_3.arg0_7_axis_in:128 -sc kernel_outerloop_inst_0_3.arg1_0_axis_out:repeater_outerloop_0_1.arg0_0_axis_in -sc repeater_outerloop_0_1.arg1_0_axis_out:datamover_outerloop_0_1.arg1_0_axis_in:128 -sc kernel_outerloop_inst_0_3.arg1_1_axis_out:repeater_outerloop_0_1.arg0_1_axis_in -sc repeater_outerloop_0_1.arg1_1_axis_out:datamover_outerloop_0_1.arg1_1_axis_in:128 -sc kernel_outerloop_inst_0_3.arg1_2_axis_out:repeater_outerloop_0_1.arg0_2_axis_in -sc repeater_outerloop_0_1.arg1_2_axis_out:datamover_outerloop_0_1.arg1_2_axis_in:128 -sc kernel_outerloop_inst_0_3.arg1_3_axis_out:repeater_outerloop_0_1.arg0_3_axis_in -sc repeater_outerloop_0_1.arg1_3_axis_out:datamover_outerloop_0_1.arg1_3_axis_in:128 -sc kernel_outerloop_inst_0_3.arg1_4_axis_out:repeater_outerloop_0_1.arg0_4_axis_in -sc repeater_outerloop_0_1.arg1_4_axis_out:datamover_outerloop_0_1.arg1_4_axis_in:128 -sc kernel_outerloop_inst_0_3.arg1_5_axis_out:repeater_outerloop_0_1.arg0_5_axis_in -sc repeater_outerloop_0_1.arg1_5_axis_out:datamover_outerloop_0_1.arg1_5_axis_in:128 -sc kernel_outerloop_inst_0_3.arg1_6_axis_out:repeater_outerloop_0_1.arg0_6_axis_in -sc repeater_outerloop_0_1.arg1_6_axis_out:datamover_outerloop_0_1.arg1_6_axis_in:128 -sc kernel_outerloop_inst_0_3.arg1_7_axis_out:repeater_outerloop_0_1.arg0_7_axis_in -sc repeater_outerloop_0_1.arg1_7_axis_out:datamover_outerloop_0_1.arg1_7_axis_in:128 -slr kernel_outerloop_inst_0_1:SLR0 -slr kernel_outerloop_inst_0_2:SLR1 -slr kernel_outerloop_inst_0_3:SLR2 -slr repeater_outerloop_0_1:SLR1 -sp datamover_outerloop_0_1.arg0_b0:HBM[0] -sp datamover_outerloop_0_1.arg0_b1:HBM[1] -sp datamover_outerloop_0_1.arg0_b2:HBM[2] -sp datamover_outerloop_0_1.arg0_b3:HBM[3] -sp datamover_outerloop_0_1.arg0_b4:HBM[4] -sp datamover_outerloop_0_1.arg0_b5:HBM[5] -sp datamover_outerloop_0_1.arg0_b6:HBM[6] -sp datamover_outerloop_0_1.arg0_b7:HBM[7] -sp datamover_outerloop_0_1.arg1_b0:HBM[16] -sp datamover_outerloop_0_1.arg1_b1:HBM[17] -sp datamover_outerloop_0_1.arg1_b2:HBM[18] -sp datamover_outerloop_0_1.arg1_b3:HBM[19] -sp datamover_outerloop_0_1.arg1_b4:HBM[20] -sp datamover_outerloop_0_1.arg1_b5:HBM[21] -sp datamover_outerloop_0_1.arg1_b6:HBM[22] -sp datamover_outerloop_0_1.arg1_b7:HBM[23] -dpa_mem_offload false -dmclkid 0 -r /home/x_thileeb/repos/ops-hls-batching-new/codegen_apps/tiling/poisson2d/u280_project/maxtile_8192_interleave_p8/hls/build/hw/temp_dir/link/link/sys_link/_sysl/.cdb/xd_ip_db.xml -o /home/x_thileeb/repos/ops-hls-batching-new/codegen_apps/tiling/poisson2d/u280_project/maxtile_8192_interleave_p8/hls/build/hw/temp_dir/link/link/sys_link/cfgraph/cfgen_cfgraph.xml
INFO: [CFGEN 83-0] Kernel Specs: 
INFO: [CFGEN 83-0]   kernel: kernel_outerloop_0_0, num: 1  {kernel_outerloop_inst_0_1}
INFO: [CFGEN 83-0]   kernel: kernel_outerloop_0_1, num: 1  {kernel_outerloop_inst_0_2}
INFO: [CFGEN 83-0]   kernel: kernel_outerloop_0_2, num: 1  {kernel_outerloop_inst_0_3}
INFO: [CFGEN 83-0]   kernel: datamover_outerloop_0, num: 1  {datamover_outerloop_0_1}
INFO: [CFGEN 83-0]   kernel: repeater_outerloop_0, num: 1  {repeater_outerloop_0_1}
INFO: [CFGEN 83-0] Port Specs: 
INFO: [CFGEN 83-0]   kernel: datamover_outerloop_0_1, k_port: arg0_b0, sptag: HBM[0]
INFO: [CFGEN 83-0]   kernel: datamover_outerloop_0_1, k_port: arg0_b1, sptag: HBM[1]
INFO: [CFGEN 83-0]   kernel: datamover_outerloop_0_1, k_port: arg0_b2, sptag: HBM[2]
INFO: [CFGEN 83-0]   kernel: datamover_outerloop_0_1, k_port: arg0_b3, sptag: HBM[3]
INFO: [CFGEN 83-0]   kernel: datamover_outerloop_0_1, k_port: arg0_b4, sptag: HBM[4]
INFO: [CFGEN 83-0]   kernel: datamover_outerloop_0_1, k_port: arg0_b5, sptag: HBM[5]
INFO: [CFGEN 83-0]   kernel: datamover_outerloop_0_1, k_port: arg0_b6, sptag: HBM[6]
INFO: [CFGEN 83-0]   kernel: datamover_outerloop_0_1, k_port: arg0_b7, sptag: HBM[7]
INFO: [CFGEN 83-0]   kernel: datamover_outerloop_0_1, k_port: arg1_b0, sptag: HBM[16]
INFO: [CFGEN 83-0]   kernel: datamover_outerloop_0_1, k_port: arg1_b1, sptag: HBM[17]
INFO: [CFGEN 83-0]   kernel: datamover_outerloop_0_1, k_port: arg1_b2, sptag: HBM[18]
INFO: [CFGEN 83-0]   kernel: datamover_outerloop_0_1, k_port: arg1_b3, sptag: HBM[19]
INFO: [CFGEN 83-0]   kernel: datamover_outerloop_0_1, k_port: arg1_b4, sptag: HBM[20]
INFO: [CFGEN 83-0]   kernel: datamover_outerloop_0_1, k_port: arg1_b5, sptag: HBM[21]
INFO: [CFGEN 83-0]   kernel: datamover_outerloop_0_1, k_port: arg1_b6, sptag: HBM[22]
INFO: [CFGEN 83-0]   kernel: datamover_outerloop_0_1, k_port: arg1_b7, sptag: HBM[23]
INFO: [CFGEN 83-0] Stream Specs: 
INFO: [CFGEN 83-0]   datamover_outerloop_0_1.arg0_0_axis_out => kernel_outerloop_inst_0_1.arg0_0_axis_in
INFO: [CFGEN 83-0]   datamover_outerloop_0_1.arg0_1_axis_out => kernel_outerloop_inst_0_1.arg0_1_axis_in
INFO: [CFGEN 83-0]   datamover_outerloop_0_1.arg0_2_axis_out => kernel_outerloop_inst_0_1.arg0_2_axis_in
INFO: [CFGEN 83-0]   datamover_outerloop_0_1.arg0_3_axis_out => kernel_outerloop_inst_0_1.arg0_3_axis_in
INFO: [CFGEN 83-0]   datamover_outerloop_0_1.arg0_4_axis_out => kernel_outerloop_inst_0_1.arg0_4_axis_in
INFO: [CFGEN 83-0]   datamover_outerloop_0_1.arg0_5_axis_out => kernel_outerloop_inst_0_1.arg0_5_axis_in
INFO: [CFGEN 83-0]   datamover_outerloop_0_1.arg0_6_axis_out => kernel_outerloop_inst_0_1.arg0_6_axis_in
INFO: [CFGEN 83-0]   datamover_outerloop_0_1.arg0_7_axis_out => kernel_outerloop_inst_0_1.arg0_7_axis_in
INFO: [CFGEN 83-0]   kernel_outerloop_inst_0_1.arg1_0_axis_out => kernel_outerloop_inst_0_2.arg0_0_axis_in
INFO: [CFGEN 83-0]   kernel_outerloop_inst_0_1.arg1_1_axis_out => kernel_outerloop_inst_0_2.arg0_1_axis_in
INFO: [CFGEN 83-0]   kernel_outerloop_inst_0_1.arg1_2_axis_out => kernel_outerloop_inst_0_2.arg0_2_axis_in
INFO: [CFGEN 83-0]   kernel_outerloop_inst_0_1.arg1_3_axis_out => kernel_outerloop_inst_0_2.arg0_3_axis_in
INFO: [CFGEN 83-0]   kernel_outerloop_inst_0_1.arg1_4_axis_out => kernel_outerloop_inst_0_2.arg0_4_axis_in
INFO: [CFGEN 83-0]   kernel_outerloop_inst_0_1.arg1_5_axis_out => kernel_outerloop_inst_0_2.arg0_5_axis_in
INFO: [CFGEN 83-0]   kernel_outerloop_inst_0_1.arg1_6_axis_out => kernel_outerloop_inst_0_2.arg0_6_axis_in
INFO: [CFGEN 83-0]   kernel_outerloop_inst_0_1.arg1_7_axis_out => kernel_outerloop_inst_0_2.arg0_7_axis_in
INFO: [CFGEN 83-0]   kernel_outerloop_inst_0_2.arg1_0_axis_out => kernel_outerloop_inst_0_3.arg0_0_axis_in
INFO: [CFGEN 83-0]   kernel_outerloop_inst_0_2.arg1_1_axis_out => kernel_outerloop_inst_0_3.arg0_1_axis_in
INFO: [CFGEN 83-0]   kernel_outerloop_inst_0_2.arg1_2_axis_out => kernel_outerloop_inst_0_3.arg0_2_axis_in
INFO: [CFGEN 83-0]   kernel_outerloop_inst_0_2.arg1_3_axis_out => kernel_outerloop_inst_0_3.arg0_3_axis_in
INFO: [CFGEN 83-0]   kernel_outerloop_inst_0_2.arg1_4_axis_out => kernel_outerloop_inst_0_3.arg0_4_axis_in
INFO: [CFGEN 83-0]   kernel_outerloop_inst_0_2.arg1_5_axis_out => kernel_outerloop_inst_0_3.arg0_5_axis_in
INFO: [CFGEN 83-0]   kernel_outerloop_inst_0_2.arg1_6_axis_out => kernel_outerloop_inst_0_3.arg0_6_axis_in
INFO: [CFGEN 83-0]   kernel_outerloop_inst_0_2.arg1_7_axis_out => kernel_outerloop_inst_0_3.arg0_7_axis_in
INFO: [CFGEN 83-0]   kernel_outerloop_inst_0_3.arg1_0_axis_out => repeater_outerloop_0_1.arg0_0_axis_in
INFO: [CFGEN 83-0]   repeater_outerloop_0_1.arg1_0_axis_out => datamover_outerloop_0_1.arg1_0_axis_in
INFO: [CFGEN 83-0]   kernel_outerloop_inst_0_3.arg1_1_axis_out => repeater_outerloop_0_1.arg0_1_axis_in
INFO: [CFGEN 83-0]   repeater_outerloop_0_1.arg1_1_axis_out => datamover_outerloop_0_1.arg1_1_axis_in
INFO: [CFGEN 83-0]   kernel_outerloop_inst_0_3.arg1_2_axis_out => repeater_outerloop_0_1.arg0_2_axis_in
INFO: [CFGEN 83-0]   repeater_outerloop_0_1.arg1_2_axis_out => datamover_outerloop_0_1.arg1_2_axis_in
INFO: [CFGEN 83-0]   kernel_outerloop_inst_0_3.arg1_3_axis_out => repeater_outerloop_0_1.arg0_3_axis_in
INFO: [CFGEN 83-0]   repeater_outerloop_0_1.arg1_3_axis_out => datamover_outerloop_0_1.arg1_3_axis_in
INFO: [CFGEN 83-0]   kernel_outerloop_inst_0_3.arg1_4_axis_out => repeater_outerloop_0_1.arg0_4_axis_in
INFO: [CFGEN 83-0]   repeater_outerloop_0_1.arg1_4_axis_out => datamover_outerloop_0_1.arg1_4_axis_in
INFO: [CFGEN 83-0]   kernel_outerloop_inst_0_3.arg1_5_axis_out => repeater_outerloop_0_1.arg0_5_axis_in
INFO: [CFGEN 83-0]   repeater_outerloop_0_1.arg1_5_axis_out => datamover_outerloop_0_1.arg1_5_axis_in
INFO: [CFGEN 83-0]   kernel_outerloop_inst_0_3.arg1_6_axis_out => repeater_outerloop_0_1.arg0_6_axis_in
INFO: [CFGEN 83-0]   repeater_outerloop_0_1.arg1_6_axis_out => datamover_outerloop_0_1.arg1_6_axis_in
INFO: [CFGEN 83-0]   kernel_outerloop_inst_0_3.arg1_7_axis_out => repeater_outerloop_0_1.arg0_7_axis_in
INFO: [CFGEN 83-0]   repeater_outerloop_0_1.arg1_7_axis_out => datamover_outerloop_0_1.arg1_7_axis_in
INFO: [CFGEN 83-0] SLR Specs: 
INFO: [CFGEN 83-0]   instance: kernel_outerloop_inst_0_1, SLR: SLR0
INFO: [CFGEN 83-0]   instance: kernel_outerloop_inst_0_2, SLR: SLR1
INFO: [CFGEN 83-0]   instance: kernel_outerloop_inst_0_3, SLR: SLR2
INFO: [CFGEN 83-0]   instance: repeater_outerloop_0_1, SLR: SLR1
INFO: [SYSTEM_LINK 82-37] [20:48:05] cfgen finished successfully
Time (s): cpu = 00:00:08 ; elapsed = 00:00:08 . Memory (MB): peak = 431.707 ; gain = 0.000 ; free physical = 131894 ; free virtual = 293158
INFO: [SYSTEM_LINK 82-52] Create top-level block diagram
INFO: [SYSTEM_LINK 82-38] [20:48:05] cf2bd started: /tools/Xilinx/Vitis/2022.2/bin/cf2bd  --linux --trace_buffer 1024 --input_file /home/x_thileeb/repos/ops-hls-batching-new/codegen_apps/tiling/poisson2d/u280_project/maxtile_8192_interleave_p8/hls/build/hw/temp_dir/link/link/sys_link/cfgraph/cfgen_cfgraph.xml --ip_db /home/x_thileeb/repos/ops-hls-batching-new/codegen_apps/tiling/poisson2d/u280_project/maxtile_8192_interleave_p8/hls/build/hw/temp_dir/link/link/sys_link/_sysl/.cdb/xd_ip_db.xml --cf_name dr --working_dir /home/x_thileeb/repos/ops-hls-batching-new/codegen_apps/tiling/poisson2d/u280_project/maxtile_8192_interleave_p8/hls/build/hw/temp_dir/link/link/sys_link/_sysl/.xsd --temp_dir /home/x_thileeb/repos/ops-hls-batching-new/codegen_apps/tiling/poisson2d/u280_project/maxtile_8192_interleave_p8/hls/build/hw/temp_dir/link/link/sys_link --output_dir /home/x_thileeb/repos/ops-hls-batching-new/codegen_apps/tiling/poisson2d/u280_project/maxtile_8192_interleave_p8/hls/build/hw/temp_dir/link/link/int --target_bd ulp.bd
INFO: [CF2BD 82-31] Launching cf2xd: cf2xd -linux -trace-buffer 1024 -i /home/x_thileeb/repos/ops-hls-batching-new/codegen_apps/tiling/poisson2d/u280_project/maxtile_8192_interleave_p8/hls/build/hw/temp_dir/link/link/sys_link/cfgraph/cfgen_cfgraph.xml -r /home/x_thileeb/repos/ops-hls-batching-new/codegen_apps/tiling/poisson2d/u280_project/maxtile_8192_interleave_p8/hls/build/hw/temp_dir/link/link/sys_link/_sysl/.cdb/xd_ip_db.xml -o dr.xml
INFO: [CF2BD 82-28] cf2xd finished successfully
INFO: [CF2BD 82-31] Launching cf_xsd: cf_xsd -disable-address-gen -bd ulp.bd -dn dr -dp /home/x_thileeb/repos/ops-hls-batching-new/codegen_apps/tiling/poisson2d/u280_project/maxtile_8192_interleave_p8/hls/build/hw/temp_dir/link/link/sys_link/_sysl/.xsd
INFO: [CF2BD 82-28] cf_xsd finished successfully
INFO: [SYSTEM_LINK 82-37] [20:48:45] cf2bd finished successfully
Time (s): cpu = 00:00:40 ; elapsed = 00:00:40 . Memory (MB): peak = 431.707 ; gain = 0.000 ; free physical = 140782 ; free virtual = 302013
INFO: [v++ 60-1441] [20:48:45] Run run_link: Step system_link: Completed
Time (s): cpu = 00:00:56 ; elapsed = 00:01:04 . Memory (MB): peak = 452.375 ; gain = 0.000 ; free physical = 140855 ; free virtual = 302087
INFO: [v++ 60-1443] [20:48:45] Run run_link: Step cf2sw: Started
INFO: [v++ 60-1453] Command Line: cf2sw -sdsl /home/x_thileeb/repos/ops-hls-batching-new/codegen_apps/tiling/poisson2d/u280_project/maxtile_8192_interleave_p8/hls/build/hw/temp_dir/link/link/int/sdsl.dat -rtd /home/x_thileeb/repos/ops-hls-batching-new/codegen_apps/tiling/poisson2d/u280_project/maxtile_8192_interleave_p8/hls/build/hw/temp_dir/link/link/int/cf2sw.rtd -nofilter /home/x_thileeb/repos/ops-hls-batching-new/codegen_apps/tiling/poisson2d/u280_project/maxtile_8192_interleave_p8/hls/build/hw/temp_dir/link/link/int/cf2sw_full.rtd -xclbin /home/x_thileeb/repos/ops-hls-batching-new/codegen_apps/tiling/poisson2d/u280_project/maxtile_8192_interleave_p8/hls/build/hw/temp_dir/link/link/int/xclbin_orig.xml -o /home/x_thileeb/repos/ops-hls-batching-new/codegen_apps/tiling/poisson2d/u280_project/maxtile_8192_interleave_p8/hls/build/hw/temp_dir/link/link/int/xclbin_orig.1.xml
INFO: [v++ 60-1454] Run Directory: /home/x_thileeb/repos/ops-hls-batching-new/codegen_apps/tiling/poisson2d/u280_project/maxtile_8192_interleave_p8/hls/build/hw/temp_dir/link/link/run_link
INFO: [v++ 60-1441] [20:49:30] Run run_link: Step cf2sw: Completed
Time (s): cpu = 00:00:45 ; elapsed = 00:00:45 . Memory (MB): peak = 452.375 ; gain = 0.000 ; free physical = 154706 ; free virtual = 315887
INFO: [v++ 60-1443] [20:49:30] Run run_link: Step rtd2_system_diagram: Started
INFO: [v++ 60-1453] Command Line: rtd2SystemDiagram
INFO: [v++ 60-1454] Run Directory: /home/x_thileeb/repos/ops-hls-batching-new/codegen_apps/tiling/poisson2d/u280_project/maxtile_8192_interleave_p8/hls/build/hw/temp_dir/link/link/run_link
INFO: [v++ 60-1441] [20:49:30] Run run_link: Step rtd2_system_diagram: Completed
Time (s): cpu = 00:00:00 ; elapsed = 00:00:00.5 . Memory (MB): peak = 452.375 ; gain = 0.000 ; free physical = 154690 ; free virtual = 315908
INFO: [v++ 60-1443] [20:49:30] Run run_link: Step vpl: Started
INFO: [v++ 60-1453] Command Line: vpl -t hw -f xilinx_u280_gen3x16_xdma_1_202211_1 -s --remote_ip_cache /home/x_thileeb/repos/ops-hls-batching-new/OPS/source_files/../ops/hls/IP_CACHE/ --output_dir /home/x_thileeb/repos/ops-hls-batching-new/codegen_apps/tiling/poisson2d/u280_project/maxtile_8192_interleave_p8/hls/build/hw/temp_dir/link/link/int --log_dir /home/x_thileeb/repos/ops-hls-batching-new/codegen_apps/tiling/poisson2d/u280_project/maxtile_8192_interleave_p8/hls/build/hw/temp_dir/link/logs/link --report_dir /home/x_thileeb/repos/ops-hls-batching-new/codegen_apps/tiling/poisson2d/u280_project/maxtile_8192_interleave_p8/hls/build/hw/temp_dir/link/reports/link --config /home/x_thileeb/repos/ops-hls-batching-new/codegen_apps/tiling/poisson2d/u280_project/maxtile_8192_interleave_p8/hls/build/hw/temp_dir/link/link/int/vplConfig.ini -k /home/x_thileeb/repos/ops-hls-batching-new/codegen_apps/tiling/poisson2d/u280_project/maxtile_8192_interleave_p8/hls/build/hw/temp_dir/link/link/int/kernel_info.dat --webtalk_flag Vitis --temp_dir /home/x_thileeb/repos/ops-hls-batching-new/codegen_apps/tiling/poisson2d/u280_project/maxtile_8192_interleave_p8/hls/build/hw/temp_dir/link/link --no-info --iprepo /home/x_thileeb/repos/ops-hls-batching-new/codegen_apps/tiling/poisson2d/u280_project/maxtile_8192_interleave_p8/hls/build/hw/temp_dir/link/link/int/xo/ip_repo/xilinx_com_hls_kernel_outerloop_0_2_1_0 --iprepo /home/x_thileeb/repos/ops-hls-batching-new/codegen_apps/tiling/poisson2d/u280_project/maxtile_8192_interleave_p8/hls/build/hw/temp_dir/link/link/int/xo/ip_repo/xilinx_com_hls_repeater_outerloop_0_1_0 --iprepo /home/x_thileeb/repos/ops-hls-batching-new/codegen_apps/tiling/poisson2d/u280_project/maxtile_8192_interleave_p8/hls/build/hw/temp_dir/link/link/int/xo/ip_repo/xilinx_com_hls_datamover_outerloop_0_1_0 --iprepo /home/x_thileeb/repos/ops-hls-batching-new/codegen_apps/tiling/poisson2d/u280_project/maxtile_8192_interleave_p8/hls/build/hw/temp_dir/link/link/int/xo/ip_repo/xilinx_com_hls_kernel_outerloop_0_1_1_0 --iprepo /home/x_thileeb/repos/ops-hls-batching-new/codegen_apps/tiling/poisson2d/u280_project/maxtile_8192_interleave_p8/hls/build/hw/temp_dir/link/link/int/xo/ip_repo/xilinx_com_hls_kernel_outerloop_0_0_1_0 --messageDb /home/x_thileeb/repos/ops-hls-batching-new/codegen_apps/tiling/poisson2d/u280_project/maxtile_8192_interleave_p8/hls/build/hw/temp_dir/link/link/run_link/vpl.pb /home/x_thileeb/repos/ops-hls-batching-new/codegen_apps/tiling/poisson2d/u280_project/maxtile_8192_interleave_p8/hls/build/hw/temp_dir/link/link/int/dr.bd.tcl
INFO: [v++ 60-1454] Run Directory: /home/x_thileeb/repos/ops-hls-batching-new/codegen_apps/tiling/poisson2d/u280_project/maxtile_8192_interleave_p8/hls/build/hw/temp_dir/link/link/run_link

****** vpl v2022.2 (64-bit)
  **** SW Build 3671529 on 2022-10-13-17:52:11
    ** Copyright 1986-2022 Xilinx, Inc. All Rights Reserved.

INFO: [VPL 60-839] Read in kernel information from file '/home/x_thileeb/repos/ops-hls-batching-new/codegen_apps/tiling/poisson2d/u280_project/maxtile_8192_interleave_p8/hls/build/hw/temp_dir/link/link/int/kernel_info.dat'.
INFO: [VPL 74-78] Compiler Version string: 2022.2
INFO: [VPL 60-423]   Target device: xilinx_u280_gen3x16_xdma_1_202211_1
INFO: [VPL 60-1032] Extracting hardware platform to /home/x_thileeb/repos/ops-hls-batching-new/codegen_apps/tiling/poisson2d/u280_project/maxtile_8192_interleave_p8/hls/build/hw/temp_dir/link/link/vivado/vpl/.local/hw_platform
[20:49:46] Run vpl: Step create_project: Started
Creating Vivado project.
[20:49:51] Run vpl: Step create_project: Completed
[20:49:51] Run vpl: Step create_bd: Started
[20:50:32] Run vpl: Step create_bd: Completed
[20:50:32] Run vpl: Step update_bd: Started
[20:50:33] Run vpl: Step update_bd: Completed
[20:50:33] Run vpl: Step generate_target: Started
[20:51:49] Run vpl: Step generate_target: RUNNING...
[20:53:02] Run vpl: Step generate_target: Completed
[20:53:02] Run vpl: Step config_hw_runs: Started
[20:53:06] Run vpl: Step config_hw_runs: Completed
[20:53:06] Run vpl: Step synth: Started
[20:57:13] Block-level synthesis in progress, 0 of 5 jobs complete, 1 job running.
[20:57:43] Block-level synthesis in progress, 0 of 5 jobs complete, 1 job running.
[20:58:14] Block-level synthesis in progress, 0 of 5 jobs complete, 1 job running.
[20:58:45] Block-level synthesis in progress, 0 of 5 jobs complete, 1 job running.
[20:59:15] Block-level synthesis in progress, 0 of 5 jobs complete, 1 job running.
[20:59:46] Block-level synthesis in progress, 0 of 5 jobs complete, 1 job running.
[21:00:17] Block-level synthesis in progress, 0 of 5 jobs complete, 1 job running.
[21:00:48] Block-level synthesis in progress, 0 of 5 jobs complete, 1 job running.
[21:01:18] Block-level synthesis in progress, 0 of 5 jobs complete, 1 job running.
[21:01:49] Block-level synthesis in progress, 0 of 5 jobs complete, 1 job running.
[21:02:20] Block-level synthesis in progress, 0 of 5 jobs complete, 1 job running.
[21:02:50] Block-level synthesis in progress, 0 of 5 jobs complete, 1 job running.
[21:03:21] Block-level synthesis in progress, 0 of 5 jobs complete, 1 job running.
[21:03:52] Block-level synthesis in progress, 0 of 5 jobs complete, 1 job running.
[21:04:22] Block-level synthesis in progress, 0 of 5 jobs complete, 1 job running.
[21:04:53] Block-level synthesis in progress, 0 of 5 jobs complete, 1 job running.
[21:05:24] Block-level synthesis in progress, 0 of 5 jobs complete, 1 job running.
[21:05:54] Block-level synthesis in progress, 0 of 5 jobs complete, 1 job running.
[21:06:25] Block-level synthesis in progress, 1 of 5 jobs complete, 1 job running.
[21:06:56] Block-level synthesis in progress, 1 of 5 jobs complete, 1 job running.
[21:07:26] Block-level synthesis in progress, 1 of 5 jobs complete, 1 job running.
[21:07:50] Run vpl: Step synth: Completed
[21:07:50] Run vpl: Step impl: Started
[21:41:05] Finished 2nd of 6 tasks (FPGA linking synthesized kernels to platform). Elapsed time: 00h 51m 33s 

[21:41:05] Starting logic optimization..
[21:44:40] Phase 1 Retarget
[21:46:12] Phase 2 Constant propagation
[21:46:12] Phase 3 Sweep
[21:47:44] Phase 4 BUFG optimization
[21:48:15] Phase 5 Shift Register Optimization
[21:48:46] Phase 6 Post Processing Netlist
[21:51:19] Finished 3rd of 6 tasks (FPGA logic optimization). Elapsed time: 00h 10m 13s 

[21:51:19] Starting logic placement..
[21:52:51] Phase 1 Placer Initialization
[21:52:51] Phase 1.1 Placer Initialization Netlist Sorting
[21:56:57] Phase 1.2 IO Placement/ Clock Placement/ Build Placer Device
[22:00:32] Phase 1.3 Build Placer Netlist Model
[22:09:44] Phase 1.4 Constrain Clocks/Macros
[22:10:45] Phase 2 Global Placement
[22:10:45] Phase 2.1 Floorplanning
[22:13:19] Phase 2.1.1 Partition Driven Placement
[22:13:19] Phase 2.1.1.1 PBP: Partition Driven Placement
[22:21:00] Phase 2.1.1.2 PBP: Clock Region Placement
[22:23:04] Phase 2.1.1.3 PBP: Compute Congestion
[22:23:04] Phase 2.1.1.4 PBP: UpdateTiming
[22:24:06] Phase 2.1.1.5 PBP: Add part constraints
[22:24:06] Phase 2.2 Physical Synthesis After Floorplan
[22:25:39] Phase 2.3 Update Timing before SLR Path Opt
[22:26:10] Phase 2.4 Post-Processing in Floorplanning
[22:26:10] Phase 2.5 Global Placement Core
[22:53:01] Phase 2.5.1 UpdateTiming Before Physical Synthesis
[22:54:03] Phase 2.5.2 Physical Synthesis In Placer
[23:08:30] Phase 3 Detail Placement
[23:09:32] Phase 3.1 Commit Multi Column Macros
[23:10:03] Phase 3.2 Commit Most Macros & LUTRAMs
[23:15:13] Phase 3.3 Small Shape DP
[23:15:13] Phase 3.3.1 Small Shape Clustering
[23:15:44] Phase 3.3.2 Flow Legalize Slice Clusters
[23:15:44] Phase 3.3.3 Slice Area Swap
[23:16:15] Phase 3.3.3.1 Slice Area Swap Initial
[23:24:31] Phase 3.4 Place Remaining
[23:25:02] Phase 3.5 Re-assign LUT pins
[23:26:35] Phase 3.6 Pipeline Register Optimization
[23:26:35] Phase 3.7 Fast Optimization
[23:30:12] Phase 4 Post Placement Optimization and Clean-Up
[23:30:12] Phase 4.1 Post Commit Optimization
[23:36:55] Phase 4.1.1 Post Placement Optimization
[23:36:55] Phase 4.1.1.1 BUFG Insertion
[23:36:55] Phase 1 Physical Synthesis Initialization
[23:50:51] Phase 4.1.1.2 BUFG Replication
[23:50:51] Phase 4.1.1.3 Post Placement Timing Optimization
[00:00:09] Phase 4.1.1.4 Replication
[00:04:48] Phase 4.2 Post Placement Cleanup
[00:05:19] Phase 4.3 Placer Reporting
[00:05:19] Phase 4.3.1 Print Estimated Congestion
[00:05:50] Phase 4.4 Final Placement Cleanup
[00:37:50] Finished 4th of 6 tasks (FPGA logic placement). Elapsed time: 02h 46m 31s 

[00:37:50] Starting logic routing..
[00:40:56] Phase 1 Build RT Design
[00:50:14] Phase 2 Router Initialization
[00:50:14] Phase 2.1 Fix Topology Constraints
[00:51:47] Phase 2.2 Pre Route Cleanup
[00:53:20] Phase 2.3 Global Clock Net Routing
[00:55:55] Phase 2.4 Update Timing
[01:07:17] Phase 2.5 Update Timing for Bus Skew
[01:07:17] Phase 2.5.1 Update Timing
[01:13:28] Phase 3 Initial Routing
[01:13:28] Phase 3.1 Global Routing
[01:13:28] Phase 3.1.1 SLL Assignment
[01:21:13] Phase 4 Rip-up And Reroute
[01:21:13] Phase 4.1 Global Iteration 0
[02:28:52] Phase 4.2 Global Iteration 1
[02:45:24] Phase 4.3 Global Iteration 2
[02:56:45] Phase 4.4 Global Iteration 3
[03:08:37] Phase 4.5 Global Iteration 4
[03:18:25] Phase 5 Delay and Skew Optimization
[03:18:25] Phase 5.1 Delay CleanUp
[03:18:25] Phase 5.1.1 Update Timing
[03:22:33] Phase 5.1.2 Update Timing
[03:26:10] Phase 5.1.3 Update Timing
[03:30:49] Phase 5.2 Clock Skew Optimization
[03:33:24] Phase 6 Post Hold Fix
[03:33:24] Phase 6.1 Hold Fix Iter
[03:33:24] Phase 6.1.1 Update Timing
[03:39:04] Phase 7 Leaf Clock Prog Delay Opt
[03:48:22] Phase 7.1 Delay CleanUp
[03:48:22] Phase 7.1.1 Update Timing
[03:51:59] Phase 7.1.2 Update Timing
[03:55:35] Phase 7.1.3 Update Timing
[04:00:14] Phase 7.2 Hold Fix Iter
[04:00:14] Phase 7.2.1 Update Timing
[04:11:05] Phase 8 Route finalize
[04:12:38] Phase 9 Verifying routed nets
[04:13:39] Phase 10 Depositing Routes
[04:16:45] Phase 11 Resolve XTalk
[04:17:47] Phase 12 Post Router Timing
[04:23:59] Phase 13 Physical Synthesis in Router
[04:23:59] Phase 13.1 Physical Synthesis Initialization
[04:27:04] Phase 13.2 Critical Path Optimization
[04:33:16] Finished 5th of 6 tasks (FPGA routing). Elapsed time: 03h 55m 25s 

[04:33:16] Starting bitstream generation..
[04:59:15] Run vpl: FINISHED. Run Status: impl ERROR
ERROR: [VPL 60-777] Sorry, but it appears that a Xilinx program has terminated unexpectedly. Please contact Xilinx technical support for further assistance and give them the contents of the CrashLog directory in /home/x_thileeb/repos/ops-hls-batching-new/codegen_apps/tiling/poisson2d/u280_project/maxtile_8192_interleave_p8/hls/build/hw/temp_dir/link/logs/link
WARNING: [VPL 60-732] Link warning: No monitor points found for BD automation.
ERROR: [VPL 60-704] Integration error, Failed to complete hardware generation. The run name is 'impl_1'. An error stack with function names and arguments may be available in the 'vivado.log'.
ERROR: [VPL 60-1328] Vpl run 'vpl' failed
ERROR: [VPL 60-806] Failed to finish platform linker
INFO: [v++ 60-1442] [04:59:18] Run run_link: Step vpl: Failed
Time (s): cpu = 00:05:13 ; elapsed = 08:09:47 . Memory (MB): peak = 452.375 ; gain = 0.000 ; free physical = 197600 ; free virtual = 369134
ERROR: [v++ 60-661] v++ link run 'run_link' failed
ERROR: [v++ 60-626] Kernel link failed to complete
ERROR: [v++ 60-703] Failed to finish linking
INFO: [v++ 60-1653] Closing dispatch client.
