

================================================================
== Vitis HLS Report for 'datamover_outerloop_0_dataflow_read_write_dataflow_region'
================================================================
* Date:           Sun Jul 26 02:53:19 2026

* Version:        2022.1 (Build 3526262 on Mon Apr 18 15:47:01 MDT 2022)
* Project:        datamover_outerloop_0
* Solution:       solution (Vitis Kernel Flow Target)
* Product family: versal
* Target device:  xcvc1902-vsvd1760-2MP-e-S


================================================================
== Performance Estimates
================================================================
+ Timing: 
    * Summary: 
    +--------+---------+----------+------------+
    |  Clock |  Target | Estimated| Uncertainty|
    +--------+---------+----------+------------+
    |ap_clk  |  3.33 ns|  2.433 ns|     0.90 ns|
    +--------+---------+----------+------------+

+ Latency: 
    * Summary: 
    +---------+---------+----------+----------+-----+-----+----------+
    |  Latency (cycles) |  Latency (absolute) |  Interval | Pipeline |
    |   min   |   max   |    min   |    max   | min | max |   Type   |
    +---------+---------+----------+----------+-----+-----+----------+
    |        ?|        ?|         ?|         ?|    ?|    ?|  dataflow|
    +---------+---------+----------+----------+-----+-----+----------+

    + Detail: 
        * Instance: 
        +--------------------------------------+-----------------------------------+---------+---------+----------+----------+-----+-----+---------+
        |                                      |                                   |  Latency (cycles) |  Latency (absolute) |  Interval | Pipeline|
        |               Instance               |               Module              |   min   |   max   |    min   |    max   | min | max |   Type  |
        +--------------------------------------+-----------------------------------+---------+---------+----------+----------+-----+-----+---------+
        |entry_proc_U0                         |entry_proc                         |        0|        0|      0 ns|      0 ns|    0|    0|       no|
        |mem2stream_512u_64u_2u_U0             |mem2stream_512u_64u_2u_s           |        ?|        ?|         ?|         ?|    ?|    ?|       no|
        |mem2stream_512u_64u_2u_1_U0           |mem2stream_512u_64u_2u_1           |        ?|        ?|         ?|         ?|    ?|    ?|       no|
        |mem2stream_512u_64u_2u_2_U0           |mem2stream_512u_64u_2u_2           |        ?|        ?|         ?|         ?|    ?|    ?|       no|
        |mem2stream_512u_64u_2u_3_U0           |mem2stream_512u_64u_2u_3           |        ?|        ?|         ?|         ?|    ?|    ?|       no|
        |axis2stream_256u_U0                   |axis2stream_256u_s                 |        ?|        ?|         ?|         ?|    ?|    ?|       no|
        |axis2stream_256u_10_U0                |axis2stream_256u_10                |        ?|        ?|         ?|         ?|    ?|    ?|       no|
        |axis2stream_256u_11_U0                |axis2stream_256u_11                |        ?|        ?|         ?|         ?|    ?|    ?|       no|
        |axis2stream_256u_12_U0                |axis2stream_256u_12                |        ?|        ?|         ?|         ?|    ?|    ?|       no|
        |stream2streamStepdown_512u_256u_U0    |stream2streamStepdown_512u_256u_s  |        ?|        ?|         ?|         ?|    ?|    ?|       no|
        |stream2streamStepdown_512u_256u_4_U0  |stream2streamStepdown_512u_256u_4  |        ?|        ?|         ?|         ?|    ?|    ?|       no|
        |stream2streamStepdown_512u_256u_5_U0  |stream2streamStepdown_512u_256u_5  |        ?|        ?|         ?|         ?|    ?|    ?|       no|
        |stream2streamStepdown_512u_256u_6_U0  |stream2streamStepdown_512u_256u_6  |        ?|        ?|         ?|         ?|    ?|    ?|       no|
        |stream2streamStepup_256u_512u_U0      |stream2streamStepup_256u_512u_s    |        ?|        ?|         ?|         ?|    ?|    ?|       no|
        |stream2streamStepup_256u_512u_13_U0   |stream2streamStepup_256u_512u_13   |        ?|        ?|         ?|         ?|    ?|    ?|       no|
        |stream2streamStepup_256u_512u_14_U0   |stream2streamStepup_256u_512u_14   |        ?|        ?|         ?|         ?|    ?|    ?|       no|
        |stream2streamStepup_256u_512u_15_U0   |stream2streamStepup_256u_512u_15   |        ?|        ?|         ?|         ?|    ?|    ?|       no|
        |stream2axis_256u_U0                   |stream2axis_256u_s                 |        ?|        ?|         ?|         ?|    ?|    ?|       no|
        |stream2axis_256u_7_U0                 |stream2axis_256u_7                 |        ?|        ?|         ?|         ?|    ?|    ?|       no|
        |stream2axis_256u_8_U0                 |stream2axis_256u_8                 |        ?|        ?|         ?|         ?|    ?|    ?|       no|
        |stream2axis_256u_9_U0                 |stream2axis_256u_9                 |        ?|        ?|         ?|         ?|    ?|    ?|       no|
        |stream2mem_512u_64u_2u_U0             |stream2mem_512u_64u_2u_s           |        ?|        ?|         ?|         ?|    ?|    ?|       no|
        |stream2mem_512u_64u_2u_16_U0          |stream2mem_512u_64u_2u_16          |        ?|        ?|         ?|         ?|    ?|    ?|       no|
        |stream2mem_512u_64u_2u_17_U0          |stream2mem_512u_64u_2u_17          |        ?|        ?|         ?|         ?|    ?|    ?|       no|
        |stream2mem_512u_64u_2u_18_U0          |stream2mem_512u_64u_2u_18          |        ?|        ?|         ?|         ?|    ?|    ?|       no|
        +--------------------------------------+-----------------------------------+---------+---------+----------+----------+-----+-----+---------+

        * Loop: 
        N/A



================================================================
== Utilization Estimates
================================================================
* Summary: 
+-----------------+---------+------+---------+--------+-----+
|       Name      | BRAM_18K|  DSP |    FF   |   LUT  | URAM|
+-----------------+---------+------+---------+--------+-----+
|DSP              |        -|     -|        -|       -|    -|
|Expression       |        -|     -|        0|      46|    -|
|FIFO             |        -|     -|     8860|    2768|    -|
|Instance         |        -|     -|    43271|   77826|    -|
|Memory           |        -|     -|        -|       -|    -|
|Multiplexer      |        -|     -|        -|      18|    -|
|Register         |        -|     -|        9|       -|    -|
+-----------------+---------+------+---------+--------+-----+
|Total            |        0|     0|    52140|   80658|    0|
+-----------------+---------+------+---------+--------+-----+
|Available        |     1934|  1968|  1799680|  899840|  463|
+-----------------+---------+------+---------+--------+-----+
|Utilization (%)  |        0|     0|        2|       8|    0|
+-----------------+---------+------+---------+--------+-----+

+ Detail: 
    * Instance: 
    +--------------------------------------+-----------------------------------+---------+----+------+-------+-----+
    |               Instance               |               Module              | BRAM_18K| DSP|  FF  |  LUT  | URAM|
    +--------------------------------------+-----------------------------------+---------+----+------+-------+-----+
    |axis2stream_256u_10_U0                |axis2stream_256u_10                |        0|   0|   291|    128|    0|
    |axis2stream_256u_11_U0                |axis2stream_256u_11                |        0|   0|   291|    128|    0|
    |axis2stream_256u_12_U0                |axis2stream_256u_12                |        0|   0|   291|    128|    0|
    |axis2stream_256u_U0                   |axis2stream_256u_s                 |        0|   0|   291|    128|    0|
    |entry_proc_U0                         |entry_proc                         |        0|   0|     3|     30|    0|
    |mem2stream_512u_64u_2u_1_U0           |mem2stream_512u_64u_2u_1           |        0|   0|  1416|    919|    0|
    |mem2stream_512u_64u_2u_2_U0           |mem2stream_512u_64u_2u_2           |        0|   0|  1416|    919|    0|
    |mem2stream_512u_64u_2u_3_U0           |mem2stream_512u_64u_2u_3           |        0|   0|  1416|    919|    0|
    |mem2stream_512u_64u_2u_U0             |mem2stream_512u_64u_2u_s           |        0|   0|  1416|    919|    0|
    |stream2axis_256u_7_U0                 |stream2axis_256u_7                 |        0|   0|    72|    138|    0|
    |stream2axis_256u_8_U0                 |stream2axis_256u_8                 |        0|   0|    72|    138|    0|
    |stream2axis_256u_9_U0                 |stream2axis_256u_9                 |        0|   0|    72|    138|    0|
    |stream2axis_256u_U0                   |stream2axis_256u_s                 |        0|   0|    72|    138|    0|
    |stream2mem_512u_64u_2u_16_U0          |stream2mem_512u_64u_2u_16          |        0|   0|  1494|   1094|    0|
    |stream2mem_512u_64u_2u_17_U0          |stream2mem_512u_64u_2u_17          |        0|   0|  1494|   1094|    0|
    |stream2mem_512u_64u_2u_18_U0          |stream2mem_512u_64u_2u_18          |        0|   0|  1494|   1094|    0|
    |stream2mem_512u_64u_2u_U0             |stream2mem_512u_64u_2u_s           |        0|   0|  1494|   1094|    0|
    |stream2streamStepdown_512u_256u_4_U0  |stream2streamStepdown_512u_256u_4  |        0|   0|  3258|   6658|    0|
    |stream2streamStepdown_512u_256u_5_U0  |stream2streamStepdown_512u_256u_5  |        0|   0|  3258|   6658|    0|
    |stream2streamStepdown_512u_256u_6_U0  |stream2streamStepdown_512u_256u_6  |        0|   0|  3258|   6658|    0|
    |stream2streamStepdown_512u_256u_U0    |stream2streamStepdown_512u_256u_s  |        0|   0|  3258|   6658|    0|
    |stream2streamStepup_256u_512u_13_U0   |stream2streamStepup_256u_512u_13   |        0|   0|  4286|  10512|    0|
    |stream2streamStepup_256u_512u_14_U0   |stream2streamStepup_256u_512u_14   |        0|   0|  4286|  10512|    0|
    |stream2streamStepup_256u_512u_15_U0   |stream2streamStepup_256u_512u_15   |        0|   0|  4286|  10512|    0|
    |stream2streamStepup_256u_512u_U0      |stream2streamStepup_256u_512u_s    |        0|   0|  4286|  10512|    0|
    +--------------------------------------+-----------------------------------+---------+----+------+-------+-----+
    |Total                                 |                                   |        0|   0| 43271|  77826|    0|
    +--------------------------------------+-----------------------------------+---------+----+------+-------+-----+

    * DSP: 
    N/A

    * Memory: 
    N/A

    * FIFO: 
    +-------------------------------+---------+-----+----+-----+------+-----+---------+
    |              Name             | BRAM_18K|  FF | LUT| URAM| Depth| Bits| Size:D*B|
    +-------------------------------+---------+-----+----+-----+------+-----+---------+
    |arg0_read_mem_strm_U           |        0|  516|   0|    -|     2|  512|     1024|
    |arg0_read_reduced_mem_strm_U   |        0|  516|   0|    -|     2|  256|      512|
    |arg1_c_U                       |        0|    5|   0|    -|     4|   64|      256|
    |arg1_read_mem_strm_U           |        0|  516|   0|    -|     2|  512|     1024|
    |arg1_read_reduced_mem_strm_U   |        0|  516|   0|    -|     2|  256|      512|
    |arg1_write_mem_strm_U          |        0|  516|   0|    -|     2|  512|     1024|
    |arg1_write_reduced_mem_strm_U  |        0|  516|   0|    -|     2|  256|      512|
    |arg2_c_U                       |        0|    5|   0|    -|     4|   64|      256|
    |arg2_read_mem_strm_U           |        0|  516|   0|    -|     2|  512|     1024|
    |arg2_read_reduced_mem_strm_U   |        0|  516|   0|    -|     2|  256|      512|
    |arg2_write_mem_strm_U          |        0|  516|   0|    -|     2|  512|     1024|
    |arg2_write_reduced_mem_strm_U  |        0|  516|   0|    -|     2|  256|      512|
    |arg3_c_U                       |        0|    5|   0|    -|     4|   64|      256|
    |arg3_read_mem_strm_U           |        0|  516|   0|    -|     2|  512|     1024|
    |arg3_read_reduced_mem_strm_U   |        0|  516|   0|    -|     2|  256|      512|
    |arg3_write_mem_strm_U          |        0|  516|   0|    -|     2|  512|     1024|
    |arg3_write_reduced_mem_strm_U  |        0|  516|   0|    -|     2|  256|      512|
    |arg4_c_U                       |        0|    5|   0|    -|     4|   64|      256|
    |arg4_write_mem_strm_U          |        0|  516|   0|    -|     2|  512|     1024|
    |arg4_write_reduced_mem_strm_U  |        0|  516|   0|    -|     2|  256|      512|
    |num_pkts_c51_U                 |        0|    5|   0|    -|     4|   32|      128|
    |num_pkts_c52_U                 |        0|    5|   0|    -|     4|   32|      128|
    |num_pkts_c53_U                 |        0|    5|   0|    -|     4|   32|      128|
    |num_pkts_c_U                   |        0|    5|   0|    -|     4|   32|      128|
    |p_read_c54_U                   |        0|   68|   0|    -|     2|   32|       64|
    |p_read_c55_U                   |        0|   68|   0|    -|     2|   32|       64|
    |p_read_c56_U                   |        0|   68|   0|    -|     2|   32|       64|
    |p_read_c57_U                   |        0|    5|   0|    -|     3|   32|       96|
    |p_read_c58_U                   |        0|    5|   0|    -|     3|   32|       96|
    |p_read_c59_U                   |        0|    5|   0|    -|     3|   32|       96|
    |p_read_c60_U                   |        0|    5|   0|    -|     3|   32|       96|
    |p_read_c61_U                   |        0|   68|   0|    -|     2|   32|       64|
    |p_read_c62_U                   |        0|   68|   0|    -|     2|   32|       64|
    |p_read_c63_U                   |        0|   68|   0|    -|     2|   32|       64|
    |p_read_c64_U                   |        0|   68|   0|    -|     2|   32|       64|
    |p_read_c_U                     |        0|   68|   0|    -|     2|   32|       64|
    +-------------------------------+---------+-----+----+-----+------+-----+---------+
    |Total                          |        0| 8860|   0|    0|    92| 6912|    14720|
    +-------------------------------+---------+-----+----+-----+------+-----+---------+

    * Expression: 
    +----------------------------------------------+----------+----+---+----+------------+------------+
    |                 Variable Name                | Operation| DSP| FF| LUT| Bitwidth P0| Bitwidth P1|
    +----------------------------------------------+----------+----+---+----+------------+------------+
    |ap_idle                                       |       and|   0|  0|   2|           1|           1|
    |ap_sync_continue                              |       and|   0|  0|   2|           1|           1|
    |ap_sync_done                                  |       and|   0|  0|   2|           1|           1|
    |ap_sync_ready                                 |       and|   0|  0|   2|           1|           1|
    |axis2stream_256u_10_U0_ap_start               |       and|   0|  0|   2|           1|           1|
    |axis2stream_256u_11_U0_ap_start               |       and|   0|  0|   2|           1|           1|
    |axis2stream_256u_12_U0_ap_start               |       and|   0|  0|   2|           1|           1|
    |axis2stream_256u_U0_ap_start                  |       and|   0|  0|   2|           1|           1|
    |entry_proc_U0_ap_start                        |       and|   0|  0|   2|           1|           1|
    |entry_proc_U0_start_full_n                    |       and|   0|  0|   2|           1|           1|
    |mem2stream_512u_64u_2u_1_U0_ap_start          |       and|   0|  0|   2|           1|           1|
    |mem2stream_512u_64u_2u_2_U0_ap_start          |       and|   0|  0|   2|           1|           1|
    |mem2stream_512u_64u_2u_3_U0_ap_start          |       and|   0|  0|   2|           1|           1|
    |mem2stream_512u_64u_2u_U0_ap_start            |       and|   0|  0|   2|           1|           1|
    |ap_sync_axis2stream_256u_10_U0_ap_ready       |        or|   0|  0|   2|           1|           1|
    |ap_sync_axis2stream_256u_11_U0_ap_ready       |        or|   0|  0|   2|           1|           1|
    |ap_sync_axis2stream_256u_12_U0_ap_ready       |        or|   0|  0|   2|           1|           1|
    |ap_sync_axis2stream_256u_U0_ap_ready          |        or|   0|  0|   2|           1|           1|
    |ap_sync_entry_proc_U0_ap_ready                |        or|   0|  0|   2|           1|           1|
    |ap_sync_mem2stream_512u_64u_2u_1_U0_ap_ready  |        or|   0|  0|   2|           1|           1|
    |ap_sync_mem2stream_512u_64u_2u_2_U0_ap_ready  |        or|   0|  0|   2|           1|           1|
    |ap_sync_mem2stream_512u_64u_2u_3_U0_ap_ready  |        or|   0|  0|   2|           1|           1|
    |ap_sync_mem2stream_512u_64u_2u_U0_ap_ready    |        or|   0|  0|   2|           1|           1|
    +----------------------------------------------+----------+----+---+----+------------+------------+
    |Total                                         |          |   0|  0|  46|          23|          23|
    +----------------------------------------------+----------+----+---+----+------------+------------+

    * Multiplexer: 
    +--------------------------------------------------+----+-----------+-----+-----------+
    |                       Name                       | LUT| Input Size| Bits| Total Bits|
    +--------------------------------------------------+----+-----------+-----+-----------+
    |ap_sync_reg_axis2stream_256u_10_U0_ap_ready       |   2|          2|    1|          2|
    |ap_sync_reg_axis2stream_256u_11_U0_ap_ready       |   2|          2|    1|          2|
    |ap_sync_reg_axis2stream_256u_12_U0_ap_ready       |   2|          2|    1|          2|
    |ap_sync_reg_axis2stream_256u_U0_ap_ready          |   2|          2|    1|          2|
    |ap_sync_reg_entry_proc_U0_ap_ready                |   2|          2|    1|          2|
    |ap_sync_reg_mem2stream_512u_64u_2u_1_U0_ap_ready  |   2|          2|    1|          2|
    |ap_sync_reg_mem2stream_512u_64u_2u_2_U0_ap_ready  |   2|          2|    1|          2|
    |ap_sync_reg_mem2stream_512u_64u_2u_3_U0_ap_ready  |   2|          2|    1|          2|
    |ap_sync_reg_mem2stream_512u_64u_2u_U0_ap_ready    |   2|          2|    1|          2|
    +--------------------------------------------------+----+-----------+-----+-----------+
    |Total                                             |  18|         18|    9|         18|
    +--------------------------------------------------+----+-----------+-----+-----------+

    * Register: 
    +--------------------------------------------------+---+----+-----+-----------+
    |                       Name                       | FF| LUT| Bits| Const Bits|
    +--------------------------------------------------+---+----+-----+-----------+
    |ap_sync_reg_axis2stream_256u_10_U0_ap_ready       |  1|   0|    1|          0|
    |ap_sync_reg_axis2stream_256u_11_U0_ap_ready       |  1|   0|    1|          0|
    |ap_sync_reg_axis2stream_256u_12_U0_ap_ready       |  1|   0|    1|          0|
    |ap_sync_reg_axis2stream_256u_U0_ap_ready          |  1|   0|    1|          0|
    |ap_sync_reg_entry_proc_U0_ap_ready                |  1|   0|    1|          0|
    |ap_sync_reg_mem2stream_512u_64u_2u_1_U0_ap_ready  |  1|   0|    1|          0|
    |ap_sync_reg_mem2stream_512u_64u_2u_2_U0_ap_ready  |  1|   0|    1|          0|
    |ap_sync_reg_mem2stream_512u_64u_2u_3_U0_ap_ready  |  1|   0|    1|          0|
    |ap_sync_reg_mem2stream_512u_64u_2u_U0_ap_ready    |  1|   0|    1|          0|
    +--------------------------------------------------+---+----+-----+-----------+
    |Total                                             |  9|   0|    9|          0|
    +--------------------------------------------------+---+----+-----+-----------+



================================================================
== Interface
================================================================
* Summary: 
+----------------------+-----+-----+------------+-----------------------------------------------------------+--------------+
|       RTL Ports      | Dir | Bits|  Protocol  |                       Source Object                       |    C Type    |
+----------------------+-----+-----+------------+-----------------------------------------------------------+--------------+
|num_pkts              |   in|   32|     ap_none|                                                   num_pkts|        scalar|
|num_pkts_ap_vld       |   in|    1|     ap_none|                                                   num_pkts|        scalar|
|p_read                |   in|   32|     ap_none|                                                     p_read|        scalar|
|p_read_ap_vld         |   in|    1|     ap_none|                                                     p_read|        scalar|
|m_axi_gmem0_AWVALID   |  out|    1|       m_axi|                                                      gmem0|       pointer|
|m_axi_gmem0_AWREADY   |   in|    1|       m_axi|                                                      gmem0|       pointer|
|m_axi_gmem0_AWADDR    |  out|   64|       m_axi|                                                      gmem0|       pointer|
|m_axi_gmem0_AWID      |  out|    1|       m_axi|                                                      gmem0|       pointer|
|m_axi_gmem0_AWLEN     |  out|   32|       m_axi|                                                      gmem0|       pointer|
|m_axi_gmem0_AWSIZE    |  out|    3|       m_axi|                                                      gmem0|       pointer|
|m_axi_gmem0_AWBURST   |  out|    2|       m_axi|                                                      gmem0|       pointer|
|m_axi_gmem0_AWLOCK    |  out|    2|       m_axi|                                                      gmem0|       pointer|
|m_axi_gmem0_AWCACHE   |  out|    4|       m_axi|                                                      gmem0|       pointer|
|m_axi_gmem0_AWPROT    |  out|    3|       m_axi|                                                      gmem0|       pointer|
|m_axi_gmem0_AWQOS     |  out|    4|       m_axi|                                                      gmem0|       pointer|
|m_axi_gmem0_AWREGION  |  out|    4|       m_axi|                                                      gmem0|       pointer|
|m_axi_gmem0_AWUSER    |  out|    1|       m_axi|                                                      gmem0|       pointer|
|m_axi_gmem0_WVALID    |  out|    1|       m_axi|                                                      gmem0|       pointer|
|m_axi_gmem0_WREADY    |   in|    1|       m_axi|                                                      gmem0|       pointer|
|m_axi_gmem0_WDATA     |  out|  512|       m_axi|                                                      gmem0|       pointer|
|m_axi_gmem0_WSTRB     |  out|   64|       m_axi|                                                      gmem0|       pointer|
|m_axi_gmem0_WLAST     |  out|    1|       m_axi|                                                      gmem0|       pointer|
|m_axi_gmem0_WID       |  out|    1|       m_axi|                                                      gmem0|       pointer|
|m_axi_gmem0_WUSER     |  out|    1|       m_axi|                                                      gmem0|       pointer|
|m_axi_gmem0_ARVALID   |  out|    1|       m_axi|                                                      gmem0|       pointer|
|m_axi_gmem0_ARREADY   |   in|    1|       m_axi|                                                      gmem0|       pointer|
|m_axi_gmem0_ARADDR    |  out|   64|       m_axi|                                                      gmem0|       pointer|
|m_axi_gmem0_ARID      |  out|    1|       m_axi|                                                      gmem0|       pointer|
|m_axi_gmem0_ARLEN     |  out|   32|       m_axi|                                                      gmem0|       pointer|
|m_axi_gmem0_ARSIZE    |  out|    3|       m_axi|                                                      gmem0|       pointer|
|m_axi_gmem0_ARBURST   |  out|    2|       m_axi|                                                      gmem0|       pointer|
|m_axi_gmem0_ARLOCK    |  out|    2|       m_axi|                                                      gmem0|       pointer|
|m_axi_gmem0_ARCACHE   |  out|    4|       m_axi|                                                      gmem0|       pointer|
|m_axi_gmem0_ARPROT    |  out|    3|       m_axi|                                                      gmem0|       pointer|
|m_axi_gmem0_ARQOS     |  out|    4|       m_axi|                                                      gmem0|       pointer|
|m_axi_gmem0_ARREGION  |  out|    4|       m_axi|                                                      gmem0|       pointer|
|m_axi_gmem0_ARUSER    |  out|    1|       m_axi|                                                      gmem0|       pointer|
|m_axi_gmem0_RVALID    |   in|    1|       m_axi|                                                      gmem0|       pointer|
|m_axi_gmem0_RREADY    |  out|    1|       m_axi|                                                      gmem0|       pointer|
|m_axi_gmem0_RDATA     |   in|  512|       m_axi|                                                      gmem0|       pointer|
|m_axi_gmem0_RLAST     |   in|    1|       m_axi|                                                      gmem0|       pointer|
|m_axi_gmem0_RID       |   in|    1|       m_axi|                                                      gmem0|       pointer|
|m_axi_gmem0_RFIFONUM  |   in|    8|       m_axi|                                                      gmem0|       pointer|
|m_axi_gmem0_RUSER     |   in|    1|       m_axi|                                                      gmem0|       pointer|
|m_axi_gmem0_RRESP     |   in|    2|       m_axi|                                                      gmem0|       pointer|
|m_axi_gmem0_BVALID    |   in|    1|       m_axi|                                                      gmem0|       pointer|
|m_axi_gmem0_BREADY    |  out|    1|       m_axi|                                                      gmem0|       pointer|
|m_axi_gmem0_BRESP     |   in|    2|       m_axi|                                                      gmem0|       pointer|
|m_axi_gmem0_BID       |   in|    1|       m_axi|                                                      gmem0|       pointer|
|m_axi_gmem0_BUSER     |   in|    1|       m_axi|                                                      gmem0|       pointer|
|arg0                  |   in|   64|     ap_none|                                                       arg0|        scalar|
|arg0_ap_vld           |   in|    1|     ap_none|                                                       arg0|        scalar|
|m_axi_gmem1_AWVALID   |  out|    1|       m_axi|                                                      gmem1|       pointer|
|m_axi_gmem1_AWREADY   |   in|    1|       m_axi|                                                      gmem1|       pointer|
|m_axi_gmem1_AWADDR    |  out|   64|       m_axi|                                                      gmem1|       pointer|
|m_axi_gmem1_AWID      |  out|    1|       m_axi|                                                      gmem1|       pointer|
|m_axi_gmem1_AWLEN     |  out|   32|       m_axi|                                                      gmem1|       pointer|
|m_axi_gmem1_AWSIZE    |  out|    3|       m_axi|                                                      gmem1|       pointer|
|m_axi_gmem1_AWBURST   |  out|    2|       m_axi|                                                      gmem1|       pointer|
|m_axi_gmem1_AWLOCK    |  out|    2|       m_axi|                                                      gmem1|       pointer|
|m_axi_gmem1_AWCACHE   |  out|    4|       m_axi|                                                      gmem1|       pointer|
|m_axi_gmem1_AWPROT    |  out|    3|       m_axi|                                                      gmem1|       pointer|
|m_axi_gmem1_AWQOS     |  out|    4|       m_axi|                                                      gmem1|       pointer|
|m_axi_gmem1_AWREGION  |  out|    4|       m_axi|                                                      gmem1|       pointer|
|m_axi_gmem1_AWUSER    |  out|    1|       m_axi|                                                      gmem1|       pointer|
|m_axi_gmem1_WVALID    |  out|    1|       m_axi|                                                      gmem1|       pointer|
|m_axi_gmem1_WREADY    |   in|    1|       m_axi|                                                      gmem1|       pointer|
|m_axi_gmem1_WDATA     |  out|  512|       m_axi|                                                      gmem1|       pointer|
|m_axi_gmem1_WSTRB     |  out|   64|       m_axi|                                                      gmem1|       pointer|
|m_axi_gmem1_WLAST     |  out|    1|       m_axi|                                                      gmem1|       pointer|
|m_axi_gmem1_WID       |  out|    1|       m_axi|                                                      gmem1|       pointer|
|m_axi_gmem1_WUSER     |  out|    1|       m_axi|                                                      gmem1|       pointer|
|m_axi_gmem1_ARVALID   |  out|    1|       m_axi|                                                      gmem1|       pointer|
|m_axi_gmem1_ARREADY   |   in|    1|       m_axi|                                                      gmem1|       pointer|
|m_axi_gmem1_ARADDR    |  out|   64|       m_axi|                                                      gmem1|       pointer|
|m_axi_gmem1_ARID      |  out|    1|       m_axi|                                                      gmem1|       pointer|
|m_axi_gmem1_ARLEN     |  out|   32|       m_axi|                                                      gmem1|       pointer|
|m_axi_gmem1_ARSIZE    |  out|    3|       m_axi|                                                      gmem1|       pointer|
|m_axi_gmem1_ARBURST   |  out|    2|       m_axi|                                                      gmem1|       pointer|
|m_axi_gmem1_ARLOCK    |  out|    2|       m_axi|                                                      gmem1|       pointer|
|m_axi_gmem1_ARCACHE   |  out|    4|       m_axi|                                                      gmem1|       pointer|
|m_axi_gmem1_ARPROT    |  out|    3|       m_axi|                                                      gmem1|       pointer|
|m_axi_gmem1_ARQOS     |  out|    4|       m_axi|                                                      gmem1|       pointer|
|m_axi_gmem1_ARREGION  |  out|    4|       m_axi|                                                      gmem1|       pointer|
|m_axi_gmem1_ARUSER    |  out|    1|       m_axi|                                                      gmem1|       pointer|
|m_axi_gmem1_RVALID    |   in|    1|       m_axi|                                                      gmem1|       pointer|
|m_axi_gmem1_RREADY    |  out|    1|       m_axi|                                                      gmem1|       pointer|
|m_axi_gmem1_RDATA     |   in|  512|       m_axi|                                                      gmem1|       pointer|
|m_axi_gmem1_RLAST     |   in|    1|       m_axi|                                                      gmem1|       pointer|
|m_axi_gmem1_RID       |   in|    1|       m_axi|                                                      gmem1|       pointer|
|m_axi_gmem1_RFIFONUM  |   in|    8|       m_axi|                                                      gmem1|       pointer|
|m_axi_gmem1_RUSER     |   in|    1|       m_axi|                                                      gmem1|       pointer|
|m_axi_gmem1_RRESP     |   in|    2|       m_axi|                                                      gmem1|       pointer|
|m_axi_gmem1_BVALID    |   in|    1|       m_axi|                                                      gmem1|       pointer|
|m_axi_gmem1_BREADY    |  out|    1|       m_axi|                                                      gmem1|       pointer|
|m_axi_gmem1_BRESP     |   in|    2|       m_axi|                                                      gmem1|       pointer|
|m_axi_gmem1_BID       |   in|    1|       m_axi|                                                      gmem1|       pointer|
|m_axi_gmem1_BUSER     |   in|    1|       m_axi|                                                      gmem1|       pointer|
|arg1                  |   in|   64|     ap_none|                                                       arg1|        scalar|
|arg1_ap_vld           |   in|    1|     ap_none|                                                       arg1|        scalar|
|m_axi_gmem2_AWVALID   |  out|    1|       m_axi|                                                      gmem2|       pointer|
|m_axi_gmem2_AWREADY   |   in|    1|       m_axi|                                                      gmem2|       pointer|
|m_axi_gmem2_AWADDR    |  out|   64|       m_axi|                                                      gmem2|       pointer|
|m_axi_gmem2_AWID      |  out|    1|       m_axi|                                                      gmem2|       pointer|
|m_axi_gmem2_AWLEN     |  out|   32|       m_axi|                                                      gmem2|       pointer|
|m_axi_gmem2_AWSIZE    |  out|    3|       m_axi|                                                      gmem2|       pointer|
|m_axi_gmem2_AWBURST   |  out|    2|       m_axi|                                                      gmem2|       pointer|
|m_axi_gmem2_AWLOCK    |  out|    2|       m_axi|                                                      gmem2|       pointer|
|m_axi_gmem2_AWCACHE   |  out|    4|       m_axi|                                                      gmem2|       pointer|
|m_axi_gmem2_AWPROT    |  out|    3|       m_axi|                                                      gmem2|       pointer|
|m_axi_gmem2_AWQOS     |  out|    4|       m_axi|                                                      gmem2|       pointer|
|m_axi_gmem2_AWREGION  |  out|    4|       m_axi|                                                      gmem2|       pointer|
|m_axi_gmem2_AWUSER    |  out|    1|       m_axi|                                                      gmem2|       pointer|
|m_axi_gmem2_WVALID    |  out|    1|       m_axi|                                                      gmem2|       pointer|
|m_axi_gmem2_WREADY    |   in|    1|       m_axi|                                                      gmem2|       pointer|
|m_axi_gmem2_WDATA     |  out|  512|       m_axi|                                                      gmem2|       pointer|
|m_axi_gmem2_WSTRB     |  out|   64|       m_axi|                                                      gmem2|       pointer|
|m_axi_gmem2_WLAST     |  out|    1|       m_axi|                                                      gmem2|       pointer|
|m_axi_gmem2_WID       |  out|    1|       m_axi|                                                      gmem2|       pointer|
|m_axi_gmem2_WUSER     |  out|    1|       m_axi|                                                      gmem2|       pointer|
|m_axi_gmem2_ARVALID   |  out|    1|       m_axi|                                                      gmem2|       pointer|
|m_axi_gmem2_ARREADY   |   in|    1|       m_axi|                                                      gmem2|       pointer|
|m_axi_gmem2_ARADDR    |  out|   64|       m_axi|                                                      gmem2|       pointer|
|m_axi_gmem2_ARID      |  out|    1|       m_axi|                                                      gmem2|       pointer|
|m_axi_gmem2_ARLEN     |  out|   32|       m_axi|                                                      gmem2|       pointer|
|m_axi_gmem2_ARSIZE    |  out|    3|       m_axi|                                                      gmem2|       pointer|
|m_axi_gmem2_ARBURST   |  out|    2|       m_axi|                                                      gmem2|       pointer|
|m_axi_gmem2_ARLOCK    |  out|    2|       m_axi|                                                      gmem2|       pointer|
|m_axi_gmem2_ARCACHE   |  out|    4|       m_axi|                                                      gmem2|       pointer|
|m_axi_gmem2_ARPROT    |  out|    3|       m_axi|                                                      gmem2|       pointer|
|m_axi_gmem2_ARQOS     |  out|    4|       m_axi|                                                      gmem2|       pointer|
|m_axi_gmem2_ARREGION  |  out|    4|       m_axi|                                                      gmem2|       pointer|
|m_axi_gmem2_ARUSER    |  out|    1|       m_axi|                                                      gmem2|       pointer|
|m_axi_gmem2_RVALID    |   in|    1|       m_axi|                                                      gmem2|       pointer|
|m_axi_gmem2_RREADY    |  out|    1|       m_axi|                                                      gmem2|       pointer|
|m_axi_gmem2_RDATA     |   in|  512|       m_axi|                                                      gmem2|       pointer|
|m_axi_gmem2_RLAST     |   in|    1|       m_axi|                                                      gmem2|       pointer|
|m_axi_gmem2_RID       |   in|    1|       m_axi|                                                      gmem2|       pointer|
|m_axi_gmem2_RFIFONUM  |   in|    8|       m_axi|                                                      gmem2|       pointer|
|m_axi_gmem2_RUSER     |   in|    1|       m_axi|                                                      gmem2|       pointer|
|m_axi_gmem2_RRESP     |   in|    2|       m_axi|                                                      gmem2|       pointer|
|m_axi_gmem2_BVALID    |   in|    1|       m_axi|                                                      gmem2|       pointer|
|m_axi_gmem2_BREADY    |  out|    1|       m_axi|                                                      gmem2|       pointer|
|m_axi_gmem2_BRESP     |   in|    2|       m_axi|                                                      gmem2|       pointer|
|m_axi_gmem2_BID       |   in|    1|       m_axi|                                                      gmem2|       pointer|
|m_axi_gmem2_BUSER     |   in|    1|       m_axi|                                                      gmem2|       pointer|
|arg2                  |   in|   64|     ap_none|                                                       arg2|        scalar|
|arg2_ap_vld           |   in|    1|     ap_none|                                                       arg2|        scalar|
|m_axi_gmem3_AWVALID   |  out|    1|       m_axi|                                                      gmem3|       pointer|
|m_axi_gmem3_AWREADY   |   in|    1|       m_axi|                                                      gmem3|       pointer|
|m_axi_gmem3_AWADDR    |  out|   64|       m_axi|                                                      gmem3|       pointer|
|m_axi_gmem3_AWID      |  out|    1|       m_axi|                                                      gmem3|       pointer|
|m_axi_gmem3_AWLEN     |  out|   32|       m_axi|                                                      gmem3|       pointer|
|m_axi_gmem3_AWSIZE    |  out|    3|       m_axi|                                                      gmem3|       pointer|
|m_axi_gmem3_AWBURST   |  out|    2|       m_axi|                                                      gmem3|       pointer|
|m_axi_gmem3_AWLOCK    |  out|    2|       m_axi|                                                      gmem3|       pointer|
|m_axi_gmem3_AWCACHE   |  out|    4|       m_axi|                                                      gmem3|       pointer|
|m_axi_gmem3_AWPROT    |  out|    3|       m_axi|                                                      gmem3|       pointer|
|m_axi_gmem3_AWQOS     |  out|    4|       m_axi|                                                      gmem3|       pointer|
|m_axi_gmem3_AWREGION  |  out|    4|       m_axi|                                                      gmem3|       pointer|
|m_axi_gmem3_AWUSER    |  out|    1|       m_axi|                                                      gmem3|       pointer|
|m_axi_gmem3_WVALID    |  out|    1|       m_axi|                                                      gmem3|       pointer|
|m_axi_gmem3_WREADY    |   in|    1|       m_axi|                                                      gmem3|       pointer|
|m_axi_gmem3_WDATA     |  out|  512|       m_axi|                                                      gmem3|       pointer|
|m_axi_gmem3_WSTRB     |  out|   64|       m_axi|                                                      gmem3|       pointer|
|m_axi_gmem3_WLAST     |  out|    1|       m_axi|                                                      gmem3|       pointer|
|m_axi_gmem3_WID       |  out|    1|       m_axi|                                                      gmem3|       pointer|
|m_axi_gmem3_WUSER     |  out|    1|       m_axi|                                                      gmem3|       pointer|
|m_axi_gmem3_ARVALID   |  out|    1|       m_axi|                                                      gmem3|       pointer|
|m_axi_gmem3_ARREADY   |   in|    1|       m_axi|                                                      gmem3|       pointer|
|m_axi_gmem3_ARADDR    |  out|   64|       m_axi|                                                      gmem3|       pointer|
|m_axi_gmem3_ARID      |  out|    1|       m_axi|                                                      gmem3|       pointer|
|m_axi_gmem3_ARLEN     |  out|   32|       m_axi|                                                      gmem3|       pointer|
|m_axi_gmem3_ARSIZE    |  out|    3|       m_axi|                                                      gmem3|       pointer|
|m_axi_gmem3_ARBURST   |  out|    2|       m_axi|                                                      gmem3|       pointer|
|m_axi_gmem3_ARLOCK    |  out|    2|       m_axi|                                                      gmem3|       pointer|
|m_axi_gmem3_ARCACHE   |  out|    4|       m_axi|                                                      gmem3|       pointer|
|m_axi_gmem3_ARPROT    |  out|    3|       m_axi|                                                      gmem3|       pointer|
|m_axi_gmem3_ARQOS     |  out|    4|       m_axi|                                                      gmem3|       pointer|
|m_axi_gmem3_ARREGION  |  out|    4|       m_axi|                                                      gmem3|       pointer|
|m_axi_gmem3_ARUSER    |  out|    1|       m_axi|                                                      gmem3|       pointer|
|m_axi_gmem3_RVALID    |   in|    1|       m_axi|                                                      gmem3|       pointer|
|m_axi_gmem3_RREADY    |  out|    1|       m_axi|                                                      gmem3|       pointer|
|m_axi_gmem3_RDATA     |   in|  512|       m_axi|                                                      gmem3|       pointer|
|m_axi_gmem3_RLAST     |   in|    1|       m_axi|                                                      gmem3|       pointer|
|m_axi_gmem3_RID       |   in|    1|       m_axi|                                                      gmem3|       pointer|
|m_axi_gmem3_RFIFONUM  |   in|    8|       m_axi|                                                      gmem3|       pointer|
|m_axi_gmem3_RUSER     |   in|    1|       m_axi|                                                      gmem3|       pointer|
|m_axi_gmem3_RRESP     |   in|    2|       m_axi|                                                      gmem3|       pointer|
|m_axi_gmem3_BVALID    |   in|    1|       m_axi|                                                      gmem3|       pointer|
|m_axi_gmem3_BREADY    |  out|    1|       m_axi|                                                      gmem3|       pointer|
|m_axi_gmem3_BRESP     |   in|    2|       m_axi|                                                      gmem3|       pointer|
|m_axi_gmem3_BID       |   in|    1|       m_axi|                                                      gmem3|       pointer|
|m_axi_gmem3_BUSER     |   in|    1|       m_axi|                                                      gmem3|       pointer|
|arg3                  |   in|   64|     ap_none|                                                       arg3|        scalar|
|arg3_ap_vld           |   in|    1|     ap_none|                                                       arg3|        scalar|
|m_axi_gmem4_AWVALID   |  out|    1|       m_axi|                                                      gmem0|       pointer|
|m_axi_gmem4_AWREADY   |   in|    1|       m_axi|                                                      gmem0|       pointer|
|m_axi_gmem4_AWADDR    |  out|   64|       m_axi|                                                      gmem0|       pointer|
|m_axi_gmem4_AWID      |  out|    1|       m_axi|                                                      gmem0|       pointer|
|m_axi_gmem4_AWLEN     |  out|   32|       m_axi|                                                      gmem0|       pointer|
|m_axi_gmem4_AWSIZE    |  out|    3|       m_axi|                                                      gmem0|       pointer|
|m_axi_gmem4_AWBURST   |  out|    2|       m_axi|                                                      gmem0|       pointer|
|m_axi_gmem4_AWLOCK    |  out|    2|       m_axi|                                                      gmem0|       pointer|
|m_axi_gmem4_AWCACHE   |  out|    4|       m_axi|                                                      gmem0|       pointer|
|m_axi_gmem4_AWPROT    |  out|    3|       m_axi|                                                      gmem0|       pointer|
|m_axi_gmem4_AWQOS     |  out|    4|       m_axi|                                                      gmem0|       pointer|
|m_axi_gmem4_AWREGION  |  out|    4|       m_axi|                                                      gmem0|       pointer|
|m_axi_gmem4_AWUSER    |  out|    1|       m_axi|                                                      gmem0|       pointer|
|m_axi_gmem4_WVALID    |  out|    1|       m_axi|                                                      gmem0|       pointer|
|m_axi_gmem4_WREADY    |   in|    1|       m_axi|                                                      gmem0|       pointer|
|m_axi_gmem4_WDATA     |  out|  512|       m_axi|                                                      gmem0|       pointer|
|m_axi_gmem4_WSTRB     |  out|   64|       m_axi|                                                      gmem0|       pointer|
|m_axi_gmem4_WLAST     |  out|    1|       m_axi|                                                      gmem0|       pointer|
|m_axi_gmem4_WID       |  out|    1|       m_axi|                                                      gmem0|       pointer|
|m_axi_gmem4_WUSER     |  out|    1|       m_axi|                                                      gmem0|       pointer|
|m_axi_gmem4_ARVALID   |  out|    1|       m_axi|                                                      gmem0|       pointer|
|m_axi_gmem4_ARREADY   |   in|    1|       m_axi|                                                      gmem0|       pointer|
|m_axi_gmem4_ARADDR    |  out|   64|       m_axi|                                                      gmem0|       pointer|
|m_axi_gmem4_ARID      |  out|    1|       m_axi|                                                      gmem0|       pointer|
|m_axi_gmem4_ARLEN     |  out|   32|       m_axi|                                                      gmem0|       pointer|
|m_axi_gmem4_ARSIZE    |  out|    3|       m_axi|                                                      gmem0|       pointer|
|m_axi_gmem4_ARBURST   |  out|    2|       m_axi|                                                      gmem0|       pointer|
|m_axi_gmem4_ARLOCK    |  out|    2|       m_axi|                                                      gmem0|       pointer|
|m_axi_gmem4_ARCACHE   |  out|    4|       m_axi|                                                      gmem0|       pointer|
|m_axi_gmem4_ARPROT    |  out|    3|       m_axi|                                                      gmem0|       pointer|
|m_axi_gmem4_ARQOS     |  out|    4|       m_axi|                                                      gmem0|       pointer|
|m_axi_gmem4_ARREGION  |  out|    4|       m_axi|                                                      gmem0|       pointer|
|m_axi_gmem4_ARUSER    |  out|    1|       m_axi|                                                      gmem0|       pointer|
|m_axi_gmem4_RVALID    |   in|    1|       m_axi|                                                      gmem0|       pointer|
|m_axi_gmem4_RREADY    |  out|    1|       m_axi|                                                      gmem0|       pointer|
|m_axi_gmem4_RDATA     |   in|  512|       m_axi|                                                      gmem0|       pointer|
|m_axi_gmem4_RLAST     |   in|    1|       m_axi|                                                      gmem0|       pointer|
|m_axi_gmem4_RID       |   in|    1|       m_axi|                                                      gmem0|       pointer|
|m_axi_gmem4_RFIFONUM  |   in|    8|       m_axi|                                                      gmem0|       pointer|
|m_axi_gmem4_RUSER     |   in|    1|       m_axi|                                                      gmem0|       pointer|
|m_axi_gmem4_RRESP     |   in|    2|       m_axi|                                                      gmem0|       pointer|
|m_axi_gmem4_BVALID    |   in|    1|       m_axi|                                                      gmem0|       pointer|
|m_axi_gmem4_BREADY    |  out|    1|       m_axi|                                                      gmem0|       pointer|
|m_axi_gmem4_BRESP     |   in|    2|       m_axi|                                                      gmem0|       pointer|
|m_axi_gmem4_BID       |   in|    1|       m_axi|                                                      gmem0|       pointer|
|m_axi_gmem4_BUSER     |   in|    1|       m_axi|                                                      gmem0|       pointer|
|arg4                  |   in|   64|     ap_none|                                                       arg4|        scalar|
|arg4_ap_vld           |   in|    1|     ap_none|                                                       arg4|        scalar|
|arg0_axis_out_TDATA   |  out|  256|        axis|                                     arg0_axis_out_V_data_V|       pointer|
|arg0_axis_out_TKEEP   |  out|   32|        axis|                                     arg0_axis_out_V_keep_V|       pointer|
|arg0_axis_out_TSTRB   |  out|   32|        axis|                                     arg0_axis_out_V_strb_V|       pointer|
|arg0_axis_out_TLAST   |  out|    1|        axis|                                     arg0_axis_out_V_last_V|       pointer|
|arg0_axis_out_TVALID  |  out|    1|        axis|                                     arg0_axis_out_V_last_V|       pointer|
|arg0_axis_out_TREADY  |   in|    1|        axis|                                     arg0_axis_out_V_last_V|       pointer|
|arg1_axis_out_TDATA   |  out|  256|        axis|                                     arg1_axis_out_V_data_V|       pointer|
|arg1_axis_out_TKEEP   |  out|   32|        axis|                                     arg1_axis_out_V_keep_V|       pointer|
|arg1_axis_out_TSTRB   |  out|   32|        axis|                                     arg1_axis_out_V_strb_V|       pointer|
|arg1_axis_out_TLAST   |  out|    1|        axis|                                     arg1_axis_out_V_last_V|       pointer|
|arg1_axis_out_TVALID  |  out|    1|        axis|                                     arg1_axis_out_V_last_V|       pointer|
|arg1_axis_out_TREADY  |   in|    1|        axis|                                     arg1_axis_out_V_last_V|       pointer|
|arg1_axis_in_TDATA    |   in|  256|        axis|                                      arg1_axis_in_V_data_V|       pointer|
|arg1_axis_in_TKEEP    |   in|   32|        axis|                                      arg1_axis_in_V_keep_V|       pointer|
|arg1_axis_in_TSTRB    |   in|   32|        axis|                                      arg1_axis_in_V_strb_V|       pointer|
|arg1_axis_in_TLAST    |   in|    1|        axis|                                      arg1_axis_in_V_last_V|       pointer|
|arg1_axis_in_TVALID   |   in|    1|        axis|                                      arg1_axis_in_V_last_V|       pointer|
|arg1_axis_in_TREADY   |  out|    1|        axis|                                      arg1_axis_in_V_last_V|       pointer|
|arg2_axis_out_TDATA   |  out|  256|        axis|                                     arg2_axis_out_V_data_V|       pointer|
|arg2_axis_out_TKEEP   |  out|   32|        axis|                                     arg2_axis_out_V_keep_V|       pointer|
|arg2_axis_out_TSTRB   |  out|   32|        axis|                                     arg2_axis_out_V_strb_V|       pointer|
|arg2_axis_out_TLAST   |  out|    1|        axis|                                     arg2_axis_out_V_last_V|       pointer|
|arg2_axis_out_TVALID  |  out|    1|        axis|                                     arg2_axis_out_V_last_V|       pointer|
|arg2_axis_out_TREADY  |   in|    1|        axis|                                     arg2_axis_out_V_last_V|       pointer|
|arg2_axis_in_TDATA    |   in|  256|        axis|                                      arg2_axis_in_V_data_V|       pointer|
|arg2_axis_in_TKEEP    |   in|   32|        axis|                                      arg2_axis_in_V_keep_V|       pointer|
|arg2_axis_in_TSTRB    |   in|   32|        axis|                                      arg2_axis_in_V_strb_V|       pointer|
|arg2_axis_in_TLAST    |   in|    1|        axis|                                      arg2_axis_in_V_last_V|       pointer|
|arg2_axis_in_TVALID   |   in|    1|        axis|                                      arg2_axis_in_V_last_V|       pointer|
|arg2_axis_in_TREADY   |  out|    1|        axis|                                      arg2_axis_in_V_last_V|       pointer|
|arg3_axis_out_TDATA   |  out|  256|        axis|                                     arg3_axis_out_V_data_V|       pointer|
|arg3_axis_out_TKEEP   |  out|   32|        axis|                                     arg3_axis_out_V_keep_V|       pointer|
|arg3_axis_out_TSTRB   |  out|   32|        axis|                                     arg3_axis_out_V_strb_V|       pointer|
|arg3_axis_out_TLAST   |  out|    1|        axis|                                     arg3_axis_out_V_last_V|       pointer|
|arg3_axis_out_TVALID  |  out|    1|        axis|                                     arg3_axis_out_V_last_V|       pointer|
|arg3_axis_out_TREADY  |   in|    1|        axis|                                     arg3_axis_out_V_last_V|       pointer|
|arg3_axis_in_TDATA    |   in|  256|        axis|                                      arg3_axis_in_V_data_V|       pointer|
|arg3_axis_in_TKEEP    |   in|   32|        axis|                                      arg3_axis_in_V_keep_V|       pointer|
|arg3_axis_in_TSTRB    |   in|   32|        axis|                                      arg3_axis_in_V_strb_V|       pointer|
|arg3_axis_in_TLAST    |   in|    1|        axis|                                      arg3_axis_in_V_last_V|       pointer|
|arg3_axis_in_TVALID   |   in|    1|        axis|                                      arg3_axis_in_V_last_V|       pointer|
|arg3_axis_in_TREADY   |  out|    1|        axis|                                      arg3_axis_in_V_last_V|       pointer|
|arg4_axis_in_TDATA    |   in|  256|        axis|                                      arg4_axis_in_V_data_V|       pointer|
|arg4_axis_in_TKEEP    |   in|   32|        axis|                                      arg4_axis_in_V_keep_V|       pointer|
|arg4_axis_in_TSTRB    |   in|   32|        axis|                                      arg4_axis_in_V_strb_V|       pointer|
|arg4_axis_in_TLAST    |   in|    1|        axis|                                      arg4_axis_in_V_last_V|       pointer|
|arg4_axis_in_TVALID   |   in|    1|        axis|                                      arg4_axis_in_V_last_V|       pointer|
|arg4_axis_in_TREADY   |  out|    1|        axis|                                      arg4_axis_in_V_last_V|       pointer|
|ap_clk                |   in|    1|  ap_ctrl_hs|  datamover_outerloop_0_dataflow_read_write_dataflow_region|  return value|
|ap_rst                |   in|    1|  ap_ctrl_hs|  datamover_outerloop_0_dataflow_read_write_dataflow_region|  return value|
|ap_start              |   in|    1|  ap_ctrl_hs|  datamover_outerloop_0_dataflow_read_write_dataflow_region|  return value|
|ap_done               |  out|    1|  ap_ctrl_hs|  datamover_outerloop_0_dataflow_read_write_dataflow_region|  return value|
|ap_ready              |  out|    1|  ap_ctrl_hs|  datamover_outerloop_0_dataflow_read_write_dataflow_region|  return value|
|ap_idle               |  out|    1|  ap_ctrl_hs|  datamover_outerloop_0_dataflow_read_write_dataflow_region|  return value|
|ap_continue           |   in|    1|  ap_ctrl_hs|  datamover_outerloop_0_dataflow_read_write_dataflow_region|  return value|
+----------------------+-----+-----+------------+-----------------------------------------------------------+--------------+

