

================================================================
== Vitis HLS Report for 'interleaveTileMem2stream2D_1'
================================================================
* Date:           Tue Aug 11 20:27:34 2026

* Version:        2022.2 (Build 3670227 on Oct 13 2022)
* Project:        datamover_outerloop_0
* Solution:       solution (Vitis Kernel Flow Target)
* Product family: virtexuplus
* Target device:  xcu280-fsvh2892-2L-e


================================================================
== Performance Estimates
================================================================
+ Timing: 
    * Summary: 
    +--------+---------+----------+------------+
    |  Clock |  Target | Estimated| Uncertainty|
    +--------+---------+----------+------------+
    |ap_clk  |  3.33 ns|  2.433 ns|     0.90 ns|
    +--------+---------+----------+------------+

+ Latency: 
    * Summary: 
    +---------+---------+----------+----------+-----+-----+---------+
    |  Latency (cycles) |  Latency (absolute) |  Interval | Pipeline|
    |   min   |   max   |    min   |    max   | min | max |   Type  |
    +---------+---------+----------+----------+-----+-----+---------+
    |        ?|        ?|         ?|         ?|    ?|    ?|       no|
    +---------+---------+----------+----------+-----+-----+---------+

    + Detail: 
        * Instance: 
        +-----------------------------------------------+------------------------------------+---------+---------+----------+----------+-----+-----+----------+
        |                                               |                                    |  Latency (cycles) |  Latency (absolute) |  Interval | Pipeline |
        |                    Instance                   |               Module               |   min   |   max   |    min   |    max   | min | max |   Type   |
        +-----------------------------------------------+------------------------------------+---------+---------+----------+----------+-----+-----+----------+
        |grp_interleaveTileMem2Stream2D_inner_1_fu_224  |interleaveTileMem2Stream2D_inner_1  |        ?|        ?|         ?|         ?|    ?|    ?|  dataflow|
        +-----------------------------------------------+------------------------------------+---------+---------+----------+----------+-----+-----+----------+

        * Loop: 
        +---------------+---------+---------+----------+-----------+-----------+-----------+----------+
        |               |  Latency (cycles) | Iteration|  Initiation Interval  |    Trip   |          |
        |   Loop Name   |   min   |   max   |  Latency |  achieved |   target  |   Count   | Pipelined|
        +---------------+---------+---------+----------+-----------+-----------+-----------+----------+
        |- tile_x_loop  |        ?|        ?|         ?|          -|          -|  0 ~ 65535|        no|
        | + row_loop    |        ?|        ?|         ?|          -|          -|          ?|        no|
        +---------------+---------+---------+----------+-----------+-----------+-----------+----------+

============================================================
+ Verbose Summary: Synthesis Manager
============================================================
InlineROM: 1
ExposeGlobal: 0
============================================================
+ Verbose Summary: CDFG Model
============================================================
IsTopModel: 0
ResetActiveHigh: 1
IsCombinational: 2
IsDatapathOnly: 0
HasWiredReturn: 1
HasMFsm: 0
HasVarLatency: 1
IsPipeline: 0
IsRtlPipelined: 0
IsInstanceOverlapped: 0
IsDontTouch: 0
HasImplIP: 0
IsGatedGlobalClock: 0


============================================================
+ Verbose Summary: Schedule
============================================================
* Number of FSM states : 5
* Pipeline : 0
* Dataflow Pipeline: 0

* FSM state transitions: 
1 --> 2 
2 --> 3 
3 --> 4 2 
4 --> 5 
5 --> 3 

* FSM state operations: 

State 1 <SV = 0> <Delay = 1.21>
ST_1 : Operation 6 [1/1] (0.00ns)   --->   "%indvars_iv_i = alloca i32 1"   --->   Operation 6 'alloca' 'indvars_iv_i' <Predicate = true> <Delay = 0.00>
ST_1 : Operation 7 [1/1] (0.00ns)   --->   "%tile_x = alloca i32 1"   --->   Operation 7 'alloca' 'tile_x' <Predicate = true> <Delay = 0.00>
ST_1 : Operation 8 [1/1] (0.00ns)   --->   "%specinterface_ln0 = specinterface void @_ssdm_op_SpecInterface, i16 %memconfig_last_tile_size_x_c124, void @ap_fifo_str, i32 0, i32 0, void @p_str, i32 0, i32 0, void @p_str, void @p_str, void @p_str, i32 2, i32 2, i32 16, i32 16, void @p_str, void @ScalarProp_str, i32 4294967295, i32 0"   --->   Operation 8 'specinterface' 'specinterface_ln0' <Predicate = true> <Delay = 0.00>
ST_1 : Operation 9 [1/1] (0.00ns)   --->   "%arg0_b5_read = read i64 @_ssdm_op_Read.ap_auto.i64, i64 %arg0_b5"   --->   Operation 9 'read' 'arg0_b5_read' <Predicate = true> <Delay = 0.00>
ST_1 : Operation 10 [1/1] (0.00ns)   --->   "%arg0_b4_read = read i64 @_ssdm_op_Read.ap_auto.i64, i64 %arg0_b4"   --->   Operation 10 'read' 'arg0_b4_read' <Predicate = true> <Delay = 0.00>
ST_1 : Operation 11 [1/1] (0.00ns)   --->   "%p_read511 = read i16 @_ssdm_op_Read.ap_auto.i16, i16 %p_read5"   --->   Operation 11 'read' 'p_read511' <Predicate = true> <Delay = 0.00>
ST_1 : Operation 12 [1/1] (0.00ns)   --->   "%p_read410 = read i16 @_ssdm_op_Read.ap_auto.i16, i16 %p_read4"   --->   Operation 12 'read' 'p_read410' <Predicate = true> <Delay = 0.00>
ST_1 : Operation 13 [1/1] (0.00ns)   --->   "%p_read39 = read i16 @_ssdm_op_Read.ap_auto.i16, i16 %p_read3"   --->   Operation 13 'read' 'p_read39' <Predicate = true> <Delay = 0.00>
ST_1 : Operation 14 [1/1] (0.00ns)   --->   "%p_read28 = read i16 @_ssdm_op_Read.ap_auto.i16, i16 %p_read2"   --->   Operation 14 'read' 'p_read28' <Predicate = true> <Delay = 0.00>
ST_1 : Operation 15 [1/1] (0.00ns)   --->   "%p_read17 = read i16 @_ssdm_op_Read.ap_auto.i16, i16 %p_read1"   --->   Operation 15 'read' 'p_read17' <Predicate = true> <Delay = 0.00>
ST_1 : Operation 16 [1/1] (0.00ns)   --->   "%p_read_13 = read i13 @_ssdm_op_Read.ap_auto.i13, i13 %p_read"   --->   Operation 16 'read' 'p_read_13' <Predicate = true> <Delay = 0.00>
ST_1 : Operation 17 [1/1] (1.21ns)   --->   "%write_ln0 = write void @_ssdm_op_Write.ap_fifo.i16P0A, i16 %memconfig_last_tile_size_x_c124, i16 %p_read511"   --->   Operation 17 'write' 'write_ln0' <Predicate = true> <Delay = 1.21> <CoreInst = "FIFO_SRL">   --->   Core 81 'FIFO_SRL' <Latency = 0> <II = 1> <Delay = 1.34> <Storage> <Opcode : 'read' 'write' 'nbread' 'nbwrite'> <Ports = 0> <Width = 16> <Depth = 2> <FIFO>
ST_1 : Operation 18 [1/1] (0.00ns)   --->   "%specinterface_ln0 = specinterface void @_ssdm_op_SpecInterface, i16 %memconfig_tile_size_x_c111, void @ap_fifo_str, i32 0, i32 0, void @p_str, i32 0, i32 0, void @p_str, void @p_str, void @p_str, i32 2, i32 2, i32 16, i32 16, void @p_str, void @ScalarProp_str, i32 4294967295, i32 0"   --->   Operation 18 'specinterface' 'specinterface_ln0' <Predicate = true> <Delay = 0.00>
ST_1 : Operation 19 [1/1] (1.21ns)   --->   "%write_ln0 = write void @_ssdm_op_Write.ap_fifo.i16P0A, i16 %memconfig_tile_size_x_c111, i16 %p_read39"   --->   Operation 19 'write' 'write_ln0' <Predicate = true> <Delay = 1.21> <CoreInst = "FIFO_SRL">   --->   Core 81 'FIFO_SRL' <Latency = 0> <II = 1> <Delay = 1.34> <Storage> <Opcode : 'read' 'write' 'nbread' 'nbwrite'> <Ports = 0> <Width = 16> <Depth = 2> <FIFO>
ST_1 : Operation 20 [1/1] (0.00ns)   --->   "%specinterface_ln0 = specinterface void @_ssdm_op_SpecInterface, i16 %memconfig_tile_count_x_c104, void @ap_fifo_str, i32 0, i32 0, void @p_str, i32 0, i32 0, void @p_str, void @p_str, void @p_str, i32 2, i32 2, i32 16, i32 16, void @p_str, void @ScalarProp_str, i32 4294967295, i32 0"   --->   Operation 20 'specinterface' 'specinterface_ln0' <Predicate = true> <Delay = 0.00>
ST_1 : Operation 21 [1/1] (1.21ns)   --->   "%write_ln0 = write void @_ssdm_op_Write.ap_fifo.i16P0A, i16 %memconfig_tile_count_x_c104, i16 %p_read28"   --->   Operation 21 'write' 'write_ln0' <Predicate = true> <Delay = 1.21> <CoreInst = "FIFO_SRL">   --->   Core 81 'FIFO_SRL' <Latency = 0> <II = 1> <Delay = 1.34> <Storage> <Opcode : 'read' 'write' 'nbread' 'nbwrite'> <Ports = 0> <Width = 16> <Depth = 2> <FIFO>
ST_1 : Operation 22 [1/1] (0.00ns)   --->   "%specinterface_ln0 = specinterface void @_ssdm_op_SpecInterface, i16 %memconfig_grid_size_y_c97, void @ap_fifo_str, i32 0, i32 0, void @p_str, i32 0, i32 0, void @p_str, void @p_str, void @p_str, i32 2, i32 2, i32 16, i32 16, void @p_str, void @ScalarProp_str, i32 4294967295, i32 0"   --->   Operation 22 'specinterface' 'specinterface_ln0' <Predicate = true> <Delay = 0.00>
ST_1 : Operation 23 [1/1] (1.21ns)   --->   "%write_ln217 = write void @_ssdm_op_Write.ap_fifo.i16P0A, i16 %memconfig_grid_size_y_c97, i16 %p_read17" [/home/x_thileeb/repos/ops-hls-batching-new/codegen_apps/tiling/poisson2d/u280_project/maxtile_8192_interleave_p8/hls/device/src/datamover_outerloop_0.cpp:217]   --->   Operation 23 'write' 'write_ln217' <Predicate = true> <Delay = 1.21> <CoreInst = "FIFO_SRL">   --->   Core 81 'FIFO_SRL' <Latency = 0> <II = 1> <Delay = 1.34> <Storage> <Opcode : 'read' 'write' 'nbread' 'nbwrite'> <Ports = 0> <Width = 16> <Depth = 2> <FIFO>
ST_1 : Operation 24 [1/1] (0.00ns)   --->   "%specinterface_ln0 = specinterface void @_ssdm_op_SpecInterface, i256 %arg0_read_mem_strm_g2_1, void @empty_42, i32 0, i32 0, void @empty_11, i32 0, i32 0, void @empty_11, void @empty_11, void @empty_11, i32 0, i32 0, i32 0, i32 0, void @empty_11, void @empty_11, i32 4294967295, i32 0"   --->   Operation 24 'specinterface' 'specinterface_ln0' <Predicate = true> <Delay = 0.00>
ST_1 : Operation 25 [1/1] (0.00ns)   --->   "%specinterface_ln0 = specinterface void @_ssdm_op_SpecInterface, i256 %arg0_read_mem_strm_g2_0, void @empty_42, i32 0, i32 0, void @empty_11, i32 0, i32 0, void @empty_11, void @empty_11, void @empty_11, i32 0, i32 0, i32 0, i32 0, void @empty_11, void @empty_11, i32 4294967295, i32 0"   --->   Operation 25 'specinterface' 'specinterface_ln0' <Predicate = true> <Delay = 0.00>
ST_1 : Operation 26 [1/1] (0.00ns)   --->   "%specinterface_ln0 = specinterface void @_ssdm_op_SpecInterface, i256 %gmem4, void @empty_2, i32 0, i32 0, void @empty_11, i32 40, i32 8192, void @empty_15, void @empty_57, void @empty_11, i32 4, i32 4, i32 16, i32 16, void @empty_11, void @empty_11, i32 4294967295, i32 0"   --->   Operation 26 'specinterface' 'specinterface_ln0' <Predicate = true> <Delay = 0.00>
ST_1 : Operation 27 [1/1] (0.00ns)   --->   "%specinterface_ln0 = specinterface void @_ssdm_op_SpecInterface, i256 %gmem5, void @empty_2, i32 0, i32 0, void @empty_11, i32 40, i32 8192, void @empty_52, void @empty_57, void @empty_11, i32 4, i32 4, i32 16, i32 16, void @empty_11, void @empty_11, i32 4294967295, i32 0"   --->   Operation 27 'specinterface' 'specinterface_ln0' <Predicate = true> <Delay = 0.00>
ST_1 : Operation 28 [1/1] (0.00ns)   --->   "%zext_ln5924 = zext i13 %p_read_13" [/home/x_thileeb/repos/ops-hls-batching-new/OPS/ops/hls/include/device/../../L1/include/ops_hls_datamover.hpp:5924->/home/x_thileeb/repos/ops-hls-batching-new/codegen_apps/tiling/poisson2d/u280_project/maxtile_8192_interleave_p8/hls/device/src/datamover_outerloop_0.cpp:225]   --->   Operation 28 'zext' 'zext_ln5924' <Predicate = true> <Delay = 0.00>
ST_1 : Operation 29 [1/1] (0.75ns)   --->   "%add_ln5924 = add i14 %zext_ln5924, i14 7" [/home/x_thileeb/repos/ops-hls-batching-new/OPS/ops/hls/include/device/../../L1/include/ops_hls_datamover.hpp:5924->/home/x_thileeb/repos/ops-hls-batching-new/codegen_apps/tiling/poisson2d/u280_project/maxtile_8192_interleave_p8/hls/device/src/datamover_outerloop_0.cpp:225]   --->   Operation 29 'add' 'add_ln5924' <Predicate = true> <Delay = 0.75> <CoreInst = "Adder">   --->   Core 1 'Adder' <Latency = 0> <II = 1> <Delay = 0.75> <FuncUnit> <Opcode : 'add' 'sub'> <InPorts = 2> <OutPorts = 1>
ST_1 : Operation 30 [1/1] (0.00ns)   --->   "%lshr_ln = partselect i11 @_ssdm_op_PartSelect.i11.i14.i32.i32, i14 %add_ln5924, i32 3, i32 13" [/home/x_thileeb/repos/ops-hls-batching-new/OPS/ops/hls/include/device/../../L1/include/ops_hls_datamover.hpp:5924->/home/x_thileeb/repos/ops-hls-batching-new/codegen_apps/tiling/poisson2d/u280_project/maxtile_8192_interleave_p8/hls/device/src/datamover_outerloop_0.cpp:225]   --->   Operation 30 'partselect' 'lshr_ln' <Predicate = true> <Delay = 0.00>
ST_1 : Operation 31 [1/1] (0.00ns)   --->   "%config_tile_count_x_cast_i = zext i16 %p_read28"   --->   Operation 31 'zext' 'config_tile_count_x_cast_i' <Predicate = true> <Delay = 0.00>
ST_1 : Operation 32 [1/1] (0.78ns)   --->   "%sub_i = add i17 %config_tile_count_x_cast_i, i17 131071"   --->   Operation 32 'add' 'sub_i' <Predicate = true> <Delay = 0.78> <CoreInst = "Adder">   --->   Core 1 'Adder' <Latency = 0> <II = 1> <Delay = 0.78> <FuncUnit> <Opcode : 'add' 'sub'> <InPorts = 2> <OutPorts = 1>
ST_1 : Operation 33 [1/1] (0.00ns)   --->   "%zext_ln5934 = zext i11 %lshr_ln" [/home/x_thileeb/repos/ops-hls-batching-new/OPS/ops/hls/include/device/../../L1/include/ops_hls_datamover.hpp:5934->/home/x_thileeb/repos/ops-hls-batching-new/codegen_apps/tiling/poisson2d/u280_project/maxtile_8192_interleave_p8/hls/device/src/datamover_outerloop_0.cpp:225]   --->   Operation 33 'zext' 'zext_ln5934' <Predicate = true> <Delay = 0.00>
ST_1 : Operation 34 [1/1] (0.38ns)   --->   "%store_ln5934 = store i16 0, i16 %tile_x" [/home/x_thileeb/repos/ops-hls-batching-new/OPS/ops/hls/include/device/../../L1/include/ops_hls_datamover.hpp:5934->/home/x_thileeb/repos/ops-hls-batching-new/codegen_apps/tiling/poisson2d/u280_project/maxtile_8192_interleave_p8/hls/device/src/datamover_outerloop_0.cpp:225]   --->   Operation 34 'store' 'store_ln5934' <Predicate = true> <Delay = 0.38>
ST_1 : Operation 35 [1/1] (0.38ns)   --->   "%store_ln5934 = store i16 0, i16 %indvars_iv_i" [/home/x_thileeb/repos/ops-hls-batching-new/OPS/ops/hls/include/device/../../L1/include/ops_hls_datamover.hpp:5934->/home/x_thileeb/repos/ops-hls-batching-new/codegen_apps/tiling/poisson2d/u280_project/maxtile_8192_interleave_p8/hls/device/src/datamover_outerloop_0.cpp:225]   --->   Operation 35 'store' 'store_ln5934' <Predicate = true> <Delay = 0.38>
ST_1 : Operation 36 [1/1] (0.00ns)   --->   "%br_ln5934 = br void %for.body.i" [/home/x_thileeb/repos/ops-hls-batching-new/OPS/ops/hls/include/device/../../L1/include/ops_hls_datamover.hpp:5934->/home/x_thileeb/repos/ops-hls-batching-new/codegen_apps/tiling/poisson2d/u280_project/maxtile_8192_interleave_p8/hls/device/src/datamover_outerloop_0.cpp:225]   --->   Operation 36 'br' 'br_ln5934' <Predicate = true> <Delay = 0.00>

State 2 <SV = 1> <Delay = 2.18>
ST_2 : Operation 37 [1/1] (0.00ns)   --->   "%tile_x_11 = load i16 %tile_x" [/home/x_thileeb/repos/ops-hls-batching-new/OPS/ops/hls/include/device/../../L1/include/ops_hls_datamover.hpp:5934->/home/x_thileeb/repos/ops-hls-batching-new/codegen_apps/tiling/poisson2d/u280_project/maxtile_8192_interleave_p8/hls/device/src/datamover_outerloop_0.cpp:225]   --->   Operation 37 'load' 'tile_x_11' <Predicate = true> <Delay = 0.00>
ST_2 : Operation 38 [1/1] (0.00ns)   --->   "%zext_ln5934_2 = zext i16 %tile_x_11" [/home/x_thileeb/repos/ops-hls-batching-new/OPS/ops/hls/include/device/../../L1/include/ops_hls_datamover.hpp:5934->/home/x_thileeb/repos/ops-hls-batching-new/codegen_apps/tiling/poisson2d/u280_project/maxtile_8192_interleave_p8/hls/device/src/datamover_outerloop_0.cpp:225]   --->   Operation 38 'zext' 'zext_ln5934_2' <Predicate = true> <Delay = 0.00>
ST_2 : Operation 39 [1/1] (0.67ns)   --->   "%icmp_ln5934 = icmp_eq  i16 %tile_x_11, i16 %p_read28" [/home/x_thileeb/repos/ops-hls-batching-new/OPS/ops/hls/include/device/../../L1/include/ops_hls_datamover.hpp:5934->/home/x_thileeb/repos/ops-hls-batching-new/codegen_apps/tiling/poisson2d/u280_project/maxtile_8192_interleave_p8/hls/device/src/datamover_outerloop_0.cpp:225]   --->   Operation 39 'icmp' 'icmp_ln5934' <Predicate = true> <Delay = 0.67> <CoreInst = "Cmp">   --->   Core 9 'Cmp' <Latency = 0> <II = 1> <Delay = 0.67> <FuncUnit> <Opcode : 'icmp'> <InPorts = 2> <OutPorts = 1>
ST_2 : Operation 40 [1/1] (0.00ns)   --->   "%speclooptripcount_ln0 = speclooptripcount void @_ssdm_op_SpecLoopTripCount, i64 0, i64 65535, i64 0"   --->   Operation 40 'speclooptripcount' 'speclooptripcount_ln0' <Predicate = true> <Delay = 0.00>
ST_2 : Operation 41 [1/1] (0.78ns)   --->   "%add_ln5934 = add i16 %tile_x_11, i16 1" [/home/x_thileeb/repos/ops-hls-batching-new/OPS/ops/hls/include/device/../../L1/include/ops_hls_datamover.hpp:5934->/home/x_thileeb/repos/ops-hls-batching-new/codegen_apps/tiling/poisson2d/u280_project/maxtile_8192_interleave_p8/hls/device/src/datamover_outerloop_0.cpp:225]   --->   Operation 41 'add' 'add_ln5934' <Predicate = true> <Delay = 0.78> <CoreInst = "Adder">   --->   Core 1 'Adder' <Latency = 0> <II = 1> <Delay = 0.78> <FuncUnit> <Opcode : 'add' 'sub'> <InPorts = 2> <OutPorts = 1>
ST_2 : Operation 42 [1/1] (0.00ns)   --->   "%br_ln5934 = br i1 %icmp_ln5934, void %for.body.split.i, void %interleaveTileMem2stream2D<(unsigned short)256, (unsigned short)8, (unsigned short)4, (unsigned short)2, (unsigned short)1, ap_uint<256>, ap_uint<256> >.exit" [/home/x_thileeb/repos/ops-hls-batching-new/OPS/ops/hls/include/device/../../L1/include/ops_hls_datamover.hpp:5934->/home/x_thileeb/repos/ops-hls-batching-new/codegen_apps/tiling/poisson2d/u280_project/maxtile_8192_interleave_p8/hls/device/src/datamover_outerloop_0.cpp:225]   --->   Operation 42 'br' 'br_ln5934' <Predicate = true> <Delay = 0.00>
ST_2 : Operation 43 [1/1] (0.00ns)   --->   "%indvars_iv_i_load_3 = load i16 %indvars_iv_i" [/home/x_thileeb/repos/ops-hls-batching-new/OPS/ops/hls/include/device/../../L1/include/ops_hls_datamover.hpp:5936->/home/x_thileeb/repos/ops-hls-batching-new/codegen_apps/tiling/poisson2d/u280_project/maxtile_8192_interleave_p8/hls/device/src/datamover_outerloop_0.cpp:225]   --->   Operation 43 'load' 'indvars_iv_i_load_3' <Predicate = (!icmp_ln5934)> <Delay = 0.00>
ST_2 : Operation 44 [1/1] (0.00ns)   --->   "%specloopname_ln5934 = specloopname void @_ssdm_op_SpecLoopName, void @empty_19" [/home/x_thileeb/repos/ops-hls-batching-new/OPS/ops/hls/include/device/../../L1/include/ops_hls_datamover.hpp:5934->/home/x_thileeb/repos/ops-hls-batching-new/codegen_apps/tiling/poisson2d/u280_project/maxtile_8192_interleave_p8/hls/device/src/datamover_outerloop_0.cpp:225]   --->   Operation 44 'specloopname' 'specloopname_ln5934' <Predicate = (!icmp_ln5934)> <Delay = 0.00>
ST_2 : Operation 45 [1/1] (0.00ns)   --->   "%lshr_ln1 = partselect i13 @_ssdm_op_PartSelect.i13.i16.i32.i32, i16 %indvars_iv_i_load_3, i32 3, i32 15" [/home/x_thileeb/repos/ops-hls-batching-new/OPS/ops/hls/include/device/../../L1/include/ops_hls_datamover.hpp:5936->/home/x_thileeb/repos/ops-hls-batching-new/codegen_apps/tiling/poisson2d/u280_project/maxtile_8192_interleave_p8/hls/device/src/datamover_outerloop_0.cpp:225]   --->   Operation 45 'partselect' 'lshr_ln1' <Predicate = (!icmp_ln5934)> <Delay = 0.00>
ST_2 : Operation 46 [1/1] (0.00ns)   --->   "%zext_ln5937 = zext i13 %lshr_ln1" [/home/x_thileeb/repos/ops-hls-batching-new/OPS/ops/hls/include/device/../../L1/include/ops_hls_datamover.hpp:5937->/home/x_thileeb/repos/ops-hls-batching-new/codegen_apps/tiling/poisson2d/u280_project/maxtile_8192_interleave_p8/hls/device/src/datamover_outerloop_0.cpp:225]   --->   Operation 46 'zext' 'zext_ln5937' <Predicate = (!icmp_ln5934)> <Delay = 0.00>
ST_2 : Operation 47 [1/1] (0.68ns)   --->   "%icmp_ln5937 = icmp_eq  i17 %sub_i, i17 %zext_ln5934_2" [/home/x_thileeb/repos/ops-hls-batching-new/OPS/ops/hls/include/device/../../L1/include/ops_hls_datamover.hpp:5937->/home/x_thileeb/repos/ops-hls-batching-new/codegen_apps/tiling/poisson2d/u280_project/maxtile_8192_interleave_p8/hls/device/src/datamover_outerloop_0.cpp:225]   --->   Operation 47 'icmp' 'icmp_ln5937' <Predicate = (!icmp_ln5934)> <Delay = 0.68> <CoreInst = "Cmp">   --->   Core 9 'Cmp' <Latency = 0> <II = 1> <Delay = 0.68> <FuncUnit> <Opcode : 'icmp'> <InPorts = 2> <OutPorts = 1>
ST_2 : Operation 48 [1/1] (0.24ns)   --->   "%tile_size_x = select i1 %icmp_ln5937, i16 %p_read511, i16 %p_read39" [/home/x_thileeb/repos/ops-hls-batching-new/OPS/ops/hls/include/device/../../L1/include/ops_hls_datamover.hpp:5937->/home/x_thileeb/repos/ops-hls-batching-new/codegen_apps/tiling/poisson2d/u280_project/maxtile_8192_interleave_p8/hls/device/src/datamover_outerloop_0.cpp:225]   --->   Operation 48 'select' 'tile_size_x' <Predicate = (!icmp_ln5934)> <Delay = 0.24> <CoreInst = "Sel">   --->   Core 73 'Sel' <Latency = 0> <II = 1> <Delay = 0.24> <FuncUnit> <Opcode : 'select'> <InPorts = 3> <OutPorts = 1>
ST_2 : Operation 49 [1/1] (0.00ns)   --->   "%rem_x = trunc i16 %tile_size_x" [/home/x_thileeb/repos/ops-hls-batching-new/OPS/ops/hls/include/device/../../L1/include/ops_hls_datamover.hpp:5937->/home/x_thileeb/repos/ops-hls-batching-new/codegen_apps/tiling/poisson2d/u280_project/maxtile_8192_interleave_p8/hls/device/src/datamover_outerloop_0.cpp:225]   --->   Operation 49 'trunc' 'rem_x' <Predicate = (!icmp_ln5934)> <Delay = 0.00>
ST_2 : Operation 50 [1/1] (0.00ns)   --->   "%trunc_ln = partselect i13 @_ssdm_op_PartSelect.i13.i16.i32.i32, i16 %tile_size_x, i32 3, i32 15" [/home/x_thileeb/repos/ops-hls-batching-new/OPS/ops/hls/include/device/../../L1/include/ops_hls_datamover.hpp:5942->/home/x_thileeb/repos/ops-hls-batching-new/codegen_apps/tiling/poisson2d/u280_project/maxtile_8192_interleave_p8/hls/device/src/datamover_outerloop_0.cpp:225]   --->   Operation 50 'partselect' 'trunc_ln' <Predicate = (!icmp_ln5934)> <Delay = 0.00>
ST_2 : Operation 51 [1/1] (0.00ns)   --->   "%zext_ln5942 = zext i13 %trunc_ln" [/home/x_thileeb/repos/ops-hls-batching-new/OPS/ops/hls/include/device/../../L1/include/ops_hls_datamover.hpp:5942->/home/x_thileeb/repos/ops-hls-batching-new/codegen_apps/tiling/poisson2d/u280_project/maxtile_8192_interleave_p8/hls/device/src/datamover_outerloop_0.cpp:225]   --->   Operation 51 'zext' 'zext_ln5942' <Predicate = (!icmp_ln5934)> <Delay = 0.00>
ST_2 : Operation 52 [1/1] (0.49ns)   --->   "%icmp_ln5952 = icmp_ugt  i3 %rem_x, i3 4" [/home/x_thileeb/repos/ops-hls-batching-new/OPS/ops/hls/include/device/../../L1/include/ops_hls_datamover.hpp:5952->/home/x_thileeb/repos/ops-hls-batching-new/codegen_apps/tiling/poisson2d/u280_project/maxtile_8192_interleave_p8/hls/device/src/datamover_outerloop_0.cpp:225]   --->   Operation 52 'icmp' 'icmp_ln5952' <Predicate = (!icmp_ln5934)> <Delay = 0.49> <CoreInst = "Cmp">   --->   Core 9 'Cmp' <Latency = 0> <II = 1> <Delay = 0.49> <FuncUnit> <Opcode : 'icmp'> <InPorts = 2> <OutPorts = 1>
ST_2 : Operation 53 [1/1] (0.00ns)   --->   "%zext_ln5952 = zext i1 %icmp_ln5952" [/home/x_thileeb/repos/ops-hls-batching-new/OPS/ops/hls/include/device/../../L1/include/ops_hls_datamover.hpp:5952->/home/x_thileeb/repos/ops-hls-batching-new/codegen_apps/tiling/poisson2d/u280_project/maxtile_8192_interleave_p8/hls/device/src/datamover_outerloop_0.cpp:225]   --->   Operation 53 'zext' 'zext_ln5952' <Predicate = (!icmp_ln5934)> <Delay = 0.00>
ST_2 : Operation 54 [1/1] (0.75ns)   --->   "%add_ln5952 = add i14 %zext_ln5942, i14 %zext_ln5952" [/home/x_thileeb/repos/ops-hls-batching-new/OPS/ops/hls/include/device/../../L1/include/ops_hls_datamover.hpp:5952->/home/x_thileeb/repos/ops-hls-batching-new/codegen_apps/tiling/poisson2d/u280_project/maxtile_8192_interleave_p8/hls/device/src/datamover_outerloop_0.cpp:225]   --->   Operation 54 'add' 'add_ln5952' <Predicate = (!icmp_ln5934)> <Delay = 0.75> <CoreInst = "Adder">   --->   Core 1 'Adder' <Latency = 0> <II = 1> <Delay = 0.75> <FuncUnit> <Opcode : 'add' 'sub'> <InPorts = 2> <OutPorts = 1>
ST_2 : Operation 55 [1/1] (0.49ns)   --->   "%icmp_ln5952_1 = icmp_ugt  i3 %rem_x, i3 5" [/home/x_thileeb/repos/ops-hls-batching-new/OPS/ops/hls/include/device/../../L1/include/ops_hls_datamover.hpp:5952->/home/x_thileeb/repos/ops-hls-batching-new/codegen_apps/tiling/poisson2d/u280_project/maxtile_8192_interleave_p8/hls/device/src/datamover_outerloop_0.cpp:225]   --->   Operation 55 'icmp' 'icmp_ln5952_1' <Predicate = (!icmp_ln5934)> <Delay = 0.49> <CoreInst = "Cmp">   --->   Core 9 'Cmp' <Latency = 0> <II = 1> <Delay = 0.49> <FuncUnit> <Opcode : 'icmp'> <InPorts = 2> <OutPorts = 1>
ST_2 : Operation 56 [1/1] (0.00ns)   --->   "%zext_ln5952_1 = zext i1 %icmp_ln5952_1" [/home/x_thileeb/repos/ops-hls-batching-new/OPS/ops/hls/include/device/../../L1/include/ops_hls_datamover.hpp:5952->/home/x_thileeb/repos/ops-hls-batching-new/codegen_apps/tiling/poisson2d/u280_project/maxtile_8192_interleave_p8/hls/device/src/datamover_outerloop_0.cpp:225]   --->   Operation 56 'zext' 'zext_ln5952_1' <Predicate = (!icmp_ln5934)> <Delay = 0.00>
ST_2 : Operation 57 [1/1] (0.75ns)   --->   "%add_ln5952_1 = add i14 %zext_ln5942, i14 %zext_ln5952_1" [/home/x_thileeb/repos/ops-hls-batching-new/OPS/ops/hls/include/device/../../L1/include/ops_hls_datamover.hpp:5952->/home/x_thileeb/repos/ops-hls-batching-new/codegen_apps/tiling/poisson2d/u280_project/maxtile_8192_interleave_p8/hls/device/src/datamover_outerloop_0.cpp:225]   --->   Operation 57 'add' 'add_ln5952_1' <Predicate = (!icmp_ln5934)> <Delay = 0.75> <CoreInst = "Adder">   --->   Core 1 'Adder' <Latency = 0> <II = 1> <Delay = 0.75> <FuncUnit> <Opcode : 'add' 'sub'> <InPorts = 2> <OutPorts = 1>
ST_2 : Operation 58 [1/1] (0.38ns)   --->   "%br_ln5958 = br void %for.inc47.i" [/home/x_thileeb/repos/ops-hls-batching-new/OPS/ops/hls/include/device/../../L1/include/ops_hls_datamover.hpp:5958->/home/x_thileeb/repos/ops-hls-batching-new/codegen_apps/tiling/poisson2d/u280_project/maxtile_8192_interleave_p8/hls/device/src/datamover_outerloop_0.cpp:225]   --->   Operation 58 'br' 'br_ln5958' <Predicate = (!icmp_ln5934)> <Delay = 0.38>
ST_2 : Operation 59 [1/1] (0.00ns)   --->   "%ret_ln225 = ret" [/home/x_thileeb/repos/ops-hls-batching-new/codegen_apps/tiling/poisson2d/u280_project/maxtile_8192_interleave_p8/hls/device/src/datamover_outerloop_0.cpp:225]   --->   Operation 59 'ret' 'ret_ln225' <Predicate = (icmp_ln5934)> <Delay = 0.00>

State 3 <SV = 2> <Delay = 1.17>
ST_3 : Operation 60 [1/1] (0.00ns)   --->   "%row_base = phi i27 %add_ln5961, void %for.inc47.split.i, i27 %zext_ln5937, void %for.body.split.i" [/home/x_thileeb/repos/ops-hls-batching-new/OPS/ops/hls/include/device/../../L1/include/ops_hls_datamover.hpp:5961->/home/x_thileeb/repos/ops-hls-batching-new/codegen_apps/tiling/poisson2d/u280_project/maxtile_8192_interleave_p8/hls/device/src/datamover_outerloop_0.cpp:225]   --->   Operation 60 'phi' 'row_base' <Predicate = true> <Delay = 0.00>
ST_3 : Operation 61 [1/1] (0.00ns)   --->   "%j = phi i16 %j_7, void %for.inc47.split.i, i16 0, void %for.body.split.i"   --->   Operation 61 'phi' 'j' <Predicate = true> <Delay = 0.00>
ST_3 : Operation 62 [1/1] (0.67ns)   --->   "%icmp_ln5958 = icmp_eq  i16 %j, i16 %p_read17" [/home/x_thileeb/repos/ops-hls-batching-new/OPS/ops/hls/include/device/../../L1/include/ops_hls_datamover.hpp:5958->/home/x_thileeb/repos/ops-hls-batching-new/codegen_apps/tiling/poisson2d/u280_project/maxtile_8192_interleave_p8/hls/device/src/datamover_outerloop_0.cpp:225]   --->   Operation 62 'icmp' 'icmp_ln5958' <Predicate = true> <Delay = 0.67> <CoreInst = "Cmp">   --->   Core 9 'Cmp' <Latency = 0> <II = 1> <Delay = 0.67> <FuncUnit> <Opcode : 'icmp'> <InPorts = 2> <OutPorts = 1>
ST_3 : Operation 63 [1/1] (0.78ns)   --->   "%j_7 = add i16 %j, i16 1" [/home/x_thileeb/repos/ops-hls-batching-new/OPS/ops/hls/include/device/../../L1/include/ops_hls_datamover.hpp:5958->/home/x_thileeb/repos/ops-hls-batching-new/codegen_apps/tiling/poisson2d/u280_project/maxtile_8192_interleave_p8/hls/device/src/datamover_outerloop_0.cpp:225]   --->   Operation 63 'add' 'j_7' <Predicate = true> <Delay = 0.78> <CoreInst = "Adder">   --->   Core 1 'Adder' <Latency = 0> <II = 1> <Delay = 0.78> <FuncUnit> <Opcode : 'add' 'sub'> <InPorts = 2> <OutPorts = 1>
ST_3 : Operation 64 [1/1] (0.00ns)   --->   "%br_ln5958 = br i1 %icmp_ln5958, void %for.inc47.split.i, void %for.inc50.loopexit.i" [/home/x_thileeb/repos/ops-hls-batching-new/OPS/ops/hls/include/device/../../L1/include/ops_hls_datamover.hpp:5958->/home/x_thileeb/repos/ops-hls-batching-new/codegen_apps/tiling/poisson2d/u280_project/maxtile_8192_interleave_p8/hls/device/src/datamover_outerloop_0.cpp:225]   --->   Operation 64 'br' 'br_ln5958' <Predicate = true> <Delay = 0.00>
ST_3 : Operation 65 [1/1] (0.00ns)   --->   "%shl_ln = bitconcatenate i32 @_ssdm_op_BitConcatenate.i32.i27.i5, i27 %row_base, i5 0" [/home/x_thileeb/repos/ops-hls-batching-new/OPS/ops/hls/include/device/../../L1/include/ops_hls_datamover.hpp:5960->/home/x_thileeb/repos/ops-hls-batching-new/codegen_apps/tiling/poisson2d/u280_project/maxtile_8192_interleave_p8/hls/device/src/datamover_outerloop_0.cpp:225]   --->   Operation 65 'bitconcatenate' 'shl_ln' <Predicate = (!icmp_ln5958)> <Delay = 0.00>
ST_3 : Operation 66 [1/1] (0.00ns)   --->   "%zext_ln5960 = zext i32 %shl_ln" [/home/x_thileeb/repos/ops-hls-batching-new/OPS/ops/hls/include/device/../../L1/include/ops_hls_datamover.hpp:5960->/home/x_thileeb/repos/ops-hls-batching-new/codegen_apps/tiling/poisson2d/u280_project/maxtile_8192_interleave_p8/hls/device/src/datamover_outerloop_0.cpp:225]   --->   Operation 66 'zext' 'zext_ln5960' <Predicate = (!icmp_ln5958)> <Delay = 0.00>
ST_3 : Operation 67 [1/1] (1.14ns)   --->   "%add_ln5960 = add i64 %zext_ln5960, i64 %arg0_b4_read" [/home/x_thileeb/repos/ops-hls-batching-new/OPS/ops/hls/include/device/../../L1/include/ops_hls_datamover.hpp:5960->/home/x_thileeb/repos/ops-hls-batching-new/codegen_apps/tiling/poisson2d/u280_project/maxtile_8192_interleave_p8/hls/device/src/datamover_outerloop_0.cpp:225]   --->   Operation 67 'add' 'add_ln5960' <Predicate = (!icmp_ln5958)> <Delay = 1.14> <CoreInst = "Adder">   --->   Core 1 'Adder' <Latency = 0> <II = 1> <Delay = 1.14> <FuncUnit> <Opcode : 'add' 'sub'> <InPorts = 2> <OutPorts = 1>
ST_3 : Operation 68 [1/1] (1.14ns)   --->   "%add_ln5960_2 = add i64 %zext_ln5960, i64 %arg0_b5_read" [/home/x_thileeb/repos/ops-hls-batching-new/OPS/ops/hls/include/device/../../L1/include/ops_hls_datamover.hpp:5960->/home/x_thileeb/repos/ops-hls-batching-new/codegen_apps/tiling/poisson2d/u280_project/maxtile_8192_interleave_p8/hls/device/src/datamover_outerloop_0.cpp:225]   --->   Operation 68 'add' 'add_ln5960_2' <Predicate = (!icmp_ln5958)> <Delay = 1.14> <CoreInst = "Adder">   --->   Core 1 'Adder' <Latency = 0> <II = 1> <Delay = 1.14> <FuncUnit> <Opcode : 'add' 'sub'> <InPorts = 2> <OutPorts = 1>
ST_3 : Operation 69 [1/1] (0.85ns)   --->   "%add_ln5961 = add i27 %zext_ln5934, i27 %row_base" [/home/x_thileeb/repos/ops-hls-batching-new/OPS/ops/hls/include/device/../../L1/include/ops_hls_datamover.hpp:5961->/home/x_thileeb/repos/ops-hls-batching-new/codegen_apps/tiling/poisson2d/u280_project/maxtile_8192_interleave_p8/hls/device/src/datamover_outerloop_0.cpp:225]   --->   Operation 69 'add' 'add_ln5961' <Predicate = (!icmp_ln5958)> <Delay = 0.85> <CoreInst = "Adder">   --->   Core 1 'Adder' <Latency = 0> <II = 1> <Delay = 0.85> <FuncUnit> <Opcode : 'add' 'sub'> <InPorts = 2> <OutPorts = 1>
ST_3 : Operation 70 [1/1] (0.00ns)   --->   "%indvars_iv_i_load = load i16 %indvars_iv_i" [/home/x_thileeb/repos/ops-hls-batching-new/OPS/ops/hls/include/device/../../L1/include/ops_hls_datamover.hpp:5934->/home/x_thileeb/repos/ops-hls-batching-new/codegen_apps/tiling/poisson2d/u280_project/maxtile_8192_interleave_p8/hls/device/src/datamover_outerloop_0.cpp:225]   --->   Operation 70 'load' 'indvars_iv_i_load' <Predicate = (icmp_ln5958)> <Delay = 0.00>
ST_3 : Operation 71 [1/1] (0.78ns)   --->   "%add_ln5934_2 = add i16 %indvars_iv_i_load, i16 %p_read410" [/home/x_thileeb/repos/ops-hls-batching-new/OPS/ops/hls/include/device/../../L1/include/ops_hls_datamover.hpp:5934->/home/x_thileeb/repos/ops-hls-batching-new/codegen_apps/tiling/poisson2d/u280_project/maxtile_8192_interleave_p8/hls/device/src/datamover_outerloop_0.cpp:225]   --->   Operation 71 'add' 'add_ln5934_2' <Predicate = (icmp_ln5958)> <Delay = 0.78> <CoreInst = "Adder">   --->   Core 1 'Adder' <Latency = 0> <II = 1> <Delay = 0.78> <FuncUnit> <Opcode : 'add' 'sub'> <InPorts = 2> <OutPorts = 1>
ST_3 : Operation 72 [1/1] (0.38ns)   --->   "%store_ln5934 = store i16 %add_ln5934, i16 %tile_x" [/home/x_thileeb/repos/ops-hls-batching-new/OPS/ops/hls/include/device/../../L1/include/ops_hls_datamover.hpp:5934->/home/x_thileeb/repos/ops-hls-batching-new/codegen_apps/tiling/poisson2d/u280_project/maxtile_8192_interleave_p8/hls/device/src/datamover_outerloop_0.cpp:225]   --->   Operation 72 'store' 'store_ln5934' <Predicate = (icmp_ln5958)> <Delay = 0.38>
ST_3 : Operation 73 [1/1] (0.38ns)   --->   "%store_ln5934 = store i16 %add_ln5934_2, i16 %indvars_iv_i" [/home/x_thileeb/repos/ops-hls-batching-new/OPS/ops/hls/include/device/../../L1/include/ops_hls_datamover.hpp:5934->/home/x_thileeb/repos/ops-hls-batching-new/codegen_apps/tiling/poisson2d/u280_project/maxtile_8192_interleave_p8/hls/device/src/datamover_outerloop_0.cpp:225]   --->   Operation 73 'store' 'store_ln5934' <Predicate = (icmp_ln5958)> <Delay = 0.38>
ST_3 : Operation 74 [1/1] (0.00ns)   --->   "%br_ln5934 = br void %for.body.i" [/home/x_thileeb/repos/ops-hls-batching-new/OPS/ops/hls/include/device/../../L1/include/ops_hls_datamover.hpp:5934->/home/x_thileeb/repos/ops-hls-batching-new/codegen_apps/tiling/poisson2d/u280_project/maxtile_8192_interleave_p8/hls/device/src/datamover_outerloop_0.cpp:225]   --->   Operation 74 'br' 'br_ln5934' <Predicate = (icmp_ln5958)> <Delay = 0.00>

State 4 <SV = 3> <Delay = 2.43>
ST_4 : Operation 75 [2/2] (2.43ns)   --->   "%call_ln5959 = call void @interleaveTileMem2Stream2D_inner.1, i256 %arg0_read_mem_strm_g2_0, i256 %arg0_read_mem_strm_g2_1, i14 %add_ln5952, i14 %add_ln5952_1, i256 %gmem4, i64 %add_ln5960, i256 %gmem5, i64 %add_ln5960_2" [/home/x_thileeb/repos/ops-hls-batching-new/OPS/ops/hls/include/device/../../L1/include/ops_hls_datamover.hpp:5959->/home/x_thileeb/repos/ops-hls-batching-new/codegen_apps/tiling/poisson2d/u280_project/maxtile_8192_interleave_p8/hls/device/src/datamover_outerloop_0.cpp:225]   --->   Operation 75 'call' 'call_ln5959' <Predicate = true> <Delay = 2.43> <CoreType = "Generic">   --->   Core 0 '' <Latency = 0> <II = 1> <Delay = 1.00> <Generic> <Opcode : >

State 5 <SV = 4> <Delay = 0.00>
ST_5 : Operation 76 [1/1] (0.00ns)   --->   "%specloopname_ln5955 = specloopname void @_ssdm_op_SpecLoopName, void @empty_9" [/home/x_thileeb/repos/ops-hls-batching-new/OPS/ops/hls/include/device/../../L1/include/ops_hls_datamover.hpp:5955->/home/x_thileeb/repos/ops-hls-batching-new/codegen_apps/tiling/poisson2d/u280_project/maxtile_8192_interleave_p8/hls/device/src/datamover_outerloop_0.cpp:225]   --->   Operation 76 'specloopname' 'specloopname_ln5955' <Predicate = true> <Delay = 0.00>
ST_5 : Operation 77 [1/2] (0.00ns)   --->   "%call_ln5959 = call void @interleaveTileMem2Stream2D_inner.1, i256 %arg0_read_mem_strm_g2_0, i256 %arg0_read_mem_strm_g2_1, i14 %add_ln5952, i14 %add_ln5952_1, i256 %gmem4, i64 %add_ln5960, i256 %gmem5, i64 %add_ln5960_2" [/home/x_thileeb/repos/ops-hls-batching-new/OPS/ops/hls/include/device/../../L1/include/ops_hls_datamover.hpp:5959->/home/x_thileeb/repos/ops-hls-batching-new/codegen_apps/tiling/poisson2d/u280_project/maxtile_8192_interleave_p8/hls/device/src/datamover_outerloop_0.cpp:225]   --->   Operation 77 'call' 'call_ln5959' <Predicate = true> <Delay = 0.00> <CoreType = "Generic">   --->   Core 0 '' <Latency = 0> <II = 1> <Delay = 1.00> <Generic> <Opcode : >
ST_5 : Operation 78 [1/1] (0.00ns)   --->   "%br_ln5958 = br void %for.inc47.i" [/home/x_thileeb/repos/ops-hls-batching-new/OPS/ops/hls/include/device/../../L1/include/ops_hls_datamover.hpp:5958->/home/x_thileeb/repos/ops-hls-batching-new/codegen_apps/tiling/poisson2d/u280_project/maxtile_8192_interleave_p8/hls/device/src/datamover_outerloop_0.cpp:225]   --->   Operation 78 'br' 'br_ln5958' <Predicate = true> <Delay = 0.00>


============================================================
+ Verbose Summary: Binding
============================================================
STG Binding: 
---------------- STG Properties BEGIN ----------------
- Is combinational: 0
- Is one-state seq: 0
- Is datapath-only: 0
- Is pipelined: 0
- Is top level: 0
Port [ Return ] is wired: 1; IO mode=ap_ctrl_hs:ce=0
Port [ arg0_read_mem_strm_g2_0]:  wired=1; compound=1; hidden=0; nouse=0; global=0; static=0; extern=0; dir=1; type=3; pingpong=0; private_global=0; IO mode=ap_fifo:ce=0
Port [ arg0_read_mem_strm_g2_1]:  wired=1; compound=1; hidden=0; nouse=0; global=0; static=0; extern=0; dir=1; type=3; pingpong=0; private_global=0; IO mode=ap_fifo:ce=0
Port [ p_read]:  wired=1; compound=0; hidden=0; nouse=0; global=0; static=0; extern=0; dir=0; type=0; pingpong=0; private_global=0; IO mode=ap_none:ce=0
Port [ p_read1]:  wired=1; compound=0; hidden=0; nouse=0; global=0; static=0; extern=0; dir=0; type=0; pingpong=0; private_global=0; IO mode=ap_none:ce=0
Port [ p_read2]:  wired=1; compound=0; hidden=0; nouse=0; global=0; static=0; extern=0; dir=0; type=0; pingpong=0; private_global=0; IO mode=ap_none:ce=0
Port [ p_read3]:  wired=1; compound=0; hidden=0; nouse=0; global=0; static=0; extern=0; dir=0; type=0; pingpong=0; private_global=0; IO mode=ap_none:ce=0
Port [ p_read4]:  wired=1; compound=0; hidden=0; nouse=0; global=0; static=0; extern=0; dir=0; type=0; pingpong=0; private_global=0; IO mode=ap_none:ce=0
Port [ p_read5]:  wired=1; compound=0; hidden=0; nouse=0; global=0; static=0; extern=0; dir=0; type=0; pingpong=0; private_global=0; IO mode=ap_none:ce=0
Port [ gmem4]:  wired=1; compound=1; hidden=0; nouse=0; global=0; static=0; extern=0; dir=0; type=4; pingpong=0; private_global=0; IO mode=m_axi:ce=0
Port [ arg0_b4]:  wired=1; compound=0; hidden=0; nouse=0; global=0; static=0; extern=0; dir=0; type=0; pingpong=0; private_global=0; IO mode=ap_none:ce=0
Port [ gmem5]:  wired=1; compound=1; hidden=0; nouse=0; global=0; static=0; extern=0; dir=0; type=4; pingpong=0; private_global=0; IO mode=m_axi:ce=0
Port [ arg0_b5]:  wired=1; compound=0; hidden=0; nouse=0; global=0; static=0; extern=0; dir=0; type=0; pingpong=0; private_global=0; IO mode=ap_none:ce=0
Port [ memconfig_grid_size_y_c97]:  wired=1; compound=1; hidden=0; nouse=0; global=0; static=0; extern=0; dir=1; type=3; pingpong=0; private_global=0; IO mode=ap_fifo:ce=0
Port [ memconfig_tile_count_x_c104]:  wired=1; compound=1; hidden=0; nouse=0; global=0; static=0; extern=0; dir=1; type=3; pingpong=0; private_global=0; IO mode=ap_fifo:ce=0
Port [ memconfig_tile_size_x_c111]:  wired=1; compound=1; hidden=0; nouse=0; global=0; static=0; extern=0; dir=1; type=3; pingpong=0; private_global=0; IO mode=ap_fifo:ce=0
Port [ memconfig_last_tile_size_x_c124]:  wired=1; compound=1; hidden=0; nouse=0; global=0; static=0; extern=0; dir=1; type=3; pingpong=0; private_global=0; IO mode=ap_fifo:ce=0
---------------- STG Properties END ------------------

---------------- Datapath Model BEGIN ----------------

<LifeTime>
<method=bitvector/>
indvars_iv_i               (alloca           ) [ 011111]
tile_x                     (alloca           ) [ 011111]
specinterface_ln0          (specinterface    ) [ 000000]
arg0_b5_read               (read             ) [ 001111]
arg0_b4_read               (read             ) [ 001111]
p_read511                  (read             ) [ 001111]
p_read410                  (read             ) [ 001111]
p_read39                   (read             ) [ 001111]
p_read28                   (read             ) [ 001111]
p_read17                   (read             ) [ 001111]
p_read_13                  (read             ) [ 000000]
write_ln0                  (write            ) [ 000000]
specinterface_ln0          (specinterface    ) [ 000000]
write_ln0                  (write            ) [ 000000]
specinterface_ln0          (specinterface    ) [ 000000]
write_ln0                  (write            ) [ 000000]
specinterface_ln0          (specinterface    ) [ 000000]
write_ln217                (write            ) [ 000000]
specinterface_ln0          (specinterface    ) [ 000000]
specinterface_ln0          (specinterface    ) [ 000000]
specinterface_ln0          (specinterface    ) [ 000000]
specinterface_ln0          (specinterface    ) [ 000000]
zext_ln5924                (zext             ) [ 000000]
add_ln5924                 (add              ) [ 000000]
lshr_ln                    (partselect       ) [ 000000]
config_tile_count_x_cast_i (zext             ) [ 000000]
sub_i                      (add              ) [ 001111]
zext_ln5934                (zext             ) [ 001111]
store_ln5934               (store            ) [ 000000]
store_ln5934               (store            ) [ 000000]
br_ln5934                  (br               ) [ 000000]
tile_x_11                  (load             ) [ 000000]
zext_ln5934_2              (zext             ) [ 000000]
icmp_ln5934                (icmp             ) [ 001111]
speclooptripcount_ln0      (speclooptripcount) [ 000000]
add_ln5934                 (add              ) [ 000111]
br_ln5934                  (br               ) [ 000000]
indvars_iv_i_load_3        (load             ) [ 000000]
specloopname_ln5934        (specloopname     ) [ 000000]
lshr_ln1                   (partselect       ) [ 000000]
zext_ln5937                (zext             ) [ 001111]
icmp_ln5937                (icmp             ) [ 000000]
tile_size_x                (select           ) [ 000000]
rem_x                      (trunc            ) [ 000000]
trunc_ln                   (partselect       ) [ 000000]
zext_ln5942                (zext             ) [ 000000]
icmp_ln5952                (icmp             ) [ 000000]
zext_ln5952                (zext             ) [ 000000]
add_ln5952                 (add              ) [ 000111]
icmp_ln5952_1              (icmp             ) [ 000000]
zext_ln5952_1              (zext             ) [ 000000]
add_ln5952_1               (add              ) [ 000111]
br_ln5958                  (br               ) [ 001111]
ret_ln225                  (ret              ) [ 000000]
row_base                   (phi              ) [ 000100]
j                          (phi              ) [ 000100]
icmp_ln5958                (icmp             ) [ 001111]
j_7                        (add              ) [ 001111]
br_ln5958                  (br               ) [ 000000]
shl_ln                     (bitconcatenate   ) [ 000000]
zext_ln5960                (zext             ) [ 000000]
add_ln5960                 (add              ) [ 000011]
add_ln5960_2               (add              ) [ 000011]
add_ln5961                 (add              ) [ 001111]
indvars_iv_i_load          (load             ) [ 000000]
add_ln5934_2               (add              ) [ 000000]
store_ln5934               (store            ) [ 000000]
store_ln5934               (store            ) [ 000000]
br_ln5934                  (br               ) [ 000000]
specloopname_ln5955        (specloopname     ) [ 000000]
call_ln5959                (call             ) [ 000000]
br_ln5958                  (br               ) [ 001111]
</LifeTime>

<model>

<comp_list>
<comp id="0" class="1000" name="arg0_read_mem_strm_g2_0">
<pin_list>
<pin id="1" dir="1" index="0" bw="1" slack="0"/>
</pin_list>
<bind>
<StgValue><ssdm name="arg0_read_mem_strm_g2_0"/></StgValue>
</bind>
</comp>

<comp id="2" class="1000" name="arg0_read_mem_strm_g2_1">
<pin_list>
<pin id="3" dir="1" index="0" bw="1" slack="0"/>
</pin_list>
<bind>
<StgValue><ssdm name="arg0_read_mem_strm_g2_1"/></StgValue>
</bind>
</comp>

<comp id="4" class="1000" name="p_read">
<pin_list>
<pin id="5" dir="1" index="0" bw="1" slack="0"/>
</pin_list>
<bind>
<StgValue><ssdm name="p_read"/></StgValue>
</bind>
</comp>

<comp id="6" class="1000" name="p_read1">
<pin_list>
<pin id="7" dir="1" index="0" bw="1" slack="0"/>
</pin_list>
<bind>
<StgValue><ssdm name="p_read1"/></StgValue>
</bind>
</comp>

<comp id="8" class="1000" name="p_read2">
<pin_list>
<pin id="9" dir="1" index="0" bw="1" slack="0"/>
</pin_list>
<bind>
<StgValue><ssdm name="p_read2"/></StgValue>
</bind>
</comp>

<comp id="10" class="1000" name="p_read3">
<pin_list>
<pin id="11" dir="1" index="0" bw="1" slack="0"/>
</pin_list>
<bind>
<StgValue><ssdm name="p_read3"/></StgValue>
</bind>
</comp>

<comp id="12" class="1000" name="p_read4">
<pin_list>
<pin id="13" dir="1" index="0" bw="1" slack="0"/>
</pin_list>
<bind>
<StgValue><ssdm name="p_read4"/></StgValue>
</bind>
</comp>

<comp id="14" class="1000" name="p_read5">
<pin_list>
<pin id="15" dir="1" index="0" bw="1" slack="0"/>
</pin_list>
<bind>
<StgValue><ssdm name="p_read5"/></StgValue>
</bind>
</comp>

<comp id="16" class="1000" name="gmem4">
<pin_list>
<pin id="17" dir="1" index="0" bw="1" slack="0"/>
</pin_list>
<bind>
<StgValue><ssdm name="gmem4"/></StgValue>
</bind>
</comp>

<comp id="18" class="1000" name="arg0_b4">
<pin_list>
<pin id="19" dir="1" index="0" bw="1" slack="0"/>
</pin_list>
<bind>
<StgValue><ssdm name="arg0_b4"/></StgValue>
</bind>
</comp>

<comp id="20" class="1000" name="gmem5">
<pin_list>
<pin id="21" dir="1" index="0" bw="1" slack="0"/>
</pin_list>
<bind>
<StgValue><ssdm name="gmem5"/></StgValue>
</bind>
</comp>

<comp id="22" class="1000" name="arg0_b5">
<pin_list>
<pin id="23" dir="1" index="0" bw="1" slack="0"/>
</pin_list>
<bind>
<StgValue><ssdm name="arg0_b5"/></StgValue>
</bind>
</comp>

<comp id="24" class="1000" name="memconfig_grid_size_y_c97">
<pin_list>
<pin id="25" dir="1" index="0" bw="1" slack="0"/>
</pin_list>
<bind>
<StgValue><ssdm name="memconfig_grid_size_y_c97"/></StgValue>
</bind>
</comp>

<comp id="26" class="1000" name="memconfig_tile_count_x_c104">
<pin_list>
<pin id="27" dir="1" index="0" bw="1" slack="0"/>
</pin_list>
<bind>
<StgValue><ssdm name="memconfig_tile_count_x_c104"/></StgValue>
</bind>
</comp>

<comp id="28" class="1000" name="memconfig_tile_size_x_c111">
<pin_list>
<pin id="29" dir="1" index="0" bw="1" slack="0"/>
</pin_list>
<bind>
<StgValue><ssdm name="memconfig_tile_size_x_c111"/></StgValue>
</bind>
</comp>

<comp id="30" class="1000" name="memconfig_last_tile_size_x_c124">
<pin_list>
<pin id="31" dir="1" index="0" bw="1" slack="0"/>
</pin_list>
<bind>
<StgValue><ssdm name="memconfig_last_tile_size_x_c124"/></StgValue>
</bind>
</comp>

<comp id="32" class="1001" name="const_32">
<pin_list>
<pin id="33" dir="1" index="0" bw="1" slack="0"/>
</pin_list>
<bind>
<StgValue><ssdm name=""/></StgValue>
</bind>
</comp>

<comp id="34" class="1001" name="const_34">
<pin_list>
<pin id="35" dir="1" index="0" bw="1" slack="2147483647"/>
</pin_list>
<bind>
<StgValue><ssdm name="_ssdm_op_SpecInterface"/></StgValue>
</bind>
</comp>

<comp id="36" class="1001" name="const_36">
<pin_list>
<pin id="37" dir="1" index="0" bw="1" slack="2147483647"/>
</pin_list>
<bind>
<StgValue><ssdm name="ap_fifo_str"/></StgValue>
</bind>
</comp>

<comp id="38" class="1001" name="const_38">
<pin_list>
<pin id="39" dir="1" index="0" bw="1" slack="2147483647"/>
</pin_list>
<bind>
<StgValue><ssdm name=""/></StgValue>
</bind>
</comp>

<comp id="40" class="1001" name="const_40">
<pin_list>
<pin id="41" dir="1" index="0" bw="1" slack="2147483647"/>
</pin_list>
<bind>
<StgValue><ssdm name="p_str"/></StgValue>
</bind>
</comp>

<comp id="42" class="1001" name="const_42">
<pin_list>
<pin id="43" dir="1" index="0" bw="1" slack="2147483647"/>
</pin_list>
<bind>
<StgValue><ssdm name=""/></StgValue>
</bind>
</comp>

<comp id="44" class="1001" name="const_44">
<pin_list>
<pin id="45" dir="1" index="0" bw="1" slack="2147483647"/>
</pin_list>
<bind>
<StgValue><ssdm name=""/></StgValue>
</bind>
</comp>

<comp id="46" class="1001" name="const_46">
<pin_list>
<pin id="47" dir="1" index="0" bw="1" slack="2147483647"/>
</pin_list>
<bind>
<StgValue><ssdm name="ScalarProp_str"/></StgValue>
</bind>
</comp>

<comp id="48" class="1001" name="const_48">
<pin_list>
<pin id="49" dir="1" index="0" bw="1" slack="2147483647"/>
</pin_list>
<bind>
<StgValue><ssdm name=""/></StgValue>
</bind>
</comp>

<comp id="50" class="1001" name="const_50">
<pin_list>
<pin id="51" dir="1" index="0" bw="1" slack="0"/>
</pin_list>
<bind>
<StgValue><ssdm name="_ssdm_op_Read.ap_auto.i64"/></StgValue>
</bind>
</comp>

<comp id="52" class="1001" name="const_52">
<pin_list>
<pin id="53" dir="1" index="0" bw="1" slack="0"/>
</pin_list>
<bind>
<StgValue><ssdm name="_ssdm_op_Read.ap_auto.i16"/></StgValue>
</bind>
</comp>

<comp id="54" class="1001" name="const_54">
<pin_list>
<pin id="55" dir="1" index="0" bw="1" slack="0"/>
</pin_list>
<bind>
<StgValue><ssdm name="_ssdm_op_Read.ap_auto.i13"/></StgValue>
</bind>
</comp>

<comp id="56" class="1001" name="const_56">
<pin_list>
<pin id="57" dir="1" index="0" bw="1" slack="0"/>
</pin_list>
<bind>
<StgValue><ssdm name="_ssdm_op_Write.ap_fifo.i16P0A"/></StgValue>
</bind>
</comp>

<comp id="58" class="1001" name="const_58">
<pin_list>
<pin id="59" dir="1" index="0" bw="1" slack="2147483647"/>
</pin_list>
<bind>
<StgValue><ssdm name="empty_42"/></StgValue>
</bind>
</comp>

<comp id="60" class="1001" name="const_60">
<pin_list>
<pin id="61" dir="1" index="0" bw="1" slack="2147483647"/>
</pin_list>
<bind>
<StgValue><ssdm name="empty_11"/></StgValue>
</bind>
</comp>

<comp id="62" class="1001" name="const_62">
<pin_list>
<pin id="63" dir="1" index="0" bw="1" slack="2147483647"/>
</pin_list>
<bind>
<StgValue><ssdm name="empty_2"/></StgValue>
</bind>
</comp>

<comp id="64" class="1001" name="const_64">
<pin_list>
<pin id="65" dir="1" index="0" bw="1" slack="2147483647"/>
</pin_list>
<bind>
<StgValue><ssdm name=""/></StgValue>
</bind>
</comp>

<comp id="66" class="1001" name="const_66">
<pin_list>
<pin id="67" dir="1" index="0" bw="1" slack="2147483647"/>
</pin_list>
<bind>
<StgValue><ssdm name=""/></StgValue>
</bind>
</comp>

<comp id="68" class="1001" name="const_68">
<pin_list>
<pin id="69" dir="1" index="0" bw="1" slack="2147483647"/>
</pin_list>
<bind>
<StgValue><ssdm name="empty_15"/></StgValue>
</bind>
</comp>

<comp id="70" class="1001" name="const_70">
<pin_list>
<pin id="71" dir="1" index="0" bw="1" slack="2147483647"/>
</pin_list>
<bind>
<StgValue><ssdm name="empty_57"/></StgValue>
</bind>
</comp>

<comp id="72" class="1001" name="const_72">
<pin_list>
<pin id="73" dir="1" index="0" bw="1" slack="2147483647"/>
</pin_list>
<bind>
<StgValue><ssdm name=""/></StgValue>
</bind>
</comp>

<comp id="74" class="1001" name="const_74">
<pin_list>
<pin id="75" dir="1" index="0" bw="1" slack="2147483647"/>
</pin_list>
<bind>
<StgValue><ssdm name="empty_52"/></StgValue>
</bind>
</comp>

<comp id="76" class="1001" name="const_76">
<pin_list>
<pin id="77" dir="1" index="0" bw="1" slack="0"/>
</pin_list>
<bind>
<StgValue><ssdm name=""/></StgValue>
</bind>
</comp>

<comp id="78" class="1001" name="const_78">
<pin_list>
<pin id="79" dir="1" index="0" bw="1" slack="0"/>
</pin_list>
<bind>
<StgValue><ssdm name="_ssdm_op_PartSelect.i11.i14.i32.i32"/></StgValue>
</bind>
</comp>

<comp id="80" class="1001" name="const_80">
<pin_list>
<pin id="81" dir="1" index="0" bw="1" slack="0"/>
</pin_list>
<bind>
<StgValue><ssdm name=""/></StgValue>
</bind>
</comp>

<comp id="82" class="1001" name="const_82">
<pin_list>
<pin id="83" dir="1" index="0" bw="1" slack="0"/>
</pin_list>
<bind>
<StgValue><ssdm name=""/></StgValue>
</bind>
</comp>

<comp id="84" class="1001" name="const_84">
<pin_list>
<pin id="85" dir="1" index="0" bw="1" slack="0"/>
</pin_list>
<bind>
<StgValue><ssdm name=""/></StgValue>
</bind>
</comp>

<comp id="86" class="1001" name="const_86">
<pin_list>
<pin id="87" dir="1" index="0" bw="1" slack="0"/>
</pin_list>
<bind>
<StgValue><ssdm name=""/></StgValue>
</bind>
</comp>

<comp id="88" class="1001" name="const_88">
<pin_list>
<pin id="89" dir="1" index="0" bw="1" slack="2147483647"/>
</pin_list>
<bind>
<StgValue><ssdm name="_ssdm_op_SpecLoopTripCount"/></StgValue>
</bind>
</comp>

<comp id="90" class="1001" name="const_90">
<pin_list>
<pin id="91" dir="1" index="0" bw="1" slack="2147483647"/>
</pin_list>
<bind>
<StgValue><ssdm name=""/></StgValue>
</bind>
</comp>

<comp id="92" class="1001" name="const_92">
<pin_list>
<pin id="93" dir="1" index="0" bw="1" slack="2147483647"/>
</pin_list>
<bind>
<StgValue><ssdm name=""/></StgValue>
</bind>
</comp>

<comp id="94" class="1001" name="const_94">
<pin_list>
<pin id="95" dir="1" index="0" bw="1" slack="0"/>
</pin_list>
<bind>
<StgValue><ssdm name=""/></StgValue>
</bind>
</comp>

<comp id="96" class="1001" name="const_96">
<pin_list>
<pin id="97" dir="1" index="0" bw="1" slack="2147483647"/>
</pin_list>
<bind>
<StgValue><ssdm name="_ssdm_op_SpecLoopName"/></StgValue>
</bind>
</comp>

<comp id="98" class="1001" name="const_98">
<pin_list>
<pin id="99" dir="1" index="0" bw="1" slack="2147483647"/>
</pin_list>
<bind>
<StgValue><ssdm name="empty_19"/></StgValue>
</bind>
</comp>

<comp id="100" class="1001" name="const_100">
<pin_list>
<pin id="101" dir="1" index="0" bw="1" slack="0"/>
</pin_list>
<bind>
<StgValue><ssdm name="_ssdm_op_PartSelect.i13.i16.i32.i32"/></StgValue>
</bind>
</comp>

<comp id="102" class="1001" name="const_102">
<pin_list>
<pin id="103" dir="1" index="0" bw="1" slack="0"/>
</pin_list>
<bind>
<StgValue><ssdm name=""/></StgValue>
</bind>
</comp>

<comp id="104" class="1001" name="const_104">
<pin_list>
<pin id="105" dir="1" index="0" bw="1" slack="0"/>
</pin_list>
<bind>
<StgValue><ssdm name=""/></StgValue>
</bind>
</comp>

<comp id="106" class="1001" name="const_106">
<pin_list>
<pin id="107" dir="1" index="0" bw="1" slack="0"/>
</pin_list>
<bind>
<StgValue><ssdm name=""/></StgValue>
</bind>
</comp>

<comp id="108" class="1001" name="const_108">
<pin_list>
<pin id="109" dir="1" index="0" bw="1" slack="0"/>
</pin_list>
<bind>
<StgValue><ssdm name="_ssdm_op_BitConcatenate.i32.i27.i5"/></StgValue>
</bind>
</comp>

<comp id="110" class="1001" name="const_110">
<pin_list>
<pin id="111" dir="1" index="0" bw="1" slack="0"/>
</pin_list>
<bind>
<StgValue><ssdm name=""/></StgValue>
</bind>
</comp>

<comp id="112" class="1001" name="const_112">
<pin_list>
<pin id="113" dir="1" index="0" bw="1" slack="0"/>
</pin_list>
<bind>
<StgValue><ssdm name="interleaveTileMem2Stream2D_inner.1"/></StgValue>
</bind>
</comp>

<comp id="114" class="1001" name="const_114">
<pin_list>
<pin id="115" dir="1" index="0" bw="1" slack="2147483647"/>
</pin_list>
<bind>
<StgValue><ssdm name="empty_9"/></StgValue>
</bind>
</comp>

<comp id="116" class="1004" name="indvars_iv_i_fu_116">
<pin_list>
<pin id="117" dir="0" index="0" bw="1" slack="0"/>
<pin id="118" dir="1" index="1" bw="16" slack="0"/>
</pin_list>
<bind>
<opcode="alloca(26) " fcode="alloca"/>
<opset="indvars_iv_i/1 "/>
</bind>
</comp>

<comp id="120" class="1004" name="tile_x_fu_120">
<pin_list>
<pin id="121" dir="0" index="0" bw="1" slack="0"/>
<pin id="122" dir="1" index="1" bw="16" slack="0"/>
</pin_list>
<bind>
<opcode="alloca(26) " fcode="alloca"/>
<opset="tile_x/1 "/>
</bind>
</comp>

<comp id="124" class="1004" name="arg0_b5_read_read_fu_124">
<pin_list>
<pin id="125" dir="0" index="0" bw="64" slack="0"/>
<pin id="126" dir="0" index="1" bw="64" slack="0"/>
<pin id="127" dir="1" index="2" bw="64" slack="2"/>
</pin_list>
<bind>
<opcode="read(1150) " fcode="read"/>
<opset="arg0_b5_read/1 "/>
</bind>
</comp>

<comp id="130" class="1004" name="arg0_b4_read_read_fu_130">
<pin_list>
<pin id="131" dir="0" index="0" bw="64" slack="0"/>
<pin id="132" dir="0" index="1" bw="64" slack="0"/>
<pin id="133" dir="1" index="2" bw="64" slack="2"/>
</pin_list>
<bind>
<opcode="read(1150) " fcode="read"/>
<opset="arg0_b4_read/1 "/>
</bind>
</comp>

<comp id="136" class="1004" name="p_read511_read_fu_136">
<pin_list>
<pin id="137" dir="0" index="0" bw="16" slack="0"/>
<pin id="138" dir="0" index="1" bw="16" slack="0"/>
<pin id="139" dir="1" index="2" bw="16" slack="0"/>
</pin_list>
<bind>
<opcode="read(1150) " fcode="read"/>
<opset="p_read511/1 "/>
</bind>
</comp>

<comp id="142" class="1004" name="p_read410_read_fu_142">
<pin_list>
<pin id="143" dir="0" index="0" bw="16" slack="0"/>
<pin id="144" dir="0" index="1" bw="16" slack="0"/>
<pin id="145" dir="1" index="2" bw="16" slack="2"/>
</pin_list>
<bind>
<opcode="read(1150) " fcode="read"/>
<opset="p_read410/1 "/>
</bind>
</comp>

<comp id="148" class="1004" name="p_read39_read_fu_148">
<pin_list>
<pin id="149" dir="0" index="0" bw="16" slack="0"/>
<pin id="150" dir="0" index="1" bw="16" slack="0"/>
<pin id="151" dir="1" index="2" bw="16" slack="0"/>
</pin_list>
<bind>
<opcode="read(1150) " fcode="read"/>
<opset="p_read39/1 "/>
</bind>
</comp>

<comp id="154" class="1004" name="p_read28_read_fu_154">
<pin_list>
<pin id="155" dir="0" index="0" bw="16" slack="0"/>
<pin id="156" dir="0" index="1" bw="16" slack="0"/>
<pin id="157" dir="1" index="2" bw="16" slack="0"/>
</pin_list>
<bind>
<opcode="read(1150) " fcode="read"/>
<opset="p_read28/1 "/>
</bind>
</comp>

<comp id="160" class="1004" name="p_read17_read_fu_160">
<pin_list>
<pin id="161" dir="0" index="0" bw="16" slack="0"/>
<pin id="162" dir="0" index="1" bw="16" slack="0"/>
<pin id="163" dir="1" index="2" bw="16" slack="0"/>
</pin_list>
<bind>
<opcode="read(1150) " fcode="read"/>
<opset="p_read17/1 "/>
</bind>
</comp>

<comp id="166" class="1004" name="p_read_13_read_fu_166">
<pin_list>
<pin id="167" dir="0" index="0" bw="13" slack="0"/>
<pin id="168" dir="0" index="1" bw="13" slack="0"/>
<pin id="169" dir="1" index="2" bw="13" slack="0"/>
</pin_list>
<bind>
<opcode="read(1150) " fcode="read"/>
<opset="p_read_13/1 "/>
</bind>
</comp>

<comp id="172" class="1004" name="write_ln0_write_fu_172">
<pin_list>
<pin id="173" dir="0" index="0" bw="0" slack="0"/>
<pin id="174" dir="0" index="1" bw="16" slack="0"/>
<pin id="175" dir="0" index="2" bw="16" slack="0"/>
<pin id="176" dir="1" index="3" bw="0" slack="2147483647"/>
</pin_list>
<bind>
<opcode="write(1151) " fcode="write"/>
<opset="write_ln0/1 "/>
</bind>
</comp>

<comp id="180" class="1004" name="write_ln0_write_fu_180">
<pin_list>
<pin id="181" dir="0" index="0" bw="0" slack="0"/>
<pin id="182" dir="0" index="1" bw="16" slack="0"/>
<pin id="183" dir="0" index="2" bw="16" slack="0"/>
<pin id="184" dir="1" index="3" bw="0" slack="2147483647"/>
</pin_list>
<bind>
<opcode="write(1151) " fcode="write"/>
<opset="write_ln0/1 "/>
</bind>
</comp>

<comp id="188" class="1004" name="write_ln0_write_fu_188">
<pin_list>
<pin id="189" dir="0" index="0" bw="0" slack="0"/>
<pin id="190" dir="0" index="1" bw="16" slack="0"/>
<pin id="191" dir="0" index="2" bw="16" slack="0"/>
<pin id="192" dir="1" index="3" bw="0" slack="2147483647"/>
</pin_list>
<bind>
<opcode="write(1151) " fcode="write"/>
<opset="write_ln0/1 "/>
</bind>
</comp>

<comp id="196" class="1004" name="write_ln217_write_fu_196">
<pin_list>
<pin id="197" dir="0" index="0" bw="0" slack="0"/>
<pin id="198" dir="0" index="1" bw="16" slack="0"/>
<pin id="199" dir="0" index="2" bw="16" slack="0"/>
<pin id="200" dir="1" index="3" bw="0" slack="2147483647"/>
</pin_list>
<bind>
<opcode="write(1151) " fcode="write"/>
<opset="write_ln217/1 "/>
</bind>
</comp>

<comp id="204" class="1005" name="row_base_reg_204">
<pin_list>
<pin id="205" dir="0" index="0" bw="27" slack="2147483647"/>
<pin id="206" dir="1" index="1" bw="27" slack="2147483647"/>
</pin_list>
<bind>
<opset="row_base (phireg) "/>
</bind>
</comp>

<comp id="207" class="1004" name="row_base_phi_fu_207">
<pin_list>
<pin id="208" dir="0" index="0" bw="27" slack="0"/>
<pin id="209" dir="0" index="1" bw="0" slack="2147483647"/>
<pin id="210" dir="0" index="2" bw="13" slack="1"/>
<pin id="211" dir="0" index="3" bw="0" slack="2147483647"/>
<pin id="212" dir="1" index="4" bw="27" slack="0"/>
</pin_list>
<bind>
<opcode="phi(47) " fcode="phi"/>
<opset="row_base/3 "/>
</bind>
</comp>

<comp id="213" class="1005" name="j_reg_213">
<pin_list>
<pin id="214" dir="0" index="0" bw="16" slack="1"/>
<pin id="215" dir="1" index="1" bw="16" slack="1"/>
</pin_list>
<bind>
<opset="j (phireg) "/>
</bind>
</comp>

<comp id="217" class="1004" name="j_phi_fu_217">
<pin_list>
<pin id="218" dir="0" index="0" bw="16" slack="0"/>
<pin id="219" dir="0" index="1" bw="0" slack="2147483647"/>
<pin id="220" dir="0" index="2" bw="1" slack="1"/>
<pin id="221" dir="0" index="3" bw="0" slack="2147483647"/>
<pin id="222" dir="1" index="4" bw="16" slack="0"/>
</pin_list>
<bind>
<opcode="phi(47) " fcode="phi"/>
<opset="j/3 "/>
</bind>
</comp>

<comp id="224" class="1004" name="grp_interleaveTileMem2Stream2D_inner_1_fu_224">
<pin_list>
<pin id="225" dir="0" index="0" bw="0" slack="0"/>
<pin id="226" dir="0" index="1" bw="256" slack="0"/>
<pin id="227" dir="0" index="2" bw="256" slack="0"/>
<pin id="228" dir="0" index="3" bw="14" slack="2"/>
<pin id="229" dir="0" index="4" bw="14" slack="2"/>
<pin id="230" dir="0" index="5" bw="256" slack="0"/>
<pin id="231" dir="0" index="6" bw="64" slack="1"/>
<pin id="232" dir="0" index="7" bw="256" slack="0"/>
<pin id="233" dir="0" index="8" bw="64" slack="1"/>
<pin id="234" dir="1" index="9" bw="0" slack="2147483647"/>
</pin_list>
<bind>
<opcode="call(48) " fcode="call"/>
<opset="call_ln5959/4 "/>
</bind>
</comp>

<comp id="240" class="1004" name="grp_load_fu_240">
<pin_list>
<pin id="241" dir="0" index="0" bw="16" slack="1"/>
<pin id="242" dir="1" index="1" bw="16" slack="0"/>
</pin_list>
<bind>
<opcode="load(27) " fcode="load"/>
<opset="indvars_iv_i_load_3/2 indvars_iv_i_load/3 "/>
</bind>
</comp>

<comp id="243" class="1004" name="zext_ln5924_fu_243">
<pin_list>
<pin id="244" dir="0" index="0" bw="13" slack="0"/>
<pin id="245" dir="1" index="1" bw="14" slack="0"/>
</pin_list>
<bind>
<opcode="zext(34) " fcode="zext"/>
<opset="zext_ln5924/1 "/>
</bind>
</comp>

<comp id="247" class="1004" name="add_ln5924_fu_247">
<pin_list>
<pin id="248" dir="0" index="0" bw="13" slack="0"/>
<pin id="249" dir="0" index="1" bw="4" slack="0"/>
<pin id="250" dir="1" index="2" bw="14" slack="0"/>
</pin_list>
<bind>
<opcode="add(8) " fcode="add"/>
<opset="add_ln5924/1 "/>
</bind>
</comp>

<comp id="253" class="1004" name="lshr_ln_fu_253">
<pin_list>
<pin id="254" dir="0" index="0" bw="11" slack="0"/>
<pin id="255" dir="0" index="1" bw="14" slack="0"/>
<pin id="256" dir="0" index="2" bw="3" slack="0"/>
<pin id="257" dir="0" index="3" bw="5" slack="0"/>
<pin id="258" dir="1" index="4" bw="11" slack="0"/>
</pin_list>
<bind>
<opcode="partselect(1002) " fcode="partselect"/>
<opset="lshr_ln/1 "/>
</bind>
</comp>

<comp id="263" class="1004" name="config_tile_count_x_cast_i_fu_263">
<pin_list>
<pin id="264" dir="0" index="0" bw="16" slack="0"/>
<pin id="265" dir="1" index="1" bw="17" slack="0"/>
</pin_list>
<bind>
<opcode="zext(34) " fcode="zext"/>
<opset="config_tile_count_x_cast_i/1 "/>
</bind>
</comp>

<comp id="267" class="1004" name="sub_i_fu_267">
<pin_list>
<pin id="268" dir="0" index="0" bw="16" slack="0"/>
<pin id="269" dir="0" index="1" bw="1" slack="0"/>
<pin id="270" dir="1" index="2" bw="17" slack="1"/>
</pin_list>
<bind>
<opcode="add(8) " fcode="add"/>
<opset="sub_i/1 "/>
</bind>
</comp>

<comp id="273" class="1004" name="zext_ln5934_fu_273">
<pin_list>
<pin id="274" dir="0" index="0" bw="11" slack="0"/>
<pin id="275" dir="1" index="1" bw="27" slack="2"/>
</pin_list>
<bind>
<opcode="zext(34) " fcode="zext"/>
<opset="zext_ln5934/1 "/>
</bind>
</comp>

<comp id="277" class="1004" name="store_ln5934_store_fu_277">
<pin_list>
<pin id="278" dir="0" index="0" bw="1" slack="0"/>
<pin id="279" dir="0" index="1" bw="16" slack="0"/>
<pin id="280" dir="1" index="2" bw="0" slack="2147483647"/>
</pin_list>
<bind>
<opcode="store(28) " fcode="store"/>
<opset="store_ln5934/1 "/>
</bind>
</comp>

<comp id="282" class="1004" name="store_ln5934_store_fu_282">
<pin_list>
<pin id="283" dir="0" index="0" bw="1" slack="0"/>
<pin id="284" dir="0" index="1" bw="16" slack="0"/>
<pin id="285" dir="1" index="2" bw="0" slack="2147483647"/>
</pin_list>
<bind>
<opcode="store(28) " fcode="store"/>
<opset="store_ln5934/1 "/>
</bind>
</comp>

<comp id="287" class="1004" name="tile_x_11_load_fu_287">
<pin_list>
<pin id="288" dir="0" index="0" bw="16" slack="1"/>
<pin id="289" dir="1" index="1" bw="16" slack="0"/>
</pin_list>
<bind>
<opcode="load(27) " fcode="load"/>
<opset="tile_x_11/2 "/>
</bind>
</comp>

<comp id="290" class="1004" name="zext_ln5934_2_fu_290">
<pin_list>
<pin id="291" dir="0" index="0" bw="16" slack="0"/>
<pin id="292" dir="1" index="1" bw="17" slack="0"/>
</pin_list>
<bind>
<opcode="zext(34) " fcode="zext"/>
<opset="zext_ln5934_2/2 "/>
</bind>
</comp>

<comp id="294" class="1004" name="icmp_ln5934_fu_294">
<pin_list>
<pin id="295" dir="0" index="0" bw="16" slack="0"/>
<pin id="296" dir="0" index="1" bw="16" slack="1"/>
<pin id="297" dir="1" index="2" bw="1" slack="2147483647"/>
</pin_list>
<bind>
<opcode="icmp(45) " fcode="icmp"/>
<opset="icmp_ln5934/2 "/>
</bind>
</comp>

<comp id="299" class="1004" name="add_ln5934_fu_299">
<pin_list>
<pin id="300" dir="0" index="0" bw="16" slack="0"/>
<pin id="301" dir="0" index="1" bw="1" slack="0"/>
<pin id="302" dir="1" index="2" bw="16" slack="1"/>
</pin_list>
<bind>
<opcode="add(8) " fcode="add"/>
<opset="add_ln5934/2 "/>
</bind>
</comp>

<comp id="305" class="1004" name="lshr_ln1_fu_305">
<pin_list>
<pin id="306" dir="0" index="0" bw="13" slack="0"/>
<pin id="307" dir="0" index="1" bw="16" slack="0"/>
<pin id="308" dir="0" index="2" bw="3" slack="0"/>
<pin id="309" dir="0" index="3" bw="5" slack="0"/>
<pin id="310" dir="1" index="4" bw="13" slack="0"/>
</pin_list>
<bind>
<opcode="partselect(1002) " fcode="partselect"/>
<opset="lshr_ln1/2 "/>
</bind>
</comp>

<comp id="315" class="1004" name="zext_ln5937_fu_315">
<pin_list>
<pin id="316" dir="0" index="0" bw="13" slack="0"/>
<pin id="317" dir="1" index="1" bw="27" slack="1"/>
</pin_list>
<bind>
<opcode="zext(34) " fcode="zext"/>
<opset="zext_ln5937/2 "/>
</bind>
</comp>

<comp id="319" class="1004" name="icmp_ln5937_fu_319">
<pin_list>
<pin id="320" dir="0" index="0" bw="17" slack="1"/>
<pin id="321" dir="0" index="1" bw="16" slack="0"/>
<pin id="322" dir="1" index="2" bw="1" slack="0"/>
</pin_list>
<bind>
<opcode="icmp(45) " fcode="icmp"/>
<opset="icmp_ln5937/2 "/>
</bind>
</comp>

<comp id="324" class="1004" name="tile_size_x_fu_324">
<pin_list>
<pin id="325" dir="0" index="0" bw="1" slack="0"/>
<pin id="326" dir="0" index="1" bw="16" slack="1"/>
<pin id="327" dir="0" index="2" bw="16" slack="1"/>
<pin id="328" dir="1" index="3" bw="16" slack="0"/>
</pin_list>
<bind>
<opcode="select(49) " fcode="select"/>
<opset="tile_size_x/2 "/>
</bind>
</comp>

<comp id="330" class="1004" name="rem_x_fu_330">
<pin_list>
<pin id="331" dir="0" index="0" bw="16" slack="0"/>
<pin id="332" dir="1" index="1" bw="3" slack="0"/>
</pin_list>
<bind>
<opcode="trunc(33) " fcode="trunc"/>
<opset="rem_x/2 "/>
</bind>
</comp>

<comp id="334" class="1004" name="trunc_ln_fu_334">
<pin_list>
<pin id="335" dir="0" index="0" bw="13" slack="0"/>
<pin id="336" dir="0" index="1" bw="16" slack="0"/>
<pin id="337" dir="0" index="2" bw="3" slack="0"/>
<pin id="338" dir="0" index="3" bw="5" slack="0"/>
<pin id="339" dir="1" index="4" bw="13" slack="0"/>
</pin_list>
<bind>
<opcode="partselect(1002) " fcode="partselect"/>
<opset="trunc_ln/2 "/>
</bind>
</comp>

<comp id="344" class="1004" name="zext_ln5942_fu_344">
<pin_list>
<pin id="345" dir="0" index="0" bw="13" slack="0"/>
<pin id="346" dir="1" index="1" bw="14" slack="0"/>
</pin_list>
<bind>
<opcode="zext(34) " fcode="zext"/>
<opset="zext_ln5942/2 "/>
</bind>
</comp>

<comp id="348" class="1004" name="icmp_ln5952_fu_348">
<pin_list>
<pin id="349" dir="0" index="0" bw="3" slack="0"/>
<pin id="350" dir="0" index="1" bw="3" slack="0"/>
<pin id="351" dir="1" index="2" bw="1" slack="0"/>
</pin_list>
<bind>
<opcode="icmp(45) " fcode="icmp"/>
<opset="icmp_ln5952/2 "/>
</bind>
</comp>

<comp id="354" class="1004" name="zext_ln5952_fu_354">
<pin_list>
<pin id="355" dir="0" index="0" bw="1" slack="0"/>
<pin id="356" dir="1" index="1" bw="14" slack="0"/>
</pin_list>
<bind>
<opcode="zext(34) " fcode="zext"/>
<opset="zext_ln5952/2 "/>
</bind>
</comp>

<comp id="358" class="1004" name="add_ln5952_fu_358">
<pin_list>
<pin id="359" dir="0" index="0" bw="13" slack="0"/>
<pin id="360" dir="0" index="1" bw="1" slack="0"/>
<pin id="361" dir="1" index="2" bw="14" slack="2"/>
</pin_list>
<bind>
<opcode="add(8) " fcode="add"/>
<opset="add_ln5952/2 "/>
</bind>
</comp>

<comp id="364" class="1004" name="icmp_ln5952_1_fu_364">
<pin_list>
<pin id="365" dir="0" index="0" bw="3" slack="0"/>
<pin id="366" dir="0" index="1" bw="3" slack="0"/>
<pin id="367" dir="1" index="2" bw="1" slack="0"/>
</pin_list>
<bind>
<opcode="icmp(45) " fcode="icmp"/>
<opset="icmp_ln5952_1/2 "/>
</bind>
</comp>

<comp id="370" class="1004" name="zext_ln5952_1_fu_370">
<pin_list>
<pin id="371" dir="0" index="0" bw="1" slack="0"/>
<pin id="372" dir="1" index="1" bw="14" slack="0"/>
</pin_list>
<bind>
<opcode="zext(34) " fcode="zext"/>
<opset="zext_ln5952_1/2 "/>
</bind>
</comp>

<comp id="374" class="1004" name="add_ln5952_1_fu_374">
<pin_list>
<pin id="375" dir="0" index="0" bw="13" slack="0"/>
<pin id="376" dir="0" index="1" bw="1" slack="0"/>
<pin id="377" dir="1" index="2" bw="14" slack="2"/>
</pin_list>
<bind>
<opcode="add(8) " fcode="add"/>
<opset="add_ln5952_1/2 "/>
</bind>
</comp>

<comp id="380" class="1004" name="icmp_ln5958_fu_380">
<pin_list>
<pin id="381" dir="0" index="0" bw="16" slack="0"/>
<pin id="382" dir="0" index="1" bw="16" slack="2"/>
<pin id="383" dir="1" index="2" bw="1" slack="2147483647"/>
</pin_list>
<bind>
<opcode="icmp(45) " fcode="icmp"/>
<opset="icmp_ln5958/3 "/>
</bind>
</comp>

<comp id="385" class="1004" name="j_7_fu_385">
<pin_list>
<pin id="386" dir="0" index="0" bw="16" slack="0"/>
<pin id="387" dir="0" index="1" bw="1" slack="0"/>
<pin id="388" dir="1" index="2" bw="16" slack="0"/>
</pin_list>
<bind>
<opcode="add(8) " fcode="add"/>
<opset="j_7/3 "/>
</bind>
</comp>

<comp id="391" class="1004" name="shl_ln_fu_391">
<pin_list>
<pin id="392" dir="0" index="0" bw="32" slack="0"/>
<pin id="393" dir="0" index="1" bw="27" slack="0"/>
<pin id="394" dir="0" index="2" bw="1" slack="0"/>
<pin id="395" dir="1" index="3" bw="32" slack="0"/>
</pin_list>
<bind>
<opcode="bitconcatenate(1004) " fcode="bitconcatenate"/>
<opset="shl_ln/3 "/>
</bind>
</comp>

<comp id="399" class="1004" name="zext_ln5960_fu_399">
<pin_list>
<pin id="400" dir="0" index="0" bw="32" slack="0"/>
<pin id="401" dir="1" index="1" bw="64" slack="0"/>
</pin_list>
<bind>
<opcode="zext(34) " fcode="zext"/>
<opset="zext_ln5960/3 "/>
</bind>
</comp>

<comp id="403" class="1004" name="add_ln5960_fu_403">
<pin_list>
<pin id="404" dir="0" index="0" bw="32" slack="0"/>
<pin id="405" dir="0" index="1" bw="64" slack="2"/>
<pin id="406" dir="1" index="2" bw="64" slack="1"/>
</pin_list>
<bind>
<opcode="add(8) " fcode="add"/>
<opset="add_ln5960/3 "/>
</bind>
</comp>

<comp id="408" class="1004" name="add_ln5960_2_fu_408">
<pin_list>
<pin id="409" dir="0" index="0" bw="32" slack="0"/>
<pin id="410" dir="0" index="1" bw="64" slack="2"/>
<pin id="411" dir="1" index="2" bw="64" slack="1"/>
</pin_list>
<bind>
<opcode="add(8) " fcode="add"/>
<opset="add_ln5960_2/3 "/>
</bind>
</comp>

<comp id="413" class="1004" name="add_ln5961_fu_413">
<pin_list>
<pin id="414" dir="0" index="0" bw="11" slack="2"/>
<pin id="415" dir="0" index="1" bw="27" slack="0"/>
<pin id="416" dir="1" index="2" bw="27" slack="0"/>
</pin_list>
<bind>
<opcode="add(8) " fcode="add"/>
<opset="add_ln5961/3 "/>
</bind>
</comp>

<comp id="418" class="1004" name="add_ln5934_2_fu_418">
<pin_list>
<pin id="419" dir="0" index="0" bw="16" slack="0"/>
<pin id="420" dir="0" index="1" bw="16" slack="2"/>
<pin id="421" dir="1" index="2" bw="16" slack="0"/>
</pin_list>
<bind>
<opcode="add(8) " fcode="add"/>
<opset="add_ln5934_2/3 "/>
</bind>
</comp>

<comp id="423" class="1004" name="store_ln5934_store_fu_423">
<pin_list>
<pin id="424" dir="0" index="0" bw="16" slack="1"/>
<pin id="425" dir="0" index="1" bw="16" slack="2"/>
<pin id="426" dir="1" index="2" bw="0" slack="2147483647"/>
</pin_list>
<bind>
<opcode="store(28) " fcode="store"/>
<opset="store_ln5934/3 "/>
</bind>
</comp>

<comp id="427" class="1004" name="store_ln5934_store_fu_427">
<pin_list>
<pin id="428" dir="0" index="0" bw="16" slack="0"/>
<pin id="429" dir="0" index="1" bw="16" slack="2"/>
<pin id="430" dir="1" index="2" bw="0" slack="2147483647"/>
</pin_list>
<bind>
<opcode="store(28) " fcode="store"/>
<opset="store_ln5934/3 "/>
</bind>
</comp>

<comp id="432" class="1005" name="indvars_iv_i_reg_432">
<pin_list>
<pin id="433" dir="0" index="0" bw="16" slack="0"/>
<pin id="434" dir="1" index="1" bw="16" slack="0"/>
</pin_list>
<bind>
<opset="indvars_iv_i "/>
</bind>
</comp>

<comp id="439" class="1005" name="tile_x_reg_439">
<pin_list>
<pin id="440" dir="0" index="0" bw="16" slack="0"/>
<pin id="441" dir="1" index="1" bw="16" slack="0"/>
</pin_list>
<bind>
<opset="tile_x "/>
</bind>
</comp>

<comp id="446" class="1005" name="arg0_b5_read_reg_446">
<pin_list>
<pin id="447" dir="0" index="0" bw="64" slack="2"/>
<pin id="448" dir="1" index="1" bw="64" slack="2"/>
</pin_list>
<bind>
<opset="arg0_b5_read "/>
</bind>
</comp>

<comp id="451" class="1005" name="arg0_b4_read_reg_451">
<pin_list>
<pin id="452" dir="0" index="0" bw="64" slack="2"/>
<pin id="453" dir="1" index="1" bw="64" slack="2"/>
</pin_list>
<bind>
<opset="arg0_b4_read "/>
</bind>
</comp>

<comp id="456" class="1005" name="p_read511_reg_456">
<pin_list>
<pin id="457" dir="0" index="0" bw="16" slack="1"/>
<pin id="458" dir="1" index="1" bw="16" slack="1"/>
</pin_list>
<bind>
<opset="p_read511 "/>
</bind>
</comp>

<comp id="461" class="1005" name="p_read410_reg_461">
<pin_list>
<pin id="462" dir="0" index="0" bw="16" slack="2"/>
<pin id="463" dir="1" index="1" bw="16" slack="2"/>
</pin_list>
<bind>
<opset="p_read410 "/>
</bind>
</comp>

<comp id="466" class="1005" name="p_read39_reg_466">
<pin_list>
<pin id="467" dir="0" index="0" bw="16" slack="1"/>
<pin id="468" dir="1" index="1" bw="16" slack="1"/>
</pin_list>
<bind>
<opset="p_read39 "/>
</bind>
</comp>

<comp id="471" class="1005" name="p_read28_reg_471">
<pin_list>
<pin id="472" dir="0" index="0" bw="16" slack="1"/>
<pin id="473" dir="1" index="1" bw="16" slack="1"/>
</pin_list>
<bind>
<opset="p_read28 "/>
</bind>
</comp>

<comp id="476" class="1005" name="p_read17_reg_476">
<pin_list>
<pin id="477" dir="0" index="0" bw="16" slack="2"/>
<pin id="478" dir="1" index="1" bw="16" slack="2"/>
</pin_list>
<bind>
<opset="p_read17 "/>
</bind>
</comp>

<comp id="481" class="1005" name="sub_i_reg_481">
<pin_list>
<pin id="482" dir="0" index="0" bw="17" slack="1"/>
<pin id="483" dir="1" index="1" bw="17" slack="1"/>
</pin_list>
<bind>
<opset="sub_i "/>
</bind>
</comp>

<comp id="486" class="1005" name="zext_ln5934_reg_486">
<pin_list>
<pin id="487" dir="0" index="0" bw="27" slack="2"/>
<pin id="488" dir="1" index="1" bw="27" slack="2"/>
</pin_list>
<bind>
<opset="zext_ln5934 "/>
</bind>
</comp>

<comp id="494" class="1005" name="add_ln5934_reg_494">
<pin_list>
<pin id="495" dir="0" index="0" bw="16" slack="1"/>
<pin id="496" dir="1" index="1" bw="16" slack="1"/>
</pin_list>
<bind>
<opset="add_ln5934 "/>
</bind>
</comp>

<comp id="499" class="1005" name="zext_ln5937_reg_499">
<pin_list>
<pin id="500" dir="0" index="0" bw="27" slack="1"/>
<pin id="501" dir="1" index="1" bw="27" slack="1"/>
</pin_list>
<bind>
<opset="zext_ln5937 "/>
</bind>
</comp>

<comp id="504" class="1005" name="add_ln5952_reg_504">
<pin_list>
<pin id="505" dir="0" index="0" bw="14" slack="2"/>
<pin id="506" dir="1" index="1" bw="14" slack="2"/>
</pin_list>
<bind>
<opset="add_ln5952 "/>
</bind>
</comp>

<comp id="509" class="1005" name="add_ln5952_1_reg_509">
<pin_list>
<pin id="510" dir="0" index="0" bw="14" slack="2"/>
<pin id="511" dir="1" index="1" bw="14" slack="2"/>
</pin_list>
<bind>
<opset="add_ln5952_1 "/>
</bind>
</comp>

<comp id="517" class="1005" name="j_7_reg_517">
<pin_list>
<pin id="518" dir="0" index="0" bw="16" slack="0"/>
<pin id="519" dir="1" index="1" bw="16" slack="0"/>
</pin_list>
<bind>
<opset="j_7 "/>
</bind>
</comp>

<comp id="522" class="1005" name="add_ln5960_reg_522">
<pin_list>
<pin id="523" dir="0" index="0" bw="64" slack="1"/>
<pin id="524" dir="1" index="1" bw="64" slack="1"/>
</pin_list>
<bind>
<opset="add_ln5960 "/>
</bind>
</comp>

<comp id="527" class="1005" name="add_ln5960_2_reg_527">
<pin_list>
<pin id="528" dir="0" index="0" bw="64" slack="1"/>
<pin id="529" dir="1" index="1" bw="64" slack="1"/>
</pin_list>
<bind>
<opset="add_ln5960_2 "/>
</bind>
</comp>

<comp id="532" class="1005" name="add_ln5961_reg_532">
<pin_list>
<pin id="533" dir="0" index="0" bw="27" slack="0"/>
<pin id="534" dir="1" index="1" bw="27" slack="0"/>
</pin_list>
<bind>
<opset="add_ln5961 "/>
</bind>
</comp>

</comp_list>

<net_list>
<net id="119"><net_src comp="32" pin="0"/><net_sink comp="116" pin=0"/></net>

<net id="123"><net_src comp="32" pin="0"/><net_sink comp="120" pin=0"/></net>

<net id="128"><net_src comp="50" pin="0"/><net_sink comp="124" pin=0"/></net>

<net id="129"><net_src comp="22" pin="0"/><net_sink comp="124" pin=1"/></net>

<net id="134"><net_src comp="50" pin="0"/><net_sink comp="130" pin=0"/></net>

<net id="135"><net_src comp="18" pin="0"/><net_sink comp="130" pin=1"/></net>

<net id="140"><net_src comp="52" pin="0"/><net_sink comp="136" pin=0"/></net>

<net id="141"><net_src comp="14" pin="0"/><net_sink comp="136" pin=1"/></net>

<net id="146"><net_src comp="52" pin="0"/><net_sink comp="142" pin=0"/></net>

<net id="147"><net_src comp="12" pin="0"/><net_sink comp="142" pin=1"/></net>

<net id="152"><net_src comp="52" pin="0"/><net_sink comp="148" pin=0"/></net>

<net id="153"><net_src comp="10" pin="0"/><net_sink comp="148" pin=1"/></net>

<net id="158"><net_src comp="52" pin="0"/><net_sink comp="154" pin=0"/></net>

<net id="159"><net_src comp="8" pin="0"/><net_sink comp="154" pin=1"/></net>

<net id="164"><net_src comp="52" pin="0"/><net_sink comp="160" pin=0"/></net>

<net id="165"><net_src comp="6" pin="0"/><net_sink comp="160" pin=1"/></net>

<net id="170"><net_src comp="54" pin="0"/><net_sink comp="166" pin=0"/></net>

<net id="171"><net_src comp="4" pin="0"/><net_sink comp="166" pin=1"/></net>

<net id="177"><net_src comp="56" pin="0"/><net_sink comp="172" pin=0"/></net>

<net id="178"><net_src comp="30" pin="0"/><net_sink comp="172" pin=1"/></net>

<net id="179"><net_src comp="136" pin="2"/><net_sink comp="172" pin=2"/></net>

<net id="185"><net_src comp="56" pin="0"/><net_sink comp="180" pin=0"/></net>

<net id="186"><net_src comp="28" pin="0"/><net_sink comp="180" pin=1"/></net>

<net id="187"><net_src comp="148" pin="2"/><net_sink comp="180" pin=2"/></net>

<net id="193"><net_src comp="56" pin="0"/><net_sink comp="188" pin=0"/></net>

<net id="194"><net_src comp="26" pin="0"/><net_sink comp="188" pin=1"/></net>

<net id="195"><net_src comp="154" pin="2"/><net_sink comp="188" pin=2"/></net>

<net id="201"><net_src comp="56" pin="0"/><net_sink comp="196" pin=0"/></net>

<net id="202"><net_src comp="24" pin="0"/><net_sink comp="196" pin=1"/></net>

<net id="203"><net_src comp="160" pin="2"/><net_sink comp="196" pin=2"/></net>

<net id="216"><net_src comp="86" pin="0"/><net_sink comp="213" pin=0"/></net>

<net id="223"><net_src comp="213" pin="1"/><net_sink comp="217" pin=2"/></net>

<net id="235"><net_src comp="112" pin="0"/><net_sink comp="224" pin=0"/></net>

<net id="236"><net_src comp="0" pin="0"/><net_sink comp="224" pin=1"/></net>

<net id="237"><net_src comp="2" pin="0"/><net_sink comp="224" pin=2"/></net>

<net id="238"><net_src comp="16" pin="0"/><net_sink comp="224" pin=5"/></net>

<net id="239"><net_src comp="20" pin="0"/><net_sink comp="224" pin=7"/></net>

<net id="246"><net_src comp="166" pin="2"/><net_sink comp="243" pin=0"/></net>

<net id="251"><net_src comp="243" pin="1"/><net_sink comp="247" pin=0"/></net>

<net id="252"><net_src comp="76" pin="0"/><net_sink comp="247" pin=1"/></net>

<net id="259"><net_src comp="78" pin="0"/><net_sink comp="253" pin=0"/></net>

<net id="260"><net_src comp="247" pin="2"/><net_sink comp="253" pin=1"/></net>

<net id="261"><net_src comp="80" pin="0"/><net_sink comp="253" pin=2"/></net>

<net id="262"><net_src comp="82" pin="0"/><net_sink comp="253" pin=3"/></net>

<net id="266"><net_src comp="154" pin="2"/><net_sink comp="263" pin=0"/></net>

<net id="271"><net_src comp="263" pin="1"/><net_sink comp="267" pin=0"/></net>

<net id="272"><net_src comp="84" pin="0"/><net_sink comp="267" pin=1"/></net>

<net id="276"><net_src comp="253" pin="4"/><net_sink comp="273" pin=0"/></net>

<net id="281"><net_src comp="86" pin="0"/><net_sink comp="277" pin=0"/></net>

<net id="286"><net_src comp="86" pin="0"/><net_sink comp="282" pin=0"/></net>

<net id="293"><net_src comp="287" pin="1"/><net_sink comp="290" pin=0"/></net>

<net id="298"><net_src comp="287" pin="1"/><net_sink comp="294" pin=0"/></net>

<net id="303"><net_src comp="287" pin="1"/><net_sink comp="299" pin=0"/></net>

<net id="304"><net_src comp="94" pin="0"/><net_sink comp="299" pin=1"/></net>

<net id="311"><net_src comp="100" pin="0"/><net_sink comp="305" pin=0"/></net>

<net id="312"><net_src comp="240" pin="1"/><net_sink comp="305" pin=1"/></net>

<net id="313"><net_src comp="80" pin="0"/><net_sink comp="305" pin=2"/></net>

<net id="314"><net_src comp="102" pin="0"/><net_sink comp="305" pin=3"/></net>

<net id="318"><net_src comp="305" pin="4"/><net_sink comp="315" pin=0"/></net>

<net id="323"><net_src comp="290" pin="1"/><net_sink comp="319" pin=1"/></net>

<net id="329"><net_src comp="319" pin="2"/><net_sink comp="324" pin=0"/></net>

<net id="333"><net_src comp="324" pin="3"/><net_sink comp="330" pin=0"/></net>

<net id="340"><net_src comp="100" pin="0"/><net_sink comp="334" pin=0"/></net>

<net id="341"><net_src comp="324" pin="3"/><net_sink comp="334" pin=1"/></net>

<net id="342"><net_src comp="80" pin="0"/><net_sink comp="334" pin=2"/></net>

<net id="343"><net_src comp="102" pin="0"/><net_sink comp="334" pin=3"/></net>

<net id="347"><net_src comp="334" pin="4"/><net_sink comp="344" pin=0"/></net>

<net id="352"><net_src comp="330" pin="1"/><net_sink comp="348" pin=0"/></net>

<net id="353"><net_src comp="104" pin="0"/><net_sink comp="348" pin=1"/></net>

<net id="357"><net_src comp="348" pin="2"/><net_sink comp="354" pin=0"/></net>

<net id="362"><net_src comp="344" pin="1"/><net_sink comp="358" pin=0"/></net>

<net id="363"><net_src comp="354" pin="1"/><net_sink comp="358" pin=1"/></net>

<net id="368"><net_src comp="330" pin="1"/><net_sink comp="364" pin=0"/></net>

<net id="369"><net_src comp="106" pin="0"/><net_sink comp="364" pin=1"/></net>

<net id="373"><net_src comp="364" pin="2"/><net_sink comp="370" pin=0"/></net>

<net id="378"><net_src comp="344" pin="1"/><net_sink comp="374" pin=0"/></net>

<net id="379"><net_src comp="370" pin="1"/><net_sink comp="374" pin=1"/></net>

<net id="384"><net_src comp="217" pin="4"/><net_sink comp="380" pin=0"/></net>

<net id="389"><net_src comp="217" pin="4"/><net_sink comp="385" pin=0"/></net>

<net id="390"><net_src comp="94" pin="0"/><net_sink comp="385" pin=1"/></net>

<net id="396"><net_src comp="108" pin="0"/><net_sink comp="391" pin=0"/></net>

<net id="397"><net_src comp="207" pin="4"/><net_sink comp="391" pin=1"/></net>

<net id="398"><net_src comp="110" pin="0"/><net_sink comp="391" pin=2"/></net>

<net id="402"><net_src comp="391" pin="3"/><net_sink comp="399" pin=0"/></net>

<net id="407"><net_src comp="399" pin="1"/><net_sink comp="403" pin=0"/></net>

<net id="412"><net_src comp="399" pin="1"/><net_sink comp="408" pin=0"/></net>

<net id="417"><net_src comp="207" pin="4"/><net_sink comp="413" pin=1"/></net>

<net id="422"><net_src comp="240" pin="1"/><net_sink comp="418" pin=0"/></net>

<net id="431"><net_src comp="418" pin="2"/><net_sink comp="427" pin=0"/></net>

<net id="435"><net_src comp="116" pin="1"/><net_sink comp="432" pin=0"/></net>

<net id="436"><net_src comp="432" pin="1"/><net_sink comp="282" pin=1"/></net>

<net id="437"><net_src comp="432" pin="1"/><net_sink comp="240" pin=0"/></net>

<net id="438"><net_src comp="432" pin="1"/><net_sink comp="427" pin=1"/></net>

<net id="442"><net_src comp="120" pin="1"/><net_sink comp="439" pin=0"/></net>

<net id="443"><net_src comp="439" pin="1"/><net_sink comp="277" pin=1"/></net>

<net id="444"><net_src comp="439" pin="1"/><net_sink comp="287" pin=0"/></net>

<net id="445"><net_src comp="439" pin="1"/><net_sink comp="423" pin=1"/></net>

<net id="449"><net_src comp="124" pin="2"/><net_sink comp="446" pin=0"/></net>

<net id="450"><net_src comp="446" pin="1"/><net_sink comp="408" pin=1"/></net>

<net id="454"><net_src comp="130" pin="2"/><net_sink comp="451" pin=0"/></net>

<net id="455"><net_src comp="451" pin="1"/><net_sink comp="403" pin=1"/></net>

<net id="459"><net_src comp="136" pin="2"/><net_sink comp="456" pin=0"/></net>

<net id="460"><net_src comp="456" pin="1"/><net_sink comp="324" pin=1"/></net>

<net id="464"><net_src comp="142" pin="2"/><net_sink comp="461" pin=0"/></net>

<net id="465"><net_src comp="461" pin="1"/><net_sink comp="418" pin=1"/></net>

<net id="469"><net_src comp="148" pin="2"/><net_sink comp="466" pin=0"/></net>

<net id="470"><net_src comp="466" pin="1"/><net_sink comp="324" pin=2"/></net>

<net id="474"><net_src comp="154" pin="2"/><net_sink comp="471" pin=0"/></net>

<net id="475"><net_src comp="471" pin="1"/><net_sink comp="294" pin=1"/></net>

<net id="479"><net_src comp="160" pin="2"/><net_sink comp="476" pin=0"/></net>

<net id="480"><net_src comp="476" pin="1"/><net_sink comp="380" pin=1"/></net>

<net id="484"><net_src comp="267" pin="2"/><net_sink comp="481" pin=0"/></net>

<net id="485"><net_src comp="481" pin="1"/><net_sink comp="319" pin=0"/></net>

<net id="489"><net_src comp="273" pin="1"/><net_sink comp="486" pin=0"/></net>

<net id="490"><net_src comp="486" pin="1"/><net_sink comp="413" pin=0"/></net>

<net id="497"><net_src comp="299" pin="2"/><net_sink comp="494" pin=0"/></net>

<net id="498"><net_src comp="494" pin="1"/><net_sink comp="423" pin=0"/></net>

<net id="502"><net_src comp="315" pin="1"/><net_sink comp="499" pin=0"/></net>

<net id="503"><net_src comp="499" pin="1"/><net_sink comp="207" pin=2"/></net>

<net id="507"><net_src comp="358" pin="2"/><net_sink comp="504" pin=0"/></net>

<net id="508"><net_src comp="504" pin="1"/><net_sink comp="224" pin=3"/></net>

<net id="512"><net_src comp="374" pin="2"/><net_sink comp="509" pin=0"/></net>

<net id="513"><net_src comp="509" pin="1"/><net_sink comp="224" pin=4"/></net>

<net id="520"><net_src comp="385" pin="2"/><net_sink comp="517" pin=0"/></net>

<net id="521"><net_src comp="517" pin="1"/><net_sink comp="217" pin=0"/></net>

<net id="525"><net_src comp="403" pin="2"/><net_sink comp="522" pin=0"/></net>

<net id="526"><net_src comp="522" pin="1"/><net_sink comp="224" pin=6"/></net>

<net id="530"><net_src comp="408" pin="2"/><net_sink comp="527" pin=0"/></net>

<net id="531"><net_src comp="527" pin="1"/><net_sink comp="224" pin=8"/></net>

<net id="535"><net_src comp="413" pin="2"/><net_sink comp="532" pin=0"/></net>

<net id="536"><net_src comp="532" pin="1"/><net_sink comp="207" pin=0"/></net>

</net_list>

</model> 
---------------- Datapath Model END ------------------

* FSMD analyzer results:
  - Output states:
	Port: arg0_read_mem_strm_g2_0 | {4 5 }
	Port: arg0_read_mem_strm_g2_1 | {4 5 }
	Port: memconfig_grid_size_y_c97 | {1 }
	Port: memconfig_tile_count_x_c104 | {1 }
	Port: memconfig_tile_size_x_c111 | {1 }
	Port: memconfig_last_tile_size_x_c124 | {1 }
 - Input state : 
	Port: interleaveTileMem2stream2D.1 : p_read | {1 }
	Port: interleaveTileMem2stream2D.1 : p_read1 | {1 }
	Port: interleaveTileMem2stream2D.1 : p_read2 | {1 }
	Port: interleaveTileMem2stream2D.1 : p_read3 | {1 }
	Port: interleaveTileMem2stream2D.1 : p_read4 | {1 }
	Port: interleaveTileMem2stream2D.1 : p_read5 | {1 }
	Port: interleaveTileMem2stream2D.1 : gmem4 | {4 5 }
	Port: interleaveTileMem2stream2D.1 : arg0_b4 | {1 }
	Port: interleaveTileMem2stream2D.1 : gmem5 | {4 5 }
	Port: interleaveTileMem2stream2D.1 : arg0_b5 | {1 }
  - Chain level:
	State 1
		add_ln5924 : 1
		lshr_ln : 2
		sub_i : 1
		zext_ln5934 : 3
		store_ln5934 : 1
		store_ln5934 : 1
	State 2
		zext_ln5934_2 : 1
		icmp_ln5934 : 1
		add_ln5934 : 1
		br_ln5934 : 2
		lshr_ln1 : 1
		zext_ln5937 : 2
		icmp_ln5937 : 2
		tile_size_x : 3
		rem_x : 4
		trunc_ln : 4
		zext_ln5942 : 5
		icmp_ln5952 : 5
		zext_ln5952 : 6
		add_ln5952 : 7
		icmp_ln5952_1 : 5
		zext_ln5952_1 : 6
		add_ln5952_1 : 7
	State 3
		icmp_ln5958 : 1
		j_7 : 1
		br_ln5958 : 2
		shl_ln : 1
		zext_ln5960 : 2
		add_ln5960 : 3
		add_ln5960_2 : 3
		add_ln5961 : 1
		add_ln5934_2 : 1
		store_ln5934 : 2
	State 4
	State 5


============================================================
+ Verbose Summary: Datapath Resource usage 
============================================================

* Functional unit list:
|----------|-----------------------------------------------|---------|---------|---------|
| Operation|                Functional Unit                |  Delay  |    FF   |   LUT   |
|----------|-----------------------------------------------|---------|---------|---------|
|   call   | grp_interleaveTileMem2Stream2D_inner_1_fu_224 |  3.096  |   1548  |   138   |
|----------|-----------------------------------------------|---------|---------|---------|
|          |               add_ln5924_fu_247               |    0    |    0    |    20   |
|          |                  sub_i_fu_267                 |    0    |    0    |    23   |
|          |               add_ln5934_fu_299               |    0    |    0    |    23   |
|          |               add_ln5952_fu_358               |    0    |    0    |    20   |
|    add   |              add_ln5952_1_fu_374              |    0    |    0    |    20   |
|          |                   j_7_fu_385                  |    0    |    0    |    23   |
|          |               add_ln5960_fu_403               |    0    |    0    |    71   |
|          |              add_ln5960_2_fu_408              |    0    |    0    |    71   |
|          |               add_ln5961_fu_413               |    0    |    0    |    34   |
|          |              add_ln5934_2_fu_418              |    0    |    0    |    23   |
|----------|-----------------------------------------------|---------|---------|---------|
|          |               icmp_ln5934_fu_294              |    0    |    0    |    13   |
|          |               icmp_ln5937_fu_319              |    0    |    0    |    13   |
|   icmp   |               icmp_ln5952_fu_348              |    0    |    0    |    8    |
|          |              icmp_ln5952_1_fu_364             |    0    |    0    |    8    |
|          |               icmp_ln5958_fu_380              |    0    |    0    |    13   |
|----------|-----------------------------------------------|---------|---------|---------|
|  select  |               tile_size_x_fu_324              |    0    |    0    |    16   |
|----------|-----------------------------------------------|---------|---------|---------|
|          |            arg0_b5_read_read_fu_124           |    0    |    0    |    0    |
|          |            arg0_b4_read_read_fu_130           |    0    |    0    |    0    |
|          |             p_read511_read_fu_136             |    0    |    0    |    0    |
|   read   |             p_read410_read_fu_142             |    0    |    0    |    0    |
|          |              p_read39_read_fu_148             |    0    |    0    |    0    |
|          |              p_read28_read_fu_154             |    0    |    0    |    0    |
|          |              p_read17_read_fu_160             |    0    |    0    |    0    |
|          |             p_read_13_read_fu_166             |    0    |    0    |    0    |
|----------|-----------------------------------------------|---------|---------|---------|
|          |             write_ln0_write_fu_172            |    0    |    0    |    0    |
|   write  |             write_ln0_write_fu_180            |    0    |    0    |    0    |
|          |             write_ln0_write_fu_188            |    0    |    0    |    0    |
|          |            write_ln217_write_fu_196           |    0    |    0    |    0    |
|----------|-----------------------------------------------|---------|---------|---------|
|          |               zext_ln5924_fu_243              |    0    |    0    |    0    |
|          |       config_tile_count_x_cast_i_fu_263       |    0    |    0    |    0    |
|          |               zext_ln5934_fu_273              |    0    |    0    |    0    |
|          |              zext_ln5934_2_fu_290             |    0    |    0    |    0    |
|   zext   |               zext_ln5937_fu_315              |    0    |    0    |    0    |
|          |               zext_ln5942_fu_344              |    0    |    0    |    0    |
|          |               zext_ln5952_fu_354              |    0    |    0    |    0    |
|          |              zext_ln5952_1_fu_370             |    0    |    0    |    0    |
|          |               zext_ln5960_fu_399              |    0    |    0    |    0    |
|----------|-----------------------------------------------|---------|---------|---------|
|          |                 lshr_ln_fu_253                |    0    |    0    |    0    |
|partselect|                lshr_ln1_fu_305                |    0    |    0    |    0    |
|          |                trunc_ln_fu_334                |    0    |    0    |    0    |
|----------|-----------------------------------------------|---------|---------|---------|
|   trunc  |                  rem_x_fu_330                 |    0    |    0    |    0    |
|----------|-----------------------------------------------|---------|---------|---------|
|bitconcatenate|                 shl_ln_fu_391                 |    0    |    0    |    0    |
|----------|-----------------------------------------------|---------|---------|---------|
|   Total  |                                               |  3.096  |   1548  |   537   |
|----------|-----------------------------------------------|---------|---------|---------|

Memories:
N/A

* Register list:
+--------------------+--------+
|                    |   FF   |
+--------------------+--------+
| add_ln5934_reg_494 |   16   |
|add_ln5952_1_reg_509|   14   |
| add_ln5952_reg_504 |   14   |
|add_ln5960_2_reg_527|   64   |
| add_ln5960_reg_522 |   64   |
| add_ln5961_reg_532 |   27   |
|arg0_b4_read_reg_451|   64   |
|arg0_b5_read_reg_446|   64   |
|indvars_iv_i_reg_432|   16   |
|     j_7_reg_517    |   16   |
|      j_reg_213     |   16   |
|  p_read17_reg_476  |   16   |
|  p_read28_reg_471  |   16   |
|  p_read39_reg_466  |   16   |
|  p_read410_reg_461 |   16   |
|  p_read511_reg_456 |   16   |
|  row_base_reg_204  |   27   |
|    sub_i_reg_481   |   17   |
|   tile_x_reg_439   |   16   |
| zext_ln5934_reg_486|   27   |
| zext_ln5937_reg_499|   27   |
+--------------------+--------+
|        Total       |   569  |
+--------------------+--------+

* Multiplexer (MUX) list: 
|--------|------|------|------|--------|
|  Comp  |  Pin | Size |  BW  | S x BW |
|--------|------|------|------|--------|
|  Total |      |      |      |    0   |
|--------|------|------|------|--------|



* Summary:
+-----------+--------+--------+--------+
|           |  Delay |   FF   |   LUT  |
+-----------+--------+--------+--------+
|  Function |    3   |  1548  |   537  |
|   Memory  |    -   |    -   |    -   |
|Multiplexer|    -   |    -   |    -   |
|  Register |    -   |   569  |    -   |
+-----------+--------+--------+--------+
|   Total   |    3   |  2117  |   537  |
+-----------+--------+--------+--------+
