

================================================================
== Vitis HLS Report for 'stream2memWithAvoidV3_256u_1u_12_Pipeline_VITIS_LOOP_1150_1'
================================================================
* Date:           Tue Aug 11 20:28:03 2026

* Version:        2022.2 (Build 3670227 on Oct 13 2022)
* Project:        datamover_outerloop_0
* Solution:       solution (Vitis Kernel Flow Target)
* Product family: virtexuplus
* Target device:  xcu280-fsvh2892-2L-e


================================================================
== Performance Estimates
================================================================
+ Timing: 
    * Summary: 
    +--------+---------+----------+------------+
    |  Clock |  Target | Estimated| Uncertainty|
    +--------+---------+----------+------------+
    |ap_clk  |  3.33 ns|  1.142 ns|     0.90 ns|
    +--------+---------+----------+------------+

+ Latency: 
    * Summary: 
    +---------+---------+----------+----------+-----+-----+---------+
    |  Latency (cycles) |  Latency (absolute) |  Interval | Pipeline|
    |   min   |   max   |    min   |    max   | min | max |   Type  |
    +---------+---------+----------+----------+-----+-----+---------+
    |        2|       66|  6.666 ns|  0.220 us|    2|   66|       no|
    +---------+---------+----------+----------+-----+-----+---------+

    + Detail: 
        * Instance: 
        N/A

        * Loop: 
        +---------------------+---------+---------+----------+-----------+-----------+--------+----------+
        |                     |  Latency (cycles) | Iteration|  Initiation Interval  |  Trip  |          |
        |      Loop Name      |   min   |   max   |  Latency |  achieved |   target  |  Count | Pipelined|
        +---------------------+---------+---------+----------+-----------+-----------+--------+----------+
        |- VITIS_LOOP_1150_1  |        0|       64|         2|          1|          1|  0 ~ 64|       yes|
        +---------------------+---------+---------+----------+-----------+-----------+--------+----------+



================================================================
== Utilization Estimates
================================================================
* Summary: 
+---------------------+---------+------+---------+---------+-----+
|         Name        | BRAM_18K|  DSP |    FF   |   LUT   | URAM|
+---------------------+---------+------+---------+---------+-----+
|DSP                  |        -|     -|        -|        -|    -|
|Expression           |        -|     -|        0|       36|    -|
|FIFO                 |        -|     -|        -|        -|    -|
|Instance             |        -|     -|        -|        -|    -|
|Memory               |        -|     -|        -|        -|    -|
|Multiplexer          |        -|     -|        -|       45|    -|
|Register             |        -|     -|       16|        -|    -|
+---------------------+---------+------+---------+---------+-----+
|Total                |        0|     0|       16|       81|    0|
+---------------------+---------+------+---------+---------+-----+
|Available SLR        |     1344|  3008|   869120|   434560|  320|
+---------------------+---------+------+---------+---------+-----+
|Utilization SLR (%)  |        0|     0|       ~0|       ~0|    0|
+---------------------+---------+------+---------+---------+-----+
|Available            |     4032|  9024|  2607360|  1303680|  960|
+---------------------+---------+------+---------+---------+-----+
|Utilization (%)      |        0|     0|       ~0|       ~0|    0|
+---------------------+---------+------+---------+---------+-----+

+ Detail: 
    * Instance: 
    N/A

    * DSP: 
    N/A

    * Memory: 
    N/A

    * FIFO: 
    N/A

    * Expression: 
    +---------------------------+----------+----+---+----+------------+------------+
    |       Variable Name       | Operation| DSP| FF| LUT| Bitwidth P0| Bitwidth P1|
    +---------------------------+----------+----+---+----+------------+------------+
    |beat_11_fu_68_p2           |         +|   0|  0|  20|          13|           1|
    |ap_block_pp0_stage0_11001  |       and|   0|  0|   2|           1|           1|
    |icmp_ln1150_fu_62_p2       |      icmp|   0|  0|  12|          13|          13|
    |ap_enable_pp0              |       xor|   0|  0|   2|           1|           2|
    +---------------------------+----------+----+---+----+------------+------------+
    |Total                      |          |   0|  0|  36|          28|          17|
    +---------------------------+----------+----+---+----+------------+------------+

    * Multiplexer: 
    +--------------------------------+----+-----------+-----+-----------+
    |              Name              | LUT| Input Size| Bits| Total Bits|
    +--------------------------------+----+-----------+-----+-----------+
    |ap_done_int                     |   9|          2|    1|          2|
    |ap_enable_reg_pp0_iter1         |   9|          2|    1|          2|
    |ap_sig_allocacmp_beat           |   9|          2|   13|         26|
    |arg1_write_mem_strm_g2_1_blk_n  |   9|          2|    1|          2|
    |beat_05_fu_38                   |   9|          2|   13|         26|
    +--------------------------------+----+-----------+-----+-----------+
    |Total                           |  45|         10|   29|         58|
    +--------------------------------+----+-----------+-----+-----------+

    * Register: 
    +-------------------------+----+----+-----+-----------+
    |           Name          | FF | LUT| Bits| Const Bits|
    +-------------------------+----+----+-----+-----------+
    |ap_CS_fsm                |   1|   0|    1|          0|
    |ap_done_reg              |   1|   0|    1|          0|
    |ap_enable_reg_pp0_iter1  |   1|   0|    1|          0|
    |beat_05_fu_38            |  13|   0|   13|          0|
    +-------------------------+----+----+-----+-----------+
    |Total                    |  16|   0|   16|          0|
    +-------------------------+----+----+-----+-----------+



================================================================
== Interface
================================================================
* Summary: 
+-----------------------------------------+-----+-----+------------+---------------------------------------------------------------+--------------+
|                RTL Ports                | Dir | Bits|  Protocol  |                         Source Object                         |    C Type    |
+-----------------------------------------+-----+-----+------------+---------------------------------------------------------------+--------------+
|ap_clk                                   |   in|    1|  ap_ctrl_hs|  stream2memWithAvoidV3<256u, 1u>.12_Pipeline_VITIS_LOOP_1150_1|  return value|
|ap_rst                                   |   in|    1|  ap_ctrl_hs|  stream2memWithAvoidV3<256u, 1u>.12_Pipeline_VITIS_LOOP_1150_1|  return value|
|ap_start                                 |   in|    1|  ap_ctrl_hs|  stream2memWithAvoidV3<256u, 1u>.12_Pipeline_VITIS_LOOP_1150_1|  return value|
|ap_done                                  |  out|    1|  ap_ctrl_hs|  stream2memWithAvoidV3<256u, 1u>.12_Pipeline_VITIS_LOOP_1150_1|  return value|
|ap_idle                                  |  out|    1|  ap_ctrl_hs|  stream2memWithAvoidV3<256u, 1u>.12_Pipeline_VITIS_LOOP_1150_1|  return value|
|ap_ready                                 |  out|    1|  ap_ctrl_hs|  stream2memWithAvoidV3<256u, 1u>.12_Pipeline_VITIS_LOOP_1150_1|  return value|
|arg1_write_mem_strm_g2_1_dout            |   in|  256|     ap_fifo|                                       arg1_write_mem_strm_g2_1|       pointer|
|arg1_write_mem_strm_g2_1_num_data_valid  |   in|    5|     ap_fifo|                                       arg1_write_mem_strm_g2_1|       pointer|
|arg1_write_mem_strm_g2_1_fifo_cap        |   in|    5|     ap_fifo|                                       arg1_write_mem_strm_g2_1|       pointer|
|arg1_write_mem_strm_g2_1_empty_n         |   in|    1|     ap_fifo|                                       arg1_write_mem_strm_g2_1|       pointer|
|arg1_write_mem_strm_g2_1_read            |  out|    1|     ap_fifo|                                       arg1_write_mem_strm_g2_1|       pointer|
|avoid_beats                              |   in|   13|     ap_none|                                                    avoid_beats|        scalar|
+-----------------------------------------+-----+-----+------------+---------------------------------------------------------------+--------------+

============================================================
+ Verbose Summary: Synthesis Manager
============================================================
InlineROM: 1
ExposeGlobal: 0
============================================================
+ Verbose Summary: CDFG Model
============================================================
IsTopModel: 0
ResetActiveHigh: 1
IsCombinational: 2
IsDatapathOnly: 2
HasWiredReturn: 1
HasMFsm: 2
HasVarLatency: 1
IsPipeline: 0
IsRtlPipelined: 0
IsInstanceOverlapped: 0
IsDontTouch: 0
HasImplIP: 0
IsGatedGlobalClock: 0

+ Individual pipeline summary: 
  * Pipeline-0: initiation interval (II) = 1, depth = 2


============================================================
+ Verbose Summary: Schedule
============================================================
* Number of FSM states : 2
* Pipeline : 1
  Pipeline-0 : II = 1, D = 2, States = { 1 2 }
* Dataflow Pipeline: 0

* FSM state transitions: 
1 --> 2 
2 --> 

* FSM state operations: 

State 1 <SV = 0> <Delay = 1.14>
ST_1 : Operation 5 [1/1] (0.00ns)   --->   "%beat_05 = alloca i32 1"   --->   Operation 5 'alloca' 'beat_05' <Predicate = true> <Delay = 0.00>
ST_1 : Operation 6 [1/1] (0.00ns)   --->   "%specinterface_ln0 = specinterface void @_ssdm_op_SpecInterface, i256 %arg1_write_mem_strm_g2_1, void @empty_42, i32 0, i32 0, void @empty_11, i32 0, i32 0, void @empty_11, void @empty_11, void @empty_11, i32 0, i32 0, i32 0, i32 0, void @empty_11, void @empty_11, i32 4294967295, i32 0"   --->   Operation 6 'specinterface' 'specinterface_ln0' <Predicate = true> <Delay = 0.00>
ST_1 : Operation 7 [1/1] (0.00ns)   --->   "%avoid_beats_read = read i13 @_ssdm_op_Read.ap_auto.i13, i13 %avoid_beats" [/home/x_thileeb/repos/ops-hls-batching-new/OPS/ops/hls/include/device/../../L1/include/ops_hls_datamover.hpp:1121]   --->   Operation 7 'read' 'avoid_beats_read' <Predicate = true> <Delay = 0.00>
ST_1 : Operation 8 [1/1] (0.38ns)   --->   "%store_ln0 = store i13 0, i13 %beat_05"   --->   Operation 8 'store' 'store_ln0' <Predicate = true> <Delay = 0.38>
ST_1 : Operation 9 [1/1] (0.00ns)   --->   "%br_ln0 = br void %for.inc"   --->   Operation 9 'br' 'br_ln0' <Predicate = true> <Delay = 0.00>
ST_1 : Operation 10 [1/1] (0.00ns)   --->   "%beat = load i13 %beat_05" [/home/x_thileeb/repos/ops-hls-batching-new/OPS/ops/hls/include/device/../../L1/include/ops_hls_datamover.hpp:1150]   --->   Operation 10 'load' 'beat' <Predicate = true> <Delay = 0.00>
ST_1 : Operation 11 [1/1] (0.64ns)   --->   "%icmp_ln1150 = icmp_eq  i13 %beat, i13 %avoid_beats_read" [/home/x_thileeb/repos/ops-hls-batching-new/OPS/ops/hls/include/device/../../L1/include/ops_hls_datamover.hpp:1150]   --->   Operation 11 'icmp' 'icmp_ln1150' <Predicate = true> <Delay = 0.64> <CoreInst = "Cmp">   --->   Core 9 'Cmp' <Latency = 0> <II = 1> <Delay = 0.64> <FuncUnit> <Opcode : 'icmp'> <InPorts = 2> <OutPorts = 1>
ST_1 : Operation 12 [1/1] (0.75ns)   --->   "%beat_11 = add i13 %beat, i13 1" [/home/x_thileeb/repos/ops-hls-batching-new/OPS/ops/hls/include/device/../../L1/include/ops_hls_datamover.hpp:1150]   --->   Operation 12 'add' 'beat_11' <Predicate = true> <Delay = 0.75> <CoreInst = "Adder">   --->   Core 1 'Adder' <Latency = 0> <II = 1> <Delay = 0.75> <FuncUnit> <Opcode : 'add' 'sub'> <InPorts = 2> <OutPorts = 1>
ST_1 : Operation 13 [1/1] (0.00ns)   --->   "%br_ln1150 = br i1 %icmp_ln1150, void %for.inc.split, void %write_loop.loopexit.exitStub" [/home/x_thileeb/repos/ops-hls-batching-new/OPS/ops/hls/include/device/../../L1/include/ops_hls_datamover.hpp:1150]   --->   Operation 13 'br' 'br_ln1150' <Predicate = true> <Delay = 0.00>
ST_1 : Operation 14 [1/1] (0.38ns)   --->   "%store_ln1150 = store i13 %beat_11, i13 %beat_05" [/home/x_thileeb/repos/ops-hls-batching-new/OPS/ops/hls/include/device/../../L1/include/ops_hls_datamover.hpp:1150]   --->   Operation 14 'store' 'store_ln1150' <Predicate = (!icmp_ln1150)> <Delay = 0.38>
ST_1 : Operation 20 [1/1] (0.00ns)   --->   "%ret_ln0 = ret"   --->   Operation 20 'ret' 'ret_ln0' <Predicate = (icmp_ln1150)> <Delay = 0.00>

State 2 <SV = 1> <Delay = 1.13>
ST_2 : Operation 15 [1/1] (0.00ns)   --->   "%specpipeline_ln1152 = specpipeline void @_ssdm_op_SpecPipeline, i32 1, i32 0, i32 0, i32 0, void @empty_11" [/home/x_thileeb/repos/ops-hls-batching-new/OPS/ops/hls/include/device/../../L1/include/ops_hls_datamover.hpp:1152]   --->   Operation 15 'specpipeline' 'specpipeline_ln1152' <Predicate = true> <Delay = 0.00>
ST_2 : Operation 16 [1/1] (0.00ns)   --->   "%speclooptripcount_ln1153 = speclooptripcount void @_ssdm_op_SpecLoopTripCount, i64 0, i64 64, i64 32" [/home/x_thileeb/repos/ops-hls-batching-new/OPS/ops/hls/include/device/../../L1/include/ops_hls_datamover.hpp:1153]   --->   Operation 16 'speclooptripcount' 'speclooptripcount_ln1153' <Predicate = true> <Delay = 0.00>
ST_2 : Operation 17 [1/1] (0.00ns)   --->   "%specloopname_ln1150 = specloopname void @_ssdm_op_SpecLoopName, void @empty_5" [/home/x_thileeb/repos/ops-hls-batching-new/OPS/ops/hls/include/device/../../L1/include/ops_hls_datamover.hpp:1150]   --->   Operation 17 'specloopname' 'specloopname_ln1150' <Predicate = true> <Delay = 0.00>
ST_2 : Operation 18 [1/1] (1.13ns)   --->   "%p_0 = read i256 @_ssdm_op_Read.ap_fifo.volatile.i256P0A, i256 %arg1_write_mem_strm_g2_1" [/home/x_thileeb/repos/ops-hls-batching-new/OPS/ops/hls/include/device/../../L1/include/ops_hls_datamover.hpp:1155]   --->   Operation 18 'read' 'p_0' <Predicate = true> <Delay = 1.13> <CoreInst = "FIFO">   --->   Core 78 'FIFO' <Latency = 0> <II = 1> <Delay = 1.13> <Storage> <Opcode : 'read' 'write' 'nbread' 'nbwrite'> <Ports = 0> <Width = 256> <Depth = 16> <FIFO>
ST_2 : Operation 19 [1/1] (0.00ns)   --->   "%br_ln1150 = br void %for.inc" [/home/x_thileeb/repos/ops-hls-batching-new/OPS/ops/hls/include/device/../../L1/include/ops_hls_datamover.hpp:1150]   --->   Operation 19 'br' 'br_ln1150' <Predicate = true> <Delay = 0.00>


============================================================
+ Verbose Summary: Binding
============================================================
STG Binding: 
---------------- STG Properties BEGIN ----------------
- Is combinational: 0
- Is one-state seq: 0
- Is datapath-only: 0
- Is pipelined: 0
- Is top level: 0
Port [ Return ] is wired: 1; IO mode=ap_ctrl_hs:ce=0
Port [ avoid_beats]:  wired=1; compound=0; hidden=0; nouse=0; global=0; static=0; extern=0; dir=0; type=0; pingpong=0; private_global=0; IO mode=ap_none:ce=0
Port [ arg1_write_mem_strm_g2_1]:  wired=1; compound=1; hidden=0; nouse=0; global=0; static=0; extern=0; dir=0; type=3; pingpong=0; private_global=0; IO mode=ap_fifo:ce=0
---------------- STG Properties END ------------------

---------------- Datapath Model BEGIN ----------------

<LifeTime>
<method=bitvector/>
beat_05                  (alloca           ) [ 010]
specinterface_ln0        (specinterface    ) [ 000]
avoid_beats_read         (read             ) [ 000]
store_ln0                (store            ) [ 000]
br_ln0                   (br               ) [ 000]
beat                     (load             ) [ 000]
icmp_ln1150              (icmp             ) [ 010]
beat_11                  (add              ) [ 000]
br_ln1150                (br               ) [ 000]
store_ln1150             (store            ) [ 000]
specpipeline_ln1152      (specpipeline     ) [ 000]
speclooptripcount_ln1153 (speclooptripcount) [ 000]
specloopname_ln1150      (specloopname     ) [ 000]
p_0                      (read             ) [ 000]
br_ln1150                (br               ) [ 000]
ret_ln0                  (ret              ) [ 000]
</LifeTime>

<model>

<comp_list>
<comp id="0" class="1000" name="avoid_beats">
<pin_list>
<pin id="1" dir="1" index="0" bw="1" slack="0"/>
</pin_list>
<bind>
<StgValue><ssdm name="avoid_beats"/></StgValue>
</bind>
</comp>

<comp id="2" class="1000" name="arg1_write_mem_strm_g2_1">
<pin_list>
<pin id="3" dir="1" index="0" bw="1" slack="0"/>
</pin_list>
<bind>
<StgValue><ssdm name="arg1_write_mem_strm_g2_1"/></StgValue>
</bind>
</comp>

<comp id="4" class="1001" name="const_4">
<pin_list>
<pin id="5" dir="1" index="0" bw="1" slack="0"/>
</pin_list>
<bind>
<StgValue><ssdm name=""/></StgValue>
</bind>
</comp>

<comp id="6" class="1001" name="const_6">
<pin_list>
<pin id="7" dir="1" index="0" bw="1" slack="2147483647"/>
</pin_list>
<bind>
<StgValue><ssdm name="_ssdm_op_SpecInterface"/></StgValue>
</bind>
</comp>

<comp id="8" class="1001" name="const_8">
<pin_list>
<pin id="9" dir="1" index="0" bw="1" slack="2147483647"/>
</pin_list>
<bind>
<StgValue><ssdm name="empty_42"/></StgValue>
</bind>
</comp>

<comp id="10" class="1001" name="const_10">
<pin_list>
<pin id="11" dir="1" index="0" bw="1" slack="2147483647"/>
</pin_list>
<bind>
<StgValue><ssdm name=""/></StgValue>
</bind>
</comp>

<comp id="12" class="1001" name="const_12">
<pin_list>
<pin id="13" dir="1" index="0" bw="1" slack="2147483647"/>
</pin_list>
<bind>
<StgValue><ssdm name="empty_11"/></StgValue>
</bind>
</comp>

<comp id="14" class="1001" name="const_14">
<pin_list>
<pin id="15" dir="1" index="0" bw="1" slack="2147483647"/>
</pin_list>
<bind>
<StgValue><ssdm name=""/></StgValue>
</bind>
</comp>

<comp id="16" class="1001" name="const_16">
<pin_list>
<pin id="17" dir="1" index="0" bw="1" slack="0"/>
</pin_list>
<bind>
<StgValue><ssdm name="_ssdm_op_Read.ap_auto.i13"/></StgValue>
</bind>
</comp>

<comp id="18" class="1001" name="const_18">
<pin_list>
<pin id="19" dir="1" index="0" bw="1" slack="0"/>
</pin_list>
<bind>
<StgValue><ssdm name=""/></StgValue>
</bind>
</comp>

<comp id="20" class="1001" name="const_20">
<pin_list>
<pin id="21" dir="1" index="0" bw="1" slack="0"/>
</pin_list>
<bind>
<StgValue><ssdm name=""/></StgValue>
</bind>
</comp>

<comp id="22" class="1001" name="const_22">
<pin_list>
<pin id="23" dir="1" index="0" bw="1" slack="2147483647"/>
</pin_list>
<bind>
<StgValue><ssdm name="_ssdm_op_SpecPipeline"/></StgValue>
</bind>
</comp>

<comp id="24" class="1001" name="const_24">
<pin_list>
<pin id="25" dir="1" index="0" bw="1" slack="2147483647"/>
</pin_list>
<bind>
<StgValue><ssdm name="_ssdm_op_SpecLoopTripCount"/></StgValue>
</bind>
</comp>

<comp id="26" class="1001" name="const_26">
<pin_list>
<pin id="27" dir="1" index="0" bw="1" slack="2147483647"/>
</pin_list>
<bind>
<StgValue><ssdm name=""/></StgValue>
</bind>
</comp>

<comp id="28" class="1001" name="const_28">
<pin_list>
<pin id="29" dir="1" index="0" bw="1" slack="2147483647"/>
</pin_list>
<bind>
<StgValue><ssdm name=""/></StgValue>
</bind>
</comp>

<comp id="30" class="1001" name="const_30">
<pin_list>
<pin id="31" dir="1" index="0" bw="1" slack="2147483647"/>
</pin_list>
<bind>
<StgValue><ssdm name=""/></StgValue>
</bind>
</comp>

<comp id="32" class="1001" name="const_32">
<pin_list>
<pin id="33" dir="1" index="0" bw="1" slack="2147483647"/>
</pin_list>
<bind>
<StgValue><ssdm name="_ssdm_op_SpecLoopName"/></StgValue>
</bind>
</comp>

<comp id="34" class="1001" name="const_34">
<pin_list>
<pin id="35" dir="1" index="0" bw="1" slack="2147483647"/>
</pin_list>
<bind>
<StgValue><ssdm name="empty_5"/></StgValue>
</bind>
</comp>

<comp id="36" class="1001" name="const_36">
<pin_list>
<pin id="37" dir="1" index="0" bw="1" slack="0"/>
</pin_list>
<bind>
<StgValue><ssdm name="_ssdm_op_Read.ap_fifo.volatile.i256P0A"/></StgValue>
</bind>
</comp>

<comp id="38" class="1004" name="beat_05_fu_38">
<pin_list>
<pin id="39" dir="0" index="0" bw="1" slack="0"/>
<pin id="40" dir="1" index="1" bw="13" slack="0"/>
</pin_list>
<bind>
<opcode="alloca(26) " fcode="alloca"/>
<opset="beat_05/1 "/>
</bind>
</comp>

<comp id="42" class="1004" name="avoid_beats_read_read_fu_42">
<pin_list>
<pin id="43" dir="0" index="0" bw="13" slack="0"/>
<pin id="44" dir="0" index="1" bw="13" slack="0"/>
<pin id="45" dir="1" index="2" bw="13" slack="0"/>
</pin_list>
<bind>
<opcode="read(1150) " fcode="read"/>
<opset="avoid_beats_read/1 "/>
</bind>
</comp>

<comp id="48" class="1004" name="p_0_read_fu_48">
<pin_list>
<pin id="49" dir="0" index="0" bw="256" slack="0"/>
<pin id="50" dir="0" index="1" bw="256" slack="0"/>
<pin id="51" dir="1" index="2" bw="256" slack="2147483647"/>
</pin_list>
<bind>
<opcode="read(1150) " fcode="read"/>
<opset="p_0/2 "/>
</bind>
</comp>

<comp id="54" class="1004" name="store_ln0_store_fu_54">
<pin_list>
<pin id="55" dir="0" index="0" bw="1" slack="0"/>
<pin id="56" dir="0" index="1" bw="13" slack="0"/>
<pin id="57" dir="1" index="2" bw="0" slack="2147483647"/>
</pin_list>
<bind>
<opcode="store(28) " fcode="store"/>
<opset="store_ln0/1 "/>
</bind>
</comp>

<comp id="59" class="1004" name="beat_load_fu_59">
<pin_list>
<pin id="60" dir="0" index="0" bw="13" slack="0"/>
<pin id="61" dir="1" index="1" bw="13" slack="0"/>
</pin_list>
<bind>
<opcode="load(27) " fcode="load"/>
<opset="beat/1 "/>
</bind>
</comp>

<comp id="62" class="1004" name="icmp_ln1150_fu_62">
<pin_list>
<pin id="63" dir="0" index="0" bw="13" slack="0"/>
<pin id="64" dir="0" index="1" bw="13" slack="0"/>
<pin id="65" dir="1" index="2" bw="1" slack="2147483647"/>
</pin_list>
<bind>
<opcode="icmp(45) " fcode="icmp"/>
<opset="icmp_ln1150/1 "/>
</bind>
</comp>

<comp id="68" class="1004" name="beat_11_fu_68">
<pin_list>
<pin id="69" dir="0" index="0" bw="13" slack="0"/>
<pin id="70" dir="0" index="1" bw="1" slack="0"/>
<pin id="71" dir="1" index="2" bw="13" slack="0"/>
</pin_list>
<bind>
<opcode="add(8) " fcode="add"/>
<opset="beat_11/1 "/>
</bind>
</comp>

<comp id="74" class="1004" name="store_ln1150_store_fu_74">
<pin_list>
<pin id="75" dir="0" index="0" bw="13" slack="0"/>
<pin id="76" dir="0" index="1" bw="13" slack="0"/>
<pin id="77" dir="1" index="2" bw="0" slack="2147483647"/>
</pin_list>
<bind>
<opcode="store(28) " fcode="store"/>
<opset="store_ln1150/1 "/>
</bind>
</comp>

<comp id="79" class="1005" name="beat_05_reg_79">
<pin_list>
<pin id="80" dir="0" index="0" bw="13" slack="0"/>
<pin id="81" dir="1" index="1" bw="13" slack="0"/>
</pin_list>
<bind>
<opset="beat_05 "/>
</bind>
</comp>

</comp_list>

<net_list>
<net id="41"><net_src comp="4" pin="0"/><net_sink comp="38" pin=0"/></net>

<net id="46"><net_src comp="16" pin="0"/><net_sink comp="42" pin=0"/></net>

<net id="47"><net_src comp="0" pin="0"/><net_sink comp="42" pin=1"/></net>

<net id="52"><net_src comp="36" pin="0"/><net_sink comp="48" pin=0"/></net>

<net id="53"><net_src comp="2" pin="0"/><net_sink comp="48" pin=1"/></net>

<net id="58"><net_src comp="18" pin="0"/><net_sink comp="54" pin=0"/></net>

<net id="66"><net_src comp="59" pin="1"/><net_sink comp="62" pin=0"/></net>

<net id="67"><net_src comp="42" pin="2"/><net_sink comp="62" pin=1"/></net>

<net id="72"><net_src comp="59" pin="1"/><net_sink comp="68" pin=0"/></net>

<net id="73"><net_src comp="20" pin="0"/><net_sink comp="68" pin=1"/></net>

<net id="78"><net_src comp="68" pin="2"/><net_sink comp="74" pin=0"/></net>

<net id="82"><net_src comp="38" pin="1"/><net_sink comp="79" pin=0"/></net>

<net id="83"><net_src comp="79" pin="1"/><net_sink comp="54" pin=1"/></net>

<net id="84"><net_src comp="79" pin="1"/><net_sink comp="59" pin=0"/></net>

<net id="85"><net_src comp="79" pin="1"/><net_sink comp="74" pin=1"/></net>

</net_list>

</model> 
---------------- Datapath Model END ------------------

* FSMD analyzer results:
  - Output states:
	Port: arg1_write_mem_strm_g2_1 | {}
 - Input state : 
	Port: stream2memWithAvoidV3<256u, 1u>.12_Pipeline_VITIS_LOOP_1150_1 : avoid_beats | {1 }
	Port: stream2memWithAvoidV3<256u, 1u>.12_Pipeline_VITIS_LOOP_1150_1 : arg1_write_mem_strm_g2_1 | {2 }
  - Chain level:
	State 1
		store_ln0 : 1
		beat : 1
		icmp_ln1150 : 2
		beat_11 : 2
		br_ln1150 : 3
		store_ln1150 : 3
	State 2


============================================================
+ Verbose Summary: Datapath Resource usage 
============================================================

* Functional unit list:
|----------|-----------------------------|---------|---------|
| Operation|       Functional Unit       |    FF   |   LUT   |
|----------|-----------------------------|---------|---------|
|    add   |        beat_11_fu_68        |    0    |    20   |
|----------|-----------------------------|---------|---------|
|   icmp   |      icmp_ln1150_fu_62      |    0    |    12   |
|----------|-----------------------------|---------|---------|
|   read   | avoid_beats_read_read_fu_42 |    0    |    0    |
|          |        p_0_read_fu_48       |    0    |    0    |
|----------|-----------------------------|---------|---------|
|   Total  |                             |    0    |    32   |
|----------|-----------------------------|---------|---------|

Memories:
N/A

* Register list:
+--------------+--------+
|              |   FF   |
+--------------+--------+
|beat_05_reg_79|   13   |
+--------------+--------+
|     Total    |   13   |
+--------------+--------+

* Multiplexer (MUX) list: 
|--------|------|------|------|--------|
|  Comp  |  Pin | Size |  BW  | S x BW |
|--------|------|------|------|--------|
|  Total |      |      |      |    0   |
|--------|------|------|------|--------|



* Summary:
+-----------+--------+--------+
|           |   FF   |   LUT  |
+-----------+--------+--------+
|  Function |    0   |   32   |
|   Memory  |    -   |    -   |
|Multiplexer|    -   |    -   |
|  Register |   13   |    -   |
+-----------+--------+--------+
|   Total   |   13   |   32   |
+-----------+--------+--------+
