INFO: [v++ 60-1306] Additional information associated with this v++ link can be found at:
	Reports: /home/x_thileeb/repos/ops-hls-batching-new/codegen_apps/batching/jacobian3d/u280_project/hls/build/hw/temp_dir/link/reports/link
	Log files: /home/x_thileeb/repos/ops-hls-batching-new/codegen_apps/batching/jacobian3d/u280_project/hls/build/hw/temp_dir/link/logs/link
INFO: [v++ 60-1548] Creating build summary session with primary output /home/x_thileeb/repos/ops-hls-batching-new/codegen_apps/batching/jacobian3d/u280_project/hls/build/hw/jac3D7pt.xclbin.link_summary, at Fri Jul 24 21:28:06 2026
INFO: [v++ 60-1315] Creating rulecheck session with output '/home/x_thileeb/repos/ops-hls-batching-new/codegen_apps/batching/jacobian3d/u280_project/hls/build/hw/temp_dir/link/reports/link/v++_link_jac3D7pt_guidance.html', at Fri Jul 24 21:28:06 2026
INFO: [v++ 60-895]   Target platform: /opt/xilinx/platforms/xilinx_u280_gen3x16_xdma_1_202211_1/xilinx_u280_gen3x16_xdma_1_202211_1.xpfm
INFO: [v++ 60-1578]   This platform contains Xilinx Shell Archive '/opt/xilinx/platforms/xilinx_u280_gen3x16_xdma_1_202211_1/hw/hw.xsa'
INFO: [v++ 74-78] Compiler Version string: 2022.2
INFO: [v++ 60-629] Linking for hardware target
INFO: [v++ 60-423]   Target device: xilinx_u280_gen3x16_xdma_1_202211_1
INFO: [v++ 60-1332] Run 'run_link' status: Not started
INFO: [v++ 60-1443] [21:28:10] Run run_link: Step system_link: Started
INFO: [v++ 60-1453] Command Line: system_link --xo /home/x_thileeb/repos/ops-hls-batching-new/codegen_apps/batching/jacobian3d/u280_project/hls/build/hw/datamover_outerloop_0.xo --xo /home/x_thileeb/repos/ops-hls-batching-new/codegen_apps/batching/jacobian3d/u280_project/hls/build/hw/kernel_outerloop_0.xo --xo /home/x_thileeb/repos/ops-hls-batching-new/codegen_apps/batching/jacobian3d/u280_project/hls/build/hw/repeater_outerloop_0.xo -keep --config /home/x_thileeb/repos/ops-hls-batching-new/codegen_apps/batching/jacobian3d/u280_project/hls/build/hw/temp_dir/link/link/int/syslinkConfig.ini --xpfm /opt/xilinx/platforms/xilinx_u280_gen3x16_xdma_1_202211_1/xilinx_u280_gen3x16_xdma_1_202211_1.xpfm --target hw --output_dir /home/x_thileeb/repos/ops-hls-batching-new/codegen_apps/batching/jacobian3d/u280_project/hls/build/hw/temp_dir/link/link/int --temp_dir /home/x_thileeb/repos/ops-hls-batching-new/codegen_apps/batching/jacobian3d/u280_project/hls/build/hw/temp_dir/link/link/sys_link
INFO: [v++ 60-1454] Run Directory: /home/x_thileeb/repos/ops-hls-batching-new/codegen_apps/batching/jacobian3d/u280_project/hls/build/hw/temp_dir/link/link/run_link
INFO: [SYSTEM_LINK 82-70] Extracting xo v3 file /home/x_thileeb/repos/ops-hls-batching-new/codegen_apps/batching/jacobian3d/u280_project/hls/build/hw/datamover_outerloop_0.xo
INFO: [SYSTEM_LINK 82-70] Extracting xo v3 file /home/x_thileeb/repos/ops-hls-batching-new/codegen_apps/batching/jacobian3d/u280_project/hls/build/hw/kernel_outerloop_0.xo
INFO: [SYSTEM_LINK 82-70] Extracting xo v3 file /home/x_thileeb/repos/ops-hls-batching-new/codegen_apps/batching/jacobian3d/u280_project/hls/build/hw/repeater_outerloop_0.xo
INFO: [SYSTEM_LINK 82-53] Creating IP database /home/x_thileeb/repos/ops-hls-batching-new/codegen_apps/batching/jacobian3d/u280_project/hls/build/hw/temp_dir/link/link/sys_link/_sysl/.cdb/xd_ip_db.xml
INFO: [SYSTEM_LINK 82-38] [21:28:14] build_xd_ip_db started: /tools/Xilinx/Vitis/2022.2/bin/build_xd_ip_db -ip_search 0  -sds-pf /home/x_thileeb/repos/ops-hls-batching-new/codegen_apps/batching/jacobian3d/u280_project/hls/build/hw/temp_dir/link/link/sys_link/hw.hpfm -clkid 0 -ip /home/x_thileeb/repos/ops-hls-batching-new/codegen_apps/batching/jacobian3d/u280_project/hls/build/hw/temp_dir/link/link/sys_link/iprepo/xilinx_com_hls_repeater_outerloop_0_1_0,repeater_outerloop_0 -ip /home/x_thileeb/repos/ops-hls-batching-new/codegen_apps/batching/jacobian3d/u280_project/hls/build/hw/temp_dir/link/link/sys_link/iprepo/xilinx_com_hls_kernel_outerloop_0_1_0,kernel_outerloop_0 -ip /home/x_thileeb/repos/ops-hls-batching-new/codegen_apps/batching/jacobian3d/u280_project/hls/build/hw/temp_dir/link/link/sys_link/iprepo/xilinx_com_hls_datamover_outerloop_0_1_0,datamover_outerloop_0 -o /home/x_thileeb/repos/ops-hls-batching-new/codegen_apps/batching/jacobian3d/u280_project/hls/build/hw/temp_dir/link/link/sys_link/_sysl/.cdb/xd_ip_db.xml
INFO: [SYSTEM_LINK 82-37] [21:28:18] build_xd_ip_db finished successfully
Time (s): cpu = 00:00:04 ; elapsed = 00:00:05 . Memory (MB): peak = 431.707 ; gain = 0.000 ; free physical = 233528 ; free virtual = 345531
INFO: [SYSTEM_LINK 82-51] Create system connectivity graph
INFO: [SYSTEM_LINK 82-102] Applying explicit connections to the system connectivity graph: /home/x_thileeb/repos/ops-hls-batching-new/codegen_apps/batching/jacobian3d/u280_project/hls/build/hw/temp_dir/link/link/sys_link/cfgraph/cfgen_cfgraph.xml
INFO: [SYSTEM_LINK 82-38] [21:28:18] cfgen started: /tools/Xilinx/Vitis/2022.2/bin/cfgen  -nk kernel_outerloop_0:1:kernel_outerloop_inst_0_1 -nk kernel_outerloop_0:1:kernel_outerloop_inst_0_2 -nk kernel_outerloop_0:1:kernel_outerloop_inst_0_3 -sc datamover_outerloop_0_1.arg0_axis_out:kernel_outerloop_inst_0_1.arg0_axis_in:1024 -sc kernel_outerloop_inst_0_1.arg1_axis_out:kernel_outerloop_inst_0_2.arg0_axis_in:1024 -sc kernel_outerloop_inst_0_2.arg1_axis_out:kernel_outerloop_inst_0_3.arg0_axis_in:1024 -sc kernel_outerloop_inst_0_3.arg1_axis_out:repeater_outerloop_0_1.arg0_axis_in -sc repeater_outerloop_0_1.arg1_axis_out:datamover_outerloop_0_1.arg1_axis_in:1024 -slr kernel_outerloop_inst_0_1:SLR0 -slr kernel_outerloop_inst_0_2:SLR1 -slr kernel_outerloop_inst_0_3:SLR2 -slr repeater_outerloop_0_1:SLR1 -sp datamover_outerloop_0_1.arg0:HBM[0] -sp datamover_outerloop_0_1.arg1:HBM[1] -dpa_mem_offload false -dmclkid 0 -r /home/x_thileeb/repos/ops-hls-batching-new/codegen_apps/batching/jacobian3d/u280_project/hls/build/hw/temp_dir/link/link/sys_link/_sysl/.cdb/xd_ip_db.xml -o /home/x_thileeb/repos/ops-hls-batching-new/codegen_apps/batching/jacobian3d/u280_project/hls/build/hw/temp_dir/link/link/sys_link/cfgraph/cfgen_cfgraph.xml
INFO: [CFGEN 83-0] Kernel Specs: 
INFO: [CFGEN 83-0]   kernel: kernel_outerloop_0, num: 1  {kernel_outerloop_inst_0_1}
INFO: [CFGEN 83-0]   kernel: kernel_outerloop_0, num: 1  {kernel_outerloop_inst_0_2}
INFO: [CFGEN 83-0]   kernel: kernel_outerloop_0, num: 1  {kernel_outerloop_inst_0_3}
INFO: [CFGEN 83-0]   kernel: datamover_outerloop_0, num: 1  {datamover_outerloop_0_1}
INFO: [CFGEN 83-0]   kernel: repeater_outerloop_0, num: 1  {repeater_outerloop_0_1}
INFO: [CFGEN 83-0] Port Specs: 
INFO: [CFGEN 83-0]   kernel: datamover_outerloop_0_1, k_port: arg0, sptag: HBM[0]
INFO: [CFGEN 83-0]   kernel: datamover_outerloop_0_1, k_port: arg1, sptag: HBM[1]
INFO: [CFGEN 83-0] Stream Specs: 
INFO: [CFGEN 83-0]   datamover_outerloop_0_1.arg0_axis_out => kernel_outerloop_inst_0_1.arg0_axis_in
INFO: [CFGEN 83-0]   kernel_outerloop_inst_0_1.arg1_axis_out => kernel_outerloop_inst_0_2.arg0_axis_in
INFO: [CFGEN 83-0]   kernel_outerloop_inst_0_2.arg1_axis_out => kernel_outerloop_inst_0_3.arg0_axis_in
INFO: [CFGEN 83-0]   kernel_outerloop_inst_0_3.arg1_axis_out => repeater_outerloop_0_1.arg0_axis_in
INFO: [CFGEN 83-0]   repeater_outerloop_0_1.arg1_axis_out => datamover_outerloop_0_1.arg1_axis_in
INFO: [CFGEN 83-0] SLR Specs: 
INFO: [CFGEN 83-0]   instance: kernel_outerloop_inst_0_1, SLR: SLR0
INFO: [CFGEN 83-0]   instance: kernel_outerloop_inst_0_2, SLR: SLR1
INFO: [CFGEN 83-0]   instance: kernel_outerloop_inst_0_3, SLR: SLR2
INFO: [CFGEN 83-0]   instance: repeater_outerloop_0_1, SLR: SLR1
INFO: [SYSTEM_LINK 82-37] [21:28:26] cfgen finished successfully
Time (s): cpu = 00:00:07 ; elapsed = 00:00:08 . Memory (MB): peak = 431.707 ; gain = 0.000 ; free physical = 232519 ; free virtual = 344534
INFO: [SYSTEM_LINK 82-52] Create top-level block diagram
INFO: [SYSTEM_LINK 82-38] [21:28:26] cf2bd started: /tools/Xilinx/Vitis/2022.2/bin/cf2bd  --linux --trace_buffer 1024 --input_file /home/x_thileeb/repos/ops-hls-batching-new/codegen_apps/batching/jacobian3d/u280_project/hls/build/hw/temp_dir/link/link/sys_link/cfgraph/cfgen_cfgraph.xml --ip_db /home/x_thileeb/repos/ops-hls-batching-new/codegen_apps/batching/jacobian3d/u280_project/hls/build/hw/temp_dir/link/link/sys_link/_sysl/.cdb/xd_ip_db.xml --cf_name dr --working_dir /home/x_thileeb/repos/ops-hls-batching-new/codegen_apps/batching/jacobian3d/u280_project/hls/build/hw/temp_dir/link/link/sys_link/_sysl/.xsd --temp_dir /home/x_thileeb/repos/ops-hls-batching-new/codegen_apps/batching/jacobian3d/u280_project/hls/build/hw/temp_dir/link/link/sys_link --output_dir /home/x_thileeb/repos/ops-hls-batching-new/codegen_apps/batching/jacobian3d/u280_project/hls/build/hw/temp_dir/link/link/int --target_bd ulp.bd
INFO: [CF2BD 82-31] Launching cf2xd: cf2xd -linux -trace-buffer 1024 -i /home/x_thileeb/repos/ops-hls-batching-new/codegen_apps/batching/jacobian3d/u280_project/hls/build/hw/temp_dir/link/link/sys_link/cfgraph/cfgen_cfgraph.xml -r /home/x_thileeb/repos/ops-hls-batching-new/codegen_apps/batching/jacobian3d/u280_project/hls/build/hw/temp_dir/link/link/sys_link/_sysl/.cdb/xd_ip_db.xml -o dr.xml
INFO: [CF2BD 82-28] cf2xd finished successfully
INFO: [CF2BD 82-31] Launching cf_xsd: cf_xsd -disable-address-gen -bd ulp.bd -dn dr -dp /home/x_thileeb/repos/ops-hls-batching-new/codegen_apps/batching/jacobian3d/u280_project/hls/build/hw/temp_dir/link/link/sys_link/_sysl/.xsd
INFO: [CF2BD 82-28] cf_xsd finished successfully
INFO: [SYSTEM_LINK 82-37] [21:28:35] cf2bd finished successfully
Time (s): cpu = 00:00:09 ; elapsed = 00:00:09 . Memory (MB): peak = 431.707 ; gain = 0.000 ; free physical = 232676 ; free virtual = 344699
INFO: [v++ 60-1441] [21:28:35] Run run_link: Step system_link: Completed
Time (s): cpu = 00:00:22 ; elapsed = 00:00:25 . Memory (MB): peak = 459.074 ; gain = 0.000 ; free physical = 232736 ; free virtual = 344759
INFO: [v++ 60-1443] [21:28:35] Run run_link: Step cf2sw: Started
INFO: [v++ 60-1453] Command Line: cf2sw -sdsl /home/x_thileeb/repos/ops-hls-batching-new/codegen_apps/batching/jacobian3d/u280_project/hls/build/hw/temp_dir/link/link/int/sdsl.dat -rtd /home/x_thileeb/repos/ops-hls-batching-new/codegen_apps/batching/jacobian3d/u280_project/hls/build/hw/temp_dir/link/link/int/cf2sw.rtd -nofilter /home/x_thileeb/repos/ops-hls-batching-new/codegen_apps/batching/jacobian3d/u280_project/hls/build/hw/temp_dir/link/link/int/cf2sw_full.rtd -xclbin /home/x_thileeb/repos/ops-hls-batching-new/codegen_apps/batching/jacobian3d/u280_project/hls/build/hw/temp_dir/link/link/int/xclbin_orig.xml -o /home/x_thileeb/repos/ops-hls-batching-new/codegen_apps/batching/jacobian3d/u280_project/hls/build/hw/temp_dir/link/link/int/xclbin_orig.1.xml
INFO: [v++ 60-1454] Run Directory: /home/x_thileeb/repos/ops-hls-batching-new/codegen_apps/batching/jacobian3d/u280_project/hls/build/hw/temp_dir/link/link/run_link
INFO: [v++ 60-1441] [21:28:48] Run run_link: Step cf2sw: Completed
Time (s): cpu = 00:00:13 ; elapsed = 00:00:13 . Memory (MB): peak = 459.074 ; gain = 0.000 ; free physical = 234184 ; free virtual = 346267
INFO: [v++ 60-1443] [21:28:48] Run run_link: Step rtd2_system_diagram: Started
INFO: [v++ 60-1453] Command Line: rtd2SystemDiagram
INFO: [v++ 60-1454] Run Directory: /home/x_thileeb/repos/ops-hls-batching-new/codegen_apps/batching/jacobian3d/u280_project/hls/build/hw/temp_dir/link/link/run_link
INFO: [v++ 60-1441] [21:28:48] Run run_link: Step rtd2_system_diagram: Completed
Time (s): cpu = 00:00:00 ; elapsed = 00:00:00.27 . Memory (MB): peak = 459.074 ; gain = 0.000 ; free physical = 234152 ; free virtual = 346239
INFO: [v++ 60-1443] [21:28:48] Run run_link: Step vpl: Started
INFO: [v++ 60-1453] Command Line: vpl -t hw -f xilinx_u280_gen3x16_xdma_1_202211_1 -s --remote_ip_cache /home/x_thileeb/repos/ops-hls-batching-new/OPS/source_files/../ops/hls/IP_CACHE/ --output_dir /home/x_thileeb/repos/ops-hls-batching-new/codegen_apps/batching/jacobian3d/u280_project/hls/build/hw/temp_dir/link/link/int --log_dir /home/x_thileeb/repos/ops-hls-batching-new/codegen_apps/batching/jacobian3d/u280_project/hls/build/hw/temp_dir/link/logs/link --report_dir /home/x_thileeb/repos/ops-hls-batching-new/codegen_apps/batching/jacobian3d/u280_project/hls/build/hw/temp_dir/link/reports/link --config /home/x_thileeb/repos/ops-hls-batching-new/codegen_apps/batching/jacobian3d/u280_project/hls/build/hw/temp_dir/link/link/int/vplConfig.ini -k /home/x_thileeb/repos/ops-hls-batching-new/codegen_apps/batching/jacobian3d/u280_project/hls/build/hw/temp_dir/link/link/int/kernel_info.dat --webtalk_flag Vitis --temp_dir /home/x_thileeb/repos/ops-hls-batching-new/codegen_apps/batching/jacobian3d/u280_project/hls/build/hw/temp_dir/link/link --no-info --iprepo /home/x_thileeb/repos/ops-hls-batching-new/codegen_apps/batching/jacobian3d/u280_project/hls/build/hw/temp_dir/link/link/int/xo/ip_repo/xilinx_com_hls_repeater_outerloop_0_1_0 --iprepo /home/x_thileeb/repos/ops-hls-batching-new/codegen_apps/batching/jacobian3d/u280_project/hls/build/hw/temp_dir/link/link/int/xo/ip_repo/xilinx_com_hls_kernel_outerloop_0_1_0 --iprepo /home/x_thileeb/repos/ops-hls-batching-new/codegen_apps/batching/jacobian3d/u280_project/hls/build/hw/temp_dir/link/link/int/xo/ip_repo/xilinx_com_hls_datamover_outerloop_0_1_0 --messageDb /home/x_thileeb/repos/ops-hls-batching-new/codegen_apps/batching/jacobian3d/u280_project/hls/build/hw/temp_dir/link/link/run_link/vpl.pb /home/x_thileeb/repos/ops-hls-batching-new/codegen_apps/batching/jacobian3d/u280_project/hls/build/hw/temp_dir/link/link/int/dr.bd.tcl
INFO: [v++ 60-1454] Run Directory: /home/x_thileeb/repos/ops-hls-batching-new/codegen_apps/batching/jacobian3d/u280_project/hls/build/hw/temp_dir/link/link/run_link

****** vpl v2022.2 (64-bit)
  **** SW Build 3671529 on 2022-10-13-17:52:11
    ** Copyright 1986-2022 Xilinx, Inc. All Rights Reserved.

INFO: [VPL 60-839] Read in kernel information from file '/home/x_thileeb/repos/ops-hls-batching-new/codegen_apps/batching/jacobian3d/u280_project/hls/build/hw/temp_dir/link/link/int/kernel_info.dat'.
INFO: [VPL 74-78] Compiler Version string: 2022.2
INFO: [VPL 60-423]   Target device: xilinx_u280_gen3x16_xdma_1_202211_1
INFO: [VPL 60-1032] Extracting hardware platform to /home/x_thileeb/repos/ops-hls-batching-new/codegen_apps/batching/jacobian3d/u280_project/hls/build/hw/temp_dir/link/link/vivado/vpl/.local/hw_platform
[21:29:03] Run vpl: Step create_project: Started
Creating Vivado project.
[21:29:08] Run vpl: Step create_project: Completed
[21:29:08] Run vpl: Step create_bd: Started
[21:29:38] Run vpl: Step create_bd: Completed
[21:29:38] Run vpl: Step update_bd: Started
[21:29:39] Run vpl: Step update_bd: Completed
[21:29:39] Run vpl: Step generate_target: Started
[21:30:50] Run vpl: Step generate_target: Completed
[21:30:50] Run vpl: Step config_hw_runs: Started
[21:30:53] Run vpl: Step config_hw_runs: Completed
[21:30:53] Run vpl: Step synth: Started
[21:31:25] Block-level synthesis in progress, 0 of 5 jobs complete, 3 jobs running.
[21:31:55] Block-level synthesis in progress, 0 of 5 jobs complete, 3 jobs running.
[21:32:26] Block-level synthesis in progress, 0 of 5 jobs complete, 3 jobs running.
[21:32:57] Block-level synthesis in progress, 0 of 5 jobs complete, 3 jobs running.
[21:33:27] Block-level synthesis in progress, 0 of 5 jobs complete, 3 jobs running.
[21:33:58] Block-level synthesis in progress, 0 of 5 jobs complete, 3 jobs running.
[21:34:28] Block-level synthesis in progress, 0 of 5 jobs complete, 3 jobs running.
[21:34:59] Block-level synthesis in progress, 0 of 5 jobs complete, 3 jobs running.
[21:35:29] Block-level synthesis in progress, 0 of 5 jobs complete, 3 jobs running.
[21:36:00] Block-level synthesis in progress, 0 of 5 jobs complete, 3 jobs running.
[21:36:30] Block-level synthesis in progress, 0 of 5 jobs complete, 3 jobs running.
[21:37:01] Block-level synthesis in progress, 0 of 5 jobs complete, 3 jobs running.
[21:37:31] Block-level synthesis in progress, 0 of 5 jobs complete, 3 jobs running.
[21:38:02] Block-level synthesis in progress, 0 of 5 jobs complete, 3 jobs running.
[21:38:33] Block-level synthesis in progress, 0 of 5 jobs complete, 3 jobs running.
[21:39:03] Block-level synthesis in progress, 0 of 5 jobs complete, 3 jobs running.
[21:39:34] Block-level synthesis in progress, 0 of 5 jobs complete, 3 jobs running.
[21:40:04] Block-level synthesis in progress, 0 of 5 jobs complete, 3 jobs running.
[21:40:35] Block-level synthesis in progress, 0 of 5 jobs complete, 3 jobs running.
[21:41:05] Block-level synthesis in progress, 0 of 5 jobs complete, 3 jobs running.
[21:41:36] Block-level synthesis in progress, 0 of 5 jobs complete, 3 jobs running.
[21:42:07] Block-level synthesis in progress, 0 of 5 jobs complete, 3 jobs running.
[21:42:37] Block-level synthesis in progress, 0 of 5 jobs complete, 3 jobs running.
[21:43:08] Block-level synthesis in progress, 0 of 5 jobs complete, 3 jobs running.
[21:43:38] Block-level synthesis in progress, 0 of 5 jobs complete, 3 jobs running.
[21:44:09] Block-level synthesis in progress, 0 of 5 jobs complete, 3 jobs running.
[21:44:40] Block-level synthesis in progress, 0 of 5 jobs complete, 3 jobs running.
[21:45:10] Block-level synthesis in progress, 0 of 5 jobs complete, 3 jobs running.
[21:45:41] Block-level synthesis in progress, 0 of 5 jobs complete, 3 jobs running.
[21:46:12] Block-level synthesis in progress, 0 of 5 jobs complete, 3 jobs running.
[21:46:43] Block-level synthesis in progress, 0 of 5 jobs complete, 3 jobs running.
[21:47:13] Block-level synthesis in progress, 0 of 5 jobs complete, 3 jobs running.
[21:47:44] Block-level synthesis in progress, 0 of 5 jobs complete, 3 jobs running.
[21:48:14] Block-level synthesis in progress, 1 of 5 jobs complete, 2 jobs running.
[21:48:45] Block-level synthesis in progress, 3 of 5 jobs complete, 1 job running.
[21:49:15] Block-level synthesis in progress, 3 of 5 jobs complete, 1 job running.
[21:49:46] Block-level synthesis in progress, 3 of 5 jobs complete, 1 job running.
[21:49:57] Run vpl: Step synth: Completed
[21:49:57] Run vpl: Step impl: Started
[22:19:31] Finished 2nd of 6 tasks (FPGA linking synthesized kernels to platform). Elapsed time: 00h 50m 41s 

[22:19:31] Starting logic optimization..
[22:23:05] Phase 1 Retarget
[22:24:06] Phase 2 Constant propagation
[22:24:06] Phase 3 Sweep
[22:25:37] Phase 4 BUFG optimization
[22:26:08] Phase 5 Shift Register Optimization
[22:26:38] Phase 6 Post Processing Netlist
[22:29:12] Finished 3rd of 6 tasks (FPGA logic optimization). Elapsed time: 00h 09m 40s 

[22:29:12] Starting logic placement..
[22:30:13] Phase 1 Placer Initialization
[22:30:13] Phase 1.1 Placer Initialization Netlist Sorting
[22:33:46] Phase 1.2 IO Placement/ Clock Placement/ Build Placer Device
[22:37:20] Phase 1.3 Build Placer Netlist Model
[22:44:58] Phase 1.4 Constrain Clocks/Macros
[22:45:59] Phase 2 Global Placement
[22:45:59] Phase 2.1 Floorplanning
[22:47:31] Phase 2.1.1 Partition Driven Placement
[22:47:31] Phase 2.1.1.1 PBP: Partition Driven Placement
[22:52:37] Phase 2.1.1.2 PBP: Clock Region Placement
[22:54:09] Phase 2.1.1.3 PBP: Discrete Incremental
[22:54:40] Phase 2.1.1.4 PBP: Compute Congestion
[22:54:40] Phase 2.1.1.5 PBP: Macro Placement
[22:56:12] Phase 2.1.1.6 PBP: UpdateTiming
[22:56:43] Phase 2.1.1.7 PBP: Add part constraints
[22:57:14] Phase 2.2 Physical Synthesis After Floorplan
[22:58:46] Phase 2.3 Update Timing before SLR Path Opt
[22:59:17] Phase 2.4 Post-Processing in Floorplanning
[22:59:17] Phase 2.5 Global Placement Core
[23:12:37] Phase 2.5.1 UpdateTiming Before Physical Synthesis
[23:13:07] Phase 2.5.2 Physical Synthesis In Placer
[23:21:50] Phase 3 Detail Placement
[23:22:52] Phase 3.1 Commit Multi Column Macros
[23:23:22] Phase 3.2 Commit Most Macros & LUTRAMs
[23:26:58] Phase 3.3 Small Shape DP
[23:26:58] Phase 3.3.1 Small Shape Clustering
[23:27:29] Phase 3.3.2 Flow Legalize Slice Clusters
[23:27:59] Phase 3.3.3 Slice Area Swap
[23:27:59] Phase 3.3.3.1 Slice Area Swap Initial
[23:31:04] Phase 3.4 Place Remaining
[23:31:04] Phase 3.5 Re-assign LUT pins
[23:32:05] Phase 3.6 Pipeline Register Optimization
[23:32:36] Phase 3.7 Fast Optimization
[23:35:10] Phase 4 Post Placement Optimization and Clean-Up
[23:35:10] Phase 4.1 Post Commit Optimization
[23:41:19] Phase 4.1.1 Post Placement Optimization
[23:41:19] Phase 4.1.1.1 BUFG Insertion
[23:41:19] Phase 1 Physical Synthesis Initialization
[23:42:51] Phase 4.1.1.2 BUFG Replication
[23:42:51] Phase 4.1.1.3 Post Placement Timing Optimization
[23:52:35] Phase 4.1.1.4 Replication
[23:55:09] Phase 4.2 Post Placement Cleanup
[23:55:40] Phase 4.3 Placer Reporting
[23:55:40] Phase 4.3.1 Print Estimated Congestion
[23:56:11] Phase 4.4 Final Placement Cleanup
[00:07:28] Finished 4th of 6 tasks (FPGA logic placement). Elapsed time: 01h 38m 16s 

[00:07:28] Starting logic routing..
[00:10:32] Phase 1 Build RT Design
[00:18:15] Phase 2 Router Initialization
[00:18:15] Phase 2.1 Fix Topology Constraints
[00:19:16] Phase 2.2 Pre Route Cleanup
[00:20:49] Phase 2.3 Global Clock Net Routing
[00:22:52] Phase 2.4 Update Timing
[00:32:37] Phase 2.5 Update Timing for Bus Skew
[00:32:37] Phase 2.5.1 Update Timing
[00:37:44] Phase 3 Initial Routing
[00:37:44] Phase 3.1 Global Routing
[00:41:50] Phase 4 Rip-up And Reroute
[00:41:50] Phase 4.1 Global Iteration 0
[01:22:20] Phase 4.2 Global Iteration 1
[01:40:16] Phase 4.3 Global Iteration 2
[02:02:19] Phase 5 Delay and Skew Optimization
[02:02:19] Phase 5.1 Delay CleanUp
[02:02:19] Phase 5.1.1 Update Timing
[02:05:54] Phase 5.1.2 Update Timing
[02:10:00] Phase 5.2 Clock Skew Optimization
[02:12:03] Phase 6 Post Hold Fix
[02:12:03] Phase 6.1 Hold Fix Iter
[02:12:03] Phase 6.1.1 Update Timing
[02:17:11] Phase 7 Leaf Clock Prog Delay Opt
[02:20:46] Phase 8 Route finalize
[02:21:47] Phase 9 Verifying routed nets
[02:23:20] Phase 10 Depositing Routes
[02:25:23] Phase 11 Resolve XTalk
[02:26:55] Phase 12 Post Router Timing
[02:32:03] Finished 5th of 6 tasks (FPGA routing). Elapsed time: 02h 24m 35s 

[02:32:03] Starting bitstream generation..
Starting optional post-route physical design optimization.
Finished optional post-route physical design optimization.
[03:12:34] Creating bitmap...
[03:25:54] Writing bitstream ./level0_i_ulp_my_rm_partial.bit...
[03:26:25] Finished 6th of 6 tasks (FPGA bitstream generation). Elapsed time: 00h 54m 22s 
Check VPL, containing 1 checks, has run: 0 errors
[03:26:34] Run vpl: Step impl: Completed
[03:26:35] Run vpl: FINISHED. Run Status: impl Complete!
INFO: [v++ 60-1441] [03:26:35] Run run_link: Step vpl: Completed
Time (s): cpu = 00:03:26 ; elapsed = 05:57:47 . Memory (MB): peak = 459.074 ; gain = 0.000 ; free physical = 108050 ; free virtual = 223619
INFO: [v++ 60-1443] [03:26:35] Run run_link: Step rtdgen: Started
INFO: [v++ 60-1453] Command Line: rtdgen
INFO: [v++ 60-1454] Run Directory: /home/x_thileeb/repos/ops-hls-batching-new/codegen_apps/batching/jacobian3d/u280_project/hls/build/hw/temp_dir/link/link/run_link
INFO: [v++ 60-991] clock name 'ulp_ucs/aclk_kernel_01' (clock ID '1') is being mapped to clock name 'KERNEL_CLK' in the xclbin
INFO: [v++ 60-991] clock name 'ulp_ucs/aclk_kernel_00' (clock ID '0') is being mapped to clock name 'DATA_CLK' in the xclbin
INFO: [v++ 60-991] clock name 'hbm_aclk' (clock ID '') is being mapped to clock name 'hbm_aclk' in the xclbin
INFO: [v++ 60-1230] The compiler selected the following frequencies for the runtime controllable kernel clock(s) and scalable system clock(s): System (SYSTEM) clock: hbm_aclk = 450, Kernel (KERNEL) clock: ulp_ucs/aclk_kernel_01 = 500, Kernel (DATA) clock: ulp_ucs/aclk_kernel_00 = 300
INFO: [v++ 60-1453] Command Line: cf2sw -a /home/x_thileeb/repos/ops-hls-batching-new/codegen_apps/batching/jacobian3d/u280_project/hls/build/hw/temp_dir/link/link/int/address_map.xml -sdsl /home/x_thileeb/repos/ops-hls-batching-new/codegen_apps/batching/jacobian3d/u280_project/hls/build/hw/temp_dir/link/link/int/sdsl.dat -xclbin /home/x_thileeb/repos/ops-hls-batching-new/codegen_apps/batching/jacobian3d/u280_project/hls/build/hw/temp_dir/link/link/int/xclbin_orig.xml -rtd /home/x_thileeb/repos/ops-hls-batching-new/codegen_apps/batching/jacobian3d/u280_project/hls/build/hw/temp_dir/link/link/int/jac3D7pt.rtd -o /home/x_thileeb/repos/ops-hls-batching-new/codegen_apps/batching/jacobian3d/u280_project/hls/build/hw/temp_dir/link/link/int/jac3D7pt.xml
INFO: [v++ 60-1652] Cf2sw returned exit code: 0
INFO: [v++ 60-1441] [03:26:46] Run run_link: Step rtdgen: Completed
Time (s): cpu = 00:00:11 ; elapsed = 00:00:11 . Memory (MB): peak = 459.074 ; gain = 0.000 ; free physical = 110700 ; free virtual = 226271
INFO: [v++ 60-1443] [03:26:46] Run run_link: Step xclbinutil: Started
INFO: [v++ 60-1453] Command Line: xclbinutil --add-section BITSTREAM:RAW:/home/x_thileeb/repos/ops-hls-batching-new/codegen_apps/batching/jacobian3d/u280_project/hls/build/hw/temp_dir/link/link/int/partial.bit --force --target hw --key-value SYS:dfx_enable:true --add-section :JSON:/home/x_thileeb/repos/ops-hls-batching-new/codegen_apps/batching/jacobian3d/u280_project/hls/build/hw/temp_dir/link/link/int/jac3D7pt.rtd --append-section :JSON:/home/x_thileeb/repos/ops-hls-batching-new/codegen_apps/batching/jacobian3d/u280_project/hls/build/hw/temp_dir/link/link/int/appendSection.rtd --add-section CLOCK_FREQ_TOPOLOGY:JSON:/home/x_thileeb/repos/ops-hls-batching-new/codegen_apps/batching/jacobian3d/u280_project/hls/build/hw/temp_dir/link/link/int/jac3D7pt_xml.rtd --add-section BUILD_METADATA:JSON:/home/x_thileeb/repos/ops-hls-batching-new/codegen_apps/batching/jacobian3d/u280_project/hls/build/hw/temp_dir/link/link/int/jac3D7pt_build.rtd --add-section EMBEDDED_METADATA:RAW:/home/x_thileeb/repos/ops-hls-batching-new/codegen_apps/batching/jacobian3d/u280_project/hls/build/hw/temp_dir/link/link/int/jac3D7pt.xml --add-section SYSTEM_METADATA:RAW:/home/x_thileeb/repos/ops-hls-batching-new/codegen_apps/batching/jacobian3d/u280_project/hls/build/hw/temp_dir/link/link/int/systemDiagramModelSlrBaseAddress.json --key-value SYS:PlatformVBNV:xilinx_u280_gen3x16_xdma_1_202211_1 --output /home/x_thileeb/repos/ops-hls-batching-new/codegen_apps/batching/jacobian3d/u280_project/hls/build/hw/jac3D7pt.xclbin
INFO: [v++ 60-1454] Run Directory: /home/x_thileeb/repos/ops-hls-batching-new/codegen_apps/batching/jacobian3d/u280_project/hls/build/hw/temp_dir/link/link/run_link
XRT Build Version: 2.13.479 (2022.1)
       Build Date: 2022-06-25 02:04:47
          Hash ID: 5e92a513c6950e79638b1a879ddb882da34fc683
Creating a default 'in-memory' xclbin image.

Section: 'BITSTREAM'(0) was successfully added.
Size   : 78875178 bytes
Format : RAW
File   : '/home/x_thileeb/repos/ops-hls-batching-new/codegen_apps/batching/jacobian3d/u280_project/hls/build/hw/temp_dir/link/link/int/partial.bit'

Section: 'MEM_TOPOLOGY'(6) was successfully added.
Format : JSON
File   : 'mem_topology'

Section: 'IP_LAYOUT'(8) was successfully added.
Format : JSON
File   : 'ip_layout'

Section: 'CONNECTIVITY'(7) was successfully added.
Format : JSON
File   : 'connectivity'

Section: 'CLOCK_FREQ_TOPOLOGY'(11) was successfully added.
Size   : 410 bytes
Format : JSON
File   : '/home/x_thileeb/repos/ops-hls-batching-new/codegen_apps/batching/jacobian3d/u280_project/hls/build/hw/temp_dir/link/link/int/jac3D7pt_xml.rtd'

Section: 'BUILD_METADATA'(14) was successfully added.
Size   : 10114 bytes
Format : JSON
File   : '/home/x_thileeb/repos/ops-hls-batching-new/codegen_apps/batching/jacobian3d/u280_project/hls/build/hw/temp_dir/link/link/int/jac3D7pt_build.rtd'

Section: 'EMBEDDED_METADATA'(2) was successfully added.
Size   : 60346 bytes
Format : RAW
File   : '/home/x_thileeb/repos/ops-hls-batching-new/codegen_apps/batching/jacobian3d/u280_project/hls/build/hw/temp_dir/link/link/int/jac3D7pt.xml'

Section: 'SYSTEM_METADATA'(22) was successfully added.
Size   : 71424 bytes
Format : RAW
File   : '/home/x_thileeb/repos/ops-hls-batching-new/codegen_apps/batching/jacobian3d/u280_project/hls/build/hw/temp_dir/link/link/int/systemDiagramModelSlrBaseAddress.json'

Section: 'PARTITION_METADATA'(20) was successfully appended to.
Format : JSON
File   : 'partition_metadata'

Section: 'IP_LAYOUT'(8) was successfully appended to.
Format : JSON
File   : 'ip_layout'
Successfully wrote (79058029 bytes) to the output file: /home/x_thileeb/repos/ops-hls-batching-new/codegen_apps/batching/jacobian3d/u280_project/hls/build/hw/jac3D7pt.xclbin
Leaving xclbinutil.
INFO: [v++ 60-1441] [03:26:46] Run run_link: Step xclbinutil: Completed
Time (s): cpu = 00:00:00.1 ; elapsed = 00:00:00.37 . Memory (MB): peak = 459.074 ; gain = 0.000 ; free physical = 110498 ; free virtual = 226144
INFO: [v++ 60-1443] [03:26:46] Run run_link: Step xclbinutilinfo: Started
INFO: [v++ 60-1453] Command Line: xclbinutil --quiet --force --info /home/x_thileeb/repos/ops-hls-batching-new/codegen_apps/batching/jacobian3d/u280_project/hls/build/hw/jac3D7pt.xclbin.info --input /home/x_thileeb/repos/ops-hls-batching-new/codegen_apps/batching/jacobian3d/u280_project/hls/build/hw/jac3D7pt.xclbin
INFO: [v++ 60-1454] Run Directory: /home/x_thileeb/repos/ops-hls-batching-new/codegen_apps/batching/jacobian3d/u280_project/hls/build/hw/temp_dir/link/link/run_link
INFO: [v++ 60-1441] [03:26:47] Run run_link: Step xclbinutilinfo: Completed
Time (s): cpu = 00:00:00.67 ; elapsed = 00:00:00.81 . Memory (MB): peak = 459.074 ; gain = 0.000 ; free physical = 110365 ; free virtual = 226010
INFO: [v++ 60-1443] [03:26:47] Run run_link: Step generate_sc_driver: Started
INFO: [v++ 60-1453] Command Line: 
INFO: [v++ 60-1454] Run Directory: /home/x_thileeb/repos/ops-hls-batching-new/codegen_apps/batching/jacobian3d/u280_project/hls/build/hw/temp_dir/link/link/run_link
INFO: [v++ 60-1441] [03:26:47] Run run_link: Step generate_sc_driver: Completed
Time (s): cpu = 00:00:00 ; elapsed = 00:00:00.01 . Memory (MB): peak = 459.074 ; gain = 0.000 ; free physical = 110365 ; free virtual = 226010
INFO: [v++ 60-2331] SLR0 was specfied for compute unit kernel_outerloop_inst_0_1, and verified as such in implementation.
INFO: [v++ 60-2331] SLR1 was specfied for compute unit kernel_outerloop_inst_0_2, and verified as such in implementation.
INFO: [v++ 60-2331] SLR2 was specfied for compute unit kernel_outerloop_inst_0_3, and verified as such in implementation.
INFO: [v++ 60-2331] SLR1 was specfied for compute unit repeater_outerloop_0_1, and verified as such in implementation.
INFO: [v++ 60-244] Generating system estimate report...
INFO: [v++ 60-1092] Generated system estimate report: /home/x_thileeb/repos/ops-hls-batching-new/codegen_apps/batching/jacobian3d/u280_project/hls/build/hw/temp_dir/link/reports/link/system_estimate_jac3D7pt.xtxt
INFO: [v++ 60-586] Created /home/x_thileeb/repos/ops-hls-batching-new/codegen_apps/batching/jacobian3d/u280_project/hls/build/hw/jac3D7pt.ltx
INFO: [v++ 60-586] Created hls/build/hw/jac3D7pt.xclbin
INFO: [v++ 60-1307] Run completed. Additional information can be found in:
	Guidance: /home/x_thileeb/repos/ops-hls-batching-new/codegen_apps/batching/jacobian3d/u280_project/hls/build/hw/temp_dir/link/reports/link/v++_link_jac3D7pt_guidance.html
	Timing Report: /home/x_thileeb/repos/ops-hls-batching-new/codegen_apps/batching/jacobian3d/u280_project/hls/build/hw/temp_dir/link/reports/link/imp/impl_1_hw_bb_locked_timing_summary_routed.rpt
	Vivado Log: /home/x_thileeb/repos/ops-hls-batching-new/codegen_apps/batching/jacobian3d/u280_project/hls/build/hw/temp_dir/link/logs/link/vivado.log
	Steps Log File: /home/x_thileeb/repos/ops-hls-batching-new/codegen_apps/batching/jacobian3d/u280_project/hls/build/hw/temp_dir/link/logs/link/link.steps.log

INFO: [v++ 60-2343] Use the vitis_analyzer tool to visualize and navigate the relevant reports. Run the following command. 
    vitis_analyzer /home/x_thileeb/repos/ops-hls-batching-new/codegen_apps/batching/jacobian3d/u280_project/hls/build/hw/jac3D7pt.xclbin.link_summary 
INFO: [v++ 60-791] Total elapsed time: 5h 58m 51s
INFO: [v++ 60-1653] Closing dispatch client.
