

================================================================
== Vitis HLS Report for 'kernel_ops_krnl_blackscholes_PE_8'
================================================================
* Date:           Sat Jul 25 11:43:07 2026

* Version:        2022.2 (Build 3670227 on Oct 13 2022)
* Project:        kernel_outerloop_0
* Solution:       solution (Vitis Kernel Flow Target)
* Product family: virtexuplus
* Target device:  xcu280-fsvh2892-2L-e


================================================================
== Performance Estimates
================================================================
+ Timing: 
    * Summary: 
    +--------+---------+----------+------------+
    |  Clock |  Target | Estimated| Uncertainty|
    +--------+---------+----------+------------+
    |ap_clk  |  3.33 ns|  2.433 ns|     0.90 ns|
    +--------+---------+----------+------------+

+ Latency: 
    * Summary: 
    +---------+---------+----------+----------+-----+-----+---------+
    |  Latency (cycles) |  Latency (absolute) |  Interval | Pipeline|
    |   min   |   max   |    min   |    max   | min | max |   Type  |
    +---------+---------+----------+----------+-----+-----+---------+
    |        ?|        ?|         ?|         ?|    ?|    ?|       no|
    +---------+---------+----------+----------+-----+-----+---------+

    + Detail: 
        * Instance: 
        +-----------------------+------------+---------+---------+----------+----------+-----+-----+---------+
        |                       |            |  Latency (cycles) |  Latency (absolute) |  Interval | Pipeline|
        |        Instance       |   Module   |   min   |   max   |    min   |    max   | min | max |   Type  |
        +-----------------------+------------+---------+---------+----------+----------+-----+-----+---------+
        |grp_stencilRun_fu_132  |stencilRun  |        ?|        ?|         ?|         ?|    ?|    ?|       no|
        +-----------------------+------------+---------+---------+----------+----------+-----+-----+---------+

        * Loop: 
        N/A



================================================================
== Utilization Estimates
================================================================
* Summary: 
+---------------------+---------+------+---------+---------+-----+
|         Name        | BRAM_18K|  DSP |    FF   |   LUT   | URAM|
+---------------------+---------+------+---------+---------+-----+
|DSP                  |        -|     -|        -|        -|    -|
|Expression           |        -|     -|        0|        2|    -|
|FIFO                 |        -|     -|        -|        -|    -|
|Instance             |        -|   105|    13869|     7732|    -|
|Memory               |        -|     -|        -|        -|    -|
|Multiplexer          |        -|     -|        -|      194|    -|
|Register             |        -|     -|       85|        -|    -|
+---------------------+---------+------+---------+---------+-----+
|Total                |        0|   105|    13954|     7928|    0|
+---------------------+---------+------+---------+---------+-----+
|Available SLR        |     1344|  3008|   869120|   434560|  320|
+---------------------+---------+------+---------+---------+-----+
|Utilization SLR (%)  |        0|     3|        1|        1|    0|
+---------------------+---------+------+---------+---------+-----+
|Available            |     4032|  9024|  2607360|  1303680|  960|
+---------------------+---------+------+---------+---------+-----+
|Utilization (%)      |        0|     1|       ~0|       ~0|    0|
+---------------------+---------+------+---------+---------+-----+

+ Detail: 
    * Instance: 
    +-----------------------+------------+---------+-----+-------+------+-----+
    |        Instance       |   Module   | BRAM_18K| DSP |   FF  |  LUT | URAM|
    +-----------------------+------------+---------+-----+-------+------+-----+
    |grp_stencilRun_fu_132  |stencilRun  |        0|  105|  13869|  7732|    0|
    +-----------------------+------------+---------+-----+-------+------+-----+
    |Total                  |            |        0|  105|  13869|  7732|    0|
    +-----------------------+------------+---------+-----+-------+------+-----+

    * DSP: 
    N/A

    * Memory: 
    N/A

    * FIFO: 
    N/A

    * Expression: 
    +-----------------+----------+----+---+----+------------+------------+
    |  Variable Name  | Operation| DSP| FF| LUT| Bitwidth P0| Bitwidth P1|
    +-----------------+----------+----+---+----+------------+------------+
    |ap_block_state1  |        or|   0|  0|   2|           1|           1|
    +-----------------+----------+----+---+----+------------+------------+
    |Total            |          |   0|  0|   2|           1|           1|
    +-----------------+----------+----+---+----+------------+------------+

    * Multiplexer: 
    +-------------------------------------------+----+-----------+-----+-----------+
    |                    Name                   | LUT| Input Size| Bits| Total Bits|
    +-------------------------------------------+----+-----------+-----+-----------+
    |ap_NS_fsm                                  |  14|          3|    1|          3|
    |ap_done                                    |   9|          2|    1|          2|
    |arg0_arg4_streams_5_read                   |   9|          2|    1|          2|
    |arg0_arg4_streams_6_write                  |   9|          2|    1|          2|
    |arg1_arg1_streams_5_read                   |   9|          2|    1|          2|
    |arg1_arg1_streams_6_write                  |   9|          2|    1|          2|
    |arg2_arg2_streams_5_read                   |   9|          2|    1|          2|
    |arg2_arg2_streams_6_write                  |   9|          2|    1|          2|
    |arg3_arg3_streams_5_read                   |   9|          2|    1|          2|
    |arg3_arg3_streams_6_write                  |   9|          2|    1|          2|
    |real_start                                 |   9|          2|    1|          2|
    |stencilConfig_batch_size_blk_n             |   9|          2|    1|          2|
    |stencilConfig_batch_size_c161_blk_n        |   9|          2|    1|          2|
    |stencilConfig_grid_size_0_blk_n            |   9|          2|    1|          2|
    |stencilConfig_grid_size_0_c77_blk_n        |   9|          2|    1|          2|
    |stencilConfig_lower_limit_0_blk_n          |   9|          2|    1|          2|
    |stencilConfig_lower_limit_0_c98_blk_n      |   9|          2|    1|          2|
    |stencilConfig_outer_loop_limit_blk_n       |   9|          2|    1|          2|
    |stencilConfig_outer_loop_limit_c140_blk_n  |   9|          2|    1|          2|
    |stencilConfig_upper_limit_0_blk_n          |   9|          2|    1|          2|
    |stencilConfig_upper_limit_0_c119_blk_n     |   9|          2|    1|          2|
    +-------------------------------------------+----+-----------+-----+-----------+
    |Total                                      | 194|         43|   21|         43|
    +-------------------------------------------+----+-----------+-----+-----------+

    * Register: 
    +--------------------------------------------------+----+----+-----+-----------+
    |                       Name                       | FF | LUT| Bits| Const Bits|
    +--------------------------------------------------+----+----+-----+-----------+
    |ap_CS_fsm                                         |   2|   0|    2|          0|
    |ap_done_reg                                       |   1|   0|    1|          0|
    |grp_stencilRun_fu_132_ap_start_reg                |   1|   0|    1|          0|
    |start_once_reg                                    |   1|   0|    1|          0|
    |stencil_m_stencilConfig_batch_size_reg_162        |  16|   0|   16|          0|
    |stencil_m_stencilConfig_grid_size_reg_182         |  16|   0|   16|          0|
    |stencil_m_stencilConfig_lower_limit_reg_177       |  16|   0|   16|          0|
    |stencil_m_stencilConfig_outer_loop_limit_reg_167  |  16|   0|   16|          0|
    |stencil_m_stencilConfig_upper_limit_reg_172       |  16|   0|   16|          0|
    +--------------------------------------------------+----+----+-----+-----------+
    |Total                                             |  85|   0|   85|          0|
    +--------------------------------------------------+----+----+-----+-----------+



================================================================
== Interface
================================================================
* Summary: 
+----------------------------------------------------+-----+-----+------------+-------------------------------------+--------------+
|                      RTL Ports                     | Dir | Bits|  Protocol  |            Source Object            |    C Type    |
+----------------------------------------------------+-----+-----+------------+-------------------------------------+--------------+
|ap_clk                                              |   in|    1|  ap_ctrl_hs|    kernel_ops_krnl_blackscholes_PE.8|  return value|
|ap_rst                                              |   in|    1|  ap_ctrl_hs|    kernel_ops_krnl_blackscholes_PE.8|  return value|
|ap_start                                            |   in|    1|  ap_ctrl_hs|    kernel_ops_krnl_blackscholes_PE.8|  return value|
|start_full_n                                        |   in|    1|  ap_ctrl_hs|    kernel_ops_krnl_blackscholes_PE.8|  return value|
|ap_done                                             |  out|    1|  ap_ctrl_hs|    kernel_ops_krnl_blackscholes_PE.8|  return value|
|ap_continue                                         |   in|    1|  ap_ctrl_hs|    kernel_ops_krnl_blackscholes_PE.8|  return value|
|ap_idle                                             |  out|    1|  ap_ctrl_hs|    kernel_ops_krnl_blackscholes_PE.8|  return value|
|ap_ready                                            |  out|    1|  ap_ctrl_hs|    kernel_ops_krnl_blackscholes_PE.8|  return value|
|start_out                                           |  out|    1|  ap_ctrl_hs|    kernel_ops_krnl_blackscholes_PE.8|  return value|
|start_write                                         |  out|    1|  ap_ctrl_hs|    kernel_ops_krnl_blackscholes_PE.8|  return value|
|stencilConfig_grid_size_0_dout                      |   in|   16|     ap_fifo|            stencilConfig_grid_size_0|       pointer|
|stencilConfig_grid_size_0_num_data_valid            |   in|    2|     ap_fifo|            stencilConfig_grid_size_0|       pointer|
|stencilConfig_grid_size_0_fifo_cap                  |   in|    2|     ap_fifo|            stencilConfig_grid_size_0|       pointer|
|stencilConfig_grid_size_0_empty_n                   |   in|    1|     ap_fifo|            stencilConfig_grid_size_0|       pointer|
|stencilConfig_grid_size_0_read                      |  out|    1|     ap_fifo|            stencilConfig_grid_size_0|       pointer|
|stencilConfig_lower_limit_0_dout                    |   in|   16|     ap_fifo|          stencilConfig_lower_limit_0|       pointer|
|stencilConfig_lower_limit_0_num_data_valid          |   in|    2|     ap_fifo|          stencilConfig_lower_limit_0|       pointer|
|stencilConfig_lower_limit_0_fifo_cap                |   in|    2|     ap_fifo|          stencilConfig_lower_limit_0|       pointer|
|stencilConfig_lower_limit_0_empty_n                 |   in|    1|     ap_fifo|          stencilConfig_lower_limit_0|       pointer|
|stencilConfig_lower_limit_0_read                    |  out|    1|     ap_fifo|          stencilConfig_lower_limit_0|       pointer|
|stencilConfig_upper_limit_0_dout                    |   in|   16|     ap_fifo|          stencilConfig_upper_limit_0|       pointer|
|stencilConfig_upper_limit_0_num_data_valid          |   in|    2|     ap_fifo|          stencilConfig_upper_limit_0|       pointer|
|stencilConfig_upper_limit_0_fifo_cap                |   in|    2|     ap_fifo|          stencilConfig_upper_limit_0|       pointer|
|stencilConfig_upper_limit_0_empty_n                 |   in|    1|     ap_fifo|          stencilConfig_upper_limit_0|       pointer|
|stencilConfig_upper_limit_0_read                    |  out|    1|     ap_fifo|          stencilConfig_upper_limit_0|       pointer|
|stencilConfig_outer_loop_limit_dout                 |   in|   16|     ap_fifo|       stencilConfig_outer_loop_limit|       pointer|
|stencilConfig_outer_loop_limit_num_data_valid       |   in|    2|     ap_fifo|       stencilConfig_outer_loop_limit|       pointer|
|stencilConfig_outer_loop_limit_fifo_cap             |   in|    2|     ap_fifo|       stencilConfig_outer_loop_limit|       pointer|
|stencilConfig_outer_loop_limit_empty_n              |   in|    1|     ap_fifo|       stencilConfig_outer_loop_limit|       pointer|
|stencilConfig_outer_loop_limit_read                 |  out|    1|     ap_fifo|       stencilConfig_outer_loop_limit|       pointer|
|stencilConfig_batch_size_dout                       |   in|   16|     ap_fifo|             stencilConfig_batch_size|       pointer|
|stencilConfig_batch_size_num_data_valid             |   in|    2|     ap_fifo|             stencilConfig_batch_size|       pointer|
|stencilConfig_batch_size_fifo_cap                   |   in|    2|     ap_fifo|             stencilConfig_batch_size|       pointer|
|stencilConfig_batch_size_empty_n                    |   in|    1|     ap_fifo|             stencilConfig_batch_size|       pointer|
|stencilConfig_batch_size_read                       |  out|    1|     ap_fifo|             stencilConfig_batch_size|       pointer|
|arg0_arg4_streams_6_din                             |  out|  256|     ap_fifo|                  arg0_arg4_streams_6|       pointer|
|arg0_arg4_streams_6_num_data_valid                  |   in|    5|     ap_fifo|                  arg0_arg4_streams_6|       pointer|
|arg0_arg4_streams_6_fifo_cap                        |   in|    5|     ap_fifo|                  arg0_arg4_streams_6|       pointer|
|arg0_arg4_streams_6_full_n                          |   in|    1|     ap_fifo|                  arg0_arg4_streams_6|       pointer|
|arg0_arg4_streams_6_write                           |  out|    1|     ap_fifo|                  arg0_arg4_streams_6|       pointer|
|arg0_arg4_streams_5_dout                            |   in|  256|     ap_fifo|                  arg0_arg4_streams_5|       pointer|
|arg0_arg4_streams_5_num_data_valid                  |   in|    5|     ap_fifo|                  arg0_arg4_streams_5|       pointer|
|arg0_arg4_streams_5_fifo_cap                        |   in|    5|     ap_fifo|                  arg0_arg4_streams_5|       pointer|
|arg0_arg4_streams_5_empty_n                         |   in|    1|     ap_fifo|                  arg0_arg4_streams_5|       pointer|
|arg0_arg4_streams_5_read                            |  out|    1|     ap_fifo|                  arg0_arg4_streams_5|       pointer|
|arg1_arg1_streams_5_dout                            |   in|  256|     ap_fifo|                  arg1_arg1_streams_5|       pointer|
|arg1_arg1_streams_5_num_data_valid                  |   in|    5|     ap_fifo|                  arg1_arg1_streams_5|       pointer|
|arg1_arg1_streams_5_fifo_cap                        |   in|    5|     ap_fifo|                  arg1_arg1_streams_5|       pointer|
|arg1_arg1_streams_5_empty_n                         |   in|    1|     ap_fifo|                  arg1_arg1_streams_5|       pointer|
|arg1_arg1_streams_5_read                            |  out|    1|     ap_fifo|                  arg1_arg1_streams_5|       pointer|
|arg1_arg1_streams_6_din                             |  out|  256|     ap_fifo|                  arg1_arg1_streams_6|       pointer|
|arg1_arg1_streams_6_num_data_valid                  |   in|    5|     ap_fifo|                  arg1_arg1_streams_6|       pointer|
|arg1_arg1_streams_6_fifo_cap                        |   in|    5|     ap_fifo|                  arg1_arg1_streams_6|       pointer|
|arg1_arg1_streams_6_full_n                          |   in|    1|     ap_fifo|                  arg1_arg1_streams_6|       pointer|
|arg1_arg1_streams_6_write                           |  out|    1|     ap_fifo|                  arg1_arg1_streams_6|       pointer|
|arg2_arg2_streams_5_dout                            |   in|  256|     ap_fifo|                  arg2_arg2_streams_5|       pointer|
|arg2_arg2_streams_5_num_data_valid                  |   in|    5|     ap_fifo|                  arg2_arg2_streams_5|       pointer|
|arg2_arg2_streams_5_fifo_cap                        |   in|    5|     ap_fifo|                  arg2_arg2_streams_5|       pointer|
|arg2_arg2_streams_5_empty_n                         |   in|    1|     ap_fifo|                  arg2_arg2_streams_5|       pointer|
|arg2_arg2_streams_5_read                            |  out|    1|     ap_fifo|                  arg2_arg2_streams_5|       pointer|
|arg2_arg2_streams_6_din                             |  out|  256|     ap_fifo|                  arg2_arg2_streams_6|       pointer|
|arg2_arg2_streams_6_num_data_valid                  |   in|    5|     ap_fifo|                  arg2_arg2_streams_6|       pointer|
|arg2_arg2_streams_6_fifo_cap                        |   in|    5|     ap_fifo|                  arg2_arg2_streams_6|       pointer|
|arg2_arg2_streams_6_full_n                          |   in|    1|     ap_fifo|                  arg2_arg2_streams_6|       pointer|
|arg2_arg2_streams_6_write                           |  out|    1|     ap_fifo|                  arg2_arg2_streams_6|       pointer|
|arg3_arg3_streams_5_dout                            |   in|  256|     ap_fifo|                  arg3_arg3_streams_5|       pointer|
|arg3_arg3_streams_5_num_data_valid                  |   in|    5|     ap_fifo|                  arg3_arg3_streams_5|       pointer|
|arg3_arg3_streams_5_fifo_cap                        |   in|    5|     ap_fifo|                  arg3_arg3_streams_5|       pointer|
|arg3_arg3_streams_5_empty_n                         |   in|    1|     ap_fifo|                  arg3_arg3_streams_5|       pointer|
|arg3_arg3_streams_5_read                            |  out|    1|     ap_fifo|                  arg3_arg3_streams_5|       pointer|
|arg3_arg3_streams_6_din                             |  out|  256|     ap_fifo|                  arg3_arg3_streams_6|       pointer|
|arg3_arg3_streams_6_num_data_valid                  |   in|    5|     ap_fifo|                  arg3_arg3_streams_6|       pointer|
|arg3_arg3_streams_6_fifo_cap                        |   in|    5|     ap_fifo|                  arg3_arg3_streams_6|       pointer|
|arg3_arg3_streams_6_full_n                          |   in|    1|     ap_fifo|                  arg3_arg3_streams_6|       pointer|
|arg3_arg3_streams_6_write                           |  out|    1|     ap_fifo|                  arg3_arg3_streams_6|       pointer|
|stencilConfig_grid_size_0_c77_din                   |  out|   16|     ap_fifo|        stencilConfig_grid_size_0_c77|       pointer|
|stencilConfig_grid_size_0_c77_num_data_valid        |   in|    2|     ap_fifo|        stencilConfig_grid_size_0_c77|       pointer|
|stencilConfig_grid_size_0_c77_fifo_cap              |   in|    2|     ap_fifo|        stencilConfig_grid_size_0_c77|       pointer|
|stencilConfig_grid_size_0_c77_full_n                |   in|    1|     ap_fifo|        stencilConfig_grid_size_0_c77|       pointer|
|stencilConfig_grid_size_0_c77_write                 |  out|    1|     ap_fifo|        stencilConfig_grid_size_0_c77|       pointer|
|stencilConfig_lower_limit_0_c98_din                 |  out|   16|     ap_fifo|      stencilConfig_lower_limit_0_c98|       pointer|
|stencilConfig_lower_limit_0_c98_num_data_valid      |   in|    2|     ap_fifo|      stencilConfig_lower_limit_0_c98|       pointer|
|stencilConfig_lower_limit_0_c98_fifo_cap            |   in|    2|     ap_fifo|      stencilConfig_lower_limit_0_c98|       pointer|
|stencilConfig_lower_limit_0_c98_full_n              |   in|    1|     ap_fifo|      stencilConfig_lower_limit_0_c98|       pointer|
|stencilConfig_lower_limit_0_c98_write               |  out|    1|     ap_fifo|      stencilConfig_lower_limit_0_c98|       pointer|
|stencilConfig_upper_limit_0_c119_din                |  out|   16|     ap_fifo|     stencilConfig_upper_limit_0_c119|       pointer|
|stencilConfig_upper_limit_0_c119_num_data_valid     |   in|    2|     ap_fifo|     stencilConfig_upper_limit_0_c119|       pointer|
|stencilConfig_upper_limit_0_c119_fifo_cap           |   in|    2|     ap_fifo|     stencilConfig_upper_limit_0_c119|       pointer|
|stencilConfig_upper_limit_0_c119_full_n             |   in|    1|     ap_fifo|     stencilConfig_upper_limit_0_c119|       pointer|
|stencilConfig_upper_limit_0_c119_write              |  out|    1|     ap_fifo|     stencilConfig_upper_limit_0_c119|       pointer|
|stencilConfig_outer_loop_limit_c140_din             |  out|   16|     ap_fifo|  stencilConfig_outer_loop_limit_c140|       pointer|
|stencilConfig_outer_loop_limit_c140_num_data_valid  |   in|    2|     ap_fifo|  stencilConfig_outer_loop_limit_c140|       pointer|
|stencilConfig_outer_loop_limit_c140_fifo_cap        |   in|    2|     ap_fifo|  stencilConfig_outer_loop_limit_c140|       pointer|
|stencilConfig_outer_loop_limit_c140_full_n          |   in|    1|     ap_fifo|  stencilConfig_outer_loop_limit_c140|       pointer|
|stencilConfig_outer_loop_limit_c140_write           |  out|    1|     ap_fifo|  stencilConfig_outer_loop_limit_c140|       pointer|
|stencilConfig_batch_size_c161_din                   |  out|   16|     ap_fifo|        stencilConfig_batch_size_c161|       pointer|
|stencilConfig_batch_size_c161_num_data_valid        |   in|    2|     ap_fifo|        stencilConfig_batch_size_c161|       pointer|
|stencilConfig_batch_size_c161_fifo_cap              |   in|    2|     ap_fifo|        stencilConfig_batch_size_c161|       pointer|
|stencilConfig_batch_size_c161_full_n                |   in|    1|     ap_fifo|        stencilConfig_batch_size_c161|       pointer|
|stencilConfig_batch_size_c161_write                 |  out|    1|     ap_fifo|        stencilConfig_batch_size_c161|       pointer|
+----------------------------------------------------+-----+-----+------------+-------------------------------------+--------------+

