remark: /home/x_thileeb/repos/ops-hls-batching-new/codegen_apps/batching/blackscholes/u280_datacopy_project/hls/device/include/PE_ops_krnl_blackscholes.hpp:461:13: Adding 'stencil' into disaggregation list because there's array-partition pragma applied on the struct field
remark: /home/x_thileeb/repos/ops-hls-batching-new/codegen_apps/batching/blackscholes/u280_datacopy_project/hls/device/include/PE_ops_krnl_blackscholes.hpp:461:13: Adding 'stencil' into disaggregation list because there's array-partition pragma applied on the struct field
remark: /home/x_thileeb/repos/ops-hls-batching-new/codegen_apps/batching/blackscholes/u280_datacopy_project/hls/device/include/PE_ops_krnl_blackscholes.hpp:461:13: Adding 'stencil' into disaggregation list because there's array-partition pragma applied on the struct field
remark: /home/x_thileeb/repos/ops-hls-batching-new/codegen_apps/batching/blackscholes/u280_datacopy_project/hls/device/include/PE_ops_krnl_blackscholes.hpp:447:35: Disaggregating variable 'stencil'
remark: /home/x_thileeb/repos/ops-hls-batching-new/codegen_apps/batching/blackscholes/u280_datacopy_project/hls/device/include/PE_ops_krnl_blackscholes.hpp:447:35: Disaggregating variable 'stencil'
remark: /home/x_thileeb/repos/ops-hls-batching-new/codegen_apps/batching/blackscholes/u280_datacopy_project/hls/device/include/PE_ops_krnl_blackscholes.hpp:447:35: Disaggregating variable 'stencil.m_stencilConfig'
remark: /home/x_thileeb/repos/ops-hls-batching-new/codegen_apps/batching/blackscholes/u280_datacopy_project/hls/device/include/PE_ops_krnl_blackscholes.hpp:290:26: Loop 'vec2arr' is marked as complete unroll implied by the pipeline pragma
remark: /home/x_thileeb/repos/ops-hls-batching-new/codegen_apps/batching/blackscholes/u280_datacopy_project/hls/device/include/PE_ops_krnl_blackscholes.hpp:320:26: Loop 'process' is marked as complete unroll implied by the pipeline pragma
remark: /home/x_thileeb/repos/ops-hls-batching-new/codegen_apps/batching/blackscholes/u280_datacopy_project/hls/device/include/PE_ops_krnl_blackscholes.hpp:94:0: Unrolling loop 'vec2arr' (/home/x_thileeb/repos/ops-hls-batching-new/codegen_apps/batching/blackscholes/u280_datacopy_project/hls/device/include/PE_ops_krnl_blackscholes.hpp:290:26) in function 'Stencil_ops_krnl_blackscholes::stencilRun' completely with a factor of 8
remark: /home/x_thileeb/repos/ops-hls-batching-new/codegen_apps/batching/blackscholes/u280_datacopy_project/hls/device/include/PE_ops_krnl_blackscholes.hpp:94:0: Unrolling loop 'process' (/home/x_thileeb/repos/ops-hls-batching-new/codegen_apps/batching/blackscholes/u280_datacopy_project/hls/device/include/PE_ops_krnl_blackscholes.hpp:320:26) in function 'Stencil_ops_krnl_blackscholes::stencilRun' completely with a factor of 8
remark: /home/x_thileeb/repos/ops-hls-batching-new/codegen_apps/batching/blackscholes/u280_datacopy_project/hls/device/include/PE_ops_krnl_blackscholes.hpp:445:0: Inlining function 'ops::hls::StencilCoreV2<float, (unsigned short)3, (unsigned short)8, (ops::hls::CoefTypes)0, (unsigned short)3, (unsigned short)1, false>::setConfig(short const&, ops::hls::StencilConfigCore const&) (.13)' into 'kernel_ops_krnl_blackscholes_PE(unsigned short const&, unsigned short const&, ops::hls::StencilConfigCore const&, hls::stream<ap_uint<256>, 0>&, hls::stream<ap_uint<256>, 0>&, hls::stream<ap_uint<256>, 0>&, hls::stream<ap_uint<256>, 0>&, hls::stream<ap_uint<256>, 0>&, hls::stream<ap_uint<256>, 0>&, hls::stream<ap_uint<256>, 0>&, hls::stream<ap_uint<256>, 0>&)'
remark: /home/x_thileeb/repos/ops-hls-batching-new/codegen_apps/batching/blackscholes/u280_datacopy_project/hls/device/src/kernel_outerloop_0.cpp:442:0: Inlining function 'kernel_outerloop_0_main_region(unsigned short, unsigned int, ops::hls::StencilConfigCore const&, unsigned int, hls::stream<hls::axis<ap_uint<256>, 0ul, 0ul, 0ul>, 0>&, hls::stream<hls::axis<ap_uint<256>, 0ul, 0ul, 0ul>, 0>&, hls::stream<hls::axis<ap_uint<256>, 0ul, 0ul, 0ul>, 0>&, hls::stream<hls::axis<ap_uint<256>, 0ul, 0ul, 0ul>, 0>&, hls::stream<hls::axis<ap_uint<256>, 0ul, 0ul, 0ul>, 0>&, hls::stream<hls::axis<ap_uint<256>, 0ul, 0ul, 0ul>, 0>&, hls::stream<hls::axis<ap_uint<256>, 0ul, 0ul, 0ul>, 0>&, hls::stream<hls::axis<ap_uint<256>, 0ul, 0ul, 0ul>, 0>&)' into 'kernel_outerloop_0'
remark: /home/x_thileeb/repos/ops-hls-batching-new/codegen_apps/batching/blackscholes/u280_datacopy_project/hls/device/include/PE_ops_krnl_blackscholes.hpp:158:46: Applying array_partition to 'arg1_widenStencilValues': Complete partitioning on dimension 1.
remark: /home/x_thileeb/repos/ops-hls-batching-new/codegen_apps/batching/blackscholes/u280_datacopy_project/hls/device/include/PE_ops_krnl_blackscholes.hpp:161:15: Applying array_partition to 'arg1_rowArr_0_0': Complete partitioning on dimension 1.
remark: /home/x_thileeb/repos/ops-hls-batching-new/codegen_apps/batching/blackscholes/u280_datacopy_project/hls/device/include/PE_ops_krnl_blackscholes.hpp:168:15: Applying array_partition to 'arg2_rowArr_0_0': Complete partitioning on dimension 1.
remark: /home/x_thileeb/repos/ops-hls-batching-new/codegen_apps/batching/blackscholes/u280_datacopy_project/hls/device/include/PE_ops_krnl_blackscholes.hpp:175:15: Applying array_partition to 'arg3_rowArr_0_0': Complete partitioning on dimension 1.
remark: /home/x_thileeb/repos/ops-hls-batching-new/codegen_apps/batching/blackscholes/u280_datacopy_project/hls/device/include/PE_ops_krnl_blackscholes.hpp:182:15: Applying array_partition to 'arg4_rowArr_0_0': Complete partitioning on dimension 1.
remark: /home/x_thileeb/repos/ops-hls-batching-new/codegen_apps/batching/blackscholes/u280_datacopy_project/hls/device/include/PE_ops_krnl_blackscholes.hpp:447:35: Applying array_partition to 'stencil.m_stencilConfig.grid_size': Complete partitioning on dimension 1.
remark: /home/x_thileeb/repos/ops-hls-batching-new/codegen_apps/batching/blackscholes/u280_datacopy_project/hls/device/include/PE_ops_krnl_blackscholes.hpp:447:35: Applying array_partition to 'stencil.m_stencilConfig.lower_limit': Complete partitioning on dimension 1.
remark: /home/x_thileeb/repos/ops-hls-batching-new/codegen_apps/batching/blackscholes/u280_datacopy_project/hls/device/include/PE_ops_krnl_blackscholes.hpp:447:35: Applying array_partition to 'stencil.m_stencilConfig.upper_limit': Complete partitioning on dimension 1.
remark: /home/x_thileeb/repos/ops-hls-batching-new/codegen_apps/batching/blackscholes/u280_datacopy_project/hls/device/include/PE_ops_krnl_blackscholes.hpp:447:35: Applying array_partition to 'stencil.m_stencilConfig.grid_size': Complete partitioning on dimension 1.
remark: /home/x_thileeb/repos/ops-hls-batching-new/codegen_apps/batching/blackscholes/u280_datacopy_project/hls/device/include/PE_ops_krnl_blackscholes.hpp:447:35: Applying array_partition to 'stencil.m_stencilConfig.lower_limit': Complete partitioning on dimension 1.
remark: /home/x_thileeb/repos/ops-hls-batching-new/codegen_apps/batching/blackscholes/u280_datacopy_project/hls/device/include/PE_ops_krnl_blackscholes.hpp:447:35: Applying array_partition to 'stencil.m_stencilConfig.upper_limit': Complete partitioning on dimension 1.
remark: /home/x_thileeb/repos/ops-hls-batching-new/codegen_apps/batching/blackscholes/u280_datacopy_project/hls/device/include/PE_ops_krnl_blackscholes.hpp:447:35: Applying array_partition to 'stencil.m_stencilConfig.grid_size': Complete partitioning on dimension 1.
remark: /home/x_thileeb/repos/ops-hls-batching-new/codegen_apps/batching/blackscholes/u280_datacopy_project/hls/device/include/PE_ops_krnl_blackscholes.hpp:447:35: Applying array_partition to 'stencil.m_stencilConfig.lower_limit': Complete partitioning on dimension 1.
remark: /home/x_thileeb/repos/ops-hls-batching-new/codegen_apps/batching/blackscholes/u280_datacopy_project/hls/device/include/PE_ops_krnl_blackscholes.hpp:447:35: Applying array_partition to 'stencil.m_stencilConfig.upper_limit': Complete partitioning on dimension 1.
remark: /home/x_thileeb/repos/ops-hls-batching-new/codegen_apps/batching/blackscholes/u280_datacopy_project/hls/device/include/PE_ops_krnl_blackscholes.hpp:447:35: Applying array_partition to 'stencil.m_stencilConfig.grid_size': Complete partitioning on dimension 1.
remark: /home/x_thileeb/repos/ops-hls-batching-new/codegen_apps/batching/blackscholes/u280_datacopy_project/hls/device/include/PE_ops_krnl_blackscholes.hpp:447:35: Applying array_partition to 'stencil.m_stencilConfig.lower_limit': Complete partitioning on dimension 1.
remark: /home/x_thileeb/repos/ops-hls-batching-new/codegen_apps/batching/blackscholes/u280_datacopy_project/hls/device/include/PE_ops_krnl_blackscholes.hpp:447:35: Applying array_partition to 'stencil.m_stencilConfig.upper_limit': Complete partitioning on dimension 1.
remark: /home/x_thileeb/repos/ops-hls-batching-new/codegen_apps/batching/blackscholes/u280_datacopy_project/hls/device/include/PE_ops_krnl_blackscholes.hpp:447:35: Applying array_partition to 'stencil.m_stencilConfig.grid_size': Complete partitioning on dimension 1.
remark: /home/x_thileeb/repos/ops-hls-batching-new/codegen_apps/batching/blackscholes/u280_datacopy_project/hls/device/include/PE_ops_krnl_blackscholes.hpp:447:35: Applying array_partition to 'stencil.m_stencilConfig.lower_limit': Complete partitioning on dimension 1.
remark: /home/x_thileeb/repos/ops-hls-batching-new/codegen_apps/batching/blackscholes/u280_datacopy_project/hls/device/include/PE_ops_krnl_blackscholes.hpp:447:35: Applying array_partition to 'stencil.m_stencilConfig.upper_limit': Complete partitioning on dimension 1.
remark: /home/x_thileeb/repos/ops-hls-batching-new/codegen_apps/batching/blackscholes/u280_datacopy_project/hls/device/include/PE_ops_krnl_blackscholes.hpp:447:35: Applying array_partition to 'stencil.m_stencilConfig.grid_size': Complete partitioning on dimension 1.
remark: /home/x_thileeb/repos/ops-hls-batching-new/codegen_apps/batching/blackscholes/u280_datacopy_project/hls/device/include/PE_ops_krnl_blackscholes.hpp:447:35: Applying array_partition to 'stencil.m_stencilConfig.lower_limit': Complete partitioning on dimension 1.
remark: /home/x_thileeb/repos/ops-hls-batching-new/codegen_apps/batching/blackscholes/u280_datacopy_project/hls/device/include/PE_ops_krnl_blackscholes.hpp:447:35: Applying array_partition to 'stencil.m_stencilConfig.upper_limit': Complete partitioning on dimension 1.
remark: /home/x_thileeb/repos/ops-hls-batching-new/codegen_apps/batching/blackscholes/u280_datacopy_project/hls/device/include/PE_ops_krnl_blackscholes.hpp:447:35: Applying array_partition to 'stencil.m_stencilConfig.grid_size': Complete partitioning on dimension 1.
remark: /home/x_thileeb/repos/ops-hls-batching-new/codegen_apps/batching/blackscholes/u280_datacopy_project/hls/device/include/PE_ops_krnl_blackscholes.hpp:447:35: Applying array_partition to 'stencil.m_stencilConfig.lower_limit': Complete partitioning on dimension 1.
remark: /home/x_thileeb/repos/ops-hls-batching-new/codegen_apps/batching/blackscholes/u280_datacopy_project/hls/device/include/PE_ops_krnl_blackscholes.hpp:447:35: Applying array_partition to 'stencil.m_stencilConfig.upper_limit': Complete partitioning on dimension 1.
remark: /home/x_thileeb/repos/ops-hls-batching-new/codegen_apps/batching/blackscholes/u280_datacopy_project/hls/device/include/PE_ops_krnl_blackscholes.hpp:447:35: Applying array_partition to 'stencil.m_stencilConfig.grid_size': Complete partitioning on dimension 1.
remark: /home/x_thileeb/repos/ops-hls-batching-new/codegen_apps/batching/blackscholes/u280_datacopy_project/hls/device/include/PE_ops_krnl_blackscholes.hpp:447:35: Applying array_partition to 'stencil.m_stencilConfig.lower_limit': Complete partitioning on dimension 1.
remark: /home/x_thileeb/repos/ops-hls-batching-new/codegen_apps/batching/blackscholes/u280_datacopy_project/hls/device/include/PE_ops_krnl_blackscholes.hpp:447:35: Applying array_partition to 'stencil.m_stencilConfig.upper_limit': Complete partitioning on dimension 1.
remark: /home/x_thileeb/repos/ops-hls-batching-new/codegen_apps/batching/blackscholes/u280_datacopy_project/hls/device/include/PE_ops_krnl_blackscholes.hpp:447:35: Applying array_partition to 'stencil.m_stencilConfig.grid_size': Complete partitioning on dimension 1.
remark: /home/x_thileeb/repos/ops-hls-batching-new/codegen_apps/batching/blackscholes/u280_datacopy_project/hls/device/include/PE_ops_krnl_blackscholes.hpp:447:35: Applying array_partition to 'stencil.m_stencilConfig.lower_limit': Complete partitioning on dimension 1.
remark: /home/x_thileeb/repos/ops-hls-batching-new/codegen_apps/batching/blackscholes/u280_datacopy_project/hls/device/include/PE_ops_krnl_blackscholes.hpp:447:35: Applying array_partition to 'stencil.m_stencilConfig.upper_limit': Complete partitioning on dimension 1.
remark: /home/x_thileeb/repos/ops-hls-batching-new/codegen_apps/batching/blackscholes/u280_datacopy_project/hls/device/include/PE_ops_krnl_blackscholes.hpp:447:35: Applying array_partition to 'stencil.m_stencilConfig.grid_size': Complete partitioning on dimension 1.
remark: /home/x_thileeb/repos/ops-hls-batching-new/codegen_apps/batching/blackscholes/u280_datacopy_project/hls/device/include/PE_ops_krnl_blackscholes.hpp:447:35: Applying array_partition to 'stencil.m_stencilConfig.lower_limit': Complete partitioning on dimension 1.
remark: /home/x_thileeb/repos/ops-hls-batching-new/codegen_apps/batching/blackscholes/u280_datacopy_project/hls/device/include/PE_ops_krnl_blackscholes.hpp:447:35: Applying array_partition to 'stencil.m_stencilConfig.upper_limit': Complete partitioning on dimension 1.
remark: /home/x_thileeb/repos/ops-hls-batching-new/codegen_apps/batching/blackscholes/u280_datacopy_project/hls/device/include/PE_ops_krnl_blackscholes.hpp:447:35: Applying array_partition to 'stencil.m_stencilConfig.grid_size': Complete partitioning on dimension 1.
remark: /home/x_thileeb/repos/ops-hls-batching-new/codegen_apps/batching/blackscholes/u280_datacopy_project/hls/device/include/PE_ops_krnl_blackscholes.hpp:447:35: Applying array_partition to 'stencil.m_stencilConfig.lower_limit': Complete partitioning on dimension 1.
remark: /home/x_thileeb/repos/ops-hls-batching-new/codegen_apps/batching/blackscholes/u280_datacopy_project/hls/device/include/PE_ops_krnl_blackscholes.hpp:447:35: Applying array_partition to 'stencil.m_stencilConfig.upper_limit': Complete partitioning on dimension 1.
remark: /home/x_thileeb/repos/ops-hls-batching-new/codegen_apps/batching/blackscholes/u280_datacopy_project/hls/device/include/PE_ops_krnl_blackscholes.hpp:447:35: Applying array_partition to 'stencil.m_stencilConfig.grid_size': Complete partitioning on dimension 1.
remark: /home/x_thileeb/repos/ops-hls-batching-new/codegen_apps/batching/blackscholes/u280_datacopy_project/hls/device/include/PE_ops_krnl_blackscholes.hpp:447:35: Applying array_partition to 'stencil.m_stencilConfig.lower_limit': Complete partitioning on dimension 1.
remark: /home/x_thileeb/repos/ops-hls-batching-new/codegen_apps/batching/blackscholes/u280_datacopy_project/hls/device/include/PE_ops_krnl_blackscholes.hpp:447:35: Applying array_partition to 'stencil.m_stencilConfig.upper_limit': Complete partitioning on dimension 1.
remark: /home/x_thileeb/repos/ops-hls-batching-new/codegen_apps/batching/blackscholes/u280_datacopy_project/hls/device/include/PE_ops_krnl_blackscholes.hpp:447:35: Applying array_partition to 'stencil.m_stencilConfig.grid_size': Complete partitioning on dimension 1.
remark: /home/x_thileeb/repos/ops-hls-batching-new/codegen_apps/batching/blackscholes/u280_datacopy_project/hls/device/include/PE_ops_krnl_blackscholes.hpp:447:35: Applying array_partition to 'stencil.m_stencilConfig.lower_limit': Complete partitioning on dimension 1.
remark: /home/x_thileeb/repos/ops-hls-batching-new/codegen_apps/batching/blackscholes/u280_datacopy_project/hls/device/include/PE_ops_krnl_blackscholes.hpp:447:35: Applying array_partition to 'stencil.m_stencilConfig.upper_limit': Complete partitioning on dimension 1.
remark: /home/x_thileeb/repos/ops-hls-batching-new/codegen_apps/batching/blackscholes/u280_datacopy_project/hls/device/include/PE_ops_krnl_blackscholes.hpp:447:35: Applying array_partition to 'stencil.m_stencilConfig.grid_size': Complete partitioning on dimension 1.
remark: /home/x_thileeb/repos/ops-hls-batching-new/codegen_apps/batching/blackscholes/u280_datacopy_project/hls/device/include/PE_ops_krnl_blackscholes.hpp:447:35: Applying array_partition to 'stencil.m_stencilConfig.lower_limit': Complete partitioning on dimension 1.
remark: /home/x_thileeb/repos/ops-hls-batching-new/codegen_apps/batching/blackscholes/u280_datacopy_project/hls/device/include/PE_ops_krnl_blackscholes.hpp:447:35: Applying array_partition to 'stencil.m_stencilConfig.upper_limit': Complete partitioning on dimension 1.
remark: /home/x_thileeb/repos/ops-hls-batching-new/codegen_apps/batching/blackscholes/u280_datacopy_project/hls/device/include/PE_ops_krnl_blackscholes.hpp:447:35: Applying array_partition to 'stencil.m_stencilConfig.grid_size': Complete partitioning on dimension 1.
remark: /home/x_thileeb/repos/ops-hls-batching-new/codegen_apps/batching/blackscholes/u280_datacopy_project/hls/device/include/PE_ops_krnl_blackscholes.hpp:447:35: Applying array_partition to 'stencil.m_stencilConfig.lower_limit': Complete partitioning on dimension 1.
remark: /home/x_thileeb/repos/ops-hls-batching-new/codegen_apps/batching/blackscholes/u280_datacopy_project/hls/device/include/PE_ops_krnl_blackscholes.hpp:447:35: Applying array_partition to 'stencil.m_stencilConfig.upper_limit': Complete partitioning on dimension 1.
remark: /home/x_thileeb/repos/ops-hls-batching-new/codegen_apps/batching/blackscholes/u280_datacopy_project/hls/device/include/PE_ops_krnl_blackscholes.hpp:447:35: Applying array_partition to 'stencil.m_stencilConfig.grid_size': Complete partitioning on dimension 1.
remark: /home/x_thileeb/repos/ops-hls-batching-new/codegen_apps/batching/blackscholes/u280_datacopy_project/hls/device/include/PE_ops_krnl_blackscholes.hpp:447:35: Applying array_partition to 'stencil.m_stencilConfig.lower_limit': Complete partitioning on dimension 1.
remark: /home/x_thileeb/repos/ops-hls-batching-new/codegen_apps/batching/blackscholes/u280_datacopy_project/hls/device/include/PE_ops_krnl_blackscholes.hpp:447:35: Applying array_partition to 'stencil.m_stencilConfig.upper_limit': Complete partitioning on dimension 1.
remark: /home/x_thileeb/repos/ops-hls-batching-new/codegen_apps/batching/blackscholes/u280_datacopy_project/hls/device/include/PE_ops_krnl_blackscholes.hpp:447:35: Applying array_partition to 'stencil.m_stencilConfig.grid_size': Complete partitioning on dimension 1.
remark: /home/x_thileeb/repos/ops-hls-batching-new/codegen_apps/batching/blackscholes/u280_datacopy_project/hls/device/include/PE_ops_krnl_blackscholes.hpp:447:35: Applying array_partition to 'stencil.m_stencilConfig.lower_limit': Complete partitioning on dimension 1.
remark: /home/x_thileeb/repos/ops-hls-batching-new/codegen_apps/batching/blackscholes/u280_datacopy_project/hls/device/include/PE_ops_krnl_blackscholes.hpp:447:35: Applying array_partition to 'stencil.m_stencilConfig.upper_limit': Complete partitioning on dimension 1.
remark: /home/x_thileeb/repos/ops-hls-batching-new/codegen_apps/batching/blackscholes/u280_datacopy_project/hls/device/include/PE_ops_krnl_blackscholes.hpp:447:35: Applying array_partition to 'stencil.m_stencilConfig.grid_size': Complete partitioning on dimension 1.
remark: /home/x_thileeb/repos/ops-hls-batching-new/codegen_apps/batching/blackscholes/u280_datacopy_project/hls/device/include/PE_ops_krnl_blackscholes.hpp:447:35: Applying array_partition to 'stencil.m_stencilConfig.lower_limit': Complete partitioning on dimension 1.
remark: /home/x_thileeb/repos/ops-hls-batching-new/codegen_apps/batching/blackscholes/u280_datacopy_project/hls/device/include/PE_ops_krnl_blackscholes.hpp:447:35: Applying array_partition to 'stencil.m_stencilConfig.upper_limit': Complete partitioning on dimension 1.
remark: /home/x_thileeb/repos/ops-hls-batching-new/codegen_apps/batching/blackscholes/u280_datacopy_project/hls/device/include/PE_ops_krnl_blackscholes.hpp:447:35: Applying array_partition to 'stencil.m_stencilConfig.grid_size': Complete partitioning on dimension 1.
remark: /home/x_thileeb/repos/ops-hls-batching-new/codegen_apps/batching/blackscholes/u280_datacopy_project/hls/device/include/PE_ops_krnl_blackscholes.hpp:447:35: Applying array_partition to 'stencil.m_stencilConfig.lower_limit': Complete partitioning on dimension 1.
remark: /home/x_thileeb/repos/ops-hls-batching-new/codegen_apps/batching/blackscholes/u280_datacopy_project/hls/device/include/PE_ops_krnl_blackscholes.hpp:447:35: Applying array_partition to 'stencil.m_stencilConfig.upper_limit': Complete partitioning on dimension 1.
remark: /home/x_thileeb/repos/ops-hls-batching-new/codegen_apps/batching/blackscholes/u280_datacopy_project/hls/device/include/PE_ops_krnl_blackscholes.hpp:447:35: Applying array_partition to 'stencil.m_stencilConfig.grid_size': Complete partitioning on dimension 1.
remark: /home/x_thileeb/repos/ops-hls-batching-new/codegen_apps/batching/blackscholes/u280_datacopy_project/hls/device/include/PE_ops_krnl_blackscholes.hpp:447:35: Applying array_partition to 'stencil.m_stencilConfig.lower_limit': Complete partitioning on dimension 1.
remark: /home/x_thileeb/repos/ops-hls-batching-new/codegen_apps/batching/blackscholes/u280_datacopy_project/hls/device/include/PE_ops_krnl_blackscholes.hpp:447:35: Applying array_partition to 'stencil.m_stencilConfig.upper_limit': Complete partitioning on dimension 1.
remark: /home/x_thileeb/repos/ops-hls-batching-new/codegen_apps/batching/blackscholes/u280_datacopy_project/hls/device/include/PE_ops_krnl_blackscholes.hpp:447:35: Applying array_partition to 'stencil.m_stencilConfig.grid_size': Complete partitioning on dimension 1.
remark: /home/x_thileeb/repos/ops-hls-batching-new/codegen_apps/batching/blackscholes/u280_datacopy_project/hls/device/include/PE_ops_krnl_blackscholes.hpp:447:35: Applying array_partition to 'stencil.m_stencilConfig.lower_limit': Complete partitioning on dimension 1.
remark: /home/x_thileeb/repos/ops-hls-batching-new/codegen_apps/batching/blackscholes/u280_datacopy_project/hls/device/include/PE_ops_krnl_blackscholes.hpp:447:35: Applying array_partition to 'stencil.m_stencilConfig.upper_limit': Complete partitioning on dimension 1.
remark: /home/x_thileeb/repos/ops-hls-batching-new/codegen_apps/batching/blackscholes/u280_datacopy_project/hls/device/include/PE_ops_krnl_blackscholes.hpp:447:35: Applying array_partition to 'stencil.m_stencilConfig.grid_size': Complete partitioning on dimension 1.
remark: /home/x_thileeb/repos/ops-hls-batching-new/codegen_apps/batching/blackscholes/u280_datacopy_project/hls/device/include/PE_ops_krnl_blackscholes.hpp:447:35: Applying array_partition to 'stencil.m_stencilConfig.lower_limit': Complete partitioning on dimension 1.
remark: /home/x_thileeb/repos/ops-hls-batching-new/codegen_apps/batching/blackscholes/u280_datacopy_project/hls/device/include/PE_ops_krnl_blackscholes.hpp:447:35: Applying array_partition to 'stencil.m_stencilConfig.upper_limit': Complete partitioning on dimension 1.
remark: /home/x_thileeb/repos/ops-hls-batching-new/codegen_apps/batching/blackscholes/u280_datacopy_project/hls/device/src/kernel_outerloop_0.cpp:55:42: Applying array_partition to 'arg0_arg4_streams': Complete partitioning on dimension 1.
remark: /home/x_thileeb/repos/ops-hls-batching-new/codegen_apps/batching/blackscholes/u280_datacopy_project/hls/device/src/kernel_outerloop_0.cpp:59:42: Applying array_partition to 'arg1_arg1_streams': Complete partitioning on dimension 1.
remark: /home/x_thileeb/repos/ops-hls-batching-new/codegen_apps/batching/blackscholes/u280_datacopy_project/hls/device/src/kernel_outerloop_0.cpp:63:42: Applying array_partition to 'arg2_arg2_streams': Complete partitioning on dimension 1.
remark: /home/x_thileeb/repos/ops-hls-batching-new/codegen_apps/batching/blackscholes/u280_datacopy_project/hls/device/src/kernel_outerloop_0.cpp:67:42: Applying array_partition to 'arg3_arg3_streams': Complete partitioning on dimension 1.
remark: /home/x_thileeb/repos/ops-hls-batching-new/codegen_apps/batching/blackscholes/u280_datacopy_project/hls/device/src/kernel_outerloop_0.cpp:55:42: Aggregating fifo (hls::stream) variable 'arg0_arg4_streams_0' with compact=bit mode in 256-bits
remark: /home/x_thileeb/repos/ops-hls-batching-new/codegen_apps/batching/blackscholes/u280_datacopy_project/hls/device/src/kernel_outerloop_0.cpp:55:42: Aggregating fifo (hls::stream) variable 'arg0_arg4_streams_1' with compact=bit mode in 256-bits
remark: /home/x_thileeb/repos/ops-hls-batching-new/codegen_apps/batching/blackscholes/u280_datacopy_project/hls/device/src/kernel_outerloop_0.cpp:55:42: Aggregating fifo (hls::stream) variable 'arg0_arg4_streams_2' with compact=bit mode in 256-bits
remark: /home/x_thileeb/repos/ops-hls-batching-new/codegen_apps/batching/blackscholes/u280_datacopy_project/hls/device/src/kernel_outerloop_0.cpp:55:42: Aggregating fifo (hls::stream) variable 'arg0_arg4_streams_3' with compact=bit mode in 256-bits
remark: /home/x_thileeb/repos/ops-hls-batching-new/codegen_apps/batching/blackscholes/u280_datacopy_project/hls/device/src/kernel_outerloop_0.cpp:55:42: Aggregating fifo (hls::stream) variable 'arg0_arg4_streams_4' with compact=bit mode in 256-bits
remark: /home/x_thileeb/repos/ops-hls-batching-new/codegen_apps/batching/blackscholes/u280_datacopy_project/hls/device/src/kernel_outerloop_0.cpp:55:42: Aggregating fifo (hls::stream) variable 'arg0_arg4_streams_5' with compact=bit mode in 256-bits
remark: /home/x_thileeb/repos/ops-hls-batching-new/codegen_apps/batching/blackscholes/u280_datacopy_project/hls/device/src/kernel_outerloop_0.cpp:55:42: Aggregating fifo (hls::stream) variable 'arg0_arg4_streams_6' with compact=bit mode in 256-bits
remark: /home/x_thileeb/repos/ops-hls-batching-new/codegen_apps/batching/blackscholes/u280_datacopy_project/hls/device/src/kernel_outerloop_0.cpp:55:42: Aggregating fifo (hls::stream) variable 'arg0_arg4_streams_7' with compact=bit mode in 256-bits
remark: /home/x_thileeb/repos/ops-hls-batching-new/codegen_apps/batching/blackscholes/u280_datacopy_project/hls/device/src/kernel_outerloop_0.cpp:55:42: Aggregating fifo (hls::stream) variable 'arg0_arg4_streams_8' with compact=bit mode in 256-bits
remark: /home/x_thileeb/repos/ops-hls-batching-new/codegen_apps/batching/blackscholes/u280_datacopy_project/hls/device/src/kernel_outerloop_0.cpp:55:42: Aggregating fifo (hls::stream) variable 'arg0_arg4_streams_9' with compact=bit mode in 256-bits
remark: /home/x_thileeb/repos/ops-hls-batching-new/codegen_apps/batching/blackscholes/u280_datacopy_project/hls/device/src/kernel_outerloop_0.cpp:55:42: Aggregating fifo (hls::stream) variable 'arg0_arg4_streams_10' with compact=bit mode in 256-bits
remark: /home/x_thileeb/repos/ops-hls-batching-new/codegen_apps/batching/blackscholes/u280_datacopy_project/hls/device/src/kernel_outerloop_0.cpp:55:42: Aggregating fifo (hls::stream) variable 'arg0_arg4_streams_11' with compact=bit mode in 256-bits
remark: /home/x_thileeb/repos/ops-hls-batching-new/codegen_apps/batching/blackscholes/u280_datacopy_project/hls/device/src/kernel_outerloop_0.cpp:55:42: Aggregating fifo (hls::stream) variable 'arg0_arg4_streams_12' with compact=bit mode in 256-bits
remark: /home/x_thileeb/repos/ops-hls-batching-new/codegen_apps/batching/blackscholes/u280_datacopy_project/hls/device/src/kernel_outerloop_0.cpp:55:42: Aggregating fifo (hls::stream) variable 'arg0_arg4_streams_13' with compact=bit mode in 256-bits
remark: /home/x_thileeb/repos/ops-hls-batching-new/codegen_apps/batching/blackscholes/u280_datacopy_project/hls/device/src/kernel_outerloop_0.cpp:55:42: Aggregating fifo (hls::stream) variable 'arg0_arg4_streams_14' with compact=bit mode in 256-bits
remark: /home/x_thileeb/repos/ops-hls-batching-new/codegen_apps/batching/blackscholes/u280_datacopy_project/hls/device/src/kernel_outerloop_0.cpp:55:42: Aggregating fifo (hls::stream) variable 'arg0_arg4_streams_15' with compact=bit mode in 256-bits
remark: /home/x_thileeb/repos/ops-hls-batching-new/codegen_apps/batching/blackscholes/u280_datacopy_project/hls/device/src/kernel_outerloop_0.cpp:55:42: Aggregating fifo (hls::stream) variable 'arg0_arg4_streams_16' with compact=bit mode in 256-bits
remark: /home/x_thileeb/repos/ops-hls-batching-new/codegen_apps/batching/blackscholes/u280_datacopy_project/hls/device/src/kernel_outerloop_0.cpp:55:42: Aggregating fifo (hls::stream) variable 'arg0_arg4_streams_17' with compact=bit mode in 256-bits
remark: /home/x_thileeb/repos/ops-hls-batching-new/codegen_apps/batching/blackscholes/u280_datacopy_project/hls/device/src/kernel_outerloop_0.cpp:55:42: Aggregating fifo (hls::stream) variable 'arg0_arg4_streams_18' with compact=bit mode in 256-bits
remark: /home/x_thileeb/repos/ops-hls-batching-new/codegen_apps/batching/blackscholes/u280_datacopy_project/hls/device/src/kernel_outerloop_0.cpp:55:42: Aggregating fifo (hls::stream) variable 'arg0_arg4_streams_19' with compact=bit mode in 256-bits
remark: /home/x_thileeb/repos/ops-hls-batching-new/codegen_apps/batching/blackscholes/u280_datacopy_project/hls/device/src/kernel_outerloop_0.cpp:55:42: Aggregating fifo (hls::stream) variable 'arg0_arg4_streams_20' with compact=bit mode in 256-bits
remark: /home/x_thileeb/repos/ops-hls-batching-new/codegen_apps/batching/blackscholes/u280_datacopy_project/hls/device/src/kernel_outerloop_0.cpp:55:42: Aggregating fifo (hls::stream) variable 'arg0_arg4_streams_21' with compact=bit mode in 256-bits
remark: /home/x_thileeb/repos/ops-hls-batching-new/codegen_apps/batching/blackscholes/u280_datacopy_project/hls/device/src/kernel_outerloop_0.cpp:55:42: Aggregating fifo (hls::stream) variable 'arg0_arg4_streams_22' with compact=bit mode in 256-bits
remark: /home/x_thileeb/repos/ops-hls-batching-new/codegen_apps/batching/blackscholes/u280_datacopy_project/hls/device/src/kernel_outerloop_0.cpp:59:42: Aggregating fifo (hls::stream) variable 'arg1_arg1_streams_0' with compact=bit mode in 256-bits
remark: /home/x_thileeb/repos/ops-hls-batching-new/codegen_apps/batching/blackscholes/u280_datacopy_project/hls/device/src/kernel_outerloop_0.cpp:59:42: Aggregating fifo (hls::stream) variable 'arg1_arg1_streams_1' with compact=bit mode in 256-bits
remark: /home/x_thileeb/repos/ops-hls-batching-new/codegen_apps/batching/blackscholes/u280_datacopy_project/hls/device/src/kernel_outerloop_0.cpp:59:42: Aggregating fifo (hls::stream) variable 'arg1_arg1_streams_2' with compact=bit mode in 256-bits
remark: /home/x_thileeb/repos/ops-hls-batching-new/codegen_apps/batching/blackscholes/u280_datacopy_project/hls/device/src/kernel_outerloop_0.cpp:59:42: Aggregating fifo (hls::stream) variable 'arg1_arg1_streams_3' with compact=bit mode in 256-bits
remark: /home/x_thileeb/repos/ops-hls-batching-new/codegen_apps/batching/blackscholes/u280_datacopy_project/hls/device/src/kernel_outerloop_0.cpp:59:42: Aggregating fifo (hls::stream) variable 'arg1_arg1_streams_4' with compact=bit mode in 256-bits
remark: /home/x_thileeb/repos/ops-hls-batching-new/codegen_apps/batching/blackscholes/u280_datacopy_project/hls/device/src/kernel_outerloop_0.cpp:59:42: Aggregating fifo (hls::stream) variable 'arg1_arg1_streams_5' with compact=bit mode in 256-bits
remark: /home/x_thileeb/repos/ops-hls-batching-new/codegen_apps/batching/blackscholes/u280_datacopy_project/hls/device/src/kernel_outerloop_0.cpp:59:42: Aggregating fifo (hls::stream) variable 'arg1_arg1_streams_6' with compact=bit mode in 256-bits
remark: /home/x_thileeb/repos/ops-hls-batching-new/codegen_apps/batching/blackscholes/u280_datacopy_project/hls/device/src/kernel_outerloop_0.cpp:59:42: Aggregating fifo (hls::stream) variable 'arg1_arg1_streams_7' with compact=bit mode in 256-bits
remark: /home/x_thileeb/repos/ops-hls-batching-new/codegen_apps/batching/blackscholes/u280_datacopy_project/hls/device/src/kernel_outerloop_0.cpp:59:42: Aggregating fifo (hls::stream) variable 'arg1_arg1_streams_8' with compact=bit mode in 256-bits
remark: /home/x_thileeb/repos/ops-hls-batching-new/codegen_apps/batching/blackscholes/u280_datacopy_project/hls/device/src/kernel_outerloop_0.cpp:59:42: Aggregating fifo (hls::stream) variable 'arg1_arg1_streams_9' with compact=bit mode in 256-bits
remark: /home/x_thileeb/repos/ops-hls-batching-new/codegen_apps/batching/blackscholes/u280_datacopy_project/hls/device/src/kernel_outerloop_0.cpp:59:42: Aggregating fifo (hls::stream) variable 'arg1_arg1_streams_10' with compact=bit mode in 256-bits
remark: /home/x_thileeb/repos/ops-hls-batching-new/codegen_apps/batching/blackscholes/u280_datacopy_project/hls/device/src/kernel_outerloop_0.cpp:59:42: Aggregating fifo (hls::stream) variable 'arg1_arg1_streams_11' with compact=bit mode in 256-bits
remark: /home/x_thileeb/repos/ops-hls-batching-new/codegen_apps/batching/blackscholes/u280_datacopy_project/hls/device/src/kernel_outerloop_0.cpp:59:42: Aggregating fifo (hls::stream) variable 'arg1_arg1_streams_12' with compact=bit mode in 256-bits
remark: /home/x_thileeb/repos/ops-hls-batching-new/codegen_apps/batching/blackscholes/u280_datacopy_project/hls/device/src/kernel_outerloop_0.cpp:59:42: Aggregating fifo (hls::stream) variable 'arg1_arg1_streams_13' with compact=bit mode in 256-bits
remark: /home/x_thileeb/repos/ops-hls-batching-new/codegen_apps/batching/blackscholes/u280_datacopy_project/hls/device/src/kernel_outerloop_0.cpp:59:42: Aggregating fifo (hls::stream) variable 'arg1_arg1_streams_14' with compact=bit mode in 256-bits
remark: /home/x_thileeb/repos/ops-hls-batching-new/codegen_apps/batching/blackscholes/u280_datacopy_project/hls/device/src/kernel_outerloop_0.cpp:59:42: Aggregating fifo (hls::stream) variable 'arg1_arg1_streams_15' with compact=bit mode in 256-bits
remark: /home/x_thileeb/repos/ops-hls-batching-new/codegen_apps/batching/blackscholes/u280_datacopy_project/hls/device/src/kernel_outerloop_0.cpp:59:42: Aggregating fifo (hls::stream) variable 'arg1_arg1_streams_16' with compact=bit mode in 256-bits
remark: /home/x_thileeb/repos/ops-hls-batching-new/codegen_apps/batching/blackscholes/u280_datacopy_project/hls/device/src/kernel_outerloop_0.cpp:59:42: Aggregating fifo (hls::stream) variable 'arg1_arg1_streams_17' with compact=bit mode in 256-bits
remark: /home/x_thileeb/repos/ops-hls-batching-new/codegen_apps/batching/blackscholes/u280_datacopy_project/hls/device/src/kernel_outerloop_0.cpp:59:42: Aggregating fifo (hls::stream) variable 'arg1_arg1_streams_18' with compact=bit mode in 256-bits
remark: /home/x_thileeb/repos/ops-hls-batching-new/codegen_apps/batching/blackscholes/u280_datacopy_project/hls/device/src/kernel_outerloop_0.cpp:59:42: Aggregating fifo (hls::stream) variable 'arg1_arg1_streams_19' with compact=bit mode in 256-bits
remark: /home/x_thileeb/repos/ops-hls-batching-new/codegen_apps/batching/blackscholes/u280_datacopy_project/hls/device/src/kernel_outerloop_0.cpp:59:42: Aggregating fifo (hls::stream) variable 'arg1_arg1_streams_20' with compact=bit mode in 256-bits
remark: /home/x_thileeb/repos/ops-hls-batching-new/codegen_apps/batching/blackscholes/u280_datacopy_project/hls/device/src/kernel_outerloop_0.cpp:59:42: Aggregating fifo (hls::stream) variable 'arg1_arg1_streams_21' with compact=bit mode in 256-bits
remark: /home/x_thileeb/repos/ops-hls-batching-new/codegen_apps/batching/blackscholes/u280_datacopy_project/hls/device/src/kernel_outerloop_0.cpp:59:42: Aggregating fifo (hls::stream) variable 'arg1_arg1_streams_22' with compact=bit mode in 256-bits
remark: /home/x_thileeb/repos/ops-hls-batching-new/codegen_apps/batching/blackscholes/u280_datacopy_project/hls/device/src/kernel_outerloop_0.cpp:63:42: Aggregating fifo (hls::stream) variable 'arg2_arg2_streams_0' with compact=bit mode in 256-bits
remark: /home/x_thileeb/repos/ops-hls-batching-new/codegen_apps/batching/blackscholes/u280_datacopy_project/hls/device/src/kernel_outerloop_0.cpp:63:42: Aggregating fifo (hls::stream) variable 'arg2_arg2_streams_1' with compact=bit mode in 256-bits
remark: /home/x_thileeb/repos/ops-hls-batching-new/codegen_apps/batching/blackscholes/u280_datacopy_project/hls/device/src/kernel_outerloop_0.cpp:63:42: Aggregating fifo (hls::stream) variable 'arg2_arg2_streams_2' with compact=bit mode in 256-bits
remark: /home/x_thileeb/repos/ops-hls-batching-new/codegen_apps/batching/blackscholes/u280_datacopy_project/hls/device/src/kernel_outerloop_0.cpp:63:42: Aggregating fifo (hls::stream) variable 'arg2_arg2_streams_3' with compact=bit mode in 256-bits
remark: /home/x_thileeb/repos/ops-hls-batching-new/codegen_apps/batching/blackscholes/u280_datacopy_project/hls/device/src/kernel_outerloop_0.cpp:63:42: Aggregating fifo (hls::stream) variable 'arg2_arg2_streams_4' with compact=bit mode in 256-bits
remark: /home/x_thileeb/repos/ops-hls-batching-new/codegen_apps/batching/blackscholes/u280_datacopy_project/hls/device/src/kernel_outerloop_0.cpp:63:42: Aggregating fifo (hls::stream) variable 'arg2_arg2_streams_5' with compact=bit mode in 256-bits
remark: /home/x_thileeb/repos/ops-hls-batching-new/codegen_apps/batching/blackscholes/u280_datacopy_project/hls/device/src/kernel_outerloop_0.cpp:63:42: Aggregating fifo (hls::stream) variable 'arg2_arg2_streams_6' with compact=bit mode in 256-bits
remark: /home/x_thileeb/repos/ops-hls-batching-new/codegen_apps/batching/blackscholes/u280_datacopy_project/hls/device/src/kernel_outerloop_0.cpp:63:42: Aggregating fifo (hls::stream) variable 'arg2_arg2_streams_7' with compact=bit mode in 256-bits
remark: /home/x_thileeb/repos/ops-hls-batching-new/codegen_apps/batching/blackscholes/u280_datacopy_project/hls/device/src/kernel_outerloop_0.cpp:63:42: Aggregating fifo (hls::stream) variable 'arg2_arg2_streams_8' with compact=bit mode in 256-bits
remark: /home/x_thileeb/repos/ops-hls-batching-new/codegen_apps/batching/blackscholes/u280_datacopy_project/hls/device/src/kernel_outerloop_0.cpp:63:42: Aggregating fifo (hls::stream) variable 'arg2_arg2_streams_9' with compact=bit mode in 256-bits
remark: /home/x_thileeb/repos/ops-hls-batching-new/codegen_apps/batching/blackscholes/u280_datacopy_project/hls/device/src/kernel_outerloop_0.cpp:63:42: Aggregating fifo (hls::stream) variable 'arg2_arg2_streams_10' with compact=bit mode in 256-bits
remark: /home/x_thileeb/repos/ops-hls-batching-new/codegen_apps/batching/blackscholes/u280_datacopy_project/hls/device/src/kernel_outerloop_0.cpp:63:42: Aggregating fifo (hls::stream) variable 'arg2_arg2_streams_11' with compact=bit mode in 256-bits
remark: /home/x_thileeb/repos/ops-hls-batching-new/codegen_apps/batching/blackscholes/u280_datacopy_project/hls/device/src/kernel_outerloop_0.cpp:63:42: Aggregating fifo (hls::stream) variable 'arg2_arg2_streams_12' with compact=bit mode in 256-bits
remark: /home/x_thileeb/repos/ops-hls-batching-new/codegen_apps/batching/blackscholes/u280_datacopy_project/hls/device/src/kernel_outerloop_0.cpp:63:42: Aggregating fifo (hls::stream) variable 'arg2_arg2_streams_13' with compact=bit mode in 256-bits
remark: /home/x_thileeb/repos/ops-hls-batching-new/codegen_apps/batching/blackscholes/u280_datacopy_project/hls/device/src/kernel_outerloop_0.cpp:63:42: Aggregating fifo (hls::stream) variable 'arg2_arg2_streams_14' with compact=bit mode in 256-bits
remark: /home/x_thileeb/repos/ops-hls-batching-new/codegen_apps/batching/blackscholes/u280_datacopy_project/hls/device/src/kernel_outerloop_0.cpp:63:42: Aggregating fifo (hls::stream) variable 'arg2_arg2_streams_15' with compact=bit mode in 256-bits
remark: /home/x_thileeb/repos/ops-hls-batching-new/codegen_apps/batching/blackscholes/u280_datacopy_project/hls/device/src/kernel_outerloop_0.cpp:63:42: Aggregating fifo (hls::stream) variable 'arg2_arg2_streams_16' with compact=bit mode in 256-bits
remark: /home/x_thileeb/repos/ops-hls-batching-new/codegen_apps/batching/blackscholes/u280_datacopy_project/hls/device/src/kernel_outerloop_0.cpp:63:42: Aggregating fifo (hls::stream) variable 'arg2_arg2_streams_17' with compact=bit mode in 256-bits
remark: /home/x_thileeb/repos/ops-hls-batching-new/codegen_apps/batching/blackscholes/u280_datacopy_project/hls/device/src/kernel_outerloop_0.cpp:63:42: Aggregating fifo (hls::stream) variable 'arg2_arg2_streams_18' with compact=bit mode in 256-bits
remark: /home/x_thileeb/repos/ops-hls-batching-new/codegen_apps/batching/blackscholes/u280_datacopy_project/hls/device/src/kernel_outerloop_0.cpp:63:42: Aggregating fifo (hls::stream) variable 'arg2_arg2_streams_19' with compact=bit mode in 256-bits
remark: /home/x_thileeb/repos/ops-hls-batching-new/codegen_apps/batching/blackscholes/u280_datacopy_project/hls/device/src/kernel_outerloop_0.cpp:63:42: Aggregating fifo (hls::stream) variable 'arg2_arg2_streams_20' with compact=bit mode in 256-bits
remark: /home/x_thileeb/repos/ops-hls-batching-new/codegen_apps/batching/blackscholes/u280_datacopy_project/hls/device/src/kernel_outerloop_0.cpp:63:42: Aggregating fifo (hls::stream) variable 'arg2_arg2_streams_21' with compact=bit mode in 256-bits
remark: /home/x_thileeb/repos/ops-hls-batching-new/codegen_apps/batching/blackscholes/u280_datacopy_project/hls/device/src/kernel_outerloop_0.cpp:63:42: Aggregating fifo (hls::stream) variable 'arg2_arg2_streams_22' with compact=bit mode in 256-bits
remark: /home/x_thileeb/repos/ops-hls-batching-new/codegen_apps/batching/blackscholes/u280_datacopy_project/hls/device/src/kernel_outerloop_0.cpp:67:42: Aggregating fifo (hls::stream) variable 'arg3_arg3_streams_0' with compact=bit mode in 256-bits
remark: /home/x_thileeb/repos/ops-hls-batching-new/codegen_apps/batching/blackscholes/u280_datacopy_project/hls/device/src/kernel_outerloop_0.cpp:67:42: Aggregating fifo (hls::stream) variable 'arg3_arg3_streams_1' with compact=bit mode in 256-bits
remark: /home/x_thileeb/repos/ops-hls-batching-new/codegen_apps/batching/blackscholes/u280_datacopy_project/hls/device/src/kernel_outerloop_0.cpp:67:42: Aggregating fifo (hls::stream) variable 'arg3_arg3_streams_2' with compact=bit mode in 256-bits
remark: /home/x_thileeb/repos/ops-hls-batching-new/codegen_apps/batching/blackscholes/u280_datacopy_project/hls/device/src/kernel_outerloop_0.cpp:67:42: Aggregating fifo (hls::stream) variable 'arg3_arg3_streams_3' with compact=bit mode in 256-bits
remark: /home/x_thileeb/repos/ops-hls-batching-new/codegen_apps/batching/blackscholes/u280_datacopy_project/hls/device/src/kernel_outerloop_0.cpp:67:42: Aggregating fifo (hls::stream) variable 'arg3_arg3_streams_4' with compact=bit mode in 256-bits
remark: /home/x_thileeb/repos/ops-hls-batching-new/codegen_apps/batching/blackscholes/u280_datacopy_project/hls/device/src/kernel_outerloop_0.cpp:67:42: Aggregating fifo (hls::stream) variable 'arg3_arg3_streams_5' with compact=bit mode in 256-bits
remark: /home/x_thileeb/repos/ops-hls-batching-new/codegen_apps/batching/blackscholes/u280_datacopy_project/hls/device/src/kernel_outerloop_0.cpp:67:42: Aggregating fifo (hls::stream) variable 'arg3_arg3_streams_6' with compact=bit mode in 256-bits
remark: /home/x_thileeb/repos/ops-hls-batching-new/codegen_apps/batching/blackscholes/u280_datacopy_project/hls/device/src/kernel_outerloop_0.cpp:67:42: Aggregating fifo (hls::stream) variable 'arg3_arg3_streams_7' with compact=bit mode in 256-bits
remark: /home/x_thileeb/repos/ops-hls-batching-new/codegen_apps/batching/blackscholes/u280_datacopy_project/hls/device/src/kernel_outerloop_0.cpp:67:42: Aggregating fifo (hls::stream) variable 'arg3_arg3_streams_8' with compact=bit mode in 256-bits
remark: /home/x_thileeb/repos/ops-hls-batching-new/codegen_apps/batching/blackscholes/u280_datacopy_project/hls/device/src/kernel_outerloop_0.cpp:67:42: Aggregating fifo (hls::stream) variable 'arg3_arg3_streams_9' with compact=bit mode in 256-bits
remark: /home/x_thileeb/repos/ops-hls-batching-new/codegen_apps/batching/blackscholes/u280_datacopy_project/hls/device/src/kernel_outerloop_0.cpp:67:42: Aggregating fifo (hls::stream) variable 'arg3_arg3_streams_10' with compact=bit mode in 256-bits
remark: /home/x_thileeb/repos/ops-hls-batching-new/codegen_apps/batching/blackscholes/u280_datacopy_project/hls/device/src/kernel_outerloop_0.cpp:67:42: Aggregating fifo (hls::stream) variable 'arg3_arg3_streams_11' with compact=bit mode in 256-bits
remark: /home/x_thileeb/repos/ops-hls-batching-new/codegen_apps/batching/blackscholes/u280_datacopy_project/hls/device/src/kernel_outerloop_0.cpp:67:42: Aggregating fifo (hls::stream) variable 'arg3_arg3_streams_12' with compact=bit mode in 256-bits
remark: /home/x_thileeb/repos/ops-hls-batching-new/codegen_apps/batching/blackscholes/u280_datacopy_project/hls/device/src/kernel_outerloop_0.cpp:67:42: Aggregating fifo (hls::stream) variable 'arg3_arg3_streams_13' with compact=bit mode in 256-bits
remark: /home/x_thileeb/repos/ops-hls-batching-new/codegen_apps/batching/blackscholes/u280_datacopy_project/hls/device/src/kernel_outerloop_0.cpp:67:42: Aggregating fifo (hls::stream) variable 'arg3_arg3_streams_14' with compact=bit mode in 256-bits
remark: /home/x_thileeb/repos/ops-hls-batching-new/codegen_apps/batching/blackscholes/u280_datacopy_project/hls/device/src/kernel_outerloop_0.cpp:67:42: Aggregating fifo (hls::stream) variable 'arg3_arg3_streams_15' with compact=bit mode in 256-bits
remark: /home/x_thileeb/repos/ops-hls-batching-new/codegen_apps/batching/blackscholes/u280_datacopy_project/hls/device/src/kernel_outerloop_0.cpp:67:42: Aggregating fifo (hls::stream) variable 'arg3_arg3_streams_16' with compact=bit mode in 256-bits
remark: /home/x_thileeb/repos/ops-hls-batching-new/codegen_apps/batching/blackscholes/u280_datacopy_project/hls/device/src/kernel_outerloop_0.cpp:67:42: Aggregating fifo (hls::stream) variable 'arg3_arg3_streams_17' with compact=bit mode in 256-bits
remark: /home/x_thileeb/repos/ops-hls-batching-new/codegen_apps/batching/blackscholes/u280_datacopy_project/hls/device/src/kernel_outerloop_0.cpp:67:42: Aggregating fifo (hls::stream) variable 'arg3_arg3_streams_18' with compact=bit mode in 256-bits
remark: /home/x_thileeb/repos/ops-hls-batching-new/codegen_apps/batching/blackscholes/u280_datacopy_project/hls/device/src/kernel_outerloop_0.cpp:67:42: Aggregating fifo (hls::stream) variable 'arg3_arg3_streams_19' with compact=bit mode in 256-bits
remark: /home/x_thileeb/repos/ops-hls-batching-new/codegen_apps/batching/blackscholes/u280_datacopy_project/hls/device/src/kernel_outerloop_0.cpp:67:42: Aggregating fifo (hls::stream) variable 'arg3_arg3_streams_20' with compact=bit mode in 256-bits
remark: /home/x_thileeb/repos/ops-hls-batching-new/codegen_apps/batching/blackscholes/u280_datacopy_project/hls/device/src/kernel_outerloop_0.cpp:67:42: Aggregating fifo (hls::stream) variable 'arg3_arg3_streams_21' with compact=bit mode in 256-bits
remark: /home/x_thileeb/repos/ops-hls-batching-new/codegen_apps/batching/blackscholes/u280_datacopy_project/hls/device/src/kernel_outerloop_0.cpp:67:42: Aggregating fifo (hls::stream) variable 'arg3_arg3_streams_22' with compact=bit mode in 256-bits
remark: /home/x_thileeb/repos/ops-hls-batching-new/codegen_apps/batching/blackscholes/u280_datacopy_project/hls/device/include/PE_ops_krnl_blackscholes.hpp:337:21: Automatically inlining function 'kernel_ops_krnl_blackscholes_core(float&, float const&, float const&, float const&, float&, float&, float&)' to improve effectiveness of pipeline pragma in function 'Stencil_ops_krnl_blackscholes::stencilRun(hls::stream<ap_uint<256>, 0>&, hls::stream<ap_uint<256>, 0>&, hls::stream<ap_uint<256>, 0>&, hls::stream<ap_uint<256>, 0>&, hls::stream<ap_uint<256>, 0>&, hls::stream<ap_uint<256>, 0>&, hls::stream<ap_uint<256>, 0>&, hls::stream<ap_uint<256>, 0>&)'
remark: /home/x_thileeb/repos/ops-hls-batching-new/codegen_apps/batching/blackscholes/u280_datacopy_project/hls/device/include/PE_ops_krnl_blackscholes.hpp:337:21: Automatically inlining function 'kernel_ops_krnl_blackscholes_core(float&, float const&, float const&, float const&, float&, float&, float&)' to improve effectiveness of pipeline pragma in function 'Stencil_ops_krnl_blackscholes::stencilRun(hls::stream<ap_uint<256>, 0>&, hls::stream<ap_uint<256>, 0>&, hls::stream<ap_uint<256>, 0>&, hls::stream<ap_uint<256>, 0>&, hls::stream<ap_uint<256>, 0>&, hls::stream<ap_uint<256>, 0>&, hls::stream<ap_uint<256>, 0>&, hls::stream<ap_uint<256>, 0>&)'
remark: /home/x_thileeb/repos/ops-hls-batching-new/codegen_apps/batching/blackscholes/u280_datacopy_project/hls/device/include/PE_ops_krnl_blackscholes.hpp:337:21: Automatically inlining function 'kernel_ops_krnl_blackscholes_core(float&, float const&, float const&, float const&, float&, float&, float&)' to improve effectiveness of pipeline pragma in function 'Stencil_ops_krnl_blackscholes::stencilRun(hls::stream<ap_uint<256>, 0>&, hls::stream<ap_uint<256>, 0>&, hls::stream<ap_uint<256>, 0>&, hls::stream<ap_uint<256>, 0>&, hls::stream<ap_uint<256>, 0>&, hls::stream<ap_uint<256>, 0>&, hls::stream<ap_uint<256>, 0>&, hls::stream<ap_uint<256>, 0>&)'
remark: /home/x_thileeb/repos/ops-hls-batching-new/codegen_apps/batching/blackscholes/u280_datacopy_project/hls/device/include/PE_ops_krnl_blackscholes.hpp:337:21: Automatically inlining function 'kernel_ops_krnl_blackscholes_core(float&, float const&, float const&, float const&, float&, float&, float&)' to improve effectiveness of pipeline pragma in function 'Stencil_ops_krnl_blackscholes::stencilRun(hls::stream<ap_uint<256>, 0>&, hls::stream<ap_uint<256>, 0>&, hls::stream<ap_uint<256>, 0>&, hls::stream<ap_uint<256>, 0>&, hls::stream<ap_uint<256>, 0>&, hls::stream<ap_uint<256>, 0>&, hls::stream<ap_uint<256>, 0>&, hls::stream<ap_uint<256>, 0>&)'
remark: /home/x_thileeb/repos/ops-hls-batching-new/codegen_apps/batching/blackscholes/u280_datacopy_project/hls/device/include/PE_ops_krnl_blackscholes.hpp:337:21: Automatically inlining function 'kernel_ops_krnl_blackscholes_core(float&, float const&, float const&, float const&, float&, float&, float&)' to improve effectiveness of pipeline pragma in function 'Stencil_ops_krnl_blackscholes::stencilRun(hls::stream<ap_uint<256>, 0>&, hls::stream<ap_uint<256>, 0>&, hls::stream<ap_uint<256>, 0>&, hls::stream<ap_uint<256>, 0>&, hls::stream<ap_uint<256>, 0>&, hls::stream<ap_uint<256>, 0>&, hls::stream<ap_uint<256>, 0>&, hls::stream<ap_uint<256>, 0>&)'
remark: /home/x_thileeb/repos/ops-hls-batching-new/codegen_apps/batching/blackscholes/u280_datacopy_project/hls/device/include/PE_ops_krnl_blackscholes.hpp:337:21: Automatically inlining function 'kernel_ops_krnl_blackscholes_core(float&, float const&, float const&, float const&, float&, float&, float&)' to improve effectiveness of pipeline pragma in function 'Stencil_ops_krnl_blackscholes::stencilRun(hls::stream<ap_uint<256>, 0>&, hls::stream<ap_uint<256>, 0>&, hls::stream<ap_uint<256>, 0>&, hls::stream<ap_uint<256>, 0>&, hls::stream<ap_uint<256>, 0>&, hls::stream<ap_uint<256>, 0>&, hls::stream<ap_uint<256>, 0>&, hls::stream<ap_uint<256>, 0>&)'
remark: /home/x_thileeb/repos/ops-hls-batching-new/codegen_apps/batching/blackscholes/u280_datacopy_project/hls/device/include/PE_ops_krnl_blackscholes.hpp:337:21: Automatically inlining function 'kernel_ops_krnl_blackscholes_core(float&, float const&, float const&, float const&, float&, float&, float&)' to improve effectiveness of pipeline pragma in function 'Stencil_ops_krnl_blackscholes::stencilRun(hls::stream<ap_uint<256>, 0>&, hls::stream<ap_uint<256>, 0>&, hls::stream<ap_uint<256>, 0>&, hls::stream<ap_uint<256>, 0>&, hls::stream<ap_uint<256>, 0>&, hls::stream<ap_uint<256>, 0>&, hls::stream<ap_uint<256>, 0>&, hls::stream<ap_uint<256>, 0>&)'
remark: /home/x_thileeb/repos/ops-hls-batching-new/codegen_apps/batching/blackscholes/u280_datacopy_project/hls/device/include/PE_ops_krnl_blackscholes.hpp:337:21: Automatically inlining function 'kernel_ops_krnl_blackscholes_core(float&, float const&, float const&, float const&, float&, float&, float&)' to improve effectiveness of pipeline pragma in function 'Stencil_ops_krnl_blackscholes::stencilRun(hls::stream<ap_uint<256>, 0>&, hls::stream<ap_uint<256>, 0>&, hls::stream<ap_uint<256>, 0>&, hls::stream<ap_uint<256>, 0>&, hls::stream<ap_uint<256>, 0>&, hls::stream<ap_uint<256>, 0>&, hls::stream<ap_uint<256>, 0>&, hls::stream<ap_uint<256>, 0>&)'
