

================================================================
== Vitis HLS Report for 'repeater_outerloop_0'
================================================================
* Date:           Fri Jul 31 14:19:05 2026

* Version:        2022.2 (Build 3670227 on Oct 13 2022)
* Project:        repeater_outerloop_0
* Solution:       solution (Vitis Kernel Flow Target)
* Product family: virtexuplus
* Target device:  xcu280-fsvh2892-2L-e


================================================================
== Performance Estimates
================================================================
+ Timing: 
    * Summary: 
    +--------+---------+----------+------------+
    |  Clock |  Target | Estimated| Uncertainty|
    +--------+---------+----------+------------+
    |ap_clk  |  3.33 ns|      0 ns|     0.90 ns|
    +--------+---------+----------+------------+

+ Latency: 
    * Summary: 
    +---------+---------+----------+----------+-----+-----+----------+
    |  Latency (cycles) |  Latency (absolute) |  Interval | Pipeline |
    |   min   |   max   |    min   |    max   | min | max |   Type   |
    +---------+---------+----------+----------+-----+-----+----------+
    |        1|        1|  3.333 ns|  3.333 ns|    1|    1|  yes(flp)|
    +---------+---------+----------+----------+-----+-----+----------+

    + Detail: 
        * Instance: 
        N/A

        * Loop: 
        N/A



================================================================
== Utilization Estimates
================================================================
* Summary: 
+---------------------+---------+------+---------+---------+-----+
|         Name        | BRAM_18K|  DSP |    FF   |   LUT   | URAM|
+---------------------+---------+------+---------+---------+-----+
|DSP                  |        -|     -|        -|        -|    -|
|Expression           |        -|     -|        0|        4|    -|
|FIFO                 |        -|     -|        -|        -|    -|
|Instance             |        -|     -|        -|        -|    -|
|Memory               |        -|     -|        -|        -|    -|
|Multiplexer          |        -|     -|        -|       32|    -|
|Register             |        -|     -|        6|        -|    -|
+---------------------+---------+------+---------+---------+-----+
|Total                |        0|     0|        6|       36|    0|
+---------------------+---------+------+---------+---------+-----+
|Available SLR        |     1344|  3008|   869120|   434560|  320|
+---------------------+---------+------+---------+---------+-----+
|Utilization SLR (%)  |        0|     0|       ~0|       ~0|    0|
+---------------------+---------+------+---------+---------+-----+
|Available            |     4032|  9024|  2607360|  1303680|  960|
+---------------------+---------+------+---------+---------+-----+
|Utilization (%)      |        0|     0|       ~0|       ~0|    0|
+---------------------+---------+------+---------+---------+-----+

+ Detail: 
    * Instance: 
    N/A

    * DSP: 
    N/A

    * Memory: 
    N/A

    * FIFO: 
    N/A

    * Expression: 
    +----------------------------------+----------+----+---+----+------------+------------+
    |           Variable Name          | Operation| DSP| FF| LUT| Bitwidth P0| Bitwidth P1|
    +----------------------------------+----------+----+---+----+------------+------------+
    |ap_block_state1_pp0_stage0_iter0  |        or|   0|  0|   2|           1|           1|
    |ap_block_state2_pp0_stage0_iter1  |        or|   0|  0|   2|           1|           1|
    +----------------------------------+----------+----+---+----+------------+------------+
    |Total                             |          |   0|  0|   4|           2|           2|
    +----------------------------------+----------+----+---+----+------------+------------+

    * Multiplexer: 
    +---------------------------+----+-----------+-----+-----------+
    |            Name           | LUT| Input Size| Bits| Total Bits|
    +---------------------------+----+-----------+-----+-----------+
    |ap_NS_iter1_fsm            |  14|          3|    2|          6|
    |arg0_axis_in_TDATA_blk_n   |   9|          2|    1|          2|
    |arg1_axis_out_TDATA_blk_n  |   9|          2|    1|          2|
    +---------------------------+----+-----------+-----+-----------+
    |Total                      |  32|          7|    4|         10|
    +---------------------------+----+-----------+-----+-----------+

    * Register: 
    +-----------------+---+----+-----+-----------+
    |       Name      | FF| LUT| Bits| Const Bits|
    +-----------------+---+----+-----+-----------+
    |ap_CS_iter0_fsm  |  1|   0|    1|          0|
    |ap_CS_iter1_fsm  |  2|   0|    2|          0|
    |ap_rst_n_inv     |  1|   0|    1|          0|
    |ap_rst_reg_1     |  1|   0|    1|          0|
    |ap_rst_reg_2     |  1|   0|    1|          0|
    +-----------------+---+----+-----+-----------+
    |Total            |  6|   0|    6|          0|
    +-----------------+---+----+-----+-----------+



================================================================
== Interface
================================================================
* Summary: 
+----------------------+-----+-----+--------------+------------------------+--------------+
|       RTL Ports      | Dir | Bits|   Protocol   |      Source Object     |    C Type    |
+----------------------+-----+-----+--------------+------------------------+--------------+
|ap_clk                |   in|    1|  ap_ctrl_none|    repeater_outerloop_0|  return value|
|ap_rst_n              |   in|    1|  ap_ctrl_none|    repeater_outerloop_0|  return value|
|arg0_axis_in_TDATA    |   in|  256|          axis|   arg0_axis_in_V_data_V|       pointer|
|arg0_axis_in_TVALID   |   in|    1|          axis|   arg0_axis_in_V_last_V|       pointer|
|arg0_axis_in_TREADY   |  out|    1|          axis|   arg0_axis_in_V_last_V|       pointer|
|arg0_axis_in_TLAST    |   in|    1|          axis|   arg0_axis_in_V_last_V|       pointer|
|arg0_axis_in_TKEEP    |   in|   32|          axis|   arg0_axis_in_V_keep_V|       pointer|
|arg0_axis_in_TSTRB    |   in|   32|          axis|   arg0_axis_in_V_strb_V|       pointer|
|arg1_axis_out_TDATA   |  out|  256|          axis|  arg1_axis_out_V_data_V|       pointer|
|arg1_axis_out_TVALID  |  out|    1|          axis|  arg1_axis_out_V_last_V|       pointer|
|arg1_axis_out_TREADY  |   in|    1|          axis|  arg1_axis_out_V_last_V|       pointer|
|arg1_axis_out_TLAST   |  out|    1|          axis|  arg1_axis_out_V_last_V|       pointer|
|arg1_axis_out_TKEEP   |  out|   32|          axis|  arg1_axis_out_V_keep_V|       pointer|
|arg1_axis_out_TSTRB   |  out|   32|          axis|  arg1_axis_out_V_strb_V|       pointer|
+----------------------+-----+-----+--------------+------------------------+--------------+

