

================================================================
== Vitis HLS Report for 'stream2axis_256u_15_Pipeline_VITIS_LOOP_6895_1'
================================================================
* Date:           Tue Aug 11 20:32:59 2026

* Version:        2022.2 (Build 3670227 on Oct 13 2022)
* Project:        kernel_outerloop_0_0
* Solution:       solution (Vitis Kernel Flow Target)
* Product family: virtexuplus
* Target device:  xcu280-fsvh2892-2L-e


================================================================
== Performance Estimates
================================================================
+ Timing: 
    * Summary: 
    +--------+---------+----------+------------+
    |  Clock |  Target | Estimated| Uncertainty|
    +--------+---------+----------+------------+
    |ap_clk  |  3.33 ns|  1.249 ns|     0.90 ns|
    +--------+---------+----------+------------+

+ Latency: 
    * Summary: 
    +---------+---------+----------+----------+-----+-----+---------+
    |  Latency (cycles) |  Latency (absolute) |  Interval | Pipeline|
    |   min   |   max   |    min   |    max   | min | max |   Type  |
    +---------+---------+----------+----------+-----+-----+---------+
    |        ?|        ?|         ?|         ?|    ?|    ?|       no|
    +---------+---------+----------+----------+-----+-----+---------+

    + Detail: 
        * Instance: 
        N/A

        * Loop: 
        +---------------------+---------+---------+----------+-----------+-----------+------+----------+
        |                     |  Latency (cycles) | Iteration|  Initiation Interval  | Trip |          |
        |      Loop Name      |   min   |   max   |  Latency |  achieved |   target  | Count| Pipelined|
        +---------------------+---------+---------+----------+-----------+-----------+------+----------+
        |- VITIS_LOOP_6895_1  |        ?|        ?|         2|          1|          1|     ?|       yes|
        +---------------------+---------+---------+----------+-----------+-----------+------+----------+



================================================================
== Utilization Estimates
================================================================
* Summary: 
+---------------------+---------+------+---------+---------+-----+
|         Name        | BRAM_18K|  DSP |    FF   |   LUT   | URAM|
+---------------------+---------+------+---------+---------+-----+
|DSP                  |        -|     -|        -|        -|    -|
|Expression           |        -|     -|        0|       60|    -|
|FIFO                 |        -|     -|        -|        -|    -|
|Instance             |        -|     -|        -|        -|    -|
|Memory               |        -|     -|        -|        -|    -|
|Multiplexer          |        -|     -|        -|       54|    -|
|Register             |        -|     -|       32|        -|    -|
+---------------------+---------+------+---------+---------+-----+
|Total                |        0|     0|       32|      114|    0|
+---------------------+---------+------+---------+---------+-----+
|Available SLR        |     1344|  3008|   869120|   434560|  320|
+---------------------+---------+------+---------+---------+-----+
|Utilization SLR (%)  |        0|     0|       ~0|       ~0|    0|
+---------------------+---------+------+---------+---------+-----+
|Available            |     4032|  9024|  2607360|  1303680|  960|
+---------------------+---------+------+---------+---------+-----+
|Utilization (%)      |        0|     0|       ~0|       ~0|    0|
+---------------------+---------+------+---------+---------+-----+

+ Detail: 
    * Instance: 
    N/A

    * DSP: 
    N/A

    * Memory: 
    N/A

    * FIFO: 
    N/A

    * Expression: 
    +----------------------------------+----------+----+---+----+------------+------------+
    |           Variable Name          | Operation| DSP| FF| LUT| Bitwidth P0| Bitwidth P1|
    +----------------------------------+----------+----+---+----+------------+------------+
    |itr_14_fu_104_p2                  |         +|   0|  0|  36|          29|           1|
    |ap_block_pp0_stage0_01001         |       and|   0|  0|   2|           1|           1|
    |icmp_ln6895_fu_98_p2              |      icmp|   0|  0|  18|          29|          29|
    |ap_block_state2_pp0_stage0_iter1  |        or|   0|  0|   2|           1|           1|
    |ap_enable_pp0                     |       xor|   0|  0|   2|           1|           2|
    +----------------------------------+----------+----+---+----+------------+------------+
    |Total                             |          |   0|  0|  60|          61|          34|
    +----------------------------------+----------+----+---+----+------------+------------+

    * Multiplexer: 
    +-----------------------------+----+-----------+-----+-----------+
    |             Name            | LUT| Input Size| Bits| Total Bits|
    +-----------------------------+----+-----------+-----+-----------+
    |ap_done_int                  |   9|          2|    1|          2|
    |ap_enable_reg_pp0_iter1      |   9|          2|    1|          2|
    |ap_sig_allocacmp_itr_13      |   9|          2|   29|         58|
    |arg0_arg1_streams_1_4_blk_n  |   9|          2|    1|          2|
    |arg1_4_axis_out_TDATA_blk_n  |   9|          2|    1|          2|
    |itr_fu_54                    |   9|          2|   29|         58|
    +-----------------------------+----+-----------+-----+-----------+
    |Total                        |  54|         12|   62|        124|
    +-----------------------------+----+-----------+-----+-----------+

    * Register: 
    +-------------------------+----+----+-----+-----------+
    |           Name          | FF | LUT| Bits| Const Bits|
    +-------------------------+----+----+-----+-----------+
    |ap_CS_fsm                |   1|   0|    1|          0|
    |ap_done_reg              |   1|   0|    1|          0|
    |ap_enable_reg_pp0_iter1  |   1|   0|    1|          0|
    |itr_fu_54                |  29|   0|   29|          0|
    +-------------------------+----+----+-----+-----------+
    |Total                    |  32|   0|   32|          0|
    +-------------------------+----+----+-----+-----------+



================================================================
== Interface
================================================================
* Summary: 
+--------------------------------------+-----+-----+------------+-------------------------------------------------+--------------+
|               RTL Ports              | Dir | Bits|  Protocol  |                  Source Object                  |    C Type    |
+--------------------------------------+-----+-----+------------+-------------------------------------------------+--------------+
|ap_clk                                |   in|    1|  ap_ctrl_hs|  stream2axis<256u>.15_Pipeline_VITIS_LOOP_6895_1|  return value|
|ap_rst                                |   in|    1|  ap_ctrl_hs|  stream2axis<256u>.15_Pipeline_VITIS_LOOP_6895_1|  return value|
|ap_start                              |   in|    1|  ap_ctrl_hs|  stream2axis<256u>.15_Pipeline_VITIS_LOOP_6895_1|  return value|
|ap_done                               |  out|    1|  ap_ctrl_hs|  stream2axis<256u>.15_Pipeline_VITIS_LOOP_6895_1|  return value|
|ap_idle                               |  out|    1|  ap_ctrl_hs|  stream2axis<256u>.15_Pipeline_VITIS_LOOP_6895_1|  return value|
|ap_ready                              |  out|    1|  ap_ctrl_hs|  stream2axis<256u>.15_Pipeline_VITIS_LOOP_6895_1|  return value|
|arg0_arg1_streams_1_4_dout            |   in|  256|     ap_fifo|                            arg0_arg1_streams_1_4|       pointer|
|arg0_arg1_streams_1_4_num_data_valid  |   in|    5|     ap_fifo|                            arg0_arg1_streams_1_4|       pointer|
|arg0_arg1_streams_1_4_fifo_cap        |   in|    5|     ap_fifo|                            arg0_arg1_streams_1_4|       pointer|
|arg0_arg1_streams_1_4_empty_n         |   in|    1|     ap_fifo|                            arg0_arg1_streams_1_4|       pointer|
|arg0_arg1_streams_1_4_read            |  out|    1|     ap_fifo|                            arg0_arg1_streams_1_4|       pointer|
|arg1_4_axis_out_TREADY                |   in|    1|        axis|                         arg1_4_axis_out_V_data_V|       pointer|
|arg1_4_axis_out_TDATA                 |  out|  256|        axis|                         arg1_4_axis_out_V_data_V|       pointer|
|pkts_load                             |   in|   29|     ap_none|                                        pkts_load|        scalar|
|arg1_4_axis_out_TVALID                |  out|    1|        axis|                         arg1_4_axis_out_V_last_V|       pointer|
|arg1_4_axis_out_TLAST                 |  out|    1|        axis|                         arg1_4_axis_out_V_last_V|       pointer|
|arg1_4_axis_out_TKEEP                 |  out|   32|        axis|                         arg1_4_axis_out_V_keep_V|       pointer|
|arg1_4_axis_out_TSTRB                 |  out|   32|        axis|                         arg1_4_axis_out_V_strb_V|       pointer|
+--------------------------------------+-----+-----+------------+-------------------------------------------------+--------------+

