

================================================================
== Vitis HLS Report for 'kernel_outerloop_0_dataflow_region'
================================================================
* Date:           Sun Jul 26 03:01:59 2026

* Version:        2022.1 (Build 3526262 on Mon Apr 18 15:47:01 MDT 2022)
* Project:        kernel_outerloop_0
* Solution:       solution (Vitis Kernel Flow Target)
* Product family: versal
* Target device:  xcvc1902-vsvd1760-2MP-e-S


================================================================
== Performance Estimates
================================================================
+ Timing: 
    * Summary: 
    +--------+---------+----------+------------+
    |  Clock |  Target | Estimated| Uncertainty|
    +--------+---------+----------+------------+
    |ap_clk  |  3.33 ns|  2.307 ns|     0.90 ns|
    +--------+---------+----------+------------+

+ Latency: 
    * Summary: 
    +---------+---------+----------+----------+-----+-----+----------+
    |  Latency (cycles) |  Latency (absolute) |  Interval | Pipeline |
    |   min   |   max   |    min   |    max   | min | max |   Type   |
    +---------+---------+----------+----------+-----+-----+----------+
    |        ?|        ?|         ?|         ?|    ?|    ?|  dataflow|
    +---------+---------+----------+----------+-----+-----+----------+

    + Detail: 
        * Instance: 
        +----------------------------------------+-------------------------------------+---------+---------+----------+----------+-----+-----+---------+
        |                                        |                                     |  Latency (cycles) |  Latency (absolute) |  Interval | Pipeline|
        |                Instance                |                Module               |   min   |   max   |    min   |    max   | min | max |   Type  |
        +----------------------------------------+-------------------------------------+---------+---------+----------+----------+-----+-----+---------+
        |entry_proc_U0                           |entry_proc                           |        0|        0|      0 ns|      0 ns|    0|    0|       no|
        |axis2stream_256u_U0                     |axis2stream_256u_s                   |        ?|        ?|         ?|         ?|    ?|    ?|       no|
        |kernel_poisson_kernel_stencil_PE_U0     |kernel_poisson_kernel_stencil_PE     |        ?|        ?|         ?|         ?|    ?|    ?|       no|
        |kernel_poisson_kernel_stencil_PE_1_U0   |kernel_poisson_kernel_stencil_PE_1   |        ?|        ?|         ?|         ?|    ?|    ?|       no|
        |kernel_poisson_kernel_stencil_PE_2_U0   |kernel_poisson_kernel_stencil_PE_2   |        ?|        ?|         ?|         ?|    ?|    ?|       no|
        |kernel_poisson_kernel_stencil_PE_3_U0   |kernel_poisson_kernel_stencil_PE_3   |        ?|        ?|         ?|         ?|    ?|    ?|       no|
        |kernel_poisson_kernel_stencil_PE_4_U0   |kernel_poisson_kernel_stencil_PE_4   |        ?|        ?|         ?|         ?|    ?|    ?|       no|
        |kernel_poisson_kernel_stencil_PE_5_U0   |kernel_poisson_kernel_stencil_PE_5   |        ?|        ?|         ?|         ?|    ?|    ?|       no|
        |kernel_poisson_kernel_stencil_PE_6_U0   |kernel_poisson_kernel_stencil_PE_6   |        ?|        ?|         ?|         ?|    ?|    ?|       no|
        |kernel_poisson_kernel_stencil_PE_7_U0   |kernel_poisson_kernel_stencil_PE_7   |        ?|        ?|         ?|         ?|    ?|    ?|       no|
        |kernel_poisson_kernel_stencil_PE_8_U0   |kernel_poisson_kernel_stencil_PE_8   |        ?|        ?|         ?|         ?|    ?|    ?|       no|
        |kernel_poisson_kernel_stencil_PE_9_U0   |kernel_poisson_kernel_stencil_PE_9   |        ?|        ?|         ?|         ?|    ?|    ?|       no|
        |kernel_poisson_kernel_stencil_PE_10_U0  |kernel_poisson_kernel_stencil_PE_10  |        ?|        ?|         ?|         ?|    ?|    ?|       no|
        |kernel_poisson_kernel_stencil_PE_11_U0  |kernel_poisson_kernel_stencil_PE_11  |        ?|        ?|         ?|         ?|    ?|    ?|       no|
        |kernel_poisson_kernel_stencil_PE_12_U0  |kernel_poisson_kernel_stencil_PE_12  |        ?|        ?|         ?|         ?|    ?|    ?|       no|
        |kernel_poisson_kernel_stencil_PE_13_U0  |kernel_poisson_kernel_stencil_PE_13  |        ?|        ?|         ?|         ?|    ?|    ?|       no|
        |kernel_poisson_kernel_stencil_PE_14_U0  |kernel_poisson_kernel_stencil_PE_14  |        ?|        ?|         ?|         ?|    ?|    ?|       no|
        |kernel_poisson_kernel_stencil_PE_15_U0  |kernel_poisson_kernel_stencil_PE_15  |        ?|        ?|         ?|         ?|    ?|    ?|       no|
        |kernel_poisson_kernel_stencil_PE_16_U0  |kernel_poisson_kernel_stencil_PE_16  |        ?|        ?|         ?|         ?|    ?|    ?|       no|
        |kernel_poisson_kernel_stencil_PE_17_U0  |kernel_poisson_kernel_stencil_PE_17  |        ?|        ?|         ?|         ?|    ?|    ?|       no|
        |kernel_poisson_kernel_stencil_PE_18_U0  |kernel_poisson_kernel_stencil_PE_18  |        ?|        ?|         ?|         ?|    ?|    ?|       no|
        |kernel_poisson_kernel_stencil_PE_19_U0  |kernel_poisson_kernel_stencil_PE_19  |        ?|        ?|         ?|         ?|    ?|    ?|       no|
        |kernel_poisson_kernel_stencil_PE_20_U0  |kernel_poisson_kernel_stencil_PE_20  |        ?|        ?|         ?|         ?|    ?|    ?|       no|
        |kernel_poisson_kernel_stencil_PE_21_U0  |kernel_poisson_kernel_stencil_PE_21  |        ?|        ?|         ?|         ?|    ?|    ?|       no|
        |kernel_poisson_kernel_stencil_PE_22_U0  |kernel_poisson_kernel_stencil_PE_22  |        ?|        ?|         ?|         ?|    ?|    ?|       no|
        |kernel_poisson_kernel_stencil_PE_23_U0  |kernel_poisson_kernel_stencil_PE_23  |        ?|        ?|         ?|         ?|    ?|    ?|       no|
        |kernel_poisson_kernel_stencil_PE_24_U0  |kernel_poisson_kernel_stencil_PE_24  |        ?|        ?|         ?|         ?|    ?|    ?|       no|
        |kernel_poisson_kernel_stencil_PE_25_U0  |kernel_poisson_kernel_stencil_PE_25  |        ?|        ?|         ?|         ?|    ?|    ?|       no|
        |kernel_poisson_kernel_stencil_PE_26_U0  |kernel_poisson_kernel_stencil_PE_26  |        ?|        ?|         ?|         ?|    ?|    ?|       no|
        |kernel_poisson_kernel_stencil_PE_27_U0  |kernel_poisson_kernel_stencil_PE_27  |        ?|        ?|         ?|         ?|    ?|    ?|       no|
        |kernel_poisson_kernel_stencil_PE_28_U0  |kernel_poisson_kernel_stencil_PE_28  |        ?|        ?|         ?|         ?|    ?|    ?|       no|
        |kernel_poisson_kernel_stencil_PE_29_U0  |kernel_poisson_kernel_stencil_PE_29  |        ?|        ?|         ?|         ?|    ?|    ?|       no|
        |kernel_poisson_kernel_stencil_PE_30_U0  |kernel_poisson_kernel_stencil_PE_30  |        ?|        ?|         ?|         ?|    ?|    ?|       no|
        |kernel_poisson_kernel_stencil_PE_31_U0  |kernel_poisson_kernel_stencil_PE_31  |        ?|        ?|         ?|         ?|    ?|    ?|       no|
        |kernel_poisson_kernel_stencil_PE_32_U0  |kernel_poisson_kernel_stencil_PE_32  |        ?|        ?|         ?|         ?|    ?|    ?|       no|
        |kernel_poisson_kernel_stencil_PE_33_U0  |kernel_poisson_kernel_stencil_PE_33  |        ?|        ?|         ?|         ?|    ?|    ?|       no|
        |kernel_poisson_kernel_stencil_PE_34_U0  |kernel_poisson_kernel_stencil_PE_34  |        ?|        ?|         ?|         ?|    ?|    ?|       no|
        |kernel_poisson_kernel_stencil_PE_35_U0  |kernel_poisson_kernel_stencil_PE_35  |        ?|        ?|         ?|         ?|    ?|    ?|       no|
        |kernel_poisson_kernel_stencil_PE_36_U0  |kernel_poisson_kernel_stencil_PE_36  |        ?|        ?|         ?|         ?|    ?|    ?|       no|
        |kernel_poisson_kernel_stencil_PE_37_U0  |kernel_poisson_kernel_stencil_PE_37  |        ?|        ?|         ?|         ?|    ?|    ?|       no|
        |kernel_poisson_kernel_stencil_PE_38_U0  |kernel_poisson_kernel_stencil_PE_38  |        ?|        ?|         ?|         ?|    ?|    ?|       no|
        |kernel_poisson_kernel_stencil_PE_39_U0  |kernel_poisson_kernel_stencil_PE_39  |        ?|        ?|         ?|         ?|    ?|    ?|       no|
        |kernel_poisson_kernel_stencil_PE_40_U0  |kernel_poisson_kernel_stencil_PE_40  |        ?|        ?|         ?|         ?|    ?|    ?|       no|
        |kernel_poisson_kernel_stencil_PE_41_U0  |kernel_poisson_kernel_stencil_PE_41  |        ?|        ?|         ?|         ?|    ?|    ?|       no|
        |kernel_poisson_kernel_stencil_PE_42_U0  |kernel_poisson_kernel_stencil_PE_42  |        ?|        ?|         ?|         ?|    ?|    ?|       no|
        |kernel_poisson_kernel_stencil_PE_43_U0  |kernel_poisson_kernel_stencil_PE_43  |        ?|        ?|         ?|         ?|    ?|    ?|       no|
        |kernel_poisson_kernel_stencil_PE_44_U0  |kernel_poisson_kernel_stencil_PE_44  |        ?|        ?|         ?|         ?|    ?|    ?|       no|
        |kernel_poisson_kernel_stencil_PE_45_U0  |kernel_poisson_kernel_stencil_PE_45  |        ?|        ?|         ?|         ?|    ?|    ?|       no|
        |kernel_poisson_kernel_stencil_PE_46_U0  |kernel_poisson_kernel_stencil_PE_46  |        ?|        ?|         ?|         ?|    ?|    ?|       no|
        |kernel_poisson_kernel_stencil_PE_47_U0  |kernel_poisson_kernel_stencil_PE_47  |        ?|        ?|         ?|         ?|    ?|    ?|       no|
        |kernel_poisson_kernel_stencil_PE_48_U0  |kernel_poisson_kernel_stencil_PE_48  |        ?|        ?|         ?|         ?|    ?|    ?|       no|
        |kernel_poisson_kernel_stencil_PE_49_U0  |kernel_poisson_kernel_stencil_PE_49  |        ?|        ?|         ?|         ?|    ?|    ?|       no|
        |kernel_poisson_kernel_stencil_PE_50_U0  |kernel_poisson_kernel_stencil_PE_50  |        ?|        ?|         ?|         ?|    ?|    ?|       no|
        |kernel_poisson_kernel_stencil_PE_51_U0  |kernel_poisson_kernel_stencil_PE_51  |        ?|        ?|         ?|         ?|    ?|    ?|       no|
        |kernel_poisson_kernel_stencil_PE_52_U0  |kernel_poisson_kernel_stencil_PE_52  |        ?|        ?|         ?|         ?|    ?|    ?|       no|
        |kernel_poisson_kernel_stencil_PE_53_U0  |kernel_poisson_kernel_stencil_PE_53  |        ?|        ?|         ?|         ?|    ?|    ?|       no|
        |kernel_poisson_kernel_stencil_PE_54_U0  |kernel_poisson_kernel_stencil_PE_54  |        ?|        ?|         ?|         ?|    ?|    ?|       no|
        |stream2axis_256u_U0                     |stream2axis_256u_s                   |        ?|        ?|         ?|         ?|    ?|    ?|       no|
        +----------------------------------------+-------------------------------------+---------+---------+----------+----------+-----+-----+---------+

        * Loop: 
        N/A



================================================================
== Utilization Estimates
================================================================
* Summary: 
+-----------------+---------+------+---------+--------+-----+
|       Name      | BRAM_18K|  DSP |    FF   |   LUT  | URAM|
+-----------------+---------+------+---------+--------+-----+
|DSP              |        -|     -|        -|       -|    -|
|Expression       |        -|     -|        0|      12|    -|
|FIFO             |        0|     -|    59614|   30829|    -|
|Instance         |      440|  1870|   376516|  248662|  220|
|Memory           |        -|     -|        -|       -|    -|
|Multiplexer      |        -|     -|        -|       4|    -|
|Register         |        -|     -|        2|       -|    -|
+-----------------+---------+------+---------+--------+-----+
|Total            |      440|  1870|   436132|  279507|  220|
+-----------------+---------+------+---------+--------+-----+
|Available        |     1934|  1968|  1799680|  899840|  463|
+-----------------+---------+------+---------+--------+-----+
|Utilization (%)  |       22|    95|       24|      31|   47|
+-----------------+---------+------+---------+--------+-----+

+ Detail: 
    * Instance: 
    +----------------------------------------+-------------------------------------+---------+----+------+------+-----+
    |                Instance                |                Module               | BRAM_18K| DSP|  FF  |  LUT | URAM|
    +----------------------------------------+-------------------------------------+---------+----+------+------+-----+
    |axis2stream_256u_U0                     |axis2stream_256u_s                   |        0|   0|   297|   140|    0|
    |entry_proc_U0                           |entry_proc                           |        0|   0|     3|    22|    0|
    |kernel_poisson_kernel_stencil_PE_U0     |kernel_poisson_kernel_stencil_PE     |        8|  34|  6839|  4516|    4|
    |kernel_poisson_kernel_stencil_PE_1_U0   |kernel_poisson_kernel_stencil_PE_1   |        8|  34|  6839|  4516|    4|
    |kernel_poisson_kernel_stencil_PE_10_U0  |kernel_poisson_kernel_stencil_PE_10  |        8|  34|  6839|  4516|    4|
    |kernel_poisson_kernel_stencil_PE_11_U0  |kernel_poisson_kernel_stencil_PE_11  |        8|  34|  6839|  4516|    4|
    |kernel_poisson_kernel_stencil_PE_12_U0  |kernel_poisson_kernel_stencil_PE_12  |        8|  34|  6839|  4516|    4|
    |kernel_poisson_kernel_stencil_PE_13_U0  |kernel_poisson_kernel_stencil_PE_13  |        8|  34|  6839|  4516|    4|
    |kernel_poisson_kernel_stencil_PE_14_U0  |kernel_poisson_kernel_stencil_PE_14  |        8|  34|  6839|  4516|    4|
    |kernel_poisson_kernel_stencil_PE_15_U0  |kernel_poisson_kernel_stencil_PE_15  |        8|  34|  6839|  4516|    4|
    |kernel_poisson_kernel_stencil_PE_16_U0  |kernel_poisson_kernel_stencil_PE_16  |        8|  34|  6839|  4516|    4|
    |kernel_poisson_kernel_stencil_PE_17_U0  |kernel_poisson_kernel_stencil_PE_17  |        8|  34|  6839|  4516|    4|
    |kernel_poisson_kernel_stencil_PE_18_U0  |kernel_poisson_kernel_stencil_PE_18  |        8|  34|  6839|  4516|    4|
    |kernel_poisson_kernel_stencil_PE_19_U0  |kernel_poisson_kernel_stencil_PE_19  |        8|  34|  6839|  4516|    4|
    |kernel_poisson_kernel_stencil_PE_2_U0   |kernel_poisson_kernel_stencil_PE_2   |        8|  34|  6839|  4516|    4|
    |kernel_poisson_kernel_stencil_PE_20_U0  |kernel_poisson_kernel_stencil_PE_20  |        8|  34|  6839|  4516|    4|
    |kernel_poisson_kernel_stencil_PE_21_U0  |kernel_poisson_kernel_stencil_PE_21  |        8|  34|  6839|  4516|    4|
    |kernel_poisson_kernel_stencil_PE_22_U0  |kernel_poisson_kernel_stencil_PE_22  |        8|  34|  6839|  4516|    4|
    |kernel_poisson_kernel_stencil_PE_23_U0  |kernel_poisson_kernel_stencil_PE_23  |        8|  34|  6839|  4516|    4|
    |kernel_poisson_kernel_stencil_PE_24_U0  |kernel_poisson_kernel_stencil_PE_24  |        8|  34|  6839|  4516|    4|
    |kernel_poisson_kernel_stencil_PE_25_U0  |kernel_poisson_kernel_stencil_PE_25  |        8|  34|  6839|  4516|    4|
    |kernel_poisson_kernel_stencil_PE_26_U0  |kernel_poisson_kernel_stencil_PE_26  |        8|  34|  6839|  4516|    4|
    |kernel_poisson_kernel_stencil_PE_27_U0  |kernel_poisson_kernel_stencil_PE_27  |        8|  34|  6839|  4516|    4|
    |kernel_poisson_kernel_stencil_PE_28_U0  |kernel_poisson_kernel_stencil_PE_28  |        8|  34|  6839|  4516|    4|
    |kernel_poisson_kernel_stencil_PE_29_U0  |kernel_poisson_kernel_stencil_PE_29  |        8|  34|  6839|  4516|    4|
    |kernel_poisson_kernel_stencil_PE_3_U0   |kernel_poisson_kernel_stencil_PE_3   |        8|  34|  6839|  4516|    4|
    |kernel_poisson_kernel_stencil_PE_30_U0  |kernel_poisson_kernel_stencil_PE_30  |        8|  34|  6839|  4516|    4|
    |kernel_poisson_kernel_stencil_PE_31_U0  |kernel_poisson_kernel_stencil_PE_31  |        8|  34|  6839|  4516|    4|
    |kernel_poisson_kernel_stencil_PE_32_U0  |kernel_poisson_kernel_stencil_PE_32  |        8|  34|  6839|  4516|    4|
    |kernel_poisson_kernel_stencil_PE_33_U0  |kernel_poisson_kernel_stencil_PE_33  |        8|  34|  6839|  4516|    4|
    |kernel_poisson_kernel_stencil_PE_34_U0  |kernel_poisson_kernel_stencil_PE_34  |        8|  34|  6839|  4516|    4|
    |kernel_poisson_kernel_stencil_PE_35_U0  |kernel_poisson_kernel_stencil_PE_35  |        8|  34|  6839|  4516|    4|
    |kernel_poisson_kernel_stencil_PE_36_U0  |kernel_poisson_kernel_stencil_PE_36  |        8|  34|  6839|  4516|    4|
    |kernel_poisson_kernel_stencil_PE_37_U0  |kernel_poisson_kernel_stencil_PE_37  |        8|  34|  6839|  4516|    4|
    |kernel_poisson_kernel_stencil_PE_38_U0  |kernel_poisson_kernel_stencil_PE_38  |        8|  34|  6839|  4516|    4|
    |kernel_poisson_kernel_stencil_PE_39_U0  |kernel_poisson_kernel_stencil_PE_39  |        8|  34|  6839|  4516|    4|
    |kernel_poisson_kernel_stencil_PE_4_U0   |kernel_poisson_kernel_stencil_PE_4   |        8|  34|  6839|  4516|    4|
    |kernel_poisson_kernel_stencil_PE_40_U0  |kernel_poisson_kernel_stencil_PE_40  |        8|  34|  6839|  4516|    4|
    |kernel_poisson_kernel_stencil_PE_41_U0  |kernel_poisson_kernel_stencil_PE_41  |        8|  34|  6839|  4516|    4|
    |kernel_poisson_kernel_stencil_PE_42_U0  |kernel_poisson_kernel_stencil_PE_42  |        8|  34|  6839|  4516|    4|
    |kernel_poisson_kernel_stencil_PE_43_U0  |kernel_poisson_kernel_stencil_PE_43  |        8|  34|  6839|  4516|    4|
    |kernel_poisson_kernel_stencil_PE_44_U0  |kernel_poisson_kernel_stencil_PE_44  |        8|  34|  6839|  4516|    4|
    |kernel_poisson_kernel_stencil_PE_45_U0  |kernel_poisson_kernel_stencil_PE_45  |        8|  34|  6839|  4516|    4|
    |kernel_poisson_kernel_stencil_PE_46_U0  |kernel_poisson_kernel_stencil_PE_46  |        8|  34|  6839|  4516|    4|
    |kernel_poisson_kernel_stencil_PE_47_U0  |kernel_poisson_kernel_stencil_PE_47  |        8|  34|  6839|  4516|    4|
    |kernel_poisson_kernel_stencil_PE_48_U0  |kernel_poisson_kernel_stencil_PE_48  |        8|  34|  6839|  4516|    4|
    |kernel_poisson_kernel_stencil_PE_49_U0  |kernel_poisson_kernel_stencil_PE_49  |        8|  34|  6839|  4516|    4|
    |kernel_poisson_kernel_stencil_PE_5_U0   |kernel_poisson_kernel_stencil_PE_5   |        8|  34|  6839|  4516|    4|
    |kernel_poisson_kernel_stencil_PE_50_U0  |kernel_poisson_kernel_stencil_PE_50  |        8|  34|  6839|  4516|    4|
    |kernel_poisson_kernel_stencil_PE_51_U0  |kernel_poisson_kernel_stencil_PE_51  |        8|  34|  6839|  4516|    4|
    |kernel_poisson_kernel_stencil_PE_52_U0  |kernel_poisson_kernel_stencil_PE_52  |        8|  34|  6839|  4516|    4|
    |kernel_poisson_kernel_stencil_PE_53_U0  |kernel_poisson_kernel_stencil_PE_53  |        8|  34|  6839|  4516|    4|
    |kernel_poisson_kernel_stencil_PE_54_U0  |kernel_poisson_kernel_stencil_PE_54  |        8|  34|  6838|  4498|    4|
    |kernel_poisson_kernel_stencil_PE_6_U0   |kernel_poisson_kernel_stencil_PE_6   |        8|  34|  6839|  4516|    4|
    |kernel_poisson_kernel_stencil_PE_7_U0   |kernel_poisson_kernel_stencil_PE_7   |        8|  34|  6839|  4516|    4|
    |kernel_poisson_kernel_stencil_PE_8_U0   |kernel_poisson_kernel_stencil_PE_8   |        8|  34|  6839|  4516|    4|
    |kernel_poisson_kernel_stencil_PE_9_U0   |kernel_poisson_kernel_stencil_PE_9   |        8|  34|  6839|  4516|    4|
    |stream2axis_256u_U0                     |stream2axis_256u_s                   |        0|   0|    72|   138|    0|
    +----------------------------------------+-------------------------------------+---------+----+------+------+-----+
    |Total                                   |                                     |      440|1870|376516|248662|  220|
    +----------------------------------------+-------------------------------------+---------+----+------+------+-----+

    * DSP: 
    N/A

    * Memory: 
    N/A

    * FIFO: 
    +---------------------------------------+---------+-----+----+-----+------+-----+---------+
    |                  Name                 | BRAM_18K|  FF | LUT| URAM| Depth| Bits| Size:D*B|
    +---------------------------------------+---------+-----+----+-----+------+-----+---------+
    |arg0_arg1_streams_0_U                  |        0|  784|   0|    -|    10|  256|     2560|
    |arg0_arg1_streams_10_U                 |        0|  784|   0|    -|    10|  256|     2560|
    |arg0_arg1_streams_11_U                 |        0|  784|   0|    -|    10|  256|     2560|
    |arg0_arg1_streams_12_U                 |        0|  784|   0|    -|    10|  256|     2560|
    |arg0_arg1_streams_13_U                 |        0|  784|   0|    -|    10|  256|     2560|
    |arg0_arg1_streams_14_U                 |        0|  784|   0|    -|    10|  256|     2560|
    |arg0_arg1_streams_15_U                 |        0|  784|   0|    -|    10|  256|     2560|
    |arg0_arg1_streams_16_U                 |        0|  784|   0|    -|    10|  256|     2560|
    |arg0_arg1_streams_17_U                 |        0|  784|   0|    -|    10|  256|     2560|
    |arg0_arg1_streams_18_U                 |        0|  784|   0|    -|    10|  256|     2560|
    |arg0_arg1_streams_19_U                 |        0|  784|   0|    -|    10|  256|     2560|
    |arg0_arg1_streams_1_U                  |        0|  784|   0|    -|    10|  256|     2560|
    |arg0_arg1_streams_20_U                 |        0|  784|   0|    -|    10|  256|     2560|
    |arg0_arg1_streams_21_U                 |        0|  784|   0|    -|    10|  256|     2560|
    |arg0_arg1_streams_22_U                 |        0|  784|   0|    -|    10|  256|     2560|
    |arg0_arg1_streams_23_U                 |        0|  784|   0|    -|    10|  256|     2560|
    |arg0_arg1_streams_24_U                 |        0|  784|   0|    -|    10|  256|     2560|
    |arg0_arg1_streams_25_U                 |        0|  784|   0|    -|    10|  256|     2560|
    |arg0_arg1_streams_26_U                 |        0|  784|   0|    -|    10|  256|     2560|
    |arg0_arg1_streams_27_U                 |        0|  784|   0|    -|    10|  256|     2560|
    |arg0_arg1_streams_28_U                 |        0|  784|   0|    -|    10|  256|     2560|
    |arg0_arg1_streams_29_U                 |        0|  784|   0|    -|    10|  256|     2560|
    |arg0_arg1_streams_2_U                  |        0|  784|   0|    -|    10|  256|     2560|
    |arg0_arg1_streams_30_U                 |        0|  784|   0|    -|    10|  256|     2560|
    |arg0_arg1_streams_31_U                 |        0|  784|   0|    -|    10|  256|     2560|
    |arg0_arg1_streams_32_U                 |        0|  784|   0|    -|    10|  256|     2560|
    |arg0_arg1_streams_33_U                 |        0|  784|   0|    -|    10|  256|     2560|
    |arg0_arg1_streams_34_U                 |        0|  784|   0|    -|    10|  256|     2560|
    |arg0_arg1_streams_35_U                 |        0|  784|   0|    -|    10|  256|     2560|
    |arg0_arg1_streams_36_U                 |        0|  784|   0|    -|    10|  256|     2560|
    |arg0_arg1_streams_37_U                 |        0|  784|   0|    -|    10|  256|     2560|
    |arg0_arg1_streams_38_U                 |        0|  784|   0|    -|    10|  256|     2560|
    |arg0_arg1_streams_39_U                 |        0|  784|   0|    -|    10|  256|     2560|
    |arg0_arg1_streams_3_U                  |        0|  784|   0|    -|    10|  256|     2560|
    |arg0_arg1_streams_40_U                 |        0|  784|   0|    -|    10|  256|     2560|
    |arg0_arg1_streams_41_U                 |        0|  784|   0|    -|    10|  256|     2560|
    |arg0_arg1_streams_42_U                 |        0|  784|   0|    -|    10|  256|     2560|
    |arg0_arg1_streams_43_U                 |        0|  784|   0|    -|    10|  256|     2560|
    |arg0_arg1_streams_44_U                 |        0|  784|   0|    -|    10|  256|     2560|
    |arg0_arg1_streams_45_U                 |        0|  784|   0|    -|    10|  256|     2560|
    |arg0_arg1_streams_46_U                 |        0|  784|   0|    -|    10|  256|     2560|
    |arg0_arg1_streams_47_U                 |        0|  784|   0|    -|    10|  256|     2560|
    |arg0_arg1_streams_48_U                 |        0|  784|   0|    -|    10|  256|     2560|
    |arg0_arg1_streams_49_U                 |        0|  784|   0|    -|    10|  256|     2560|
    |arg0_arg1_streams_4_U                  |        0|  784|   0|    -|    10|  256|     2560|
    |arg0_arg1_streams_50_U                 |        0|  784|   0|    -|    10|  256|     2560|
    |arg0_arg1_streams_51_U                 |        0|  784|   0|    -|    10|  256|     2560|
    |arg0_arg1_streams_52_U                 |        0|  784|   0|    -|    10|  256|     2560|
    |arg0_arg1_streams_53_U                 |        0|  784|   0|    -|    10|  256|     2560|
    |arg0_arg1_streams_54_U                 |        0|  784|   0|    -|    10|  256|     2560|
    |arg0_arg1_streams_55_U                 |        0|  784|   0|    -|    10|  256|     2560|
    |arg0_arg1_streams_5_U                  |        0|  784|   0|    -|    10|  256|     2560|
    |arg0_arg1_streams_6_U                  |        0|  784|   0|    -|    10|  256|     2560|
    |arg0_arg1_streams_7_U                  |        0|  784|   0|    -|    10|  256|     2560|
    |arg0_arg1_streams_8_U                  |        0|  784|   0|    -|    10|  256|     2560|
    |arg0_arg1_streams_9_U                  |        0|  784|   0|    -|    10|  256|     2560|
    |num_pkts_c_U                           |        0|  118|   0|    -|    57|   32|     1824|
    |stencilConfig_batch_size_c495_U        |        0|   36|   0|    -|     2|   16|       32|
    |stencilConfig_batch_size_c496_U        |        0|   36|   0|    -|     2|   16|       32|
    |stencilConfig_batch_size_c497_U        |        0|   36|   0|    -|     2|   16|       32|
    |stencilConfig_batch_size_c498_U        |        0|   36|   0|    -|     2|   16|       32|
    |stencilConfig_batch_size_c499_U        |        0|   36|   0|    -|     2|   16|       32|
    |stencilConfig_batch_size_c500_U        |        0|   36|   0|    -|     2|   16|       32|
    |stencilConfig_batch_size_c501_U        |        0|   36|   0|    -|     2|   16|       32|
    |stencilConfig_batch_size_c502_U        |        0|   36|   0|    -|     2|   16|       32|
    |stencilConfig_batch_size_c503_U        |        0|   36|   0|    -|     2|   16|       32|
    |stencilConfig_batch_size_c504_U        |        0|   36|   0|    -|     2|   16|       32|
    |stencilConfig_batch_size_c505_U        |        0|   36|   0|    -|     2|   16|       32|
    |stencilConfig_batch_size_c506_U        |        0|   36|   0|    -|     2|   16|       32|
    |stencilConfig_batch_size_c507_U        |        0|   36|   0|    -|     2|   16|       32|
    |stencilConfig_batch_size_c508_U        |        0|   36|   0|    -|     2|   16|       32|
    |stencilConfig_batch_size_c509_U        |        0|   36|   0|    -|     2|   16|       32|
    |stencilConfig_batch_size_c510_U        |        0|   36|   0|    -|     2|   16|       32|
    |stencilConfig_batch_size_c511_U        |        0|   36|   0|    -|     2|   16|       32|
    |stencilConfig_batch_size_c512_U        |        0|   36|   0|    -|     2|   16|       32|
    |stencilConfig_batch_size_c513_U        |        0|   36|   0|    -|     2|   16|       32|
    |stencilConfig_batch_size_c514_U        |        0|   36|   0|    -|     2|   16|       32|
    |stencilConfig_batch_size_c515_U        |        0|   36|   0|    -|     2|   16|       32|
    |stencilConfig_batch_size_c516_U        |        0|   36|   0|    -|     2|   16|       32|
    |stencilConfig_batch_size_c517_U        |        0|   36|   0|    -|     2|   16|       32|
    |stencilConfig_batch_size_c518_U        |        0|   36|   0|    -|     2|   16|       32|
    |stencilConfig_batch_size_c519_U        |        0|   36|   0|    -|     2|   16|       32|
    |stencilConfig_batch_size_c520_U        |        0|   36|   0|    -|     2|   16|       32|
    |stencilConfig_batch_size_c521_U        |        0|   36|   0|    -|     2|   16|       32|
    |stencilConfig_batch_size_c522_U        |        0|   36|   0|    -|     2|   16|       32|
    |stencilConfig_batch_size_c523_U        |        0|   36|   0|    -|     2|   16|       32|
    |stencilConfig_batch_size_c524_U        |        0|   36|   0|    -|     2|   16|       32|
    |stencilConfig_batch_size_c525_U        |        0|   36|   0|    -|     2|   16|       32|
    |stencilConfig_batch_size_c526_U        |        0|   36|   0|    -|     2|   16|       32|
    |stencilConfig_batch_size_c527_U        |        0|   36|   0|    -|     2|   16|       32|
    |stencilConfig_batch_size_c528_U        |        0|   36|   0|    -|     2|   16|       32|
    |stencilConfig_batch_size_c529_U        |        0|   36|   0|    -|     2|   16|       32|
    |stencilConfig_batch_size_c530_U        |        0|   36|   0|    -|     2|   16|       32|
    |stencilConfig_batch_size_c531_U        |        0|   36|   0|    -|     2|   16|       32|
    |stencilConfig_batch_size_c532_U        |        0|   36|   0|    -|     2|   16|       32|
    |stencilConfig_batch_size_c533_U        |        0|   36|   0|    -|     2|   16|       32|
    |stencilConfig_batch_size_c534_U        |        0|   36|   0|    -|     2|   16|       32|
    |stencilConfig_batch_size_c535_U        |        0|   36|   0|    -|     2|   16|       32|
    |stencilConfig_batch_size_c536_U        |        0|   36|   0|    -|     2|   16|       32|
    |stencilConfig_batch_size_c537_U        |        0|   36|   0|    -|     2|   16|       32|
    |stencilConfig_batch_size_c538_U        |        0|   36|   0|    -|     2|   16|       32|
    |stencilConfig_batch_size_c539_U        |        0|   36|   0|    -|     2|   16|       32|
    |stencilConfig_batch_size_c540_U        |        0|   36|   0|    -|     2|   16|       32|
    |stencilConfig_batch_size_c541_U        |        0|   36|   0|    -|     2|   16|       32|
    |stencilConfig_batch_size_c542_U        |        0|   36|   0|    -|     2|   16|       32|
    |stencilConfig_batch_size_c543_U        |        0|   36|   0|    -|     2|   16|       32|
    |stencilConfig_batch_size_c544_U        |        0|   36|   0|    -|     2|   16|       32|
    |stencilConfig_batch_size_c545_U        |        0|   36|   0|    -|     2|   16|       32|
    |stencilConfig_batch_size_c546_U        |        0|   36|   0|    -|     2|   16|       32|
    |stencilConfig_batch_size_c547_U        |        0|   36|   0|    -|     2|   16|       32|
    |stencilConfig_batch_size_c548_U        |        0|    5|   0|    -|     3|   16|       48|
    |stencilConfig_batch_size_c_U           |        0|   36|   0|    -|     2|   16|       32|
    |stencilConfig_grid_size_0_c117_U       |        0|   36|   0|    -|     2|   16|       32|
    |stencilConfig_grid_size_0_c118_U       |        0|   36|   0|    -|     2|   16|       32|
    |stencilConfig_grid_size_0_c119_U       |        0|   36|   0|    -|     2|   16|       32|
    |stencilConfig_grid_size_0_c120_U       |        0|   36|   0|    -|     2|   16|       32|
    |stencilConfig_grid_size_0_c121_U       |        0|   36|   0|    -|     2|   16|       32|
    |stencilConfig_grid_size_0_c122_U       |        0|   36|   0|    -|     2|   16|       32|
    |stencilConfig_grid_size_0_c123_U       |        0|   36|   0|    -|     2|   16|       32|
    |stencilConfig_grid_size_0_c124_U       |        0|   36|   0|    -|     2|   16|       32|
    |stencilConfig_grid_size_0_c125_U       |        0|   36|   0|    -|     2|   16|       32|
    |stencilConfig_grid_size_0_c126_U       |        0|   36|   0|    -|     2|   16|       32|
    |stencilConfig_grid_size_0_c127_U       |        0|   36|   0|    -|     2|   16|       32|
    |stencilConfig_grid_size_0_c128_U       |        0|   36|   0|    -|     2|   16|       32|
    |stencilConfig_grid_size_0_c129_U       |        0|   36|   0|    -|     2|   16|       32|
    |stencilConfig_grid_size_0_c130_U       |        0|   36|   0|    -|     2|   16|       32|
    |stencilConfig_grid_size_0_c131_U       |        0|   36|   0|    -|     2|   16|       32|
    |stencilConfig_grid_size_0_c132_U       |        0|   36|   0|    -|     2|   16|       32|
    |stencilConfig_grid_size_0_c133_U       |        0|   36|   0|    -|     2|   16|       32|
    |stencilConfig_grid_size_0_c134_U       |        0|   36|   0|    -|     2|   16|       32|
    |stencilConfig_grid_size_0_c135_U       |        0|   36|   0|    -|     2|   16|       32|
    |stencilConfig_grid_size_0_c136_U       |        0|   36|   0|    -|     2|   16|       32|
    |stencilConfig_grid_size_0_c137_U       |        0|   36|   0|    -|     2|   16|       32|
    |stencilConfig_grid_size_0_c138_U       |        0|   36|   0|    -|     2|   16|       32|
    |stencilConfig_grid_size_0_c139_U       |        0|   36|   0|    -|     2|   16|       32|
    |stencilConfig_grid_size_0_c140_U       |        0|   36|   0|    -|     2|   16|       32|
    |stencilConfig_grid_size_0_c141_U       |        0|   36|   0|    -|     2|   16|       32|
    |stencilConfig_grid_size_0_c142_U       |        0|   36|   0|    -|     2|   16|       32|
    |stencilConfig_grid_size_0_c143_U       |        0|   36|   0|    -|     2|   16|       32|
    |stencilConfig_grid_size_0_c144_U       |        0|   36|   0|    -|     2|   16|       32|
    |stencilConfig_grid_size_0_c145_U       |        0|   36|   0|    -|     2|   16|       32|
    |stencilConfig_grid_size_0_c146_U       |        0|   36|   0|    -|     2|   16|       32|
    |stencilConfig_grid_size_0_c147_U       |        0|   36|   0|    -|     2|   16|       32|
    |stencilConfig_grid_size_0_c148_U       |        0|   36|   0|    -|     2|   16|       32|
    |stencilConfig_grid_size_0_c149_U       |        0|   36|   0|    -|     2|   16|       32|
    |stencilConfig_grid_size_0_c150_U       |        0|   36|   0|    -|     2|   16|       32|
    |stencilConfig_grid_size_0_c151_U       |        0|   36|   0|    -|     2|   16|       32|
    |stencilConfig_grid_size_0_c152_U       |        0|   36|   0|    -|     2|   16|       32|
    |stencilConfig_grid_size_0_c153_U       |        0|   36|   0|    -|     2|   16|       32|
    |stencilConfig_grid_size_0_c154_U       |        0|   36|   0|    -|     2|   16|       32|
    |stencilConfig_grid_size_0_c155_U       |        0|   36|   0|    -|     2|   16|       32|
    |stencilConfig_grid_size_0_c156_U       |        0|   36|   0|    -|     2|   16|       32|
    |stencilConfig_grid_size_0_c157_U       |        0|   36|   0|    -|     2|   16|       32|
    |stencilConfig_grid_size_0_c158_U       |        0|   36|   0|    -|     2|   16|       32|
    |stencilConfig_grid_size_0_c159_U       |        0|   36|   0|    -|     2|   16|       32|
    |stencilConfig_grid_size_0_c160_U       |        0|   36|   0|    -|     2|   16|       32|
    |stencilConfig_grid_size_0_c161_U       |        0|   36|   0|    -|     2|   16|       32|
    |stencilConfig_grid_size_0_c162_U       |        0|   36|   0|    -|     2|   16|       32|
    |stencilConfig_grid_size_0_c163_U       |        0|   36|   0|    -|     2|   16|       32|
    |stencilConfig_grid_size_0_c164_U       |        0|   36|   0|    -|     2|   16|       32|
    |stencilConfig_grid_size_0_c165_U       |        0|   36|   0|    -|     2|   16|       32|
    |stencilConfig_grid_size_0_c166_U       |        0|   36|   0|    -|     2|   16|       32|
    |stencilConfig_grid_size_0_c167_U       |        0|   36|   0|    -|     2|   16|       32|
    |stencilConfig_grid_size_0_c168_U       |        0|   36|   0|    -|     2|   16|       32|
    |stencilConfig_grid_size_0_c169_U       |        0|   36|   0|    -|     2|   16|       32|
    |stencilConfig_grid_size_0_c170_U       |        0|    5|   0|    -|     3|   16|       48|
    |stencilConfig_grid_size_0_c_U          |        0|   36|   0|    -|     2|   16|       32|
    |stencilConfig_grid_size_1_c171_U       |        0|   36|   0|    -|     2|   16|       32|
    |stencilConfig_grid_size_1_c172_U       |        0|   36|   0|    -|     2|   16|       32|
    |stencilConfig_grid_size_1_c173_U       |        0|   36|   0|    -|     2|   16|       32|
    |stencilConfig_grid_size_1_c174_U       |        0|   36|   0|    -|     2|   16|       32|
    |stencilConfig_grid_size_1_c175_U       |        0|   36|   0|    -|     2|   16|       32|
    |stencilConfig_grid_size_1_c176_U       |        0|   36|   0|    -|     2|   16|       32|
    |stencilConfig_grid_size_1_c177_U       |        0|   36|   0|    -|     2|   16|       32|
    |stencilConfig_grid_size_1_c178_U       |        0|   36|   0|    -|     2|   16|       32|
    |stencilConfig_grid_size_1_c179_U       |        0|   36|   0|    -|     2|   16|       32|
    |stencilConfig_grid_size_1_c180_U       |        0|   36|   0|    -|     2|   16|       32|
    |stencilConfig_grid_size_1_c181_U       |        0|   36|   0|    -|     2|   16|       32|
    |stencilConfig_grid_size_1_c182_U       |        0|   36|   0|    -|     2|   16|       32|
    |stencilConfig_grid_size_1_c183_U       |        0|   36|   0|    -|     2|   16|       32|
    |stencilConfig_grid_size_1_c184_U       |        0|   36|   0|    -|     2|   16|       32|
    |stencilConfig_grid_size_1_c185_U       |        0|   36|   0|    -|     2|   16|       32|
    |stencilConfig_grid_size_1_c186_U       |        0|   36|   0|    -|     2|   16|       32|
    |stencilConfig_grid_size_1_c187_U       |        0|   36|   0|    -|     2|   16|       32|
    |stencilConfig_grid_size_1_c188_U       |        0|   36|   0|    -|     2|   16|       32|
    |stencilConfig_grid_size_1_c189_U       |        0|   36|   0|    -|     2|   16|       32|
    |stencilConfig_grid_size_1_c190_U       |        0|   36|   0|    -|     2|   16|       32|
    |stencilConfig_grid_size_1_c191_U       |        0|   36|   0|    -|     2|   16|       32|
    |stencilConfig_grid_size_1_c192_U       |        0|   36|   0|    -|     2|   16|       32|
    |stencilConfig_grid_size_1_c193_U       |        0|   36|   0|    -|     2|   16|       32|
    |stencilConfig_grid_size_1_c194_U       |        0|   36|   0|    -|     2|   16|       32|
    |stencilConfig_grid_size_1_c195_U       |        0|   36|   0|    -|     2|   16|       32|
    |stencilConfig_grid_size_1_c196_U       |        0|   36|   0|    -|     2|   16|       32|
    |stencilConfig_grid_size_1_c197_U       |        0|   36|   0|    -|     2|   16|       32|
    |stencilConfig_grid_size_1_c198_U       |        0|   36|   0|    -|     2|   16|       32|
    |stencilConfig_grid_size_1_c199_U       |        0|   36|   0|    -|     2|   16|       32|
    |stencilConfig_grid_size_1_c200_U       |        0|   36|   0|    -|     2|   16|       32|
    |stencilConfig_grid_size_1_c201_U       |        0|   36|   0|    -|     2|   16|       32|
    |stencilConfig_grid_size_1_c202_U       |        0|   36|   0|    -|     2|   16|       32|
    |stencilConfig_grid_size_1_c203_U       |        0|   36|   0|    -|     2|   16|       32|
    |stencilConfig_grid_size_1_c204_U       |        0|   36|   0|    -|     2|   16|       32|
    |stencilConfig_grid_size_1_c205_U       |        0|   36|   0|    -|     2|   16|       32|
    |stencilConfig_grid_size_1_c206_U       |        0|   36|   0|    -|     2|   16|       32|
    |stencilConfig_grid_size_1_c207_U       |        0|   36|   0|    -|     2|   16|       32|
    |stencilConfig_grid_size_1_c208_U       |        0|   36|   0|    -|     2|   16|       32|
    |stencilConfig_grid_size_1_c209_U       |        0|   36|   0|    -|     2|   16|       32|
    |stencilConfig_grid_size_1_c210_U       |        0|   36|   0|    -|     2|   16|       32|
    |stencilConfig_grid_size_1_c211_U       |        0|   36|   0|    -|     2|   16|       32|
    |stencilConfig_grid_size_1_c212_U       |        0|   36|   0|    -|     2|   16|       32|
    |stencilConfig_grid_size_1_c213_U       |        0|   36|   0|    -|     2|   16|       32|
    |stencilConfig_grid_size_1_c214_U       |        0|   36|   0|    -|     2|   16|       32|
    |stencilConfig_grid_size_1_c215_U       |        0|   36|   0|    -|     2|   16|       32|
    |stencilConfig_grid_size_1_c216_U       |        0|   36|   0|    -|     2|   16|       32|
    |stencilConfig_grid_size_1_c217_U       |        0|   36|   0|    -|     2|   16|       32|
    |stencilConfig_grid_size_1_c218_U       |        0|   36|   0|    -|     2|   16|       32|
    |stencilConfig_grid_size_1_c219_U       |        0|   36|   0|    -|     2|   16|       32|
    |stencilConfig_grid_size_1_c220_U       |        0|   36|   0|    -|     2|   16|       32|
    |stencilConfig_grid_size_1_c221_U       |        0|   36|   0|    -|     2|   16|       32|
    |stencilConfig_grid_size_1_c222_U       |        0|   36|   0|    -|     2|   16|       32|
    |stencilConfig_grid_size_1_c223_U       |        0|   36|   0|    -|     2|   16|       32|
    |stencilConfig_grid_size_1_c224_U       |        0|    5|   0|    -|     3|   16|       48|
    |stencilConfig_grid_size_1_c_U          |        0|   36|   0|    -|     2|   16|       32|
    |stencilConfig_lower_limit_0_c225_U     |        0|   36|   0|    -|     2|   16|       32|
    |stencilConfig_lower_limit_0_c226_U     |        0|   36|   0|    -|     2|   16|       32|
    |stencilConfig_lower_limit_0_c227_U     |        0|   36|   0|    -|     2|   16|       32|
    |stencilConfig_lower_limit_0_c228_U     |        0|   36|   0|    -|     2|   16|       32|
    |stencilConfig_lower_limit_0_c229_U     |        0|   36|   0|    -|     2|   16|       32|
    |stencilConfig_lower_limit_0_c230_U     |        0|   36|   0|    -|     2|   16|       32|
    |stencilConfig_lower_limit_0_c231_U     |        0|   36|   0|    -|     2|   16|       32|
    |stencilConfig_lower_limit_0_c232_U     |        0|   36|   0|    -|     2|   16|       32|
    |stencilConfig_lower_limit_0_c233_U     |        0|   36|   0|    -|     2|   16|       32|
    |stencilConfig_lower_limit_0_c234_U     |        0|   36|   0|    -|     2|   16|       32|
    |stencilConfig_lower_limit_0_c235_U     |        0|   36|   0|    -|     2|   16|       32|
    |stencilConfig_lower_limit_0_c236_U     |        0|   36|   0|    -|     2|   16|       32|
    |stencilConfig_lower_limit_0_c237_U     |        0|   36|   0|    -|     2|   16|       32|
    |stencilConfig_lower_limit_0_c238_U     |        0|   36|   0|    -|     2|   16|       32|
    |stencilConfig_lower_limit_0_c239_U     |        0|   36|   0|    -|     2|   16|       32|
    |stencilConfig_lower_limit_0_c240_U     |        0|   36|   0|    -|     2|   16|       32|
    |stencilConfig_lower_limit_0_c241_U     |        0|   36|   0|    -|     2|   16|       32|
    |stencilConfig_lower_limit_0_c242_U     |        0|   36|   0|    -|     2|   16|       32|
    |stencilConfig_lower_limit_0_c243_U     |        0|   36|   0|    -|     2|   16|       32|
    |stencilConfig_lower_limit_0_c244_U     |        0|   36|   0|    -|     2|   16|       32|
    |stencilConfig_lower_limit_0_c245_U     |        0|   36|   0|    -|     2|   16|       32|
    |stencilConfig_lower_limit_0_c246_U     |        0|   36|   0|    -|     2|   16|       32|
    |stencilConfig_lower_limit_0_c247_U     |        0|   36|   0|    -|     2|   16|       32|
    |stencilConfig_lower_limit_0_c248_U     |        0|   36|   0|    -|     2|   16|       32|
    |stencilConfig_lower_limit_0_c249_U     |        0|   36|   0|    -|     2|   16|       32|
    |stencilConfig_lower_limit_0_c250_U     |        0|   36|   0|    -|     2|   16|       32|
    |stencilConfig_lower_limit_0_c251_U     |        0|   36|   0|    -|     2|   16|       32|
    |stencilConfig_lower_limit_0_c252_U     |        0|   36|   0|    -|     2|   16|       32|
    |stencilConfig_lower_limit_0_c253_U     |        0|   36|   0|    -|     2|   16|       32|
    |stencilConfig_lower_limit_0_c254_U     |        0|   36|   0|    -|     2|   16|       32|
    |stencilConfig_lower_limit_0_c255_U     |        0|   36|   0|    -|     2|   16|       32|
    |stencilConfig_lower_limit_0_c256_U     |        0|   36|   0|    -|     2|   16|       32|
    |stencilConfig_lower_limit_0_c257_U     |        0|   36|   0|    -|     2|   16|       32|
    |stencilConfig_lower_limit_0_c258_U     |        0|   36|   0|    -|     2|   16|       32|
    |stencilConfig_lower_limit_0_c259_U     |        0|   36|   0|    -|     2|   16|       32|
    |stencilConfig_lower_limit_0_c260_U     |        0|   36|   0|    -|     2|   16|       32|
    |stencilConfig_lower_limit_0_c261_U     |        0|   36|   0|    -|     2|   16|       32|
    |stencilConfig_lower_limit_0_c262_U     |        0|   36|   0|    -|     2|   16|       32|
    |stencilConfig_lower_limit_0_c263_U     |        0|   36|   0|    -|     2|   16|       32|
    |stencilConfig_lower_limit_0_c264_U     |        0|   36|   0|    -|     2|   16|       32|
    |stencilConfig_lower_limit_0_c265_U     |        0|   36|   0|    -|     2|   16|       32|
    |stencilConfig_lower_limit_0_c266_U     |        0|   36|   0|    -|     2|   16|       32|
    |stencilConfig_lower_limit_0_c267_U     |        0|   36|   0|    -|     2|   16|       32|
    |stencilConfig_lower_limit_0_c268_U     |        0|   36|   0|    -|     2|   16|       32|
    |stencilConfig_lower_limit_0_c269_U     |        0|   36|   0|    -|     2|   16|       32|
    |stencilConfig_lower_limit_0_c270_U     |        0|   36|   0|    -|     2|   16|       32|
    |stencilConfig_lower_limit_0_c271_U     |        0|   36|   0|    -|     2|   16|       32|
    |stencilConfig_lower_limit_0_c272_U     |        0|   36|   0|    -|     2|   16|       32|
    |stencilConfig_lower_limit_0_c273_U     |        0|   36|   0|    -|     2|   16|       32|
    |stencilConfig_lower_limit_0_c274_U     |        0|   36|   0|    -|     2|   16|       32|
    |stencilConfig_lower_limit_0_c275_U     |        0|   36|   0|    -|     2|   16|       32|
    |stencilConfig_lower_limit_0_c276_U     |        0|   36|   0|    -|     2|   16|       32|
    |stencilConfig_lower_limit_0_c277_U     |        0|   36|   0|    -|     2|   16|       32|
    |stencilConfig_lower_limit_0_c278_U     |        0|    5|   0|    -|     3|   16|       48|
    |stencilConfig_lower_limit_0_c_U        |        0|   36|   0|    -|     2|   16|       32|
    |stencilConfig_lower_limit_1_c279_U     |        0|   36|   0|    -|     2|   16|       32|
    |stencilConfig_lower_limit_1_c280_U     |        0|   36|   0|    -|     2|   16|       32|
    |stencilConfig_lower_limit_1_c281_U     |        0|   36|   0|    -|     2|   16|       32|
    |stencilConfig_lower_limit_1_c282_U     |        0|   36|   0|    -|     2|   16|       32|
    |stencilConfig_lower_limit_1_c283_U     |        0|   36|   0|    -|     2|   16|       32|
    |stencilConfig_lower_limit_1_c284_U     |        0|   36|   0|    -|     2|   16|       32|
    |stencilConfig_lower_limit_1_c285_U     |        0|   36|   0|    -|     2|   16|       32|
    |stencilConfig_lower_limit_1_c286_U     |        0|   36|   0|    -|     2|   16|       32|
    |stencilConfig_lower_limit_1_c287_U     |        0|   36|   0|    -|     2|   16|       32|
    |stencilConfig_lower_limit_1_c288_U     |        0|   36|   0|    -|     2|   16|       32|
    |stencilConfig_lower_limit_1_c289_U     |        0|   36|   0|    -|     2|   16|       32|
    |stencilConfig_lower_limit_1_c290_U     |        0|   36|   0|    -|     2|   16|       32|
    |stencilConfig_lower_limit_1_c291_U     |        0|   36|   0|    -|     2|   16|       32|
    |stencilConfig_lower_limit_1_c292_U     |        0|   36|   0|    -|     2|   16|       32|
    |stencilConfig_lower_limit_1_c293_U     |        0|   36|   0|    -|     2|   16|       32|
    |stencilConfig_lower_limit_1_c294_U     |        0|   36|   0|    -|     2|   16|       32|
    |stencilConfig_lower_limit_1_c295_U     |        0|   36|   0|    -|     2|   16|       32|
    |stencilConfig_lower_limit_1_c296_U     |        0|   36|   0|    -|     2|   16|       32|
    |stencilConfig_lower_limit_1_c297_U     |        0|   36|   0|    -|     2|   16|       32|
    |stencilConfig_lower_limit_1_c298_U     |        0|   36|   0|    -|     2|   16|       32|
    |stencilConfig_lower_limit_1_c299_U     |        0|   36|   0|    -|     2|   16|       32|
    |stencilConfig_lower_limit_1_c300_U     |        0|   36|   0|    -|     2|   16|       32|
    |stencilConfig_lower_limit_1_c301_U     |        0|   36|   0|    -|     2|   16|       32|
    |stencilConfig_lower_limit_1_c302_U     |        0|   36|   0|    -|     2|   16|       32|
    |stencilConfig_lower_limit_1_c303_U     |        0|   36|   0|    -|     2|   16|       32|
    |stencilConfig_lower_limit_1_c304_U     |        0|   36|   0|    -|     2|   16|       32|
    |stencilConfig_lower_limit_1_c305_U     |        0|   36|   0|    -|     2|   16|       32|
    |stencilConfig_lower_limit_1_c306_U     |        0|   36|   0|    -|     2|   16|       32|
    |stencilConfig_lower_limit_1_c307_U     |        0|   36|   0|    -|     2|   16|       32|
    |stencilConfig_lower_limit_1_c308_U     |        0|   36|   0|    -|     2|   16|       32|
    |stencilConfig_lower_limit_1_c309_U     |        0|   36|   0|    -|     2|   16|       32|
    |stencilConfig_lower_limit_1_c310_U     |        0|   36|   0|    -|     2|   16|       32|
    |stencilConfig_lower_limit_1_c311_U     |        0|   36|   0|    -|     2|   16|       32|
    |stencilConfig_lower_limit_1_c312_U     |        0|   36|   0|    -|     2|   16|       32|
    |stencilConfig_lower_limit_1_c313_U     |        0|   36|   0|    -|     2|   16|       32|
    |stencilConfig_lower_limit_1_c314_U     |        0|   36|   0|    -|     2|   16|       32|
    |stencilConfig_lower_limit_1_c315_U     |        0|   36|   0|    -|     2|   16|       32|
    |stencilConfig_lower_limit_1_c316_U     |        0|   36|   0|    -|     2|   16|       32|
    |stencilConfig_lower_limit_1_c317_U     |        0|   36|   0|    -|     2|   16|       32|
    |stencilConfig_lower_limit_1_c318_U     |        0|   36|   0|    -|     2|   16|       32|
    |stencilConfig_lower_limit_1_c319_U     |        0|   36|   0|    -|     2|   16|       32|
    |stencilConfig_lower_limit_1_c320_U     |        0|   36|   0|    -|     2|   16|       32|
    |stencilConfig_lower_limit_1_c321_U     |        0|   36|   0|    -|     2|   16|       32|
    |stencilConfig_lower_limit_1_c322_U     |        0|   36|   0|    -|     2|   16|       32|
    |stencilConfig_lower_limit_1_c323_U     |        0|   36|   0|    -|     2|   16|       32|
    |stencilConfig_lower_limit_1_c324_U     |        0|   36|   0|    -|     2|   16|       32|
    |stencilConfig_lower_limit_1_c325_U     |        0|   36|   0|    -|     2|   16|       32|
    |stencilConfig_lower_limit_1_c326_U     |        0|   36|   0|    -|     2|   16|       32|
    |stencilConfig_lower_limit_1_c327_U     |        0|   36|   0|    -|     2|   16|       32|
    |stencilConfig_lower_limit_1_c328_U     |        0|   36|   0|    -|     2|   16|       32|
    |stencilConfig_lower_limit_1_c329_U     |        0|   36|   0|    -|     2|   16|       32|
    |stencilConfig_lower_limit_1_c330_U     |        0|   36|   0|    -|     2|   16|       32|
    |stencilConfig_lower_limit_1_c331_U     |        0|   36|   0|    -|     2|   16|       32|
    |stencilConfig_lower_limit_1_c332_U     |        0|    5|   0|    -|     3|   16|       48|
    |stencilConfig_lower_limit_1_c_U        |        0|   36|   0|    -|     2|   16|       32|
    |stencilConfig_outer_loop_limit_c441_U  |        0|   36|   0|    -|     2|   16|       32|
    |stencilConfig_outer_loop_limit_c442_U  |        0|   36|   0|    -|     2|   16|       32|
    |stencilConfig_outer_loop_limit_c443_U  |        0|   36|   0|    -|     2|   16|       32|
    |stencilConfig_outer_loop_limit_c444_U  |        0|   36|   0|    -|     2|   16|       32|
    |stencilConfig_outer_loop_limit_c445_U  |        0|   36|   0|    -|     2|   16|       32|
    |stencilConfig_outer_loop_limit_c446_U  |        0|   36|   0|    -|     2|   16|       32|
    |stencilConfig_outer_loop_limit_c447_U  |        0|   36|   0|    -|     2|   16|       32|
    |stencilConfig_outer_loop_limit_c448_U  |        0|   36|   0|    -|     2|   16|       32|
    |stencilConfig_outer_loop_limit_c449_U  |        0|   36|   0|    -|     2|   16|       32|
    |stencilConfig_outer_loop_limit_c450_U  |        0|   36|   0|    -|     2|   16|       32|
    |stencilConfig_outer_loop_limit_c451_U  |        0|   36|   0|    -|     2|   16|       32|
    |stencilConfig_outer_loop_limit_c452_U  |        0|   36|   0|    -|     2|   16|       32|
    |stencilConfig_outer_loop_limit_c453_U  |        0|   36|   0|    -|     2|   16|       32|
    |stencilConfig_outer_loop_limit_c454_U  |        0|   36|   0|    -|     2|   16|       32|
    |stencilConfig_outer_loop_limit_c455_U  |        0|   36|   0|    -|     2|   16|       32|
    |stencilConfig_outer_loop_limit_c456_U  |        0|   36|   0|    -|     2|   16|       32|
    |stencilConfig_outer_loop_limit_c457_U  |        0|   36|   0|    -|     2|   16|       32|
    |stencilConfig_outer_loop_limit_c458_U  |        0|   36|   0|    -|     2|   16|       32|
    |stencilConfig_outer_loop_limit_c459_U  |        0|   36|   0|    -|     2|   16|       32|
    |stencilConfig_outer_loop_limit_c460_U  |        0|   36|   0|    -|     2|   16|       32|
    |stencilConfig_outer_loop_limit_c461_U  |        0|   36|   0|    -|     2|   16|       32|
    |stencilConfig_outer_loop_limit_c462_U  |        0|   36|   0|    -|     2|   16|       32|
    |stencilConfig_outer_loop_limit_c463_U  |        0|   36|   0|    -|     2|   16|       32|
    |stencilConfig_outer_loop_limit_c464_U  |        0|   36|   0|    -|     2|   16|       32|
    |stencilConfig_outer_loop_limit_c465_U  |        0|   36|   0|    -|     2|   16|       32|
    |stencilConfig_outer_loop_limit_c466_U  |        0|   36|   0|    -|     2|   16|       32|
    |stencilConfig_outer_loop_limit_c467_U  |        0|   36|   0|    -|     2|   16|       32|
    |stencilConfig_outer_loop_limit_c468_U  |        0|   36|   0|    -|     2|   16|       32|
    |stencilConfig_outer_loop_limit_c469_U  |        0|   36|   0|    -|     2|   16|       32|
    |stencilConfig_outer_loop_limit_c470_U  |        0|   36|   0|    -|     2|   16|       32|
    |stencilConfig_outer_loop_limit_c471_U  |        0|   36|   0|    -|     2|   16|       32|
    |stencilConfig_outer_loop_limit_c472_U  |        0|   36|   0|    -|     2|   16|       32|
    |stencilConfig_outer_loop_limit_c473_U  |        0|   36|   0|    -|     2|   16|       32|
    |stencilConfig_outer_loop_limit_c474_U  |        0|   36|   0|    -|     2|   16|       32|
    |stencilConfig_outer_loop_limit_c475_U  |        0|   36|   0|    -|     2|   16|       32|
    |stencilConfig_outer_loop_limit_c476_U  |        0|   36|   0|    -|     2|   16|       32|
    |stencilConfig_outer_loop_limit_c477_U  |        0|   36|   0|    -|     2|   16|       32|
    |stencilConfig_outer_loop_limit_c478_U  |        0|   36|   0|    -|     2|   16|       32|
    |stencilConfig_outer_loop_limit_c479_U  |        0|   36|   0|    -|     2|   16|       32|
    |stencilConfig_outer_loop_limit_c480_U  |        0|   36|   0|    -|     2|   16|       32|
    |stencilConfig_outer_loop_limit_c481_U  |        0|   36|   0|    -|     2|   16|       32|
    |stencilConfig_outer_loop_limit_c482_U  |        0|   36|   0|    -|     2|   16|       32|
    |stencilConfig_outer_loop_limit_c483_U  |        0|   36|   0|    -|     2|   16|       32|
    |stencilConfig_outer_loop_limit_c484_U  |        0|   36|   0|    -|     2|   16|       32|
    |stencilConfig_outer_loop_limit_c485_U  |        0|   36|   0|    -|     2|   16|       32|
    |stencilConfig_outer_loop_limit_c486_U  |        0|   36|   0|    -|     2|   16|       32|
    |stencilConfig_outer_loop_limit_c487_U  |        0|   36|   0|    -|     2|   16|       32|
    |stencilConfig_outer_loop_limit_c488_U  |        0|   36|   0|    -|     2|   16|       32|
    |stencilConfig_outer_loop_limit_c489_U  |        0|   36|   0|    -|     2|   16|       32|
    |stencilConfig_outer_loop_limit_c490_U  |        0|   36|   0|    -|     2|   16|       32|
    |stencilConfig_outer_loop_limit_c491_U  |        0|   36|   0|    -|     2|   16|       32|
    |stencilConfig_outer_loop_limit_c492_U  |        0|   36|   0|    -|     2|   16|       32|
    |stencilConfig_outer_loop_limit_c493_U  |        0|   36|   0|    -|     2|   16|       32|
    |stencilConfig_outer_loop_limit_c494_U  |        0|    5|   0|    -|     3|   16|       48|
    |stencilConfig_outer_loop_limit_c_U     |        0|   36|   0|    -|     2|   16|       32|
    |stencilConfig_upper_limit_0_c333_U     |        0|   36|   0|    -|     2|   16|       32|
    |stencilConfig_upper_limit_0_c334_U     |        0|   36|   0|    -|     2|   16|       32|
    |stencilConfig_upper_limit_0_c335_U     |        0|   36|   0|    -|     2|   16|       32|
    |stencilConfig_upper_limit_0_c336_U     |        0|   36|   0|    -|     2|   16|       32|
    |stencilConfig_upper_limit_0_c337_U     |        0|   36|   0|    -|     2|   16|       32|
    |stencilConfig_upper_limit_0_c338_U     |        0|   36|   0|    -|     2|   16|       32|
    |stencilConfig_upper_limit_0_c339_U     |        0|   36|   0|    -|     2|   16|       32|
    |stencilConfig_upper_limit_0_c340_U     |        0|   36|   0|    -|     2|   16|       32|
    |stencilConfig_upper_limit_0_c341_U     |        0|   36|   0|    -|     2|   16|       32|
    |stencilConfig_upper_limit_0_c342_U     |        0|   36|   0|    -|     2|   16|       32|
    |stencilConfig_upper_limit_0_c343_U     |        0|   36|   0|    -|     2|   16|       32|
    |stencilConfig_upper_limit_0_c344_U     |        0|   36|   0|    -|     2|   16|       32|
    |stencilConfig_upper_limit_0_c345_U     |        0|   36|   0|    -|     2|   16|       32|
    |stencilConfig_upper_limit_0_c346_U     |        0|   36|   0|    -|     2|   16|       32|
    |stencilConfig_upper_limit_0_c347_U     |        0|   36|   0|    -|     2|   16|       32|
    |stencilConfig_upper_limit_0_c348_U     |        0|   36|   0|    -|     2|   16|       32|
    |stencilConfig_upper_limit_0_c349_U     |        0|   36|   0|    -|     2|   16|       32|
    |stencilConfig_upper_limit_0_c350_U     |        0|   36|   0|    -|     2|   16|       32|
    |stencilConfig_upper_limit_0_c351_U     |        0|   36|   0|    -|     2|   16|       32|
    |stencilConfig_upper_limit_0_c352_U     |        0|   36|   0|    -|     2|   16|       32|
    |stencilConfig_upper_limit_0_c353_U     |        0|   36|   0|    -|     2|   16|       32|
    |stencilConfig_upper_limit_0_c354_U     |        0|   36|   0|    -|     2|   16|       32|
    |stencilConfig_upper_limit_0_c355_U     |        0|   36|   0|    -|     2|   16|       32|
    |stencilConfig_upper_limit_0_c356_U     |        0|   36|   0|    -|     2|   16|       32|
    |stencilConfig_upper_limit_0_c357_U     |        0|   36|   0|    -|     2|   16|       32|
    |stencilConfig_upper_limit_0_c358_U     |        0|   36|   0|    -|     2|   16|       32|
    |stencilConfig_upper_limit_0_c359_U     |        0|   36|   0|    -|     2|   16|       32|
    |stencilConfig_upper_limit_0_c360_U     |        0|   36|   0|    -|     2|   16|       32|
    |stencilConfig_upper_limit_0_c361_U     |        0|   36|   0|    -|     2|   16|       32|
    |stencilConfig_upper_limit_0_c362_U     |        0|   36|   0|    -|     2|   16|       32|
    |stencilConfig_upper_limit_0_c363_U     |        0|   36|   0|    -|     2|   16|       32|
    |stencilConfig_upper_limit_0_c364_U     |        0|   36|   0|    -|     2|   16|       32|
    |stencilConfig_upper_limit_0_c365_U     |        0|   36|   0|    -|     2|   16|       32|
    |stencilConfig_upper_limit_0_c366_U     |        0|   36|   0|    -|     2|   16|       32|
    |stencilConfig_upper_limit_0_c367_U     |        0|   36|   0|    -|     2|   16|       32|
    |stencilConfig_upper_limit_0_c368_U     |        0|   36|   0|    -|     2|   16|       32|
    |stencilConfig_upper_limit_0_c369_U     |        0|   36|   0|    -|     2|   16|       32|
    |stencilConfig_upper_limit_0_c370_U     |        0|   36|   0|    -|     2|   16|       32|
    |stencilConfig_upper_limit_0_c371_U     |        0|   36|   0|    -|     2|   16|       32|
    |stencilConfig_upper_limit_0_c372_U     |        0|   36|   0|    -|     2|   16|       32|
    |stencilConfig_upper_limit_0_c373_U     |        0|   36|   0|    -|     2|   16|       32|
    |stencilConfig_upper_limit_0_c374_U     |        0|   36|   0|    -|     2|   16|       32|
    |stencilConfig_upper_limit_0_c375_U     |        0|   36|   0|    -|     2|   16|       32|
    |stencilConfig_upper_limit_0_c376_U     |        0|   36|   0|    -|     2|   16|       32|
    |stencilConfig_upper_limit_0_c377_U     |        0|   36|   0|    -|     2|   16|       32|
    |stencilConfig_upper_limit_0_c378_U     |        0|   36|   0|    -|     2|   16|       32|
    |stencilConfig_upper_limit_0_c379_U     |        0|   36|   0|    -|     2|   16|       32|
    |stencilConfig_upper_limit_0_c380_U     |        0|   36|   0|    -|     2|   16|       32|
    |stencilConfig_upper_limit_0_c381_U     |        0|   36|   0|    -|     2|   16|       32|
    |stencilConfig_upper_limit_0_c382_U     |        0|   36|   0|    -|     2|   16|       32|
    |stencilConfig_upper_limit_0_c383_U     |        0|   36|   0|    -|     2|   16|       32|
    |stencilConfig_upper_limit_0_c384_U     |        0|   36|   0|    -|     2|   16|       32|
    |stencilConfig_upper_limit_0_c385_U     |        0|   36|   0|    -|     2|   16|       32|
    |stencilConfig_upper_limit_0_c386_U     |        0|    5|   0|    -|     3|   16|       48|
    |stencilConfig_upper_limit_0_c_U        |        0|   36|   0|    -|     2|   16|       32|
    |stencilConfig_upper_limit_1_c387_U     |        0|   36|   0|    -|     2|   16|       32|
    |stencilConfig_upper_limit_1_c388_U     |        0|   36|   0|    -|     2|   16|       32|
    |stencilConfig_upper_limit_1_c389_U     |        0|   36|   0|    -|     2|   16|       32|
    |stencilConfig_upper_limit_1_c390_U     |        0|   36|   0|    -|     2|   16|       32|
    |stencilConfig_upper_limit_1_c391_U     |        0|   36|   0|    -|     2|   16|       32|
    |stencilConfig_upper_limit_1_c392_U     |        0|   36|   0|    -|     2|   16|       32|
    |stencilConfig_upper_limit_1_c393_U     |        0|   36|   0|    -|     2|   16|       32|
    |stencilConfig_upper_limit_1_c394_U     |        0|   36|   0|    -|     2|   16|       32|
    |stencilConfig_upper_limit_1_c395_U     |        0|   36|   0|    -|     2|   16|       32|
    |stencilConfig_upper_limit_1_c396_U     |        0|   36|   0|    -|     2|   16|       32|
    |stencilConfig_upper_limit_1_c397_U     |        0|   36|   0|    -|     2|   16|       32|
    |stencilConfig_upper_limit_1_c398_U     |        0|   36|   0|    -|     2|   16|       32|
    |stencilConfig_upper_limit_1_c399_U     |        0|   36|   0|    -|     2|   16|       32|
    |stencilConfig_upper_limit_1_c400_U     |        0|   36|   0|    -|     2|   16|       32|
    |stencilConfig_upper_limit_1_c401_U     |        0|   36|   0|    -|     2|   16|       32|
    |stencilConfig_upper_limit_1_c402_U     |        0|   36|   0|    -|     2|   16|       32|
    |stencilConfig_upper_limit_1_c403_U     |        0|   36|   0|    -|     2|   16|       32|
    |stencilConfig_upper_limit_1_c404_U     |        0|   36|   0|    -|     2|   16|       32|
    |stencilConfig_upper_limit_1_c405_U     |        0|   36|   0|    -|     2|   16|       32|
    |stencilConfig_upper_limit_1_c406_U     |        0|   36|   0|    -|     2|   16|       32|
    |stencilConfig_upper_limit_1_c407_U     |        0|   36|   0|    -|     2|   16|       32|
    |stencilConfig_upper_limit_1_c408_U     |        0|   36|   0|    -|     2|   16|       32|
    |stencilConfig_upper_limit_1_c409_U     |        0|   36|   0|    -|     2|   16|       32|
    |stencilConfig_upper_limit_1_c410_U     |        0|   36|   0|    -|     2|   16|       32|
    |stencilConfig_upper_limit_1_c411_U     |        0|   36|   0|    -|     2|   16|       32|
    |stencilConfig_upper_limit_1_c412_U     |        0|   36|   0|    -|     2|   16|       32|
    |stencilConfig_upper_limit_1_c413_U     |        0|   36|   0|    -|     2|   16|       32|
    |stencilConfig_upper_limit_1_c414_U     |        0|   36|   0|    -|     2|   16|       32|
    |stencilConfig_upper_limit_1_c415_U     |        0|   36|   0|    -|     2|   16|       32|
    |stencilConfig_upper_limit_1_c416_U     |        0|   36|   0|    -|     2|   16|       32|
    |stencilConfig_upper_limit_1_c417_U     |        0|   36|   0|    -|     2|   16|       32|
    |stencilConfig_upper_limit_1_c418_U     |        0|   36|   0|    -|     2|   16|       32|
    |stencilConfig_upper_limit_1_c419_U     |        0|   36|   0|    -|     2|   16|       32|
    |stencilConfig_upper_limit_1_c420_U     |        0|   36|   0|    -|     2|   16|       32|
    |stencilConfig_upper_limit_1_c421_U     |        0|   36|   0|    -|     2|   16|       32|
    |stencilConfig_upper_limit_1_c422_U     |        0|   36|   0|    -|     2|   16|       32|
    |stencilConfig_upper_limit_1_c423_U     |        0|   36|   0|    -|     2|   16|       32|
    |stencilConfig_upper_limit_1_c424_U     |        0|   36|   0|    -|     2|   16|       32|
    |stencilConfig_upper_limit_1_c425_U     |        0|   36|   0|    -|     2|   16|       32|
    |stencilConfig_upper_limit_1_c426_U     |        0|   36|   0|    -|     2|   16|       32|
    |stencilConfig_upper_limit_1_c427_U     |        0|   36|   0|    -|     2|   16|       32|
    |stencilConfig_upper_limit_1_c428_U     |        0|   36|   0|    -|     2|   16|       32|
    |stencilConfig_upper_limit_1_c429_U     |        0|   36|   0|    -|     2|   16|       32|
    |stencilConfig_upper_limit_1_c430_U     |        0|   36|   0|    -|     2|   16|       32|
    |stencilConfig_upper_limit_1_c431_U     |        0|   36|   0|    -|     2|   16|       32|
    |stencilConfig_upper_limit_1_c432_U     |        0|   36|   0|    -|     2|   16|       32|
    |stencilConfig_upper_limit_1_c433_U     |        0|   36|   0|    -|     2|   16|       32|
    |stencilConfig_upper_limit_1_c434_U     |        0|   36|   0|    -|     2|   16|       32|
    |stencilConfig_upper_limit_1_c435_U     |        0|   36|   0|    -|     2|   16|       32|
    |stencilConfig_upper_limit_1_c436_U     |        0|   36|   0|    -|     2|   16|       32|
    |stencilConfig_upper_limit_1_c437_U     |        0|   36|   0|    -|     2|   16|       32|
    |stencilConfig_upper_limit_1_c438_U     |        0|   36|   0|    -|     2|   16|       32|
    |stencilConfig_upper_limit_1_c439_U     |        0|   36|   0|    -|     2|   16|       32|
    |stencilConfig_upper_limit_1_c440_U     |        0|    5|   0|    -|     3|   16|       48|
    |stencilConfig_upper_limit_1_c_U        |        0|   36|   0|    -|     2|   16|       32|
    +---------------------------------------+---------+-----+----+-----+------+-----+---------+
    |Total                                  |        0|59614|   0|    0|  1505|21408|   159392|
    +---------------------------------------+---------+-----+----+-----+------+-----+---------+

    * Expression: 
    +--------------------------------------+----------+----+---+----+------------+------------+
    |             Variable Name            | Operation| DSP| FF| LUT| Bitwidth P0| Bitwidth P1|
    +--------------------------------------+----------+----+---+----+------------+------------+
    |ap_idle                               |       and|   0|  0|   2|           1|           1|
    |ap_sync_ready                         |       and|   0|  0|   2|           1|           1|
    |axis2stream_256u_U0_ap_start          |       and|   0|  0|   2|           1|           1|
    |entry_proc_U0_ap_start                |       and|   0|  0|   2|           1|           1|
    |ap_sync_axis2stream_256u_U0_ap_ready  |        or|   0|  0|   2|           1|           1|
    |ap_sync_entry_proc_U0_ap_ready        |        or|   0|  0|   2|           1|           1|
    +--------------------------------------+----------+----+---+----+------------+------------+
    |Total                                 |          |   0|  0|  12|           6|           6|
    +--------------------------------------+----------+----+---+----+------------+------------+

    * Multiplexer: 
    +------------------------------------------+----+-----------+-----+-----------+
    |                   Name                   | LUT| Input Size| Bits| Total Bits|
    +------------------------------------------+----+-----------+-----+-----------+
    |ap_sync_reg_axis2stream_256u_U0_ap_ready  |   2|          2|    1|          2|
    |ap_sync_reg_entry_proc_U0_ap_ready        |   2|          2|    1|          2|
    +------------------------------------------+----+-----------+-----+-----------+
    |Total                                     |   4|          4|    2|          4|
    +------------------------------------------+----+-----------+-----+-----------+

    * Register: 
    +------------------------------------------+---+----+-----+-----------+
    |                   Name                   | FF| LUT| Bits| Const Bits|
    +------------------------------------------+---+----+-----+-----------+
    |ap_sync_reg_axis2stream_256u_U0_ap_ready  |  1|   0|    1|          0|
    |ap_sync_reg_entry_proc_U0_ap_ready        |  1|   0|    1|          0|
    +------------------------------------------+---+----+-----+-----------+
    |Total                                     |  2|   0|    2|          0|
    +------------------------------------------+---+----+-----+-----------+



================================================================
== Interface
================================================================
* Summary: 
+----------------------+-----+-----+------------+------------------------------------+--------------+
|       RTL Ports      | Dir | Bits|  Protocol  |            Source Object           |    C Type    |
+----------------------+-----+-----+------------+------------------------------------+--------------+
|p_read                |   in|   16|     ap_none|                              p_read|        scalar|
|p_read_ap_vld         |   in|    1|     ap_none|                              p_read|        scalar|
|p_read1               |   in|   16|     ap_none|                             p_read1|        scalar|
|p_read1_ap_vld        |   in|    1|     ap_none|                             p_read1|        scalar|
|p_read2               |   in|   16|     ap_none|                             p_read2|        scalar|
|p_read2_ap_vld        |   in|    1|     ap_none|                             p_read2|        scalar|
|p_read3               |   in|   16|     ap_none|                             p_read3|        scalar|
|p_read3_ap_vld        |   in|    1|     ap_none|                             p_read3|        scalar|
|p_read4               |   in|   16|     ap_none|                             p_read4|        scalar|
|p_read4_ap_vld        |   in|    1|     ap_none|                             p_read4|        scalar|
|p_read5               |   in|   16|     ap_none|                             p_read5|        scalar|
|p_read5_ap_vld        |   in|    1|     ap_none|                             p_read5|        scalar|
|p_read6               |   in|   16|     ap_none|                             p_read6|        scalar|
|p_read6_ap_vld        |   in|    1|     ap_none|                             p_read6|        scalar|
|p_read7               |   in|   16|     ap_none|                             p_read7|        scalar|
|p_read7_ap_vld        |   in|    1|     ap_none|                             p_read7|        scalar|
|num_pkts              |   in|   32|     ap_none|                            num_pkts|        scalar|
|num_pkts_ap_vld       |   in|    1|     ap_none|                            num_pkts|        scalar|
|arg0_axis_in_TDATA    |   in|  256|        axis|               arg0_axis_in_V_data_V|       pointer|
|arg0_axis_in_TKEEP    |   in|   32|        axis|               arg0_axis_in_V_keep_V|       pointer|
|arg0_axis_in_TSTRB    |   in|   32|        axis|               arg0_axis_in_V_strb_V|       pointer|
|arg0_axis_in_TLAST    |   in|    1|        axis|               arg0_axis_in_V_last_V|       pointer|
|arg0_axis_in_TVALID   |   in|    1|        axis|               arg0_axis_in_V_last_V|       pointer|
|arg0_axis_in_TREADY   |  out|    1|        axis|               arg0_axis_in_V_last_V|       pointer|
|arg1_axis_out_TDATA   |  out|  256|        axis|              arg1_axis_out_V_data_V|       pointer|
|arg1_axis_out_TKEEP   |  out|   32|        axis|              arg1_axis_out_V_keep_V|       pointer|
|arg1_axis_out_TSTRB   |  out|   32|        axis|              arg1_axis_out_V_strb_V|       pointer|
|arg1_axis_out_TLAST   |  out|    1|        axis|              arg1_axis_out_V_last_V|       pointer|
|arg1_axis_out_TVALID  |  out|    1|        axis|              arg1_axis_out_V_last_V|       pointer|
|arg1_axis_out_TREADY  |   in|    1|        axis|              arg1_axis_out_V_last_V|       pointer|
|ap_clk                |   in|    1|  ap_ctrl_hs|  kernel_outerloop_0_dataflow_region|  return value|
|ap_rst                |   in|    1|  ap_ctrl_hs|  kernel_outerloop_0_dataflow_region|  return value|
|ap_start              |   in|    1|  ap_ctrl_hs|  kernel_outerloop_0_dataflow_region|  return value|
|ap_done               |  out|    1|  ap_ctrl_hs|  kernel_outerloop_0_dataflow_region|  return value|
|ap_ready              |  out|    1|  ap_ctrl_hs|  kernel_outerloop_0_dataflow_region|  return value|
|ap_idle               |  out|    1|  ap_ctrl_hs|  kernel_outerloop_0_dataflow_region|  return value|
|ap_continue           |   in|    1|  ap_ctrl_hs|  kernel_outerloop_0_dataflow_region|  return value|
+----------------------+-----+-----+------------+------------------------------------+--------------+

