

================================================================
== Vitis HLS Report for 'stencilRun'
================================================================
* Date:           Sat Jul 25 11:41:21 2026

* Version:        2022.1 (Build 3526262 on Mon Apr 18 15:47:01 MDT 2022)
* Project:        kernel_outerloop_0
* Solution:       solution (Vitis Kernel Flow Target)
* Product family: versal
* Target device:  xcvc1902-vsvd1760-2MP-e-S


================================================================
== Performance Estimates
================================================================
+ Timing: 
    * Summary: 
    +--------+---------+----------+------------+
    |  Clock |  Target | Estimated| Uncertainty|
    +--------+---------+----------+------------+
    |ap_clk  |  3.33 ns|  2.310 ns|     0.90 ns|
    +--------+---------+----------+------------+

+ Latency: 
    * Summary: 
    +---------+---------+----------+----------+-----+-----+---------+
    |  Latency (cycles) |  Latency (absolute) |  Interval | Pipeline|
    |   min   |   max   |    min   |    max   | min | max |   Type  |
    +---------+---------+----------+----------+-----+-----+---------+
    |        ?|        ?|         ?|         ?|    ?|    ?|       no|
    +---------+---------+----------+----------+-----+-----+---------+

    + Detail: 
        * Instance: 
        N/A

        * Loop: 
        +--------------------+---------+---------+----------+-----------+-----------+------+----------+
        |                    |  Latency (cycles) | Iteration|  Initiation Interval  | Trip |          |
        |      Loop Name     |   min   |   max   |  Latency |  achieved |   target  | Count| Pipelined|
        +--------------------+---------+---------+----------+-----------+-----------+------+----------+
        |- VITIS_LOOP_105_1  |        ?|        ?|         ?|          -|          -|     ?|        no|
        +--------------------+---------+---------+----------+-----------+-----------+------+----------+

============================================================
+ Verbose Summary: Synthesis Manager
============================================================
InlineROM: 1
ExposeGlobal: 0
============================================================
+ Verbose Summary: CDFG Model
============================================================
IsTopModel: 0
ResetActiveHigh: 1
IsCombinational: 0
IsDatapathOnly: 0
HasWiredReturn: 1
HasMFsm: 0
HasVarLatency: 1
IsPipeline: 0
IsRtlPipelined: 0
IsInstanceOverlapped: 0
IsDontTouch: 0
HasImplIP: 0
IsGatedGlobalClock: 0


============================================================
+ Verbose Summary: Schedule
============================================================
* Number of FSM states : 8
* Pipeline : 0
* Dataflow Pipeline: 0

* FSM state transitions: 
1 --> 2 
2 --> 3 
3 --> 4 
4 --> 5 
5 --> 6 
6 --> 7 
7 --> 8 
8 --> 7 

* FSM state operations: 

State 1 <SV = 0> <Delay = 1.17>
ST_1 : Operation 9 [1/1] (0.00ns)   --->   "%bat = alloca i32 1"   --->   Operation 9 'alloca' 'bat' <Predicate = true> <Delay = 0.00>
ST_1 : Operation 10 [1/1] (0.00ns)   --->   "%p_read_11 = read i16 @_ssdm_op_Read.ap_auto.i16, i16 %p_read1"   --->   Operation 10 'read' 'p_read_11' <Predicate = true> <Delay = 0.00>
ST_1 : Operation 11 [1/1] (0.00ns)   --->   "%p_read49 = read i16 @_ssdm_op_Read.ap_auto.i16, i16 %p_read"   --->   Operation 11 'read' 'p_read49' <Predicate = true> <Delay = 0.00>
ST_1 : Operation 12 [1/1] (1.17ns)   --->   "%arg0_buf_p0_1_V = alloca i64 1" [/home/x_thileeb/repos/ops-hls-batching-new/codegen_apps/batching/jacobian3d/vck5000_project/hls/device/include/PE_jac3D_kernel_stencil.hpp:185]   --->   Operation 12 'alloca' 'arg0_buf_p0_1_V' <Predicate = true> <Delay = 1.17> <CoreInst = "RAM_S2P_URAM">   --->   Core 102 'RAM_S2P_URAM' <Latency = 2> <II = 1> <Delay = 1.25> <Storage> <Opcode : 'load' 'store'> <Ports = 2> <Width = 256> <Depth = 11476> <RAM>
ST_1 : Operation 13 [1/1] (0.77ns)   --->   "%arg0_buf_r0_1_p1_V = alloca i64 1" [/home/x_thileeb/repos/ops-hls-batching-new/codegen_apps/batching/jacobian3d/vck5000_project/hls/device/include/PE_jac3D_kernel_stencil.hpp:189]   --->   Operation 13 'alloca' 'arg0_buf_r0_1_p1_V' <Predicate = true> <Delay = 0.77> <CoreInst = "RAM_S2P_BRAM">   --->   Core 101 'RAM_S2P_BRAM' <Latency = 2> <II = 1> <Delay = 1.25> <Storage> <Opcode : 'load' 'store'> <Ports = 2> <Width = 256> <Depth = 38> <RAM>
ST_1 : Operation 14 [1/1] (0.77ns)   --->   "%arg0_buf_r1_2_p1_V = alloca i64 1" [/home/x_thileeb/repos/ops-hls-batching-new/codegen_apps/batching/jacobian3d/vck5000_project/hls/device/include/PE_jac3D_kernel_stencil.hpp:193]   --->   Operation 14 'alloca' 'arg0_buf_r1_2_p1_V' <Predicate = true> <Delay = 0.77> <CoreInst = "RAM_S2P_BRAM">   --->   Core 101 'RAM_S2P_BRAM' <Latency = 2> <II = 1> <Delay = 1.25> <Storage> <Opcode : 'load' 'store'> <Ports = 2> <Width = 256> <Depth = 38> <RAM>
ST_1 : Operation 15 [1/1] (1.17ns)   --->   "%arg0_buf_p1_2_V = alloca i64 1" [/home/x_thileeb/repos/ops-hls-batching-new/codegen_apps/batching/jacobian3d/vck5000_project/hls/device/include/PE_jac3D_kernel_stencil.hpp:197]   --->   Operation 15 'alloca' 'arg0_buf_p1_2_V' <Predicate = true> <Delay = 1.17> <CoreInst = "RAM_S2P_URAM">   --->   Core 102 'RAM_S2P_URAM' <Latency = 2> <II = 1> <Delay = 1.25> <Storage> <Opcode : 'load' 'store'> <Ports = 2> <Width = 256> <Depth = 11476> <RAM>
ST_1 : Operation 16 [1/1] (0.00ns)   --->   "%conv8 = zext i16 %p_read49"   --->   Operation 16 'zext' 'conv8' <Predicate = true> <Delay = 0.00>
ST_1 : Operation 17 [1/1] (0.00ns)   --->   "%conv12 = zext i16 %p_read_11"   --->   Operation 17 'zext' 'conv12' <Predicate = true> <Delay = 0.00>
ST_1 : Operation 18 [4/4] (0.53ns) (root node of the DSP)   --->   "%mul84 = mul i32 %conv12, i32 %conv8"   --->   Operation 18 'mul' 'mul84' <Predicate = true> <Delay = 0.53> <CoreInst = "DSP48">   --->   Core 132 'DSP48' <Latency = 3> <II = 1> <Delay = 0.53> <IPBlock> <Opcode : 'mul' 'add' 'sub' 'select'> <InPorts = 0> <OutPorts = 1> <Sync> <CReg>
ST_1 : Operation 19 [1/1] (0.39ns)   --->   "%store_ln105 = store i16 0, i16 %bat" [/home/x_thileeb/repos/ops-hls-batching-new/codegen_apps/batching/jacobian3d/vck5000_project/hls/device/include/PE_jac3D_kernel_stencil.hpp:105]   --->   Operation 19 'store' 'store_ln105' <Predicate = true> <Delay = 0.39>

State 2 <SV = 1> <Delay = 0.53>
ST_2 : Operation 20 [3/4] (0.53ns) (root node of the DSP)   --->   "%mul84 = mul i32 %conv12, i32 %conv8"   --->   Operation 20 'mul' 'mul84' <Predicate = true> <Delay = 0.53> <CoreInst = "DSP48">   --->   Core 132 'DSP48' <Latency = 3> <II = 1> <Delay = 0.53> <IPBlock> <Opcode : 'mul' 'add' 'sub' 'select'> <InPorts = 0> <OutPorts = 1> <Sync> <CReg>

State 3 <SV = 2> <Delay = 0.79>
ST_3 : Operation 21 [3/3] (0.79ns) (grouped into DSP with root node plane_diff)   --->   "%mul = mul i16 %p_read_11, i16 %p_read49"   --->   Operation 21 'mul' 'mul' <Predicate = true> <Delay = 0.79> <CoreInst = "DSP48">   --->   Core 132 'DSP48' <Latency = 3> <II = 1> <Delay = 0.53> <IPBlock> <Opcode : 'mul' 'add' 'sub' 'select'> <InPorts = 0> <OutPorts = 1> <Sync> <CReg>
ST_3 : Operation 22 [2/4] (0.53ns) (root node of the DSP)   --->   "%mul84 = mul i32 %conv12, i32 %conv8"   --->   Operation 22 'mul' 'mul84' <Predicate = true> <Delay = 0.53> <CoreInst = "DSP48">   --->   Core 132 'DSP48' <Latency = 3> <II = 1> <Delay = 0.53> <IPBlock> <Opcode : 'mul' 'add' 'sub' 'select'> <InPorts = 0> <OutPorts = 1> <Sync> <CReg>

State 4 <SV = 3> <Delay = 0.79>
ST_4 : Operation 23 [1/1] (0.00ns)   --->   "%p_read_3 = read i16 @_ssdm_op_Read.ap_auto.i16, i16 %p_read9"   --->   Operation 23 'read' 'p_read_3' <Predicate = true> <Delay = 0.00>
ST_4 : Operation 24 [1/1] (0.00ns)   --->   "%p_read_10 = read i16 @_ssdm_op_Read.ap_auto.i16, i16 %p_read2"   --->   Operation 24 'read' 'p_read_10' <Predicate = true> <Delay = 0.00>
ST_4 : Operation 25 [2/3] (0.79ns) (grouped into DSP with root node plane_diff)   --->   "%mul = mul i16 %p_read_11, i16 %p_read49"   --->   Operation 25 'mul' 'mul' <Predicate = true> <Delay = 0.79> <CoreInst = "DSP48">   --->   Core 132 'DSP48' <Latency = 3> <II = 1> <Delay = 0.53> <IPBlock> <Opcode : 'mul' 'add' 'sub' 'select'> <InPorts = 0> <OutPorts = 1> <Sync> <CReg>
ST_4 : Operation 26 [1/1] (0.00ns)   --->   "%conv79 = zext i16 %p_read_3"   --->   Operation 26 'zext' 'conv79' <Predicate = true> <Delay = 0.00>
ST_4 : Operation 27 [1/4] (0.00ns) (root node of the DSP)   --->   "%mul84 = mul i32 %conv12, i32 %conv8"   --->   Operation 27 'mul' 'mul84' <Predicate = true> <Delay = 0.00> <CoreInst = "DSP48">   --->   Core 132 'DSP48' <Latency = 3> <II = 1> <Delay = 0.53> <IPBlock> <Opcode : 'mul' 'add' 'sub' 'select'> <InPorts = 0> <OutPorts = 1> <Sync> <CReg>
ST_4 : Operation 28 [3/3] (0.70ns)   --->   "%iter_limit = mul i32 %mul84, i32 %conv79"   --->   Operation 28 'mul' 'iter_limit' <Predicate = true> <Delay = 0.70> <CoreInst = "Multiplier">   --->   Core 3 'Multiplier' <Latency = 2> <II = 1> <Delay = 1.92> <FuncUnit> <Opcode : 'mul'> <InPorts = 2> <OutPorts = 1>
ST_4 : Operation 29 [1/1] (0.00ns)   --->   "%conv93 = zext i16 %p_read_10"   --->   Operation 29 'zext' 'conv93' <Predicate = true> <Delay = 0.00>
ST_4 : Operation 30 [3/3] (0.70ns)   --->   "%S3D_7PT_read_ub_itr = mul i32 %mul84, i32 %conv93"   --->   Operation 30 'mul' 'S3D_7PT_read_ub_itr' <Predicate = true> <Delay = 0.70> <CoreInst = "Multiplier">   --->   Core 3 'Multiplier' <Latency = 2> <II = 1> <Delay = 1.92> <FuncUnit> <Opcode : 'mul'> <InPorts = 2> <OutPorts = 1>

State 5 <SV = 4> <Delay = 1.92>
ST_5 : Operation 31 [1/3] (0.00ns) (grouped into DSP with root node plane_diff)   --->   "%mul = mul i16 %p_read_11, i16 %p_read49"   --->   Operation 31 'mul' 'mul' <Predicate = true> <Delay = 0.00> <CoreInst = "DSP48">   --->   Core 132 'DSP48' <Latency = 3> <II = 1> <Delay = 0.53> <IPBlock> <Opcode : 'mul' 'add' 'sub' 'select'> <InPorts = 0> <OutPorts = 1> <Sync> <CReg>
ST_5 : Operation 32 [2/2] (0.64ns) (root node of the DSP)   --->   "%plane_diff = add i16 %mul, i16 65535"   --->   Operation 32 'add' 'plane_diff' <Predicate = true> <Delay = 0.64> <CoreInst = "DSP48">   --->   Core 132 'DSP48' <Latency = 3> <II = 1> <Delay = 0.53> <IPBlock> <Opcode : 'mul' 'add' 'sub' 'select'> <InPorts = 0> <OutPorts = 1> <Sync> <CReg>
ST_5 : Operation 33 [2/3] (1.92ns)   --->   "%iter_limit = mul i32 %mul84, i32 %conv79"   --->   Operation 33 'mul' 'iter_limit' <Predicate = true> <Delay = 1.92> <CoreInst = "Multiplier">   --->   Core 3 'Multiplier' <Latency = 2> <II = 1> <Delay = 1.92> <FuncUnit> <Opcode : 'mul'> <InPorts = 2> <OutPorts = 1>
ST_5 : Operation 34 [2/3] (1.92ns)   --->   "%S3D_7PT_read_ub_itr = mul i32 %mul84, i32 %conv93"   --->   Operation 34 'mul' 'S3D_7PT_read_ub_itr' <Predicate = true> <Delay = 1.92> <CoreInst = "Multiplier">   --->   Core 3 'Multiplier' <Latency = 2> <II = 1> <Delay = 1.92> <FuncUnit> <Opcode : 'mul'> <InPorts = 2> <OutPorts = 1>

State 6 <SV = 5> <Delay = 0.82>
ST_6 : Operation 35 [1/1] (0.00ns)   --->   "%specinterface_ln0 = specinterface void @_ssdm_op_SpecInterface, i256 %arg0_arg1_streams_1313, void @empty_15, i32 0, i32 0, void @empty_20, i32 0, i32 0, void @empty_20, void @empty_20, void @empty_20, i32 0, i32 0, i32 0, i32 0, void @empty_20, void @empty_20, i32 4294967295, i32 0"   --->   Operation 35 'specinterface' 'specinterface_ln0' <Predicate = true> <Delay = 0.00>
ST_6 : Operation 36 [1/1] (0.00ns)   --->   "%specinterface_ln0 = specinterface void @_ssdm_op_SpecInterface, i256 %arg0_arg1_streams_14, void @empty_15, i32 0, i32 0, void @empty_20, i32 0, i32 0, void @empty_20, void @empty_20, void @empty_20, i32 0, i32 0, i32 0, i32 0, void @empty_20, void @empty_20, i32 4294967295, i32 0"   --->   Operation 36 'specinterface' 'specinterface_ln0' <Predicate = true> <Delay = 0.00>
ST_6 : Operation 37 [1/1] (0.00ns)   --->   "%p_read_2 = read i16 @_ssdm_op_Read.ap_auto.i16, i16 %p_read10"   --->   Operation 37 'read' 'p_read_2' <Predicate = true> <Delay = 0.00>
ST_6 : Operation 38 [1/1] (0.00ns)   --->   "%p_read_4 = read i16 @_ssdm_op_Read.ap_auto.i16, i16 %p_read8"   --->   Operation 38 'read' 'p_read_4' <Predicate = true> <Delay = 0.00>
ST_6 : Operation 39 [1/1] (0.00ns)   --->   "%p_read_5 = read i16 @_ssdm_op_Read.ap_auto.i16, i16 %p_read7"   --->   Operation 39 'read' 'p_read_5' <Predicate = true> <Delay = 0.00>
ST_6 : Operation 40 [1/1] (0.00ns)   --->   "%p_read_6 = read i16 @_ssdm_op_Read.ap_auto.i16, i16 %p_read6"   --->   Operation 40 'read' 'p_read_6' <Predicate = true> <Delay = 0.00>
ST_6 : Operation 41 [1/1] (0.00ns)   --->   "%p_read_7 = read i16 @_ssdm_op_Read.ap_auto.i16, i16 %p_read5"   --->   Operation 41 'read' 'p_read_7' <Predicate = true> <Delay = 0.00>
ST_6 : Operation 42 [1/1] (0.00ns)   --->   "%p_read_8 = read i16 @_ssdm_op_Read.ap_auto.i16, i16 %p_read4"   --->   Operation 42 'read' 'p_read_8' <Predicate = true> <Delay = 0.00>
ST_6 : Operation 43 [1/1] (0.00ns)   --->   "%p_read_9 = read i16 @_ssdm_op_Read.ap_auto.i16, i16 %p_read3"   --->   Operation 43 'read' 'p_read_9' <Predicate = true> <Delay = 0.00>
ST_6 : Operation 44 [1/1] (0.00ns)   --->   "%p_read_cast = zext i16 %p_read49"   --->   Operation 44 'zext' 'p_read_cast' <Predicate = true> <Delay = 0.00>
ST_6 : Operation 45 [1/2] (0.64ns) (root node of the DSP)   --->   "%plane_diff = add i16 %mul, i16 65535"   --->   Operation 45 'add' 'plane_diff' <Predicate = true> <Delay = 0.64> <CoreInst = "DSP48">   --->   Core 132 'DSP48' <Latency = 3> <II = 1> <Delay = 0.53> <IPBlock> <Opcode : 'mul' 'add' 'sub' 'select'> <InPorts = 0> <OutPorts = 1> <Sync> <CReg>
ST_6 : Operation 46 [1/3] (0.26ns)   --->   "%iter_limit = mul i32 %mul84, i32 %conv79"   --->   Operation 46 'mul' 'iter_limit' <Predicate = true> <Delay = 0.26> <CoreInst = "Multiplier">   --->   Core 3 'Multiplier' <Latency = 2> <II = 1> <Delay = 1.92> <FuncUnit> <Opcode : 'mul'> <InPorts = 2> <OutPorts = 1>
ST_6 : Operation 47 [1/3] (0.26ns)   --->   "%S3D_7PT_read_ub_itr = mul i32 %mul84, i32 %conv93"   --->   Operation 47 'mul' 'S3D_7PT_read_ub_itr' <Predicate = true> <Delay = 0.26> <CoreInst = "Multiplier">   --->   Core 3 'Multiplier' <Latency = 2> <II = 1> <Delay = 1.92> <FuncUnit> <Opcode : 'mul'> <InPorts = 2> <OutPorts = 1>
ST_6 : Operation 48 [1/1] (0.82ns)   --->   "%cond_x_val = add i16 %p_read49, i16 65535"   --->   Operation 48 'add' 'cond_x_val' <Predicate = true> <Delay = 0.82> <CoreInst = "Adder">   --->   Core 1 'Adder' <Latency = 0> <II = 1> <Delay = 0.82> <FuncUnit> <Opcode : 'add' 'sub'> <InPorts = 2> <OutPorts = 1>
ST_6 : Operation 49 [1/1] (0.82ns)   --->   "%cond_y_val = add i16 %p_read_11, i16 65535"   --->   Operation 49 'add' 'cond_y_val' <Predicate = true> <Delay = 0.82> <CoreInst = "Adder">   --->   Core 1 'Adder' <Latency = 0> <II = 1> <Delay = 0.82> <FuncUnit> <Opcode : 'add' 'sub'> <InPorts = 2> <OutPorts = 1>
ST_6 : Operation 50 [1/1] (0.82ns)   --->   "%cond_z_val = add i16 %p_read_3, i16 65535"   --->   Operation 50 'add' 'cond_z_val' <Predicate = true> <Delay = 0.82> <CoreInst = "Adder">   --->   Core 1 'Adder' <Latency = 0> <II = 1> <Delay = 0.82> <FuncUnit> <Opcode : 'add' 'sub'> <InPorts = 2> <OutPorts = 1>
ST_6 : Operation 51 [1/1] (0.82ns)   --->   "%sub219 = add i17 %p_read_cast, i17 131071"   --->   Operation 51 'add' 'sub219' <Predicate = true> <Delay = 0.82> <CoreInst = "Adder">   --->   Core 1 'Adder' <Latency = 0> <II = 1> <Delay = 0.82> <FuncUnit> <Opcode : 'add' 'sub'> <InPorts = 2> <OutPorts = 1>
ST_6 : Operation 52 [1/1] (0.00ns)   --->   "%br_ln105 = br void %while.body" [/home/x_thileeb/repos/ops-hls-batching-new/codegen_apps/batching/jacobian3d/vck5000_project/hls/device/include/PE_jac3D_kernel_stencil.hpp:105]   --->   Operation 52 'br' 'br_ln105' <Predicate = true> <Delay = 0.00>

State 7 <SV = 6> <Delay = 1.79>
ST_7 : Operation 53 [1/1] (0.00ns)   --->   "%bat_1 = load i16 %bat" [/home/x_thileeb/repos/ops-hls-batching-new/codegen_apps/batching/jacobian3d/vck5000_project/hls/device/include/PE_jac3D_kernel_stencil.hpp:226]   --->   Operation 53 'load' 'bat_1' <Predicate = true> <Delay = 0.00>
ST_7 : Operation 54 [1/1] (0.82ns)   --->   "%bat_2 = add i16 %bat_1, i16 1" [/home/x_thileeb/repos/ops-hls-batching-new/codegen_apps/batching/jacobian3d/vck5000_project/hls/device/include/PE_jac3D_kernel_stencil.hpp:226]   --->   Operation 54 'add' 'bat_2' <Predicate = true> <Delay = 0.82> <CoreInst = "Adder">   --->   Core 1 'Adder' <Latency = 0> <II = 1> <Delay = 0.82> <FuncUnit> <Opcode : 'add' 'sub'> <InPorts = 2> <OutPorts = 1>
ST_7 : Operation 55 [1/1] (0.62ns)   --->   "%icmp_ln105 = icmp_eq  i16 %bat_1, i16 %p_read_2" [/home/x_thileeb/repos/ops-hls-batching-new/codegen_apps/batching/jacobian3d/vck5000_project/hls/device/include/PE_jac3D_kernel_stencil.hpp:105]   --->   Operation 55 'icmp' 'icmp_ln105' <Predicate = true> <Delay = 0.62> <CoreInst = "Cmp">   --->   Core 9 'Cmp' <Latency = 0> <II = 1> <Delay = 0.62> <FuncUnit> <Opcode : 'icmp'> <InPorts = 2> <OutPorts = 1>
ST_7 : Operation 56 [1/1] (0.00ns)   --->   "%br_ln105 = br i1 %icmp_ln105, void %while.body.split, void %while.end.loopexit" [/home/x_thileeb/repos/ops-hls-batching-new/codegen_apps/batching/jacobian3d/vck5000_project/hls/device/include/PE_jac3D_kernel_stencil.hpp:105]   --->   Operation 56 'br' 'br_ln105' <Predicate = true> <Delay = 0.00>
ST_7 : Operation 57 [1/1] (0.00ns)   --->   "%empty = wait i32 @_ssdm_op_Wait"   --->   Operation 57 'wait' 'empty' <Predicate = (!icmp_ln105)> <Delay = 0.00>
ST_7 : Operation 58 [2/2] (1.17ns)   --->   "%call_ln0 = call void @stencilRun_Pipeline_VITIS_LOOP_228_2, i16 %p_read49, i32 %iter_limit, i256 %arg0_arg1_streams_14, i16 %p_read_9, i16 %p_read_6, i16 %p_read_4, i256 %arg0_buf_p0_1_V, i256 %arg0_buf_r0_1_p1_V, i256 %arg0_buf_r1_2_p1_V, i256 %arg0_buf_p1_2_V, i17 %sub219, i16 %plane_diff, i16 %p_read_8, i16 %p_read_5, i16 %p_read_7, i16 %cond_x_val, i16 %cond_y_val, i16 %cond_z_val, i32 %S3D_7PT_read_ub_itr, i256 %arg0_arg1_streams_1313"   --->   Operation 58 'call' 'call_ln0' <Predicate = (!icmp_ln105)> <Delay = 1.17> <CoreType = "Generic">   --->   Core 0 '' <Latency = 0> <II = 1> <Delay = 1.00> <Generic> <Opcode : >
ST_7 : Operation 59 [1/1] (0.39ns)   --->   "%store_ln105 = store i16 %bat_2, i16 %bat" [/home/x_thileeb/repos/ops-hls-batching-new/codegen_apps/batching/jacobian3d/vck5000_project/hls/device/include/PE_jac3D_kernel_stencil.hpp:105]   --->   Operation 59 'store' 'store_ln105' <Predicate = (!icmp_ln105)> <Delay = 0.39>
ST_7 : Operation 60 [1/1] (0.00ns)   --->   "%ret_ln499 = ret" [/home/x_thileeb/repos/ops-hls-batching-new/codegen_apps/batching/jacobian3d/vck5000_project/hls/device/include/PE_jac3D_kernel_stencil.hpp:499]   --->   Operation 60 'ret' 'ret_ln499' <Predicate = (icmp_ln105)> <Delay = 0.00>

State 8 <SV = 7> <Delay = 0.00>
ST_8 : Operation 61 [1/1] (0.00ns)   --->   "%specloopname_ln88 = specloopname void @_ssdm_op_SpecLoopName, void @empty_6" [/home/x_thileeb/repos/ops-hls-batching-new/codegen_apps/batching/jacobian3d/vck5000_project/hls/device/include/PE_jac3D_kernel_stencil.hpp:88]   --->   Operation 61 'specloopname' 'specloopname_ln88' <Predicate = true> <Delay = 0.00>
ST_8 : Operation 62 [1/1] (0.00ns)   --->   "%specmemcore_ln186 = specmemcore void @_ssdm_op_SpecMemCore, i256 %arg0_buf_p0_1_V, i64 666, i64 28, i64 2" [/home/x_thileeb/repos/ops-hls-batching-new/codegen_apps/batching/jacobian3d/vck5000_project/hls/device/include/PE_jac3D_kernel_stencil.hpp:186]   --->   Operation 62 'specmemcore' 'specmemcore_ln186' <Predicate = true> <Delay = 0.00>
ST_8 : Operation 63 [1/1] (0.00ns)   --->   "%specmemcore_ln190 = specmemcore void @_ssdm_op_SpecMemCore, i256 %arg0_buf_r0_1_p1_V, i64 666, i64 25, i64 2" [/home/x_thileeb/repos/ops-hls-batching-new/codegen_apps/batching/jacobian3d/vck5000_project/hls/device/include/PE_jac3D_kernel_stencil.hpp:190]   --->   Operation 63 'specmemcore' 'specmemcore_ln190' <Predicate = true> <Delay = 0.00>
ST_8 : Operation 64 [1/1] (0.00ns)   --->   "%specmemcore_ln194 = specmemcore void @_ssdm_op_SpecMemCore, i256 %arg0_buf_r1_2_p1_V, i64 666, i64 25, i64 2" [/home/x_thileeb/repos/ops-hls-batching-new/codegen_apps/batching/jacobian3d/vck5000_project/hls/device/include/PE_jac3D_kernel_stencil.hpp:194]   --->   Operation 64 'specmemcore' 'specmemcore_ln194' <Predicate = true> <Delay = 0.00>
ST_8 : Operation 65 [1/1] (0.00ns)   --->   "%specmemcore_ln198 = specmemcore void @_ssdm_op_SpecMemCore, i256 %arg0_buf_p1_2_V, i64 666, i64 28, i64 2" [/home/x_thileeb/repos/ops-hls-batching-new/codegen_apps/batching/jacobian3d/vck5000_project/hls/device/include/PE_jac3D_kernel_stencil.hpp:198]   --->   Operation 65 'specmemcore' 'specmemcore_ln198' <Predicate = true> <Delay = 0.00>
ST_8 : Operation 66 [1/2] (0.00ns)   --->   "%call_ln0 = call void @stencilRun_Pipeline_VITIS_LOOP_228_2, i16 %p_read49, i32 %iter_limit, i256 %arg0_arg1_streams_14, i16 %p_read_9, i16 %p_read_6, i16 %p_read_4, i256 %arg0_buf_p0_1_V, i256 %arg0_buf_r0_1_p1_V, i256 %arg0_buf_r1_2_p1_V, i256 %arg0_buf_p1_2_V, i17 %sub219, i16 %plane_diff, i16 %p_read_8, i16 %p_read_5, i16 %p_read_7, i16 %cond_x_val, i16 %cond_y_val, i16 %cond_z_val, i32 %S3D_7PT_read_ub_itr, i256 %arg0_arg1_streams_1313"   --->   Operation 66 'call' 'call_ln0' <Predicate = true> <Delay = 0.00> <CoreType = "Generic">   --->   Core 0 '' <Latency = 0> <II = 1> <Delay = 1.00> <Generic> <Opcode : >
ST_8 : Operation 67 [1/1] (0.00ns)   --->   "%br_ln105 = br void %while.body" [/home/x_thileeb/repos/ops-hls-batching-new/codegen_apps/batching/jacobian3d/vck5000_project/hls/device/include/PE_jac3D_kernel_stencil.hpp:105]   --->   Operation 67 'br' 'br_ln105' <Predicate = true> <Delay = 0.00>


============================================================
+ Verbose Summary: Timing violations
============================================================
Target clock period: 3.33ns, clock uncertainty: 0.9ns.

 <State 1>: 1.18ns
The critical path consists of the following:
	'alloca' operation ('arg0_buf_p0_1.V', /home/x_thileeb/repos/ops-hls-batching-new/codegen_apps/batching/jacobian3d/vck5000_project/hls/device/include/PE_jac3D_kernel_stencil.hpp:185) [28]  (1.18 ns)

 <State 2>: 0.535ns
The critical path consists of the following:
	'mul' operation of DSP[38] ('mul84') [38]  (0.535 ns)

 <State 3>: 0.796ns
The critical path consists of the following:
	'mul' operation of DSP[36] ('mul') [35]  (0.796 ns)

 <State 4>: 0.796ns
The critical path consists of the following:
	'mul' operation of DSP[36] ('mul') [35]  (0.796 ns)

 <State 5>: 1.93ns
The critical path consists of the following:
	'mul' operation ('iter_limit') [39]  (1.93 ns)

 <State 6>: 0.82ns
The critical path consists of the following:
	'add' operation ('cond_x_val') [42]  (0.82 ns)

 <State 7>: 1.8ns
The critical path consists of the following:
	'load' operation ('bat', /home/x_thileeb/repos/ops-hls-batching-new/codegen_apps/batching/jacobian3d/vck5000_project/hls/device/include/PE_jac3D_kernel_stencil.hpp:226) on local variable 'bat' [49]  (0 ns)
	'add' operation ('bat', /home/x_thileeb/repos/ops-hls-batching-new/codegen_apps/batching/jacobian3d/vck5000_project/hls/device/include/PE_jac3D_kernel_stencil.hpp:226) [50]  (0.82 ns)
	'store' operation ('store_ln105', /home/x_thileeb/repos/ops-hls-batching-new/codegen_apps/batching/jacobian3d/vck5000_project/hls/device/include/PE_jac3D_kernel_stencil.hpp:105) of variable 'bat', /home/x_thileeb/repos/ops-hls-batching-new/codegen_apps/batching/jacobian3d/vck5000_project/hls/device/include/PE_jac3D_kernel_stencil.hpp:226 on local variable 'bat' [61]  (0.394 ns)
	blocking operation 0.582 ns on control path)

 <State 8>: 0ns
The critical path consists of the following:


============================================================
+ Verbose Summary: Binding
============================================================
N/A
* FSMD analyzer results:
  - Output states:
 - Input state : 
  - Chain level:
	State 1
	State 2
	State 3
	State 4
	State 5
	State 6
	State 7
	State 8


============================================================
+ Verbose Summary: Datapath Resource usage 
============================================================
N/A
