

================================================================
== Vitis HLS Report for 'stream2axisTileStepdown2D_Pipeline_beat_loop'
================================================================
* Date:           Tue Aug 11 20:27:56 2026

* Version:        2022.2 (Build 3670227 on Oct 13 2022)
* Project:        datamover_outerloop_0
* Solution:       solution (Vitis Kernel Flow Target)
* Product family: virtexuplus
* Target device:  xcu280-fsvh2892-2L-e


================================================================
== Performance Estimates
================================================================
+ Timing: 
    * Summary: 
    +--------+---------+----------+------------+
    |  Clock |  Target | Estimated| Uncertainty|
    +--------+---------+----------+------------+
    |ap_clk  |  3.33 ns|  1.142 ns|     0.90 ns|
    +--------+---------+----------+------------+

+ Latency: 
    * Summary: 
    +---------+---------+----------+----------+-----+------+---------+
    |  Latency (cycles) |  Latency (absolute) |  Interval  | Pipeline|
    |   min   |   max   |    min   |    max   | min |  max |   Type  |
    +---------+---------+----------+----------+-----+------+---------+
    |        3|     1026|  9.999 ns|  3.420 us|    3|  1026|       no|
    +---------+---------+----------+----------+-----+------+---------+

    + Detail: 
        * Instance: 
        N/A

        * Loop: 
        +-------------+---------+---------+----------+-----------+-----------+----------+----------+
        |             |  Latency (cycles) | Iteration|  Initiation Interval  |   Trip   |          |
        |  Loop Name  |   min   |   max   |  Latency |  achieved |   target  |   Count  | Pipelined|
        +-------------+---------+---------+----------+-----------+-----------+----------+----------+
        |- beat_loop  |        1|     1024|         2|          1|          1|  1 ~ 1024|       yes|
        +-------------+---------+---------+----------+-----------+-----------+----------+----------+



================================================================
== Utilization Estimates
================================================================
* Summary: 
+---------------------+---------+------+---------+---------+-----+
|         Name        | BRAM_18K|  DSP |    FF   |   LUT   | URAM|
+---------------------+---------+------+---------+---------+-----+
|DSP                  |        -|     -|        -|        -|    -|
|Expression           |        -|     -|        0|       42|    -|
|FIFO                 |        -|     -|        -|        -|    -|
|Instance             |        -|     -|        -|        -|    -|
|Memory               |        -|     -|        -|        -|    -|
|Multiplexer          |        -|     -|        -|       72|    -|
|Register             |        -|     -|       16|        -|    -|
+---------------------+---------+------+---------+---------+-----+
|Total                |        0|     0|       16|      114|    0|
+---------------------+---------+------+---------+---------+-----+
|Available SLR        |     1344|  3008|   869120|   434560|  320|
+---------------------+---------+------+---------+---------+-----+
|Utilization SLR (%)  |        0|     0|       ~0|       ~0|    0|
+---------------------+---------+------+---------+---------+-----+
|Available            |     4032|  9024|  2607360|  1303680|  960|
+---------------------+---------+------+---------+---------+-----+
|Utilization (%)      |        0|     0|       ~0|       ~0|    0|
+---------------------+---------+------+---------+---------+-----+

+ Detail: 
    * Instance: 
    N/A

    * DSP: 
    N/A

    * Memory: 
    N/A

    * FIFO: 
    N/A

    * Expression: 
    +----------------------------------+----------+----+---+----+------------+------------+
    |           Variable Name          | Operation| DSP| FF| LUT| Bitwidth P0| Bitwidth P1|
    +----------------------------------+----------+----+---+----+------------+------------+
    |x_2_fu_150_p2                     |         +|   0|  0|  20|          13|           1|
    |ap_block_pp0_stage0_01001         |       and|   0|  0|   2|           1|           1|
    |ap_block_pp0_stage0_11001         |       and|   0|  0|   2|           1|           1|
    |icmp_ln6342_fu_144_p2             |      icmp|   0|  0|  12|          13|          13|
    |ap_block_state2_io                |        or|   0|  0|   2|           1|           1|
    |ap_block_state2_pp0_stage0_iter1  |        or|   0|  0|   2|           1|           1|
    |ap_enable_pp0                     |       xor|   0|  0|   2|           1|           2|
    +----------------------------------+----------+----+---+----+------------+------------+
    |Total                             |          |   0|  0|  42|          31|          20|
    +----------------------------------+----------+----+---+----+------------+------------+

    * Multiplexer: 
    +-------------------------------+----+-----------+-----+-----------+
    |              Name             | LUT| Input Size| Bits| Total Bits|
    +-------------------------------+----+-----------+-----+-----------+
    |ap_done_int                    |   9|          2|    1|          2|
    |ap_enable_reg_pp0_iter1        |   9|          2|    1|          2|
    |ap_sig_allocacmp_x_1           |   9|          2|   13|         26|
    |arg0_6_axis_out_TDATA_blk_n    |   9|          2|    1|          2|
    |arg0_7_axis_out_TDATA_blk_n    |   9|          2|    1|          2|
    |arg0_read_mem_strm_g3_0_blk_n  |   9|          2|    1|          2|
    |arg0_read_mem_strm_g3_1_blk_n  |   9|          2|    1|          2|
    |x_fu_74                        |   9|          2|   13|         26|
    +-------------------------------+----+-----------+-----+-----------+
    |Total                          |  72|         16|   32|         64|
    +-------------------------------+----+-----------+-----+-----------+

    * Register: 
    +-------------------------+----+----+-----+-----------+
    |           Name          | FF | LUT| Bits| Const Bits|
    +-------------------------+----+----+-----+-----------+
    |ap_CS_fsm                |   1|   0|    1|          0|
    |ap_done_reg              |   1|   0|    1|          0|
    |ap_enable_reg_pp0_iter1  |   1|   0|    1|          0|
    |x_fu_74                  |  13|   0|   13|          0|
    +-------------------------+----+----+-----+-----------+
    |Total                    |  16|   0|   16|          0|
    +-------------------------+----+----+-----+-----------+



================================================================
== Interface
================================================================
* Summary: 
+----------------------------------------+-----+-----+------------+----------------------------------------------+--------------+
|                RTL Ports               | Dir | Bits|  Protocol  |                 Source Object                |    C Type    |
+----------------------------------------+-----+-----+------------+----------------------------------------------+--------------+
|ap_clk                                  |   in|    1|  ap_ctrl_hs|  stream2axisTileStepdown2D_Pipeline_beat_loop|  return value|
|ap_rst                                  |   in|    1|  ap_ctrl_hs|  stream2axisTileStepdown2D_Pipeline_beat_loop|  return value|
|ap_start                                |   in|    1|  ap_ctrl_hs|  stream2axisTileStepdown2D_Pipeline_beat_loop|  return value|
|ap_done                                 |  out|    1|  ap_ctrl_hs|  stream2axisTileStepdown2D_Pipeline_beat_loop|  return value|
|ap_idle                                 |  out|    1|  ap_ctrl_hs|  stream2axisTileStepdown2D_Pipeline_beat_loop|  return value|
|ap_ready                                |  out|    1|  ap_ctrl_hs|  stream2axisTileStepdown2D_Pipeline_beat_loop|  return value|
|arg0_read_mem_strm_g3_0_dout            |   in|  256|     ap_fifo|                       arg0_read_mem_strm_g3_0|       pointer|
|arg0_read_mem_strm_g3_0_num_data_valid  |   in|    5|     ap_fifo|                       arg0_read_mem_strm_g3_0|       pointer|
|arg0_read_mem_strm_g3_0_fifo_cap        |   in|    5|     ap_fifo|                       arg0_read_mem_strm_g3_0|       pointer|
|arg0_read_mem_strm_g3_0_empty_n         |   in|    1|     ap_fifo|                       arg0_read_mem_strm_g3_0|       pointer|
|arg0_read_mem_strm_g3_0_read            |  out|    1|     ap_fifo|                       arg0_read_mem_strm_g3_0|       pointer|
|arg0_read_mem_strm_g3_1_dout            |   in|  256|     ap_fifo|                       arg0_read_mem_strm_g3_1|       pointer|
|arg0_read_mem_strm_g3_1_num_data_valid  |   in|    5|     ap_fifo|                       arg0_read_mem_strm_g3_1|       pointer|
|arg0_read_mem_strm_g3_1_fifo_cap        |   in|    5|     ap_fifo|                       arg0_read_mem_strm_g3_1|       pointer|
|arg0_read_mem_strm_g3_1_empty_n         |   in|    1|     ap_fifo|                       arg0_read_mem_strm_g3_1|       pointer|
|arg0_read_mem_strm_g3_1_read            |  out|    1|     ap_fifo|                       arg0_read_mem_strm_g3_1|       pointer|
|arg0_6_axis_out_TREADY                  |   in|    1|        axis|                      arg0_6_axis_out_V_data_V|       pointer|
|arg0_6_axis_out_TDATA                   |  out|  256|        axis|                      arg0_6_axis_out_V_data_V|       pointer|
|arg0_7_axis_out_TREADY                  |   in|    1|        axis|                      arg0_7_axis_out_V_data_V|       pointer|
|arg0_7_axis_out_TDATA                   |  out|  256|        axis|                      arg0_7_axis_out_V_data_V|       pointer|
|select_ln6323                           |   in|   13|     ap_none|                                 select_ln6323|        scalar|
|arg0_6_axis_out_TVALID                  |  out|    1|        axis|                      arg0_6_axis_out_V_last_V|       pointer|
|arg0_6_axis_out_TLAST                   |  out|    1|        axis|                      arg0_6_axis_out_V_last_V|       pointer|
|arg0_6_axis_out_TKEEP                   |  out|   32|        axis|                      arg0_6_axis_out_V_keep_V|       pointer|
|arg0_6_axis_out_TSTRB                   |  out|   32|        axis|                      arg0_6_axis_out_V_strb_V|       pointer|
|arg0_7_axis_out_TVALID                  |  out|    1|        axis|                      arg0_7_axis_out_V_last_V|       pointer|
|arg0_7_axis_out_TLAST                   |  out|    1|        axis|                      arg0_7_axis_out_V_last_V|       pointer|
|arg0_7_axis_out_TKEEP                   |  out|   32|        axis|                      arg0_7_axis_out_V_keep_V|       pointer|
|arg0_7_axis_out_TSTRB                   |  out|   32|        axis|                      arg0_7_axis_out_V_strb_V|       pointer|
+----------------------------------------+-----+-----+------------+----------------------------------------------+--------------+

