Copyright 1986-2022 Xilinx, Inc. All Rights Reserved.
---------------------------------------------------------------------------------------
| Tool Version : Vivado v.2022.2 (lin64) Build 3671981 Fri Oct 14 04:59:54 MDT 2022
| Date         : Sat Jul 25 02:40:59 2026
| Host         : acclnode01 running 64-bit Ubuntu 20.04.6 LTS
| Command      : report_utilization -file full_util_routed.rpt -pb full_util_routed.pb
| Design       : level0_wrapper
| Device       : xcu280-fsvh2892-2L-e
| Speed File   : -2L
| Design State : Routed
---------------------------------------------------------------------------------------

Utilization Design Information

Table of Contents
-----------------
1. CLB Logic
1.1 Summary of Registers by Type
2. CLB Logic Distribution
3. BLOCKRAM
4. ARITHMETIC
5. I/O
6. CLOCK
7. ADVANCED
8. CONFIGURATION
9. Primitives
10. Black Boxes
11. Instantiated Netlists
12. SLR Connectivity
13. SLR Connectivity Matrix
14. SLR CLB Logic and Dedicated Block Utilization
15. SLR IO Utilization

1. CLB Logic
------------

+----------------------------+--------+--------+------------+-----------+-------+
|          Site Type         |  Used  |  Fixed | Prohibited | Available | Util% |
+----------------------------+--------+--------+------------+-----------+-------+
| CLB LUTs                   | 533977 | 107629 |          0 |   1303680 | 40.96 |
|   LUT as Logic             | 481001 | 101652 |          0 |   1303680 | 36.90 |
|   LUT as Memory            |  52976 |   5977 |          0 |    600960 |  8.82 |
|     LUT as Distributed RAM |  11160 |   4564 |            |           |       |
|     LUT as Shift Register  |  41816 |   1413 |            |           |       |
| CLB Registers              | 857738 | 136086 |          0 |   2607360 | 32.90 |
|   Register as Flip Flop    | 857734 | 136082 |          0 |   2607360 | 32.90 |
|   Register as Latch        |      0 |      0 |          0 |   2607360 |  0.00 |
|   Register as AND/OR       |      4 |      4 |          0 |   2607360 | <0.01 |
| CARRY8                     |  19706 |    946 |          0 |    162960 | 12.09 |
| F7 Muxes                   |  11268 |   1683 |          0 |    651840 |  1.73 |
| F8 Muxes                   |    452 |    446 |          0 |    325920 |  0.14 |
| F9 Muxes                   |      0 |      0 |          0 |    162960 |  0.00 |
+----------------------------+--------+--------+------------+-----------+-------+
* Warning! LUT value is adjusted to account for LUT combining.


1.1 Summary of Registers by Type
--------------------------------

+--------+--------------+-------------+--------------+
|  Total | Clock Enable | Synchronous | Asynchronous |
+--------+--------------+-------------+--------------+
| 4      |            _ |           - |            - |
| 0      |            _ |           - |          Set |
| 0      |            _ |           - |        Reset |
| 0      |            _ |         Set |            - |
| 0      |            _ |       Reset |            - |
| 0      |          Yes |           - |            - |
| 398    |          Yes |           - |          Set |
| 3572   |          Yes |           - |        Reset |
| 6586   |          Yes |         Set |            - |
| 847178 |          Yes |       Reset |            - |
+--------+--------------+-------------+--------------+


2. CLB Logic Distribution
-------------------------

+--------------------------------------------+--------+--------+------------+-----------+-------+
|                  Site Type                 |  Used  |  Fixed | Prohibited | Available | Util% |
+--------------------------------------------+--------+--------+------------+-----------+-------+
| CLB                                        | 126888 |      0 |          0 |    162960 | 77.86 |
|   CLBL                                     |  64980 |      0 |            |           |       |
|   CLBM                                     |  61908 |      0 |            |           |       |
| LUT as Logic                               | 481001 | 101652 |          0 |   1303680 | 36.90 |
|   using O5 output only                     |   4802 |        |            |           |       |
|   using O6 output only                     | 320234 |        |            |           |       |
|   using O5 and O6                          | 155965 |        |            |           |       |
| LUT as Memory                              |  52976 |   5977 |          0 |    600960 |  8.82 |
|   LUT as Distributed RAM                   |  11160 |   4564 |            |           |       |
|     using O5 output only                   |      0 |        |            |           |       |
|     using O6 output only                   |    638 |        |            |           |       |
|     using O5 and O6                        |  10522 |        |            |           |       |
|   LUT as Shift Register                    |  41816 |   1413 |            |           |       |
|     using O5 output only                   |      0 |        |            |           |       |
|     using O6 output only                   |  25924 |        |            |           |       |
|     using O5 and O6                        |  15892 |        |            |           |       |
| CLB Registers                              | 857738 |      0 |          0 |   2607360 | 32.90 |
|   Register driven from within the CLB      | 327299 |        |            |           |       |
|   Register driven from outside the CLB     | 530439 |        |            |           |       |
|     LUT in front of the register is unused | 387074 |        |            |           |       |
|     LUT in front of the register is used   | 143365 |        |            |           |       |
| Unique Control Sets                        |  13085 |        |          0 |    325920 |  4.01 |
+--------------------------------------------+--------+--------+------------+-----------+-------+
* * Note: Available Control Sets calculated as Slices * 2, Review the Control Sets Report for more information regarding control sets.


3. BLOCKRAM
-----------

+-------------------+-------+-------+------------+-----------+-------+
|     Site Type     |  Used | Fixed | Prohibited | Available | Util% |
+-------------------+-------+-------+------------+-----------+-------+
| Block RAM Tile    | 476.5 |     0 |          0 |      2016 | 23.64 |
|   RAMB36/FIFO*    |   473 |   193 |          0 |      2016 | 23.46 |
|     RAMB36E2 only |   473 |       |            |           |       |
|   RAMB18          |     7 |     5 |          0 |      4032 |  0.17 |
|     RAMB18E2 only |     7 |       |            |           |       |
| URAM              |   648 |     0 |          0 |       960 | 67.50 |
+-------------------+-------+-------+------------+-----------+-------+
* Note: Each Block RAM Tile only has one FIFO logic available and therefore can accommodate only one FIFO36E2 or one FIFO18E2. However, if a FIFO18E2 occupies a Block RAM Tile, that tile can still accommodate a RAMB18E2


4. ARITHMETIC
-------------

+----------------+------+-------+------------+-----------+-------+
|    Site Type   | Used | Fixed | Prohibited | Available | Util% |
+----------------+------+-------+------------+-----------+-------+
| DSPs           | 7305 |     4 |          0 |      9024 | 80.95 |
|   DSP48E2 only | 7305 |       |            |           |       |
+----------------+------+-------+------------+-----------+-------+


5. I/O
------

+------------------+------+-------+------------+-----------+-------+
|     Site Type    | Used | Fixed | Prohibited | Available | Util% |
+------------------+------+-------+------------+-----------+-------+
| Bonded IOB       |   16 |    16 |          0 |       624 |  2.56 |
| HPIOB_M          |    6 |     6 |          0 |       288 |  2.08 |
|   INPUT          |    4 |       |            |           |       |
|   OUTPUT         |    2 |       |            |           |       |
|   BIDIR          |    0 |       |            |           |       |
| HPIOB_S          |    8 |     8 |          0 |       288 |  2.78 |
|   INPUT          |    4 |       |            |           |       |
|   OUTPUT         |    4 |       |            |           |       |
|   BIDIR          |    0 |       |            |           |       |
| HPIOB_SNGL       |    2 |     2 |          0 |        48 |  4.17 |
|   INPUT          |    1 |       |            |           |       |
|   OUTPUT         |    1 |       |            |           |       |
|   BIDIR          |    0 |       |            |           |       |
| HPIOBDIFFINBUF   |    1 |     1 |          0 |       288 |  0.35 |
|   DIFFINBUF      |    1 |     1 |            |           |       |
| HPIOBDIFFOUTBUF  |    0 |     0 |          0 |       288 |  0.00 |
| BITSLICE_CONTROL |    0 |     0 |          0 |        96 |  0.00 |
| BITSLICE_RX_TX   |    0 |     0 |          0 |      3744 |  0.00 |
| BITSLICE_TX      |    0 |     0 |          0 |        96 |  0.00 |
| RIU_OR           |    0 |     0 |          0 |        48 |  0.00 |
+------------------+------+-------+------------+-----------+-------+


6. CLOCK
--------

+----------------------+------+-------+------------+-----------+-------+
|       Site Type      | Used | Fixed | Prohibited | Available | Util% |
+----------------------+------+-------+------------+-----------+-------+
| GLOBAL CLOCK BUFFERs |   43 |    32 |          0 |      1008 |  4.27 |
|   BUFGCE             |   16 |     5 |          0 |       288 |  5.56 |
|   BUFGCE_DIV         |    1 |     1 |          0 |        48 |  2.08 |
|   BUFG_GT            |   22 |    22 |          0 |       576 |  3.82 |
|   BUFGCTRL*          |    2 |     2 |          0 |        96 |  2.08 |
| PLL                  |    1 |     1 |          0 |        24 |  4.17 |
| MMCM                 |    3 |     1 |          0 |        12 | 25.00 |
+----------------------+------+-------+------------+-----------+-------+
* Note: Each used BUFGCTRL counts as two GLOBAL CLOCK BUFFERs. This table does not include global clocking resources, only buffer cell usage. See the Clock Utilization Report (report_clock_utilization) for detailed accounting of global clocking resource availability.


7. ADVANCED
-----------

+----------------------+------+-------+------------+-----------+-------+
|       Site Type      | Used | Fixed | Prohibited | Available | Util% |
+----------------------+------+-------+------------+-----------+-------+
| CMACE4               |    0 |     0 |          0 |         8 |  0.00 |
| GTYE4_CHANNEL        |   16 |    16 |          0 |        24 | 66.67 |
| GTYE4_COMMON         |    4 |     4 |          0 |         6 | 66.67 |
| HBM_REF_CLK          |    1 |     1 |          0 |         2 | 50.00 |
| HBM_SNGLBLI_INTF_APB |    1 |     1 |          0 |        32 |  3.13 |
| HBM_SNGLBLI_INTF_AXI |   16 |    16 |          0 |        32 | 50.00 |
| ILKNE4               |    0 |     0 |          0 |         4 |  0.00 |
| OBUFDS_GTE4          |    0 |     0 |          0 |        12 |  0.00 |
| OBUFDS_GTE4_ADV      |    0 |     0 |          0 |        12 |  0.00 |
| PCIE40E4             |    0 |     0 |          0 |         2 |  0.00 |
| PCIE4CE4             |    1 |     1 |          0 |         4 | 25.00 |
| SYSMONE4             |    0 |     0 |          0 |         3 |  0.00 |
+----------------------+------+-------+------------+-----------+-------+


8. CONFIGURATION
----------------

+-------------+------+-------+------------+-----------+-------+
|  Site Type  | Used | Fixed | Prohibited | Available | Util% |
+-------------+------+-------+------------+-----------+-------+
| BSCANE2     |    1 |     1 |          0 |        12 |  8.33 |
| DNA_PORTE2  |    0 |     0 |          0 |         3 |  0.00 |
| EFUSE_USR   |    0 |     0 |          0 |         3 |  0.00 |
| FRAME_ECCE4 |    0 |     0 |          0 |         3 |  0.00 |
| ICAPE3      |    1 |     1 |          0 |         6 | 16.67 |
| MASTER_JTAG |    0 |     0 |          0 |         3 |  0.00 |
| STARTUPE3   |    1 |     1 |          0 |         3 | 33.33 |
+-------------+------+-------+------------+-----------+-------+


9. Primitives
-------------

+----------------------+--------+---------------------+
|       Ref Name       |  Used  | Functional Category |
+----------------------+--------+---------------------+
| FDRE                 | 847178 |            Register |
| LUT6                 | 172636 |                 CLB |
| LUT3                 | 148748 |                 CLB |
| LUT4                 | 113606 |                 CLB |
| LUT5                 | 112851 |                 CLB |
| LUT2                 |  74971 |                 CLB |
| SRL16E               |  32452 |                 CLB |
| SRLC32E              |  25242 |                 CLB |
| CARRY8               |  19706 |                 CLB |
| RAMD32               |  18472 |                 CLB |
| LUT1                 |  14154 |                 CLB |
| MUXF7                |  11268 |                 CLB |
| DSP48E2              |   7305 |          Arithmetic |
| FDSE                 |   6586 |            Register |
| FDCE                 |   3572 |            Register |
| RAMS32               |   2642 |                 CLB |
| URAM288              |    648 |            BLOCKRAM |
| RAMD64E              |    528 |                 CLB |
| RAMB36E2             |    473 |            BLOCKRAM |
| MUXF8                |    452 |                 CLB |
| FDPE                 |    398 |            Register |
| RAMS64E              |     40 |                 CLB |
| BUFG_GT              |     22 |               Clock |
| BUFG_GT_SYNC         |     17 |               Clock |
| HBM_SNGLBLI_INTF_AXI |     16 |            Advanced |
| GTYE4_CHANNEL        |     16 |            Advanced |
| BUFGCE               |     16 |               Clock |
| SRLC16E              |     14 |                 CLB |
| IBUFCTRL             |      8 |              Others |
| RAMB18E2             |      7 |            BLOCKRAM |
| OBUF                 |      7 |                 I/O |
| INBUF                |      7 |                 I/O |
| GTYE4_COMMON         |      4 |            Advanced |
| AND2B1L              |      4 |              Others |
| MMCME4_ADV           |      3 |               Clock |
| BUFGCTRL             |      2 |               Clock |
| STARTUPE3            |      1 |       Configuration |
| PLLE4_ADV            |      1 |               Clock |
| PCIE4CE4             |      1 |            Advanced |
| ICAPE3               |      1 |       Configuration |
| IBUFDS_GTE4          |      1 |                 I/O |
| HBM_SNGLBLI_INTF_APB |      1 |            Advanced |
| HBM_REF_CLK          |      1 |            Advanced |
| DIFFINBUF            |      1 |                 I/O |
| BUFGCE_DIV           |      1 |               Clock |
| BSCANE2              |      1 |       Configuration |
+----------------------+--------+---------------------+


10. Black Boxes
---------------

+----------+------+
| Ref Name | Used |
+----------+------+


11. Instantiated Netlists
-------------------------

+------------------------------------------------------+------+
|                       Ref Name                       | Used |
+------------------------------------------------------+------+
| xsdbm                                                |    1 |
| ulp_xbar_3                                           |    1 |
| ulp_xbar_2                                           |    1 |
| ulp_xbar_1                                           |    1 |
| ulp_xbar_0                                           |    1 |
| ulp_ulp_ucs_0                                        |    1 |
| ulp_ulp_cmp_0                                        |    1 |
| ulp_s00_regslice_17                                  |    1 |
| ulp_s00_regslice_16                                  |    1 |
| ulp_s00_regslice_15                                  |    1 |
| ulp_repeater_outerloop_0_1_0                         |    1 |
| ulp_regslice_control_userpf_2                        |    1 |
| ulp_regslice_control_userpf_1                        |    1 |
| ulp_regslice_control_userpf_0                        |    1 |
| ulp_proc_sys_reset_kernel_slr2_0                     |    1 |
| ulp_proc_sys_reset_kernel_slr1_0                     |    1 |
| ulp_proc_sys_reset_kernel_slr0_0                     |    1 |
| ulp_proc_sys_reset_ctrl_slr2_0                       |    1 |
| ulp_proc_sys_reset_ctrl_slr1_0                       |    1 |
| ulp_proc_sys_reset_ctrl_slr0_0                       |    1 |
| ulp_m02_regslice_0                                   |    1 |
| ulp_m01_regslice_5                                   |    1 |
| ulp_m01_regslice_4                                   |    1 |
| ulp_m01_regslice_3                                   |    1 |
| ulp_m00_regslice_5                                   |    1 |
| ulp_m00_regslice_4                                   |    1 |
| ulp_m00_regslice_3                                   |    1 |
| ulp_kernel_outerloop_inst_0_3_0                      |    1 |
| ulp_kernel_outerloop_inst_0_2_0                      |    1 |
| ulp_kernel_outerloop_inst_0_1_0                      |    1 |
| ulp_ii_level0_wire_0                                 |    1 |
| ulp_hmss_0_0                                         |    1 |
| ulp_datamover_outerloop_0_1_0                        |    1 |
| ulp_buffer_repeater_outerloop_0_1_arg1_axis_out_0    |    1 |
| ulp_buffer_kernel_outerloop_inst_0_2_arg1_axis_out_0 |    1 |
| ulp_buffer_kernel_outerloop_inst_0_1_arg1_axis_out_0 |    1 |
| ulp_buffer_datamover_outerloop_0_1_arg0_axis_out_0   |    1 |
| ulp_axi_vip_data_0                                   |    1 |
| ulp_axi_vip_ctrl_userpf_2                            |    1 |
| ulp_axi_vip_ctrl_userpf_1                            |    1 |
| ulp_axi_vip_ctrl_userpf_0                            |    1 |
| ulp_axi_gpio_null_2                                  |    1 |
| ulp_axi_gpio_null_1                                  |    1 |
| ulp_axi_gpio_null_0                                  |    1 |
| ulp_auto_cc_6                                        |    1 |
| ulp_auto_cc_5                                        |    1 |
| ulp_auto_cc_4                                        |    1 |
| ulp_auto_cc_3                                        |    1 |
| ulp_auto_cc_2                                        |    1 |
| ulp_auto_cc_1                                        |    1 |
| ulp_auto_cc_0                                        |    1 |
| ulp                                                  |    1 |
| level0_ii_level0_pipe_0                              |    1 |
| blp_wrapper                                          |    1 |
| bd_85ad_vip_S02_0                                    |    1 |
| bd_85ad_vip_S01_0                                    |    1 |
| bd_85ad_vip_S00_0                                    |    1 |
| bd_85ad_slice2_1_0                                   |    1 |
| bd_85ad_slice1_0_0                                   |    1 |
| bd_85ad_slice0_2_0                                   |    1 |
| bd_85ad_interconnect2_1_0                            |    1 |
| bd_85ad_interconnect1_0_0                            |    1 |
| bd_85ad_interconnect0_2_0                            |    1 |
| bd_85ad_init_reduce_0                                |    1 |
| bd_85ad_hbm_reset_sync_SLR2_0                        |    1 |
| bd_85ad_hbm_reset_sync_SLR0_0                        |    1 |
| bd_85ad_hbm_inst_0                                   |    1 |
| bd_85ad_axi_apb_bridge_inst_0                        |    1 |
| bd_7cf0_bsip_0                                       |    1 |
| bd_7cf0_bs_switch_1_0                                |    1 |
| bd_7cf0_axi_jtag_0                                   |    1 |
| bd_58f6_xsdbm_0                                      |    1 |
| bd_58f6_lut_buffer_0                                 |    1 |
| bd_22c0_xbar_1                                       |    1 |
| bd_22c0_xbar_0                                       |    1 |
| bd_22c0_psreset_kernel_01_0                          |    1 |
| bd_22c0_psreset_kernel_00_0                          |    1 |
| bd_22c0_psreset_hbm_0                                |    1 |
| bd_22c0_psreset_aclk_freerun_0                       |    1 |
| bd_22c0_gpio_ucs_control_status_0                    |    1 |
| bd_22c0_gpio_gapping_demand_0                        |    1 |
| bd_22c0_gapping_demand_update_0                      |    1 |
| bd_22c0_gapping_demand_toggle_0                      |    1 |
| bd_22c0_frequency_counter_aclk_kernel_01_0           |    1 |
| bd_22c0_frequency_counter_aclk_kernel_00_0           |    1 |
| bd_22c0_frequency_counter_aclk_hbm_0                 |    1 |
| bd_22c0_frequency_counter_aclk_0                     |    1 |
| bd_22c0_fanout_aresetn_pcie_slr2_4_0                 |    1 |
| bd_22c0_fanout_aresetn_pcie_slr2_3_0                 |    1 |
| bd_22c0_fanout_aresetn_pcie_slr2_2_0                 |    1 |
| bd_22c0_fanout_aresetn_pcie_slr2_1_0                 |    1 |
| bd_22c0_fanout_aresetn_pcie_slr1_4_0                 |    1 |
| bd_22c0_fanout_aresetn_pcie_slr1_3_0                 |    1 |
| bd_22c0_fanout_aresetn_pcie_slr1_2_0                 |    1 |
| bd_22c0_fanout_aresetn_pcie_slr1_1_0                 |    1 |
| bd_22c0_fanout_aresetn_pcie_slr0_4_0                 |    1 |
| bd_22c0_fanout_aresetn_pcie_slr0_3_0                 |    1 |
| bd_22c0_fanout_aresetn_pcie_slr0_2_0                 |    1 |
| bd_22c0_fanout_aresetn_pcie_slr0_1_0                 |    1 |
| bd_22c0_fanout_aresetn_kernel_01_slr2_4_0            |    1 |
| bd_22c0_fanout_aresetn_kernel_01_slr2_3_0            |    1 |
| bd_22c0_fanout_aresetn_kernel_01_slr2_2_0            |    1 |
| bd_22c0_fanout_aresetn_kernel_01_slr2_1_0            |    1 |
| bd_22c0_fanout_aresetn_kernel_01_slr1_4_0            |    1 |
| bd_22c0_fanout_aresetn_kernel_01_slr1_3_0            |    1 |
| bd_22c0_fanout_aresetn_kernel_01_slr1_2_0            |    1 |
| bd_22c0_fanout_aresetn_kernel_01_slr1_1_0            |    1 |
| bd_22c0_fanout_aresetn_kernel_01_slr0_4_0            |    1 |
| bd_22c0_fanout_aresetn_kernel_01_slr0_3_0            |    1 |
| bd_22c0_fanout_aresetn_kernel_01_slr0_2_0            |    1 |
| bd_22c0_fanout_aresetn_kernel_01_slr0_1_0            |    1 |
| bd_22c0_fanout_aresetn_kernel_00_slr2_4_0            |    1 |
| bd_22c0_fanout_aresetn_kernel_00_slr2_3_0            |    1 |
| bd_22c0_fanout_aresetn_kernel_00_slr2_2_0            |    1 |
| bd_22c0_fanout_aresetn_kernel_00_slr2_1_0            |    1 |
| bd_22c0_fanout_aresetn_kernel_00_slr1_4_0            |    1 |
| bd_22c0_fanout_aresetn_kernel_00_slr1_3_0            |    1 |
| bd_22c0_fanout_aresetn_kernel_00_slr1_2_0            |    1 |
| bd_22c0_fanout_aresetn_kernel_00_slr1_1_0            |    1 |
| bd_22c0_fanout_aresetn_kernel_00_slr0_4_0            |    1 |
| bd_22c0_fanout_aresetn_kernel_00_slr0_3_0            |    1 |
| bd_22c0_fanout_aresetn_kernel_00_slr0_2_0            |    1 |
| bd_22c0_fanout_aresetn_kernel_00_slr0_1_0            |    1 |
| bd_22c0_fanout_aresetn_hbm_0                         |    1 |
| bd_22c0_fanout_aresetn_ctrl_slr2_4_0                 |    1 |
| bd_22c0_fanout_aresetn_ctrl_slr2_3_0                 |    1 |
| bd_22c0_fanout_aresetn_ctrl_slr2_2_0                 |    1 |
| bd_22c0_fanout_aresetn_ctrl_slr2_1_0                 |    1 |
| bd_22c0_fanout_aresetn_ctrl_slr1_4_0                 |    1 |
| bd_22c0_fanout_aresetn_ctrl_slr1_3_0                 |    1 |
| bd_22c0_fanout_aresetn_ctrl_slr1_2_0                 |    1 |
| bd_22c0_fanout_aresetn_ctrl_slr1_1_0                 |    1 |
| bd_22c0_fanout_aresetn_ctrl_slr0_4_0                 |    1 |
| bd_22c0_fanout_aresetn_ctrl_slr0_3_0                 |    1 |
| bd_22c0_fanout_aresetn_ctrl_slr0_2_0                 |    1 |
| bd_22c0_fanout_aresetn_ctrl_slr0_1_0                 |    1 |
| bd_22c0_clock_throttling_avg_0                       |    1 |
| bd_22c0_clock_throttling_aclk_kernel_01_0            |    1 |
| bd_22c0_clock_throttling_aclk_kernel_00_0            |    1 |
| bd_22c0_clock_shutdown_latch_0                       |    1 |
| bd_22c0_clkwiz_hbm_0                                 |    1 |
| bd_22c0_clkwiz_aclk_kernel_01_0                      |    1 |
| bd_22c0_clkwiz_aclk_kernel_00_0                      |    1 |
| bd_22c0_clk_hbm_adapt_0                              |    1 |
| bd_22c0_build_info_0                                 |    1 |
| bd_22c0_auto_cc_0                                    |    1 |
| bd_22c0_aclk_kernel_01_cont_adapt_0                  |    1 |
| bd_22c0_aclk_kernel_01_adapt_0                       |    1 |
| bd_22c0_aclk_kernel_00_cont_adapt_0                  |    1 |
| bd_22c0_aclk_kernel_00_adapt_0                       |    1 |
| bd_097b_user_debug_hub_0                             |    1 |
| bd_097b_user_debug_bridge_0                          |    1 |
| bd_097b_build_info_0                                 |    1 |
+------------------------------------------------------+------+


12. SLR Connectivity
--------------------

+----------------------------------+-------+-------+-----------+-------+
|                                  |  Used | Fixed | Available | Util% |
+----------------------------------+-------+-------+-----------+-------+
| SLR2 <-> SLR1                    |  5701 |       |     23040 | 24.74 |
|   SLR1 -> SLR2                   |  2878 |       |           | 12.49 |
|     Using TX_REG only            |     0 |     0 |           |       |
|     Using RX_REG only            |     0 |     0 |           |       |
|     Using Both TX_REG and RX_REG |     0 |     0 |           |       |
|   SLR2 -> SLR1                   |  2823 |       |           | 12.25 |
|     Using TX_REG only            |     0 |     0 |           |       |
|     Using RX_REG only            |     0 |     0 |           |       |
|     Using Both TX_REG and RX_REG |     0 |     0 |           |       |
| SLR1 <-> SLR0                    |  7711 |       |     23040 | 33.47 |
|   SLR0 -> SLR1                   |  3561 |       |           | 15.46 |
|     Using TX_REG only            |     0 |     0 |           |       |
|     Using RX_REG only            |     0 |     0 |           |       |
|     Using Both TX_REG and RX_REG |     0 |     0 |           |       |
|   SLR1 -> SLR0                   |  4150 |       |           | 18.01 |
|     Using TX_REG only            |     0 |     0 |           |       |
|     Using RX_REG only            |     0 |     0 |           |       |
|     Using Both TX_REG and RX_REG |     0 |     0 |           |       |
+----------------------------------+-------+-------+-----------+-------+
| Total SLLs Used                  | 13412 |       |           |       |
+----------------------------------+-------+-------+-----------+-------+


13. SLR Connectivity Matrix
---------------------------

+-----------+------+------+------+
| FROM \ TO | SLR2 | SLR1 | SLR0 |
+-----------+------+------+------+
| SLR2      |    0 | 2689 |  134 |
| SLR1      | 2808 |    0 | 4016 |
| SLR0      |   70 | 3491 |    0 |
+-----------+------+------+------+


14. SLR CLB Logic and Dedicated Block Utilization
-------------------------------------------------

+----------------------------+--------+--------+--------+--------+--------+--------+
|          Site Type         |  SLR0  |  SLR1  |  SLR2  | SLR0 % | SLR1 % | SLR2 % |
+----------------------------+--------+--------+--------+--------+--------+--------+
| CLB                        |  44442 |  44471 |  37975 |  80.86 |  82.35 |  70.32 |
|   CLBL                     |  22759 |  23010 |  19211 |  77.73 |  78.59 |  65.61 |
|   CLBM                     |  21683 |  21461 |  18764 |  84.44 |  86.82 |  75.91 |
| CLB LUTs                   | 182337 | 193270 | 158370 |  41.47 |  44.74 |  36.66 |
|   LUT as Logic             | 161609 | 175999 | 143393 |  36.76 |  40.74 |  33.19 |
|     using O5 output only   |   2029 |   1591 |   1182 |   0.46 |   0.37 |   0.27 |
|     using O6 output only   | 107617 | 119255 |  93362 |  24.48 |  27.61 |  21.61 |
|     using O5 and O6        |  51963 |  55153 |  48849 |  11.82 |  12.77 |  11.31 |
|   LUT as Memory            |  20728 |  17271 |  14977 |  10.09 |   8.73 |   7.57 |
|     LUT as Distributed RAM |   3674 |   5186 |   2300 |   1.79 |   2.62 |   1.16 |
|       using O5 output only |      0 |      0 |      0 |   0.00 |   0.00 |   0.00 |
|       using O6 output only |    248 |    386 |      4 |   0.12 |   0.20 |  <0.01 |
|       using O5 and O6      |   3426 |   4800 |   2296 |   1.67 |   2.43 |   1.16 |
|     LUT as Shift Register  |  17054 |  12085 |  12677 |   8.30 |   6.11 |   6.41 |
|       using O5 output only |      0 |      0 |      0 |   0.00 |   0.00 |   0.00 |
|       using O6 output only |  11252 |   7029 |   7643 |   5.48 |   3.55 |   3.86 |
|       using O5 and O6      |   5802 |   5056 |   5034 |   2.82 |   2.56 |   2.55 |
| CLB Registers              | 306045 | 292653 | 259040 |  34.80 |  33.87 |  29.98 |
| CARRY8                     |   6722 |   6728 |   6256 |  12.23 |  12.46 |  11.59 |
| F7 Muxes                   |   5082 |   3427 |   2759 |   2.31 |   1.59 |   1.28 |
| F8 Muxes                   |    132 |    320 |      0 |   0.12 |   0.30 |   0.00 |
| F9 Muxes                   |      0 |      0 |      0 |   0.00 |   0.00 |   0.00 |
| Block RAM Tile             |  176.5 |    178 |    122 |  26.26 |  26.49 |  18.15 |
|   RAMB36/FIFO              |    174 |    177 |    122 |  25.89 |  26.34 |  18.15 |
|   RAMB18                   |      5 |      2 |      0 |   0.37 |   0.15 |   0.00 |
| URAM                       |    216 |    216 |    216 |  67.50 |  67.50 |  67.50 |
| DSPs                       |   2437 |   2432 |   2436 |  84.62 |  79.17 |  79.30 |
| Unique Control Sets        |   4563 |   5444 |   3150 |   4.15 |   5.04 |   2.92 |
+----------------------------+--------+--------+--------+--------+--------+--------+
* Note: Available Control Sets based on CLB Registers / 8


15. SLR IO Utilization
----------------------

+-----------+-----------+---------+------------+----------+------------+----------+-----+
| SLR Index | Used IOBs | (%)IOBs | Used IPADs | (%)IPADs | Used OPADs | (%)OPADs | GTs |
+-----------+-----------+---------+------------+----------+------------+----------+-----+
| SLR2      |        15 |    7.21 |          0 |     0.00 |          0 |     0.00 |   0 |
| SLR1      |         0 |    0.00 |          0 |     0.00 |          0 |     0.00 |   0 |
| SLR0      |         1 |    0.48 |          0 |     0.00 |          0 |     0.00 |  16 |
+-----------+-----------+---------+------------+----------+------------+----------+-----+
| Total     |        16 |         |          0 |          |          0 |          |  16 |
+-----------+-----------+---------+------------+----------+------------+----------+-----+


