

================================================================
== Vitis HLS Report for 'stream2streamStepdown_512u_256u_6'
================================================================
* Date:           Fri Jul 24 22:01:18 2026

* Version:        2022.2 (Build 3670227 on Oct 13 2022)
* Project:        datamover_outerloop_0
* Solution:       solution (Vitis Kernel Flow Target)
* Product family: virtexuplus
* Target device:  xcu280-fsvh2892-2L-e


================================================================
== Performance Estimates
================================================================
+ Timing: 
    * Summary: 
    +--------+---------+----------+------------+
    |  Clock |  Target | Estimated| Uncertainty|
    +--------+---------+----------+------------+
    |ap_clk  |  3.33 ns|  1.444 ns|     0.90 ns|
    +--------+---------+----------+------------+

+ Latency: 
    * Summary: 
    +---------+---------+----------+----------+-----+-----+---------+
    |  Latency (cycles) |  Latency (absolute) |  Interval | Pipeline|
    |   min   |   max   |    min   |    max   | min | max |   Type  |
    +---------+---------+----------+----------+-----+-----+---------+
    |        ?|        ?|         ?|         ?|    ?|    ?|       no|
    +---------+---------+----------+----------+-----+-----+---------+

    + Detail: 
        * Instance: 
        +------------------------------------------------------------------------------------------+--------------------------------------------------------------------------------+---------+---------+----------+----------+-----+-----+---------+
        |                                                                                          |                                                                                |  Latency (cycles) |  Latency (absolute) |  Interval | Pipeline|
        |                                         Instance                                         |                                     Module                                     |   min   |   max   |    min   |    max   | min | max |   Type  |
        +------------------------------------------------------------------------------------------+--------------------------------------------------------------------------------+---------+---------+----------+----------+-----+-----+---------+
        |grp_stream2streamStepdown_512u_256u_6_Pipeline_VITIS_LOOP_5389_1_VITIS_LOOP_5391_2_fu_42  |stream2streamStepdown_512u_256u_6_Pipeline_VITIS_LOOP_5389_1_VITIS_LOOP_5391_2  |        ?|        ?|         ?|         ?|    ?|    ?|       no|
        +------------------------------------------------------------------------------------------+--------------------------------------------------------------------------------+---------+---------+----------+----------+-----+-----+---------+

        * Loop: 
        N/A



================================================================
== Utilization Estimates
================================================================
* Summary: 
+---------------------+---------+------+---------+---------+-----+
|         Name        | BRAM_18K|  DSP |    FF   |   LUT   | URAM|
+---------------------+---------+------+---------+---------+-----+
|DSP                  |        -|     -|        -|        -|    -|
|Expression           |        -|     -|        0|        2|    -|
|FIFO                 |        -|     -|        -|        -|    -|
|Instance             |        -|     -|      814|     2327|    -|
|Memory               |        -|     -|        -|        -|    -|
|Multiplexer          |        -|     -|        -|       56|    -|
|Register             |        -|     -|       69|        -|    -|
+---------------------+---------+------+---------+---------+-----+
|Total                |        0|     0|      883|     2385|    0|
+---------------------+---------+------+---------+---------+-----+
|Available SLR        |     1344|  3008|   869120|   434560|  320|
+---------------------+---------+------+---------+---------+-----+
|Utilization SLR (%)  |        0|     0|       ~0|       ~0|    0|
+---------------------+---------+------+---------+---------+-----+
|Available            |     4032|  9024|  2607360|  1303680|  960|
+---------------------+---------+------+---------+---------+-----+
|Utilization (%)      |        0|     0|       ~0|       ~0|    0|
+---------------------+---------+------+---------+---------+-----+

+ Detail: 
    * Instance: 
    +------------------------------------------------------------------------------------------+--------------------------------------------------------------------------------+---------+----+-----+------+-----+
    |                                         Instance                                         |                                     Module                                     | BRAM_18K| DSP|  FF |  LUT | URAM|
    +------------------------------------------------------------------------------------------+--------------------------------------------------------------------------------+---------+----+-----+------+-----+
    |grp_stream2streamStepdown_512u_256u_6_Pipeline_VITIS_LOOP_5389_1_VITIS_LOOP_5391_2_fu_42  |stream2streamStepdown_512u_256u_6_Pipeline_VITIS_LOOP_5389_1_VITIS_LOOP_5391_2  |        0|   0|  814|  2327|    0|
    +------------------------------------------------------------------------------------------+--------------------------------------------------------------------------------+---------+----+-----+------+-----+
    |Total                                                                                     |                                                                                |        0|   0|  814|  2327|    0|
    +------------------------------------------------------------------------------------------+--------------------------------------------------------------------------------+---------+----+-----+------+-----+

    * DSP: 
    N/A

    * Memory: 
    N/A

    * FIFO: 
    N/A

    * Expression: 
    +-----------------+----------+----+---+----+------------+------------+
    |  Variable Name  | Operation| DSP| FF| LUT| Bitwidth P0| Bitwidth P1|
    +-----------------+----------+----+---+----+------------+------------+
    |ap_block_state1  |        or|   0|  0|   2|           1|           1|
    +-----------------+----------+----+---+----+------------+------------+
    |Total            |          |   0|  0|   2|           1|           1|
    +-----------------+----------+----+---+----+------------+------------+

    * Multiplexer: 
    +----------------------------------+----+-----------+-----+-----------+
    |               Name               | LUT| Input Size| Bits| Total Bits|
    +----------------------------------+----+-----------+-----+-----------+
    |ap_NS_fsm                         |  20|          4|    1|          4|
    |ap_done                           |   9|          2|    1|          2|
    |arg3_read_mem_strm_read           |   9|          2|    1|          2|
    |arg3_read_reduced_mem_strm_write  |   9|          2|    1|          2|
    |num_big_pkts_blk_n                |   9|          2|    1|          2|
    +----------------------------------+----+-----------+-----+-----------+
    |Total                             |  56|         12|    5|         12|
    +----------------------------------+----+-----------+-----+-----------+

    * Register: 
    +-------------------------------------------------------------------------------------------------------+----+----+-----+-----------+
    |                                                  Name                                                 | FF | LUT| Bits| Const Bits|
    +-------------------------------------------------------------------------------------------------------+----+----+-----+-----------+
    |ap_CS_fsm                                                                                              |   3|   0|    3|          0|
    |ap_done_reg                                                                                            |   1|   0|    1|          0|
    |grp_stream2streamStepdown_512u_256u_6_Pipeline_VITIS_LOOP_5389_1_VITIS_LOOP_5391_2_fu_42_ap_start_reg  |   1|   0|    1|          0|
    |num_big_pkts_read_reg_59                                                                               |  32|   0|   32|          0|
    |tmp_reg_64                                                                                             |  32|   0|   33|          1|
    +-------------------------------------------------------------------------------------------------------+----+----+-----+-----------+
    |Total                                                                                                  |  69|   0|   70|          1|
    +-------------------------------------------------------------------------------------------------------+----+----+-----+-----------+



================================================================
== Interface
================================================================
* Summary: 
+-------------------------------------------+-----+-----+------------+-------------------------------------+--------------+
|                 RTL Ports                 | Dir | Bits|  Protocol  |            Source Object            |    C Type    |
+-------------------------------------------+-----+-----+------------+-------------------------------------+--------------+
|ap_clk                                     |   in|    1|  ap_ctrl_hs|  stream2streamStepdown<512u, 256u>.6|  return value|
|ap_rst                                     |   in|    1|  ap_ctrl_hs|  stream2streamStepdown<512u, 256u>.6|  return value|
|ap_start                                   |   in|    1|  ap_ctrl_hs|  stream2streamStepdown<512u, 256u>.6|  return value|
|ap_done                                    |  out|    1|  ap_ctrl_hs|  stream2streamStepdown<512u, 256u>.6|  return value|
|ap_continue                                |   in|    1|  ap_ctrl_hs|  stream2streamStepdown<512u, 256u>.6|  return value|
|ap_idle                                    |  out|    1|  ap_ctrl_hs|  stream2streamStepdown<512u, 256u>.6|  return value|
|ap_ready                                   |  out|    1|  ap_ctrl_hs|  stream2streamStepdown<512u, 256u>.6|  return value|
|num_big_pkts_dout                          |   in|   32|     ap_fifo|                         num_big_pkts|       pointer|
|num_big_pkts_num_data_valid                |   in|    2|     ap_fifo|                         num_big_pkts|       pointer|
|num_big_pkts_fifo_cap                      |   in|    2|     ap_fifo|                         num_big_pkts|       pointer|
|num_big_pkts_empty_n                       |   in|    1|     ap_fifo|                         num_big_pkts|       pointer|
|num_big_pkts_read                          |  out|    1|     ap_fifo|                         num_big_pkts|       pointer|
|arg3_read_reduced_mem_strm_din             |  out|  256|     ap_fifo|           arg3_read_reduced_mem_strm|       pointer|
|arg3_read_reduced_mem_strm_num_data_valid  |   in|    2|     ap_fifo|           arg3_read_reduced_mem_strm|       pointer|
|arg3_read_reduced_mem_strm_fifo_cap        |   in|    2|     ap_fifo|           arg3_read_reduced_mem_strm|       pointer|
|arg3_read_reduced_mem_strm_full_n          |   in|    1|     ap_fifo|           arg3_read_reduced_mem_strm|       pointer|
|arg3_read_reduced_mem_strm_write           |  out|    1|     ap_fifo|           arg3_read_reduced_mem_strm|       pointer|
|arg3_read_mem_strm_dout                    |   in|  512|     ap_fifo|                   arg3_read_mem_strm|       pointer|
|arg3_read_mem_strm_num_data_valid          |   in|    2|     ap_fifo|                   arg3_read_mem_strm|       pointer|
|arg3_read_mem_strm_fifo_cap                |   in|    2|     ap_fifo|                   arg3_read_mem_strm|       pointer|
|arg3_read_mem_strm_empty_n                 |   in|    1|     ap_fifo|                   arg3_read_mem_strm|       pointer|
|arg3_read_mem_strm_read                    |  out|    1|     ap_fifo|                   arg3_read_mem_strm|       pointer|
+-------------------------------------------+-----+-----+------------+-------------------------------------+--------------+

