

================================================================
== Vitis HLS Report for 'stream2axis_256u_7_Pipeline_VITIS_LOOP_5459_1'
================================================================
* Date:           Fri Jul 24 22:01:19 2026

* Version:        2022.2 (Build 3670227 on Oct 13 2022)
* Project:        datamover_outerloop_0
* Solution:       solution (Vitis Kernel Flow Target)
* Product family: virtexuplus
* Target device:  xcu280-fsvh2892-2L-e


================================================================
== Performance Estimates
================================================================
+ Timing: 
    * Summary: 
    +--------+---------+----------+------------+
    |  Clock |  Target | Estimated| Uncertainty|
    +--------+---------+----------+------------+
    |ap_clk  |  3.33 ns|  1.267 ns|     0.90 ns|
    +--------+---------+----------+------------+

+ Latency: 
    * Summary: 
    +---------+---------+----------+----------+-----+-----+---------+
    |  Latency (cycles) |  Latency (absolute) |  Interval | Pipeline|
    |   min   |   max   |    min   |    max   | min | max |   Type  |
    +---------+---------+----------+----------+-----+-----+---------+
    |        ?|        ?|         ?|         ?|    ?|    ?|       no|
    +---------+---------+----------+----------+-----+-----+---------+

    + Detail: 
        * Instance: 
        N/A

        * Loop: 
        +---------------------+---------+---------+----------+-----------+-----------+------+----------+
        |                     |  Latency (cycles) | Iteration|  Initiation Interval  | Trip |          |
        |      Loop Name      |   min   |   max   |  Latency |  achieved |   target  | Count| Pipelined|
        +---------------------+---------+---------+----------+-----------+-----------+------+----------+
        |- VITIS_LOOP_5459_1  |        ?|        ?|         2|          1|          1|     ?|       yes|
        +---------------------+---------+---------+----------+-----------+-----------+------+----------+



================================================================
== Utilization Estimates
================================================================
* Summary: 
+---------------------+---------+------+---------+---------+-----+
|         Name        | BRAM_18K|  DSP |    FF   |   LUT   | URAM|
+---------------------+---------+------+---------+---------+-----+
|DSP                  |        -|     -|        -|        -|    -|
|Expression           |        -|     -|        0|       65|    -|
|FIFO                 |        -|     -|        -|        -|    -|
|Instance             |        -|     -|        -|        -|    -|
|Memory               |        -|     -|        -|        -|    -|
|Multiplexer          |        -|     -|        -|       54|    -|
|Register             |        -|     -|       35|        -|    -|
+---------------------+---------+------+---------+---------+-----+
|Total                |        0|     0|       35|      119|    0|
+---------------------+---------+------+---------+---------+-----+
|Available SLR        |     1344|  3008|   869120|   434560|  320|
+---------------------+---------+------+---------+---------+-----+
|Utilization SLR (%)  |        0|     0|       ~0|       ~0|    0|
+---------------------+---------+------+---------+---------+-----+
|Available            |     4032|  9024|  2607360|  1303680|  960|
+---------------------+---------+------+---------+---------+-----+
|Utilization (%)      |        0|     0|       ~0|       ~0|    0|
+---------------------+---------+------+---------+---------+-----+

+ Detail: 
    * Instance: 
    N/A

    * DSP: 
    N/A

    * Memory: 
    N/A

    * FIFO: 
    N/A

    * Expression: 
    +----------------------------------+----------+----+---+----+------------+------------+
    |           Variable Name          | Operation| DSP| FF| LUT| Bitwidth P0| Bitwidth P1|
    +----------------------------------+----------+----+---+----+------------+------------+
    |itr_8_fu_100_p2                   |         +|   0|  0|  39|          32|           1|
    |ap_block_pp0_stage0_01001         |       and|   0|  0|   2|           1|           1|
    |icmp_ln5459_fu_94_p2              |      icmp|   0|  0|  20|          32|          32|
    |ap_block_state2_pp0_stage0_iter1  |        or|   0|  0|   2|           1|           1|
    |ap_enable_pp0                     |       xor|   0|  0|   2|           1|           2|
    +----------------------------------+----------+----+---+----+------------+------------+
    |Total                             |          |   0|  0|  65|          67|          37|
    +----------------------------------+----------+----+---+----+------------+------------+

    * Multiplexer: 
    +----------------------------------+----+-----------+-----+-----------+
    |               Name               | LUT| Input Size| Bits| Total Bits|
    +----------------------------------+----+-----------+-----+-----------+
    |ap_done_int                       |   9|          2|    1|          2|
    |ap_enable_reg_pp0_iter1           |   9|          2|    1|          2|
    |ap_sig_allocacmp_itr_7            |   9|          2|   32|         64|
    |arg1_axis_out_TDATA_blk_n         |   9|          2|    1|          2|
    |arg1_read_reduced_mem_strm_blk_n  |   9|          2|    1|          2|
    |itr_fu_50                         |   9|          2|   32|         64|
    +----------------------------------+----+-----------+-----+-----------+
    |Total                             |  54|         12|   68|        136|
    +----------------------------------+----+-----------+-----+-----------+

    * Register: 
    +-------------------------+----+----+-----+-----------+
    |           Name          | FF | LUT| Bits| Const Bits|
    +-------------------------+----+----+-----+-----------+
    |ap_CS_fsm                |   1|   0|    1|          0|
    |ap_done_reg              |   1|   0|    1|          0|
    |ap_enable_reg_pp0_iter1  |   1|   0|    1|          0|
    |itr_fu_50                |  32|   0|   32|          0|
    +-------------------------+----+----+-----+-----------+
    |Total                    |  35|   0|   35|          0|
    +-------------------------+----+----+-----+-----------+



================================================================
== Interface
================================================================
* Summary: 
+-------------------------------------------+-----+-----+------------+------------------------------------------------+--------------+
|                 RTL Ports                 | Dir | Bits|  Protocol  |                  Source Object                 |    C Type    |
+-------------------------------------------+-----+-----+------------+------------------------------------------------+--------------+
|ap_clk                                     |   in|    1|  ap_ctrl_hs|  stream2axis<256u>.7_Pipeline_VITIS_LOOP_5459_1|  return value|
|ap_rst                                     |   in|    1|  ap_ctrl_hs|  stream2axis<256u>.7_Pipeline_VITIS_LOOP_5459_1|  return value|
|ap_start                                   |   in|    1|  ap_ctrl_hs|  stream2axis<256u>.7_Pipeline_VITIS_LOOP_5459_1|  return value|
|ap_done                                    |  out|    1|  ap_ctrl_hs|  stream2axis<256u>.7_Pipeline_VITIS_LOOP_5459_1|  return value|
|ap_idle                                    |  out|    1|  ap_ctrl_hs|  stream2axis<256u>.7_Pipeline_VITIS_LOOP_5459_1|  return value|
|ap_ready                                   |  out|    1|  ap_ctrl_hs|  stream2axis<256u>.7_Pipeline_VITIS_LOOP_5459_1|  return value|
|arg1_read_reduced_mem_strm_dout            |   in|  256|     ap_fifo|                      arg1_read_reduced_mem_strm|       pointer|
|arg1_read_reduced_mem_strm_num_data_valid  |   in|    2|     ap_fifo|                      arg1_read_reduced_mem_strm|       pointer|
|arg1_read_reduced_mem_strm_fifo_cap        |   in|    2|     ap_fifo|                      arg1_read_reduced_mem_strm|       pointer|
|arg1_read_reduced_mem_strm_empty_n         |   in|    1|     ap_fifo|                      arg1_read_reduced_mem_strm|       pointer|
|arg1_read_reduced_mem_strm_read            |  out|    1|     ap_fifo|                      arg1_read_reduced_mem_strm|       pointer|
|arg1_axis_out_TREADY                       |   in|    1|        axis|                          arg1_axis_out_V_data_V|       pointer|
|arg1_axis_out_TDATA                        |  out|  256|        axis|                          arg1_axis_out_V_data_V|       pointer|
|pkts_load                                  |   in|   32|     ap_none|                                       pkts_load|        scalar|
|arg1_axis_out_TVALID                       |  out|    1|        axis|                          arg1_axis_out_V_last_V|       pointer|
|arg1_axis_out_TLAST                        |  out|    1|        axis|                          arg1_axis_out_V_last_V|       pointer|
|arg1_axis_out_TKEEP                        |  out|   32|        axis|                          arg1_axis_out_V_keep_V|       pointer|
|arg1_axis_out_TSTRB                        |  out|   32|        axis|                          arg1_axis_out_V_strb_V|       pointer|
+-------------------------------------------+-----+-----+------------+------------------------------------------------+--------------+

