Copyright 1986-2022 Xilinx, Inc. All Rights Reserved.
----------------------------------------------------------------------------------------------------
| Tool Version : Vivado v.2022.2 (lin64) Build 3671981 Fri Oct 14 04:59:54 MDT 2022
| Date         : Fri Mar 13 02:38:34 2026
| Host         : n2cn0296.ab2021.local running 64-bit Red Hat Enterprise Linux release 8.10 (Ootpa)
| Command      : report_utilization -slr -file slr_util_placed.rpt -pb slr_util_placed.pb
| Design       : level0_wrapper
| Device       : xcu280-fsvh2892-2L-e
| Speed File   : -2L
| Design State : Fully Placed
----------------------------------------------------------------------------------------------------

Utilization Design Information

Table of Contents
-----------------
1. SLR Connectivity
2. SLR Connectivity Matrix
3. SLR CLB Logic and Dedicated Block Utilization
4. SLR IO Utilization

1. SLR Connectivity
-------------------

+----------------------------------+-------+-------+-----------+-------+
|                                  |  Used | Fixed | Available | Util% |
+----------------------------------+-------+-------+-----------+-------+
| SLR2 <-> SLR1                    |  5700 |       |     23040 | 24.74 |
|   SLR1 -> SLR2                   |  2880 |       |           | 12.50 |
|     Using TX_REG only            |     0 |     0 |           |       |
|     Using RX_REG only            |     0 |     0 |           |       |
|     Using Both TX_REG and RX_REG |     0 |     0 |           |       |
|   SLR2 -> SLR1                   |  2820 |       |           | 12.24 |
|     Using TX_REG only            |     0 |     0 |           |       |
|     Using RX_REG only            |     0 |     0 |           |       |
|     Using Both TX_REG and RX_REG |     0 |     0 |           |       |
| SLR1 <-> SLR0                    |  7792 |       |     23040 | 33.82 |
|   SLR0 -> SLR1                   |  3627 |       |           | 15.74 |
|     Using TX_REG only            |     0 |     0 |           |       |
|     Using RX_REG only            |     0 |     0 |           |       |
|     Using Both TX_REG and RX_REG |     0 |     0 |           |       |
|   SLR1 -> SLR0                   |  4165 |       |           | 18.08 |
|     Using TX_REG only            |     0 |     0 |           |       |
|     Using RX_REG only            |     0 |     0 |           |       |
|     Using Both TX_REG and RX_REG |     0 |     0 |           |       |
+----------------------------------+-------+-------+-----------+-------+
| Total SLLs Used                  | 13492 |       |           |       |
+----------------------------------+-------+-------+-----------+-------+


2. SLR Connectivity Matrix
--------------------------

+-----------+------+------+------+
| FROM \ TO | SLR2 | SLR1 | SLR0 |
+-----------+------+------+------+
| SLR2      |    0 | 2725 |   95 |
| SLR1      | 2812 |    0 | 4070 |
| SLR0      |   68 | 3559 |    0 |
+-----------+------+------+------+


3. SLR CLB Logic and Dedicated Block Utilization
------------------------------------------------

+----------------------------+--------+--------+--------+--------+--------+--------+
|          Site Type         |  SLR0  |  SLR1  |  SLR2  | SLR0 % | SLR1 % | SLR2 % |
+----------------------------+--------+--------+--------+--------+--------+--------+
| CLB                        |  34968 |  46314 |  43433 |  63.62 |  85.77 |  80.43 |
|   CLBL                     |  18040 |  24115 |  22598 |  61.61 |  82.36 |  77.18 |
|   CLBM                     |  16928 |  22199 |  20835 |  65.92 |  89.80 |  84.28 |
| CLB LUTs                   | 144904 | 199209 | 162480 |  32.96 |  46.11 |  37.61 |
|   LUT as Logic             | 114605 | 184743 | 150480 |  26.07 |  42.76 |  34.83 |
|     using O5 output only   |   2804 |   1680 |   1236 |   0.64 |   0.39 |   0.29 |
|     using O6 output only   |  81789 | 122319 |  97092 |  18.60 |  28.31 |  22.48 |
|     using O5 and O6        |  30012 |  60744 |  52152 |   6.83 |  14.06 |  12.07 |
|   LUT as Memory            |  30299 |  14466 |  12000 |  14.75 |   7.31 |   6.07 |
|     LUT as Distributed RAM |  12370 |   3858 |    820 |   6.02 |   1.95 |   0.41 |
|       using O5 output only |      0 |      0 |      0 |   0.00 |   0.00 |   0.00 |
|       using O6 output only |    304 |    386 |      0 |   0.15 |   0.20 |   0.00 |
|       using O5 and O6      |  12066 |   3472 |    820 |   5.87 |   1.76 |   0.41 |
|     LUT as Shift Register  |  17929 |  10608 |  11180 |   8.73 |   5.36 |   5.65 |
|       using O5 output only |      0 |      0 |      0 |   0.00 |   0.00 |   0.00 |
|       using O6 output only |  11192 |   7040 |   7634 |   5.45 |   3.56 |   3.86 |
|       using O5 and O6      |   6737 |   3568 |   3546 |   3.28 |   1.80 |   1.79 |
| CLB Registers              | 227657 | 307781 | 266620 |  25.89 |  35.62 |  30.86 |
| CARRY8                     |   3258 |   6904 |   6374 |   5.93 |  12.79 |  11.80 |
| F7 Muxes                   |   4141 |   3893 |   2769 |   1.88 |   1.80 |   1.28 |
| F8 Muxes                   |    137 |    326 |      0 |   0.12 |   0.30 |   0.00 |
| F9 Muxes                   |      0 |      0 |      0 |   0.00 |   0.00 |   0.00 |
| Block RAM Tile             |  370.5 |    206 |    162 |  55.13 |  30.65 |  24.11 |
|   RAMB36/FIFO              |    360 |    205 |    162 |  53.57 |  30.51 |  24.11 |
|   RAMB18                   |     21 |      2 |      0 |   1.56 |   0.15 |   0.00 |
| URAM                       |     48 |    216 |    216 |  15.00 |  67.50 |  67.50 |
| DSPs                       |    563 |   2437 |   2441 |  19.55 |  79.33 |  79.46 |
| Unique Control Sets        |   5038 |   5623 |   3139 |   4.58 |   5.21 |   2.91 |
+----------------------------+--------+--------+--------+--------+--------+--------+
* Note: Available Control Sets based on CLB Registers / 8


4. SLR IO Utilization
---------------------

+-----------+-----------+---------+------------+----------+------------+----------+-----+
| SLR Index | Used IOBs | (%)IOBs | Used IPADs | (%)IPADs | Used OPADs | (%)OPADs | GTs |
+-----------+-----------+---------+------------+----------+------------+----------+-----+
| SLR2      |        15 |    7.21 |          0 |     0.00 |          0 |     0.00 |   0 |
| SLR1      |         0 |    0.00 |          0 |     0.00 |          0 |     0.00 |   0 |
| SLR0      |         1 |    0.48 |          0 |     0.00 |          0 |     0.00 |  16 |
+-----------+-----------+---------+------------+----------+------------+----------+-----+
| Total     |        16 |         |          0 |          |          0 |          |  16 |
+-----------+-----------+---------+------------+----------+------------+----------+-----+


