Copyright 1986-2022 Xilinx, Inc. All Rights Reserved.
---------------------------------------------------------------------------------------------------------------------------------------------------------------------------------------------------------------------------------------------------------------------------------------------------------------------------------------------------------------------------------------------------------------------------------------------------------------------------------------------------
| Tool Version : Vivado v.2022.2 (lin64) Build 3671981 Fri Oct 14 04:59:54 MDT 2022
| Date         : Fri Mar 13 01:13:18 2026
| Host         : n2cn0296.ab2021.local running 64-bit Red Hat Enterprise Linux release 8.10 (Ootpa)
| Command      : report_accelerator_utilization -kernels { datamover_outerloop_0:level0_i/ulp/datamover_outerloop_0_1/inst:datamover_outerloop_0_1 kernel_outerloop_0_0:level0_i/ulp/kernel_outerloop_inst_0_1/inst:kernel_outerloop_inst_0_1 kernel_outerloop_0_1:level0_i/ulp/kernel_outerloop_inst_0_2/inst:kernel_outerloop_inst_0_2 kernel_outerloop_0_2:level0_i/ulp/kernel_outerloop_inst_0_3/inst:kernel_outerloop_inst_0_3} -file kernel_util_synthed.rpt -name kernel_util_synthed -json
| Design       : level0_wrapper
| Device       : xcu280
| Design State : Synthesized
---------------------------------------------------------------------------------------------------------------------------------------------------------------------------------------------------------------------------------------------------------------------------------------------------------------------------------------------------------------------------------------------------------------------------------------------------------------------------------------------------

Accelerator Utilization Design Information

Table of Contents
-----------------
1. System Utilization

1. System Utilization
---------------------

+------------------------------+-------------------+------------------+-------------------+----------------+---------------+----------------+
| Name                         | LUT               | LUTAsMem         | REG               | BRAM           | URAM          | DSP            |
+------------------------------+-------------------+------------------+-------------------+----------------+---------------+----------------+
| Platform                     |  173615 [ 13.32%] |  22391 [  3.73%] |  230031 [  8.82%] |  217 [ 10.76%] |   0 [  0.00%] |    4 [  0.04%] |
| User Budget                  | 1130065 [100.00%] | 578569 [100.00%] | 2377329 [100.00%] | 1799 [100.00%] | 960 [100.00%] | 9020 [100.00%] |
|    Used Resources            |  407755 [ 36.08%] |  50897 [  8.80%] |  585135 [ 24.61%] |  523 [ 29.07%] | 480 [ 50.00%] | 5437 [ 60.28%] |
|    Unused Resources          |  722310 [ 63.92%] | 527672 [ 91.20%] | 1792194 [ 75.39%] | 1276 [ 70.93%] | 480 [ 50.00%] | 3583 [ 39.72%] |
| datamover_outerloop_0        |   56713 [  5.02%] |  19729 [  3.41%] |   64018 [  2.69%] |  271 [ 15.06%] |   0 [  0.00%] |   16 [  0.18%] |
|    datamover_outerloop_0_1   |   56713 [  5.02%] |  19729 [  3.41%] |   64018 [  2.69%] |  271 [ 15.06%] |   0 [  0.00%] |   16 [  0.18%] |
| kernel_outerloop_0_0         |   35921 [  3.18%] |   3198 [  0.55%] |   53639 [  2.26%] |   28 [  1.56%] |  48 [  5.00%] |  547 [  6.06%] |
|    kernel_outerloop_inst_0_1 |   35921 [  3.18%] |   3198 [  0.55%] |   53639 [  2.26%] |   28 [  1.56%] |  48 [  5.00%] |  547 [  6.06%] |
| kernel_outerloop_0_1         |  157619 [ 13.95%] |  13985 [  2.42%] |  233737 [  9.83%] |  112 [  6.23%] | 216 [ 22.50%] | 2437 [ 27.02%] |
|    kernel_outerloop_inst_0_2 |  157619 [ 13.95%] |  13985 [  2.42%] |  233737 [  9.83%] |  112 [  6.23%] | 216 [ 22.50%] | 2437 [ 27.02%] |
| kernel_outerloop_0_2         |  157502 [ 13.94%] |  13985 [  2.42%] |  233741 [  9.83%] |  112 [  6.23%] | 216 [ 22.50%] | 2437 [ 27.02%] |
|    kernel_outerloop_inst_0_3 |  157502 [ 13.94%] |  13985 [  2.42%] |  233741 [  9.83%] |  112 [  6.23%] | 216 [ 22.50%] | 2437 [ 27.02%] |
+------------------------------+-------------------+------------------+-------------------+----------------+---------------+----------------+


