

================================================================
== Vitis HLS Report for 'kernel_outerloop_0'
================================================================
* Date:           Sun Jul 26 02:56:18 2026

* Version:        2022.1 (Build 3526262 on Mon Apr 18 15:47:01 MDT 2022)
* Project:        kernel_outerloop_0
* Solution:       solution (Vitis Kernel Flow Target)
* Product family: versal
* Target device:  xcvc1902-vsvd1760-2MP-e-S


================================================================
== Performance Estimates
================================================================
+ Timing: 
    * Summary: 
    +--------+---------+----------+------------+
    |  Clock |  Target | Estimated| Uncertainty|
    +--------+---------+----------+------------+
    |ap_clk  |  3.33 ns|  2.227 ns|     0.90 ns|
    +--------+---------+----------+------------+

+ Latency: 
    * Summary: 
    +---------+---------+----------+----------+-----+-----+---------+
    |  Latency (cycles) |  Latency (absolute) |  Interval | Pipeline|
    |   min   |   max   |    min   |    max   | min | max |   Type  |
    +---------+---------+----------+----------+-----+-----+---------+
    |        ?|        ?|         ?|         ?|    ?|    ?|       no|
    +---------+---------+----------+----------+-----+-----+---------+

    + Detail: 
        * Instance: 
        +-----------------------------------------------+------------------------------------+---------+---------+----------+----------+-----+-----+----------+
        |                                               |                                    |  Latency (cycles) |  Latency (absolute) |  Interval | Pipeline |
        |                    Instance                   |               Module               |   min   |   max   |    min   |    max   | min | max |   Type   |
        +-----------------------------------------------+------------------------------------+---------+---------+----------+----------+-----+-----+----------+
        |grp_kernel_outerloop_0_dataflow_region_fu_184  |kernel_outerloop_0_dataflow_region  |        ?|        ?|         ?|         ?|    ?|    ?|  dataflow|
        +-----------------------------------------------+------------------------------------+---------+---------+----------+----------+-----+-----+----------+

        * Loop: 
        +--------------------+---------+---------+----------+-----------+-----------+------+----------+
        |                    |  Latency (cycles) | Iteration|  Initiation Interval  | Trip |          |
        |      Loop Name     |   min   |   max   |  Latency |  achieved |   target  | Count| Pipelined|
        +--------------------+---------+---------+----------+-----------+-----------+------+----------+
        |- VITIS_LOOP_730_1  |        ?|        ?|         ?|          -|          -|     ?|        no|
        +--------------------+---------+---------+----------+-----------+-----------+------+----------+

============================================================
+ Verbose Summary: Synthesis Manager
============================================================
InlineROM: 1
ExposeGlobal: 0
============================================================
+ Verbose Summary: CDFG Model
============================================================
IsTopModel: 1
ResetActiveHigh: 1
IsCombinational: 0
IsDatapathOnly: 0
HasWiredReturn: 1
HasMFsm: 0
HasVarLatency: 1
IsPipeline: 0
IsRtlPipelined: 0
IsInstanceOverlapped: 0
IsDontTouch: 0
HasImplIP: 0
IsGatedGlobalClock: 0


============================================================
+ Verbose Summary: Schedule
============================================================
* Number of FSM states : 6
* Pipeline : 0
* Dataflow Pipeline: 0

* FSM state transitions: 
1 --> 2 
2 --> 3 
3 --> 4 
4 --> 5 6 
5 --> 4 
6 --> 

* FSM state operations: 

State 1 <SV = 0> <Delay = 1.70>
ST_1 : Operation 7 [1/1] (0.00ns)   --->   "%i = alloca i32 1"   --->   Operation 7 'alloca' 'i' <Predicate = true> <Delay = 0.00>
ST_1 : Operation 8 [1/1] (1.00ns)   --->   "%stencilConfig_batch_size_read = read i16 @_ssdm_op_Read.ap_none.i16, i16 %stencilConfig_batch_size" [/home/x_thileeb/repos/ops-hls-batching-new/codegen_apps/batching/blackscholes/vck5000_datacopy_project/hls/device/src/kernel_outerloop_0.cpp:746]   --->   Operation 8 'read' 'stencilConfig_batch_size_read' <Predicate = true> <Delay = 1.00> <CoreInst = "s_axilite">   --->   Core 126 's_axilite' <Latency = 0> <II = 1> <Delay = 1.00> <Adapter> <Opcode : 'read' 'write'>
ST_1 : Operation 9 [1/1] (1.00ns)   --->   "%stencilConfig_total_itr_read = read i32 @_ssdm_op_Read.ap_none.i32, i32 %stencilConfig_total_itr" [/home/x_thileeb/repos/ops-hls-batching-new/codegen_apps/batching/blackscholes/vck5000_datacopy_project/hls/device/src/kernel_outerloop_0.cpp:746]   --->   Operation 9 'read' 'stencilConfig_total_itr_read' <Predicate = true> <Delay = 1.00> <CoreInst = "s_axilite">   --->   Core 126 's_axilite' <Latency = 0> <II = 1> <Delay = 1.00> <Adapter> <Opcode : 'read' 'write'>
ST_1 : Operation 10 [1/1] (0.00ns)   --->   "%zext_ln828 = zext i16 %stencilConfig_batch_size_read" [/home/x_thileeb/repos/ops-hls-batching-new/codegen_apps/batching/blackscholes/vck5000_datacopy_project/hls/device/src/kernel_outerloop_0.cpp:828]   --->   Operation 10 'zext' 'zext_ln828' <Predicate = true> <Delay = 0.00>
ST_1 : Operation 11 [3/3] (0.70ns)   --->   "%num_pkts = mul i32 %zext_ln828, i32 %stencilConfig_total_itr_read" [/home/x_thileeb/repos/ops-hls-batching-new/codegen_apps/batching/blackscholes/vck5000_datacopy_project/hls/device/src/kernel_outerloop_0.cpp:828]   --->   Operation 11 'mul' 'num_pkts' <Predicate = true> <Delay = 0.70> <CoreInst = "Multiplier">   --->   Core 3 'Multiplier' <Latency = 2> <II = 1> <Delay = 1.92> <FuncUnit> <Opcode : 'mul'> <InPorts = 2> <OutPorts = 1>
ST_1 : Operation 12 [1/1] (0.46ns)   --->   "%store_ln730 = store i32 0, i32 %i" [/home/x_thileeb/repos/ops-hls-batching-new/codegen_apps/batching/blackscholes/vck5000_datacopy_project/hls/device/src/kernel_outerloop_0.cpp:730]   --->   Operation 12 'store' 'store_ln730' <Predicate = true> <Delay = 0.46>

State 2 <SV = 1> <Delay = 1.92>
ST_2 : Operation 13 [2/3] (1.92ns)   --->   "%num_pkts = mul i32 %zext_ln828, i32 %stencilConfig_total_itr_read" [/home/x_thileeb/repos/ops-hls-batching-new/codegen_apps/batching/blackscholes/vck5000_datacopy_project/hls/device/src/kernel_outerloop_0.cpp:828]   --->   Operation 13 'mul' 'num_pkts' <Predicate = true> <Delay = 1.92> <CoreInst = "Multiplier">   --->   Core 3 'Multiplier' <Latency = 2> <II = 1> <Delay = 1.92> <FuncUnit> <Opcode : 'mul'> <InPorts = 2> <OutPorts = 1>

State 3 <SV = 2> <Delay = 1.00>
ST_3 : Operation 14 [1/1] (0.00ns)   --->   "%spectopmodule_ln744 = spectopmodule void @_ssdm_op_SpecTopModule, void @empty_8" [/home/x_thileeb/repos/ops-hls-batching-new/codegen_apps/batching/blackscholes/vck5000_datacopy_project/hls/device/src/kernel_outerloop_0.cpp:744]   --->   Operation 14 'spectopmodule' 'spectopmodule_ln744' <Predicate = true> <Delay = 0.00>
ST_3 : Operation 15 [1/1] (0.00ns)   --->   "%specinterface_ln744 = specinterface void @_ssdm_op_SpecInterface, i32 0, void @empty_7, i32 0, i32 0, void @empty_18, i32 0, i32 0, void @empty_18, void @empty_18, void @empty_18, i32 0, i32 0, i32 0, i32 0, void @empty_18, void @empty_18, i32 4294967295, i32 0" [/home/x_thileeb/repos/ops-hls-batching-new/codegen_apps/batching/blackscholes/vck5000_datacopy_project/hls/device/src/kernel_outerloop_0.cpp:744]   --->   Operation 15 'specinterface' 'specinterface_ln744' <Predicate = true> <Delay = 0.00>
ST_3 : Operation 16 [1/1] (0.00ns)   --->   "%specbitsmap_ln0 = specbitsmap void @_ssdm_op_SpecBitsMap, i16 %slr_region"   --->   Operation 16 'specbitsmap' 'specbitsmap_ln0' <Predicate = true> <Delay = 0.00>
ST_3 : Operation 17 [1/1] (0.00ns)   --->   "%specinterface_ln0 = specinterface void @_ssdm_op_SpecInterface, i16 %slr_region, void @empty_10, i32 0, i32 0, void @empty_18, i32 0, i32 0, void @empty_17, void @empty_16, void @empty_18, i32 0, i32 0, i32 0, i32 0, void @empty_18, void @empty_18, i32 4294967295, i32 0"   --->   Operation 17 'specinterface' 'specinterface_ln0' <Predicate = true> <Delay = 0.00>
ST_3 : Operation 18 [1/1] (0.00ns)   --->   "%specinterface_ln0 = specinterface void @_ssdm_op_SpecInterface, i16 %slr_region, void @empty_15, i32 0, i32 0, void @empty_18, i32 0, i32 0, void @empty_18, void @empty_18, void @empty_18, i32 0, i32 0, i32 0, i32 0, void @empty_18, void @empty_18, i32 4294967295, i32 0"   --->   Operation 18 'specinterface' 'specinterface_ln0' <Predicate = true> <Delay = 0.00>
ST_3 : Operation 19 [1/1] (0.00ns)   --->   "%specbitsmap_ln0 = specbitsmap void @_ssdm_op_SpecBitsMap, i32 %outer_itr"   --->   Operation 19 'specbitsmap' 'specbitsmap_ln0' <Predicate = true> <Delay = 0.00>
ST_3 : Operation 20 [1/1] (0.00ns)   --->   "%specinterface_ln0 = specinterface void @_ssdm_op_SpecInterface, i32 %outer_itr, void @empty_10, i32 0, i32 0, void @empty_18, i32 0, i32 0, void @empty_17, void @empty_14, void @empty_18, i32 0, i32 0, i32 0, i32 0, void @empty_18, void @empty_18, i32 4294967295, i32 0"   --->   Operation 20 'specinterface' 'specinterface_ln0' <Predicate = true> <Delay = 0.00>
ST_3 : Operation 21 [1/1] (0.00ns)   --->   "%specinterface_ln0 = specinterface void @_ssdm_op_SpecInterface, i32 %outer_itr, void @empty_15, i32 0, i32 0, void @empty_18, i32 0, i32 0, void @empty_18, void @empty_18, void @empty_18, i32 0, i32 0, i32 0, i32 0, void @empty_18, void @empty_18, i32 4294967295, i32 0"   --->   Operation 21 'specinterface' 'specinterface_ln0' <Predicate = true> <Delay = 0.00>
ST_3 : Operation 22 [1/1] (0.00ns)   --->   "%specbitsmap_ln0 = specbitsmap void @_ssdm_op_SpecBitsMap, i16 %stencilConfig_grid_size_0"   --->   Operation 22 'specbitsmap' 'specbitsmap_ln0' <Predicate = true> <Delay = 0.00>
ST_3 : Operation 23 [1/1] (0.00ns)   --->   "%specinterface_ln0 = specinterface void @_ssdm_op_SpecInterface, i16 %stencilConfig_grid_size_0, void @empty_10, i32 0, i32 0, void @empty_18, i32 0, i32 0, void @empty_17, void @empty, void @empty_18, i32 0, i32 0, i32 0, i32 0, void @empty_18, void @empty_18, i32 4294967295, i32 0"   --->   Operation 23 'specinterface' 'specinterface_ln0' <Predicate = true> <Delay = 0.00>
ST_3 : Operation 24 [1/1] (0.00ns)   --->   "%specinterface_ln0 = specinterface void @_ssdm_op_SpecInterface, i16 %stencilConfig_grid_size_0, void @empty_15, i32 0, i32 0, void @empty_18, i32 0, i32 0, void @empty_18, void @empty_18, void @empty_18, i32 0, i32 0, i32 0, i32 0, void @empty_18, void @empty_18, i32 4294967295, i32 0"   --->   Operation 24 'specinterface' 'specinterface_ln0' <Predicate = true> <Delay = 0.00>
ST_3 : Operation 25 [1/1] (0.00ns)   --->   "%specbitsmap_ln0 = specbitsmap void @_ssdm_op_SpecBitsMap, i16 %stencilConfig_dim"   --->   Operation 25 'specbitsmap' 'specbitsmap_ln0' <Predicate = true> <Delay = 0.00>
ST_3 : Operation 26 [1/1] (0.00ns)   --->   "%specinterface_ln0 = specinterface void @_ssdm_op_SpecInterface, i16 %stencilConfig_dim, void @empty_10, i32 0, i32 0, void @empty_18, i32 0, i32 0, void @empty_17, void @empty_12, void @empty_18, i32 0, i32 0, i32 0, i32 0, void @empty_18, void @empty_18, i32 4294967295, i32 0"   --->   Operation 26 'specinterface' 'specinterface_ln0' <Predicate = true> <Delay = 0.00>
ST_3 : Operation 27 [1/1] (0.00ns)   --->   "%specinterface_ln0 = specinterface void @_ssdm_op_SpecInterface, i16 %stencilConfig_dim, void @empty_15, i32 0, i32 0, void @empty_18, i32 0, i32 0, void @empty_18, void @empty_18, void @empty_18, i32 0, i32 0, i32 0, i32 0, void @empty_18, void @empty_18, i32 4294967295, i32 0"   --->   Operation 27 'specinterface' 'specinterface_ln0' <Predicate = true> <Delay = 0.00>
ST_3 : Operation 28 [1/1] (0.00ns)   --->   "%specbitsmap_ln0 = specbitsmap void @_ssdm_op_SpecBitsMap, i32 %stencilConfig_total_itr"   --->   Operation 28 'specbitsmap' 'specbitsmap_ln0' <Predicate = true> <Delay = 0.00>
ST_3 : Operation 29 [1/1] (0.00ns)   --->   "%specinterface_ln0 = specinterface void @_ssdm_op_SpecInterface, i32 %stencilConfig_total_itr, void @empty_10, i32 0, i32 0, void @empty_18, i32 0, i32 0, void @empty_17, void @empty_9, void @empty_18, i32 0, i32 0, i32 0, i32 0, void @empty_18, void @empty_18, i32 4294967295, i32 0"   --->   Operation 29 'specinterface' 'specinterface_ln0' <Predicate = true> <Delay = 0.00>
ST_3 : Operation 30 [1/1] (0.00ns)   --->   "%specinterface_ln0 = specinterface void @_ssdm_op_SpecInterface, i32 %stencilConfig_total_itr, void @empty_15, i32 0, i32 0, void @empty_18, i32 0, i32 0, void @empty_18, void @empty_18, void @empty_18, i32 0, i32 0, i32 0, i32 0, void @empty_18, void @empty_18, i32 4294967295, i32 0"   --->   Operation 30 'specinterface' 'specinterface_ln0' <Predicate = true> <Delay = 0.00>
ST_3 : Operation 31 [1/1] (0.00ns)   --->   "%specbitsmap_ln0 = specbitsmap void @_ssdm_op_SpecBitsMap, i16 %stencilConfig_lower_limit_0"   --->   Operation 31 'specbitsmap' 'specbitsmap_ln0' <Predicate = true> <Delay = 0.00>
ST_3 : Operation 32 [1/1] (0.00ns)   --->   "%specinterface_ln0 = specinterface void @_ssdm_op_SpecInterface, i16 %stencilConfig_lower_limit_0, void @empty_10, i32 0, i32 0, void @empty_18, i32 0, i32 0, void @empty_17, void @empty_20, void @empty_18, i32 0, i32 0, i32 0, i32 0, void @empty_18, void @empty_18, i32 4294967295, i32 0"   --->   Operation 32 'specinterface' 'specinterface_ln0' <Predicate = true> <Delay = 0.00>
ST_3 : Operation 33 [1/1] (0.00ns)   --->   "%specinterface_ln0 = specinterface void @_ssdm_op_SpecInterface, i16 %stencilConfig_lower_limit_0, void @empty_15, i32 0, i32 0, void @empty_18, i32 0, i32 0, void @empty_18, void @empty_18, void @empty_18, i32 0, i32 0, i32 0, i32 0, void @empty_18, void @empty_18, i32 4294967295, i32 0"   --->   Operation 33 'specinterface' 'specinterface_ln0' <Predicate = true> <Delay = 0.00>
ST_3 : Operation 34 [1/1] (0.00ns)   --->   "%specbitsmap_ln0 = specbitsmap void @_ssdm_op_SpecBitsMap, i16 %stencilConfig_upper_limit_0"   --->   Operation 34 'specbitsmap' 'specbitsmap_ln0' <Predicate = true> <Delay = 0.00>
ST_3 : Operation 35 [1/1] (0.00ns)   --->   "%specinterface_ln0 = specinterface void @_ssdm_op_SpecInterface, i16 %stencilConfig_upper_limit_0, void @empty_10, i32 0, i32 0, void @empty_18, i32 0, i32 0, void @empty_17, void @empty_19, void @empty_18, i32 0, i32 0, i32 0, i32 0, void @empty_18, void @empty_18, i32 4294967295, i32 0"   --->   Operation 35 'specinterface' 'specinterface_ln0' <Predicate = true> <Delay = 0.00>
ST_3 : Operation 36 [1/1] (0.00ns)   --->   "%specinterface_ln0 = specinterface void @_ssdm_op_SpecInterface, i16 %stencilConfig_upper_limit_0, void @empty_15, i32 0, i32 0, void @empty_18, i32 0, i32 0, void @empty_18, void @empty_18, void @empty_18, i32 0, i32 0, i32 0, i32 0, void @empty_18, void @empty_18, i32 4294967295, i32 0"   --->   Operation 36 'specinterface' 'specinterface_ln0' <Predicate = true> <Delay = 0.00>
ST_3 : Operation 37 [1/1] (0.00ns)   --->   "%specbitsmap_ln0 = specbitsmap void @_ssdm_op_SpecBitsMap, i16 %stencilConfig_outer_loop_limit"   --->   Operation 37 'specbitsmap' 'specbitsmap_ln0' <Predicate = true> <Delay = 0.00>
ST_3 : Operation 38 [1/1] (0.00ns)   --->   "%specinterface_ln0 = specinterface void @_ssdm_op_SpecInterface, i16 %stencilConfig_outer_loop_limit, void @empty_10, i32 0, i32 0, void @empty_18, i32 0, i32 0, void @empty_17, void @empty_4, void @empty_18, i32 0, i32 0, i32 0, i32 0, void @empty_18, void @empty_18, i32 4294967295, i32 0"   --->   Operation 38 'specinterface' 'specinterface_ln0' <Predicate = true> <Delay = 0.00>
ST_3 : Operation 39 [1/1] (0.00ns)   --->   "%specinterface_ln0 = specinterface void @_ssdm_op_SpecInterface, i16 %stencilConfig_outer_loop_limit, void @empty_15, i32 0, i32 0, void @empty_18, i32 0, i32 0, void @empty_18, void @empty_18, void @empty_18, i32 0, i32 0, i32 0, i32 0, void @empty_18, void @empty_18, i32 4294967295, i32 0"   --->   Operation 39 'specinterface' 'specinterface_ln0' <Predicate = true> <Delay = 0.00>
ST_3 : Operation 40 [1/1] (0.00ns)   --->   "%specbitsmap_ln0 = specbitsmap void @_ssdm_op_SpecBitsMap, i16 %stencilConfig_batch_size"   --->   Operation 40 'specbitsmap' 'specbitsmap_ln0' <Predicate = true> <Delay = 0.00>
ST_3 : Operation 41 [1/1] (0.00ns)   --->   "%specinterface_ln0 = specinterface void @_ssdm_op_SpecInterface, i16 %stencilConfig_batch_size, void @empty_10, i32 0, i32 0, void @empty_18, i32 0, i32 0, void @empty_17, void @empty_3, void @empty_18, i32 0, i32 0, i32 0, i32 0, void @empty_18, void @empty_18, i32 4294967295, i32 0"   --->   Operation 41 'specinterface' 'specinterface_ln0' <Predicate = true> <Delay = 0.00>
ST_3 : Operation 42 [1/1] (0.00ns)   --->   "%specinterface_ln0 = specinterface void @_ssdm_op_SpecInterface, i16 %stencilConfig_batch_size, void @empty_15, i32 0, i32 0, void @empty_18, i32 0, i32 0, void @empty_18, void @empty_18, void @empty_18, i32 0, i32 0, i32 0, i32 0, void @empty_18, void @empty_18, i32 4294967295, i32 0"   --->   Operation 42 'specinterface' 'specinterface_ln0' <Predicate = true> <Delay = 0.00>
ST_3 : Operation 43 [1/1] (0.00ns)   --->   "%specinterface_ln0 = specinterface void @_ssdm_op_SpecInterface, i256 %arg0_axis_in_V_data_V, i32 %arg0_axis_in_V_keep_V, i32 %arg0_axis_in_V_strb_V, i1 %arg0_axis_in_V_last_V, void @empty_2, i32 1, i32 1, void @empty_1, i32 0, i32 0, void @empty_18, void @empty_18, void @empty_18, i32 0, i32 0, i32 0, i32 0, void @empty_18, void @empty_18, i32 4294967295, i32 0"   --->   Operation 43 'specinterface' 'specinterface_ln0' <Predicate = true> <Delay = 0.00>
ST_3 : Operation 44 [1/1] (0.00ns)   --->   "%specbitsmap_ln0 = specbitsmap void @_ssdm_op_SpecBitsMap, i256 %arg0_axis_in_V_data_V"   --->   Operation 44 'specbitsmap' 'specbitsmap_ln0' <Predicate = true> <Delay = 0.00>
ST_3 : Operation 45 [1/1] (0.00ns)   --->   "%specbitsmap_ln0 = specbitsmap void @_ssdm_op_SpecBitsMap, i32 %arg0_axis_in_V_keep_V"   --->   Operation 45 'specbitsmap' 'specbitsmap_ln0' <Predicate = true> <Delay = 0.00>
ST_3 : Operation 46 [1/1] (0.00ns)   --->   "%specbitsmap_ln0 = specbitsmap void @_ssdm_op_SpecBitsMap, i32 %arg0_axis_in_V_strb_V"   --->   Operation 46 'specbitsmap' 'specbitsmap_ln0' <Predicate = true> <Delay = 0.00>
ST_3 : Operation 47 [1/1] (0.00ns)   --->   "%specbitsmap_ln0 = specbitsmap void @_ssdm_op_SpecBitsMap, i1 %arg0_axis_in_V_last_V"   --->   Operation 47 'specbitsmap' 'specbitsmap_ln0' <Predicate = true> <Delay = 0.00>
ST_3 : Operation 48 [1/1] (0.00ns)   --->   "%specinterface_ln0 = specinterface void @_ssdm_op_SpecInterface, i256 %arg1_axis_in_V_data_V, i32 %arg1_axis_in_V_keep_V, i32 %arg1_axis_in_V_strb_V, i1 %arg1_axis_in_V_last_V, void @empty_2, i32 1, i32 1, void @empty_1, i32 0, i32 0, void @empty_18, void @empty_18, void @empty_18, i32 0, i32 0, i32 0, i32 0, void @empty_18, void @empty_18, i32 4294967295, i32 0"   --->   Operation 48 'specinterface' 'specinterface_ln0' <Predicate = true> <Delay = 0.00>
ST_3 : Operation 49 [1/1] (0.00ns)   --->   "%specbitsmap_ln0 = specbitsmap void @_ssdm_op_SpecBitsMap, i256 %arg1_axis_in_V_data_V"   --->   Operation 49 'specbitsmap' 'specbitsmap_ln0' <Predicate = true> <Delay = 0.00>
ST_3 : Operation 50 [1/1] (0.00ns)   --->   "%specbitsmap_ln0 = specbitsmap void @_ssdm_op_SpecBitsMap, i32 %arg1_axis_in_V_keep_V"   --->   Operation 50 'specbitsmap' 'specbitsmap_ln0' <Predicate = true> <Delay = 0.00>
ST_3 : Operation 51 [1/1] (0.00ns)   --->   "%specbitsmap_ln0 = specbitsmap void @_ssdm_op_SpecBitsMap, i32 %arg1_axis_in_V_strb_V"   --->   Operation 51 'specbitsmap' 'specbitsmap_ln0' <Predicate = true> <Delay = 0.00>
ST_3 : Operation 52 [1/1] (0.00ns)   --->   "%specbitsmap_ln0 = specbitsmap void @_ssdm_op_SpecBitsMap, i1 %arg1_axis_in_V_last_V"   --->   Operation 52 'specbitsmap' 'specbitsmap_ln0' <Predicate = true> <Delay = 0.00>
ST_3 : Operation 53 [1/1] (0.00ns)   --->   "%specinterface_ln0 = specinterface void @_ssdm_op_SpecInterface, i256 %arg1_axis_out_V_data_V, i32 %arg1_axis_out_V_keep_V, i32 %arg1_axis_out_V_strb_V, i1 %arg1_axis_out_V_last_V, void @empty_2, i32 1, i32 1, void @empty_1, i32 0, i32 0, void @empty_18, void @empty_18, void @empty_18, i32 0, i32 0, i32 0, i32 0, void @empty_18, void @empty_18, i32 4294967295, i32 0"   --->   Operation 53 'specinterface' 'specinterface_ln0' <Predicate = true> <Delay = 0.00>
ST_3 : Operation 54 [1/1] (0.00ns)   --->   "%specbitsmap_ln0 = specbitsmap void @_ssdm_op_SpecBitsMap, i256 %arg1_axis_out_V_data_V"   --->   Operation 54 'specbitsmap' 'specbitsmap_ln0' <Predicate = true> <Delay = 0.00>
ST_3 : Operation 55 [1/1] (0.00ns)   --->   "%specbitsmap_ln0 = specbitsmap void @_ssdm_op_SpecBitsMap, i32 %arg1_axis_out_V_keep_V"   --->   Operation 55 'specbitsmap' 'specbitsmap_ln0' <Predicate = true> <Delay = 0.00>
ST_3 : Operation 56 [1/1] (0.00ns)   --->   "%specbitsmap_ln0 = specbitsmap void @_ssdm_op_SpecBitsMap, i32 %arg1_axis_out_V_strb_V"   --->   Operation 56 'specbitsmap' 'specbitsmap_ln0' <Predicate = true> <Delay = 0.00>
ST_3 : Operation 57 [1/1] (0.00ns)   --->   "%specbitsmap_ln0 = specbitsmap void @_ssdm_op_SpecBitsMap, i1 %arg1_axis_out_V_last_V"   --->   Operation 57 'specbitsmap' 'specbitsmap_ln0' <Predicate = true> <Delay = 0.00>
ST_3 : Operation 58 [1/1] (0.00ns)   --->   "%specinterface_ln0 = specinterface void @_ssdm_op_SpecInterface, i256 %arg2_axis_in_V_data_V, i32 %arg2_axis_in_V_keep_V, i32 %arg2_axis_in_V_strb_V, i1 %arg2_axis_in_V_last_V, void @empty_2, i32 1, i32 1, void @empty_1, i32 0, i32 0, void @empty_18, void @empty_18, void @empty_18, i32 0, i32 0, i32 0, i32 0, void @empty_18, void @empty_18, i32 4294967295, i32 0"   --->   Operation 58 'specinterface' 'specinterface_ln0' <Predicate = true> <Delay = 0.00>
ST_3 : Operation 59 [1/1] (0.00ns)   --->   "%specbitsmap_ln0 = specbitsmap void @_ssdm_op_SpecBitsMap, i256 %arg2_axis_in_V_data_V"   --->   Operation 59 'specbitsmap' 'specbitsmap_ln0' <Predicate = true> <Delay = 0.00>
ST_3 : Operation 60 [1/1] (0.00ns)   --->   "%specbitsmap_ln0 = specbitsmap void @_ssdm_op_SpecBitsMap, i32 %arg2_axis_in_V_keep_V"   --->   Operation 60 'specbitsmap' 'specbitsmap_ln0' <Predicate = true> <Delay = 0.00>
ST_3 : Operation 61 [1/1] (0.00ns)   --->   "%specbitsmap_ln0 = specbitsmap void @_ssdm_op_SpecBitsMap, i32 %arg2_axis_in_V_strb_V"   --->   Operation 61 'specbitsmap' 'specbitsmap_ln0' <Predicate = true> <Delay = 0.00>
ST_3 : Operation 62 [1/1] (0.00ns)   --->   "%specbitsmap_ln0 = specbitsmap void @_ssdm_op_SpecBitsMap, i1 %arg2_axis_in_V_last_V"   --->   Operation 62 'specbitsmap' 'specbitsmap_ln0' <Predicate = true> <Delay = 0.00>
ST_3 : Operation 63 [1/1] (0.00ns)   --->   "%specinterface_ln0 = specinterface void @_ssdm_op_SpecInterface, i256 %arg2_axis_out_V_data_V, i32 %arg2_axis_out_V_keep_V, i32 %arg2_axis_out_V_strb_V, i1 %arg2_axis_out_V_last_V, void @empty_2, i32 1, i32 1, void @empty_1, i32 0, i32 0, void @empty_18, void @empty_18, void @empty_18, i32 0, i32 0, i32 0, i32 0, void @empty_18, void @empty_18, i32 4294967295, i32 0"   --->   Operation 63 'specinterface' 'specinterface_ln0' <Predicate = true> <Delay = 0.00>
ST_3 : Operation 64 [1/1] (0.00ns)   --->   "%specbitsmap_ln0 = specbitsmap void @_ssdm_op_SpecBitsMap, i256 %arg2_axis_out_V_data_V"   --->   Operation 64 'specbitsmap' 'specbitsmap_ln0' <Predicate = true> <Delay = 0.00>
ST_3 : Operation 65 [1/1] (0.00ns)   --->   "%specbitsmap_ln0 = specbitsmap void @_ssdm_op_SpecBitsMap, i32 %arg2_axis_out_V_keep_V"   --->   Operation 65 'specbitsmap' 'specbitsmap_ln0' <Predicate = true> <Delay = 0.00>
ST_3 : Operation 66 [1/1] (0.00ns)   --->   "%specbitsmap_ln0 = specbitsmap void @_ssdm_op_SpecBitsMap, i32 %arg2_axis_out_V_strb_V"   --->   Operation 66 'specbitsmap' 'specbitsmap_ln0' <Predicate = true> <Delay = 0.00>
ST_3 : Operation 67 [1/1] (0.00ns)   --->   "%specbitsmap_ln0 = specbitsmap void @_ssdm_op_SpecBitsMap, i1 %arg2_axis_out_V_last_V"   --->   Operation 67 'specbitsmap' 'specbitsmap_ln0' <Predicate = true> <Delay = 0.00>
ST_3 : Operation 68 [1/1] (0.00ns)   --->   "%specinterface_ln0 = specinterface void @_ssdm_op_SpecInterface, i256 %arg3_axis_in_V_data_V, i32 %arg3_axis_in_V_keep_V, i32 %arg3_axis_in_V_strb_V, i1 %arg3_axis_in_V_last_V, void @empty_2, i32 1, i32 1, void @empty_1, i32 0, i32 0, void @empty_18, void @empty_18, void @empty_18, i32 0, i32 0, i32 0, i32 0, void @empty_18, void @empty_18, i32 4294967295, i32 0"   --->   Operation 68 'specinterface' 'specinterface_ln0' <Predicate = true> <Delay = 0.00>
ST_3 : Operation 69 [1/1] (0.00ns)   --->   "%specbitsmap_ln0 = specbitsmap void @_ssdm_op_SpecBitsMap, i256 %arg3_axis_in_V_data_V"   --->   Operation 69 'specbitsmap' 'specbitsmap_ln0' <Predicate = true> <Delay = 0.00>
ST_3 : Operation 70 [1/1] (0.00ns)   --->   "%specbitsmap_ln0 = specbitsmap void @_ssdm_op_SpecBitsMap, i32 %arg3_axis_in_V_keep_V"   --->   Operation 70 'specbitsmap' 'specbitsmap_ln0' <Predicate = true> <Delay = 0.00>
ST_3 : Operation 71 [1/1] (0.00ns)   --->   "%specbitsmap_ln0 = specbitsmap void @_ssdm_op_SpecBitsMap, i32 %arg3_axis_in_V_strb_V"   --->   Operation 71 'specbitsmap' 'specbitsmap_ln0' <Predicate = true> <Delay = 0.00>
ST_3 : Operation 72 [1/1] (0.00ns)   --->   "%specbitsmap_ln0 = specbitsmap void @_ssdm_op_SpecBitsMap, i1 %arg3_axis_in_V_last_V"   --->   Operation 72 'specbitsmap' 'specbitsmap_ln0' <Predicate = true> <Delay = 0.00>
ST_3 : Operation 73 [1/1] (0.00ns)   --->   "%specinterface_ln0 = specinterface void @_ssdm_op_SpecInterface, i256 %arg3_axis_out_V_data_V, i32 %arg3_axis_out_V_keep_V, i32 %arg3_axis_out_V_strb_V, i1 %arg3_axis_out_V_last_V, void @empty_2, i32 1, i32 1, void @empty_1, i32 0, i32 0, void @empty_18, void @empty_18, void @empty_18, i32 0, i32 0, i32 0, i32 0, void @empty_18, void @empty_18, i32 4294967295, i32 0"   --->   Operation 73 'specinterface' 'specinterface_ln0' <Predicate = true> <Delay = 0.00>
ST_3 : Operation 74 [1/1] (0.00ns)   --->   "%specbitsmap_ln0 = specbitsmap void @_ssdm_op_SpecBitsMap, i256 %arg3_axis_out_V_data_V"   --->   Operation 74 'specbitsmap' 'specbitsmap_ln0' <Predicate = true> <Delay = 0.00>
ST_3 : Operation 75 [1/1] (0.00ns)   --->   "%specbitsmap_ln0 = specbitsmap void @_ssdm_op_SpecBitsMap, i32 %arg3_axis_out_V_keep_V"   --->   Operation 75 'specbitsmap' 'specbitsmap_ln0' <Predicate = true> <Delay = 0.00>
ST_3 : Operation 76 [1/1] (0.00ns)   --->   "%specbitsmap_ln0 = specbitsmap void @_ssdm_op_SpecBitsMap, i32 %arg3_axis_out_V_strb_V"   --->   Operation 76 'specbitsmap' 'specbitsmap_ln0' <Predicate = true> <Delay = 0.00>
ST_3 : Operation 77 [1/1] (0.00ns)   --->   "%specbitsmap_ln0 = specbitsmap void @_ssdm_op_SpecBitsMap, i1 %arg3_axis_out_V_last_V"   --->   Operation 77 'specbitsmap' 'specbitsmap_ln0' <Predicate = true> <Delay = 0.00>
ST_3 : Operation 78 [1/1] (0.00ns)   --->   "%specinterface_ln0 = specinterface void @_ssdm_op_SpecInterface, i256 %arg4_axis_out_V_data_V, i32 %arg4_axis_out_V_keep_V, i32 %arg4_axis_out_V_strb_V, i1 %arg4_axis_out_V_last_V, void @empty_2, i32 1, i32 1, void @empty_1, i32 0, i32 0, void @empty_18, void @empty_18, void @empty_18, i32 0, i32 0, i32 0, i32 0, void @empty_18, void @empty_18, i32 4294967295, i32 0"   --->   Operation 78 'specinterface' 'specinterface_ln0' <Predicate = true> <Delay = 0.00>
ST_3 : Operation 79 [1/1] (0.00ns)   --->   "%specbitsmap_ln0 = specbitsmap void @_ssdm_op_SpecBitsMap, i256 %arg4_axis_out_V_data_V"   --->   Operation 79 'specbitsmap' 'specbitsmap_ln0' <Predicate = true> <Delay = 0.00>
ST_3 : Operation 80 [1/1] (0.00ns)   --->   "%specbitsmap_ln0 = specbitsmap void @_ssdm_op_SpecBitsMap, i32 %arg4_axis_out_V_keep_V"   --->   Operation 80 'specbitsmap' 'specbitsmap_ln0' <Predicate = true> <Delay = 0.00>
ST_3 : Operation 81 [1/1] (0.00ns)   --->   "%specbitsmap_ln0 = specbitsmap void @_ssdm_op_SpecBitsMap, i32 %arg4_axis_out_V_strb_V"   --->   Operation 81 'specbitsmap' 'specbitsmap_ln0' <Predicate = true> <Delay = 0.00>
ST_3 : Operation 82 [1/1] (0.00ns)   --->   "%specbitsmap_ln0 = specbitsmap void @_ssdm_op_SpecBitsMap, i1 %arg4_axis_out_V_last_V"   --->   Operation 82 'specbitsmap' 'specbitsmap_ln0' <Predicate = true> <Delay = 0.00>
ST_3 : Operation 83 [1/1] (0.00ns)   --->   "%specinterface_ln0 = specinterface void @_ssdm_op_SpecInterface, i32 0, void @empty_10, i32 0, i32 0, void @empty_18, i32 0, i32 0, void @empty_17, void @empty_18, void @empty_18, i32 0, i32 0, i32 0, i32 0, void @empty_18, void @empty_18, i32 4294967295, i32 0"   --->   Operation 83 'specinterface' 'specinterface_ln0' <Predicate = true> <Delay = 0.00>
ST_3 : Operation 84 [1/1] (1.00ns)   --->   "%stencilConfig_outer_loop_limit_read = read i16 @_ssdm_op_Read.ap_none.i16, i16 %stencilConfig_outer_loop_limit" [/home/x_thileeb/repos/ops-hls-batching-new/codegen_apps/batching/blackscholes/vck5000_datacopy_project/hls/device/src/kernel_outerloop_0.cpp:746]   --->   Operation 84 'read' 'stencilConfig_outer_loop_limit_read' <Predicate = true> <Delay = 1.00> <CoreInst = "s_axilite">   --->   Core 126 's_axilite' <Latency = 0> <II = 1> <Delay = 1.00> <Adapter> <Opcode : 'read' 'write'>
ST_3 : Operation 85 [1/1] (1.00ns)   --->   "%stencilConfig_upper_limit_0_read = read i16 @_ssdm_op_Read.ap_none.i16, i16 %stencilConfig_upper_limit_0" [/home/x_thileeb/repos/ops-hls-batching-new/codegen_apps/batching/blackscholes/vck5000_datacopy_project/hls/device/src/kernel_outerloop_0.cpp:746]   --->   Operation 85 'read' 'stencilConfig_upper_limit_0_read' <Predicate = true> <Delay = 1.00> <CoreInst = "s_axilite">   --->   Core 126 's_axilite' <Latency = 0> <II = 1> <Delay = 1.00> <Adapter> <Opcode : 'read' 'write'>
ST_3 : Operation 86 [1/1] (1.00ns)   --->   "%stencilConfig_lower_limit_0_read = read i16 @_ssdm_op_Read.ap_none.i16, i16 %stencilConfig_lower_limit_0" [/home/x_thileeb/repos/ops-hls-batching-new/codegen_apps/batching/blackscholes/vck5000_datacopy_project/hls/device/src/kernel_outerloop_0.cpp:746]   --->   Operation 86 'read' 'stencilConfig_lower_limit_0_read' <Predicate = true> <Delay = 1.00> <CoreInst = "s_axilite">   --->   Core 126 's_axilite' <Latency = 0> <II = 1> <Delay = 1.00> <Adapter> <Opcode : 'read' 'write'>
ST_3 : Operation 87 [1/1] (1.00ns)   --->   "%stencilConfig_grid_size_0_read = read i16 @_ssdm_op_Read.ap_none.i16, i16 %stencilConfig_grid_size_0" [/home/x_thileeb/repos/ops-hls-batching-new/codegen_apps/batching/blackscholes/vck5000_datacopy_project/hls/device/src/kernel_outerloop_0.cpp:746]   --->   Operation 87 'read' 'stencilConfig_grid_size_0_read' <Predicate = true> <Delay = 1.00> <CoreInst = "s_axilite">   --->   Core 126 's_axilite' <Latency = 0> <II = 1> <Delay = 1.00> <Adapter> <Opcode : 'read' 'write'>
ST_3 : Operation 88 [1/1] (1.00ns)   --->   "%outer_itr_read = read i32 @_ssdm_op_Read.ap_none.i32, i32 %outer_itr" [/home/x_thileeb/repos/ops-hls-batching-new/codegen_apps/batching/blackscholes/vck5000_datacopy_project/hls/device/src/kernel_outerloop_0.cpp:746]   --->   Operation 88 'read' 'outer_itr_read' <Predicate = true> <Delay = 1.00> <CoreInst = "s_axilite">   --->   Core 126 's_axilite' <Latency = 0> <II = 1> <Delay = 1.00> <Adapter> <Opcode : 'read' 'write'>
ST_3 : Operation 89 [1/3] (0.26ns)   --->   "%num_pkts = mul i32 %zext_ln828, i32 %stencilConfig_total_itr_read" [/home/x_thileeb/repos/ops-hls-batching-new/codegen_apps/batching/blackscholes/vck5000_datacopy_project/hls/device/src/kernel_outerloop_0.cpp:828]   --->   Operation 89 'mul' 'num_pkts' <Predicate = true> <Delay = 0.26> <CoreInst = "Multiplier">   --->   Core 3 'Multiplier' <Latency = 2> <II = 1> <Delay = 1.92> <FuncUnit> <Opcode : 'mul'> <InPorts = 2> <OutPorts = 1>
ST_3 : Operation 90 [1/1] (0.00ns)   --->   "%br_ln730 = br void %for.inc.i" [/home/x_thileeb/repos/ops-hls-batching-new/codegen_apps/batching/blackscholes/vck5000_datacopy_project/hls/device/src/kernel_outerloop_0.cpp:730]   --->   Operation 90 'br' 'br_ln730' <Predicate = true> <Delay = 0.00>

State 4 <SV = 3> <Delay = 1.91>
ST_4 : Operation 91 [1/1] (0.00ns)   --->   "%i_3 = load i32 %i" [/home/x_thileeb/repos/ops-hls-batching-new/codegen_apps/batching/blackscholes/vck5000_datacopy_project/hls/device/src/kernel_outerloop_0.cpp:730]   --->   Operation 91 'load' 'i_3' <Predicate = true> <Delay = 0.00>
ST_4 : Operation 92 [1/1] (0.89ns)   --->   "%i_4 = add i32 %i_3, i32 1" [/home/x_thileeb/repos/ops-hls-batching-new/codegen_apps/batching/blackscholes/vck5000_datacopy_project/hls/device/src/kernel_outerloop_0.cpp:730]   --->   Operation 92 'add' 'i_4' <Predicate = true> <Delay = 0.89> <CoreInst = "Adder">   --->   Core 1 'Adder' <Latency = 0> <II = 1> <Delay = 0.89> <FuncUnit> <Opcode : 'add' 'sub'> <InPorts = 2> <OutPorts = 1>
ST_4 : Operation 93 [1/1] (0.70ns)   --->   "%icmp_ln730 = icmp_eq  i32 %i_3, i32 %outer_itr_read" [/home/x_thileeb/repos/ops-hls-batching-new/codegen_apps/batching/blackscholes/vck5000_datacopy_project/hls/device/src/kernel_outerloop_0.cpp:730]   --->   Operation 93 'icmp' 'icmp_ln730' <Predicate = true> <Delay = 0.70> <CoreInst = "Cmp">   --->   Core 9 'Cmp' <Latency = 0> <II = 1> <Delay = 0.70> <FuncUnit> <Opcode : 'icmp'> <InPorts = 2> <OutPorts = 1>
ST_4 : Operation 94 [1/1] (0.00ns)   --->   "%br_ln730 = br i1 %icmp_ln730, void %for.inc.i.split, void %_ZL30kernel_outerloop_0_main_regiontjRKN3ops3hls17StencilConfigCoreEjRN3hls6streamINS4_4axisI7ap_uintILi256EELm0ELm0ELm0EEELi0EEESB_SB_SB_SB_SB_SB_SB_.exit.loopexit" [/home/x_thileeb/repos/ops-hls-batching-new/codegen_apps/batching/blackscholes/vck5000_datacopy_project/hls/device/src/kernel_outerloop_0.cpp:730]   --->   Operation 94 'br' 'br_ln730' <Predicate = true> <Delay = 0.00>
ST_4 : Operation 95 [2/2] (1.21ns)   --->   "%call_ln733 = call void @kernel_outerloop_0_dataflow_region, i16 %stencilConfig_grid_size_0_read, i16 %stencilConfig_lower_limit_0_read, i16 %stencilConfig_upper_limit_0_read, i16 %stencilConfig_outer_loop_limit_read, i16 %stencilConfig_batch_size_read, i32 %num_pkts, i256 %arg0_axis_in_V_data_V, i32 %arg0_axis_in_V_keep_V, i32 %arg0_axis_in_V_strb_V, i1 %arg0_axis_in_V_last_V, i256 %arg1_axis_in_V_data_V, i32 %arg1_axis_in_V_keep_V, i32 %arg1_axis_in_V_strb_V, i1 %arg1_axis_in_V_last_V, i256 %arg1_axis_out_V_data_V, i32 %arg1_axis_out_V_keep_V, i32 %arg1_axis_out_V_strb_V, i1 %arg1_axis_out_V_last_V, i256 %arg2_axis_in_V_data_V, i32 %arg2_axis_in_V_keep_V, i32 %arg2_axis_in_V_strb_V, i1 %arg2_axis_in_V_last_V, i256 %arg2_axis_out_V_data_V, i32 %arg2_axis_out_V_keep_V, i32 %arg2_axis_out_V_strb_V, i1 %arg2_axis_out_V_last_V, i256 %arg3_axis_in_V_data_V, i32 %arg3_axis_in_V_keep_V, i32 %arg3_axis_in_V_strb_V, i1 %arg3_axis_in_V_last_V, i256 %arg3_axis_out_V_data_V, i32 %arg3_axis_out_V_keep_V, i32 %arg3_axis_out_V_strb_V, i1 %arg3_axis_out_V_last_V, i256 %arg4_axis_out_V_data_V, i32 %arg4_axis_out_V_keep_V, i32 %arg4_axis_out_V_strb_V, i1 %arg4_axis_out_V_last_V" [/home/x_thileeb/repos/ops-hls-batching-new/codegen_apps/batching/blackscholes/vck5000_datacopy_project/hls/device/src/kernel_outerloop_0.cpp:733]   --->   Operation 95 'call' 'call_ln733' <Predicate = (!icmp_ln730)> <Delay = 1.21> <CoreType = "Generic">   --->   Core 0 '' <Latency = 0> <II = 1> <Delay = 1.00> <Generic> <Opcode : >
ST_4 : Operation 96 [1/1] (0.46ns)   --->   "%store_ln730 = store i32 %i_4, i32 %i" [/home/x_thileeb/repos/ops-hls-batching-new/codegen_apps/batching/blackscholes/vck5000_datacopy_project/hls/device/src/kernel_outerloop_0.cpp:730]   --->   Operation 96 'store' 'store_ln730' <Predicate = (!icmp_ln730)> <Delay = 0.46>

State 5 <SV = 4> <Delay = 0.00>
ST_5 : Operation 97 [1/1] (0.00ns)   --->   "%specloopname_ln730 = specloopname void @_ssdm_op_SpecLoopName, void @empty_13" [/home/x_thileeb/repos/ops-hls-batching-new/codegen_apps/batching/blackscholes/vck5000_datacopy_project/hls/device/src/kernel_outerloop_0.cpp:730]   --->   Operation 97 'specloopname' 'specloopname_ln730' <Predicate = true> <Delay = 0.00>
ST_5 : Operation 98 [1/2] (0.00ns)   --->   "%call_ln733 = call void @kernel_outerloop_0_dataflow_region, i16 %stencilConfig_grid_size_0_read, i16 %stencilConfig_lower_limit_0_read, i16 %stencilConfig_upper_limit_0_read, i16 %stencilConfig_outer_loop_limit_read, i16 %stencilConfig_batch_size_read, i32 %num_pkts, i256 %arg0_axis_in_V_data_V, i32 %arg0_axis_in_V_keep_V, i32 %arg0_axis_in_V_strb_V, i1 %arg0_axis_in_V_last_V, i256 %arg1_axis_in_V_data_V, i32 %arg1_axis_in_V_keep_V, i32 %arg1_axis_in_V_strb_V, i1 %arg1_axis_in_V_last_V, i256 %arg1_axis_out_V_data_V, i32 %arg1_axis_out_V_keep_V, i32 %arg1_axis_out_V_strb_V, i1 %arg1_axis_out_V_last_V, i256 %arg2_axis_in_V_data_V, i32 %arg2_axis_in_V_keep_V, i32 %arg2_axis_in_V_strb_V, i1 %arg2_axis_in_V_last_V, i256 %arg2_axis_out_V_data_V, i32 %arg2_axis_out_V_keep_V, i32 %arg2_axis_out_V_strb_V, i1 %arg2_axis_out_V_last_V, i256 %arg3_axis_in_V_data_V, i32 %arg3_axis_in_V_keep_V, i32 %arg3_axis_in_V_strb_V, i1 %arg3_axis_in_V_last_V, i256 %arg3_axis_out_V_data_V, i32 %arg3_axis_out_V_keep_V, i32 %arg3_axis_out_V_strb_V, i1 %arg3_axis_out_V_last_V, i256 %arg4_axis_out_V_data_V, i32 %arg4_axis_out_V_keep_V, i32 %arg4_axis_out_V_strb_V, i1 %arg4_axis_out_V_last_V" [/home/x_thileeb/repos/ops-hls-batching-new/codegen_apps/batching/blackscholes/vck5000_datacopy_project/hls/device/src/kernel_outerloop_0.cpp:733]   --->   Operation 98 'call' 'call_ln733' <Predicate = true> <Delay = 0.00> <CoreType = "Generic">   --->   Core 0 '' <Latency = 0> <II = 1> <Delay = 1.00> <Generic> <Opcode : >
ST_5 : Operation 99 [1/1] (0.00ns)   --->   "%br_ln730 = br void %for.inc.i" [/home/x_thileeb/repos/ops-hls-batching-new/codegen_apps/batching/blackscholes/vck5000_datacopy_project/hls/device/src/kernel_outerloop_0.cpp:730]   --->   Operation 99 'br' 'br_ln730' <Predicate = true> <Delay = 0.00>

State 6 <SV = 5> <Delay = 0.00>
ST_6 : Operation 100 [1/1] (0.00ns)   --->   "%ret_ln864 = ret" [/home/x_thileeb/repos/ops-hls-batching-new/codegen_apps/batching/blackscholes/vck5000_datacopy_project/hls/device/src/kernel_outerloop_0.cpp:864]   --->   Operation 100 'ret' 'ret_ln864' <Predicate = true> <Delay = 0.00>


============================================================
+ Verbose Summary: Binding
============================================================
STG Binding: 
---------------- STG Properties BEGIN ----------------
- Is combinational: 0
- Is one-state seq: 0
- Is datapath-only: 0
- Is pipelined: 0
- Is top level: 1
Port [ Return ] is wired: 1; IO mode=ap_ctrl_chain:ce=0
Port [ slr_region]:  wired=1; compound=0; hidden=0; nouse=1; global=0; static=0; extern=0; dir=0; type=0; pingpong=0; private_global=0; IO mode=ap_none:ce=0
Port [ outer_itr]:  wired=1; compound=0; hidden=0; nouse=0; global=0; static=0; extern=0; dir=0; type=0; pingpong=0; private_global=0; IO mode=ap_none:ce=0
Port [ stencilConfig_grid_size_0]:  wired=1; compound=0; hidden=0; nouse=0; global=0; static=0; extern=0; dir=0; type=0; pingpong=0; private_global=0; IO mode=ap_none:ce=0
Port [ stencilConfig_dim]:  wired=1; compound=0; hidden=0; nouse=1; global=0; static=0; extern=0; dir=0; type=0; pingpong=0; private_global=0; IO mode=ap_none:ce=0
Port [ stencilConfig_total_itr]:  wired=1; compound=0; hidden=0; nouse=0; global=0; static=0; extern=0; dir=0; type=0; pingpong=0; private_global=0; IO mode=ap_none:ce=0
Port [ stencilConfig_lower_limit_0]:  wired=1; compound=0; hidden=0; nouse=0; global=0; static=0; extern=0; dir=0; type=0; pingpong=0; private_global=0; IO mode=ap_none:ce=0
Port [ stencilConfig_upper_limit_0]:  wired=1; compound=0; hidden=0; nouse=0; global=0; static=0; extern=0; dir=0; type=0; pingpong=0; private_global=0; IO mode=ap_none:ce=0
Port [ stencilConfig_outer_loop_limit]:  wired=1; compound=0; hidden=0; nouse=0; global=0; static=0; extern=0; dir=0; type=0; pingpong=0; private_global=0; IO mode=ap_none:ce=0
Port [ stencilConfig_batch_size]:  wired=1; compound=0; hidden=0; nouse=0; global=0; static=0; extern=0; dir=0; type=0; pingpong=0; private_global=0; IO mode=ap_none:ce=0
Port [ arg0_axis_in_V_data_V]:  wired=1; compound=1; hidden=0; nouse=0; global=0; static=0; extern=0; dir=0; type=0; pingpong=0; private_global=0; IO mode=axis:ce=0
Port [ arg0_axis_in_V_keep_V]:  wired=1; compound=1; hidden=0; nouse=0; global=0; static=0; extern=0; dir=0; type=0; pingpong=0; private_global=0; IO mode=axis:ce=0
Port [ arg0_axis_in_V_strb_V]:  wired=1; compound=1; hidden=0; nouse=0; global=0; static=0; extern=0; dir=0; type=0; pingpong=0; private_global=0; IO mode=axis:ce=0
Port [ arg0_axis_in_V_last_V]:  wired=1; compound=1; hidden=0; nouse=0; global=0; static=0; extern=0; dir=0; type=0; pingpong=0; private_global=0; IO mode=axis:ce=0
Port [ arg1_axis_in_V_data_V]:  wired=1; compound=1; hidden=0; nouse=0; global=0; static=0; extern=0; dir=0; type=0; pingpong=0; private_global=0; IO mode=axis:ce=0
Port [ arg1_axis_in_V_keep_V]:  wired=1; compound=1; hidden=0; nouse=0; global=0; static=0; extern=0; dir=0; type=0; pingpong=0; private_global=0; IO mode=axis:ce=0
Port [ arg1_axis_in_V_strb_V]:  wired=1; compound=1; hidden=0; nouse=0; global=0; static=0; extern=0; dir=0; type=0; pingpong=0; private_global=0; IO mode=axis:ce=0
Port [ arg1_axis_in_V_last_V]:  wired=1; compound=1; hidden=0; nouse=0; global=0; static=0; extern=0; dir=0; type=0; pingpong=0; private_global=0; IO mode=axis:ce=0
Port [ arg1_axis_out_V_data_V]:  wired=1; compound=1; hidden=0; nouse=0; global=0; static=0; extern=0; dir=1; type=0; pingpong=0; private_global=0; IO mode=axis:ce=0
Port [ arg1_axis_out_V_keep_V]:  wired=1; compound=1; hidden=0; nouse=0; global=0; static=0; extern=0; dir=1; type=0; pingpong=0; private_global=0; IO mode=axis:ce=0
Port [ arg1_axis_out_V_strb_V]:  wired=1; compound=1; hidden=0; nouse=0; global=0; static=0; extern=0; dir=1; type=0; pingpong=0; private_global=0; IO mode=axis:ce=0
Port [ arg1_axis_out_V_last_V]:  wired=1; compound=1; hidden=0; nouse=0; global=0; static=0; extern=0; dir=1; type=0; pingpong=0; private_global=0; IO mode=axis:ce=0
Port [ arg2_axis_in_V_data_V]:  wired=1; compound=1; hidden=0; nouse=0; global=0; static=0; extern=0; dir=0; type=0; pingpong=0; private_global=0; IO mode=axis:ce=0
Port [ arg2_axis_in_V_keep_V]:  wired=1; compound=1; hidden=0; nouse=0; global=0; static=0; extern=0; dir=0; type=0; pingpong=0; private_global=0; IO mode=axis:ce=0
Port [ arg2_axis_in_V_strb_V]:  wired=1; compound=1; hidden=0; nouse=0; global=0; static=0; extern=0; dir=0; type=0; pingpong=0; private_global=0; IO mode=axis:ce=0
Port [ arg2_axis_in_V_last_V]:  wired=1; compound=1; hidden=0; nouse=0; global=0; static=0; extern=0; dir=0; type=0; pingpong=0; private_global=0; IO mode=axis:ce=0
Port [ arg2_axis_out_V_data_V]:  wired=1; compound=1; hidden=0; nouse=0; global=0; static=0; extern=0; dir=1; type=0; pingpong=0; private_global=0; IO mode=axis:ce=0
Port [ arg2_axis_out_V_keep_V]:  wired=1; compound=1; hidden=0; nouse=0; global=0; static=0; extern=0; dir=1; type=0; pingpong=0; private_global=0; IO mode=axis:ce=0
Port [ arg2_axis_out_V_strb_V]:  wired=1; compound=1; hidden=0; nouse=0; global=0; static=0; extern=0; dir=1; type=0; pingpong=0; private_global=0; IO mode=axis:ce=0
Port [ arg2_axis_out_V_last_V]:  wired=1; compound=1; hidden=0; nouse=0; global=0; static=0; extern=0; dir=1; type=0; pingpong=0; private_global=0; IO mode=axis:ce=0
Port [ arg3_axis_in_V_data_V]:  wired=1; compound=1; hidden=0; nouse=0; global=0; static=0; extern=0; dir=0; type=0; pingpong=0; private_global=0; IO mode=axis:ce=0
Port [ arg3_axis_in_V_keep_V]:  wired=1; compound=1; hidden=0; nouse=0; global=0; static=0; extern=0; dir=0; type=0; pingpong=0; private_global=0; IO mode=axis:ce=0
Port [ arg3_axis_in_V_strb_V]:  wired=1; compound=1; hidden=0; nouse=0; global=0; static=0; extern=0; dir=0; type=0; pingpong=0; private_global=0; IO mode=axis:ce=0
Port [ arg3_axis_in_V_last_V]:  wired=1; compound=1; hidden=0; nouse=0; global=0; static=0; extern=0; dir=0; type=0; pingpong=0; private_global=0; IO mode=axis:ce=0
Port [ arg3_axis_out_V_data_V]:  wired=1; compound=1; hidden=0; nouse=0; global=0; static=0; extern=0; dir=1; type=0; pingpong=0; private_global=0; IO mode=axis:ce=0
Port [ arg3_axis_out_V_keep_V]:  wired=1; compound=1; hidden=0; nouse=0; global=0; static=0; extern=0; dir=1; type=0; pingpong=0; private_global=0; IO mode=axis:ce=0
Port [ arg3_axis_out_V_strb_V]:  wired=1; compound=1; hidden=0; nouse=0; global=0; static=0; extern=0; dir=1; type=0; pingpong=0; private_global=0; IO mode=axis:ce=0
Port [ arg3_axis_out_V_last_V]:  wired=1; compound=1; hidden=0; nouse=0; global=0; static=0; extern=0; dir=1; type=0; pingpong=0; private_global=0; IO mode=axis:ce=0
Port [ arg4_axis_out_V_data_V]:  wired=1; compound=1; hidden=0; nouse=0; global=0; static=0; extern=0; dir=1; type=0; pingpong=0; private_global=0; IO mode=axis:ce=0
Port [ arg4_axis_out_V_keep_V]:  wired=1; compound=1; hidden=0; nouse=0; global=0; static=0; extern=0; dir=1; type=0; pingpong=0; private_global=0; IO mode=axis:ce=0
Port [ arg4_axis_out_V_strb_V]:  wired=1; compound=1; hidden=0; nouse=0; global=0; static=0; extern=0; dir=1; type=0; pingpong=0; private_global=0; IO mode=axis:ce=0
Port [ arg4_axis_out_V_last_V]:  wired=1; compound=1; hidden=0; nouse=0; global=0; static=0; extern=0; dir=1; type=0; pingpong=0; private_global=0; IO mode=axis:ce=0
---------------- STG Properties END ------------------

---------------- Datapath Model BEGIN ----------------

<LifeTime>
<method=bitvector/>
i                                   (alloca       ) [ 0111110]
stencilConfig_batch_size_read       (read         ) [ 0011110]
stencilConfig_total_itr_read        (read         ) [ 0011000]
zext_ln828                          (zext         ) [ 0011000]
store_ln730                         (store        ) [ 0000000]
spectopmodule_ln744                 (spectopmodule) [ 0000000]
specinterface_ln744                 (specinterface) [ 0000000]
specbitsmap_ln0                     (specbitsmap  ) [ 0000000]
specinterface_ln0                   (specinterface) [ 0000000]
specinterface_ln0                   (specinterface) [ 0000000]
specbitsmap_ln0                     (specbitsmap  ) [ 0000000]
specinterface_ln0                   (specinterface) [ 0000000]
specinterface_ln0                   (specinterface) [ 0000000]
specbitsmap_ln0                     (specbitsmap  ) [ 0000000]
specinterface_ln0                   (specinterface) [ 0000000]
specinterface_ln0                   (specinterface) [ 0000000]
specbitsmap_ln0                     (specbitsmap  ) [ 0000000]
specinterface_ln0                   (specinterface) [ 0000000]
specinterface_ln0                   (specinterface) [ 0000000]
specbitsmap_ln0                     (specbitsmap  ) [ 0000000]
specinterface_ln0                   (specinterface) [ 0000000]
specinterface_ln0                   (specinterface) [ 0000000]
specbitsmap_ln0                     (specbitsmap  ) [ 0000000]
specinterface_ln0                   (specinterface) [ 0000000]
specinterface_ln0                   (specinterface) [ 0000000]
specbitsmap_ln0                     (specbitsmap  ) [ 0000000]
specinterface_ln0                   (specinterface) [ 0000000]
specinterface_ln0                   (specinterface) [ 0000000]
specbitsmap_ln0                     (specbitsmap  ) [ 0000000]
specinterface_ln0                   (specinterface) [ 0000000]
specinterface_ln0                   (specinterface) [ 0000000]
specbitsmap_ln0                     (specbitsmap  ) [ 0000000]
specinterface_ln0                   (specinterface) [ 0000000]
specinterface_ln0                   (specinterface) [ 0000000]
specinterface_ln0                   (specinterface) [ 0000000]
specbitsmap_ln0                     (specbitsmap  ) [ 0000000]
specbitsmap_ln0                     (specbitsmap  ) [ 0000000]
specbitsmap_ln0                     (specbitsmap  ) [ 0000000]
specbitsmap_ln0                     (specbitsmap  ) [ 0000000]
specinterface_ln0                   (specinterface) [ 0000000]
specbitsmap_ln0                     (specbitsmap  ) [ 0000000]
specbitsmap_ln0                     (specbitsmap  ) [ 0000000]
specbitsmap_ln0                     (specbitsmap  ) [ 0000000]
specbitsmap_ln0                     (specbitsmap  ) [ 0000000]
specinterface_ln0                   (specinterface) [ 0000000]
specbitsmap_ln0                     (specbitsmap  ) [ 0000000]
specbitsmap_ln0                     (specbitsmap  ) [ 0000000]
specbitsmap_ln0                     (specbitsmap  ) [ 0000000]
specbitsmap_ln0                     (specbitsmap  ) [ 0000000]
specinterface_ln0                   (specinterface) [ 0000000]
specbitsmap_ln0                     (specbitsmap  ) [ 0000000]
specbitsmap_ln0                     (specbitsmap  ) [ 0000000]
specbitsmap_ln0                     (specbitsmap  ) [ 0000000]
specbitsmap_ln0                     (specbitsmap  ) [ 0000000]
specinterface_ln0                   (specinterface) [ 0000000]
specbitsmap_ln0                     (specbitsmap  ) [ 0000000]
specbitsmap_ln0                     (specbitsmap  ) [ 0000000]
specbitsmap_ln0                     (specbitsmap  ) [ 0000000]
specbitsmap_ln0                     (specbitsmap  ) [ 0000000]
specinterface_ln0                   (specinterface) [ 0000000]
specbitsmap_ln0                     (specbitsmap  ) [ 0000000]
specbitsmap_ln0                     (specbitsmap  ) [ 0000000]
specbitsmap_ln0                     (specbitsmap  ) [ 0000000]
specbitsmap_ln0                     (specbitsmap  ) [ 0000000]
specinterface_ln0                   (specinterface) [ 0000000]
specbitsmap_ln0                     (specbitsmap  ) [ 0000000]
specbitsmap_ln0                     (specbitsmap  ) [ 0000000]
specbitsmap_ln0                     (specbitsmap  ) [ 0000000]
specbitsmap_ln0                     (specbitsmap  ) [ 0000000]
specinterface_ln0                   (specinterface) [ 0000000]
specbitsmap_ln0                     (specbitsmap  ) [ 0000000]
specbitsmap_ln0                     (specbitsmap  ) [ 0000000]
specbitsmap_ln0                     (specbitsmap  ) [ 0000000]
specbitsmap_ln0                     (specbitsmap  ) [ 0000000]
specinterface_ln0                   (specinterface) [ 0000000]
stencilConfig_outer_loop_limit_read (read         ) [ 0000110]
stencilConfig_upper_limit_0_read    (read         ) [ 0000110]
stencilConfig_lower_limit_0_read    (read         ) [ 0000110]
stencilConfig_grid_size_0_read      (read         ) [ 0000110]
outer_itr_read                      (read         ) [ 0000110]
num_pkts                            (mul          ) [ 0000110]
br_ln730                            (br           ) [ 0000000]
i_3                                 (load         ) [ 0000000]
i_4                                 (add          ) [ 0000000]
icmp_ln730                          (icmp         ) [ 0000110]
br_ln730                            (br           ) [ 0000000]
store_ln730                         (store        ) [ 0000000]
specloopname_ln730                  (specloopname ) [ 0000000]
call_ln733                          (call         ) [ 0000000]
br_ln730                            (br           ) [ 0000000]
ret_ln864                           (ret          ) [ 0000000]
</LifeTime>

<model>

<comp_list>
<comp id="0" class="1000" name="slr_region">
<pin_list>
<pin id="1" dir="1" index="0" bw="1" slack="2147483647"/>
</pin_list>
<bind>
<StgValue><ssdm name="slr_region"/></StgValue>
</bind>
</comp>

<comp id="2" class="1000" name="outer_itr">
<pin_list>
<pin id="3" dir="1" index="0" bw="1" slack="0"/>
</pin_list>
<bind>
<StgValue><ssdm name="outer_itr"/></StgValue>
</bind>
</comp>

<comp id="4" class="1000" name="stencilConfig_grid_size_0">
<pin_list>
<pin id="5" dir="1" index="0" bw="1" slack="0"/>
</pin_list>
<bind>
<StgValue><ssdm name="stencilConfig_grid_size_0"/></StgValue>
</bind>
</comp>

<comp id="6" class="1000" name="stencilConfig_dim">
<pin_list>
<pin id="7" dir="1" index="0" bw="1" slack="2147483647"/>
</pin_list>
<bind>
<StgValue><ssdm name="stencilConfig_dim"/></StgValue>
</bind>
</comp>

<comp id="8" class="1000" name="stencilConfig_total_itr">
<pin_list>
<pin id="9" dir="1" index="0" bw="1" slack="0"/>
</pin_list>
<bind>
<StgValue><ssdm name="stencilConfig_total_itr"/></StgValue>
</bind>
</comp>

<comp id="10" class="1000" name="stencilConfig_lower_limit_0">
<pin_list>
<pin id="11" dir="1" index="0" bw="1" slack="0"/>
</pin_list>
<bind>
<StgValue><ssdm name="stencilConfig_lower_limit_0"/></StgValue>
</bind>
</comp>

<comp id="12" class="1000" name="stencilConfig_upper_limit_0">
<pin_list>
<pin id="13" dir="1" index="0" bw="1" slack="0"/>
</pin_list>
<bind>
<StgValue><ssdm name="stencilConfig_upper_limit_0"/></StgValue>
</bind>
</comp>

<comp id="14" class="1000" name="stencilConfig_outer_loop_limit">
<pin_list>
<pin id="15" dir="1" index="0" bw="1" slack="0"/>
</pin_list>
<bind>
<StgValue><ssdm name="stencilConfig_outer_loop_limit"/></StgValue>
</bind>
</comp>

<comp id="16" class="1000" name="stencilConfig_batch_size">
<pin_list>
<pin id="17" dir="1" index="0" bw="1" slack="0"/>
</pin_list>
<bind>
<StgValue><ssdm name="stencilConfig_batch_size"/></StgValue>
</bind>
</comp>

<comp id="18" class="1000" name="arg0_axis_in_V_data_V">
<pin_list>
<pin id="19" dir="1" index="0" bw="1" slack="0"/>
</pin_list>
<bind>
<StgValue><ssdm name="arg0_axis_in_V_data_V"/></StgValue>
</bind>
</comp>

<comp id="20" class="1000" name="arg0_axis_in_V_keep_V">
<pin_list>
<pin id="21" dir="1" index="0" bw="1" slack="0"/>
</pin_list>
<bind>
<StgValue><ssdm name="arg0_axis_in_V_keep_V"/></StgValue>
</bind>
</comp>

<comp id="22" class="1000" name="arg0_axis_in_V_strb_V">
<pin_list>
<pin id="23" dir="1" index="0" bw="1" slack="0"/>
</pin_list>
<bind>
<StgValue><ssdm name="arg0_axis_in_V_strb_V"/></StgValue>
</bind>
</comp>

<comp id="24" class="1000" name="arg0_axis_in_V_last_V">
<pin_list>
<pin id="25" dir="1" index="0" bw="1" slack="0"/>
</pin_list>
<bind>
<StgValue><ssdm name="arg0_axis_in_V_last_V"/></StgValue>
</bind>
</comp>

<comp id="26" class="1000" name="arg1_axis_in_V_data_V">
<pin_list>
<pin id="27" dir="1" index="0" bw="1" slack="0"/>
</pin_list>
<bind>
<StgValue><ssdm name="arg1_axis_in_V_data_V"/></StgValue>
</bind>
</comp>

<comp id="28" class="1000" name="arg1_axis_in_V_keep_V">
<pin_list>
<pin id="29" dir="1" index="0" bw="1" slack="0"/>
</pin_list>
<bind>
<StgValue><ssdm name="arg1_axis_in_V_keep_V"/></StgValue>
</bind>
</comp>

<comp id="30" class="1000" name="arg1_axis_in_V_strb_V">
<pin_list>
<pin id="31" dir="1" index="0" bw="1" slack="0"/>
</pin_list>
<bind>
<StgValue><ssdm name="arg1_axis_in_V_strb_V"/></StgValue>
</bind>
</comp>

<comp id="32" class="1000" name="arg1_axis_in_V_last_V">
<pin_list>
<pin id="33" dir="1" index="0" bw="1" slack="0"/>
</pin_list>
<bind>
<StgValue><ssdm name="arg1_axis_in_V_last_V"/></StgValue>
</bind>
</comp>

<comp id="34" class="1000" name="arg1_axis_out_V_data_V">
<pin_list>
<pin id="35" dir="1" index="0" bw="1" slack="0"/>
</pin_list>
<bind>
<StgValue><ssdm name="arg1_axis_out_V_data_V"/></StgValue>
</bind>
</comp>

<comp id="36" class="1000" name="arg1_axis_out_V_keep_V">
<pin_list>
<pin id="37" dir="1" index="0" bw="1" slack="0"/>
</pin_list>
<bind>
<StgValue><ssdm name="arg1_axis_out_V_keep_V"/></StgValue>
</bind>
</comp>

<comp id="38" class="1000" name="arg1_axis_out_V_strb_V">
<pin_list>
<pin id="39" dir="1" index="0" bw="1" slack="0"/>
</pin_list>
<bind>
<StgValue><ssdm name="arg1_axis_out_V_strb_V"/></StgValue>
</bind>
</comp>

<comp id="40" class="1000" name="arg1_axis_out_V_last_V">
<pin_list>
<pin id="41" dir="1" index="0" bw="1" slack="0"/>
</pin_list>
<bind>
<StgValue><ssdm name="arg1_axis_out_V_last_V"/></StgValue>
</bind>
</comp>

<comp id="42" class="1000" name="arg2_axis_in_V_data_V">
<pin_list>
<pin id="43" dir="1" index="0" bw="1" slack="0"/>
</pin_list>
<bind>
<StgValue><ssdm name="arg2_axis_in_V_data_V"/></StgValue>
</bind>
</comp>

<comp id="44" class="1000" name="arg2_axis_in_V_keep_V">
<pin_list>
<pin id="45" dir="1" index="0" bw="1" slack="0"/>
</pin_list>
<bind>
<StgValue><ssdm name="arg2_axis_in_V_keep_V"/></StgValue>
</bind>
</comp>

<comp id="46" class="1000" name="arg2_axis_in_V_strb_V">
<pin_list>
<pin id="47" dir="1" index="0" bw="1" slack="0"/>
</pin_list>
<bind>
<StgValue><ssdm name="arg2_axis_in_V_strb_V"/></StgValue>
</bind>
</comp>

<comp id="48" class="1000" name="arg2_axis_in_V_last_V">
<pin_list>
<pin id="49" dir="1" index="0" bw="1" slack="0"/>
</pin_list>
<bind>
<StgValue><ssdm name="arg2_axis_in_V_last_V"/></StgValue>
</bind>
</comp>

<comp id="50" class="1000" name="arg2_axis_out_V_data_V">
<pin_list>
<pin id="51" dir="1" index="0" bw="1" slack="0"/>
</pin_list>
<bind>
<StgValue><ssdm name="arg2_axis_out_V_data_V"/></StgValue>
</bind>
</comp>

<comp id="52" class="1000" name="arg2_axis_out_V_keep_V">
<pin_list>
<pin id="53" dir="1" index="0" bw="1" slack="0"/>
</pin_list>
<bind>
<StgValue><ssdm name="arg2_axis_out_V_keep_V"/></StgValue>
</bind>
</comp>

<comp id="54" class="1000" name="arg2_axis_out_V_strb_V">
<pin_list>
<pin id="55" dir="1" index="0" bw="1" slack="0"/>
</pin_list>
<bind>
<StgValue><ssdm name="arg2_axis_out_V_strb_V"/></StgValue>
</bind>
</comp>

<comp id="56" class="1000" name="arg2_axis_out_V_last_V">
<pin_list>
<pin id="57" dir="1" index="0" bw="1" slack="0"/>
</pin_list>
<bind>
<StgValue><ssdm name="arg2_axis_out_V_last_V"/></StgValue>
</bind>
</comp>

<comp id="58" class="1000" name="arg3_axis_in_V_data_V">
<pin_list>
<pin id="59" dir="1" index="0" bw="1" slack="0"/>
</pin_list>
<bind>
<StgValue><ssdm name="arg3_axis_in_V_data_V"/></StgValue>
</bind>
</comp>

<comp id="60" class="1000" name="arg3_axis_in_V_keep_V">
<pin_list>
<pin id="61" dir="1" index="0" bw="1" slack="0"/>
</pin_list>
<bind>
<StgValue><ssdm name="arg3_axis_in_V_keep_V"/></StgValue>
</bind>
</comp>

<comp id="62" class="1000" name="arg3_axis_in_V_strb_V">
<pin_list>
<pin id="63" dir="1" index="0" bw="1" slack="0"/>
</pin_list>
<bind>
<StgValue><ssdm name="arg3_axis_in_V_strb_V"/></StgValue>
</bind>
</comp>

<comp id="64" class="1000" name="arg3_axis_in_V_last_V">
<pin_list>
<pin id="65" dir="1" index="0" bw="1" slack="0"/>
</pin_list>
<bind>
<StgValue><ssdm name="arg3_axis_in_V_last_V"/></StgValue>
</bind>
</comp>

<comp id="66" class="1000" name="arg3_axis_out_V_data_V">
<pin_list>
<pin id="67" dir="1" index="0" bw="1" slack="0"/>
</pin_list>
<bind>
<StgValue><ssdm name="arg3_axis_out_V_data_V"/></StgValue>
</bind>
</comp>

<comp id="68" class="1000" name="arg3_axis_out_V_keep_V">
<pin_list>
<pin id="69" dir="1" index="0" bw="1" slack="0"/>
</pin_list>
<bind>
<StgValue><ssdm name="arg3_axis_out_V_keep_V"/></StgValue>
</bind>
</comp>

<comp id="70" class="1000" name="arg3_axis_out_V_strb_V">
<pin_list>
<pin id="71" dir="1" index="0" bw="1" slack="0"/>
</pin_list>
<bind>
<StgValue><ssdm name="arg3_axis_out_V_strb_V"/></StgValue>
</bind>
</comp>

<comp id="72" class="1000" name="arg3_axis_out_V_last_V">
<pin_list>
<pin id="73" dir="1" index="0" bw="1" slack="0"/>
</pin_list>
<bind>
<StgValue><ssdm name="arg3_axis_out_V_last_V"/></StgValue>
</bind>
</comp>

<comp id="74" class="1000" name="arg4_axis_out_V_data_V">
<pin_list>
<pin id="75" dir="1" index="0" bw="1" slack="0"/>
</pin_list>
<bind>
<StgValue><ssdm name="arg4_axis_out_V_data_V"/></StgValue>
</bind>
</comp>

<comp id="76" class="1000" name="arg4_axis_out_V_keep_V">
<pin_list>
<pin id="77" dir="1" index="0" bw="1" slack="0"/>
</pin_list>
<bind>
<StgValue><ssdm name="arg4_axis_out_V_keep_V"/></StgValue>
</bind>
</comp>

<comp id="78" class="1000" name="arg4_axis_out_V_strb_V">
<pin_list>
<pin id="79" dir="1" index="0" bw="1" slack="0"/>
</pin_list>
<bind>
<StgValue><ssdm name="arg4_axis_out_V_strb_V"/></StgValue>
</bind>
</comp>

<comp id="80" class="1000" name="arg4_axis_out_V_last_V">
<pin_list>
<pin id="81" dir="1" index="0" bw="1" slack="0"/>
</pin_list>
<bind>
<StgValue><ssdm name="arg4_axis_out_V_last_V"/></StgValue>
</bind>
</comp>

<comp id="82" class="1001" name="const_82">
<pin_list>
<pin id="83" dir="1" index="0" bw="1" slack="0"/>
</pin_list>
<bind>
<StgValue><ssdm name=""/></StgValue>
</bind>
</comp>

<comp id="84" class="1001" name="const_84">
<pin_list>
<pin id="85" dir="1" index="0" bw="1" slack="0"/>
</pin_list>
<bind>
<StgValue><ssdm name="_ssdm_op_Read.ap_none.i16"/></StgValue>
</bind>
</comp>

<comp id="86" class="1001" name="const_86">
<pin_list>
<pin id="87" dir="1" index="0" bw="1" slack="0"/>
</pin_list>
<bind>
<StgValue><ssdm name="_ssdm_op_Read.ap_none.i32"/></StgValue>
</bind>
</comp>

<comp id="88" class="1001" name="const_88">
<pin_list>
<pin id="89" dir="1" index="0" bw="1" slack="0"/>
</pin_list>
<bind>
<StgValue><ssdm name=""/></StgValue>
</bind>
</comp>

<comp id="90" class="1001" name="const_90">
<pin_list>
<pin id="91" dir="1" index="0" bw="1" slack="2147483647"/>
</pin_list>
<bind>
<StgValue><ssdm name="_ssdm_op_SpecTopModule"/></StgValue>
</bind>
</comp>

<comp id="92" class="1001" name="const_92">
<pin_list>
<pin id="93" dir="1" index="0" bw="1" slack="2147483647"/>
</pin_list>
<bind>
<StgValue><ssdm name="empty_8"/></StgValue>
</bind>
</comp>

<comp id="94" class="1001" name="const_94">
<pin_list>
<pin id="95" dir="1" index="0" bw="1" slack="2147483647"/>
</pin_list>
<bind>
<StgValue><ssdm name="_ssdm_op_SpecInterface"/></StgValue>
</bind>
</comp>

<comp id="96" class="1001" name="const_96">
<pin_list>
<pin id="97" dir="1" index="0" bw="1" slack="2147483647"/>
</pin_list>
<bind>
<StgValue><ssdm name="empty_7"/></StgValue>
</bind>
</comp>

<comp id="98" class="1001" name="const_98">
<pin_list>
<pin id="99" dir="1" index="0" bw="1" slack="2147483647"/>
</pin_list>
<bind>
<StgValue><ssdm name="empty_18"/></StgValue>
</bind>
</comp>

<comp id="100" class="1001" name="const_100">
<pin_list>
<pin id="101" dir="1" index="0" bw="1" slack="2147483647"/>
</pin_list>
<bind>
<StgValue><ssdm name=""/></StgValue>
</bind>
</comp>

<comp id="102" class="1001" name="const_102">
<pin_list>
<pin id="103" dir="1" index="0" bw="1" slack="2147483647"/>
</pin_list>
<bind>
<StgValue><ssdm name="_ssdm_op_SpecBitsMap"/></StgValue>
</bind>
</comp>

<comp id="104" class="1001" name="const_104">
<pin_list>
<pin id="105" dir="1" index="0" bw="1" slack="2147483647"/>
</pin_list>
<bind>
<StgValue><ssdm name="empty_10"/></StgValue>
</bind>
</comp>

<comp id="106" class="1001" name="const_106">
<pin_list>
<pin id="107" dir="1" index="0" bw="1" slack="2147483647"/>
</pin_list>
<bind>
<StgValue><ssdm name="empty_17"/></StgValue>
</bind>
</comp>

<comp id="108" class="1001" name="const_108">
<pin_list>
<pin id="109" dir="1" index="0" bw="1" slack="2147483647"/>
</pin_list>
<bind>
<StgValue><ssdm name="empty_16"/></StgValue>
</bind>
</comp>

<comp id="110" class="1001" name="const_110">
<pin_list>
<pin id="111" dir="1" index="0" bw="1" slack="2147483647"/>
</pin_list>
<bind>
<StgValue><ssdm name="empty_15"/></StgValue>
</bind>
</comp>

<comp id="112" class="1001" name="const_112">
<pin_list>
<pin id="113" dir="1" index="0" bw="1" slack="2147483647"/>
</pin_list>
<bind>
<StgValue><ssdm name="empty_14"/></StgValue>
</bind>
</comp>

<comp id="114" class="1001" name="const_114">
<pin_list>
<pin id="115" dir="1" index="0" bw="1" slack="2147483647"/>
</pin_list>
<bind>
<StgValue><ssdm name="empty"/></StgValue>
</bind>
</comp>

<comp id="116" class="1001" name="const_116">
<pin_list>
<pin id="117" dir="1" index="0" bw="1" slack="2147483647"/>
</pin_list>
<bind>
<StgValue><ssdm name="empty_12"/></StgValue>
</bind>
</comp>

<comp id="118" class="1001" name="const_118">
<pin_list>
<pin id="119" dir="1" index="0" bw="1" slack="2147483647"/>
</pin_list>
<bind>
<StgValue><ssdm name="empty_9"/></StgValue>
</bind>
</comp>

<comp id="120" class="1001" name="const_120">
<pin_list>
<pin id="121" dir="1" index="0" bw="1" slack="2147483647"/>
</pin_list>
<bind>
<StgValue><ssdm name="empty_20"/></StgValue>
</bind>
</comp>

<comp id="122" class="1001" name="const_122">
<pin_list>
<pin id="123" dir="1" index="0" bw="1" slack="2147483647"/>
</pin_list>
<bind>
<StgValue><ssdm name="empty_19"/></StgValue>
</bind>
</comp>

<comp id="124" class="1001" name="const_124">
<pin_list>
<pin id="125" dir="1" index="0" bw="1" slack="2147483647"/>
</pin_list>
<bind>
<StgValue><ssdm name="empty_4"/></StgValue>
</bind>
</comp>

<comp id="126" class="1001" name="const_126">
<pin_list>
<pin id="127" dir="1" index="0" bw="1" slack="2147483647"/>
</pin_list>
<bind>
<StgValue><ssdm name="empty_3"/></StgValue>
</bind>
</comp>

<comp id="128" class="1001" name="const_128">
<pin_list>
<pin id="129" dir="1" index="0" bw="1" slack="2147483647"/>
</pin_list>
<bind>
<StgValue><ssdm name="empty_2"/></StgValue>
</bind>
</comp>

<comp id="130" class="1001" name="const_130">
<pin_list>
<pin id="131" dir="1" index="0" bw="1" slack="2147483647"/>
</pin_list>
<bind>
<StgValue><ssdm name="empty_1"/></StgValue>
</bind>
</comp>

<comp id="132" class="1001" name="const_132">
<pin_list>
<pin id="133" dir="1" index="0" bw="1" slack="0"/>
</pin_list>
<bind>
<StgValue><ssdm name="kernel_outerloop_0_dataflow_region"/></StgValue>
</bind>
</comp>

<comp id="134" class="1001" name="const_134">
<pin_list>
<pin id="135" dir="1" index="0" bw="1" slack="2147483647"/>
</pin_list>
<bind>
<StgValue><ssdm name="_ssdm_op_SpecLoopName"/></StgValue>
</bind>
</comp>

<comp id="136" class="1001" name="const_136">
<pin_list>
<pin id="137" dir="1" index="0" bw="1" slack="2147483647"/>
</pin_list>
<bind>
<StgValue><ssdm name="empty_13"/></StgValue>
</bind>
</comp>

<comp id="138" class="1004" name="i_fu_138">
<pin_list>
<pin id="139" dir="0" index="0" bw="1" slack="0"/>
<pin id="140" dir="1" index="1" bw="32" slack="0"/>
</pin_list>
<bind>
<opcode="alloca(26) " fcode="alloca"/>
<opset="i/1 "/>
</bind>
</comp>

<comp id="142" class="1004" name="stencilConfig_batch_size_read_read_fu_142">
<pin_list>
<pin id="143" dir="0" index="0" bw="16" slack="0"/>
<pin id="144" dir="0" index="1" bw="16" slack="0"/>
<pin id="145" dir="1" index="2" bw="16" slack="0"/>
</pin_list>
<bind>
<opcode="read(1150) " fcode="read"/>
<opset="stencilConfig_batch_size_read/1 "/>
</bind>
</comp>

<comp id="148" class="1004" name="stencilConfig_total_itr_read_read_fu_148">
<pin_list>
<pin id="149" dir="0" index="0" bw="32" slack="0"/>
<pin id="150" dir="0" index="1" bw="32" slack="0"/>
<pin id="151" dir="1" index="2" bw="32" slack="0"/>
</pin_list>
<bind>
<opcode="read(1150) " fcode="read"/>
<opset="stencilConfig_total_itr_read/1 "/>
</bind>
</comp>

<comp id="154" class="1004" name="stencilConfig_outer_loop_limit_read_read_fu_154">
<pin_list>
<pin id="155" dir="0" index="0" bw="16" slack="0"/>
<pin id="156" dir="0" index="1" bw="16" slack="0"/>
<pin id="157" dir="1" index="2" bw="16" slack="1"/>
</pin_list>
<bind>
<opcode="read(1150) " fcode="read"/>
<opset="stencilConfig_outer_loop_limit_read/3 "/>
</bind>
</comp>

<comp id="160" class="1004" name="stencilConfig_upper_limit_0_read_read_fu_160">
<pin_list>
<pin id="161" dir="0" index="0" bw="16" slack="0"/>
<pin id="162" dir="0" index="1" bw="16" slack="0"/>
<pin id="163" dir="1" index="2" bw="16" slack="1"/>
</pin_list>
<bind>
<opcode="read(1150) " fcode="read"/>
<opset="stencilConfig_upper_limit_0_read/3 "/>
</bind>
</comp>

<comp id="166" class="1004" name="stencilConfig_lower_limit_0_read_read_fu_166">
<pin_list>
<pin id="167" dir="0" index="0" bw="16" slack="0"/>
<pin id="168" dir="0" index="1" bw="16" slack="0"/>
<pin id="169" dir="1" index="2" bw="16" slack="1"/>
</pin_list>
<bind>
<opcode="read(1150) " fcode="read"/>
<opset="stencilConfig_lower_limit_0_read/3 "/>
</bind>
</comp>

<comp id="172" class="1004" name="stencilConfig_grid_size_0_read_read_fu_172">
<pin_list>
<pin id="173" dir="0" index="0" bw="16" slack="0"/>
<pin id="174" dir="0" index="1" bw="16" slack="0"/>
<pin id="175" dir="1" index="2" bw="16" slack="1"/>
</pin_list>
<bind>
<opcode="read(1150) " fcode="read"/>
<opset="stencilConfig_grid_size_0_read/3 "/>
</bind>
</comp>

<comp id="178" class="1004" name="outer_itr_read_read_fu_178">
<pin_list>
<pin id="179" dir="0" index="0" bw="32" slack="0"/>
<pin id="180" dir="0" index="1" bw="32" slack="0"/>
<pin id="181" dir="1" index="2" bw="32" slack="1"/>
</pin_list>
<bind>
<opcode="read(1150) " fcode="read"/>
<opset="outer_itr_read/3 "/>
</bind>
</comp>

<comp id="184" class="1004" name="grp_kernel_outerloop_0_dataflow_region_fu_184">
<pin_list>
<pin id="185" dir="0" index="0" bw="0" slack="0"/>
<pin id="186" dir="0" index="1" bw="16" slack="1"/>
<pin id="187" dir="0" index="2" bw="16" slack="1"/>
<pin id="188" dir="0" index="3" bw="16" slack="1"/>
<pin id="189" dir="0" index="4" bw="16" slack="1"/>
<pin id="190" dir="0" index="5" bw="16" slack="3"/>
<pin id="191" dir="0" index="6" bw="32" slack="1"/>
<pin id="192" dir="0" index="7" bw="256" slack="0"/>
<pin id="193" dir="0" index="8" bw="32" slack="0"/>
<pin id="194" dir="0" index="9" bw="32" slack="0"/>
<pin id="195" dir="0" index="10" bw="1" slack="0"/>
<pin id="196" dir="0" index="11" bw="256" slack="0"/>
<pin id="197" dir="0" index="12" bw="32" slack="0"/>
<pin id="198" dir="0" index="13" bw="32" slack="0"/>
<pin id="199" dir="0" index="14" bw="1" slack="0"/>
<pin id="200" dir="0" index="15" bw="256" slack="0"/>
<pin id="201" dir="0" index="16" bw="32" slack="0"/>
<pin id="202" dir="0" index="17" bw="32" slack="0"/>
<pin id="203" dir="0" index="18" bw="1" slack="0"/>
<pin id="204" dir="0" index="19" bw="256" slack="0"/>
<pin id="205" dir="0" index="20" bw="32" slack="0"/>
<pin id="206" dir="0" index="21" bw="32" slack="0"/>
<pin id="207" dir="0" index="22" bw="1" slack="0"/>
<pin id="208" dir="0" index="23" bw="256" slack="0"/>
<pin id="209" dir="0" index="24" bw="32" slack="0"/>
<pin id="210" dir="0" index="25" bw="32" slack="0"/>
<pin id="211" dir="0" index="26" bw="1" slack="0"/>
<pin id="212" dir="0" index="27" bw="256" slack="0"/>
<pin id="213" dir="0" index="28" bw="32" slack="0"/>
<pin id="214" dir="0" index="29" bw="32" slack="0"/>
<pin id="215" dir="0" index="30" bw="1" slack="0"/>
<pin id="216" dir="0" index="31" bw="256" slack="0"/>
<pin id="217" dir="0" index="32" bw="32" slack="0"/>
<pin id="218" dir="0" index="33" bw="32" slack="0"/>
<pin id="219" dir="0" index="34" bw="1" slack="0"/>
<pin id="220" dir="0" index="35" bw="256" slack="0"/>
<pin id="221" dir="0" index="36" bw="32" slack="0"/>
<pin id="222" dir="0" index="37" bw="32" slack="0"/>
<pin id="223" dir="0" index="38" bw="1" slack="0"/>
<pin id="224" dir="1" index="39" bw="0" slack="2147483647"/>
</pin_list>
<bind>
<opcode="call(48) " fcode="call"/>
<opset="call_ln733/4 "/>
</bind>
</comp>

<comp id="258" class="1004" name="zext_ln828_fu_258">
<pin_list>
<pin id="259" dir="0" index="0" bw="16" slack="0"/>
<pin id="260" dir="1" index="1" bw="32" slack="0"/>
</pin_list>
<bind>
<opcode="zext(34) " fcode="zext"/>
<opset="zext_ln828/1 "/>
</bind>
</comp>

<comp id="262" class="1004" name="grp_fu_262">
<pin_list>
<pin id="263" dir="0" index="0" bw="16" slack="0"/>
<pin id="264" dir="0" index="1" bw="32" slack="0"/>
<pin id="265" dir="1" index="2" bw="32" slack="1"/>
</pin_list>
<bind>
<opcode="mul(12) " fcode="mul"/>
<opset="num_pkts/1 "/>
</bind>
</comp>

<comp id="268" class="1004" name="store_ln730_store_fu_268">
<pin_list>
<pin id="269" dir="0" index="0" bw="1" slack="0"/>
<pin id="270" dir="0" index="1" bw="32" slack="0"/>
<pin id="271" dir="1" index="2" bw="0" slack="2147483647"/>
</pin_list>
<bind>
<opcode="store(28) " fcode="store"/>
<opset="store_ln730/1 "/>
</bind>
</comp>

<comp id="273" class="1004" name="i_3_load_fu_273">
<pin_list>
<pin id="274" dir="0" index="0" bw="32" slack="3"/>
<pin id="275" dir="1" index="1" bw="32" slack="0"/>
</pin_list>
<bind>
<opcode="load(27) " fcode="load"/>
<opset="i_3/4 "/>
</bind>
</comp>

<comp id="276" class="1004" name="i_4_fu_276">
<pin_list>
<pin id="277" dir="0" index="0" bw="32" slack="0"/>
<pin id="278" dir="0" index="1" bw="1" slack="0"/>
<pin id="279" dir="1" index="2" bw="32" slack="0"/>
</pin_list>
<bind>
<opcode="add(8) " fcode="add"/>
<opset="i_4/4 "/>
</bind>
</comp>

<comp id="282" class="1004" name="icmp_ln730_fu_282">
<pin_list>
<pin id="283" dir="0" index="0" bw="32" slack="0"/>
<pin id="284" dir="0" index="1" bw="32" slack="1"/>
<pin id="285" dir="1" index="2" bw="1" slack="2147483647"/>
</pin_list>
<bind>
<opcode="icmp(45) " fcode="icmp"/>
<opset="icmp_ln730/4 "/>
</bind>
</comp>

<comp id="287" class="1004" name="store_ln730_store_fu_287">
<pin_list>
<pin id="288" dir="0" index="0" bw="32" slack="0"/>
<pin id="289" dir="0" index="1" bw="32" slack="3"/>
<pin id="290" dir="1" index="2" bw="0" slack="2147483647"/>
</pin_list>
<bind>
<opcode="store(28) " fcode="store"/>
<opset="store_ln730/4 "/>
</bind>
</comp>

<comp id="292" class="1005" name="i_reg_292">
<pin_list>
<pin id="293" dir="0" index="0" bw="32" slack="0"/>
<pin id="294" dir="1" index="1" bw="32" slack="0"/>
</pin_list>
<bind>
<opset="i "/>
</bind>
</comp>

<comp id="299" class="1005" name="stencilConfig_batch_size_read_reg_299">
<pin_list>
<pin id="300" dir="0" index="0" bw="16" slack="3"/>
<pin id="301" dir="1" index="1" bw="16" slack="3"/>
</pin_list>
<bind>
<opset="stencilConfig_batch_size_read "/>
</bind>
</comp>

<comp id="304" class="1005" name="stencilConfig_total_itr_read_reg_304">
<pin_list>
<pin id="305" dir="0" index="0" bw="32" slack="1"/>
<pin id="306" dir="1" index="1" bw="32" slack="1"/>
</pin_list>
<bind>
<opset="stencilConfig_total_itr_read "/>
</bind>
</comp>

<comp id="309" class="1005" name="zext_ln828_reg_309">
<pin_list>
<pin id="310" dir="0" index="0" bw="32" slack="1"/>
<pin id="311" dir="1" index="1" bw="32" slack="1"/>
</pin_list>
<bind>
<opset="zext_ln828 "/>
</bind>
</comp>

<comp id="314" class="1005" name="stencilConfig_outer_loop_limit_read_reg_314">
<pin_list>
<pin id="315" dir="0" index="0" bw="16" slack="1"/>
<pin id="316" dir="1" index="1" bw="16" slack="1"/>
</pin_list>
<bind>
<opset="stencilConfig_outer_loop_limit_read "/>
</bind>
</comp>

<comp id="319" class="1005" name="stencilConfig_upper_limit_0_read_reg_319">
<pin_list>
<pin id="320" dir="0" index="0" bw="16" slack="1"/>
<pin id="321" dir="1" index="1" bw="16" slack="1"/>
</pin_list>
<bind>
<opset="stencilConfig_upper_limit_0_read "/>
</bind>
</comp>

<comp id="324" class="1005" name="stencilConfig_lower_limit_0_read_reg_324">
<pin_list>
<pin id="325" dir="0" index="0" bw="16" slack="1"/>
<pin id="326" dir="1" index="1" bw="16" slack="1"/>
</pin_list>
<bind>
<opset="stencilConfig_lower_limit_0_read "/>
</bind>
</comp>

<comp id="329" class="1005" name="stencilConfig_grid_size_0_read_reg_329">
<pin_list>
<pin id="330" dir="0" index="0" bw="16" slack="1"/>
<pin id="331" dir="1" index="1" bw="16" slack="1"/>
</pin_list>
<bind>
<opset="stencilConfig_grid_size_0_read "/>
</bind>
</comp>

<comp id="334" class="1005" name="outer_itr_read_reg_334">
<pin_list>
<pin id="335" dir="0" index="0" bw="32" slack="1"/>
<pin id="336" dir="1" index="1" bw="32" slack="1"/>
</pin_list>
<bind>
<opset="outer_itr_read "/>
</bind>
</comp>

<comp id="339" class="1005" name="num_pkts_reg_339">
<pin_list>
<pin id="340" dir="0" index="0" bw="32" slack="1"/>
<pin id="341" dir="1" index="1" bw="32" slack="1"/>
</pin_list>
<bind>
<opset="num_pkts "/>
</bind>
</comp>

</comp_list>

<net_list>
<net id="141"><net_src comp="82" pin="0"/><net_sink comp="138" pin=0"/></net>

<net id="146"><net_src comp="84" pin="0"/><net_sink comp="142" pin=0"/></net>

<net id="147"><net_src comp="16" pin="0"/><net_sink comp="142" pin=1"/></net>

<net id="152"><net_src comp="86" pin="0"/><net_sink comp="148" pin=0"/></net>

<net id="153"><net_src comp="8" pin="0"/><net_sink comp="148" pin=1"/></net>

<net id="158"><net_src comp="84" pin="0"/><net_sink comp="154" pin=0"/></net>

<net id="159"><net_src comp="14" pin="0"/><net_sink comp="154" pin=1"/></net>

<net id="164"><net_src comp="84" pin="0"/><net_sink comp="160" pin=0"/></net>

<net id="165"><net_src comp="12" pin="0"/><net_sink comp="160" pin=1"/></net>

<net id="170"><net_src comp="84" pin="0"/><net_sink comp="166" pin=0"/></net>

<net id="171"><net_src comp="10" pin="0"/><net_sink comp="166" pin=1"/></net>

<net id="176"><net_src comp="84" pin="0"/><net_sink comp="172" pin=0"/></net>

<net id="177"><net_src comp="4" pin="0"/><net_sink comp="172" pin=1"/></net>

<net id="182"><net_src comp="86" pin="0"/><net_sink comp="178" pin=0"/></net>

<net id="183"><net_src comp="2" pin="0"/><net_sink comp="178" pin=1"/></net>

<net id="225"><net_src comp="132" pin="0"/><net_sink comp="184" pin=0"/></net>

<net id="226"><net_src comp="18" pin="0"/><net_sink comp="184" pin=7"/></net>

<net id="227"><net_src comp="20" pin="0"/><net_sink comp="184" pin=8"/></net>

<net id="228"><net_src comp="22" pin="0"/><net_sink comp="184" pin=9"/></net>

<net id="229"><net_src comp="24" pin="0"/><net_sink comp="184" pin=10"/></net>

<net id="230"><net_src comp="26" pin="0"/><net_sink comp="184" pin=11"/></net>

<net id="231"><net_src comp="28" pin="0"/><net_sink comp="184" pin=12"/></net>

<net id="232"><net_src comp="30" pin="0"/><net_sink comp="184" pin=13"/></net>

<net id="233"><net_src comp="32" pin="0"/><net_sink comp="184" pin=14"/></net>

<net id="234"><net_src comp="34" pin="0"/><net_sink comp="184" pin=15"/></net>

<net id="235"><net_src comp="36" pin="0"/><net_sink comp="184" pin=16"/></net>

<net id="236"><net_src comp="38" pin="0"/><net_sink comp="184" pin=17"/></net>

<net id="237"><net_src comp="40" pin="0"/><net_sink comp="184" pin=18"/></net>

<net id="238"><net_src comp="42" pin="0"/><net_sink comp="184" pin=19"/></net>

<net id="239"><net_src comp="44" pin="0"/><net_sink comp="184" pin=20"/></net>

<net id="240"><net_src comp="46" pin="0"/><net_sink comp="184" pin=21"/></net>

<net id="241"><net_src comp="48" pin="0"/><net_sink comp="184" pin=22"/></net>

<net id="242"><net_src comp="50" pin="0"/><net_sink comp="184" pin=23"/></net>

<net id="243"><net_src comp="52" pin="0"/><net_sink comp="184" pin=24"/></net>

<net id="244"><net_src comp="54" pin="0"/><net_sink comp="184" pin=25"/></net>

<net id="245"><net_src comp="56" pin="0"/><net_sink comp="184" pin=26"/></net>

<net id="246"><net_src comp="58" pin="0"/><net_sink comp="184" pin=27"/></net>

<net id="247"><net_src comp="60" pin="0"/><net_sink comp="184" pin=28"/></net>

<net id="248"><net_src comp="62" pin="0"/><net_sink comp="184" pin=29"/></net>

<net id="249"><net_src comp="64" pin="0"/><net_sink comp="184" pin=30"/></net>

<net id="250"><net_src comp="66" pin="0"/><net_sink comp="184" pin=31"/></net>

<net id="251"><net_src comp="68" pin="0"/><net_sink comp="184" pin=32"/></net>

<net id="252"><net_src comp="70" pin="0"/><net_sink comp="184" pin=33"/></net>

<net id="253"><net_src comp="72" pin="0"/><net_sink comp="184" pin=34"/></net>

<net id="254"><net_src comp="74" pin="0"/><net_sink comp="184" pin=35"/></net>

<net id="255"><net_src comp="76" pin="0"/><net_sink comp="184" pin=36"/></net>

<net id="256"><net_src comp="78" pin="0"/><net_sink comp="184" pin=37"/></net>

<net id="257"><net_src comp="80" pin="0"/><net_sink comp="184" pin=38"/></net>

<net id="261"><net_src comp="142" pin="2"/><net_sink comp="258" pin=0"/></net>

<net id="266"><net_src comp="258" pin="1"/><net_sink comp="262" pin=0"/></net>

<net id="267"><net_src comp="148" pin="2"/><net_sink comp="262" pin=1"/></net>

<net id="272"><net_src comp="88" pin="0"/><net_sink comp="268" pin=0"/></net>

<net id="280"><net_src comp="273" pin="1"/><net_sink comp="276" pin=0"/></net>

<net id="281"><net_src comp="82" pin="0"/><net_sink comp="276" pin=1"/></net>

<net id="286"><net_src comp="273" pin="1"/><net_sink comp="282" pin=0"/></net>

<net id="291"><net_src comp="276" pin="2"/><net_sink comp="287" pin=0"/></net>

<net id="295"><net_src comp="138" pin="1"/><net_sink comp="292" pin=0"/></net>

<net id="296"><net_src comp="292" pin="1"/><net_sink comp="268" pin=1"/></net>

<net id="297"><net_src comp="292" pin="1"/><net_sink comp="273" pin=0"/></net>

<net id="298"><net_src comp="292" pin="1"/><net_sink comp="287" pin=1"/></net>

<net id="302"><net_src comp="142" pin="2"/><net_sink comp="299" pin=0"/></net>

<net id="303"><net_src comp="299" pin="1"/><net_sink comp="184" pin=5"/></net>

<net id="307"><net_src comp="148" pin="2"/><net_sink comp="304" pin=0"/></net>

<net id="308"><net_src comp="304" pin="1"/><net_sink comp="262" pin=1"/></net>

<net id="312"><net_src comp="258" pin="1"/><net_sink comp="309" pin=0"/></net>

<net id="313"><net_src comp="309" pin="1"/><net_sink comp="262" pin=0"/></net>

<net id="317"><net_src comp="154" pin="2"/><net_sink comp="314" pin=0"/></net>

<net id="318"><net_src comp="314" pin="1"/><net_sink comp="184" pin=4"/></net>

<net id="322"><net_src comp="160" pin="2"/><net_sink comp="319" pin=0"/></net>

<net id="323"><net_src comp="319" pin="1"/><net_sink comp="184" pin=3"/></net>

<net id="327"><net_src comp="166" pin="2"/><net_sink comp="324" pin=0"/></net>

<net id="328"><net_src comp="324" pin="1"/><net_sink comp="184" pin=2"/></net>

<net id="332"><net_src comp="172" pin="2"/><net_sink comp="329" pin=0"/></net>

<net id="333"><net_src comp="329" pin="1"/><net_sink comp="184" pin=1"/></net>

<net id="337"><net_src comp="178" pin="2"/><net_sink comp="334" pin=0"/></net>

<net id="338"><net_src comp="334" pin="1"/><net_sink comp="282" pin=1"/></net>

<net id="342"><net_src comp="262" pin="2"/><net_sink comp="339" pin=0"/></net>

<net id="343"><net_src comp="339" pin="1"/><net_sink comp="184" pin=6"/></net>

</net_list>

</model> 
---------------- Datapath Model END ------------------

* FSMD analyzer results:
  - Output states:
	Port: arg1_axis_out_V_data_V | {4 5 }
	Port: arg1_axis_out_V_keep_V | {4 5 }
	Port: arg1_axis_out_V_strb_V | {4 5 }
	Port: arg1_axis_out_V_last_V | {4 5 }
	Port: arg2_axis_out_V_data_V | {4 5 }
	Port: arg2_axis_out_V_keep_V | {4 5 }
	Port: arg2_axis_out_V_strb_V | {4 5 }
	Port: arg2_axis_out_V_last_V | {4 5 }
	Port: arg3_axis_out_V_data_V | {4 5 }
	Port: arg3_axis_out_V_keep_V | {4 5 }
	Port: arg3_axis_out_V_strb_V | {4 5 }
	Port: arg3_axis_out_V_last_V | {4 5 }
	Port: arg4_axis_out_V_data_V | {4 5 }
	Port: arg4_axis_out_V_keep_V | {4 5 }
	Port: arg4_axis_out_V_strb_V | {4 5 }
	Port: arg4_axis_out_V_last_V | {4 5 }
 - Input state : 
	Port: kernel_outerloop_0 : outer_itr | {3 }
	Port: kernel_outerloop_0 : stencilConfig_grid_size_0 | {3 }
	Port: kernel_outerloop_0 : stencilConfig_total_itr | {1 }
	Port: kernel_outerloop_0 : stencilConfig_lower_limit_0 | {3 }
	Port: kernel_outerloop_0 : stencilConfig_upper_limit_0 | {3 }
	Port: kernel_outerloop_0 : stencilConfig_outer_loop_limit | {3 }
	Port: kernel_outerloop_0 : stencilConfig_batch_size | {1 }
	Port: kernel_outerloop_0 : arg0_axis_in_V_data_V | {4 5 }
	Port: kernel_outerloop_0 : arg0_axis_in_V_keep_V | {4 5 }
	Port: kernel_outerloop_0 : arg0_axis_in_V_strb_V | {4 5 }
	Port: kernel_outerloop_0 : arg0_axis_in_V_last_V | {4 5 }
	Port: kernel_outerloop_0 : arg1_axis_in_V_data_V | {4 5 }
	Port: kernel_outerloop_0 : arg1_axis_in_V_keep_V | {4 5 }
	Port: kernel_outerloop_0 : arg1_axis_in_V_strb_V | {4 5 }
	Port: kernel_outerloop_0 : arg1_axis_in_V_last_V | {4 5 }
	Port: kernel_outerloop_0 : arg2_axis_in_V_data_V | {4 5 }
	Port: kernel_outerloop_0 : arg2_axis_in_V_keep_V | {4 5 }
	Port: kernel_outerloop_0 : arg2_axis_in_V_strb_V | {4 5 }
	Port: kernel_outerloop_0 : arg2_axis_in_V_last_V | {4 5 }
	Port: kernel_outerloop_0 : arg3_axis_in_V_data_V | {4 5 }
	Port: kernel_outerloop_0 : arg3_axis_in_V_keep_V | {4 5 }
	Port: kernel_outerloop_0 : arg3_axis_in_V_strb_V | {4 5 }
	Port: kernel_outerloop_0 : arg3_axis_in_V_last_V | {4 5 }
  - Chain level:
	State 1
		num_pkts : 1
		store_ln730 : 1
	State 2
	State 3
	State 4
		i_4 : 1
		icmp_ln730 : 1
		br_ln730 : 2
		store_ln730 : 2
	State 5
	State 6


============================================================
+ Verbose Summary: Datapath Resource usage 
============================================================

* Functional unit list:
|----------|-------------------------------------------------|---------|---------|---------|---------|
| Operation|                 Functional Unit                 |   DSP   |  Delay  |    FF   |   LUT   |
|----------|-------------------------------------------------|---------|---------|---------|---------|
|   call   |  grp_kernel_outerloop_0_dataflow_region_fu_184  |   1200  | 1140.34 |  301808 |  148160 |
|----------|-------------------------------------------------|---------|---------|---------|---------|
|    add   |                    i_4_fu_276                   |    0    |    0    |    0    |    32   |
|----------|-------------------------------------------------|---------|---------|---------|---------|
|    mul   |                    grp_fu_262                   |    2    |    0    |    23   |    0    |
|----------|-------------------------------------------------|---------|---------|---------|---------|
|   icmp   |                icmp_ln730_fu_282                |    0    |    0    |    0    |    16   |
|----------|-------------------------------------------------|---------|---------|---------|---------|
|          |    stencilConfig_batch_size_read_read_fu_142    |    0    |    0    |    0    |    0    |
|          |     stencilConfig_total_itr_read_read_fu_148    |    0    |    0    |    0    |    0    |
|          | stencilConfig_outer_loop_limit_read_read_fu_154 |    0    |    0    |    0    |    0    |
|   read   |   stencilConfig_upper_limit_0_read_read_fu_160  |    0    |    0    |    0    |    0    |
|          |   stencilConfig_lower_limit_0_read_read_fu_166  |    0    |    0    |    0    |    0    |
|          |    stencilConfig_grid_size_0_read_read_fu_172   |    0    |    0    |    0    |    0    |
|          |            outer_itr_read_read_fu_178           |    0    |    0    |    0    |    0    |
|----------|-------------------------------------------------|---------|---------|---------|---------|
|   zext   |                zext_ln828_fu_258                |    0    |    0    |    0    |    0    |
|----------|-------------------------------------------------|---------|---------|---------|---------|
|   Total  |                                                 |   1202  | 1140.34 |  301831 |  148208 |
|----------|-------------------------------------------------|---------|---------|---------|---------|

Memories:
N/A

* Register list:
+-------------------------------------------+--------+
|                                           |   FF   |
+-------------------------------------------+--------+
|                 i_reg_292                 |   32   |
|              num_pkts_reg_339             |   32   |
|           outer_itr_read_reg_334          |   32   |
|   stencilConfig_batch_size_read_reg_299   |   16   |
|   stencilConfig_grid_size_0_read_reg_329  |   16   |
|  stencilConfig_lower_limit_0_read_reg_324 |   16   |
|stencilConfig_outer_loop_limit_read_reg_314|   16   |
|    stencilConfig_total_itr_read_reg_304   |   32   |
|  stencilConfig_upper_limit_0_read_reg_319 |   16   |
|             zext_ln828_reg_309            |   32   |
+-------------------------------------------+--------+
|                   Total                   |   240  |
+-------------------------------------------+--------+

* Multiplexer (MUX) list: 
|------------|------|------|------|--------||---------||---------|
|    Comp    |  Pin | Size |  BW  | S x BW ||  Delay  ||   LUT   |
|------------|------|------|------|--------||---------||---------|
| grp_fu_262 |  p0  |   2  |  16  |   32   ||    15   |
| grp_fu_262 |  p1  |   2  |  32  |   64   ||    32   |
|------------|------|------|------|--------||---------||---------|
|    Total   |      |      |      |   96   ||  0.862  ||    47   |
|------------|------|------|------|--------||---------||---------|



* Summary:
+-----------+--------+--------+--------+--------+
|           |   DSP  |  Delay |   FF   |   LUT  |
+-----------+--------+--------+--------+--------+
|  Function |  1202  |  1140  | 301831 | 148208 |
|   Memory  |    -   |    -   |    -   |    -   |
|Multiplexer|    -   |    0   |    -   |   47   |
|  Register |    -   |    -   |   240  |    -   |
+-----------+--------+--------+--------+--------+
|   Total   |  1202  |  1141  | 302071 | 148255 |
+-----------+--------+--------+--------+--------+
