

================================================================
== Vitis HLS Report for 'stridedTileStream2mem2D_7'
================================================================
* Date:           Fri Jul 31 00:09:34 2026

* Version:        2022.2 (Build 3670227 on Oct 13 2022)
* Project:        datamover_outerloop_0
* Solution:       solution (Vitis Kernel Flow Target)
* Product family: virtexuplus
* Target device:  xcu280-fsvh2892-2L-e


================================================================
== Performance Estimates
================================================================
+ Timing: 
    * Summary: 
    +--------+---------+----------+------------+
    |  Clock |  Target | Estimated| Uncertainty|
    +--------+---------+----------+------------+
    |ap_clk  |  3.33 ns|  2.433 ns|     0.90 ns|
    +--------+---------+----------+------------+

+ Latency: 
    * Summary: 
    +---------+----------------+----------+-------------+-----+----------------+---------+
    |     Latency (cycles)     |   Latency (absolute)   |       Interval       | Pipeline|
    |   min   |       max      |    min   |     max     | min |       max      |   Type  |
    +---------+----------------+----------+-------------+-----+----------------+---------+
    |        2|  35183302090697|  6.666 ns|  1.2e+05 sec|    2|  35183302090697|       no|
    +---------+----------------+----------+-------------+-----+----------------+---------+

    + Detail: 
        * Instance: 
        +-----------------------------------------------------------------+------------------------------------------------------+---------+-----------+----------+-----------+-----+-----------+---------+
        |                                                                 |                                                      |   Latency (cycles)  |  Latency (absolute)  |     Interval    | Pipeline|
        |                             Instance                            |                        Module                        |   min   |    max    |    min   |    max    | min |    max    |   Type  |
        +-----------------------------------------------------------------+------------------------------------------------------+---------+-----------+----------+-----------+-----+-----------+---------+
        |grp_stridedTileStream2mem2D_7_Pipeline_VITIS_LOOP_1080_1_fu_156  |stridedTileStream2mem2D_7_Pipeline_VITIS_LOOP_1080_1  |        2|  536862771|  6.666 ns|  1.789 sec|    2|  536862771|       no|
        +-----------------------------------------------------------------+------------------------------------------------------+---------+-----------+----------+-----------+-----+-----------+---------+

        * Loop: 
        +---------------------+---------+----------------+---------------+-----------+-----------+-----------+----------+
        |                     |     Latency (cycles)     |   Iteration   |  Initiation Interval  |    Trip   |          |
        |      Loop Name      |   min   |       max      |    Latency    |  achieved |   target  |   Count   | Pipelined|
        +---------------------+---------+----------------+---------------+-----------+-----------+-----------+----------+
        |- VITIS_LOOP_5186_1  |        0|  35183302090695|  8 ~ 536862777|          -|          -|  0 ~ 65535|        no|
        +---------------------+---------+----------------+---------------+-----------+-----------+-----------+----------+

============================================================
+ Verbose Summary: Synthesis Manager
============================================================
InlineROM: 1
ExposeGlobal: 0
============================================================
+ Verbose Summary: CDFG Model
============================================================
IsTopModel: 0
ResetActiveHigh: 1
IsCombinational: 2
IsDatapathOnly: 0
HasWiredReturn: 1
HasMFsm: 0
HasVarLatency: 1
IsPipeline: 0
IsRtlPipelined: 0
IsInstanceOverlapped: 0
IsDontTouch: 0
HasImplIP: 0
IsGatedGlobalClock: 0


============================================================
+ Verbose Summary: Schedule
============================================================
* Number of FSM states : 8
* Pipeline : 0
* Dataflow Pipeline: 0

* FSM state transitions: 
1 --> 2 
2 --> 3 
3 --> 4 
4 --> 5 
5 --> 6 
6 --> 7 
7 --> 8 
8 --> 3 

* FSM state operations: 

State 1 <SV = 0> <Delay = 1.71>
ST_1 : Operation 9 [1/1] (0.00ns)   --->   "%tile_x = alloca i32 1"   --->   Operation 9 'alloca' 'tile_x' <Predicate = true> <Delay = 0.00>
ST_1 : Operation 10 [1/1] (1.21ns)   --->   "%mem_out_read = read i64 @_ssdm_op_Read.ap_fifo.i64P0A, i64 %mem_out"   --->   Operation 10 'read' 'mem_out_read' <Predicate = true> <Delay = 1.21> <CoreInst = "FIFO_SRL">   --->   Core 81 'FIFO_SRL' <Latency = 0> <II = 1> <Delay = 1.41> <Storage> <Opcode : 'read' 'write' 'nbread' 'nbwrite'> <Ports = 0> <Width = 64> <Depth = 4> <FIFO>
ST_1 : Operation 11 [1/1] (1.21ns)   --->   "%config_start_offset_read = read i32 @_ssdm_op_Read.ap_fifo.i32P0A, i32 %config_start_offset"   --->   Operation 11 'read' 'config_start_offset_read' <Predicate = true> <Delay = 1.21> <CoreInst = "FIFO_SRL">   --->   Core 81 'FIFO_SRL' <Latency = 0> <II = 1> <Delay = 1.46> <Storage> <Opcode : 'read' 'write' 'nbread' 'nbwrite'> <Ports = 0> <Width = 32> <Depth = 4> <FIFO>
ST_1 : Operation 12 [1/1] (1.21ns)   --->   "%config_last_tile_size_x_read = read i16 @_ssdm_op_Read.ap_fifo.i16P0A, i16 %config_last_tile_size_x"   --->   Operation 12 'read' 'config_last_tile_size_x_read' <Predicate = true> <Delay = 1.21> <CoreInst = "FIFO_SRL">   --->   Core 81 'FIFO_SRL' <Latency = 0> <II = 1> <Delay = 1.34> <Storage> <Opcode : 'read' 'write' 'nbread' 'nbwrite'> <Ports = 0> <Width = 16> <Depth = 2> <FIFO>
ST_1 : Operation 13 [1/1] (1.21ns)   --->   "%config_effective_tile_size_x_read = read i16 @_ssdm_op_Read.ap_fifo.i16P0A, i16 %config_effective_tile_size_x"   --->   Operation 13 'read' 'config_effective_tile_size_x_read' <Predicate = true> <Delay = 1.21> <CoreInst = "FIFO_SRL">   --->   Core 81 'FIFO_SRL' <Latency = 0> <II = 1> <Delay = 1.33> <Storage> <Opcode : 'read' 'write' 'nbread' 'nbwrite'> <Ports = 0> <Width = 16> <Depth = 4> <FIFO>
ST_1 : Operation 14 [1/1] (1.21ns)   --->   "%config_tile_overlap_size_x_read = read i16 @_ssdm_op_Read.ap_fifo.i16P0A, i16 %config_tile_overlap_size_x"   --->   Operation 14 'read' 'config_tile_overlap_size_x_read' <Predicate = true> <Delay = 1.21> <CoreInst = "FIFO_SRL">   --->   Core 81 'FIFO_SRL' <Latency = 0> <II = 1> <Delay = 1.33> <Storage> <Opcode : 'read' 'write' 'nbread' 'nbwrite'> <Ports = 0> <Width = 16> <Depth = 4> <FIFO>
ST_1 : Operation 15 [1/1] (1.21ns)   --->   "%config_tile_size_x_read = read i16 @_ssdm_op_Read.ap_fifo.i16P0A, i16 %config_tile_size_x"   --->   Operation 15 'read' 'config_tile_size_x_read' <Predicate = true> <Delay = 1.21> <CoreInst = "FIFO_SRL">   --->   Core 81 'FIFO_SRL' <Latency = 0> <II = 1> <Delay = 1.34> <Storage> <Opcode : 'read' 'write' 'nbread' 'nbwrite'> <Ports = 0> <Width = 16> <Depth = 2> <FIFO>
ST_1 : Operation 16 [1/1] (1.21ns)   --->   "%config_tile_count_x_read = read i16 @_ssdm_op_Read.ap_fifo.i16P0A, i16 %config_tile_count_x"   --->   Operation 16 'read' 'config_tile_count_x_read' <Predicate = true> <Delay = 1.21> <CoreInst = "FIFO_SRL">   --->   Core 81 'FIFO_SRL' <Latency = 0> <II = 1> <Delay = 1.34> <Storage> <Opcode : 'read' 'write' 'nbread' 'nbwrite'> <Ports = 0> <Width = 16> <Depth = 2> <FIFO>
ST_1 : Operation 17 [1/1] (1.21ns)   --->   "%config_grid_size_y_read = read i16 @_ssdm_op_Read.ap_fifo.i16P0A, i16 %config_grid_size_y"   --->   Operation 17 'read' 'config_grid_size_y_read' <Predicate = true> <Delay = 1.21> <CoreInst = "FIFO_SRL">   --->   Core 81 'FIFO_SRL' <Latency = 0> <II = 1> <Delay = 1.34> <Storage> <Opcode : 'read' 'write' 'nbread' 'nbwrite'> <Ports = 0> <Width = 16> <Depth = 2> <FIFO>
ST_1 : Operation 18 [1/1] (1.21ns)   --->   "%config_grid_xblocks_read = read i13 @_ssdm_op_Read.ap_fifo.i13P0A, i13 %config_grid_xblocks"   --->   Operation 18 'read' 'config_grid_xblocks_read' <Predicate = true> <Delay = 1.21> <CoreInst = "FIFO_SRL">   --->   Core 81 'FIFO_SRL' <Latency = 0> <II = 1> <Delay = 1.33> <Storage> <Opcode : 'read' 'write' 'nbread' 'nbwrite'> <Ports = 0> <Width = 13> <Depth = 4> <FIFO>
ST_1 : Operation 19 [1/1] (0.00ns)   --->   "%trunc_ln5183 = trunc i16 %config_grid_size_y_read" [/pc2/users/a/acgasm01/scratch/beniel/ops-hls-batching-tiling-artifacts/OPS/ops/hls/include/device/../../L1/include/ops_hls_datamover.hpp:5183]   --->   Operation 19 'trunc' 'trunc_ln5183' <Predicate = true> <Delay = 0.00>
ST_1 : Operation 20 [1/1] (0.49ns)   --->   "%is_additional_row = icmp_ne  i3 %trunc_ln5183, i3 0" [/pc2/users/a/acgasm01/scratch/beniel/ops-hls-batching-tiling-artifacts/OPS/ops/hls/include/device/../../L1/include/ops_hls_datamover.hpp:5183]   --->   Operation 20 'icmp' 'is_additional_row' <Predicate = true> <Delay = 0.49> <CoreInst = "Cmp">   --->   Core 9 'Cmp' <Latency = 0> <II = 1> <Delay = 0.49> <FuncUnit> <Opcode : 'icmp'> <InPorts = 2> <OutPorts = 1>
ST_1 : Operation 21 [1/1] (0.00ns)   --->   "%trunc_ln1 = partselect i13 @_ssdm_op_PartSelect.i13.i16.i32.i32, i16 %config_grid_size_y_read, i32 3, i32 15" [/pc2/users/a/acgasm01/scratch/beniel/ops-hls-batching-tiling-artifacts/OPS/ops/hls/include/device/../../L1/include/ops_hls_datamover.hpp:5184]   --->   Operation 21 'partselect' 'trunc_ln1' <Predicate = true> <Delay = 0.00>
ST_1 : Operation 22 [1/1] (0.00ns)   --->   "%lshr_ln5188_cast = partselect i15 @_ssdm_op_PartSelect.i15.i16.i32.i32, i16 %config_tile_overlap_size_x_read, i32 1, i32 15"   --->   Operation 22 'partselect' 'lshr_ln5188_cast' <Predicate = true> <Delay = 0.00>
ST_1 : Operation 23 [1/1] (0.38ns)   --->   "%store_ln5186 = store i16 0, i16 %tile_x" [/pc2/users/a/acgasm01/scratch/beniel/ops-hls-batching-tiling-artifacts/OPS/ops/hls/include/device/../../L1/include/ops_hls_datamover.hpp:5186]   --->   Operation 23 'store' 'store_ln5186' <Predicate = true> <Delay = 0.38>

State 2 <SV = 1> <Delay = 0.78>
ST_2 : Operation 24 [1/1] (0.00ns)   --->   "%specinterface_ln0 = specinterface void @_ssdm_op_SpecInterface, i64 %mem_out, void @ap_fifo_str, i32 0, i32 0, void @p_str, i32 0, i32 0, void @p_str, void @p_str, void @p_str, i32 2, i32 2, i32 16, i32 16, void @p_str, void @ScalarProp_str, i32 4294967295, i32 0"   --->   Operation 24 'specinterface' 'specinterface_ln0' <Predicate = true> <Delay = 0.00>
ST_2 : Operation 25 [1/1] (0.00ns)   --->   "%specinterface_ln0 = specinterface void @_ssdm_op_SpecInterface, i32 %config_start_offset, void @ap_fifo_str, i32 0, i32 0, void @p_str, i32 0, i32 0, void @p_str, void @p_str, void @p_str, i32 2, i32 2, i32 16, i32 16, void @p_str, void @ScalarProp_str, i32 4294967295, i32 0"   --->   Operation 25 'specinterface' 'specinterface_ln0' <Predicate = true> <Delay = 0.00>
ST_2 : Operation 26 [1/1] (0.00ns)   --->   "%specinterface_ln0 = specinterface void @_ssdm_op_SpecInterface, i16 %config_last_tile_size_x, void @ap_fifo_str, i32 0, i32 0, void @p_str, i32 0, i32 0, void @p_str, void @p_str, void @p_str, i32 2, i32 2, i32 16, i32 16, void @p_str, void @ScalarProp_str, i32 4294967295, i32 0"   --->   Operation 26 'specinterface' 'specinterface_ln0' <Predicate = true> <Delay = 0.00>
ST_2 : Operation 27 [1/1] (0.00ns)   --->   "%specinterface_ln0 = specinterface void @_ssdm_op_SpecInterface, i16 %config_effective_tile_size_x, void @ap_fifo_str, i32 0, i32 0, void @p_str, i32 0, i32 0, void @p_str, void @p_str, void @p_str, i32 2, i32 2, i32 16, i32 16, void @p_str, void @ScalarProp_str, i32 4294967295, i32 0"   --->   Operation 27 'specinterface' 'specinterface_ln0' <Predicate = true> <Delay = 0.00>
ST_2 : Operation 28 [1/1] (0.00ns)   --->   "%specinterface_ln0 = specinterface void @_ssdm_op_SpecInterface, i16 %config_tile_overlap_size_x, void @ap_fifo_str, i32 0, i32 0, void @p_str, i32 0, i32 0, void @p_str, void @p_str, void @p_str, i32 2, i32 2, i32 16, i32 16, void @p_str, void @ScalarProp_str, i32 4294967295, i32 0"   --->   Operation 28 'specinterface' 'specinterface_ln0' <Predicate = true> <Delay = 0.00>
ST_2 : Operation 29 [1/1] (0.00ns)   --->   "%specinterface_ln0 = specinterface void @_ssdm_op_SpecInterface, i16 %config_tile_size_x, void @ap_fifo_str, i32 0, i32 0, void @p_str, i32 0, i32 0, void @p_str, void @p_str, void @p_str, i32 2, i32 2, i32 16, i32 16, void @p_str, void @ScalarProp_str, i32 4294967295, i32 0"   --->   Operation 29 'specinterface' 'specinterface_ln0' <Predicate = true> <Delay = 0.00>
ST_2 : Operation 30 [1/1] (0.00ns)   --->   "%specinterface_ln0 = specinterface void @_ssdm_op_SpecInterface, i16 %config_tile_count_x, void @ap_fifo_str, i32 0, i32 0, void @p_str, i32 0, i32 0, void @p_str, void @p_str, void @p_str, i32 2, i32 2, i32 16, i32 16, void @p_str, void @ScalarProp_str, i32 4294967295, i32 0"   --->   Operation 30 'specinterface' 'specinterface_ln0' <Predicate = true> <Delay = 0.00>
ST_2 : Operation 31 [1/1] (0.00ns)   --->   "%specinterface_ln0 = specinterface void @_ssdm_op_SpecInterface, i16 %config_grid_size_y, void @ap_fifo_str, i32 0, i32 0, void @p_str, i32 0, i32 0, void @p_str, void @p_str, void @p_str, i32 2, i32 2, i32 16, i32 16, void @p_str, void @ScalarProp_str, i32 4294967295, i32 0"   --->   Operation 31 'specinterface' 'specinterface_ln0' <Predicate = true> <Delay = 0.00>
ST_2 : Operation 32 [1/1] (0.00ns)   --->   "%specinterface_ln0 = specinterface void @_ssdm_op_SpecInterface, i13 %config_grid_xblocks, void @ap_fifo_str, i32 0, i32 0, void @p_str, i32 0, i32 0, void @p_str, void @p_str, void @p_str, i32 2, i32 2, i32 16, i32 16, void @p_str, void @ScalarProp_str, i32 4294967295, i32 0"   --->   Operation 32 'specinterface' 'specinterface_ln0' <Predicate = true> <Delay = 0.00>
ST_2 : Operation 33 [1/1] (0.00ns)   --->   "%specinterface_ln0 = specinterface void @_ssdm_op_SpecInterface, i256 %arg1_write_mem_strm_0, void @empty_50, i32 0, i32 0, void @empty_47, i32 0, i32 0, void @empty_47, void @empty_47, void @empty_47, i32 0, i32 0, i32 0, i32 0, void @empty_47, void @empty_47, i32 4294967295, i32 0"   --->   Operation 33 'specinterface' 'specinterface_ln0' <Predicate = true> <Delay = 0.00>
ST_2 : Operation 34 [1/1] (0.00ns)   --->   "%specinterface_ln0 = specinterface void @_ssdm_op_SpecInterface, i256 %gmem8, void @empty_34, i32 0, i32 0, void @empty_47, i32 40, i32 8192, void @empty_29, void @empty_45, void @empty_47, i32 4, i32 4, i32 16, i32 16, void @empty_47, void @empty_47, i32 4294967295, i32 0"   --->   Operation 34 'specinterface' 'specinterface_ln0' <Predicate = true> <Delay = 0.00>
ST_2 : Operation 35 [1/1] (0.00ns)   --->   "%zext_ln5184 = zext i13 %trunc_ln1" [/pc2/users/a/acgasm01/scratch/beniel/ops-hls-batching-tiling-artifacts/OPS/ops/hls/include/device/../../L1/include/ops_hls_datamover.hpp:5184]   --->   Operation 35 'zext' 'zext_ln5184' <Predicate = true> <Delay = 0.00>
ST_2 : Operation 36 [1/1] (0.00ns)   --->   "%zext_ln5184_1 = zext i1 %is_additional_row" [/pc2/users/a/acgasm01/scratch/beniel/ops-hls-batching-tiling-artifacts/OPS/ops/hls/include/device/../../L1/include/ops_hls_datamover.hpp:5184]   --->   Operation 36 'zext' 'zext_ln5184_1' <Predicate = true> <Delay = 0.00>
ST_2 : Operation 37 [1/1] (0.75ns)   --->   "%add_ln5184 = add i14 %zext_ln5184, i14 %zext_ln5184_1" [/pc2/users/a/acgasm01/scratch/beniel/ops-hls-batching-tiling-artifacts/OPS/ops/hls/include/device/../../L1/include/ops_hls_datamover.hpp:5184]   --->   Operation 37 'add' 'add_ln5184' <Predicate = true> <Delay = 0.75> <CoreInst = "Adder">   --->   Core 1 'Adder' <Latency = 0> <II = 1> <Delay = 0.75> <FuncUnit> <Opcode : 'add' 'sub'> <InPorts = 2> <OutPorts = 1>
ST_2 : Operation 38 [1/1] (0.00ns)   --->   "%config_tile_count_x_load_cast = zext i16 %config_tile_count_x_read"   --->   Operation 38 'zext' 'config_tile_count_x_load_cast' <Predicate = true> <Delay = 0.00>
ST_2 : Operation 39 [1/1] (0.78ns)   --->   "%sub = add i17 %config_tile_count_x_load_cast, i17 131071"   --->   Operation 39 'add' 'sub' <Predicate = true> <Delay = 0.78> <CoreInst = "Adder">   --->   Core 1 'Adder' <Latency = 0> <II = 1> <Delay = 0.78> <FuncUnit> <Opcode : 'add' 'sub'> <InPorts = 2> <OutPorts = 1>
ST_2 : Operation 40 [1/1] (0.00ns)   --->   "%config_effective_tile_size_x_load_cast = zext i16 %config_effective_tile_size_x_read"   --->   Operation 40 'zext' 'config_effective_tile_size_x_load_cast' <Predicate = true> <Delay = 0.00>
ST_2 : Operation 41 [1/1] (0.00ns)   --->   "%zext_ln5193 = zext i14 %add_ln5184" [/pc2/users/a/acgasm01/scratch/beniel/ops-hls-batching-tiling-artifacts/OPS/ops/hls/include/device/../../L1/include/ops_hls_datamover.hpp:5193]   --->   Operation 41 'zext' 'zext_ln5193' <Predicate = true> <Delay = 0.00>
ST_2 : Operation 42 [1/1] (0.00ns)   --->   "%br_ln5186 = br void %for.body" [/pc2/users/a/acgasm01/scratch/beniel/ops-hls-batching-tiling-artifacts/OPS/ops/hls/include/device/../../L1/include/ops_hls_datamover.hpp:5186]   --->   Operation 42 'br' 'br_ln5186' <Predicate = true> <Delay = 0.00>

State 3 <SV = 2> <Delay = 1.46>
ST_3 : Operation 43 [1/1] (0.00ns)   --->   "%tile_x_1 = load i16 %tile_x" [/pc2/users/a/acgasm01/scratch/beniel/ops-hls-batching-tiling-artifacts/OPS/ops/hls/include/device/../../L1/include/ops_hls_datamover.hpp:5186]   --->   Operation 43 'load' 'tile_x_1' <Predicate = true> <Delay = 0.00>
ST_3 : Operation 44 [1/1] (0.67ns)   --->   "%icmp_ln5186 = icmp_eq  i16 %tile_x_1, i16 %config_tile_count_x_read" [/pc2/users/a/acgasm01/scratch/beniel/ops-hls-batching-tiling-artifacts/OPS/ops/hls/include/device/../../L1/include/ops_hls_datamover.hpp:5186]   --->   Operation 44 'icmp' 'icmp_ln5186' <Predicate = true> <Delay = 0.67> <CoreInst = "Cmp">   --->   Core 9 'Cmp' <Latency = 0> <II = 1> <Delay = 0.67> <FuncUnit> <Opcode : 'icmp'> <InPorts = 2> <OutPorts = 1>
ST_3 : Operation 45 [1/1] (0.00ns)   --->   "%empty = speclooptripcount i32 @_ssdm_op_SpecLoopTripCount, i64 0, i64 65535, i64 0"   --->   Operation 45 'speclooptripcount' 'empty' <Predicate = true> <Delay = 0.00>
ST_3 : Operation 46 [1/1] (0.78ns)   --->   "%add_ln5186 = add i16 %tile_x_1, i16 1" [/pc2/users/a/acgasm01/scratch/beniel/ops-hls-batching-tiling-artifacts/OPS/ops/hls/include/device/../../L1/include/ops_hls_datamover.hpp:5186]   --->   Operation 46 'add' 'add_ln5186' <Predicate = true> <Delay = 0.78> <CoreInst = "Adder">   --->   Core 1 'Adder' <Latency = 0> <II = 1> <Delay = 0.78> <FuncUnit> <Opcode : 'add' 'sub'> <InPorts = 2> <OutPorts = 1>
ST_3 : Operation 47 [1/1] (0.00ns)   --->   "%br_ln5186 = br i1 %icmp_ln5186, void %for.body.split, void %for.end39.loopexit" [/pc2/users/a/acgasm01/scratch/beniel/ops-hls-batching-tiling-artifacts/OPS/ops/hls/include/device/../../L1/include/ops_hls_datamover.hpp:5186]   --->   Operation 47 'br' 'br_ln5186' <Predicate = true> <Delay = 0.00>
ST_3 : Operation 48 [1/1] (0.00ns)   --->   "%zext_ln5186 = zext i16 %tile_x_1" [/pc2/users/a/acgasm01/scratch/beniel/ops-hls-batching-tiling-artifacts/OPS/ops/hls/include/device/../../L1/include/ops_hls_datamover.hpp:5186]   --->   Operation 48 'zext' 'zext_ln5186' <Predicate = (!icmp_ln5186)> <Delay = 0.00>
ST_3 : Operation 49 [1/1] (0.00ns)   --->   "%zext_ln5186_1 = zext i16 %tile_x_1" [/pc2/users/a/acgasm01/scratch/beniel/ops-hls-batching-tiling-artifacts/OPS/ops/hls/include/device/../../L1/include/ops_hls_datamover.hpp:5186]   --->   Operation 49 'zext' 'zext_ln5186_1' <Predicate = (!icmp_ln5186)> <Delay = 0.00>
ST_3 : Operation 50 [4/4] (0.53ns) (root node of the DSP)   --->   "%mul_ln5188 = mul i32 %zext_ln5186_1, i32 %config_effective_tile_size_x_load_cast" [/pc2/users/a/acgasm01/scratch/beniel/ops-hls-batching-tiling-artifacts/OPS/ops/hls/include/device/../../L1/include/ops_hls_datamover.hpp:5188]   --->   Operation 50 'mul' 'mul_ln5188' <Predicate = (!icmp_ln5186)> <Delay = 0.53> <CoreInst = "DSP48">   --->   Core 127 'DSP48' <Latency = 3> <II = 1> <Delay = 0.53> <IPBlock> <Opcode : 'mul' 'add' 'sub' 'select'> <InPorts = 0> <OutPorts = 1> <Sync> <CReg>
ST_3 : Operation 51 [1/1] (0.67ns)   --->   "%icmp_ln5188 = icmp_eq  i16 %tile_x_1, i16 0" [/pc2/users/a/acgasm01/scratch/beniel/ops-hls-batching-tiling-artifacts/OPS/ops/hls/include/device/../../L1/include/ops_hls_datamover.hpp:5188]   --->   Operation 51 'icmp' 'icmp_ln5188' <Predicate = (!icmp_ln5186)> <Delay = 0.67> <CoreInst = "Cmp">   --->   Core 9 'Cmp' <Latency = 0> <II = 1> <Delay = 0.67> <FuncUnit> <Opcode : 'icmp'> <InPorts = 2> <OutPorts = 1>
ST_3 : Operation 52 [1/1] (0.29ns)   --->   "%avoid_x = select i1 %icmp_ln5188, i15 0, i15 %lshr_ln5188_cast" [/pc2/users/a/acgasm01/scratch/beniel/ops-hls-batching-tiling-artifacts/OPS/ops/hls/include/device/../../L1/include/ops_hls_datamover.hpp:5188]   --->   Operation 52 'select' 'avoid_x' <Predicate = (!icmp_ln5186)> <Delay = 0.29> <CoreInst = "Sel">   --->   Core 73 'Sel' <Latency = 0> <II = 1> <Delay = 0.29> <FuncUnit> <Opcode : 'select'> <InPorts = 3> <OutPorts = 1>
ST_3 : Operation 53 [1/1] (0.68ns)   --->   "%icmp_ln5190 = icmp_eq  i17 %sub, i17 %zext_ln5186" [/pc2/users/a/acgasm01/scratch/beniel/ops-hls-batching-tiling-artifacts/OPS/ops/hls/include/device/../../L1/include/ops_hls_datamover.hpp:5190]   --->   Operation 53 'icmp' 'icmp_ln5190' <Predicate = (!icmp_ln5186)> <Delay = 0.68> <CoreInst = "Cmp">   --->   Core 9 'Cmp' <Latency = 0> <II = 1> <Delay = 0.68> <FuncUnit> <Opcode : 'icmp'> <InPorts = 2> <OutPorts = 1>
ST_3 : Operation 54 [1/1] (0.24ns)   --->   "%tile_size_x = select i1 %icmp_ln5190, i16 %config_last_tile_size_x_read, i16 %config_tile_size_x_read" [/pc2/users/a/acgasm01/scratch/beniel/ops-hls-batching-tiling-artifacts/OPS/ops/hls/include/device/../../L1/include/ops_hls_datamover.hpp:5190]   --->   Operation 54 'select' 'tile_size_x' <Predicate = (!icmp_ln5186)> <Delay = 0.24> <CoreInst = "Sel">   --->   Core 73 'Sel' <Latency = 0> <II = 1> <Delay = 0.24> <FuncUnit> <Opcode : 'select'> <InPorts = 3> <OutPorts = 1>
ST_3 : Operation 55 [1/1] (0.00ns)   --->   "%zext_ln5193_8 = zext i16 %tile_size_x" [/pc2/users/a/acgasm01/scratch/beniel/ops-hls-batching-tiling-artifacts/OPS/ops/hls/include/device/../../L1/include/ops_hls_datamover.hpp:5193]   --->   Operation 55 'zext' 'zext_ln5193_8' <Predicate = (!icmp_ln5186)> <Delay = 0.00>
ST_3 : Operation 56 [4/4] (0.53ns) (root node of the DSP)   --->   "%mul_ln5193 = mul i29 %zext_ln5193, i29 %zext_ln5193_8" [/pc2/users/a/acgasm01/scratch/beniel/ops-hls-batching-tiling-artifacts/OPS/ops/hls/include/device/../../L1/include/ops_hls_datamover.hpp:5193]   --->   Operation 56 'mul' 'mul_ln5193' <Predicate = (!icmp_ln5186)> <Delay = 0.53> <CoreInst = "DSP48">   --->   Core 127 'DSP48' <Latency = 3> <II = 1> <Delay = 0.53> <IPBlock> <Opcode : 'mul' 'add' 'sub' 'select'> <InPorts = 0> <OutPorts = 1> <Sync> <CReg>
ST_3 : Operation 57 [1/1] (0.00ns)   --->   "%empty_90 = wait i32 @_ssdm_op_Wait"   --->   Operation 57 'wait' 'empty_90' <Predicate = (!icmp_ln5186)> <Delay = 0.00>
ST_3 : Operation 58 [1/1] (0.38ns)   --->   "%store_ln5186 = store i16 %add_ln5186, i16 %tile_x" [/pc2/users/a/acgasm01/scratch/beniel/ops-hls-batching-tiling-artifacts/OPS/ops/hls/include/device/../../L1/include/ops_hls_datamover.hpp:5186]   --->   Operation 58 'store' 'store_ln5186' <Predicate = (!icmp_ln5186)> <Delay = 0.38>
ST_3 : Operation 59 [1/1] (0.00ns)   --->   "%ret_ln5206 = ret" [/pc2/users/a/acgasm01/scratch/beniel/ops-hls-batching-tiling-artifacts/OPS/ops/hls/include/device/../../L1/include/ops_hls_datamover.hpp:5206]   --->   Operation 59 'ret' 'ret_ln5206' <Predicate = (icmp_ln5186)> <Delay = 0.00>

State 4 <SV = 3> <Delay = 0.53>
ST_4 : Operation 60 [3/4] (0.53ns) (root node of the DSP)   --->   "%mul_ln5188 = mul i32 %zext_ln5186_1, i32 %config_effective_tile_size_x_load_cast" [/pc2/users/a/acgasm01/scratch/beniel/ops-hls-batching-tiling-artifacts/OPS/ops/hls/include/device/../../L1/include/ops_hls_datamover.hpp:5188]   --->   Operation 60 'mul' 'mul_ln5188' <Predicate = true> <Delay = 0.53> <CoreInst = "DSP48">   --->   Core 127 'DSP48' <Latency = 3> <II = 1> <Delay = 0.53> <IPBlock> <Opcode : 'mul' 'add' 'sub' 'select'> <InPorts = 0> <OutPorts = 1> <Sync> <CReg>
ST_4 : Operation 61 [3/4] (0.53ns) (root node of the DSP)   --->   "%mul_ln5193 = mul i29 %zext_ln5193, i29 %zext_ln5193_8" [/pc2/users/a/acgasm01/scratch/beniel/ops-hls-batching-tiling-artifacts/OPS/ops/hls/include/device/../../L1/include/ops_hls_datamover.hpp:5193]   --->   Operation 61 'mul' 'mul_ln5193' <Predicate = true> <Delay = 0.53> <CoreInst = "DSP48">   --->   Core 127 'DSP48' <Latency = 3> <II = 1> <Delay = 0.53> <IPBlock> <Opcode : 'mul' 'add' 'sub' 'select'> <InPorts = 0> <OutPorts = 1> <Sync> <CReg>

State 5 <SV = 4> <Delay = 0.53>
ST_5 : Operation 62 [2/4] (0.53ns) (root node of the DSP)   --->   "%mul_ln5188 = mul i32 %zext_ln5186_1, i32 %config_effective_tile_size_x_load_cast" [/pc2/users/a/acgasm01/scratch/beniel/ops-hls-batching-tiling-artifacts/OPS/ops/hls/include/device/../../L1/include/ops_hls_datamover.hpp:5188]   --->   Operation 62 'mul' 'mul_ln5188' <Predicate = true> <Delay = 0.53> <CoreInst = "DSP48">   --->   Core 127 'DSP48' <Latency = 3> <II = 1> <Delay = 0.53> <IPBlock> <Opcode : 'mul' 'add' 'sub' 'select'> <InPorts = 0> <OutPorts = 1> <Sync> <CReg>
ST_5 : Operation 63 [2/4] (0.53ns) (root node of the DSP)   --->   "%mul_ln5193 = mul i29 %zext_ln5193, i29 %zext_ln5193_8" [/pc2/users/a/acgasm01/scratch/beniel/ops-hls-batching-tiling-artifacts/OPS/ops/hls/include/device/../../L1/include/ops_hls_datamover.hpp:5193]   --->   Operation 63 'mul' 'mul_ln5193' <Predicate = true> <Delay = 0.53> <CoreInst = "DSP48">   --->   Core 127 'DSP48' <Latency = 3> <II = 1> <Delay = 0.53> <IPBlock> <Opcode : 'mul' 'add' 'sub' 'select'> <InPorts = 0> <OutPorts = 1> <Sync> <CReg>

State 6 <SV = 5> <Delay = 0.00>
ST_6 : Operation 64 [1/4] (0.00ns) (root node of the DSP)   --->   "%mul_ln5188 = mul i32 %zext_ln5186_1, i32 %config_effective_tile_size_x_load_cast" [/pc2/users/a/acgasm01/scratch/beniel/ops-hls-batching-tiling-artifacts/OPS/ops/hls/include/device/../../L1/include/ops_hls_datamover.hpp:5188]   --->   Operation 64 'mul' 'mul_ln5188' <Predicate = true> <Delay = 0.00> <CoreInst = "DSP48">   --->   Core 127 'DSP48' <Latency = 3> <II = 1> <Delay = 0.53> <IPBlock> <Opcode : 'mul' 'add' 'sub' 'select'> <InPorts = 0> <OutPorts = 1> <Sync> <CReg>
ST_6 : Operation 65 [1/4] (0.00ns) (root node of the DSP)   --->   "%mul_ln5193 = mul i29 %zext_ln5193, i29 %zext_ln5193_8" [/pc2/users/a/acgasm01/scratch/beniel/ops-hls-batching-tiling-artifacts/OPS/ops/hls/include/device/../../L1/include/ops_hls_datamover.hpp:5193]   --->   Operation 65 'mul' 'mul_ln5193' <Predicate = true> <Delay = 0.00> <CoreInst = "DSP48">   --->   Core 127 'DSP48' <Latency = 3> <II = 1> <Delay = 0.53> <IPBlock> <Opcode : 'mul' 'add' 'sub' 'select'> <InPorts = 0> <OutPorts = 1> <Sync> <CReg>

State 7 <SV = 6> <Delay = 1.71>
ST_7 : Operation 66 [1/1] (0.67ns)   --->   "%cmp2_i = icmp_ne  i16 %tile_size_x, i16 0" [/pc2/users/a/acgasm01/scratch/beniel/ops-hls-batching-tiling-artifacts/OPS/ops/hls/include/device/../../L1/include/ops_hls_datamover.hpp:5190]   --->   Operation 66 'icmp' 'cmp2_i' <Predicate = true> <Delay = 0.67> <CoreInst = "Cmp">   --->   Core 9 'Cmp' <Latency = 0> <II = 1> <Delay = 0.67> <FuncUnit> <Opcode : 'icmp'> <InPorts = 2> <OutPorts = 1>
ST_7 : Operation 67 [1/1] (0.00ns)   --->   "%zext_ln5193_1 = zext i15 %avoid_x" [/pc2/users/a/acgasm01/scratch/beniel/ops-hls-batching-tiling-artifacts/OPS/ops/hls/include/device/../../L1/include/ops_hls_datamover.hpp:5193]   --->   Operation 67 'zext' 'zext_ln5193_1' <Predicate = true> <Delay = 0.00>
ST_7 : Operation 68 [1/1] (0.00ns)   --->   "%zext_ln5193_2 = zext i16 %tile_size_x" [/pc2/users/a/acgasm01/scratch/beniel/ops-hls-batching-tiling-artifacts/OPS/ops/hls/include/device/../../L1/include/ops_hls_datamover.hpp:5193]   --->   Operation 68 'zext' 'zext_ln5193_2' <Predicate = true> <Delay = 0.00>
ST_7 : Operation 69 [1/1] (0.78ns)   --->   "%sub_ln1080 = sub i17 %zext_ln5193_2, i17 %zext_ln5193_1" [/pc2/users/a/acgasm01/scratch/beniel/ops-hls-batching-tiling-artifacts/OPS/ops/hls/include/device/../../L1/include/ops_hls_datamover.hpp:1080]   --->   Operation 69 'sub' 'sub_ln1080' <Predicate = true> <Delay = 0.78> <CoreInst = "Adder">   --->   Core 1 'Adder' <Latency = 0> <II = 1> <Delay = 0.78> <FuncUnit> <Opcode : 'add' 'sub'> <InPorts = 2> <OutPorts = 1>
ST_7 : Operation 70 [1/1] (0.00ns) (grouped into LUT with out node select_ln5193)   --->   "%trunc_ln5193 = trunc i17 %sub_ln1080" [/pc2/users/a/acgasm01/scratch/beniel/ops-hls-batching-tiling-artifacts/OPS/ops/hls/include/device/../../L1/include/ops_hls_datamover.hpp:5193]   --->   Operation 70 'trunc' 'trunc_ln5193' <Predicate = true> <Delay = 0.00>
ST_7 : Operation 71 [1/1] (0.68ns)   --->   "%icmp_ln5193 = icmp_sgt  i17 %sub_ln1080, i17 0" [/pc2/users/a/acgasm01/scratch/beniel/ops-hls-batching-tiling-artifacts/OPS/ops/hls/include/device/../../L1/include/ops_hls_datamover.hpp:5193]   --->   Operation 71 'icmp' 'icmp_ln5193' <Predicate = true> <Delay = 0.68> <CoreInst = "Cmp">   --->   Core 9 'Cmp' <Latency = 0> <II = 1> <Delay = 0.68> <FuncUnit> <Opcode : 'icmp'> <InPorts = 2> <OutPorts = 1>
ST_7 : Operation 72 [1/1] (0.00ns) (grouped into LUT with out node select_ln5193)   --->   "%select_ln1080 = select i1 %icmp_ln5193, i16 %trunc_ln5193, i16 0" [/pc2/users/a/acgasm01/scratch/beniel/ops-hls-batching-tiling-artifacts/OPS/ops/hls/include/device/../../L1/include/ops_hls_datamover.hpp:1080]   --->   Operation 72 'select' 'select_ln1080' <Predicate = true> <Delay = 0.00> <CoreInst = "Sel">   --->   Core 73 'Sel' <Latency = 0> <II = 1> <Delay = 0.24> <FuncUnit> <Opcode : 'select'> <InPorts = 3> <OutPorts = 1>
ST_7 : Operation 73 [1/1] (0.24ns) (out node of the LUT)   --->   "%select_ln5193 = select i1 %cmp2_i, i16 %select_ln1080, i16 0" [/pc2/users/a/acgasm01/scratch/beniel/ops-hls-batching-tiling-artifacts/OPS/ops/hls/include/device/../../L1/include/ops_hls_datamover.hpp:5193]   --->   Operation 73 'select' 'select_ln5193' <Predicate = true> <Delay = 0.24> <CoreInst = "Sel">   --->   Core 73 'Sel' <Latency = 0> <II = 1> <Delay = 0.24> <FuncUnit> <Opcode : 'select'> <InPorts = 3> <OutPorts = 1>
ST_7 : Operation 74 [2/2] (0.00ns)   --->   "%call_ln5193 = call void @stridedTileStream2mem2D.7_Pipeline_VITIS_LOOP_1080_1, i29 %mul_ln5193, i256 %gmem8, i16 %tile_size_x, i256 %arg1_write_mem_strm_0, i15 %avoid_x, i16 %select_ln5193, i13 %config_grid_xblocks_read, i32 %mul_ln5188, i32 %config_start_offset_read, i15 %avoid_x, i64 %mem_out_read" [/pc2/users/a/acgasm01/scratch/beniel/ops-hls-batching-tiling-artifacts/OPS/ops/hls/include/device/../../L1/include/ops_hls_datamover.hpp:5193]   --->   Operation 74 'call' 'call_ln5193' <Predicate = true> <Delay = 0.00> <CoreType = "Generic">   --->   Core 0 '' <Latency = 0> <II = 1> <Delay = 1.00> <Generic> <Opcode : >

State 8 <SV = 7> <Delay = 0.00>
ST_8 : Operation 75 [1/1] (0.00ns)   --->   "%specloopname_ln5186 = specloopname void @_ssdm_op_SpecLoopName, void @empty_0" [/pc2/users/a/acgasm01/scratch/beniel/ops-hls-batching-tiling-artifacts/OPS/ops/hls/include/device/../../L1/include/ops_hls_datamover.hpp:5186]   --->   Operation 75 'specloopname' 'specloopname_ln5186' <Predicate = true> <Delay = 0.00>
ST_8 : Operation 76 [1/2] (0.00ns)   --->   "%call_ln5193 = call void @stridedTileStream2mem2D.7_Pipeline_VITIS_LOOP_1080_1, i29 %mul_ln5193, i256 %gmem8, i16 %tile_size_x, i256 %arg1_write_mem_strm_0, i15 %avoid_x, i16 %select_ln5193, i13 %config_grid_xblocks_read, i32 %mul_ln5188, i32 %config_start_offset_read, i15 %avoid_x, i64 %mem_out_read" [/pc2/users/a/acgasm01/scratch/beniel/ops-hls-batching-tiling-artifacts/OPS/ops/hls/include/device/../../L1/include/ops_hls_datamover.hpp:5193]   --->   Operation 76 'call' 'call_ln5193' <Predicate = true> <Delay = 0.00> <CoreType = "Generic">   --->   Core 0 '' <Latency = 0> <II = 1> <Delay = 1.00> <Generic> <Opcode : >
ST_8 : Operation 77 [1/1] (0.00ns)   --->   "%br_ln5186 = br void %for.body" [/pc2/users/a/acgasm01/scratch/beniel/ops-hls-batching-tiling-artifacts/OPS/ops/hls/include/device/../../L1/include/ops_hls_datamover.hpp:5186]   --->   Operation 77 'br' 'br_ln5186' <Predicate = true> <Delay = 0.00>


============================================================
+ Verbose Summary: Binding
============================================================
STG Binding: 
---------------- STG Properties BEGIN ----------------
- Is combinational: 0
- Is one-state seq: 0
- Is datapath-only: 0
- Is pipelined: 0
- Is top level: 0
Port [ Return ] is wired: 1; IO mode=ap_ctrl_hs:ce=0
Port [ arg1_write_mem_strm_0]:  wired=1; compound=1; hidden=0; nouse=0; global=0; static=0; extern=0; dir=0; type=3; pingpong=0; private_global=0; IO mode=ap_fifo:ce=0
Port [ gmem8]:  wired=1; compound=1; hidden=0; nouse=0; global=0; static=0; extern=0; dir=1; type=4; pingpong=0; private_global=0; IO mode=m_axi:ce=0
Port [ mem_out]:  wired=1; compound=1; hidden=0; nouse=0; global=0; static=0; extern=0; dir=0; type=3; pingpong=0; private_global=0; IO mode=ap_fifo:ce=0
Port [ config_grid_xblocks]:  wired=1; compound=1; hidden=0; nouse=0; global=0; static=0; extern=0; dir=0; type=3; pingpong=0; private_global=0; IO mode=ap_fifo:ce=0
Port [ config_grid_size_y]:  wired=1; compound=1; hidden=0; nouse=0; global=0; static=0; extern=0; dir=0; type=3; pingpong=0; private_global=0; IO mode=ap_fifo:ce=0
Port [ config_tile_count_x]:  wired=1; compound=1; hidden=0; nouse=0; global=0; static=0; extern=0; dir=0; type=3; pingpong=0; private_global=0; IO mode=ap_fifo:ce=0
Port [ config_tile_size_x]:  wired=1; compound=1; hidden=0; nouse=0; global=0; static=0; extern=0; dir=0; type=3; pingpong=0; private_global=0; IO mode=ap_fifo:ce=0
Port [ config_tile_overlap_size_x]:  wired=1; compound=1; hidden=0; nouse=0; global=0; static=0; extern=0; dir=0; type=3; pingpong=0; private_global=0; IO mode=ap_fifo:ce=0
Port [ config_effective_tile_size_x]:  wired=1; compound=1; hidden=0; nouse=0; global=0; static=0; extern=0; dir=0; type=3; pingpong=0; private_global=0; IO mode=ap_fifo:ce=0
Port [ config_last_tile_size_x]:  wired=1; compound=1; hidden=0; nouse=0; global=0; static=0; extern=0; dir=0; type=3; pingpong=0; private_global=0; IO mode=ap_fifo:ce=0
Port [ config_start_offset]:  wired=1; compound=1; hidden=0; nouse=0; global=0; static=0; extern=0; dir=0; type=3; pingpong=0; private_global=0; IO mode=ap_fifo:ce=0
---------------- STG Properties END ------------------

---------------- Datapath Model BEGIN ----------------

<LifeTime>
<method=bitvector/>
tile_x                                 (alloca           ) [ 011111111]
mem_out_read                           (read             ) [ 001111111]
config_start_offset_read               (read             ) [ 001111111]
config_last_tile_size_x_read           (read             ) [ 001111111]
config_effective_tile_size_x_read      (read             ) [ 001000000]
config_tile_overlap_size_x_read        (read             ) [ 000000000]
config_tile_size_x_read                (read             ) [ 001111111]
config_tile_count_x_read               (read             ) [ 001111111]
config_grid_size_y_read                (read             ) [ 000000000]
config_grid_xblocks_read               (read             ) [ 001111111]
trunc_ln5183                           (trunc            ) [ 000000000]
is_additional_row                      (icmp             ) [ 001000000]
trunc_ln1                              (partselect       ) [ 001000000]
lshr_ln5188_cast                       (partselect       ) [ 001111111]
store_ln5186                           (store            ) [ 000000000]
specinterface_ln0                      (specinterface    ) [ 000000000]
specinterface_ln0                      (specinterface    ) [ 000000000]
specinterface_ln0                      (specinterface    ) [ 000000000]
specinterface_ln0                      (specinterface    ) [ 000000000]
specinterface_ln0                      (specinterface    ) [ 000000000]
specinterface_ln0                      (specinterface    ) [ 000000000]
specinterface_ln0                      (specinterface    ) [ 000000000]
specinterface_ln0                      (specinterface    ) [ 000000000]
specinterface_ln0                      (specinterface    ) [ 000000000]
specinterface_ln0                      (specinterface    ) [ 000000000]
specinterface_ln0                      (specinterface    ) [ 000000000]
zext_ln5184                            (zext             ) [ 000000000]
zext_ln5184_1                          (zext             ) [ 000000000]
add_ln5184                             (add              ) [ 000000000]
config_tile_count_x_load_cast          (zext             ) [ 000000000]
sub                                    (add              ) [ 000111111]
config_effective_tile_size_x_load_cast (zext             ) [ 000111111]
zext_ln5193                            (zext             ) [ 000111111]
br_ln5186                              (br               ) [ 000000000]
tile_x_1                               (load             ) [ 000000000]
icmp_ln5186                            (icmp             ) [ 000111111]
empty                                  (speclooptripcount) [ 000000000]
add_ln5186                             (add              ) [ 000000000]
br_ln5186                              (br               ) [ 000000000]
zext_ln5186                            (zext             ) [ 000000000]
zext_ln5186_1                          (zext             ) [ 000011100]
icmp_ln5188                            (icmp             ) [ 000000000]
avoid_x                                (select           ) [ 000011111]
icmp_ln5190                            (icmp             ) [ 000000000]
tile_size_x                            (select           ) [ 000011111]
zext_ln5193_8                          (zext             ) [ 000011100]
empty_90                               (wait             ) [ 000000000]
store_ln5186                           (store            ) [ 000000000]
ret_ln5206                             (ret              ) [ 000000000]
mul_ln5188                             (mul              ) [ 000000011]
mul_ln5193                             (mul              ) [ 000000011]
cmp2_i                                 (icmp             ) [ 000000000]
zext_ln5193_1                          (zext             ) [ 000000000]
zext_ln5193_2                          (zext             ) [ 000000000]
sub_ln1080                             (sub              ) [ 000000000]
trunc_ln5193                           (trunc            ) [ 000000000]
icmp_ln5193                            (icmp             ) [ 000000000]
select_ln1080                          (select           ) [ 000000000]
select_ln5193                          (select           ) [ 000000001]
specloopname_ln5186                    (specloopname     ) [ 000000000]
call_ln5193                            (call             ) [ 000000000]
br_ln5186                              (br               ) [ 000000000]
</LifeTime>

<model>

<comp_list>
<comp id="0" class="1000" name="arg1_write_mem_strm_0">
<pin_list>
<pin id="1" dir="1" index="0" bw="1" slack="0"/>
</pin_list>
<bind>
<StgValue><ssdm name="arg1_write_mem_strm_0"/></StgValue>
</bind>
</comp>

<comp id="2" class="1000" name="gmem8">
<pin_list>
<pin id="3" dir="1" index="0" bw="1" slack="0"/>
</pin_list>
<bind>
<StgValue><ssdm name="gmem8"/></StgValue>
</bind>
</comp>

<comp id="4" class="1000" name="mem_out">
<pin_list>
<pin id="5" dir="1" index="0" bw="1" slack="0"/>
</pin_list>
<bind>
<StgValue><ssdm name="mem_out"/></StgValue>
</bind>
</comp>

<comp id="6" class="1000" name="config_grid_xblocks">
<pin_list>
<pin id="7" dir="1" index="0" bw="1" slack="0"/>
</pin_list>
<bind>
<StgValue><ssdm name="config_grid_xblocks"/></StgValue>
</bind>
</comp>

<comp id="8" class="1000" name="config_grid_size_y">
<pin_list>
<pin id="9" dir="1" index="0" bw="1" slack="0"/>
</pin_list>
<bind>
<StgValue><ssdm name="config_grid_size_y"/></StgValue>
</bind>
</comp>

<comp id="10" class="1000" name="config_tile_count_x">
<pin_list>
<pin id="11" dir="1" index="0" bw="1" slack="0"/>
</pin_list>
<bind>
<StgValue><ssdm name="config_tile_count_x"/></StgValue>
</bind>
</comp>

<comp id="12" class="1000" name="config_tile_size_x">
<pin_list>
<pin id="13" dir="1" index="0" bw="1" slack="0"/>
</pin_list>
<bind>
<StgValue><ssdm name="config_tile_size_x"/></StgValue>
</bind>
</comp>

<comp id="14" class="1000" name="config_tile_overlap_size_x">
<pin_list>
<pin id="15" dir="1" index="0" bw="1" slack="0"/>
</pin_list>
<bind>
<StgValue><ssdm name="config_tile_overlap_size_x"/></StgValue>
</bind>
</comp>

<comp id="16" class="1000" name="config_effective_tile_size_x">
<pin_list>
<pin id="17" dir="1" index="0" bw="1" slack="0"/>
</pin_list>
<bind>
<StgValue><ssdm name="config_effective_tile_size_x"/></StgValue>
</bind>
</comp>

<comp id="18" class="1000" name="config_last_tile_size_x">
<pin_list>
<pin id="19" dir="1" index="0" bw="1" slack="0"/>
</pin_list>
<bind>
<StgValue><ssdm name="config_last_tile_size_x"/></StgValue>
</bind>
</comp>

<comp id="20" class="1000" name="config_start_offset">
<pin_list>
<pin id="21" dir="1" index="0" bw="1" slack="0"/>
</pin_list>
<bind>
<StgValue><ssdm name="config_start_offset"/></StgValue>
</bind>
</comp>

<comp id="22" class="1001" name="const_22">
<pin_list>
<pin id="23" dir="1" index="0" bw="1" slack="0"/>
</pin_list>
<bind>
<StgValue><ssdm name=""/></StgValue>
</bind>
</comp>

<comp id="24" class="1001" name="const_24">
<pin_list>
<pin id="25" dir="1" index="0" bw="1" slack="0"/>
</pin_list>
<bind>
<StgValue><ssdm name="_ssdm_op_Read.ap_fifo.i64P0A"/></StgValue>
</bind>
</comp>

<comp id="26" class="1001" name="const_26">
<pin_list>
<pin id="27" dir="1" index="0" bw="1" slack="0"/>
</pin_list>
<bind>
<StgValue><ssdm name="_ssdm_op_Read.ap_fifo.i32P0A"/></StgValue>
</bind>
</comp>

<comp id="28" class="1001" name="const_28">
<pin_list>
<pin id="29" dir="1" index="0" bw="1" slack="0"/>
</pin_list>
<bind>
<StgValue><ssdm name="_ssdm_op_Read.ap_fifo.i16P0A"/></StgValue>
</bind>
</comp>

<comp id="30" class="1001" name="const_30">
<pin_list>
<pin id="31" dir="1" index="0" bw="1" slack="0"/>
</pin_list>
<bind>
<StgValue><ssdm name="_ssdm_op_Read.ap_fifo.i13P0A"/></StgValue>
</bind>
</comp>

<comp id="32" class="1001" name="const_32">
<pin_list>
<pin id="33" dir="1" index="0" bw="1" slack="0"/>
</pin_list>
<bind>
<StgValue><ssdm name=""/></StgValue>
</bind>
</comp>

<comp id="34" class="1001" name="const_34">
<pin_list>
<pin id="35" dir="1" index="0" bw="1" slack="0"/>
</pin_list>
<bind>
<StgValue><ssdm name="_ssdm_op_PartSelect.i13.i16.i32.i32"/></StgValue>
</bind>
</comp>

<comp id="36" class="1001" name="const_36">
<pin_list>
<pin id="37" dir="1" index="0" bw="1" slack="0"/>
</pin_list>
<bind>
<StgValue><ssdm name=""/></StgValue>
</bind>
</comp>

<comp id="38" class="1001" name="const_38">
<pin_list>
<pin id="39" dir="1" index="0" bw="1" slack="0"/>
</pin_list>
<bind>
<StgValue><ssdm name=""/></StgValue>
</bind>
</comp>

<comp id="40" class="1001" name="const_40">
<pin_list>
<pin id="41" dir="1" index="0" bw="1" slack="0"/>
</pin_list>
<bind>
<StgValue><ssdm name="_ssdm_op_PartSelect.i15.i16.i32.i32"/></StgValue>
</bind>
</comp>

<comp id="42" class="1001" name="const_42">
<pin_list>
<pin id="43" dir="1" index="0" bw="1" slack="0"/>
</pin_list>
<bind>
<StgValue><ssdm name=""/></StgValue>
</bind>
</comp>

<comp id="44" class="1001" name="const_44">
<pin_list>
<pin id="45" dir="1" index="0" bw="1" slack="2147483647"/>
</pin_list>
<bind>
<StgValue><ssdm name="_ssdm_op_SpecInterface"/></StgValue>
</bind>
</comp>

<comp id="46" class="1001" name="const_46">
<pin_list>
<pin id="47" dir="1" index="0" bw="1" slack="2147483647"/>
</pin_list>
<bind>
<StgValue><ssdm name="ap_fifo_str"/></StgValue>
</bind>
</comp>

<comp id="48" class="1001" name="const_48">
<pin_list>
<pin id="49" dir="1" index="0" bw="1" slack="2147483647"/>
</pin_list>
<bind>
<StgValue><ssdm name=""/></StgValue>
</bind>
</comp>

<comp id="50" class="1001" name="const_50">
<pin_list>
<pin id="51" dir="1" index="0" bw="1" slack="2147483647"/>
</pin_list>
<bind>
<StgValue><ssdm name="p_str"/></StgValue>
</bind>
</comp>

<comp id="52" class="1001" name="const_52">
<pin_list>
<pin id="53" dir="1" index="0" bw="1" slack="2147483647"/>
</pin_list>
<bind>
<StgValue><ssdm name=""/></StgValue>
</bind>
</comp>

<comp id="54" class="1001" name="const_54">
<pin_list>
<pin id="55" dir="1" index="0" bw="1" slack="2147483647"/>
</pin_list>
<bind>
<StgValue><ssdm name=""/></StgValue>
</bind>
</comp>

<comp id="56" class="1001" name="const_56">
<pin_list>
<pin id="57" dir="1" index="0" bw="1" slack="2147483647"/>
</pin_list>
<bind>
<StgValue><ssdm name="ScalarProp_str"/></StgValue>
</bind>
</comp>

<comp id="58" class="1001" name="const_58">
<pin_list>
<pin id="59" dir="1" index="0" bw="1" slack="2147483647"/>
</pin_list>
<bind>
<StgValue><ssdm name=""/></StgValue>
</bind>
</comp>

<comp id="60" class="1001" name="const_60">
<pin_list>
<pin id="61" dir="1" index="0" bw="1" slack="2147483647"/>
</pin_list>
<bind>
<StgValue><ssdm name="empty_50"/></StgValue>
</bind>
</comp>

<comp id="62" class="1001" name="const_62">
<pin_list>
<pin id="63" dir="1" index="0" bw="1" slack="2147483647"/>
</pin_list>
<bind>
<StgValue><ssdm name="empty_47"/></StgValue>
</bind>
</comp>

<comp id="64" class="1001" name="const_64">
<pin_list>
<pin id="65" dir="1" index="0" bw="1" slack="2147483647"/>
</pin_list>
<bind>
<StgValue><ssdm name="empty_34"/></StgValue>
</bind>
</comp>

<comp id="66" class="1001" name="const_66">
<pin_list>
<pin id="67" dir="1" index="0" bw="1" slack="2147483647"/>
</pin_list>
<bind>
<StgValue><ssdm name=""/></StgValue>
</bind>
</comp>

<comp id="68" class="1001" name="const_68">
<pin_list>
<pin id="69" dir="1" index="0" bw="1" slack="2147483647"/>
</pin_list>
<bind>
<StgValue><ssdm name=""/></StgValue>
</bind>
</comp>

<comp id="70" class="1001" name="const_70">
<pin_list>
<pin id="71" dir="1" index="0" bw="1" slack="2147483647"/>
</pin_list>
<bind>
<StgValue><ssdm name="empty_29"/></StgValue>
</bind>
</comp>

<comp id="72" class="1001" name="const_72">
<pin_list>
<pin id="73" dir="1" index="0" bw="1" slack="2147483647"/>
</pin_list>
<bind>
<StgValue><ssdm name="empty_45"/></StgValue>
</bind>
</comp>

<comp id="74" class="1001" name="const_74">
<pin_list>
<pin id="75" dir="1" index="0" bw="1" slack="2147483647"/>
</pin_list>
<bind>
<StgValue><ssdm name=""/></StgValue>
</bind>
</comp>

<comp id="76" class="1001" name="const_76">
<pin_list>
<pin id="77" dir="1" index="0" bw="1" slack="0"/>
</pin_list>
<bind>
<StgValue><ssdm name=""/></StgValue>
</bind>
</comp>

<comp id="78" class="1001" name="const_78">
<pin_list>
<pin id="79" dir="1" index="0" bw="1" slack="2147483647"/>
</pin_list>
<bind>
<StgValue><ssdm name="_ssdm_op_SpecLoopTripCount"/></StgValue>
</bind>
</comp>

<comp id="80" class="1001" name="const_80">
<pin_list>
<pin id="81" dir="1" index="0" bw="1" slack="2147483647"/>
</pin_list>
<bind>
<StgValue><ssdm name=""/></StgValue>
</bind>
</comp>

<comp id="82" class="1001" name="const_82">
<pin_list>
<pin id="83" dir="1" index="0" bw="1" slack="2147483647"/>
</pin_list>
<bind>
<StgValue><ssdm name=""/></StgValue>
</bind>
</comp>

<comp id="84" class="1001" name="const_84">
<pin_list>
<pin id="85" dir="1" index="0" bw="1" slack="0"/>
</pin_list>
<bind>
<StgValue><ssdm name=""/></StgValue>
</bind>
</comp>

<comp id="86" class="1001" name="const_86">
<pin_list>
<pin id="87" dir="1" index="0" bw="1" slack="0"/>
</pin_list>
<bind>
<StgValue><ssdm name=""/></StgValue>
</bind>
</comp>

<comp id="88" class="1001" name="const_88">
<pin_list>
<pin id="89" dir="1" index="0" bw="1" slack="2147483647"/>
</pin_list>
<bind>
<StgValue><ssdm name="_ssdm_op_Wait"/></StgValue>
</bind>
</comp>

<comp id="90" class="1001" name="const_90">
<pin_list>
<pin id="91" dir="1" index="0" bw="1" slack="0"/>
</pin_list>
<bind>
<StgValue><ssdm name=""/></StgValue>
</bind>
</comp>

<comp id="92" class="1001" name="const_92">
<pin_list>
<pin id="93" dir="1" index="0" bw="1" slack="0"/>
</pin_list>
<bind>
<StgValue><ssdm name="stridedTileStream2mem2D.7_Pipeline_VITIS_LOOP_1080_1"/></StgValue>
</bind>
</comp>

<comp id="94" class="1001" name="const_94">
<pin_list>
<pin id="95" dir="1" index="0" bw="1" slack="2147483647"/>
</pin_list>
<bind>
<StgValue><ssdm name="_ssdm_op_SpecLoopName"/></StgValue>
</bind>
</comp>

<comp id="96" class="1001" name="const_96">
<pin_list>
<pin id="97" dir="1" index="0" bw="1" slack="2147483647"/>
</pin_list>
<bind>
<StgValue><ssdm name="empty_0"/></StgValue>
</bind>
</comp>

<comp id="98" class="1004" name="tile_x_fu_98">
<pin_list>
<pin id="99" dir="0" index="0" bw="1" slack="0"/>
<pin id="100" dir="1" index="1" bw="16" slack="0"/>
</pin_list>
<bind>
<opcode="alloca(26) " fcode="alloca"/>
<opset="tile_x/1 "/>
</bind>
</comp>

<comp id="102" class="1004" name="mem_out_read_read_fu_102">
<pin_list>
<pin id="103" dir="0" index="0" bw="64" slack="0"/>
<pin id="104" dir="0" index="1" bw="64" slack="0"/>
<pin id="105" dir="1" index="2" bw="64" slack="6"/>
</pin_list>
<bind>
<opcode="read(1150) " fcode="read"/>
<opset="mem_out_read/1 "/>
</bind>
</comp>

<comp id="108" class="1004" name="config_start_offset_read_read_fu_108">
<pin_list>
<pin id="109" dir="0" index="0" bw="32" slack="0"/>
<pin id="110" dir="0" index="1" bw="32" slack="0"/>
<pin id="111" dir="1" index="2" bw="32" slack="6"/>
</pin_list>
<bind>
<opcode="read(1150) " fcode="read"/>
<opset="config_start_offset_read/1 "/>
</bind>
</comp>

<comp id="114" class="1004" name="config_last_tile_size_x_read_read_fu_114">
<pin_list>
<pin id="115" dir="0" index="0" bw="16" slack="0"/>
<pin id="116" dir="0" index="1" bw="16" slack="0"/>
<pin id="117" dir="1" index="2" bw="16" slack="2"/>
</pin_list>
<bind>
<opcode="read(1150) " fcode="read"/>
<opset="config_last_tile_size_x_read/1 "/>
</bind>
</comp>

<comp id="120" class="1004" name="config_effective_tile_size_x_read_read_fu_120">
<pin_list>
<pin id="121" dir="0" index="0" bw="16" slack="0"/>
<pin id="122" dir="0" index="1" bw="16" slack="0"/>
<pin id="123" dir="1" index="2" bw="16" slack="1"/>
</pin_list>
<bind>
<opcode="read(1150) " fcode="read"/>
<opset="config_effective_tile_size_x_read/1 "/>
</bind>
</comp>

<comp id="126" class="1004" name="config_tile_overlap_size_x_read_read_fu_126">
<pin_list>
<pin id="127" dir="0" index="0" bw="16" slack="0"/>
<pin id="128" dir="0" index="1" bw="16" slack="0"/>
<pin id="129" dir="1" index="2" bw="16" slack="0"/>
</pin_list>
<bind>
<opcode="read(1150) " fcode="read"/>
<opset="config_tile_overlap_size_x_read/1 "/>
</bind>
</comp>

<comp id="132" class="1004" name="config_tile_size_x_read_read_fu_132">
<pin_list>
<pin id="133" dir="0" index="0" bw="16" slack="0"/>
<pin id="134" dir="0" index="1" bw="16" slack="0"/>
<pin id="135" dir="1" index="2" bw="16" slack="2"/>
</pin_list>
<bind>
<opcode="read(1150) " fcode="read"/>
<opset="config_tile_size_x_read/1 "/>
</bind>
</comp>

<comp id="138" class="1004" name="config_tile_count_x_read_read_fu_138">
<pin_list>
<pin id="139" dir="0" index="0" bw="16" slack="0"/>
<pin id="140" dir="0" index="1" bw="16" slack="0"/>
<pin id="141" dir="1" index="2" bw="16" slack="1"/>
</pin_list>
<bind>
<opcode="read(1150) " fcode="read"/>
<opset="config_tile_count_x_read/1 "/>
</bind>
</comp>

<comp id="144" class="1004" name="config_grid_size_y_read_read_fu_144">
<pin_list>
<pin id="145" dir="0" index="0" bw="16" slack="0"/>
<pin id="146" dir="0" index="1" bw="16" slack="0"/>
<pin id="147" dir="1" index="2" bw="16" slack="0"/>
</pin_list>
<bind>
<opcode="read(1150) " fcode="read"/>
<opset="config_grid_size_y_read/1 "/>
</bind>
</comp>

<comp id="150" class="1004" name="config_grid_xblocks_read_read_fu_150">
<pin_list>
<pin id="151" dir="0" index="0" bw="13" slack="0"/>
<pin id="152" dir="0" index="1" bw="13" slack="0"/>
<pin id="153" dir="1" index="2" bw="13" slack="6"/>
</pin_list>
<bind>
<opcode="read(1150) " fcode="read"/>
<opset="config_grid_xblocks_read/1 "/>
</bind>
</comp>

<comp id="156" class="1004" name="grp_stridedTileStream2mem2D_7_Pipeline_VITIS_LOOP_1080_1_fu_156">
<pin_list>
<pin id="157" dir="0" index="0" bw="0" slack="0"/>
<pin id="158" dir="0" index="1" bw="29" slack="1"/>
<pin id="159" dir="0" index="2" bw="256" slack="0"/>
<pin id="160" dir="0" index="3" bw="16" slack="4"/>
<pin id="161" dir="0" index="4" bw="256" slack="0"/>
<pin id="162" dir="0" index="5" bw="15" slack="4"/>
<pin id="163" dir="0" index="6" bw="16" slack="0"/>
<pin id="164" dir="0" index="7" bw="13" slack="6"/>
<pin id="165" dir="0" index="8" bw="32" slack="1"/>
<pin id="166" dir="0" index="9" bw="32" slack="6"/>
<pin id="167" dir="0" index="10" bw="15" slack="4"/>
<pin id="168" dir="0" index="11" bw="64" slack="6"/>
<pin id="169" dir="1" index="12" bw="0" slack="2147483647"/>
</pin_list>
<bind>
<opcode="call(48) " fcode="call"/>
<opset="call_ln5193/7 "/>
</bind>
</comp>

<comp id="173" class="1004" name="trunc_ln5183_fu_173">
<pin_list>
<pin id="174" dir="0" index="0" bw="16" slack="0"/>
<pin id="175" dir="1" index="1" bw="3" slack="0"/>
</pin_list>
<bind>
<opcode="trunc(33) " fcode="trunc"/>
<opset="trunc_ln5183/1 "/>
</bind>
</comp>

<comp id="177" class="1004" name="is_additional_row_fu_177">
<pin_list>
<pin id="178" dir="0" index="0" bw="3" slack="0"/>
<pin id="179" dir="0" index="1" bw="1" slack="0"/>
<pin id="180" dir="1" index="2" bw="1" slack="1"/>
</pin_list>
<bind>
<opcode="icmp(45) " fcode="icmp"/>
<opset="is_additional_row/1 "/>
</bind>
</comp>

<comp id="183" class="1004" name="trunc_ln1_fu_183">
<pin_list>
<pin id="184" dir="0" index="0" bw="13" slack="0"/>
<pin id="185" dir="0" index="1" bw="16" slack="0"/>
<pin id="186" dir="0" index="2" bw="3" slack="0"/>
<pin id="187" dir="0" index="3" bw="5" slack="0"/>
<pin id="188" dir="1" index="4" bw="13" slack="1"/>
</pin_list>
<bind>
<opcode="partselect(1002) " fcode="partselect"/>
<opset="trunc_ln1/1 "/>
</bind>
</comp>

<comp id="193" class="1004" name="lshr_ln5188_cast_fu_193">
<pin_list>
<pin id="194" dir="0" index="0" bw="15" slack="0"/>
<pin id="195" dir="0" index="1" bw="16" slack="0"/>
<pin id="196" dir="0" index="2" bw="1" slack="0"/>
<pin id="197" dir="0" index="3" bw="5" slack="0"/>
<pin id="198" dir="1" index="4" bw="15" slack="2"/>
</pin_list>
<bind>
<opcode="partselect(1002) " fcode="partselect"/>
<opset="lshr_ln5188_cast/1 "/>
</bind>
</comp>

<comp id="203" class="1004" name="store_ln5186_store_fu_203">
<pin_list>
<pin id="204" dir="0" index="0" bw="1" slack="0"/>
<pin id="205" dir="0" index="1" bw="16" slack="0"/>
<pin id="206" dir="1" index="2" bw="0" slack="2147483647"/>
</pin_list>
<bind>
<opcode="store(28) " fcode="store"/>
<opset="store_ln5186/1 "/>
</bind>
</comp>

<comp id="208" class="1004" name="zext_ln5184_fu_208">
<pin_list>
<pin id="209" dir="0" index="0" bw="13" slack="1"/>
<pin id="210" dir="1" index="1" bw="14" slack="0"/>
</pin_list>
<bind>
<opcode="zext(34) " fcode="zext"/>
<opset="zext_ln5184/2 "/>
</bind>
</comp>

<comp id="211" class="1004" name="zext_ln5184_1_fu_211">
<pin_list>
<pin id="212" dir="0" index="0" bw="1" slack="1"/>
<pin id="213" dir="1" index="1" bw="14" slack="0"/>
</pin_list>
<bind>
<opcode="zext(34) " fcode="zext"/>
<opset="zext_ln5184_1/2 "/>
</bind>
</comp>

<comp id="214" class="1004" name="add_ln5184_fu_214">
<pin_list>
<pin id="215" dir="0" index="0" bw="13" slack="0"/>
<pin id="216" dir="0" index="1" bw="1" slack="0"/>
<pin id="217" dir="1" index="2" bw="14" slack="0"/>
</pin_list>
<bind>
<opcode="add(8) " fcode="add"/>
<opset="add_ln5184/2 "/>
</bind>
</comp>

<comp id="220" class="1004" name="config_tile_count_x_load_cast_fu_220">
<pin_list>
<pin id="221" dir="0" index="0" bw="16" slack="1"/>
<pin id="222" dir="1" index="1" bw="17" slack="0"/>
</pin_list>
<bind>
<opcode="zext(34) " fcode="zext"/>
<opset="config_tile_count_x_load_cast/2 "/>
</bind>
</comp>

<comp id="223" class="1004" name="sub_fu_223">
<pin_list>
<pin id="224" dir="0" index="0" bw="16" slack="0"/>
<pin id="225" dir="0" index="1" bw="1" slack="0"/>
<pin id="226" dir="1" index="2" bw="17" slack="1"/>
</pin_list>
<bind>
<opcode="add(8) " fcode="add"/>
<opset="sub/2 "/>
</bind>
</comp>

<comp id="229" class="1004" name="config_effective_tile_size_x_load_cast_fu_229">
<pin_list>
<pin id="230" dir="0" index="0" bw="16" slack="1"/>
<pin id="231" dir="1" index="1" bw="32" slack="1"/>
</pin_list>
<bind>
<opcode="zext(34) " fcode="zext"/>
<opset="config_effective_tile_size_x_load_cast/2 "/>
</bind>
</comp>

<comp id="232" class="1004" name="zext_ln5193_fu_232">
<pin_list>
<pin id="233" dir="0" index="0" bw="14" slack="0"/>
<pin id="234" dir="1" index="1" bw="29" slack="1"/>
</pin_list>
<bind>
<opcode="zext(34) " fcode="zext"/>
<opset="zext_ln5193/2 "/>
</bind>
</comp>

<comp id="236" class="1004" name="tile_x_1_load_fu_236">
<pin_list>
<pin id="237" dir="0" index="0" bw="16" slack="2"/>
<pin id="238" dir="1" index="1" bw="16" slack="0"/>
</pin_list>
<bind>
<opcode="load(27) " fcode="load"/>
<opset="tile_x_1/3 "/>
</bind>
</comp>

<comp id="239" class="1004" name="icmp_ln5186_fu_239">
<pin_list>
<pin id="240" dir="0" index="0" bw="16" slack="0"/>
<pin id="241" dir="0" index="1" bw="16" slack="2"/>
<pin id="242" dir="1" index="2" bw="1" slack="2147483647"/>
</pin_list>
<bind>
<opcode="icmp(45) " fcode="icmp"/>
<opset="icmp_ln5186/3 "/>
</bind>
</comp>

<comp id="244" class="1004" name="add_ln5186_fu_244">
<pin_list>
<pin id="245" dir="0" index="0" bw="16" slack="0"/>
<pin id="246" dir="0" index="1" bw="1" slack="0"/>
<pin id="247" dir="1" index="2" bw="16" slack="0"/>
</pin_list>
<bind>
<opcode="add(8) " fcode="add"/>
<opset="add_ln5186/3 "/>
</bind>
</comp>

<comp id="250" class="1004" name="zext_ln5186_fu_250">
<pin_list>
<pin id="251" dir="0" index="0" bw="16" slack="0"/>
<pin id="252" dir="1" index="1" bw="17" slack="0"/>
</pin_list>
<bind>
<opcode="zext(34) " fcode="zext"/>
<opset="zext_ln5186/3 "/>
</bind>
</comp>

<comp id="254" class="1004" name="zext_ln5186_1_fu_254">
<pin_list>
<pin id="255" dir="0" index="0" bw="16" slack="0"/>
<pin id="256" dir="1" index="1" bw="32" slack="0"/>
</pin_list>
<bind>
<opcode="zext(34) " fcode="zext"/>
<opset="zext_ln5186_1/3 "/>
</bind>
</comp>

<comp id="258" class="1004" name="icmp_ln5188_fu_258">
<pin_list>
<pin id="259" dir="0" index="0" bw="16" slack="0"/>
<pin id="260" dir="0" index="1" bw="1" slack="0"/>
<pin id="261" dir="1" index="2" bw="1" slack="0"/>
</pin_list>
<bind>
<opcode="icmp(45) " fcode="icmp"/>
<opset="icmp_ln5188/3 "/>
</bind>
</comp>

<comp id="264" class="1004" name="avoid_x_fu_264">
<pin_list>
<pin id="265" dir="0" index="0" bw="1" slack="0"/>
<pin id="266" dir="0" index="1" bw="1" slack="0"/>
<pin id="267" dir="0" index="2" bw="15" slack="2"/>
<pin id="268" dir="1" index="3" bw="15" slack="4"/>
</pin_list>
<bind>
<opcode="select(49) " fcode="select"/>
<opset="avoid_x/3 "/>
</bind>
</comp>

<comp id="271" class="1004" name="icmp_ln5190_fu_271">
<pin_list>
<pin id="272" dir="0" index="0" bw="17" slack="1"/>
<pin id="273" dir="0" index="1" bw="16" slack="0"/>
<pin id="274" dir="1" index="2" bw="1" slack="0"/>
</pin_list>
<bind>
<opcode="icmp(45) " fcode="icmp"/>
<opset="icmp_ln5190/3 "/>
</bind>
</comp>

<comp id="276" class="1004" name="tile_size_x_fu_276">
<pin_list>
<pin id="277" dir="0" index="0" bw="1" slack="0"/>
<pin id="278" dir="0" index="1" bw="16" slack="2"/>
<pin id="279" dir="0" index="2" bw="16" slack="2"/>
<pin id="280" dir="1" index="3" bw="16" slack="0"/>
</pin_list>
<bind>
<opcode="select(49) " fcode="select"/>
<opset="tile_size_x/3 "/>
</bind>
</comp>

<comp id="282" class="1004" name="zext_ln5193_8_fu_282">
<pin_list>
<pin id="283" dir="0" index="0" bw="16" slack="0"/>
<pin id="284" dir="1" index="1" bw="29" slack="0"/>
</pin_list>
<bind>
<opcode="zext(34) " fcode="zext"/>
<opset="zext_ln5193_8/3 "/>
</bind>
</comp>

<comp id="286" class="1004" name="store_ln5186_store_fu_286">
<pin_list>
<pin id="287" dir="0" index="0" bw="16" slack="0"/>
<pin id="288" dir="0" index="1" bw="16" slack="2"/>
<pin id="289" dir="1" index="2" bw="0" slack="2147483647"/>
</pin_list>
<bind>
<opcode="store(28) " fcode="store"/>
<opset="store_ln5186/3 "/>
</bind>
</comp>

<comp id="291" class="1004" name="cmp2_i_fu_291">
<pin_list>
<pin id="292" dir="0" index="0" bw="16" slack="4"/>
<pin id="293" dir="0" index="1" bw="1" slack="0"/>
<pin id="294" dir="1" index="2" bw="1" slack="0"/>
</pin_list>
<bind>
<opcode="icmp(45) " fcode="icmp"/>
<opset="cmp2_i/7 "/>
</bind>
</comp>

<comp id="296" class="1004" name="zext_ln5193_1_fu_296">
<pin_list>
<pin id="297" dir="0" index="0" bw="15" slack="4"/>
<pin id="298" dir="1" index="1" bw="17" slack="0"/>
</pin_list>
<bind>
<opcode="zext(34) " fcode="zext"/>
<opset="zext_ln5193_1/7 "/>
</bind>
</comp>

<comp id="299" class="1004" name="zext_ln5193_2_fu_299">
<pin_list>
<pin id="300" dir="0" index="0" bw="16" slack="4"/>
<pin id="301" dir="1" index="1" bw="17" slack="0"/>
</pin_list>
<bind>
<opcode="zext(34) " fcode="zext"/>
<opset="zext_ln5193_2/7 "/>
</bind>
</comp>

<comp id="302" class="1004" name="sub_ln1080_fu_302">
<pin_list>
<pin id="303" dir="0" index="0" bw="16" slack="0"/>
<pin id="304" dir="0" index="1" bw="15" slack="0"/>
<pin id="305" dir="1" index="2" bw="17" slack="0"/>
</pin_list>
<bind>
<opcode="sub(10) " fcode="sub"/>
<opset="sub_ln1080/7 "/>
</bind>
</comp>

<comp id="308" class="1004" name="trunc_ln5193_fu_308">
<pin_list>
<pin id="309" dir="0" index="0" bw="17" slack="0"/>
<pin id="310" dir="1" index="1" bw="16" slack="0"/>
</pin_list>
<bind>
<opcode="trunc(33) " fcode="trunc"/>
<opset="trunc_ln5193/7 "/>
</bind>
</comp>

<comp id="312" class="1004" name="icmp_ln5193_fu_312">
<pin_list>
<pin id="313" dir="0" index="0" bw="17" slack="0"/>
<pin id="314" dir="0" index="1" bw="1" slack="0"/>
<pin id="315" dir="1" index="2" bw="1" slack="0"/>
</pin_list>
<bind>
<opcode="icmp(45) " fcode="icmp"/>
<opset="icmp_ln5193/7 "/>
</bind>
</comp>

<comp id="318" class="1004" name="select_ln1080_fu_318">
<pin_list>
<pin id="319" dir="0" index="0" bw="1" slack="0"/>
<pin id="320" dir="0" index="1" bw="16" slack="0"/>
<pin id="321" dir="0" index="2" bw="1" slack="0"/>
<pin id="322" dir="1" index="3" bw="16" slack="0"/>
</pin_list>
<bind>
<opcode="select(49) " fcode="select"/>
<opset="select_ln1080/7 "/>
</bind>
</comp>

<comp id="326" class="1004" name="select_ln5193_fu_326">
<pin_list>
<pin id="327" dir="0" index="0" bw="1" slack="0"/>
<pin id="328" dir="0" index="1" bw="16" slack="0"/>
<pin id="329" dir="0" index="2" bw="1" slack="0"/>
<pin id="330" dir="1" index="3" bw="16" slack="0"/>
</pin_list>
<bind>
<opcode="select(49) " fcode="select"/>
<opset="select_ln5193/7 "/>
</bind>
</comp>

<comp id="335" class="1007" name="grp_fu_335">
<pin_list>
<pin id="336" dir="0" index="0" bw="16" slack="0"/>
<pin id="337" dir="0" index="1" bw="16" slack="1"/>
<pin id="338" dir="1" index="2" bw="32" slack="1"/>
</pin_list>
<bind>
<opcode="mul(12) " fcode="mul"/>
<opset="mul_ln5188/3 "/>
</bind>
</comp>

<comp id="340" class="1007" name="grp_fu_340">
<pin_list>
<pin id="341" dir="0" index="0" bw="14" slack="1"/>
<pin id="342" dir="0" index="1" bw="16" slack="0"/>
<pin id="343" dir="1" index="2" bw="29" slack="1"/>
</pin_list>
<bind>
<opcode="mul(12) " fcode="mul"/>
<opset="mul_ln5193/3 "/>
</bind>
</comp>

<comp id="345" class="1005" name="tile_x_reg_345">
<pin_list>
<pin id="346" dir="0" index="0" bw="16" slack="0"/>
<pin id="347" dir="1" index="1" bw="16" slack="0"/>
</pin_list>
<bind>
<opset="tile_x "/>
</bind>
</comp>

<comp id="352" class="1005" name="mem_out_read_reg_352">
<pin_list>
<pin id="353" dir="0" index="0" bw="64" slack="6"/>
<pin id="354" dir="1" index="1" bw="64" slack="6"/>
</pin_list>
<bind>
<opset="mem_out_read "/>
</bind>
</comp>

<comp id="357" class="1005" name="config_start_offset_read_reg_357">
<pin_list>
<pin id="358" dir="0" index="0" bw="32" slack="6"/>
<pin id="359" dir="1" index="1" bw="32" slack="6"/>
</pin_list>
<bind>
<opset="config_start_offset_read "/>
</bind>
</comp>

<comp id="362" class="1005" name="config_last_tile_size_x_read_reg_362">
<pin_list>
<pin id="363" dir="0" index="0" bw="16" slack="2"/>
<pin id="364" dir="1" index="1" bw="16" slack="2"/>
</pin_list>
<bind>
<opset="config_last_tile_size_x_read "/>
</bind>
</comp>

<comp id="367" class="1005" name="config_effective_tile_size_x_read_reg_367">
<pin_list>
<pin id="368" dir="0" index="0" bw="16" slack="1"/>
<pin id="369" dir="1" index="1" bw="16" slack="1"/>
</pin_list>
<bind>
<opset="config_effective_tile_size_x_read "/>
</bind>
</comp>

<comp id="372" class="1005" name="config_tile_size_x_read_reg_372">
<pin_list>
<pin id="373" dir="0" index="0" bw="16" slack="2"/>
<pin id="374" dir="1" index="1" bw="16" slack="2"/>
</pin_list>
<bind>
<opset="config_tile_size_x_read "/>
</bind>
</comp>

<comp id="377" class="1005" name="config_tile_count_x_read_reg_377">
<pin_list>
<pin id="378" dir="0" index="0" bw="16" slack="1"/>
<pin id="379" dir="1" index="1" bw="16" slack="1"/>
</pin_list>
<bind>
<opset="config_tile_count_x_read "/>
</bind>
</comp>

<comp id="383" class="1005" name="config_grid_xblocks_read_reg_383">
<pin_list>
<pin id="384" dir="0" index="0" bw="13" slack="6"/>
<pin id="385" dir="1" index="1" bw="13" slack="6"/>
</pin_list>
<bind>
<opset="config_grid_xblocks_read "/>
</bind>
</comp>

<comp id="388" class="1005" name="is_additional_row_reg_388">
<pin_list>
<pin id="389" dir="0" index="0" bw="1" slack="1"/>
<pin id="390" dir="1" index="1" bw="1" slack="1"/>
</pin_list>
<bind>
<opset="is_additional_row "/>
</bind>
</comp>

<comp id="393" class="1005" name="trunc_ln1_reg_393">
<pin_list>
<pin id="394" dir="0" index="0" bw="13" slack="1"/>
<pin id="395" dir="1" index="1" bw="13" slack="1"/>
</pin_list>
<bind>
<opset="trunc_ln1 "/>
</bind>
</comp>

<comp id="398" class="1005" name="lshr_ln5188_cast_reg_398">
<pin_list>
<pin id="399" dir="0" index="0" bw="15" slack="2"/>
<pin id="400" dir="1" index="1" bw="15" slack="2"/>
</pin_list>
<bind>
<opset="lshr_ln5188_cast "/>
</bind>
</comp>

<comp id="403" class="1005" name="sub_reg_403">
<pin_list>
<pin id="404" dir="0" index="0" bw="17" slack="1"/>
<pin id="405" dir="1" index="1" bw="17" slack="1"/>
</pin_list>
<bind>
<opset="sub "/>
</bind>
</comp>

<comp id="408" class="1005" name="config_effective_tile_size_x_load_cast_reg_408">
<pin_list>
<pin id="409" dir="0" index="0" bw="32" slack="1"/>
<pin id="410" dir="1" index="1" bw="32" slack="1"/>
</pin_list>
<bind>
<opset="config_effective_tile_size_x_load_cast "/>
</bind>
</comp>

<comp id="413" class="1005" name="zext_ln5193_reg_413">
<pin_list>
<pin id="414" dir="0" index="0" bw="29" slack="1"/>
<pin id="415" dir="1" index="1" bw="29" slack="1"/>
</pin_list>
<bind>
<opset="zext_ln5193 "/>
</bind>
</comp>

<comp id="421" class="1005" name="zext_ln5186_1_reg_421">
<pin_list>
<pin id="422" dir="0" index="0" bw="32" slack="1"/>
<pin id="423" dir="1" index="1" bw="32" slack="1"/>
</pin_list>
<bind>
<opset="zext_ln5186_1 "/>
</bind>
</comp>

<comp id="426" class="1005" name="avoid_x_reg_426">
<pin_list>
<pin id="427" dir="0" index="0" bw="15" slack="4"/>
<pin id="428" dir="1" index="1" bw="15" slack="4"/>
</pin_list>
<bind>
<opset="avoid_x "/>
</bind>
</comp>

<comp id="433" class="1005" name="tile_size_x_reg_433">
<pin_list>
<pin id="434" dir="0" index="0" bw="16" slack="4"/>
<pin id="435" dir="1" index="1" bw="16" slack="4"/>
</pin_list>
<bind>
<opset="tile_size_x "/>
</bind>
</comp>

<comp id="440" class="1005" name="zext_ln5193_8_reg_440">
<pin_list>
<pin id="441" dir="0" index="0" bw="29" slack="1"/>
<pin id="442" dir="1" index="1" bw="29" slack="1"/>
</pin_list>
<bind>
<opset="zext_ln5193_8 "/>
</bind>
</comp>

<comp id="445" class="1005" name="mul_ln5188_reg_445">
<pin_list>
<pin id="446" dir="0" index="0" bw="32" slack="1"/>
<pin id="447" dir="1" index="1" bw="32" slack="1"/>
</pin_list>
<bind>
<opset="mul_ln5188 "/>
</bind>
</comp>

<comp id="450" class="1005" name="mul_ln5193_reg_450">
<pin_list>
<pin id="451" dir="0" index="0" bw="29" slack="1"/>
<pin id="452" dir="1" index="1" bw="29" slack="1"/>
</pin_list>
<bind>
<opset="mul_ln5193 "/>
</bind>
</comp>

<comp id="455" class="1005" name="select_ln5193_reg_455">
<pin_list>
<pin id="456" dir="0" index="0" bw="16" slack="1"/>
<pin id="457" dir="1" index="1" bw="16" slack="1"/>
</pin_list>
<bind>
<opset="select_ln5193 "/>
</bind>
</comp>

</comp_list>

<net_list>
<net id="101"><net_src comp="22" pin="0"/><net_sink comp="98" pin=0"/></net>

<net id="106"><net_src comp="24" pin="0"/><net_sink comp="102" pin=0"/></net>

<net id="107"><net_src comp="4" pin="0"/><net_sink comp="102" pin=1"/></net>

<net id="112"><net_src comp="26" pin="0"/><net_sink comp="108" pin=0"/></net>

<net id="113"><net_src comp="20" pin="0"/><net_sink comp="108" pin=1"/></net>

<net id="118"><net_src comp="28" pin="0"/><net_sink comp="114" pin=0"/></net>

<net id="119"><net_src comp="18" pin="0"/><net_sink comp="114" pin=1"/></net>

<net id="124"><net_src comp="28" pin="0"/><net_sink comp="120" pin=0"/></net>

<net id="125"><net_src comp="16" pin="0"/><net_sink comp="120" pin=1"/></net>

<net id="130"><net_src comp="28" pin="0"/><net_sink comp="126" pin=0"/></net>

<net id="131"><net_src comp="14" pin="0"/><net_sink comp="126" pin=1"/></net>

<net id="136"><net_src comp="28" pin="0"/><net_sink comp="132" pin=0"/></net>

<net id="137"><net_src comp="12" pin="0"/><net_sink comp="132" pin=1"/></net>

<net id="142"><net_src comp="28" pin="0"/><net_sink comp="138" pin=0"/></net>

<net id="143"><net_src comp="10" pin="0"/><net_sink comp="138" pin=1"/></net>

<net id="148"><net_src comp="28" pin="0"/><net_sink comp="144" pin=0"/></net>

<net id="149"><net_src comp="8" pin="0"/><net_sink comp="144" pin=1"/></net>

<net id="154"><net_src comp="30" pin="0"/><net_sink comp="150" pin=0"/></net>

<net id="155"><net_src comp="6" pin="0"/><net_sink comp="150" pin=1"/></net>

<net id="170"><net_src comp="92" pin="0"/><net_sink comp="156" pin=0"/></net>

<net id="171"><net_src comp="2" pin="0"/><net_sink comp="156" pin=2"/></net>

<net id="172"><net_src comp="0" pin="0"/><net_sink comp="156" pin=4"/></net>

<net id="176"><net_src comp="144" pin="2"/><net_sink comp="173" pin=0"/></net>

<net id="181"><net_src comp="173" pin="1"/><net_sink comp="177" pin=0"/></net>

<net id="182"><net_src comp="32" pin="0"/><net_sink comp="177" pin=1"/></net>

<net id="189"><net_src comp="34" pin="0"/><net_sink comp="183" pin=0"/></net>

<net id="190"><net_src comp="144" pin="2"/><net_sink comp="183" pin=1"/></net>

<net id="191"><net_src comp="36" pin="0"/><net_sink comp="183" pin=2"/></net>

<net id="192"><net_src comp="38" pin="0"/><net_sink comp="183" pin=3"/></net>

<net id="199"><net_src comp="40" pin="0"/><net_sink comp="193" pin=0"/></net>

<net id="200"><net_src comp="126" pin="2"/><net_sink comp="193" pin=1"/></net>

<net id="201"><net_src comp="22" pin="0"/><net_sink comp="193" pin=2"/></net>

<net id="202"><net_src comp="38" pin="0"/><net_sink comp="193" pin=3"/></net>

<net id="207"><net_src comp="42" pin="0"/><net_sink comp="203" pin=0"/></net>

<net id="218"><net_src comp="208" pin="1"/><net_sink comp="214" pin=0"/></net>

<net id="219"><net_src comp="211" pin="1"/><net_sink comp="214" pin=1"/></net>

<net id="227"><net_src comp="220" pin="1"/><net_sink comp="223" pin=0"/></net>

<net id="228"><net_src comp="76" pin="0"/><net_sink comp="223" pin=1"/></net>

<net id="235"><net_src comp="214" pin="2"/><net_sink comp="232" pin=0"/></net>

<net id="243"><net_src comp="236" pin="1"/><net_sink comp="239" pin=0"/></net>

<net id="248"><net_src comp="236" pin="1"/><net_sink comp="244" pin=0"/></net>

<net id="249"><net_src comp="84" pin="0"/><net_sink comp="244" pin=1"/></net>

<net id="253"><net_src comp="236" pin="1"/><net_sink comp="250" pin=0"/></net>

<net id="257"><net_src comp="236" pin="1"/><net_sink comp="254" pin=0"/></net>

<net id="262"><net_src comp="236" pin="1"/><net_sink comp="258" pin=0"/></net>

<net id="263"><net_src comp="42" pin="0"/><net_sink comp="258" pin=1"/></net>

<net id="269"><net_src comp="258" pin="2"/><net_sink comp="264" pin=0"/></net>

<net id="270"><net_src comp="86" pin="0"/><net_sink comp="264" pin=1"/></net>

<net id="275"><net_src comp="250" pin="1"/><net_sink comp="271" pin=1"/></net>

<net id="281"><net_src comp="271" pin="2"/><net_sink comp="276" pin=0"/></net>

<net id="285"><net_src comp="276" pin="3"/><net_sink comp="282" pin=0"/></net>

<net id="290"><net_src comp="244" pin="2"/><net_sink comp="286" pin=0"/></net>

<net id="295"><net_src comp="42" pin="0"/><net_sink comp="291" pin=1"/></net>

<net id="306"><net_src comp="299" pin="1"/><net_sink comp="302" pin=0"/></net>

<net id="307"><net_src comp="296" pin="1"/><net_sink comp="302" pin=1"/></net>

<net id="311"><net_src comp="302" pin="2"/><net_sink comp="308" pin=0"/></net>

<net id="316"><net_src comp="302" pin="2"/><net_sink comp="312" pin=0"/></net>

<net id="317"><net_src comp="90" pin="0"/><net_sink comp="312" pin=1"/></net>

<net id="323"><net_src comp="312" pin="2"/><net_sink comp="318" pin=0"/></net>

<net id="324"><net_src comp="308" pin="1"/><net_sink comp="318" pin=1"/></net>

<net id="325"><net_src comp="42" pin="0"/><net_sink comp="318" pin=2"/></net>

<net id="331"><net_src comp="291" pin="2"/><net_sink comp="326" pin=0"/></net>

<net id="332"><net_src comp="318" pin="3"/><net_sink comp="326" pin=1"/></net>

<net id="333"><net_src comp="42" pin="0"/><net_sink comp="326" pin=2"/></net>

<net id="334"><net_src comp="326" pin="3"/><net_sink comp="156" pin=6"/></net>

<net id="339"><net_src comp="254" pin="1"/><net_sink comp="335" pin=0"/></net>

<net id="344"><net_src comp="282" pin="1"/><net_sink comp="340" pin=1"/></net>

<net id="348"><net_src comp="98" pin="1"/><net_sink comp="345" pin=0"/></net>

<net id="349"><net_src comp="345" pin="1"/><net_sink comp="203" pin=1"/></net>

<net id="350"><net_src comp="345" pin="1"/><net_sink comp="236" pin=0"/></net>

<net id="351"><net_src comp="345" pin="1"/><net_sink comp="286" pin=1"/></net>

<net id="355"><net_src comp="102" pin="2"/><net_sink comp="352" pin=0"/></net>

<net id="356"><net_src comp="352" pin="1"/><net_sink comp="156" pin=11"/></net>

<net id="360"><net_src comp="108" pin="2"/><net_sink comp="357" pin=0"/></net>

<net id="361"><net_src comp="357" pin="1"/><net_sink comp="156" pin=9"/></net>

<net id="365"><net_src comp="114" pin="2"/><net_sink comp="362" pin=0"/></net>

<net id="366"><net_src comp="362" pin="1"/><net_sink comp="276" pin=1"/></net>

<net id="370"><net_src comp="120" pin="2"/><net_sink comp="367" pin=0"/></net>

<net id="371"><net_src comp="367" pin="1"/><net_sink comp="229" pin=0"/></net>

<net id="375"><net_src comp="132" pin="2"/><net_sink comp="372" pin=0"/></net>

<net id="376"><net_src comp="372" pin="1"/><net_sink comp="276" pin=2"/></net>

<net id="380"><net_src comp="138" pin="2"/><net_sink comp="377" pin=0"/></net>

<net id="381"><net_src comp="377" pin="1"/><net_sink comp="220" pin=0"/></net>

<net id="382"><net_src comp="377" pin="1"/><net_sink comp="239" pin=1"/></net>

<net id="386"><net_src comp="150" pin="2"/><net_sink comp="383" pin=0"/></net>

<net id="387"><net_src comp="383" pin="1"/><net_sink comp="156" pin=7"/></net>

<net id="391"><net_src comp="177" pin="2"/><net_sink comp="388" pin=0"/></net>

<net id="392"><net_src comp="388" pin="1"/><net_sink comp="211" pin=0"/></net>

<net id="396"><net_src comp="183" pin="4"/><net_sink comp="393" pin=0"/></net>

<net id="397"><net_src comp="393" pin="1"/><net_sink comp="208" pin=0"/></net>

<net id="401"><net_src comp="193" pin="4"/><net_sink comp="398" pin=0"/></net>

<net id="402"><net_src comp="398" pin="1"/><net_sink comp="264" pin=2"/></net>

<net id="406"><net_src comp="223" pin="2"/><net_sink comp="403" pin=0"/></net>

<net id="407"><net_src comp="403" pin="1"/><net_sink comp="271" pin=0"/></net>

<net id="411"><net_src comp="229" pin="1"/><net_sink comp="408" pin=0"/></net>

<net id="412"><net_src comp="408" pin="1"/><net_sink comp="335" pin=1"/></net>

<net id="416"><net_src comp="232" pin="1"/><net_sink comp="413" pin=0"/></net>

<net id="417"><net_src comp="413" pin="1"/><net_sink comp="340" pin=0"/></net>

<net id="424"><net_src comp="254" pin="1"/><net_sink comp="421" pin=0"/></net>

<net id="425"><net_src comp="421" pin="1"/><net_sink comp="335" pin=0"/></net>

<net id="429"><net_src comp="264" pin="3"/><net_sink comp="426" pin=0"/></net>

<net id="430"><net_src comp="426" pin="1"/><net_sink comp="296" pin=0"/></net>

<net id="431"><net_src comp="426" pin="1"/><net_sink comp="156" pin=5"/></net>

<net id="432"><net_src comp="426" pin="1"/><net_sink comp="156" pin=10"/></net>

<net id="436"><net_src comp="276" pin="3"/><net_sink comp="433" pin=0"/></net>

<net id="437"><net_src comp="433" pin="1"/><net_sink comp="291" pin=0"/></net>

<net id="438"><net_src comp="433" pin="1"/><net_sink comp="299" pin=0"/></net>

<net id="439"><net_src comp="433" pin="1"/><net_sink comp="156" pin=3"/></net>

<net id="443"><net_src comp="282" pin="1"/><net_sink comp="440" pin=0"/></net>

<net id="444"><net_src comp="440" pin="1"/><net_sink comp="340" pin=1"/></net>

<net id="448"><net_src comp="335" pin="2"/><net_sink comp="445" pin=0"/></net>

<net id="449"><net_src comp="445" pin="1"/><net_sink comp="156" pin=8"/></net>

<net id="453"><net_src comp="340" pin="2"/><net_sink comp="450" pin=0"/></net>

<net id="454"><net_src comp="450" pin="1"/><net_sink comp="156" pin=1"/></net>

<net id="458"><net_src comp="326" pin="3"/><net_sink comp="455" pin=0"/></net>

<net id="459"><net_src comp="455" pin="1"/><net_sink comp="156" pin=6"/></net>

</net_list>

</model> 
---------------- Datapath Model END ------------------

* FSMD analyzer results:
  - Output states:
	Port: gmem8 | {7 8 }
 - Input state : 
	Port: stridedTileStream2mem2D.7 : arg1_write_mem_strm_0 | {7 8 }
	Port: stridedTileStream2mem2D.7 : mem_out | {1 }
	Port: stridedTileStream2mem2D.7 : config_grid_xblocks | {1 }
	Port: stridedTileStream2mem2D.7 : config_grid_size_y | {1 }
	Port: stridedTileStream2mem2D.7 : config_tile_count_x | {1 }
	Port: stridedTileStream2mem2D.7 : config_tile_size_x | {1 }
	Port: stridedTileStream2mem2D.7 : config_tile_overlap_size_x | {1 }
	Port: stridedTileStream2mem2D.7 : config_effective_tile_size_x | {1 }
	Port: stridedTileStream2mem2D.7 : config_last_tile_size_x | {1 }
	Port: stridedTileStream2mem2D.7 : config_start_offset | {1 }
  - Chain level:
	State 1
		is_additional_row : 1
		store_ln5186 : 1
	State 2
		add_ln5184 : 1
		sub : 1
		zext_ln5193 : 2
	State 3
		icmp_ln5186 : 1
		add_ln5186 : 1
		br_ln5186 : 2
		zext_ln5186 : 1
		zext_ln5186_1 : 1
		mul_ln5188 : 2
		icmp_ln5188 : 1
		avoid_x : 2
		icmp_ln5190 : 2
		tile_size_x : 3
		zext_ln5193_8 : 4
		mul_ln5193 : 5
		store_ln5186 : 2
	State 4
	State 5
	State 6
	State 7
		sub_ln1080 : 1
		trunc_ln5193 : 2
		icmp_ln5193 : 2
		select_ln1080 : 3
		select_ln5193 : 4
		call_ln5193 : 5
	State 8


============================================================
+ Verbose Summary: Datapath Resource usage 
============================================================

* Functional unit list:
|----------|-----------------------------------------------------------------|---------|---------|---------|---------|
| Operation|                         Functional Unit                         |   DSP   |  Delay  |    FF   |   LUT   |
|----------|-----------------------------------------------------------------|---------|---------|---------|---------|
|   call   | grp_stridedTileStream2mem2D_7_Pipeline_VITIS_LOOP_1080_1_fu_156 |    1    | 0.806857|   1039  |   341   |
|----------|-----------------------------------------------------------------|---------|---------|---------|---------|
|          |                     is_additional_row_fu_177                    |    0    |    0    |    0    |    8    |
|          |                        icmp_ln5186_fu_239                       |    0    |    0    |    0    |    13   |
|   icmp   |                        icmp_ln5188_fu_258                       |    0    |    0    |    0    |    13   |
|          |                        icmp_ln5190_fu_271                       |    0    |    0    |    0    |    13   |
|          |                          cmp2_i_fu_291                          |    0    |    0    |    0    |    13   |
|          |                        icmp_ln5193_fu_312                       |    0    |    0    |    0    |    13   |
|----------|-----------------------------------------------------------------|---------|---------|---------|---------|
|          |                        add_ln5184_fu_214                        |    0    |    0    |    0    |    20   |
|    add   |                            sub_fu_223                           |    0    |    0    |    0    |    23   |
|          |                        add_ln5186_fu_244                        |    0    |    0    |    0    |    23   |
|----------|-----------------------------------------------------------------|---------|---------|---------|---------|
|          |                          avoid_x_fu_264                         |    0    |    0    |    0    |    15   |
|  select  |                        tile_size_x_fu_276                       |    0    |    0    |    0    |    16   |
|          |                       select_ln1080_fu_318                      |    0    |    0    |    0    |    16   |
|          |                       select_ln5193_fu_326                      |    0    |    0    |    0    |    16   |
|----------|-----------------------------------------------------------------|---------|---------|---------|---------|
|    sub   |                        sub_ln1080_fu_302                        |    0    |    0    |    0    |    23   |
|----------|-----------------------------------------------------------------|---------|---------|---------|---------|
|    mul   |                            grp_fu_335                           |    1    |    0    |    0    |    0    |
|          |                            grp_fu_340                           |    1    |    0    |    0    |    0    |
|----------|-----------------------------------------------------------------|---------|---------|---------|---------|
|          |                     mem_out_read_read_fu_102                    |    0    |    0    |    0    |    0    |
|          |               config_start_offset_read_read_fu_108              |    0    |    0    |    0    |    0    |
|          |             config_last_tile_size_x_read_read_fu_114            |    0    |    0    |    0    |    0    |
|          |          config_effective_tile_size_x_read_read_fu_120          |    0    |    0    |    0    |    0    |
|   read   |           config_tile_overlap_size_x_read_read_fu_126           |    0    |    0    |    0    |    0    |
|          |               config_tile_size_x_read_read_fu_132               |    0    |    0    |    0    |    0    |
|          |               config_tile_count_x_read_read_fu_138              |    0    |    0    |    0    |    0    |
|          |               config_grid_size_y_read_read_fu_144               |    0    |    0    |    0    |    0    |
|          |               config_grid_xblocks_read_read_fu_150              |    0    |    0    |    0    |    0    |
|----------|-----------------------------------------------------------------|---------|---------|---------|---------|
|   trunc  |                       trunc_ln5183_fu_173                       |    0    |    0    |    0    |    0    |
|          |                       trunc_ln5193_fu_308                       |    0    |    0    |    0    |    0    |
|----------|-----------------------------------------------------------------|---------|---------|---------|---------|
|partselect|                         trunc_ln1_fu_183                        |    0    |    0    |    0    |    0    |
|          |                     lshr_ln5188_cast_fu_193                     |    0    |    0    |    0    |    0    |
|----------|-----------------------------------------------------------------|---------|---------|---------|---------|
|          |                        zext_ln5184_fu_208                       |    0    |    0    |    0    |    0    |
|          |                       zext_ln5184_1_fu_211                      |    0    |    0    |    0    |    0    |
|          |               config_tile_count_x_load_cast_fu_220              |    0    |    0    |    0    |    0    |
|          |          config_effective_tile_size_x_load_cast_fu_229          |    0    |    0    |    0    |    0    |
|   zext   |                        zext_ln5193_fu_232                       |    0    |    0    |    0    |    0    |
|          |                        zext_ln5186_fu_250                       |    0    |    0    |    0    |    0    |
|          |                       zext_ln5186_1_fu_254                      |    0    |    0    |    0    |    0    |
|          |                       zext_ln5193_8_fu_282                      |    0    |    0    |    0    |    0    |
|          |                       zext_ln5193_1_fu_296                      |    0    |    0    |    0    |    0    |
|          |                       zext_ln5193_2_fu_299                      |    0    |    0    |    0    |    0    |
|----------|-----------------------------------------------------------------|---------|---------|---------|---------|
|   Total  |                                                                 |    3    | 0.806857|   1039  |   566   |
|----------|-----------------------------------------------------------------|---------|---------|---------|---------|

Memories:
N/A

* Register list:
+----------------------------------------------+--------+
|                                              |   FF   |
+----------------------------------------------+--------+
|                avoid_x_reg_426               |   15   |
|config_effective_tile_size_x_load_cast_reg_408|   32   |
|   config_effective_tile_size_x_read_reg_367  |   16   |
|       config_grid_xblocks_read_reg_383       |   13   |
|     config_last_tile_size_x_read_reg_362     |   16   |
|       config_start_offset_read_reg_357       |   32   |
|       config_tile_count_x_read_reg_377       |   16   |
|        config_tile_size_x_read_reg_372       |   16   |
|           is_additional_row_reg_388          |    1   |
|           lshr_ln5188_cast_reg_398           |   15   |
|             mem_out_read_reg_352             |   64   |
|              mul_ln5188_reg_445              |   32   |
|              mul_ln5193_reg_450              |   29   |
|             select_ln5193_reg_455            |   16   |
|                  sub_reg_403                 |   17   |
|              tile_size_x_reg_433             |   16   |
|                tile_x_reg_345                |   16   |
|               trunc_ln1_reg_393              |   13   |
|             zext_ln5186_1_reg_421            |   32   |
|             zext_ln5193_8_reg_440            |   29   |
|              zext_ln5193_reg_413             |   29   |
+----------------------------------------------+--------+
|                     Total                    |   465  |
+----------------------------------------------+--------+

* Multiplexer (MUX) list: 
|-----------------------------------------------------------------|------|------|------|--------||---------||---------|
|                               Comp                              |  Pin | Size |  BW  | S x BW ||  Delay  ||   LUT   |
|-----------------------------------------------------------------|------|------|------|--------||---------||---------|
| grp_stridedTileStream2mem2D_7_Pipeline_VITIS_LOOP_1080_1_fu_156 |  p6  |   2  |  16  |   32   ||    9    |
|                            grp_fu_335                           |  p0  |   2  |  16  |   32   ||    9    |
|                            grp_fu_340                           |  p1  |   2  |  16  |   32   ||    9    |
|-----------------------------------------------------------------|------|------|------|--------||---------||---------|
|                              Total                              |      |      |      |   96   ||  1.161  ||    27   |
|-----------------------------------------------------------------|------|------|------|--------||---------||---------|



* Summary:
+-----------+--------+--------+--------+--------+
|           |   DSP  |  Delay |   FF   |   LUT  |
+-----------+--------+--------+--------+--------+
|  Function |    3   |    0   |  1039  |   566  |
|   Memory  |    -   |    -   |    -   |    -   |
|Multiplexer|    -   |    1   |    -   |   27   |
|  Register |    -   |    -   |   465  |    -   |
+-----------+--------+--------+--------+--------+
|   Total   |    3   |    1   |  1504  |   593  |
+-----------+--------+--------+--------+--------+
