

================================================================
== Vitis HLS Report for 'entry_proc'
================================================================
* Date:           Fri Aug 14 22:50:01 2026

* Version:        2022.2 (Build 3670227 on Oct 13 2022)
* Project:        datamover_outerloop_0
* Solution:       solution (Vitis Kernel Flow Target)
* Product family: virtexuplus
* Target device:  xcu280-fsvh2892-2L-e


================================================================
== Performance Estimates
================================================================
+ Timing: 
    * Summary: 
    +--------+---------+----------+------------+
    |  Clock |  Target | Estimated| Uncertainty|
    +--------+---------+----------+------------+
    |ap_clk  |  3.33 ns|  1.217 ns|     0.90 ns|
    +--------+---------+----------+------------+

+ Latency: 
    * Summary: 
    +---------+---------+----------+----------+-----+-----+---------+
    |  Latency (cycles) |  Latency (absolute) |  Interval | Pipeline|
    |   min   |   max   |    min   |    max   | min | max |   Type  |
    +---------+---------+----------+----------+-----+-----+---------+
    |        0|        0|      0 ns|      0 ns|    0|    0|       no|
    +---------+---------+----------+----------+-----+-----+---------+

    + Detail: 
        * Instance: 
        N/A

        * Loop: 
        N/A

============================================================
+ Verbose Summary: Synthesis Manager
============================================================
InlineROM: 1
ExposeGlobal: 0
============================================================
+ Verbose Summary: CDFG Model
============================================================
IsTopModel: 0
ResetActiveHigh: 1
IsCombinational: 2
IsDatapathOnly: 0
HasWiredReturn: 1
HasMFsm: 0
HasVarLatency: 0
IsPipeline: 0
IsRtlPipelined: 0
IsInstanceOverlapped: 0
IsDontTouch: 0
HasImplIP: 0
IsGatedGlobalClock: 0


============================================================
+ Verbose Summary: Schedule
============================================================
* Number of FSM states : 1
* Pipeline : 0
* Dataflow Pipeline: 0

* FSM state transitions: 
1 --> 

* FSM state operations: 

State 1 <SV = 0> <Delay = 1.21>
ST_1 : Operation 2 [1/1] (0.00ns)   --->   "%specinterface_ln0 = specinterface void @_ssdm_op_SpecInterface, i64 %arg1_b7_c, void @ap_fifo_str, i32 0, i32 0, void @p_str, i32 0, i32 0, void @p_str, void @p_str, void @p_str, i32 2, i32 2, i32 16, i32 16, void @p_str, void @ScalarProp_str, i32 4294967295, i32 0"   --->   Operation 2 'specinterface' 'specinterface_ln0' <Predicate = true> <Delay = 0.00>
ST_1 : Operation 3 [1/1] (0.00ns)   --->   "%arg1_b7_read = read i64 @_ssdm_op_Read.ap_auto.i64, i64 %arg1_b7"   --->   Operation 3 'read' 'arg1_b7_read' <Predicate = true> <Delay = 0.00>
ST_1 : Operation 4 [1/1] (0.00ns)   --->   "%arg1_b6_read = read i64 @_ssdm_op_Read.ap_auto.i64, i64 %arg1_b6"   --->   Operation 4 'read' 'arg1_b6_read' <Predicate = true> <Delay = 0.00>
ST_1 : Operation 5 [1/1] (0.00ns)   --->   "%arg1_b5_read = read i64 @_ssdm_op_Read.ap_auto.i64, i64 %arg1_b5"   --->   Operation 5 'read' 'arg1_b5_read' <Predicate = true> <Delay = 0.00>
ST_1 : Operation 6 [1/1] (0.00ns)   --->   "%arg1_b4_read = read i64 @_ssdm_op_Read.ap_auto.i64, i64 %arg1_b4"   --->   Operation 6 'read' 'arg1_b4_read' <Predicate = true> <Delay = 0.00>
ST_1 : Operation 7 [1/1] (0.00ns)   --->   "%arg1_b3_read = read i64 @_ssdm_op_Read.ap_auto.i64, i64 %arg1_b3"   --->   Operation 7 'read' 'arg1_b3_read' <Predicate = true> <Delay = 0.00>
ST_1 : Operation 8 [1/1] (0.00ns)   --->   "%arg1_b2_read = read i64 @_ssdm_op_Read.ap_auto.i64, i64 %arg1_b2"   --->   Operation 8 'read' 'arg1_b2_read' <Predicate = true> <Delay = 0.00>
ST_1 : Operation 9 [1/1] (0.00ns)   --->   "%arg1_b1_read = read i64 @_ssdm_op_Read.ap_auto.i64, i64 %arg1_b1"   --->   Operation 9 'read' 'arg1_b1_read' <Predicate = true> <Delay = 0.00>
ST_1 : Operation 10 [1/1] (0.00ns)   --->   "%arg1_b0_read = read i64 @_ssdm_op_Read.ap_auto.i64, i64 %arg1_b0"   --->   Operation 10 'read' 'arg1_b0_read' <Predicate = true> <Delay = 0.00>
ST_1 : Operation 11 [1/1] (0.00ns)   --->   "%p_read25 = read i16 @_ssdm_op_Read.ap_auto.i16, i16 %p_read2"   --->   Operation 11 'read' 'p_read25' <Predicate = true> <Delay = 0.00>
ST_1 : Operation 12 [1/1] (0.00ns)   --->   "%p_read14 = read i16 @_ssdm_op_Read.ap_auto.i16, i16 %p_read1"   --->   Operation 12 'read' 'p_read14' <Predicate = true> <Delay = 0.00>
ST_1 : Operation 13 [1/1] (0.00ns)   --->   "%p_read_19 = read i13 @_ssdm_op_Read.ap_auto.i13, i13 %p_read"   --->   Operation 13 'read' 'p_read_19' <Predicate = true> <Delay = 0.00>
ST_1 : Operation 14 [1/1] (1.21ns)   --->   "%write_ln0 = write void @_ssdm_op_Write.ap_fifo.i64P0A, i64 %arg1_b7_c, i64 %arg1_b7_read"   --->   Operation 14 'write' 'write_ln0' <Predicate = true> <Delay = 1.21> <CoreInst = "FIFO_SRL">   --->   Core 81 'FIFO_SRL' <Latency = 0> <II = 1> <Delay = 1.41> <Storage> <Opcode : 'read' 'write' 'nbread' 'nbwrite'> <Ports = 0> <Width = 64> <Depth = 3> <FIFO>
ST_1 : Operation 15 [1/1] (0.00ns)   --->   "%specinterface_ln0 = specinterface void @_ssdm_op_SpecInterface, i64 %arg1_b6_c, void @ap_fifo_str, i32 0, i32 0, void @p_str, i32 0, i32 0, void @p_str, void @p_str, void @p_str, i32 2, i32 2, i32 16, i32 16, void @p_str, void @ScalarProp_str, i32 4294967295, i32 0"   --->   Operation 15 'specinterface' 'specinterface_ln0' <Predicate = true> <Delay = 0.00>
ST_1 : Operation 16 [1/1] (1.21ns)   --->   "%write_ln0 = write void @_ssdm_op_Write.ap_fifo.i64P0A, i64 %arg1_b6_c, i64 %arg1_b6_read"   --->   Operation 16 'write' 'write_ln0' <Predicate = true> <Delay = 1.21> <CoreInst = "FIFO_SRL">   --->   Core 81 'FIFO_SRL' <Latency = 0> <II = 1> <Delay = 1.41> <Storage> <Opcode : 'read' 'write' 'nbread' 'nbwrite'> <Ports = 0> <Width = 64> <Depth = 3> <FIFO>
ST_1 : Operation 17 [1/1] (0.00ns)   --->   "%specinterface_ln0 = specinterface void @_ssdm_op_SpecInterface, i64 %arg1_b5_c, void @ap_fifo_str, i32 0, i32 0, void @p_str, i32 0, i32 0, void @p_str, void @p_str, void @p_str, i32 2, i32 2, i32 16, i32 16, void @p_str, void @ScalarProp_str, i32 4294967295, i32 0"   --->   Operation 17 'specinterface' 'specinterface_ln0' <Predicate = true> <Delay = 0.00>
ST_1 : Operation 18 [1/1] (1.21ns)   --->   "%write_ln0 = write void @_ssdm_op_Write.ap_fifo.i64P0A, i64 %arg1_b5_c, i64 %arg1_b5_read"   --->   Operation 18 'write' 'write_ln0' <Predicate = true> <Delay = 1.21> <CoreInst = "FIFO_SRL">   --->   Core 81 'FIFO_SRL' <Latency = 0> <II = 1> <Delay = 1.41> <Storage> <Opcode : 'read' 'write' 'nbread' 'nbwrite'> <Ports = 0> <Width = 64> <Depth = 3> <FIFO>
ST_1 : Operation 19 [1/1] (0.00ns)   --->   "%specinterface_ln0 = specinterface void @_ssdm_op_SpecInterface, i64 %arg1_b4_c, void @ap_fifo_str, i32 0, i32 0, void @p_str, i32 0, i32 0, void @p_str, void @p_str, void @p_str, i32 2, i32 2, i32 16, i32 16, void @p_str, void @ScalarProp_str, i32 4294967295, i32 0"   --->   Operation 19 'specinterface' 'specinterface_ln0' <Predicate = true> <Delay = 0.00>
ST_1 : Operation 20 [1/1] (1.21ns)   --->   "%write_ln0 = write void @_ssdm_op_Write.ap_fifo.i64P0A, i64 %arg1_b4_c, i64 %arg1_b4_read"   --->   Operation 20 'write' 'write_ln0' <Predicate = true> <Delay = 1.21> <CoreInst = "FIFO_SRL">   --->   Core 81 'FIFO_SRL' <Latency = 0> <II = 1> <Delay = 1.41> <Storage> <Opcode : 'read' 'write' 'nbread' 'nbwrite'> <Ports = 0> <Width = 64> <Depth = 3> <FIFO>
ST_1 : Operation 21 [1/1] (0.00ns)   --->   "%specinterface_ln0 = specinterface void @_ssdm_op_SpecInterface, i64 %arg1_b3_c, void @ap_fifo_str, i32 0, i32 0, void @p_str, i32 0, i32 0, void @p_str, void @p_str, void @p_str, i32 2, i32 2, i32 16, i32 16, void @p_str, void @ScalarProp_str, i32 4294967295, i32 0"   --->   Operation 21 'specinterface' 'specinterface_ln0' <Predicate = true> <Delay = 0.00>
ST_1 : Operation 22 [1/1] (1.21ns)   --->   "%write_ln0 = write void @_ssdm_op_Write.ap_fifo.i64P0A, i64 %arg1_b3_c, i64 %arg1_b3_read"   --->   Operation 22 'write' 'write_ln0' <Predicate = true> <Delay = 1.21> <CoreInst = "FIFO_SRL">   --->   Core 81 'FIFO_SRL' <Latency = 0> <II = 1> <Delay = 1.41> <Storage> <Opcode : 'read' 'write' 'nbread' 'nbwrite'> <Ports = 0> <Width = 64> <Depth = 3> <FIFO>
ST_1 : Operation 23 [1/1] (0.00ns)   --->   "%specinterface_ln0 = specinterface void @_ssdm_op_SpecInterface, i64 %arg1_b2_c, void @ap_fifo_str, i32 0, i32 0, void @p_str, i32 0, i32 0, void @p_str, void @p_str, void @p_str, i32 2, i32 2, i32 16, i32 16, void @p_str, void @ScalarProp_str, i32 4294967295, i32 0"   --->   Operation 23 'specinterface' 'specinterface_ln0' <Predicate = true> <Delay = 0.00>
ST_1 : Operation 24 [1/1] (1.21ns)   --->   "%write_ln0 = write void @_ssdm_op_Write.ap_fifo.i64P0A, i64 %arg1_b2_c, i64 %arg1_b2_read"   --->   Operation 24 'write' 'write_ln0' <Predicate = true> <Delay = 1.21> <CoreInst = "FIFO_SRL">   --->   Core 81 'FIFO_SRL' <Latency = 0> <II = 1> <Delay = 1.41> <Storage> <Opcode : 'read' 'write' 'nbread' 'nbwrite'> <Ports = 0> <Width = 64> <Depth = 3> <FIFO>
ST_1 : Operation 25 [1/1] (0.00ns)   --->   "%specinterface_ln0 = specinterface void @_ssdm_op_SpecInterface, i64 %arg1_b1_c, void @ap_fifo_str, i32 0, i32 0, void @p_str, i32 0, i32 0, void @p_str, void @p_str, void @p_str, i32 2, i32 2, i32 16, i32 16, void @p_str, void @ScalarProp_str, i32 4294967295, i32 0"   --->   Operation 25 'specinterface' 'specinterface_ln0' <Predicate = true> <Delay = 0.00>
ST_1 : Operation 26 [1/1] (1.21ns)   --->   "%write_ln0 = write void @_ssdm_op_Write.ap_fifo.i64P0A, i64 %arg1_b1_c, i64 %arg1_b1_read"   --->   Operation 26 'write' 'write_ln0' <Predicate = true> <Delay = 1.21> <CoreInst = "FIFO_SRL">   --->   Core 81 'FIFO_SRL' <Latency = 0> <II = 1> <Delay = 1.41> <Storage> <Opcode : 'read' 'write' 'nbread' 'nbwrite'> <Ports = 0> <Width = 64> <Depth = 3> <FIFO>
ST_1 : Operation 27 [1/1] (0.00ns)   --->   "%specinterface_ln0 = specinterface void @_ssdm_op_SpecInterface, i64 %arg1_b0_c, void @ap_fifo_str, i32 0, i32 0, void @p_str, i32 0, i32 0, void @p_str, void @p_str, void @p_str, i32 2, i32 2, i32 16, i32 16, void @p_str, void @ScalarProp_str, i32 4294967295, i32 0"   --->   Operation 27 'specinterface' 'specinterface_ln0' <Predicate = true> <Delay = 0.00>
ST_1 : Operation 28 [1/1] (1.21ns)   --->   "%write_ln0 = write void @_ssdm_op_Write.ap_fifo.i64P0A, i64 %arg1_b0_c, i64 %arg1_b0_read"   --->   Operation 28 'write' 'write_ln0' <Predicate = true> <Delay = 1.21> <CoreInst = "FIFO_SRL">   --->   Core 81 'FIFO_SRL' <Latency = 0> <II = 1> <Delay = 1.41> <Storage> <Opcode : 'read' 'write' 'nbread' 'nbwrite'> <Ports = 0> <Width = 64> <Depth = 3> <FIFO>
ST_1 : Operation 29 [1/1] (0.00ns)   --->   "%specinterface_ln0 = specinterface void @_ssdm_op_SpecInterface, i16 %memconfig_effective_tile_size_x_c119, void @ap_fifo_str, i32 0, i32 0, void @p_str, i32 0, i32 0, void @p_str, void @p_str, void @p_str, i32 2, i32 2, i32 16, i32 16, void @p_str, void @ScalarProp_str, i32 4294967295, i32 0"   --->   Operation 29 'specinterface' 'specinterface_ln0' <Predicate = true> <Delay = 0.00>
ST_1 : Operation 30 [1/1] (1.21ns)   --->   "%write_ln0 = write void @_ssdm_op_Write.ap_fifo.i16P0A, i16 %memconfig_effective_tile_size_x_c119, i16 %p_read25"   --->   Operation 30 'write' 'write_ln0' <Predicate = true> <Delay = 1.21> <CoreInst = "FIFO_SRL">   --->   Core 81 'FIFO_SRL' <Latency = 0> <II = 1> <Delay = 1.33> <Storage> <Opcode : 'read' 'write' 'nbread' 'nbwrite'> <Ports = 0> <Width = 16> <Depth = 3> <FIFO>
ST_1 : Operation 31 [1/1] (0.00ns)   --->   "%specinterface_ln0 = specinterface void @_ssdm_op_SpecInterface, i16 %memconfig_effective_tile_size_x_c118, void @ap_fifo_str, i32 0, i32 0, void @p_str, i32 0, i32 0, void @p_str, void @p_str, void @p_str, i32 2, i32 2, i32 16, i32 16, void @p_str, void @ScalarProp_str, i32 4294967295, i32 0"   --->   Operation 31 'specinterface' 'specinterface_ln0' <Predicate = true> <Delay = 0.00>
ST_1 : Operation 32 [1/1] (1.21ns)   --->   "%write_ln0 = write void @_ssdm_op_Write.ap_fifo.i16P0A, i16 %memconfig_effective_tile_size_x_c118, i16 %p_read25"   --->   Operation 32 'write' 'write_ln0' <Predicate = true> <Delay = 1.21> <CoreInst = "FIFO_SRL">   --->   Core 81 'FIFO_SRL' <Latency = 0> <II = 1> <Delay = 1.33> <Storage> <Opcode : 'read' 'write' 'nbread' 'nbwrite'> <Ports = 0> <Width = 16> <Depth = 3> <FIFO>
ST_1 : Operation 33 [1/1] (0.00ns)   --->   "%specinterface_ln0 = specinterface void @_ssdm_op_SpecInterface, i16 %memconfig_effective_tile_size_x_c117, void @ap_fifo_str, i32 0, i32 0, void @p_str, i32 0, i32 0, void @p_str, void @p_str, void @p_str, i32 2, i32 2, i32 16, i32 16, void @p_str, void @ScalarProp_str, i32 4294967295, i32 0"   --->   Operation 33 'specinterface' 'specinterface_ln0' <Predicate = true> <Delay = 0.00>
ST_1 : Operation 34 [1/1] (1.21ns)   --->   "%write_ln0 = write void @_ssdm_op_Write.ap_fifo.i16P0A, i16 %memconfig_effective_tile_size_x_c117, i16 %p_read25"   --->   Operation 34 'write' 'write_ln0' <Predicate = true> <Delay = 1.21> <CoreInst = "FIFO_SRL">   --->   Core 81 'FIFO_SRL' <Latency = 0> <II = 1> <Delay = 1.33> <Storage> <Opcode : 'read' 'write' 'nbread' 'nbwrite'> <Ports = 0> <Width = 16> <Depth = 3> <FIFO>
ST_1 : Operation 35 [1/1] (0.00ns)   --->   "%specinterface_ln0 = specinterface void @_ssdm_op_SpecInterface, i16 %memconfig_effective_tile_size_x_c, void @ap_fifo_str, i32 0, i32 0, void @p_str, i32 0, i32 0, void @p_str, void @p_str, void @p_str, i32 2, i32 2, i32 16, i32 16, void @p_str, void @ScalarProp_str, i32 4294967295, i32 0"   --->   Operation 35 'specinterface' 'specinterface_ln0' <Predicate = true> <Delay = 0.00>
ST_1 : Operation 36 [1/1] (1.21ns)   --->   "%write_ln0 = write void @_ssdm_op_Write.ap_fifo.i16P0A, i16 %memconfig_effective_tile_size_x_c, i16 %p_read25"   --->   Operation 36 'write' 'write_ln0' <Predicate = true> <Delay = 1.21> <CoreInst = "FIFO_SRL">   --->   Core 81 'FIFO_SRL' <Latency = 0> <II = 1> <Delay = 1.33> <Storage> <Opcode : 'read' 'write' 'nbread' 'nbwrite'> <Ports = 0> <Width = 16> <Depth = 3> <FIFO>
ST_1 : Operation 37 [1/1] (0.00ns)   --->   "%specinterface_ln0 = specinterface void @_ssdm_op_SpecInterface, i16 %memconfig_tile_overlap_size_x_c116, void @ap_fifo_str, i32 0, i32 0, void @p_str, i32 0, i32 0, void @p_str, void @p_str, void @p_str, i32 2, i32 2, i32 16, i32 16, void @p_str, void @ScalarProp_str, i32 4294967295, i32 0"   --->   Operation 37 'specinterface' 'specinterface_ln0' <Predicate = true> <Delay = 0.00>
ST_1 : Operation 38 [1/1] (1.21ns)   --->   "%write_ln0 = write void @_ssdm_op_Write.ap_fifo.i16P0A, i16 %memconfig_tile_overlap_size_x_c116, i16 %p_read14"   --->   Operation 38 'write' 'write_ln0' <Predicate = true> <Delay = 1.21> <CoreInst = "FIFO_SRL">   --->   Core 81 'FIFO_SRL' <Latency = 0> <II = 1> <Delay = 1.33> <Storage> <Opcode : 'read' 'write' 'nbread' 'nbwrite'> <Ports = 0> <Width = 16> <Depth = 3> <FIFO>
ST_1 : Operation 39 [1/1] (0.00ns)   --->   "%specinterface_ln0 = specinterface void @_ssdm_op_SpecInterface, i16 %memconfig_tile_overlap_size_x_c115, void @ap_fifo_str, i32 0, i32 0, void @p_str, i32 0, i32 0, void @p_str, void @p_str, void @p_str, i32 2, i32 2, i32 16, i32 16, void @p_str, void @ScalarProp_str, i32 4294967295, i32 0"   --->   Operation 39 'specinterface' 'specinterface_ln0' <Predicate = true> <Delay = 0.00>
ST_1 : Operation 40 [1/1] (1.21ns)   --->   "%write_ln0 = write void @_ssdm_op_Write.ap_fifo.i16P0A, i16 %memconfig_tile_overlap_size_x_c115, i16 %p_read14"   --->   Operation 40 'write' 'write_ln0' <Predicate = true> <Delay = 1.21> <CoreInst = "FIFO_SRL">   --->   Core 81 'FIFO_SRL' <Latency = 0> <II = 1> <Delay = 1.33> <Storage> <Opcode : 'read' 'write' 'nbread' 'nbwrite'> <Ports = 0> <Width = 16> <Depth = 3> <FIFO>
ST_1 : Operation 41 [1/1] (0.00ns)   --->   "%specinterface_ln0 = specinterface void @_ssdm_op_SpecInterface, i16 %memconfig_tile_overlap_size_x_c114, void @ap_fifo_str, i32 0, i32 0, void @p_str, i32 0, i32 0, void @p_str, void @p_str, void @p_str, i32 2, i32 2, i32 16, i32 16, void @p_str, void @ScalarProp_str, i32 4294967295, i32 0"   --->   Operation 41 'specinterface' 'specinterface_ln0' <Predicate = true> <Delay = 0.00>
ST_1 : Operation 42 [1/1] (1.21ns)   --->   "%write_ln0 = write void @_ssdm_op_Write.ap_fifo.i16P0A, i16 %memconfig_tile_overlap_size_x_c114, i16 %p_read14"   --->   Operation 42 'write' 'write_ln0' <Predicate = true> <Delay = 1.21> <CoreInst = "FIFO_SRL">   --->   Core 81 'FIFO_SRL' <Latency = 0> <II = 1> <Delay = 1.33> <Storage> <Opcode : 'read' 'write' 'nbread' 'nbwrite'> <Ports = 0> <Width = 16> <Depth = 3> <FIFO>
ST_1 : Operation 43 [1/1] (0.00ns)   --->   "%specinterface_ln0 = specinterface void @_ssdm_op_SpecInterface, i16 %memconfig_tile_overlap_size_x_c, void @ap_fifo_str, i32 0, i32 0, void @p_str, i32 0, i32 0, void @p_str, void @p_str, void @p_str, i32 2, i32 2, i32 16, i32 16, void @p_str, void @ScalarProp_str, i32 4294967295, i32 0"   --->   Operation 43 'specinterface' 'specinterface_ln0' <Predicate = true> <Delay = 0.00>
ST_1 : Operation 44 [1/1] (1.21ns)   --->   "%write_ln0 = write void @_ssdm_op_Write.ap_fifo.i16P0A, i16 %memconfig_tile_overlap_size_x_c, i16 %p_read14"   --->   Operation 44 'write' 'write_ln0' <Predicate = true> <Delay = 1.21> <CoreInst = "FIFO_SRL">   --->   Core 81 'FIFO_SRL' <Latency = 0> <II = 1> <Delay = 1.33> <Storage> <Opcode : 'read' 'write' 'nbread' 'nbwrite'> <Ports = 0> <Width = 16> <Depth = 3> <FIFO>
ST_1 : Operation 45 [1/1] (0.00ns)   --->   "%specinterface_ln0 = specinterface void @_ssdm_op_SpecInterface, i13 %memconfig_grid_xblocks_c92, void @ap_fifo_str, i32 0, i32 0, void @p_str, i32 0, i32 0, void @p_str, void @p_str, void @p_str, i32 2, i32 2, i32 16, i32 16, void @p_str, void @ScalarProp_str, i32 4294967295, i32 0"   --->   Operation 45 'specinterface' 'specinterface_ln0' <Predicate = true> <Delay = 0.00>
ST_1 : Operation 46 [1/1] (1.21ns)   --->   "%write_ln0 = write void @_ssdm_op_Write.ap_fifo.i13P0A, i13 %memconfig_grid_xblocks_c92, i13 %p_read_19"   --->   Operation 46 'write' 'write_ln0' <Predicate = true> <Delay = 1.21> <CoreInst = "FIFO_SRL">   --->   Core 81 'FIFO_SRL' <Latency = 0> <II = 1> <Delay = 1.33> <Storage> <Opcode : 'read' 'write' 'nbread' 'nbwrite'> <Ports = 0> <Width = 13> <Depth = 3> <FIFO>
ST_1 : Operation 47 [1/1] (0.00ns)   --->   "%specinterface_ln0 = specinterface void @_ssdm_op_SpecInterface, i13 %memconfig_grid_xblocks_c91, void @ap_fifo_str, i32 0, i32 0, void @p_str, i32 0, i32 0, void @p_str, void @p_str, void @p_str, i32 2, i32 2, i32 16, i32 16, void @p_str, void @ScalarProp_str, i32 4294967295, i32 0"   --->   Operation 47 'specinterface' 'specinterface_ln0' <Predicate = true> <Delay = 0.00>
ST_1 : Operation 48 [1/1] (1.21ns)   --->   "%write_ln0 = write void @_ssdm_op_Write.ap_fifo.i13P0A, i13 %memconfig_grid_xblocks_c91, i13 %p_read_19"   --->   Operation 48 'write' 'write_ln0' <Predicate = true> <Delay = 1.21> <CoreInst = "FIFO_SRL">   --->   Core 81 'FIFO_SRL' <Latency = 0> <II = 1> <Delay = 1.33> <Storage> <Opcode : 'read' 'write' 'nbread' 'nbwrite'> <Ports = 0> <Width = 13> <Depth = 3> <FIFO>
ST_1 : Operation 49 [1/1] (0.00ns)   --->   "%specinterface_ln0 = specinterface void @_ssdm_op_SpecInterface, i13 %memconfig_grid_xblocks_c90, void @ap_fifo_str, i32 0, i32 0, void @p_str, i32 0, i32 0, void @p_str, void @p_str, void @p_str, i32 2, i32 2, i32 16, i32 16, void @p_str, void @ScalarProp_str, i32 4294967295, i32 0"   --->   Operation 49 'specinterface' 'specinterface_ln0' <Predicate = true> <Delay = 0.00>
ST_1 : Operation 50 [1/1] (1.21ns)   --->   "%write_ln0 = write void @_ssdm_op_Write.ap_fifo.i13P0A, i13 %memconfig_grid_xblocks_c90, i13 %p_read_19"   --->   Operation 50 'write' 'write_ln0' <Predicate = true> <Delay = 1.21> <CoreInst = "FIFO_SRL">   --->   Core 81 'FIFO_SRL' <Latency = 0> <II = 1> <Delay = 1.33> <Storage> <Opcode : 'read' 'write' 'nbread' 'nbwrite'> <Ports = 0> <Width = 13> <Depth = 3> <FIFO>
ST_1 : Operation 51 [1/1] (0.00ns)   --->   "%specinterface_ln0 = specinterface void @_ssdm_op_SpecInterface, i13 %memconfig_grid_xblocks_c, void @ap_fifo_str, i32 0, i32 0, void @p_str, i32 0, i32 0, void @p_str, void @p_str, void @p_str, i32 2, i32 2, i32 16, i32 16, void @p_str, void @ScalarProp_str, i32 4294967295, i32 0"   --->   Operation 51 'specinterface' 'specinterface_ln0' <Predicate = true> <Delay = 0.00>
ST_1 : Operation 52 [1/1] (1.21ns)   --->   "%write_ln0 = write void @_ssdm_op_Write.ap_fifo.i13P0A, i13 %memconfig_grid_xblocks_c, i13 %p_read_19"   --->   Operation 52 'write' 'write_ln0' <Predicate = true> <Delay = 1.21> <CoreInst = "FIFO_SRL">   --->   Core 81 'FIFO_SRL' <Latency = 0> <II = 1> <Delay = 1.33> <Storage> <Opcode : 'read' 'write' 'nbread' 'nbwrite'> <Ports = 0> <Width = 13> <Depth = 3> <FIFO>
ST_1 : Operation 53 [1/1] (0.00ns)   --->   "%ret_ln0 = ret"   --->   Operation 53 'ret' 'ret_ln0' <Predicate = true> <Delay = 0.00>


============================================================
+ Verbose Summary: Binding
============================================================
STG Binding: 
---------------- STG Properties BEGIN ----------------
- Is combinational: 0
- Is one-state seq: 1
- Is datapath-only: 0
- Is pipelined: 0
- Is top level: 0
Port [ Return ] is wired: 1; IO mode=ap_ctrl_hs:ce=0
Port [ p_read]:  wired=1; compound=0; hidden=0; nouse=0; global=0; static=0; extern=0; dir=0; type=0; pingpong=0; private_global=0; IO mode=ap_none:ce=0
Port [ memconfig_grid_xblocks_c]:  wired=1; compound=1; hidden=0; nouse=0; global=0; static=0; extern=0; dir=1; type=3; pingpong=0; private_global=0; IO mode=ap_fifo:ce=0
Port [ memconfig_grid_xblocks_c90]:  wired=1; compound=1; hidden=0; nouse=0; global=0; static=0; extern=0; dir=1; type=3; pingpong=0; private_global=0; IO mode=ap_fifo:ce=0
Port [ memconfig_grid_xblocks_c91]:  wired=1; compound=1; hidden=0; nouse=0; global=0; static=0; extern=0; dir=1; type=3; pingpong=0; private_global=0; IO mode=ap_fifo:ce=0
Port [ memconfig_grid_xblocks_c92]:  wired=1; compound=1; hidden=0; nouse=0; global=0; static=0; extern=0; dir=1; type=3; pingpong=0; private_global=0; IO mode=ap_fifo:ce=0
Port [ p_read1]:  wired=1; compound=0; hidden=0; nouse=0; global=0; static=0; extern=0; dir=0; type=0; pingpong=0; private_global=0; IO mode=ap_none:ce=0
Port [ memconfig_tile_overlap_size_x_c]:  wired=1; compound=1; hidden=0; nouse=0; global=0; static=0; extern=0; dir=1; type=3; pingpong=0; private_global=0; IO mode=ap_fifo:ce=0
Port [ memconfig_tile_overlap_size_x_c114]:  wired=1; compound=1; hidden=0; nouse=0; global=0; static=0; extern=0; dir=1; type=3; pingpong=0; private_global=0; IO mode=ap_fifo:ce=0
Port [ memconfig_tile_overlap_size_x_c115]:  wired=1; compound=1; hidden=0; nouse=0; global=0; static=0; extern=0; dir=1; type=3; pingpong=0; private_global=0; IO mode=ap_fifo:ce=0
Port [ memconfig_tile_overlap_size_x_c116]:  wired=1; compound=1; hidden=0; nouse=0; global=0; static=0; extern=0; dir=1; type=3; pingpong=0; private_global=0; IO mode=ap_fifo:ce=0
Port [ p_read2]:  wired=1; compound=0; hidden=0; nouse=0; global=0; static=0; extern=0; dir=0; type=0; pingpong=0; private_global=0; IO mode=ap_none:ce=0
Port [ memconfig_effective_tile_size_x_c]:  wired=1; compound=1; hidden=0; nouse=0; global=0; static=0; extern=0; dir=1; type=3; pingpong=0; private_global=0; IO mode=ap_fifo:ce=0
Port [ memconfig_effective_tile_size_x_c117]:  wired=1; compound=1; hidden=0; nouse=0; global=0; static=0; extern=0; dir=1; type=3; pingpong=0; private_global=0; IO mode=ap_fifo:ce=0
Port [ memconfig_effective_tile_size_x_c118]:  wired=1; compound=1; hidden=0; nouse=0; global=0; static=0; extern=0; dir=1; type=3; pingpong=0; private_global=0; IO mode=ap_fifo:ce=0
Port [ memconfig_effective_tile_size_x_c119]:  wired=1; compound=1; hidden=0; nouse=0; global=0; static=0; extern=0; dir=1; type=3; pingpong=0; private_global=0; IO mode=ap_fifo:ce=0
Port [ arg1_b0]:  wired=1; compound=0; hidden=0; nouse=0; global=0; static=0; extern=0; dir=0; type=0; pingpong=0; private_global=0; IO mode=ap_none:ce=0
Port [ arg1_b0_c]:  wired=1; compound=1; hidden=0; nouse=0; global=0; static=0; extern=0; dir=1; type=3; pingpong=0; private_global=0; IO mode=ap_fifo:ce=0
Port [ arg1_b1]:  wired=1; compound=0; hidden=0; nouse=0; global=0; static=0; extern=0; dir=0; type=0; pingpong=0; private_global=0; IO mode=ap_none:ce=0
Port [ arg1_b1_c]:  wired=1; compound=1; hidden=0; nouse=0; global=0; static=0; extern=0; dir=1; type=3; pingpong=0; private_global=0; IO mode=ap_fifo:ce=0
Port [ arg1_b2]:  wired=1; compound=0; hidden=0; nouse=0; global=0; static=0; extern=0; dir=0; type=0; pingpong=0; private_global=0; IO mode=ap_none:ce=0
Port [ arg1_b2_c]:  wired=1; compound=1; hidden=0; nouse=0; global=0; static=0; extern=0; dir=1; type=3; pingpong=0; private_global=0; IO mode=ap_fifo:ce=0
Port [ arg1_b3]:  wired=1; compound=0; hidden=0; nouse=0; global=0; static=0; extern=0; dir=0; type=0; pingpong=0; private_global=0; IO mode=ap_none:ce=0
Port [ arg1_b3_c]:  wired=1; compound=1; hidden=0; nouse=0; global=0; static=0; extern=0; dir=1; type=3; pingpong=0; private_global=0; IO mode=ap_fifo:ce=0
Port [ arg1_b4]:  wired=1; compound=0; hidden=0; nouse=0; global=0; static=0; extern=0; dir=0; type=0; pingpong=0; private_global=0; IO mode=ap_none:ce=0
Port [ arg1_b4_c]:  wired=1; compound=1; hidden=0; nouse=0; global=0; static=0; extern=0; dir=1; type=3; pingpong=0; private_global=0; IO mode=ap_fifo:ce=0
Port [ arg1_b5]:  wired=1; compound=0; hidden=0; nouse=0; global=0; static=0; extern=0; dir=0; type=0; pingpong=0; private_global=0; IO mode=ap_none:ce=0
Port [ arg1_b5_c]:  wired=1; compound=1; hidden=0; nouse=0; global=0; static=0; extern=0; dir=1; type=3; pingpong=0; private_global=0; IO mode=ap_fifo:ce=0
Port [ arg1_b6]:  wired=1; compound=0; hidden=0; nouse=0; global=0; static=0; extern=0; dir=0; type=0; pingpong=0; private_global=0; IO mode=ap_none:ce=0
Port [ arg1_b6_c]:  wired=1; compound=1; hidden=0; nouse=0; global=0; static=0; extern=0; dir=1; type=3; pingpong=0; private_global=0; IO mode=ap_fifo:ce=0
Port [ arg1_b7]:  wired=1; compound=0; hidden=0; nouse=0; global=0; static=0; extern=0; dir=0; type=0; pingpong=0; private_global=0; IO mode=ap_none:ce=0
Port [ arg1_b7_c]:  wired=1; compound=1; hidden=0; nouse=0; global=0; static=0; extern=0; dir=1; type=3; pingpong=0; private_global=0; IO mode=ap_fifo:ce=0
---------------- STG Properties END ------------------

---------------- Datapath Model BEGIN ----------------

<LifeTime>
<method=bitvector/>
specinterface_ln0 (specinterface) [ 00]
arg1_b7_read      (read         ) [ 00]
arg1_b6_read      (read         ) [ 00]
arg1_b5_read      (read         ) [ 00]
arg1_b4_read      (read         ) [ 00]
arg1_b3_read      (read         ) [ 00]
arg1_b2_read      (read         ) [ 00]
arg1_b1_read      (read         ) [ 00]
arg1_b0_read      (read         ) [ 00]
p_read25          (read         ) [ 00]
p_read14          (read         ) [ 00]
p_read_19         (read         ) [ 00]
write_ln0         (write        ) [ 00]
specinterface_ln0 (specinterface) [ 00]
write_ln0         (write        ) [ 00]
specinterface_ln0 (specinterface) [ 00]
write_ln0         (write        ) [ 00]
specinterface_ln0 (specinterface) [ 00]
write_ln0         (write        ) [ 00]
specinterface_ln0 (specinterface) [ 00]
write_ln0         (write        ) [ 00]
specinterface_ln0 (specinterface) [ 00]
write_ln0         (write        ) [ 00]
specinterface_ln0 (specinterface) [ 00]
write_ln0         (write        ) [ 00]
specinterface_ln0 (specinterface) [ 00]
write_ln0         (write        ) [ 00]
specinterface_ln0 (specinterface) [ 00]
write_ln0         (write        ) [ 00]
specinterface_ln0 (specinterface) [ 00]
write_ln0         (write        ) [ 00]
specinterface_ln0 (specinterface) [ 00]
write_ln0         (write        ) [ 00]
specinterface_ln0 (specinterface) [ 00]
write_ln0         (write        ) [ 00]
specinterface_ln0 (specinterface) [ 00]
write_ln0         (write        ) [ 00]
specinterface_ln0 (specinterface) [ 00]
write_ln0         (write        ) [ 00]
specinterface_ln0 (specinterface) [ 00]
write_ln0         (write        ) [ 00]
specinterface_ln0 (specinterface) [ 00]
write_ln0         (write        ) [ 00]
specinterface_ln0 (specinterface) [ 00]
write_ln0         (write        ) [ 00]
specinterface_ln0 (specinterface) [ 00]
write_ln0         (write        ) [ 00]
specinterface_ln0 (specinterface) [ 00]
write_ln0         (write        ) [ 00]
specinterface_ln0 (specinterface) [ 00]
write_ln0         (write        ) [ 00]
ret_ln0           (ret          ) [ 00]
</LifeTime>

<model>

<comp_list>
<comp id="0" class="1000" name="p_read">
<pin_list>
<pin id="1" dir="1" index="0" bw="1" slack="0"/>
</pin_list>
<bind>
<StgValue><ssdm name="p_read"/></StgValue>
</bind>
</comp>

<comp id="2" class="1000" name="memconfig_grid_xblocks_c">
<pin_list>
<pin id="3" dir="1" index="0" bw="1" slack="0"/>
</pin_list>
<bind>
<StgValue><ssdm name="memconfig_grid_xblocks_c"/></StgValue>
</bind>
</comp>

<comp id="4" class="1000" name="memconfig_grid_xblocks_c90">
<pin_list>
<pin id="5" dir="1" index="0" bw="1" slack="0"/>
</pin_list>
<bind>
<StgValue><ssdm name="memconfig_grid_xblocks_c90"/></StgValue>
</bind>
</comp>

<comp id="6" class="1000" name="memconfig_grid_xblocks_c91">
<pin_list>
<pin id="7" dir="1" index="0" bw="1" slack="0"/>
</pin_list>
<bind>
<StgValue><ssdm name="memconfig_grid_xblocks_c91"/></StgValue>
</bind>
</comp>

<comp id="8" class="1000" name="memconfig_grid_xblocks_c92">
<pin_list>
<pin id="9" dir="1" index="0" bw="1" slack="0"/>
</pin_list>
<bind>
<StgValue><ssdm name="memconfig_grid_xblocks_c92"/></StgValue>
</bind>
</comp>

<comp id="10" class="1000" name="p_read1">
<pin_list>
<pin id="11" dir="1" index="0" bw="1" slack="0"/>
</pin_list>
<bind>
<StgValue><ssdm name="p_read1"/></StgValue>
</bind>
</comp>

<comp id="12" class="1000" name="memconfig_tile_overlap_size_x_c">
<pin_list>
<pin id="13" dir="1" index="0" bw="1" slack="0"/>
</pin_list>
<bind>
<StgValue><ssdm name="memconfig_tile_overlap_size_x_c"/></StgValue>
</bind>
</comp>

<comp id="14" class="1000" name="memconfig_tile_overlap_size_x_c114">
<pin_list>
<pin id="15" dir="1" index="0" bw="1" slack="0"/>
</pin_list>
<bind>
<StgValue><ssdm name="memconfig_tile_overlap_size_x_c114"/></StgValue>
</bind>
</comp>

<comp id="16" class="1000" name="memconfig_tile_overlap_size_x_c115">
<pin_list>
<pin id="17" dir="1" index="0" bw="1" slack="0"/>
</pin_list>
<bind>
<StgValue><ssdm name="memconfig_tile_overlap_size_x_c115"/></StgValue>
</bind>
</comp>

<comp id="18" class="1000" name="memconfig_tile_overlap_size_x_c116">
<pin_list>
<pin id="19" dir="1" index="0" bw="1" slack="0"/>
</pin_list>
<bind>
<StgValue><ssdm name="memconfig_tile_overlap_size_x_c116"/></StgValue>
</bind>
</comp>

<comp id="20" class="1000" name="p_read2">
<pin_list>
<pin id="21" dir="1" index="0" bw="1" slack="0"/>
</pin_list>
<bind>
<StgValue><ssdm name="p_read2"/></StgValue>
</bind>
</comp>

<comp id="22" class="1000" name="memconfig_effective_tile_size_x_c">
<pin_list>
<pin id="23" dir="1" index="0" bw="1" slack="0"/>
</pin_list>
<bind>
<StgValue><ssdm name="memconfig_effective_tile_size_x_c"/></StgValue>
</bind>
</comp>

<comp id="24" class="1000" name="memconfig_effective_tile_size_x_c117">
<pin_list>
<pin id="25" dir="1" index="0" bw="1" slack="0"/>
</pin_list>
<bind>
<StgValue><ssdm name="memconfig_effective_tile_size_x_c117"/></StgValue>
</bind>
</comp>

<comp id="26" class="1000" name="memconfig_effective_tile_size_x_c118">
<pin_list>
<pin id="27" dir="1" index="0" bw="1" slack="0"/>
</pin_list>
<bind>
<StgValue><ssdm name="memconfig_effective_tile_size_x_c118"/></StgValue>
</bind>
</comp>

<comp id="28" class="1000" name="memconfig_effective_tile_size_x_c119">
<pin_list>
<pin id="29" dir="1" index="0" bw="1" slack="0"/>
</pin_list>
<bind>
<StgValue><ssdm name="memconfig_effective_tile_size_x_c119"/></StgValue>
</bind>
</comp>

<comp id="30" class="1000" name="arg1_b0">
<pin_list>
<pin id="31" dir="1" index="0" bw="1" slack="0"/>
</pin_list>
<bind>
<StgValue><ssdm name="arg1_b0"/></StgValue>
</bind>
</comp>

<comp id="32" class="1000" name="arg1_b0_c">
<pin_list>
<pin id="33" dir="1" index="0" bw="1" slack="0"/>
</pin_list>
<bind>
<StgValue><ssdm name="arg1_b0_c"/></StgValue>
</bind>
</comp>

<comp id="34" class="1000" name="arg1_b1">
<pin_list>
<pin id="35" dir="1" index="0" bw="1" slack="0"/>
</pin_list>
<bind>
<StgValue><ssdm name="arg1_b1"/></StgValue>
</bind>
</comp>

<comp id="36" class="1000" name="arg1_b1_c">
<pin_list>
<pin id="37" dir="1" index="0" bw="1" slack="0"/>
</pin_list>
<bind>
<StgValue><ssdm name="arg1_b1_c"/></StgValue>
</bind>
</comp>

<comp id="38" class="1000" name="arg1_b2">
<pin_list>
<pin id="39" dir="1" index="0" bw="1" slack="0"/>
</pin_list>
<bind>
<StgValue><ssdm name="arg1_b2"/></StgValue>
</bind>
</comp>

<comp id="40" class="1000" name="arg1_b2_c">
<pin_list>
<pin id="41" dir="1" index="0" bw="1" slack="0"/>
</pin_list>
<bind>
<StgValue><ssdm name="arg1_b2_c"/></StgValue>
</bind>
</comp>

<comp id="42" class="1000" name="arg1_b3">
<pin_list>
<pin id="43" dir="1" index="0" bw="1" slack="0"/>
</pin_list>
<bind>
<StgValue><ssdm name="arg1_b3"/></StgValue>
</bind>
</comp>

<comp id="44" class="1000" name="arg1_b3_c">
<pin_list>
<pin id="45" dir="1" index="0" bw="1" slack="0"/>
</pin_list>
<bind>
<StgValue><ssdm name="arg1_b3_c"/></StgValue>
</bind>
</comp>

<comp id="46" class="1000" name="arg1_b4">
<pin_list>
<pin id="47" dir="1" index="0" bw="1" slack="0"/>
</pin_list>
<bind>
<StgValue><ssdm name="arg1_b4"/></StgValue>
</bind>
</comp>

<comp id="48" class="1000" name="arg1_b4_c">
<pin_list>
<pin id="49" dir="1" index="0" bw="1" slack="0"/>
</pin_list>
<bind>
<StgValue><ssdm name="arg1_b4_c"/></StgValue>
</bind>
</comp>

<comp id="50" class="1000" name="arg1_b5">
<pin_list>
<pin id="51" dir="1" index="0" bw="1" slack="0"/>
</pin_list>
<bind>
<StgValue><ssdm name="arg1_b5"/></StgValue>
</bind>
</comp>

<comp id="52" class="1000" name="arg1_b5_c">
<pin_list>
<pin id="53" dir="1" index="0" bw="1" slack="0"/>
</pin_list>
<bind>
<StgValue><ssdm name="arg1_b5_c"/></StgValue>
</bind>
</comp>

<comp id="54" class="1000" name="arg1_b6">
<pin_list>
<pin id="55" dir="1" index="0" bw="1" slack="0"/>
</pin_list>
<bind>
<StgValue><ssdm name="arg1_b6"/></StgValue>
</bind>
</comp>

<comp id="56" class="1000" name="arg1_b6_c">
<pin_list>
<pin id="57" dir="1" index="0" bw="1" slack="0"/>
</pin_list>
<bind>
<StgValue><ssdm name="arg1_b6_c"/></StgValue>
</bind>
</comp>

<comp id="58" class="1000" name="arg1_b7">
<pin_list>
<pin id="59" dir="1" index="0" bw="1" slack="0"/>
</pin_list>
<bind>
<StgValue><ssdm name="arg1_b7"/></StgValue>
</bind>
</comp>

<comp id="60" class="1000" name="arg1_b7_c">
<pin_list>
<pin id="61" dir="1" index="0" bw="1" slack="0"/>
</pin_list>
<bind>
<StgValue><ssdm name="arg1_b7_c"/></StgValue>
</bind>
</comp>

<comp id="62" class="1001" name="const_62">
<pin_list>
<pin id="63" dir="1" index="0" bw="1" slack="2147483647"/>
</pin_list>
<bind>
<StgValue><ssdm name="_ssdm_op_SpecInterface"/></StgValue>
</bind>
</comp>

<comp id="64" class="1001" name="const_64">
<pin_list>
<pin id="65" dir="1" index="0" bw="1" slack="2147483647"/>
</pin_list>
<bind>
<StgValue><ssdm name="ap_fifo_str"/></StgValue>
</bind>
</comp>

<comp id="66" class="1001" name="const_66">
<pin_list>
<pin id="67" dir="1" index="0" bw="1" slack="2147483647"/>
</pin_list>
<bind>
<StgValue><ssdm name=""/></StgValue>
</bind>
</comp>

<comp id="68" class="1001" name="const_68">
<pin_list>
<pin id="69" dir="1" index="0" bw="1" slack="2147483647"/>
</pin_list>
<bind>
<StgValue><ssdm name="p_str"/></StgValue>
</bind>
</comp>

<comp id="70" class="1001" name="const_70">
<pin_list>
<pin id="71" dir="1" index="0" bw="1" slack="2147483647"/>
</pin_list>
<bind>
<StgValue><ssdm name=""/></StgValue>
</bind>
</comp>

<comp id="72" class="1001" name="const_72">
<pin_list>
<pin id="73" dir="1" index="0" bw="1" slack="2147483647"/>
</pin_list>
<bind>
<StgValue><ssdm name=""/></StgValue>
</bind>
</comp>

<comp id="74" class="1001" name="const_74">
<pin_list>
<pin id="75" dir="1" index="0" bw="1" slack="2147483647"/>
</pin_list>
<bind>
<StgValue><ssdm name="ScalarProp_str"/></StgValue>
</bind>
</comp>

<comp id="76" class="1001" name="const_76">
<pin_list>
<pin id="77" dir="1" index="0" bw="1" slack="2147483647"/>
</pin_list>
<bind>
<StgValue><ssdm name=""/></StgValue>
</bind>
</comp>

<comp id="78" class="1001" name="const_78">
<pin_list>
<pin id="79" dir="1" index="0" bw="1" slack="0"/>
</pin_list>
<bind>
<StgValue><ssdm name="_ssdm_op_Read.ap_auto.i64"/></StgValue>
</bind>
</comp>

<comp id="80" class="1001" name="const_80">
<pin_list>
<pin id="81" dir="1" index="0" bw="1" slack="0"/>
</pin_list>
<bind>
<StgValue><ssdm name="_ssdm_op_Read.ap_auto.i16"/></StgValue>
</bind>
</comp>

<comp id="82" class="1001" name="const_82">
<pin_list>
<pin id="83" dir="1" index="0" bw="1" slack="0"/>
</pin_list>
<bind>
<StgValue><ssdm name="_ssdm_op_Read.ap_auto.i13"/></StgValue>
</bind>
</comp>

<comp id="84" class="1001" name="const_84">
<pin_list>
<pin id="85" dir="1" index="0" bw="1" slack="0"/>
</pin_list>
<bind>
<StgValue><ssdm name="_ssdm_op_Write.ap_fifo.i64P0A"/></StgValue>
</bind>
</comp>

<comp id="86" class="1001" name="const_86">
<pin_list>
<pin id="87" dir="1" index="0" bw="1" slack="0"/>
</pin_list>
<bind>
<StgValue><ssdm name="_ssdm_op_Write.ap_fifo.i16P0A"/></StgValue>
</bind>
</comp>

<comp id="88" class="1001" name="const_88">
<pin_list>
<pin id="89" dir="1" index="0" bw="1" slack="0"/>
</pin_list>
<bind>
<StgValue><ssdm name="_ssdm_op_Write.ap_fifo.i13P0A"/></StgValue>
</bind>
</comp>

<comp id="90" class="1004" name="arg1_b7_read_read_fu_90">
<pin_list>
<pin id="91" dir="0" index="0" bw="64" slack="0"/>
<pin id="92" dir="0" index="1" bw="64" slack="0"/>
<pin id="93" dir="1" index="2" bw="64" slack="0"/>
</pin_list>
<bind>
<opcode="read(1150) " fcode="read"/>
<opset="arg1_b7_read/1 "/>
</bind>
</comp>

<comp id="96" class="1004" name="arg1_b6_read_read_fu_96">
<pin_list>
<pin id="97" dir="0" index="0" bw="64" slack="0"/>
<pin id="98" dir="0" index="1" bw="64" slack="0"/>
<pin id="99" dir="1" index="2" bw="64" slack="0"/>
</pin_list>
<bind>
<opcode="read(1150) " fcode="read"/>
<opset="arg1_b6_read/1 "/>
</bind>
</comp>

<comp id="102" class="1004" name="arg1_b5_read_read_fu_102">
<pin_list>
<pin id="103" dir="0" index="0" bw="64" slack="0"/>
<pin id="104" dir="0" index="1" bw="64" slack="0"/>
<pin id="105" dir="1" index="2" bw="64" slack="0"/>
</pin_list>
<bind>
<opcode="read(1150) " fcode="read"/>
<opset="arg1_b5_read/1 "/>
</bind>
</comp>

<comp id="108" class="1004" name="arg1_b4_read_read_fu_108">
<pin_list>
<pin id="109" dir="0" index="0" bw="64" slack="0"/>
<pin id="110" dir="0" index="1" bw="64" slack="0"/>
<pin id="111" dir="1" index="2" bw="64" slack="0"/>
</pin_list>
<bind>
<opcode="read(1150) " fcode="read"/>
<opset="arg1_b4_read/1 "/>
</bind>
</comp>

<comp id="114" class="1004" name="arg1_b3_read_read_fu_114">
<pin_list>
<pin id="115" dir="0" index="0" bw="64" slack="0"/>
<pin id="116" dir="0" index="1" bw="64" slack="0"/>
<pin id="117" dir="1" index="2" bw="64" slack="0"/>
</pin_list>
<bind>
<opcode="read(1150) " fcode="read"/>
<opset="arg1_b3_read/1 "/>
</bind>
</comp>

<comp id="120" class="1004" name="arg1_b2_read_read_fu_120">
<pin_list>
<pin id="121" dir="0" index="0" bw="64" slack="0"/>
<pin id="122" dir="0" index="1" bw="64" slack="0"/>
<pin id="123" dir="1" index="2" bw="64" slack="0"/>
</pin_list>
<bind>
<opcode="read(1150) " fcode="read"/>
<opset="arg1_b2_read/1 "/>
</bind>
</comp>

<comp id="126" class="1004" name="arg1_b1_read_read_fu_126">
<pin_list>
<pin id="127" dir="0" index="0" bw="64" slack="0"/>
<pin id="128" dir="0" index="1" bw="64" slack="0"/>
<pin id="129" dir="1" index="2" bw="64" slack="0"/>
</pin_list>
<bind>
<opcode="read(1150) " fcode="read"/>
<opset="arg1_b1_read/1 "/>
</bind>
</comp>

<comp id="132" class="1004" name="arg1_b0_read_read_fu_132">
<pin_list>
<pin id="133" dir="0" index="0" bw="64" slack="0"/>
<pin id="134" dir="0" index="1" bw="64" slack="0"/>
<pin id="135" dir="1" index="2" bw="64" slack="0"/>
</pin_list>
<bind>
<opcode="read(1150) " fcode="read"/>
<opset="arg1_b0_read/1 "/>
</bind>
</comp>

<comp id="138" class="1004" name="p_read25_read_fu_138">
<pin_list>
<pin id="139" dir="0" index="0" bw="16" slack="0"/>
<pin id="140" dir="0" index="1" bw="16" slack="0"/>
<pin id="141" dir="1" index="2" bw="16" slack="0"/>
</pin_list>
<bind>
<opcode="read(1150) " fcode="read"/>
<opset="p_read25/1 "/>
</bind>
</comp>

<comp id="144" class="1004" name="p_read14_read_fu_144">
<pin_list>
<pin id="145" dir="0" index="0" bw="16" slack="0"/>
<pin id="146" dir="0" index="1" bw="16" slack="0"/>
<pin id="147" dir="1" index="2" bw="16" slack="0"/>
</pin_list>
<bind>
<opcode="read(1150) " fcode="read"/>
<opset="p_read14/1 "/>
</bind>
</comp>

<comp id="150" class="1004" name="p_read_19_read_fu_150">
<pin_list>
<pin id="151" dir="0" index="0" bw="13" slack="0"/>
<pin id="152" dir="0" index="1" bw="13" slack="0"/>
<pin id="153" dir="1" index="2" bw="13" slack="0"/>
</pin_list>
<bind>
<opcode="read(1150) " fcode="read"/>
<opset="p_read_19/1 "/>
</bind>
</comp>

<comp id="156" class="1004" name="write_ln0_write_fu_156">
<pin_list>
<pin id="157" dir="0" index="0" bw="0" slack="0"/>
<pin id="158" dir="0" index="1" bw="64" slack="0"/>
<pin id="159" dir="0" index="2" bw="64" slack="0"/>
<pin id="160" dir="1" index="3" bw="0" slack="2147483647"/>
</pin_list>
<bind>
<opcode="write(1151) " fcode="write"/>
<opset="write_ln0/1 "/>
</bind>
</comp>

<comp id="164" class="1004" name="write_ln0_write_fu_164">
<pin_list>
<pin id="165" dir="0" index="0" bw="0" slack="0"/>
<pin id="166" dir="0" index="1" bw="64" slack="0"/>
<pin id="167" dir="0" index="2" bw="64" slack="0"/>
<pin id="168" dir="1" index="3" bw="0" slack="2147483647"/>
</pin_list>
<bind>
<opcode="write(1151) " fcode="write"/>
<opset="write_ln0/1 "/>
</bind>
</comp>

<comp id="172" class="1004" name="write_ln0_write_fu_172">
<pin_list>
<pin id="173" dir="0" index="0" bw="0" slack="0"/>
<pin id="174" dir="0" index="1" bw="64" slack="0"/>
<pin id="175" dir="0" index="2" bw="64" slack="0"/>
<pin id="176" dir="1" index="3" bw="0" slack="2147483647"/>
</pin_list>
<bind>
<opcode="write(1151) " fcode="write"/>
<opset="write_ln0/1 "/>
</bind>
</comp>

<comp id="180" class="1004" name="write_ln0_write_fu_180">
<pin_list>
<pin id="181" dir="0" index="0" bw="0" slack="0"/>
<pin id="182" dir="0" index="1" bw="64" slack="0"/>
<pin id="183" dir="0" index="2" bw="64" slack="0"/>
<pin id="184" dir="1" index="3" bw="0" slack="2147483647"/>
</pin_list>
<bind>
<opcode="write(1151) " fcode="write"/>
<opset="write_ln0/1 "/>
</bind>
</comp>

<comp id="188" class="1004" name="write_ln0_write_fu_188">
<pin_list>
<pin id="189" dir="0" index="0" bw="0" slack="0"/>
<pin id="190" dir="0" index="1" bw="64" slack="0"/>
<pin id="191" dir="0" index="2" bw="64" slack="0"/>
<pin id="192" dir="1" index="3" bw="0" slack="2147483647"/>
</pin_list>
<bind>
<opcode="write(1151) " fcode="write"/>
<opset="write_ln0/1 "/>
</bind>
</comp>

<comp id="196" class="1004" name="write_ln0_write_fu_196">
<pin_list>
<pin id="197" dir="0" index="0" bw="0" slack="0"/>
<pin id="198" dir="0" index="1" bw="64" slack="0"/>
<pin id="199" dir="0" index="2" bw="64" slack="0"/>
<pin id="200" dir="1" index="3" bw="0" slack="2147483647"/>
</pin_list>
<bind>
<opcode="write(1151) " fcode="write"/>
<opset="write_ln0/1 "/>
</bind>
</comp>

<comp id="204" class="1004" name="write_ln0_write_fu_204">
<pin_list>
<pin id="205" dir="0" index="0" bw="0" slack="0"/>
<pin id="206" dir="0" index="1" bw="64" slack="0"/>
<pin id="207" dir="0" index="2" bw="64" slack="0"/>
<pin id="208" dir="1" index="3" bw="0" slack="2147483647"/>
</pin_list>
<bind>
<opcode="write(1151) " fcode="write"/>
<opset="write_ln0/1 "/>
</bind>
</comp>

<comp id="212" class="1004" name="write_ln0_write_fu_212">
<pin_list>
<pin id="213" dir="0" index="0" bw="0" slack="0"/>
<pin id="214" dir="0" index="1" bw="64" slack="0"/>
<pin id="215" dir="0" index="2" bw="64" slack="0"/>
<pin id="216" dir="1" index="3" bw="0" slack="2147483647"/>
</pin_list>
<bind>
<opcode="write(1151) " fcode="write"/>
<opset="write_ln0/1 "/>
</bind>
</comp>

<comp id="220" class="1004" name="write_ln0_write_fu_220">
<pin_list>
<pin id="221" dir="0" index="0" bw="0" slack="0"/>
<pin id="222" dir="0" index="1" bw="16" slack="0"/>
<pin id="223" dir="0" index="2" bw="16" slack="0"/>
<pin id="224" dir="1" index="3" bw="0" slack="2147483647"/>
</pin_list>
<bind>
<opcode="write(1151) " fcode="write"/>
<opset="write_ln0/1 "/>
</bind>
</comp>

<comp id="228" class="1004" name="write_ln0_write_fu_228">
<pin_list>
<pin id="229" dir="0" index="0" bw="0" slack="0"/>
<pin id="230" dir="0" index="1" bw="16" slack="0"/>
<pin id="231" dir="0" index="2" bw="16" slack="0"/>
<pin id="232" dir="1" index="3" bw="0" slack="2147483647"/>
</pin_list>
<bind>
<opcode="write(1151) " fcode="write"/>
<opset="write_ln0/1 "/>
</bind>
</comp>

<comp id="236" class="1004" name="write_ln0_write_fu_236">
<pin_list>
<pin id="237" dir="0" index="0" bw="0" slack="0"/>
<pin id="238" dir="0" index="1" bw="16" slack="0"/>
<pin id="239" dir="0" index="2" bw="16" slack="0"/>
<pin id="240" dir="1" index="3" bw="0" slack="2147483647"/>
</pin_list>
<bind>
<opcode="write(1151) " fcode="write"/>
<opset="write_ln0/1 "/>
</bind>
</comp>

<comp id="244" class="1004" name="write_ln0_write_fu_244">
<pin_list>
<pin id="245" dir="0" index="0" bw="0" slack="0"/>
<pin id="246" dir="0" index="1" bw="16" slack="0"/>
<pin id="247" dir="0" index="2" bw="16" slack="0"/>
<pin id="248" dir="1" index="3" bw="0" slack="2147483647"/>
</pin_list>
<bind>
<opcode="write(1151) " fcode="write"/>
<opset="write_ln0/1 "/>
</bind>
</comp>

<comp id="252" class="1004" name="write_ln0_write_fu_252">
<pin_list>
<pin id="253" dir="0" index="0" bw="0" slack="0"/>
<pin id="254" dir="0" index="1" bw="16" slack="0"/>
<pin id="255" dir="0" index="2" bw="16" slack="0"/>
<pin id="256" dir="1" index="3" bw="0" slack="2147483647"/>
</pin_list>
<bind>
<opcode="write(1151) " fcode="write"/>
<opset="write_ln0/1 "/>
</bind>
</comp>

<comp id="260" class="1004" name="write_ln0_write_fu_260">
<pin_list>
<pin id="261" dir="0" index="0" bw="0" slack="0"/>
<pin id="262" dir="0" index="1" bw="16" slack="0"/>
<pin id="263" dir="0" index="2" bw="16" slack="0"/>
<pin id="264" dir="1" index="3" bw="0" slack="2147483647"/>
</pin_list>
<bind>
<opcode="write(1151) " fcode="write"/>
<opset="write_ln0/1 "/>
</bind>
</comp>

<comp id="268" class="1004" name="write_ln0_write_fu_268">
<pin_list>
<pin id="269" dir="0" index="0" bw="0" slack="0"/>
<pin id="270" dir="0" index="1" bw="16" slack="0"/>
<pin id="271" dir="0" index="2" bw="16" slack="0"/>
<pin id="272" dir="1" index="3" bw="0" slack="2147483647"/>
</pin_list>
<bind>
<opcode="write(1151) " fcode="write"/>
<opset="write_ln0/1 "/>
</bind>
</comp>

<comp id="276" class="1004" name="write_ln0_write_fu_276">
<pin_list>
<pin id="277" dir="0" index="0" bw="0" slack="0"/>
<pin id="278" dir="0" index="1" bw="16" slack="0"/>
<pin id="279" dir="0" index="2" bw="16" slack="0"/>
<pin id="280" dir="1" index="3" bw="0" slack="2147483647"/>
</pin_list>
<bind>
<opcode="write(1151) " fcode="write"/>
<opset="write_ln0/1 "/>
</bind>
</comp>

<comp id="284" class="1004" name="write_ln0_write_fu_284">
<pin_list>
<pin id="285" dir="0" index="0" bw="0" slack="0"/>
<pin id="286" dir="0" index="1" bw="13" slack="0"/>
<pin id="287" dir="0" index="2" bw="13" slack="0"/>
<pin id="288" dir="1" index="3" bw="0" slack="2147483647"/>
</pin_list>
<bind>
<opcode="write(1151) " fcode="write"/>
<opset="write_ln0/1 "/>
</bind>
</comp>

<comp id="292" class="1004" name="write_ln0_write_fu_292">
<pin_list>
<pin id="293" dir="0" index="0" bw="0" slack="0"/>
<pin id="294" dir="0" index="1" bw="13" slack="0"/>
<pin id="295" dir="0" index="2" bw="13" slack="0"/>
<pin id="296" dir="1" index="3" bw="0" slack="2147483647"/>
</pin_list>
<bind>
<opcode="write(1151) " fcode="write"/>
<opset="write_ln0/1 "/>
</bind>
</comp>

<comp id="300" class="1004" name="write_ln0_write_fu_300">
<pin_list>
<pin id="301" dir="0" index="0" bw="0" slack="0"/>
<pin id="302" dir="0" index="1" bw="13" slack="0"/>
<pin id="303" dir="0" index="2" bw="13" slack="0"/>
<pin id="304" dir="1" index="3" bw="0" slack="2147483647"/>
</pin_list>
<bind>
<opcode="write(1151) " fcode="write"/>
<opset="write_ln0/1 "/>
</bind>
</comp>

<comp id="308" class="1004" name="write_ln0_write_fu_308">
<pin_list>
<pin id="309" dir="0" index="0" bw="0" slack="0"/>
<pin id="310" dir="0" index="1" bw="13" slack="0"/>
<pin id="311" dir="0" index="2" bw="13" slack="0"/>
<pin id="312" dir="1" index="3" bw="0" slack="2147483647"/>
</pin_list>
<bind>
<opcode="write(1151) " fcode="write"/>
<opset="write_ln0/1 "/>
</bind>
</comp>

</comp_list>

<net_list>
<net id="94"><net_src comp="78" pin="0"/><net_sink comp="90" pin=0"/></net>

<net id="95"><net_src comp="58" pin="0"/><net_sink comp="90" pin=1"/></net>

<net id="100"><net_src comp="78" pin="0"/><net_sink comp="96" pin=0"/></net>

<net id="101"><net_src comp="54" pin="0"/><net_sink comp="96" pin=1"/></net>

<net id="106"><net_src comp="78" pin="0"/><net_sink comp="102" pin=0"/></net>

<net id="107"><net_src comp="50" pin="0"/><net_sink comp="102" pin=1"/></net>

<net id="112"><net_src comp="78" pin="0"/><net_sink comp="108" pin=0"/></net>

<net id="113"><net_src comp="46" pin="0"/><net_sink comp="108" pin=1"/></net>

<net id="118"><net_src comp="78" pin="0"/><net_sink comp="114" pin=0"/></net>

<net id="119"><net_src comp="42" pin="0"/><net_sink comp="114" pin=1"/></net>

<net id="124"><net_src comp="78" pin="0"/><net_sink comp="120" pin=0"/></net>

<net id="125"><net_src comp="38" pin="0"/><net_sink comp="120" pin=1"/></net>

<net id="130"><net_src comp="78" pin="0"/><net_sink comp="126" pin=0"/></net>

<net id="131"><net_src comp="34" pin="0"/><net_sink comp="126" pin=1"/></net>

<net id="136"><net_src comp="78" pin="0"/><net_sink comp="132" pin=0"/></net>

<net id="137"><net_src comp="30" pin="0"/><net_sink comp="132" pin=1"/></net>

<net id="142"><net_src comp="80" pin="0"/><net_sink comp="138" pin=0"/></net>

<net id="143"><net_src comp="20" pin="0"/><net_sink comp="138" pin=1"/></net>

<net id="148"><net_src comp="80" pin="0"/><net_sink comp="144" pin=0"/></net>

<net id="149"><net_src comp="10" pin="0"/><net_sink comp="144" pin=1"/></net>

<net id="154"><net_src comp="82" pin="0"/><net_sink comp="150" pin=0"/></net>

<net id="155"><net_src comp="0" pin="0"/><net_sink comp="150" pin=1"/></net>

<net id="161"><net_src comp="84" pin="0"/><net_sink comp="156" pin=0"/></net>

<net id="162"><net_src comp="60" pin="0"/><net_sink comp="156" pin=1"/></net>

<net id="163"><net_src comp="90" pin="2"/><net_sink comp="156" pin=2"/></net>

<net id="169"><net_src comp="84" pin="0"/><net_sink comp="164" pin=0"/></net>

<net id="170"><net_src comp="56" pin="0"/><net_sink comp="164" pin=1"/></net>

<net id="171"><net_src comp="96" pin="2"/><net_sink comp="164" pin=2"/></net>

<net id="177"><net_src comp="84" pin="0"/><net_sink comp="172" pin=0"/></net>

<net id="178"><net_src comp="52" pin="0"/><net_sink comp="172" pin=1"/></net>

<net id="179"><net_src comp="102" pin="2"/><net_sink comp="172" pin=2"/></net>

<net id="185"><net_src comp="84" pin="0"/><net_sink comp="180" pin=0"/></net>

<net id="186"><net_src comp="48" pin="0"/><net_sink comp="180" pin=1"/></net>

<net id="187"><net_src comp="108" pin="2"/><net_sink comp="180" pin=2"/></net>

<net id="193"><net_src comp="84" pin="0"/><net_sink comp="188" pin=0"/></net>

<net id="194"><net_src comp="44" pin="0"/><net_sink comp="188" pin=1"/></net>

<net id="195"><net_src comp="114" pin="2"/><net_sink comp="188" pin=2"/></net>

<net id="201"><net_src comp="84" pin="0"/><net_sink comp="196" pin=0"/></net>

<net id="202"><net_src comp="40" pin="0"/><net_sink comp="196" pin=1"/></net>

<net id="203"><net_src comp="120" pin="2"/><net_sink comp="196" pin=2"/></net>

<net id="209"><net_src comp="84" pin="0"/><net_sink comp="204" pin=0"/></net>

<net id="210"><net_src comp="36" pin="0"/><net_sink comp="204" pin=1"/></net>

<net id="211"><net_src comp="126" pin="2"/><net_sink comp="204" pin=2"/></net>

<net id="217"><net_src comp="84" pin="0"/><net_sink comp="212" pin=0"/></net>

<net id="218"><net_src comp="32" pin="0"/><net_sink comp="212" pin=1"/></net>

<net id="219"><net_src comp="132" pin="2"/><net_sink comp="212" pin=2"/></net>

<net id="225"><net_src comp="86" pin="0"/><net_sink comp="220" pin=0"/></net>

<net id="226"><net_src comp="28" pin="0"/><net_sink comp="220" pin=1"/></net>

<net id="227"><net_src comp="138" pin="2"/><net_sink comp="220" pin=2"/></net>

<net id="233"><net_src comp="86" pin="0"/><net_sink comp="228" pin=0"/></net>

<net id="234"><net_src comp="26" pin="0"/><net_sink comp="228" pin=1"/></net>

<net id="235"><net_src comp="138" pin="2"/><net_sink comp="228" pin=2"/></net>

<net id="241"><net_src comp="86" pin="0"/><net_sink comp="236" pin=0"/></net>

<net id="242"><net_src comp="24" pin="0"/><net_sink comp="236" pin=1"/></net>

<net id="243"><net_src comp="138" pin="2"/><net_sink comp="236" pin=2"/></net>

<net id="249"><net_src comp="86" pin="0"/><net_sink comp="244" pin=0"/></net>

<net id="250"><net_src comp="22" pin="0"/><net_sink comp="244" pin=1"/></net>

<net id="251"><net_src comp="138" pin="2"/><net_sink comp="244" pin=2"/></net>

<net id="257"><net_src comp="86" pin="0"/><net_sink comp="252" pin=0"/></net>

<net id="258"><net_src comp="18" pin="0"/><net_sink comp="252" pin=1"/></net>

<net id="259"><net_src comp="144" pin="2"/><net_sink comp="252" pin=2"/></net>

<net id="265"><net_src comp="86" pin="0"/><net_sink comp="260" pin=0"/></net>

<net id="266"><net_src comp="16" pin="0"/><net_sink comp="260" pin=1"/></net>

<net id="267"><net_src comp="144" pin="2"/><net_sink comp="260" pin=2"/></net>

<net id="273"><net_src comp="86" pin="0"/><net_sink comp="268" pin=0"/></net>

<net id="274"><net_src comp="14" pin="0"/><net_sink comp="268" pin=1"/></net>

<net id="275"><net_src comp="144" pin="2"/><net_sink comp="268" pin=2"/></net>

<net id="281"><net_src comp="86" pin="0"/><net_sink comp="276" pin=0"/></net>

<net id="282"><net_src comp="12" pin="0"/><net_sink comp="276" pin=1"/></net>

<net id="283"><net_src comp="144" pin="2"/><net_sink comp="276" pin=2"/></net>

<net id="289"><net_src comp="88" pin="0"/><net_sink comp="284" pin=0"/></net>

<net id="290"><net_src comp="8" pin="0"/><net_sink comp="284" pin=1"/></net>

<net id="291"><net_src comp="150" pin="2"/><net_sink comp="284" pin=2"/></net>

<net id="297"><net_src comp="88" pin="0"/><net_sink comp="292" pin=0"/></net>

<net id="298"><net_src comp="6" pin="0"/><net_sink comp="292" pin=1"/></net>

<net id="299"><net_src comp="150" pin="2"/><net_sink comp="292" pin=2"/></net>

<net id="305"><net_src comp="88" pin="0"/><net_sink comp="300" pin=0"/></net>

<net id="306"><net_src comp="4" pin="0"/><net_sink comp="300" pin=1"/></net>

<net id="307"><net_src comp="150" pin="2"/><net_sink comp="300" pin=2"/></net>

<net id="313"><net_src comp="88" pin="0"/><net_sink comp="308" pin=0"/></net>

<net id="314"><net_src comp="2" pin="0"/><net_sink comp="308" pin=1"/></net>

<net id="315"><net_src comp="150" pin="2"/><net_sink comp="308" pin=2"/></net>

</net_list>

</model> 
---------------- Datapath Model END ------------------

* FSMD analyzer results:
  - Output states:
	Port: memconfig_grid_xblocks_c | {1 }
	Port: memconfig_grid_xblocks_c90 | {1 }
	Port: memconfig_grid_xblocks_c91 | {1 }
	Port: memconfig_grid_xblocks_c92 | {1 }
	Port: memconfig_tile_overlap_size_x_c | {1 }
	Port: memconfig_tile_overlap_size_x_c114 | {1 }
	Port: memconfig_tile_overlap_size_x_c115 | {1 }
	Port: memconfig_tile_overlap_size_x_c116 | {1 }
	Port: memconfig_effective_tile_size_x_c | {1 }
	Port: memconfig_effective_tile_size_x_c117 | {1 }
	Port: memconfig_effective_tile_size_x_c118 | {1 }
	Port: memconfig_effective_tile_size_x_c119 | {1 }
	Port: arg1_b0_c | {1 }
	Port: arg1_b1_c | {1 }
	Port: arg1_b2_c | {1 }
	Port: arg1_b3_c | {1 }
	Port: arg1_b4_c | {1 }
	Port: arg1_b5_c | {1 }
	Port: arg1_b6_c | {1 }
	Port: arg1_b7_c | {1 }
 - Input state : 
	Port: entry_proc : p_read | {1 }
	Port: entry_proc : p_read1 | {1 }
	Port: entry_proc : p_read2 | {1 }
	Port: entry_proc : arg1_b0 | {1 }
	Port: entry_proc : arg1_b1 | {1 }
	Port: entry_proc : arg1_b2 | {1 }
	Port: entry_proc : arg1_b3 | {1 }
	Port: entry_proc : arg1_b4 | {1 }
	Port: entry_proc : arg1_b5 | {1 }
	Port: entry_proc : arg1_b6 | {1 }
	Port: entry_proc : arg1_b7 | {1 }
  - Chain level:
	State 1


============================================================
+ Verbose Summary: Datapath Resource usage 
============================================================

* Functional unit list:
|----------|--------------------------|
| Operation|      Functional Unit     |
|----------|--------------------------|
|          |  arg1_b7_read_read_fu_90 |
|          |  arg1_b6_read_read_fu_96 |
|          | arg1_b5_read_read_fu_102 |
|          | arg1_b4_read_read_fu_108 |
|          | arg1_b3_read_read_fu_114 |
|   read   | arg1_b2_read_read_fu_120 |
|          | arg1_b1_read_read_fu_126 |
|          | arg1_b0_read_read_fu_132 |
|          |   p_read25_read_fu_138   |
|          |   p_read14_read_fu_144   |
|          |   p_read_19_read_fu_150  |
|----------|--------------------------|
|          |  write_ln0_write_fu_156  |
|          |  write_ln0_write_fu_164  |
|          |  write_ln0_write_fu_172  |
|          |  write_ln0_write_fu_180  |
|          |  write_ln0_write_fu_188  |
|          |  write_ln0_write_fu_196  |
|          |  write_ln0_write_fu_204  |
|          |  write_ln0_write_fu_212  |
|          |  write_ln0_write_fu_220  |
|   write  |  write_ln0_write_fu_228  |
|          |  write_ln0_write_fu_236  |
|          |  write_ln0_write_fu_244  |
|          |  write_ln0_write_fu_252  |
|          |  write_ln0_write_fu_260  |
|          |  write_ln0_write_fu_268  |
|          |  write_ln0_write_fu_276  |
|          |  write_ln0_write_fu_284  |
|          |  write_ln0_write_fu_292  |
|          |  write_ln0_write_fu_300  |
|          |  write_ln0_write_fu_308  |
|----------|--------------------------|
|   Total  |                          |
|----------|--------------------------|

Memories:
N/A

* Register list:
N/A

* Multiplexer (MUX) list: 
|--------|------|------|------|--------|
|  Comp  |  Pin | Size |  BW  | S x BW |
|--------|------|------|------|--------|
|  Total |      |      |      |    0   |
|--------|------|------|------|--------|



* Summary:
+-----------+
|           |
+-----------+
|  Function |
|   Memory  |
|Multiplexer|
|  Register |
+-----------+
|   Total   |
+-----------+
