

================================================================
== Vitis HLS Report for 'interleaveTileMem2stream2D'
================================================================
* Date:           Fri Aug 14 22:50:06 2026

* Version:        2022.2 (Build 3670227 on Oct 13 2022)
* Project:        datamover_outerloop_0
* Solution:       solution (Vitis Kernel Flow Target)
* Product family: virtexuplus
* Target device:  xcu280-fsvh2892-2L-e


================================================================
== Performance Estimates
================================================================
+ Timing: 
    * Summary: 
    +--------+---------+----------+------------+
    |  Clock |  Target | Estimated| Uncertainty|
    +--------+---------+----------+------------+
    |ap_clk  |  3.33 ns|  2.433 ns|     0.90 ns|
    +--------+---------+----------+------------+

+ Latency: 
    * Summary: 
    +---------+---------+----------+----------+-----+-----+---------+
    |  Latency (cycles) |  Latency (absolute) |  Interval | Pipeline|
    |   min   |   max   |    min   |    max   | min | max |   Type  |
    +---------+---------+----------+----------+-----+-----+---------+
    |        ?|        ?|         ?|         ?|    ?|    ?|       no|
    +---------+---------+----------+----------+-----+-----+---------+

    + Detail: 
        * Instance: 
        +---------------------------------------------+----------------------------------+---------+---------+----------+----------+-----+-----+----------+
        |                                             |                                  |  Latency (cycles) |  Latency (absolute) |  Interval | Pipeline |
        |                   Instance                  |              Module              |   min   |   max   |    min   |    max   | min | max |   Type   |
        +---------------------------------------------+----------------------------------+---------+---------+----------+----------+-----+-----+----------+
        |grp_interleaveTileMem2Stream2D_inner_fu_218  |interleaveTileMem2Stream2D_inner  |        ?|        ?|         ?|         ?|    ?|    ?|  dataflow|
        +---------------------------------------------+----------------------------------+---------+---------+----------+----------+-----+-----+----------+

        * Loop: 
        +---------------+---------+---------+----------+-----------+-----------+-----------+----------+
        |               |  Latency (cycles) | Iteration|  Initiation Interval  |    Trip   |          |
        |   Loop Name   |   min   |   max   |  Latency |  achieved |   target  |   Count   | Pipelined|
        +---------------+---------+---------+----------+-----------+-----------+-----------+----------+
        |- tile_x_loop  |        ?|        ?|         ?|          -|          -|  0 ~ 65535|        no|
        | + row_loop    |        ?|        ?|         ?|          -|          -|          ?|        no|
        +---------------+---------+---------+----------+-----------+-----------+-----------+----------+

============================================================
+ Verbose Summary: Synthesis Manager
============================================================
InlineROM: 1
ExposeGlobal: 0
============================================================
+ Verbose Summary: CDFG Model
============================================================
IsTopModel: 0
ResetActiveHigh: 1
IsCombinational: 2
IsDatapathOnly: 0
HasWiredReturn: 1
HasMFsm: 0
HasVarLatency: 1
IsPipeline: 0
IsRtlPipelined: 0
IsInstanceOverlapped: 0
IsDontTouch: 0
HasImplIP: 0
IsGatedGlobalClock: 0


============================================================
+ Verbose Summary: Schedule
============================================================
* Number of FSM states : 5
* Pipeline : 0
* Dataflow Pipeline: 0

* FSM state transitions: 
1 --> 2 
2 --> 3 
3 --> 4 2 
4 --> 5 
5 --> 3 

* FSM state operations: 

State 1 <SV = 0> <Delay = 1.21>
ST_1 : Operation 6 [1/1] (0.00ns)   --->   "%indvars_iv_i = alloca i32 1"   --->   Operation 6 'alloca' 'indvars_iv_i' <Predicate = true> <Delay = 0.00>
ST_1 : Operation 7 [1/1] (0.00ns)   --->   "%tile_x = alloca i32 1"   --->   Operation 7 'alloca' 'tile_x' <Predicate = true> <Delay = 0.00>
ST_1 : Operation 8 [1/1] (0.00ns)   --->   "%specinterface_ln0 = specinterface void @_ssdm_op_SpecInterface, i16 %memconfig_last_tile_size_x_c123, void @ap_fifo_str, i32 0, i32 0, void @p_str, i32 0, i32 0, void @p_str, void @p_str, void @p_str, i32 2, i32 2, i32 16, i32 16, void @p_str, void @ScalarProp_str, i32 4294967295, i32 0"   --->   Operation 8 'specinterface' 'specinterface_ln0' <Predicate = true> <Delay = 0.00>
ST_1 : Operation 9 [1/1] (0.00ns)   --->   "%arg0_b7_read = read i64 @_ssdm_op_Read.ap_auto.i64, i64 %arg0_b7"   --->   Operation 9 'read' 'arg0_b7_read' <Predicate = true> <Delay = 0.00>
ST_1 : Operation 10 [1/1] (0.00ns)   --->   "%arg0_b6_read = read i64 @_ssdm_op_Read.ap_auto.i64, i64 %arg0_b6"   --->   Operation 10 'read' 'arg0_b6_read' <Predicate = true> <Delay = 0.00>
ST_1 : Operation 11 [1/1] (0.00ns)   --->   "%p_read511 = read i16 @_ssdm_op_Read.ap_auto.i16, i16 %p_read5"   --->   Operation 11 'read' 'p_read511' <Predicate = true> <Delay = 0.00>
ST_1 : Operation 12 [1/1] (0.00ns)   --->   "%p_read410 = read i16 @_ssdm_op_Read.ap_auto.i16, i16 %p_read4"   --->   Operation 12 'read' 'p_read410' <Predicate = true> <Delay = 0.00>
ST_1 : Operation 13 [1/1] (0.00ns)   --->   "%p_read39 = read i16 @_ssdm_op_Read.ap_auto.i16, i16 %p_read3"   --->   Operation 13 'read' 'p_read39' <Predicate = true> <Delay = 0.00>
ST_1 : Operation 14 [1/1] (0.00ns)   --->   "%p_read28 = read i16 @_ssdm_op_Read.ap_auto.i16, i16 %p_read2"   --->   Operation 14 'read' 'p_read28' <Predicate = true> <Delay = 0.00>
ST_1 : Operation 15 [1/1] (0.00ns)   --->   "%p_read17 = read i16 @_ssdm_op_Read.ap_auto.i16, i16 %p_read1"   --->   Operation 15 'read' 'p_read17' <Predicate = true> <Delay = 0.00>
ST_1 : Operation 16 [1/1] (0.00ns)   --->   "%p_read_14 = read i13 @_ssdm_op_Read.ap_auto.i13, i13 %p_read"   --->   Operation 16 'read' 'p_read_14' <Predicate = true> <Delay = 0.00>
ST_1 : Operation 17 [1/1] (1.21ns)   --->   "%write_ln0 = write void @_ssdm_op_Write.ap_fifo.i16P0A, i16 %memconfig_last_tile_size_x_c123, i16 %p_read511"   --->   Operation 17 'write' 'write_ln0' <Predicate = true> <Delay = 1.21> <CoreInst = "FIFO_SRL">   --->   Core 81 'FIFO_SRL' <Latency = 0> <II = 1> <Delay = 1.34> <Storage> <Opcode : 'read' 'write' 'nbread' 'nbwrite'> <Ports = 0> <Width = 16> <Depth = 2> <FIFO>
ST_1 : Operation 18 [1/1] (0.00ns)   --->   "%specinterface_ln0 = specinterface void @_ssdm_op_SpecInterface, i16 %memconfig_tile_size_x_c110, void @ap_fifo_str, i32 0, i32 0, void @p_str, i32 0, i32 0, void @p_str, void @p_str, void @p_str, i32 2, i32 2, i32 16, i32 16, void @p_str, void @ScalarProp_str, i32 4294967295, i32 0"   --->   Operation 18 'specinterface' 'specinterface_ln0' <Predicate = true> <Delay = 0.00>
ST_1 : Operation 19 [1/1] (1.21ns)   --->   "%write_ln0 = write void @_ssdm_op_Write.ap_fifo.i16P0A, i16 %memconfig_tile_size_x_c110, i16 %p_read39"   --->   Operation 19 'write' 'write_ln0' <Predicate = true> <Delay = 1.21> <CoreInst = "FIFO_SRL">   --->   Core 81 'FIFO_SRL' <Latency = 0> <II = 1> <Delay = 1.34> <Storage> <Opcode : 'read' 'write' 'nbread' 'nbwrite'> <Ports = 0> <Width = 16> <Depth = 2> <FIFO>
ST_1 : Operation 20 [1/1] (0.00ns)   --->   "%specinterface_ln0 = specinterface void @_ssdm_op_SpecInterface, i16 %memconfig_tile_count_x_c103, void @ap_fifo_str, i32 0, i32 0, void @p_str, i32 0, i32 0, void @p_str, void @p_str, void @p_str, i32 2, i32 2, i32 16, i32 16, void @p_str, void @ScalarProp_str, i32 4294967295, i32 0"   --->   Operation 20 'specinterface' 'specinterface_ln0' <Predicate = true> <Delay = 0.00>
ST_1 : Operation 21 [1/1] (1.21ns)   --->   "%write_ln0 = write void @_ssdm_op_Write.ap_fifo.i16P0A, i16 %memconfig_tile_count_x_c103, i16 %p_read28"   --->   Operation 21 'write' 'write_ln0' <Predicate = true> <Delay = 1.21> <CoreInst = "FIFO_SRL">   --->   Core 81 'FIFO_SRL' <Latency = 0> <II = 1> <Delay = 1.34> <Storage> <Opcode : 'read' 'write' 'nbread' 'nbwrite'> <Ports = 0> <Width = 16> <Depth = 2> <FIFO>
ST_1 : Operation 22 [1/1] (0.00ns)   --->   "%specinterface_ln0 = specinterface void @_ssdm_op_SpecInterface, i16 %memconfig_grid_size_y_c96, void @ap_fifo_str, i32 0, i32 0, void @p_str, i32 0, i32 0, void @p_str, void @p_str, void @p_str, i32 2, i32 2, i32 16, i32 16, void @p_str, void @ScalarProp_str, i32 4294967295, i32 0"   --->   Operation 22 'specinterface' 'specinterface_ln0' <Predicate = true> <Delay = 0.00>
ST_1 : Operation 23 [1/1] (1.21ns)   --->   "%write_ln217 = write void @_ssdm_op_Write.ap_fifo.i16P0A, i16 %memconfig_grid_size_y_c96, i16 %p_read17" [/home/x_thileeb/repos/ops-hls-batching-new/codegen_apps/tiling/poisson2d/u280_project/maxtile_8192_align_interleave_p7/hls/device/src/datamover_outerloop_0.cpp:217]   --->   Operation 23 'write' 'write_ln217' <Predicate = true> <Delay = 1.21> <CoreInst = "FIFO_SRL">   --->   Core 81 'FIFO_SRL' <Latency = 0> <II = 1> <Delay = 1.34> <Storage> <Opcode : 'read' 'write' 'nbread' 'nbwrite'> <Ports = 0> <Width = 16> <Depth = 2> <FIFO>
ST_1 : Operation 24 [1/1] (0.00ns)   --->   "%specinterface_ln0 = specinterface void @_ssdm_op_SpecInterface, i256 %arg0_read_mem_strm_g3_1, void @empty_42, i32 0, i32 0, void @empty_11, i32 0, i32 0, void @empty_11, void @empty_11, void @empty_11, i32 0, i32 0, i32 0, i32 0, void @empty_11, void @empty_11, i32 4294967295, i32 0"   --->   Operation 24 'specinterface' 'specinterface_ln0' <Predicate = true> <Delay = 0.00>
ST_1 : Operation 25 [1/1] (0.00ns)   --->   "%specinterface_ln0 = specinterface void @_ssdm_op_SpecInterface, i256 %arg0_read_mem_strm_g3_0, void @empty_42, i32 0, i32 0, void @empty_11, i32 0, i32 0, void @empty_11, void @empty_11, void @empty_11, i32 0, i32 0, i32 0, i32 0, void @empty_11, void @empty_11, i32 4294967295, i32 0"   --->   Operation 25 'specinterface' 'specinterface_ln0' <Predicate = true> <Delay = 0.00>
ST_1 : Operation 26 [1/1] (0.00ns)   --->   "%specinterface_ln0 = specinterface void @_ssdm_op_SpecInterface, i256 %gmem6, void @empty_2, i32 0, i32 0, void @empty_11, i32 40, i32 8192, void @empty_31, void @empty_57, void @empty_11, i32 2, i32 2, i32 16, i32 16, void @empty_11, void @empty_11, i32 4294967295, i32 0"   --->   Operation 26 'specinterface' 'specinterface_ln0' <Predicate = true> <Delay = 0.00>
ST_1 : Operation 27 [1/1] (0.00ns)   --->   "%specinterface_ln0 = specinterface void @_ssdm_op_SpecInterface, i256 %gmem7, void @empty_2, i32 0, i32 0, void @empty_11, i32 40, i32 8192, void @empty_69, void @empty_57, void @empty_11, i32 2, i32 2, i32 16, i32 16, void @empty_11, void @empty_11, i32 4294967295, i32 0"   --->   Operation 27 'specinterface' 'specinterface_ln0' <Predicate = true> <Delay = 0.00>
ST_1 : Operation 28 [1/1] (0.00ns)   --->   "%zext_ln5952 = zext i13 %p_read_14" [/home/x_thileeb/repos/ops-hls-batching-new/OPS/ops/hls/include/device/../../L1/include/ops_hls_datamover.hpp:5952->/home/x_thileeb/repos/ops-hls-batching-new/codegen_apps/tiling/poisson2d/u280_project/maxtile_8192_align_interleave_p7/hls/device/src/datamover_outerloop_0.cpp:229]   --->   Operation 28 'zext' 'zext_ln5952' <Predicate = true> <Delay = 0.00>
ST_1 : Operation 29 [1/1] (0.75ns)   --->   "%add_ln5952 = add i14 %zext_ln5952, i14 7" [/home/x_thileeb/repos/ops-hls-batching-new/OPS/ops/hls/include/device/../../L1/include/ops_hls_datamover.hpp:5952->/home/x_thileeb/repos/ops-hls-batching-new/codegen_apps/tiling/poisson2d/u280_project/maxtile_8192_align_interleave_p7/hls/device/src/datamover_outerloop_0.cpp:229]   --->   Operation 29 'add' 'add_ln5952' <Predicate = true> <Delay = 0.75> <CoreInst = "Adder">   --->   Core 1 'Adder' <Latency = 0> <II = 1> <Delay = 0.75> <FuncUnit> <Opcode : 'add' 'sub'> <InPorts = 2> <OutPorts = 1>
ST_1 : Operation 30 [1/1] (0.00ns)   --->   "%lshr_ln = partselect i11 @_ssdm_op_PartSelect.i11.i14.i32.i32, i14 %add_ln5952, i32 3, i32 13" [/home/x_thileeb/repos/ops-hls-batching-new/OPS/ops/hls/include/device/../../L1/include/ops_hls_datamover.hpp:5952->/home/x_thileeb/repos/ops-hls-batching-new/codegen_apps/tiling/poisson2d/u280_project/maxtile_8192_align_interleave_p7/hls/device/src/datamover_outerloop_0.cpp:229]   --->   Operation 30 'partselect' 'lshr_ln' <Predicate = true> <Delay = 0.00>
ST_1 : Operation 31 [1/1] (0.00ns)   --->   "%config_tile_count_x_cast_i = zext i16 %p_read28"   --->   Operation 31 'zext' 'config_tile_count_x_cast_i' <Predicate = true> <Delay = 0.00>
ST_1 : Operation 32 [1/1] (0.78ns)   --->   "%sub_i = add i17 %config_tile_count_x_cast_i, i17 131071"   --->   Operation 32 'add' 'sub_i' <Predicate = true> <Delay = 0.78> <CoreInst = "Adder">   --->   Core 1 'Adder' <Latency = 0> <II = 1> <Delay = 0.78> <FuncUnit> <Opcode : 'add' 'sub'> <InPorts = 2> <OutPorts = 1>
ST_1 : Operation 33 [1/1] (0.00ns)   --->   "%zext_ln5955 = zext i11 %lshr_ln" [/home/x_thileeb/repos/ops-hls-batching-new/OPS/ops/hls/include/device/../../L1/include/ops_hls_datamover.hpp:5955->/home/x_thileeb/repos/ops-hls-batching-new/codegen_apps/tiling/poisson2d/u280_project/maxtile_8192_align_interleave_p7/hls/device/src/datamover_outerloop_0.cpp:229]   --->   Operation 33 'zext' 'zext_ln5955' <Predicate = true> <Delay = 0.00>
ST_1 : Operation 34 [1/1] (0.38ns)   --->   "%store_ln5955 = store i16 0, i16 %tile_x" [/home/x_thileeb/repos/ops-hls-batching-new/OPS/ops/hls/include/device/../../L1/include/ops_hls_datamover.hpp:5955->/home/x_thileeb/repos/ops-hls-batching-new/codegen_apps/tiling/poisson2d/u280_project/maxtile_8192_align_interleave_p7/hls/device/src/datamover_outerloop_0.cpp:229]   --->   Operation 34 'store' 'store_ln5955' <Predicate = true> <Delay = 0.38>
ST_1 : Operation 35 [1/1] (0.38ns)   --->   "%store_ln5955 = store i16 0, i16 %indvars_iv_i" [/home/x_thileeb/repos/ops-hls-batching-new/OPS/ops/hls/include/device/../../L1/include/ops_hls_datamover.hpp:5955->/home/x_thileeb/repos/ops-hls-batching-new/codegen_apps/tiling/poisson2d/u280_project/maxtile_8192_align_interleave_p7/hls/device/src/datamover_outerloop_0.cpp:229]   --->   Operation 35 'store' 'store_ln5955' <Predicate = true> <Delay = 0.38>
ST_1 : Operation 36 [1/1] (0.00ns)   --->   "%br_ln5955 = br void %for.body.i" [/home/x_thileeb/repos/ops-hls-batching-new/OPS/ops/hls/include/device/../../L1/include/ops_hls_datamover.hpp:5955->/home/x_thileeb/repos/ops-hls-batching-new/codegen_apps/tiling/poisson2d/u280_project/maxtile_8192_align_interleave_p7/hls/device/src/datamover_outerloop_0.cpp:229]   --->   Operation 36 'br' 'br_ln5955' <Predicate = true> <Delay = 0.00>

State 2 <SV = 1> <Delay = 1.00>
ST_2 : Operation 37 [1/1] (0.00ns)   --->   "%tile_x_12 = load i16 %tile_x" [/home/x_thileeb/repos/ops-hls-batching-new/OPS/ops/hls/include/device/../../L1/include/ops_hls_datamover.hpp:5955->/home/x_thileeb/repos/ops-hls-batching-new/codegen_apps/tiling/poisson2d/u280_project/maxtile_8192_align_interleave_p7/hls/device/src/datamover_outerloop_0.cpp:229]   --->   Operation 37 'load' 'tile_x_12' <Predicate = true> <Delay = 0.00>
ST_2 : Operation 38 [1/1] (0.00ns)   --->   "%zext_ln5955_1 = zext i16 %tile_x_12" [/home/x_thileeb/repos/ops-hls-batching-new/OPS/ops/hls/include/device/../../L1/include/ops_hls_datamover.hpp:5955->/home/x_thileeb/repos/ops-hls-batching-new/codegen_apps/tiling/poisson2d/u280_project/maxtile_8192_align_interleave_p7/hls/device/src/datamover_outerloop_0.cpp:229]   --->   Operation 38 'zext' 'zext_ln5955_1' <Predicate = true> <Delay = 0.00>
ST_2 : Operation 39 [1/1] (0.67ns)   --->   "%icmp_ln5955 = icmp_eq  i16 %tile_x_12, i16 %p_read28" [/home/x_thileeb/repos/ops-hls-batching-new/OPS/ops/hls/include/device/../../L1/include/ops_hls_datamover.hpp:5955->/home/x_thileeb/repos/ops-hls-batching-new/codegen_apps/tiling/poisson2d/u280_project/maxtile_8192_align_interleave_p7/hls/device/src/datamover_outerloop_0.cpp:229]   --->   Operation 39 'icmp' 'icmp_ln5955' <Predicate = true> <Delay = 0.67> <CoreInst = "Cmp">   --->   Core 9 'Cmp' <Latency = 0> <II = 1> <Delay = 0.67> <FuncUnit> <Opcode : 'icmp'> <InPorts = 2> <OutPorts = 1>
ST_2 : Operation 40 [1/1] (0.00ns)   --->   "%speclooptripcount_ln0 = speclooptripcount void @_ssdm_op_SpecLoopTripCount, i64 0, i64 65535, i64 0"   --->   Operation 40 'speclooptripcount' 'speclooptripcount_ln0' <Predicate = true> <Delay = 0.00>
ST_2 : Operation 41 [1/1] (0.78ns)   --->   "%add_ln5955 = add i16 %tile_x_12, i16 1" [/home/x_thileeb/repos/ops-hls-batching-new/OPS/ops/hls/include/device/../../L1/include/ops_hls_datamover.hpp:5955->/home/x_thileeb/repos/ops-hls-batching-new/codegen_apps/tiling/poisson2d/u280_project/maxtile_8192_align_interleave_p7/hls/device/src/datamover_outerloop_0.cpp:229]   --->   Operation 41 'add' 'add_ln5955' <Predicate = true> <Delay = 0.78> <CoreInst = "Adder">   --->   Core 1 'Adder' <Latency = 0> <II = 1> <Delay = 0.78> <FuncUnit> <Opcode : 'add' 'sub'> <InPorts = 2> <OutPorts = 1>
ST_2 : Operation 42 [1/1] (0.00ns)   --->   "%br_ln5955 = br i1 %icmp_ln5955, void %for.body.split.i, void %interleaveTileMem2stream2D<(unsigned short)256, (unsigned short)8, (unsigned short)6, (unsigned short)2, (unsigned short)1, ap_uint<256>, ap_uint<256> >.exit" [/home/x_thileeb/repos/ops-hls-batching-new/OPS/ops/hls/include/device/../../L1/include/ops_hls_datamover.hpp:5955->/home/x_thileeb/repos/ops-hls-batching-new/codegen_apps/tiling/poisson2d/u280_project/maxtile_8192_align_interleave_p7/hls/device/src/datamover_outerloop_0.cpp:229]   --->   Operation 42 'br' 'br_ln5955' <Predicate = true> <Delay = 0.00>
ST_2 : Operation 43 [1/1] (0.00ns)   --->   "%indvars_iv_i_load_4 = load i16 %indvars_iv_i" [/home/x_thileeb/repos/ops-hls-batching-new/OPS/ops/hls/include/device/../../L1/include/ops_hls_datamover.hpp:5957->/home/x_thileeb/repos/ops-hls-batching-new/codegen_apps/tiling/poisson2d/u280_project/maxtile_8192_align_interleave_p7/hls/device/src/datamover_outerloop_0.cpp:229]   --->   Operation 43 'load' 'indvars_iv_i_load_4' <Predicate = (!icmp_ln5955)> <Delay = 0.00>
ST_2 : Operation 44 [1/1] (0.00ns)   --->   "%specloopname_ln5955 = specloopname void @_ssdm_op_SpecLoopName, void @empty_19" [/home/x_thileeb/repos/ops-hls-batching-new/OPS/ops/hls/include/device/../../L1/include/ops_hls_datamover.hpp:5955->/home/x_thileeb/repos/ops-hls-batching-new/codegen_apps/tiling/poisson2d/u280_project/maxtile_8192_align_interleave_p7/hls/device/src/datamover_outerloop_0.cpp:229]   --->   Operation 44 'specloopname' 'specloopname_ln5955' <Predicate = (!icmp_ln5955)> <Delay = 0.00>
ST_2 : Operation 45 [1/1] (0.00ns)   --->   "%lshr_ln9 = partselect i13 @_ssdm_op_PartSelect.i13.i16.i32.i32, i16 %indvars_iv_i_load_4, i32 3, i32 15" [/home/x_thileeb/repos/ops-hls-batching-new/OPS/ops/hls/include/device/../../L1/include/ops_hls_datamover.hpp:5957->/home/x_thileeb/repos/ops-hls-batching-new/codegen_apps/tiling/poisson2d/u280_project/maxtile_8192_align_interleave_p7/hls/device/src/datamover_outerloop_0.cpp:229]   --->   Operation 45 'partselect' 'lshr_ln9' <Predicate = (!icmp_ln5955)> <Delay = 0.00>
ST_2 : Operation 46 [1/1] (0.00ns)   --->   "%zext_ln5958 = zext i13 %lshr_ln9" [/home/x_thileeb/repos/ops-hls-batching-new/OPS/ops/hls/include/device/../../L1/include/ops_hls_datamover.hpp:5958->/home/x_thileeb/repos/ops-hls-batching-new/codegen_apps/tiling/poisson2d/u280_project/maxtile_8192_align_interleave_p7/hls/device/src/datamover_outerloop_0.cpp:229]   --->   Operation 46 'zext' 'zext_ln5958' <Predicate = (!icmp_ln5955)> <Delay = 0.00>
ST_2 : Operation 47 [1/1] (0.68ns)   --->   "%icmp_ln5958 = icmp_eq  i17 %sub_i, i17 %zext_ln5955_1" [/home/x_thileeb/repos/ops-hls-batching-new/OPS/ops/hls/include/device/../../L1/include/ops_hls_datamover.hpp:5958->/home/x_thileeb/repos/ops-hls-batching-new/codegen_apps/tiling/poisson2d/u280_project/maxtile_8192_align_interleave_p7/hls/device/src/datamover_outerloop_0.cpp:229]   --->   Operation 47 'icmp' 'icmp_ln5958' <Predicate = (!icmp_ln5955)> <Delay = 0.68> <CoreInst = "Cmp">   --->   Core 9 'Cmp' <Latency = 0> <II = 1> <Delay = 0.68> <FuncUnit> <Opcode : 'icmp'> <InPorts = 2> <OutPorts = 1>
ST_2 : Operation 48 [1/1] (0.00ns)   --->   "%tmp = partselect i13 @_ssdm_op_PartSelect.i13.i16.i32.i32, i16 %p_read511, i32 3, i32 15" [/home/x_thileeb/repos/ops-hls-batching-new/OPS/ops/hls/include/device/../../L1/include/ops_hls_datamover.hpp:5963->/home/x_thileeb/repos/ops-hls-batching-new/codegen_apps/tiling/poisson2d/u280_project/maxtile_8192_align_interleave_p7/hls/device/src/datamover_outerloop_0.cpp:229]   --->   Operation 48 'partselect' 'tmp' <Predicate = (!icmp_ln5955)> <Delay = 0.00>
ST_2 : Operation 49 [1/1] (0.00ns)   --->   "%tmp_8 = partselect i13 @_ssdm_op_PartSelect.i13.i16.i32.i32, i16 %p_read39, i32 3, i32 15" [/home/x_thileeb/repos/ops-hls-batching-new/OPS/ops/hls/include/device/../../L1/include/ops_hls_datamover.hpp:5963->/home/x_thileeb/repos/ops-hls-batching-new/codegen_apps/tiling/poisson2d/u280_project/maxtile_8192_align_interleave_p7/hls/device/src/datamover_outerloop_0.cpp:229]   --->   Operation 49 'partselect' 'tmp_8' <Predicate = (!icmp_ln5955)> <Delay = 0.00>
ST_2 : Operation 50 [1/1] (0.32ns)   --->   "%select_ln5958 = select i1 %icmp_ln5958, i13 %tmp, i13 %tmp_8" [/home/x_thileeb/repos/ops-hls-batching-new/OPS/ops/hls/include/device/../../L1/include/ops_hls_datamover.hpp:5958->/home/x_thileeb/repos/ops-hls-batching-new/codegen_apps/tiling/poisson2d/u280_project/maxtile_8192_align_interleave_p7/hls/device/src/datamover_outerloop_0.cpp:229]   --->   Operation 50 'select' 'select_ln5958' <Predicate = (!icmp_ln5955)> <Delay = 0.32> <CoreInst = "Sel">   --->   Core 73 'Sel' <Latency = 0> <II = 1> <Delay = 0.32> <FuncUnit> <Opcode : 'select'> <InPorts = 3> <OutPorts = 1>
ST_2 : Operation 51 [1/1] (0.38ns)   --->   "%br_ln6000 = br void %for.inc42.i" [/home/x_thileeb/repos/ops-hls-batching-new/OPS/ops/hls/include/device/../../L1/include/ops_hls_datamover.hpp:6000->/home/x_thileeb/repos/ops-hls-batching-new/codegen_apps/tiling/poisson2d/u280_project/maxtile_8192_align_interleave_p7/hls/device/src/datamover_outerloop_0.cpp:229]   --->   Operation 51 'br' 'br_ln6000' <Predicate = (!icmp_ln5955)> <Delay = 0.38>
ST_2 : Operation 52 [1/1] (0.00ns)   --->   "%ret_ln229 = ret" [/home/x_thileeb/repos/ops-hls-batching-new/codegen_apps/tiling/poisson2d/u280_project/maxtile_8192_align_interleave_p7/hls/device/src/datamover_outerloop_0.cpp:229]   --->   Operation 52 'ret' 'ret_ln229' <Predicate = (icmp_ln5955)> <Delay = 0.00>

State 3 <SV = 2> <Delay = 1.17>
ST_3 : Operation 53 [1/1] (0.00ns)   --->   "%row_base = phi i27 %add_ln6003, void %for.inc42.split.i, i27 %zext_ln5958, void %for.body.split.i" [/home/x_thileeb/repos/ops-hls-batching-new/OPS/ops/hls/include/device/../../L1/include/ops_hls_datamover.hpp:6003->/home/x_thileeb/repos/ops-hls-batching-new/codegen_apps/tiling/poisson2d/u280_project/maxtile_8192_align_interleave_p7/hls/device/src/datamover_outerloop_0.cpp:229]   --->   Operation 53 'phi' 'row_base' <Predicate = true> <Delay = 0.00>
ST_3 : Operation 54 [1/1] (0.00ns)   --->   "%j = phi i16 %j_8, void %for.inc42.split.i, i16 0, void %for.body.split.i"   --->   Operation 54 'phi' 'j' <Predicate = true> <Delay = 0.00>
ST_3 : Operation 55 [1/1] (0.67ns)   --->   "%icmp_ln6000 = icmp_eq  i16 %j, i16 %p_read17" [/home/x_thileeb/repos/ops-hls-batching-new/OPS/ops/hls/include/device/../../L1/include/ops_hls_datamover.hpp:6000->/home/x_thileeb/repos/ops-hls-batching-new/codegen_apps/tiling/poisson2d/u280_project/maxtile_8192_align_interleave_p7/hls/device/src/datamover_outerloop_0.cpp:229]   --->   Operation 55 'icmp' 'icmp_ln6000' <Predicate = true> <Delay = 0.67> <CoreInst = "Cmp">   --->   Core 9 'Cmp' <Latency = 0> <II = 1> <Delay = 0.67> <FuncUnit> <Opcode : 'icmp'> <InPorts = 2> <OutPorts = 1>
ST_3 : Operation 56 [1/1] (0.78ns)   --->   "%j_8 = add i16 %j, i16 1" [/home/x_thileeb/repos/ops-hls-batching-new/OPS/ops/hls/include/device/../../L1/include/ops_hls_datamover.hpp:6000->/home/x_thileeb/repos/ops-hls-batching-new/codegen_apps/tiling/poisson2d/u280_project/maxtile_8192_align_interleave_p7/hls/device/src/datamover_outerloop_0.cpp:229]   --->   Operation 56 'add' 'j_8' <Predicate = true> <Delay = 0.78> <CoreInst = "Adder">   --->   Core 1 'Adder' <Latency = 0> <II = 1> <Delay = 0.78> <FuncUnit> <Opcode : 'add' 'sub'> <InPorts = 2> <OutPorts = 1>
ST_3 : Operation 57 [1/1] (0.00ns)   --->   "%br_ln6000 = br i1 %icmp_ln6000, void %for.inc42.split.i, void %for.inc45.loopexit.i" [/home/x_thileeb/repos/ops-hls-batching-new/OPS/ops/hls/include/device/../../L1/include/ops_hls_datamover.hpp:6000->/home/x_thileeb/repos/ops-hls-batching-new/codegen_apps/tiling/poisson2d/u280_project/maxtile_8192_align_interleave_p7/hls/device/src/datamover_outerloop_0.cpp:229]   --->   Operation 57 'br' 'br_ln6000' <Predicate = true> <Delay = 0.00>
ST_3 : Operation 58 [1/1] (0.00ns)   --->   "%shl_ln = bitconcatenate i32 @_ssdm_op_BitConcatenate.i32.i27.i5, i27 %row_base, i5 0" [/home/x_thileeb/repos/ops-hls-batching-new/OPS/ops/hls/include/device/../../L1/include/ops_hls_datamover.hpp:6002->/home/x_thileeb/repos/ops-hls-batching-new/codegen_apps/tiling/poisson2d/u280_project/maxtile_8192_align_interleave_p7/hls/device/src/datamover_outerloop_0.cpp:229]   --->   Operation 58 'bitconcatenate' 'shl_ln' <Predicate = (!icmp_ln6000)> <Delay = 0.00>
ST_3 : Operation 59 [1/1] (0.00ns)   --->   "%zext_ln6002 = zext i32 %shl_ln" [/home/x_thileeb/repos/ops-hls-batching-new/OPS/ops/hls/include/device/../../L1/include/ops_hls_datamover.hpp:6002->/home/x_thileeb/repos/ops-hls-batching-new/codegen_apps/tiling/poisson2d/u280_project/maxtile_8192_align_interleave_p7/hls/device/src/datamover_outerloop_0.cpp:229]   --->   Operation 59 'zext' 'zext_ln6002' <Predicate = (!icmp_ln6000)> <Delay = 0.00>
ST_3 : Operation 60 [1/1] (1.14ns)   --->   "%add_ln6002 = add i64 %zext_ln6002, i64 %arg0_b6_read" [/home/x_thileeb/repos/ops-hls-batching-new/OPS/ops/hls/include/device/../../L1/include/ops_hls_datamover.hpp:6002->/home/x_thileeb/repos/ops-hls-batching-new/codegen_apps/tiling/poisson2d/u280_project/maxtile_8192_align_interleave_p7/hls/device/src/datamover_outerloop_0.cpp:229]   --->   Operation 60 'add' 'add_ln6002' <Predicate = (!icmp_ln6000)> <Delay = 1.14> <CoreInst = "Adder">   --->   Core 1 'Adder' <Latency = 0> <II = 1> <Delay = 1.14> <FuncUnit> <Opcode : 'add' 'sub'> <InPorts = 2> <OutPorts = 1>
ST_3 : Operation 61 [1/1] (1.14ns)   --->   "%add_ln6002_1 = add i64 %zext_ln6002, i64 %arg0_b7_read" [/home/x_thileeb/repos/ops-hls-batching-new/OPS/ops/hls/include/device/../../L1/include/ops_hls_datamover.hpp:6002->/home/x_thileeb/repos/ops-hls-batching-new/codegen_apps/tiling/poisson2d/u280_project/maxtile_8192_align_interleave_p7/hls/device/src/datamover_outerloop_0.cpp:229]   --->   Operation 61 'add' 'add_ln6002_1' <Predicate = (!icmp_ln6000)> <Delay = 1.14> <CoreInst = "Adder">   --->   Core 1 'Adder' <Latency = 0> <II = 1> <Delay = 1.14> <FuncUnit> <Opcode : 'add' 'sub'> <InPorts = 2> <OutPorts = 1>
ST_3 : Operation 62 [1/1] (0.85ns)   --->   "%add_ln6003 = add i27 %zext_ln5955, i27 %row_base" [/home/x_thileeb/repos/ops-hls-batching-new/OPS/ops/hls/include/device/../../L1/include/ops_hls_datamover.hpp:6003->/home/x_thileeb/repos/ops-hls-batching-new/codegen_apps/tiling/poisson2d/u280_project/maxtile_8192_align_interleave_p7/hls/device/src/datamover_outerloop_0.cpp:229]   --->   Operation 62 'add' 'add_ln6003' <Predicate = (!icmp_ln6000)> <Delay = 0.85> <CoreInst = "Adder">   --->   Core 1 'Adder' <Latency = 0> <II = 1> <Delay = 0.85> <FuncUnit> <Opcode : 'add' 'sub'> <InPorts = 2> <OutPorts = 1>
ST_3 : Operation 63 [1/1] (0.00ns)   --->   "%indvars_iv_i_load = load i16 %indvars_iv_i" [/home/x_thileeb/repos/ops-hls-batching-new/OPS/ops/hls/include/device/../../L1/include/ops_hls_datamover.hpp:5955->/home/x_thileeb/repos/ops-hls-batching-new/codegen_apps/tiling/poisson2d/u280_project/maxtile_8192_align_interleave_p7/hls/device/src/datamover_outerloop_0.cpp:229]   --->   Operation 63 'load' 'indvars_iv_i_load' <Predicate = (icmp_ln6000)> <Delay = 0.00>
ST_3 : Operation 64 [1/1] (0.78ns)   --->   "%add_ln5955_1 = add i16 %indvars_iv_i_load, i16 %p_read410" [/home/x_thileeb/repos/ops-hls-batching-new/OPS/ops/hls/include/device/../../L1/include/ops_hls_datamover.hpp:5955->/home/x_thileeb/repos/ops-hls-batching-new/codegen_apps/tiling/poisson2d/u280_project/maxtile_8192_align_interleave_p7/hls/device/src/datamover_outerloop_0.cpp:229]   --->   Operation 64 'add' 'add_ln5955_1' <Predicate = (icmp_ln6000)> <Delay = 0.78> <CoreInst = "Adder">   --->   Core 1 'Adder' <Latency = 0> <II = 1> <Delay = 0.78> <FuncUnit> <Opcode : 'add' 'sub'> <InPorts = 2> <OutPorts = 1>
ST_3 : Operation 65 [1/1] (0.38ns)   --->   "%store_ln5955 = store i16 %add_ln5955, i16 %tile_x" [/home/x_thileeb/repos/ops-hls-batching-new/OPS/ops/hls/include/device/../../L1/include/ops_hls_datamover.hpp:5955->/home/x_thileeb/repos/ops-hls-batching-new/codegen_apps/tiling/poisson2d/u280_project/maxtile_8192_align_interleave_p7/hls/device/src/datamover_outerloop_0.cpp:229]   --->   Operation 65 'store' 'store_ln5955' <Predicate = (icmp_ln6000)> <Delay = 0.38>
ST_3 : Operation 66 [1/1] (0.38ns)   --->   "%store_ln5955 = store i16 %add_ln5955_1, i16 %indvars_iv_i" [/home/x_thileeb/repos/ops-hls-batching-new/OPS/ops/hls/include/device/../../L1/include/ops_hls_datamover.hpp:5955->/home/x_thileeb/repos/ops-hls-batching-new/codegen_apps/tiling/poisson2d/u280_project/maxtile_8192_align_interleave_p7/hls/device/src/datamover_outerloop_0.cpp:229]   --->   Operation 66 'store' 'store_ln5955' <Predicate = (icmp_ln6000)> <Delay = 0.38>
ST_3 : Operation 67 [1/1] (0.00ns)   --->   "%br_ln5955 = br void %for.body.i" [/home/x_thileeb/repos/ops-hls-batching-new/OPS/ops/hls/include/device/../../L1/include/ops_hls_datamover.hpp:5955->/home/x_thileeb/repos/ops-hls-batching-new/codegen_apps/tiling/poisson2d/u280_project/maxtile_8192_align_interleave_p7/hls/device/src/datamover_outerloop_0.cpp:229]   --->   Operation 67 'br' 'br_ln5955' <Predicate = (icmp_ln6000)> <Delay = 0.00>

State 4 <SV = 3> <Delay = 2.43>
ST_4 : Operation 68 [2/2] (2.43ns)   --->   "%call_ln6001 = call void @interleaveTileMem2Stream2D_inner, i256 %arg0_read_mem_strm_g3_0, i256 %arg0_read_mem_strm_g3_1, i13 %select_ln5958, i256 %gmem6, i64 %add_ln6002, i256 %gmem7, i64 %add_ln6002_1" [/home/x_thileeb/repos/ops-hls-batching-new/OPS/ops/hls/include/device/../../L1/include/ops_hls_datamover.hpp:6001->/home/x_thileeb/repos/ops-hls-batching-new/codegen_apps/tiling/poisson2d/u280_project/maxtile_8192_align_interleave_p7/hls/device/src/datamover_outerloop_0.cpp:229]   --->   Operation 68 'call' 'call_ln6001' <Predicate = true> <Delay = 2.43> <CoreType = "Generic">   --->   Core 0 '' <Latency = 0> <II = 1> <Delay = 1.00> <Generic> <Opcode : >

State 5 <SV = 4> <Delay = 0.00>
ST_5 : Operation 69 [1/1] (0.00ns)   --->   "%specloopname_ln5997 = specloopname void @_ssdm_op_SpecLoopName, void @empty_9" [/home/x_thileeb/repos/ops-hls-batching-new/OPS/ops/hls/include/device/../../L1/include/ops_hls_datamover.hpp:5997->/home/x_thileeb/repos/ops-hls-batching-new/codegen_apps/tiling/poisson2d/u280_project/maxtile_8192_align_interleave_p7/hls/device/src/datamover_outerloop_0.cpp:229]   --->   Operation 69 'specloopname' 'specloopname_ln5997' <Predicate = true> <Delay = 0.00>
ST_5 : Operation 70 [1/2] (0.00ns)   --->   "%call_ln6001 = call void @interleaveTileMem2Stream2D_inner, i256 %arg0_read_mem_strm_g3_0, i256 %arg0_read_mem_strm_g3_1, i13 %select_ln5958, i256 %gmem6, i64 %add_ln6002, i256 %gmem7, i64 %add_ln6002_1" [/home/x_thileeb/repos/ops-hls-batching-new/OPS/ops/hls/include/device/../../L1/include/ops_hls_datamover.hpp:6001->/home/x_thileeb/repos/ops-hls-batching-new/codegen_apps/tiling/poisson2d/u280_project/maxtile_8192_align_interleave_p7/hls/device/src/datamover_outerloop_0.cpp:229]   --->   Operation 70 'call' 'call_ln6001' <Predicate = true> <Delay = 0.00> <CoreType = "Generic">   --->   Core 0 '' <Latency = 0> <II = 1> <Delay = 1.00> <Generic> <Opcode : >
ST_5 : Operation 71 [1/1] (0.00ns)   --->   "%br_ln6000 = br void %for.inc42.i" [/home/x_thileeb/repos/ops-hls-batching-new/OPS/ops/hls/include/device/../../L1/include/ops_hls_datamover.hpp:6000->/home/x_thileeb/repos/ops-hls-batching-new/codegen_apps/tiling/poisson2d/u280_project/maxtile_8192_align_interleave_p7/hls/device/src/datamover_outerloop_0.cpp:229]   --->   Operation 71 'br' 'br_ln6000' <Predicate = true> <Delay = 0.00>


============================================================
+ Verbose Summary: Binding
============================================================
STG Binding: 
---------------- STG Properties BEGIN ----------------
- Is combinational: 0
- Is one-state seq: 0
- Is datapath-only: 0
- Is pipelined: 0
- Is top level: 0
Port [ Return ] is wired: 1; IO mode=ap_ctrl_hs:ce=0
Port [ arg0_read_mem_strm_g3_0]:  wired=1; compound=1; hidden=0; nouse=0; global=0; static=0; extern=0; dir=1; type=3; pingpong=0; private_global=0; IO mode=ap_fifo:ce=0
Port [ arg0_read_mem_strm_g3_1]:  wired=1; compound=1; hidden=0; nouse=0; global=0; static=0; extern=0; dir=1; type=3; pingpong=0; private_global=0; IO mode=ap_fifo:ce=0
Port [ p_read]:  wired=1; compound=0; hidden=0; nouse=0; global=0; static=0; extern=0; dir=0; type=0; pingpong=0; private_global=0; IO mode=ap_none:ce=0
Port [ p_read1]:  wired=1; compound=0; hidden=0; nouse=0; global=0; static=0; extern=0; dir=0; type=0; pingpong=0; private_global=0; IO mode=ap_none:ce=0
Port [ p_read2]:  wired=1; compound=0; hidden=0; nouse=0; global=0; static=0; extern=0; dir=0; type=0; pingpong=0; private_global=0; IO mode=ap_none:ce=0
Port [ p_read3]:  wired=1; compound=0; hidden=0; nouse=0; global=0; static=0; extern=0; dir=0; type=0; pingpong=0; private_global=0; IO mode=ap_none:ce=0
Port [ p_read4]:  wired=1; compound=0; hidden=0; nouse=0; global=0; static=0; extern=0; dir=0; type=0; pingpong=0; private_global=0; IO mode=ap_none:ce=0
Port [ p_read5]:  wired=1; compound=0; hidden=0; nouse=0; global=0; static=0; extern=0; dir=0; type=0; pingpong=0; private_global=0; IO mode=ap_none:ce=0
Port [ gmem6]:  wired=1; compound=1; hidden=0; nouse=0; global=0; static=0; extern=0; dir=0; type=4; pingpong=0; private_global=0; IO mode=m_axi:ce=0
Port [ arg0_b6]:  wired=1; compound=0; hidden=0; nouse=0; global=0; static=0; extern=0; dir=0; type=0; pingpong=0; private_global=0; IO mode=ap_none:ce=0
Port [ gmem7]:  wired=1; compound=1; hidden=0; nouse=0; global=0; static=0; extern=0; dir=0; type=4; pingpong=0; private_global=0; IO mode=m_axi:ce=0
Port [ arg0_b7]:  wired=1; compound=0; hidden=0; nouse=0; global=0; static=0; extern=0; dir=0; type=0; pingpong=0; private_global=0; IO mode=ap_none:ce=0
Port [ memconfig_grid_size_y_c96]:  wired=1; compound=1; hidden=0; nouse=0; global=0; static=0; extern=0; dir=1; type=3; pingpong=0; private_global=0; IO mode=ap_fifo:ce=0
Port [ memconfig_tile_count_x_c103]:  wired=1; compound=1; hidden=0; nouse=0; global=0; static=0; extern=0; dir=1; type=3; pingpong=0; private_global=0; IO mode=ap_fifo:ce=0
Port [ memconfig_tile_size_x_c110]:  wired=1; compound=1; hidden=0; nouse=0; global=0; static=0; extern=0; dir=1; type=3; pingpong=0; private_global=0; IO mode=ap_fifo:ce=0
Port [ memconfig_last_tile_size_x_c123]:  wired=1; compound=1; hidden=0; nouse=0; global=0; static=0; extern=0; dir=1; type=3; pingpong=0; private_global=0; IO mode=ap_fifo:ce=0
---------------- STG Properties END ------------------

---------------- Datapath Model BEGIN ----------------

<LifeTime>
<method=bitvector/>
indvars_iv_i               (alloca           ) [ 011111]
tile_x                     (alloca           ) [ 011111]
specinterface_ln0          (specinterface    ) [ 000000]
arg0_b7_read               (read             ) [ 001111]
arg0_b6_read               (read             ) [ 001111]
p_read511                  (read             ) [ 001111]
p_read410                  (read             ) [ 001111]
p_read39                   (read             ) [ 001111]
p_read28                   (read             ) [ 001111]
p_read17                   (read             ) [ 001111]
p_read_14                  (read             ) [ 000000]
write_ln0                  (write            ) [ 000000]
specinterface_ln0          (specinterface    ) [ 000000]
write_ln0                  (write            ) [ 000000]
specinterface_ln0          (specinterface    ) [ 000000]
write_ln0                  (write            ) [ 000000]
specinterface_ln0          (specinterface    ) [ 000000]
write_ln217                (write            ) [ 000000]
specinterface_ln0          (specinterface    ) [ 000000]
specinterface_ln0          (specinterface    ) [ 000000]
specinterface_ln0          (specinterface    ) [ 000000]
specinterface_ln0          (specinterface    ) [ 000000]
zext_ln5952                (zext             ) [ 000000]
add_ln5952                 (add              ) [ 000000]
lshr_ln                    (partselect       ) [ 000000]
config_tile_count_x_cast_i (zext             ) [ 000000]
sub_i                      (add              ) [ 001111]
zext_ln5955                (zext             ) [ 001111]
store_ln5955               (store            ) [ 000000]
store_ln5955               (store            ) [ 000000]
br_ln5955                  (br               ) [ 000000]
tile_x_12                  (load             ) [ 000000]
zext_ln5955_1              (zext             ) [ 000000]
icmp_ln5955                (icmp             ) [ 001111]
speclooptripcount_ln0      (speclooptripcount) [ 000000]
add_ln5955                 (add              ) [ 000111]
br_ln5955                  (br               ) [ 000000]
indvars_iv_i_load_4        (load             ) [ 000000]
specloopname_ln5955        (specloopname     ) [ 000000]
lshr_ln9                   (partselect       ) [ 000000]
zext_ln5958                (zext             ) [ 001111]
icmp_ln5958                (icmp             ) [ 000000]
tmp                        (partselect       ) [ 000000]
tmp_8                      (partselect       ) [ 000000]
select_ln5958              (select           ) [ 000111]
br_ln6000                  (br               ) [ 001111]
ret_ln229                  (ret              ) [ 000000]
row_base                   (phi              ) [ 000100]
j                          (phi              ) [ 000100]
icmp_ln6000                (icmp             ) [ 001111]
j_8                        (add              ) [ 001111]
br_ln6000                  (br               ) [ 000000]
shl_ln                     (bitconcatenate   ) [ 000000]
zext_ln6002                (zext             ) [ 000000]
add_ln6002                 (add              ) [ 000011]
add_ln6002_1               (add              ) [ 000011]
add_ln6003                 (add              ) [ 001111]
indvars_iv_i_load          (load             ) [ 000000]
add_ln5955_1               (add              ) [ 000000]
store_ln5955               (store            ) [ 000000]
store_ln5955               (store            ) [ 000000]
br_ln5955                  (br               ) [ 000000]
specloopname_ln5997        (specloopname     ) [ 000000]
call_ln6001                (call             ) [ 000000]
br_ln6000                  (br               ) [ 001111]
</LifeTime>

<model>

<comp_list>
<comp id="0" class="1000" name="arg0_read_mem_strm_g3_0">
<pin_list>
<pin id="1" dir="1" index="0" bw="1" slack="0"/>
</pin_list>
<bind>
<StgValue><ssdm name="arg0_read_mem_strm_g3_0"/></StgValue>
</bind>
</comp>

<comp id="2" class="1000" name="arg0_read_mem_strm_g3_1">
<pin_list>
<pin id="3" dir="1" index="0" bw="1" slack="0"/>
</pin_list>
<bind>
<StgValue><ssdm name="arg0_read_mem_strm_g3_1"/></StgValue>
</bind>
</comp>

<comp id="4" class="1000" name="p_read">
<pin_list>
<pin id="5" dir="1" index="0" bw="1" slack="0"/>
</pin_list>
<bind>
<StgValue><ssdm name="p_read"/></StgValue>
</bind>
</comp>

<comp id="6" class="1000" name="p_read1">
<pin_list>
<pin id="7" dir="1" index="0" bw="1" slack="0"/>
</pin_list>
<bind>
<StgValue><ssdm name="p_read1"/></StgValue>
</bind>
</comp>

<comp id="8" class="1000" name="p_read2">
<pin_list>
<pin id="9" dir="1" index="0" bw="1" slack="0"/>
</pin_list>
<bind>
<StgValue><ssdm name="p_read2"/></StgValue>
</bind>
</comp>

<comp id="10" class="1000" name="p_read3">
<pin_list>
<pin id="11" dir="1" index="0" bw="1" slack="0"/>
</pin_list>
<bind>
<StgValue><ssdm name="p_read3"/></StgValue>
</bind>
</comp>

<comp id="12" class="1000" name="p_read4">
<pin_list>
<pin id="13" dir="1" index="0" bw="1" slack="0"/>
</pin_list>
<bind>
<StgValue><ssdm name="p_read4"/></StgValue>
</bind>
</comp>

<comp id="14" class="1000" name="p_read5">
<pin_list>
<pin id="15" dir="1" index="0" bw="1" slack="0"/>
</pin_list>
<bind>
<StgValue><ssdm name="p_read5"/></StgValue>
</bind>
</comp>

<comp id="16" class="1000" name="gmem6">
<pin_list>
<pin id="17" dir="1" index="0" bw="1" slack="0"/>
</pin_list>
<bind>
<StgValue><ssdm name="gmem6"/></StgValue>
</bind>
</comp>

<comp id="18" class="1000" name="arg0_b6">
<pin_list>
<pin id="19" dir="1" index="0" bw="1" slack="0"/>
</pin_list>
<bind>
<StgValue><ssdm name="arg0_b6"/></StgValue>
</bind>
</comp>

<comp id="20" class="1000" name="gmem7">
<pin_list>
<pin id="21" dir="1" index="0" bw="1" slack="0"/>
</pin_list>
<bind>
<StgValue><ssdm name="gmem7"/></StgValue>
</bind>
</comp>

<comp id="22" class="1000" name="arg0_b7">
<pin_list>
<pin id="23" dir="1" index="0" bw="1" slack="0"/>
</pin_list>
<bind>
<StgValue><ssdm name="arg0_b7"/></StgValue>
</bind>
</comp>

<comp id="24" class="1000" name="memconfig_grid_size_y_c96">
<pin_list>
<pin id="25" dir="1" index="0" bw="1" slack="0"/>
</pin_list>
<bind>
<StgValue><ssdm name="memconfig_grid_size_y_c96"/></StgValue>
</bind>
</comp>

<comp id="26" class="1000" name="memconfig_tile_count_x_c103">
<pin_list>
<pin id="27" dir="1" index="0" bw="1" slack="0"/>
</pin_list>
<bind>
<StgValue><ssdm name="memconfig_tile_count_x_c103"/></StgValue>
</bind>
</comp>

<comp id="28" class="1000" name="memconfig_tile_size_x_c110">
<pin_list>
<pin id="29" dir="1" index="0" bw="1" slack="0"/>
</pin_list>
<bind>
<StgValue><ssdm name="memconfig_tile_size_x_c110"/></StgValue>
</bind>
</comp>

<comp id="30" class="1000" name="memconfig_last_tile_size_x_c123">
<pin_list>
<pin id="31" dir="1" index="0" bw="1" slack="0"/>
</pin_list>
<bind>
<StgValue><ssdm name="memconfig_last_tile_size_x_c123"/></StgValue>
</bind>
</comp>

<comp id="32" class="1001" name="const_32">
<pin_list>
<pin id="33" dir="1" index="0" bw="1" slack="0"/>
</pin_list>
<bind>
<StgValue><ssdm name=""/></StgValue>
</bind>
</comp>

<comp id="34" class="1001" name="const_34">
<pin_list>
<pin id="35" dir="1" index="0" bw="1" slack="2147483647"/>
</pin_list>
<bind>
<StgValue><ssdm name="_ssdm_op_SpecInterface"/></StgValue>
</bind>
</comp>

<comp id="36" class="1001" name="const_36">
<pin_list>
<pin id="37" dir="1" index="0" bw="1" slack="2147483647"/>
</pin_list>
<bind>
<StgValue><ssdm name="ap_fifo_str"/></StgValue>
</bind>
</comp>

<comp id="38" class="1001" name="const_38">
<pin_list>
<pin id="39" dir="1" index="0" bw="1" slack="2147483647"/>
</pin_list>
<bind>
<StgValue><ssdm name=""/></StgValue>
</bind>
</comp>

<comp id="40" class="1001" name="const_40">
<pin_list>
<pin id="41" dir="1" index="0" bw="1" slack="2147483647"/>
</pin_list>
<bind>
<StgValue><ssdm name="p_str"/></StgValue>
</bind>
</comp>

<comp id="42" class="1001" name="const_42">
<pin_list>
<pin id="43" dir="1" index="0" bw="1" slack="2147483647"/>
</pin_list>
<bind>
<StgValue><ssdm name=""/></StgValue>
</bind>
</comp>

<comp id="44" class="1001" name="const_44">
<pin_list>
<pin id="45" dir="1" index="0" bw="1" slack="2147483647"/>
</pin_list>
<bind>
<StgValue><ssdm name=""/></StgValue>
</bind>
</comp>

<comp id="46" class="1001" name="const_46">
<pin_list>
<pin id="47" dir="1" index="0" bw="1" slack="2147483647"/>
</pin_list>
<bind>
<StgValue><ssdm name="ScalarProp_str"/></StgValue>
</bind>
</comp>

<comp id="48" class="1001" name="const_48">
<pin_list>
<pin id="49" dir="1" index="0" bw="1" slack="2147483647"/>
</pin_list>
<bind>
<StgValue><ssdm name=""/></StgValue>
</bind>
</comp>

<comp id="50" class="1001" name="const_50">
<pin_list>
<pin id="51" dir="1" index="0" bw="1" slack="0"/>
</pin_list>
<bind>
<StgValue><ssdm name="_ssdm_op_Read.ap_auto.i64"/></StgValue>
</bind>
</comp>

<comp id="52" class="1001" name="const_52">
<pin_list>
<pin id="53" dir="1" index="0" bw="1" slack="0"/>
</pin_list>
<bind>
<StgValue><ssdm name="_ssdm_op_Read.ap_auto.i16"/></StgValue>
</bind>
</comp>

<comp id="54" class="1001" name="const_54">
<pin_list>
<pin id="55" dir="1" index="0" bw="1" slack="0"/>
</pin_list>
<bind>
<StgValue><ssdm name="_ssdm_op_Read.ap_auto.i13"/></StgValue>
</bind>
</comp>

<comp id="56" class="1001" name="const_56">
<pin_list>
<pin id="57" dir="1" index="0" bw="1" slack="0"/>
</pin_list>
<bind>
<StgValue><ssdm name="_ssdm_op_Write.ap_fifo.i16P0A"/></StgValue>
</bind>
</comp>

<comp id="58" class="1001" name="const_58">
<pin_list>
<pin id="59" dir="1" index="0" bw="1" slack="2147483647"/>
</pin_list>
<bind>
<StgValue><ssdm name="empty_42"/></StgValue>
</bind>
</comp>

<comp id="60" class="1001" name="const_60">
<pin_list>
<pin id="61" dir="1" index="0" bw="1" slack="2147483647"/>
</pin_list>
<bind>
<StgValue><ssdm name="empty_11"/></StgValue>
</bind>
</comp>

<comp id="62" class="1001" name="const_62">
<pin_list>
<pin id="63" dir="1" index="0" bw="1" slack="2147483647"/>
</pin_list>
<bind>
<StgValue><ssdm name="empty_2"/></StgValue>
</bind>
</comp>

<comp id="64" class="1001" name="const_64">
<pin_list>
<pin id="65" dir="1" index="0" bw="1" slack="2147483647"/>
</pin_list>
<bind>
<StgValue><ssdm name=""/></StgValue>
</bind>
</comp>

<comp id="66" class="1001" name="const_66">
<pin_list>
<pin id="67" dir="1" index="0" bw="1" slack="2147483647"/>
</pin_list>
<bind>
<StgValue><ssdm name=""/></StgValue>
</bind>
</comp>

<comp id="68" class="1001" name="const_68">
<pin_list>
<pin id="69" dir="1" index="0" bw="1" slack="2147483647"/>
</pin_list>
<bind>
<StgValue><ssdm name="empty_31"/></StgValue>
</bind>
</comp>

<comp id="70" class="1001" name="const_70">
<pin_list>
<pin id="71" dir="1" index="0" bw="1" slack="2147483647"/>
</pin_list>
<bind>
<StgValue><ssdm name="empty_57"/></StgValue>
</bind>
</comp>

<comp id="72" class="1001" name="const_72">
<pin_list>
<pin id="73" dir="1" index="0" bw="1" slack="2147483647"/>
</pin_list>
<bind>
<StgValue><ssdm name="empty_69"/></StgValue>
</bind>
</comp>

<comp id="74" class="1001" name="const_74">
<pin_list>
<pin id="75" dir="1" index="0" bw="1" slack="0"/>
</pin_list>
<bind>
<StgValue><ssdm name=""/></StgValue>
</bind>
</comp>

<comp id="76" class="1001" name="const_76">
<pin_list>
<pin id="77" dir="1" index="0" bw="1" slack="0"/>
</pin_list>
<bind>
<StgValue><ssdm name="_ssdm_op_PartSelect.i11.i14.i32.i32"/></StgValue>
</bind>
</comp>

<comp id="78" class="1001" name="const_78">
<pin_list>
<pin id="79" dir="1" index="0" bw="1" slack="0"/>
</pin_list>
<bind>
<StgValue><ssdm name=""/></StgValue>
</bind>
</comp>

<comp id="80" class="1001" name="const_80">
<pin_list>
<pin id="81" dir="1" index="0" bw="1" slack="0"/>
</pin_list>
<bind>
<StgValue><ssdm name=""/></StgValue>
</bind>
</comp>

<comp id="82" class="1001" name="const_82">
<pin_list>
<pin id="83" dir="1" index="0" bw="1" slack="0"/>
</pin_list>
<bind>
<StgValue><ssdm name=""/></StgValue>
</bind>
</comp>

<comp id="84" class="1001" name="const_84">
<pin_list>
<pin id="85" dir="1" index="0" bw="1" slack="0"/>
</pin_list>
<bind>
<StgValue><ssdm name=""/></StgValue>
</bind>
</comp>

<comp id="86" class="1001" name="const_86">
<pin_list>
<pin id="87" dir="1" index="0" bw="1" slack="2147483647"/>
</pin_list>
<bind>
<StgValue><ssdm name="_ssdm_op_SpecLoopTripCount"/></StgValue>
</bind>
</comp>

<comp id="88" class="1001" name="const_88">
<pin_list>
<pin id="89" dir="1" index="0" bw="1" slack="2147483647"/>
</pin_list>
<bind>
<StgValue><ssdm name=""/></StgValue>
</bind>
</comp>

<comp id="90" class="1001" name="const_90">
<pin_list>
<pin id="91" dir="1" index="0" bw="1" slack="2147483647"/>
</pin_list>
<bind>
<StgValue><ssdm name=""/></StgValue>
</bind>
</comp>

<comp id="92" class="1001" name="const_92">
<pin_list>
<pin id="93" dir="1" index="0" bw="1" slack="0"/>
</pin_list>
<bind>
<StgValue><ssdm name=""/></StgValue>
</bind>
</comp>

<comp id="94" class="1001" name="const_94">
<pin_list>
<pin id="95" dir="1" index="0" bw="1" slack="2147483647"/>
</pin_list>
<bind>
<StgValue><ssdm name="_ssdm_op_SpecLoopName"/></StgValue>
</bind>
</comp>

<comp id="96" class="1001" name="const_96">
<pin_list>
<pin id="97" dir="1" index="0" bw="1" slack="2147483647"/>
</pin_list>
<bind>
<StgValue><ssdm name="empty_19"/></StgValue>
</bind>
</comp>

<comp id="98" class="1001" name="const_98">
<pin_list>
<pin id="99" dir="1" index="0" bw="1" slack="0"/>
</pin_list>
<bind>
<StgValue><ssdm name="_ssdm_op_PartSelect.i13.i16.i32.i32"/></StgValue>
</bind>
</comp>

<comp id="100" class="1001" name="const_100">
<pin_list>
<pin id="101" dir="1" index="0" bw="1" slack="0"/>
</pin_list>
<bind>
<StgValue><ssdm name=""/></StgValue>
</bind>
</comp>

<comp id="102" class="1001" name="const_102">
<pin_list>
<pin id="103" dir="1" index="0" bw="1" slack="0"/>
</pin_list>
<bind>
<StgValue><ssdm name="_ssdm_op_BitConcatenate.i32.i27.i5"/></StgValue>
</bind>
</comp>

<comp id="104" class="1001" name="const_104">
<pin_list>
<pin id="105" dir="1" index="0" bw="1" slack="0"/>
</pin_list>
<bind>
<StgValue><ssdm name=""/></StgValue>
</bind>
</comp>

<comp id="106" class="1001" name="const_106">
<pin_list>
<pin id="107" dir="1" index="0" bw="1" slack="0"/>
</pin_list>
<bind>
<StgValue><ssdm name="interleaveTileMem2Stream2D_inner"/></StgValue>
</bind>
</comp>

<comp id="108" class="1001" name="const_108">
<pin_list>
<pin id="109" dir="1" index="0" bw="1" slack="2147483647"/>
</pin_list>
<bind>
<StgValue><ssdm name="empty_9"/></StgValue>
</bind>
</comp>

<comp id="110" class="1004" name="indvars_iv_i_fu_110">
<pin_list>
<pin id="111" dir="0" index="0" bw="1" slack="0"/>
<pin id="112" dir="1" index="1" bw="16" slack="0"/>
</pin_list>
<bind>
<opcode="alloca(26) " fcode="alloca"/>
<opset="indvars_iv_i/1 "/>
</bind>
</comp>

<comp id="114" class="1004" name="tile_x_fu_114">
<pin_list>
<pin id="115" dir="0" index="0" bw="1" slack="0"/>
<pin id="116" dir="1" index="1" bw="16" slack="0"/>
</pin_list>
<bind>
<opcode="alloca(26) " fcode="alloca"/>
<opset="tile_x/1 "/>
</bind>
</comp>

<comp id="118" class="1004" name="arg0_b7_read_read_fu_118">
<pin_list>
<pin id="119" dir="0" index="0" bw="64" slack="0"/>
<pin id="120" dir="0" index="1" bw="64" slack="0"/>
<pin id="121" dir="1" index="2" bw="64" slack="2"/>
</pin_list>
<bind>
<opcode="read(1150) " fcode="read"/>
<opset="arg0_b7_read/1 "/>
</bind>
</comp>

<comp id="124" class="1004" name="arg0_b6_read_read_fu_124">
<pin_list>
<pin id="125" dir="0" index="0" bw="64" slack="0"/>
<pin id="126" dir="0" index="1" bw="64" slack="0"/>
<pin id="127" dir="1" index="2" bw="64" slack="2"/>
</pin_list>
<bind>
<opcode="read(1150) " fcode="read"/>
<opset="arg0_b6_read/1 "/>
</bind>
</comp>

<comp id="130" class="1004" name="p_read511_read_fu_130">
<pin_list>
<pin id="131" dir="0" index="0" bw="16" slack="0"/>
<pin id="132" dir="0" index="1" bw="16" slack="0"/>
<pin id="133" dir="1" index="2" bw="16" slack="0"/>
</pin_list>
<bind>
<opcode="read(1150) " fcode="read"/>
<opset="p_read511/1 "/>
</bind>
</comp>

<comp id="136" class="1004" name="p_read410_read_fu_136">
<pin_list>
<pin id="137" dir="0" index="0" bw="16" slack="0"/>
<pin id="138" dir="0" index="1" bw="16" slack="0"/>
<pin id="139" dir="1" index="2" bw="16" slack="2"/>
</pin_list>
<bind>
<opcode="read(1150) " fcode="read"/>
<opset="p_read410/1 "/>
</bind>
</comp>

<comp id="142" class="1004" name="p_read39_read_fu_142">
<pin_list>
<pin id="143" dir="0" index="0" bw="16" slack="0"/>
<pin id="144" dir="0" index="1" bw="16" slack="0"/>
<pin id="145" dir="1" index="2" bw="16" slack="0"/>
</pin_list>
<bind>
<opcode="read(1150) " fcode="read"/>
<opset="p_read39/1 "/>
</bind>
</comp>

<comp id="148" class="1004" name="p_read28_read_fu_148">
<pin_list>
<pin id="149" dir="0" index="0" bw="16" slack="0"/>
<pin id="150" dir="0" index="1" bw="16" slack="0"/>
<pin id="151" dir="1" index="2" bw="16" slack="0"/>
</pin_list>
<bind>
<opcode="read(1150) " fcode="read"/>
<opset="p_read28/1 "/>
</bind>
</comp>

<comp id="154" class="1004" name="p_read17_read_fu_154">
<pin_list>
<pin id="155" dir="0" index="0" bw="16" slack="0"/>
<pin id="156" dir="0" index="1" bw="16" slack="0"/>
<pin id="157" dir="1" index="2" bw="16" slack="0"/>
</pin_list>
<bind>
<opcode="read(1150) " fcode="read"/>
<opset="p_read17/1 "/>
</bind>
</comp>

<comp id="160" class="1004" name="p_read_14_read_fu_160">
<pin_list>
<pin id="161" dir="0" index="0" bw="13" slack="0"/>
<pin id="162" dir="0" index="1" bw="13" slack="0"/>
<pin id="163" dir="1" index="2" bw="13" slack="0"/>
</pin_list>
<bind>
<opcode="read(1150) " fcode="read"/>
<opset="p_read_14/1 "/>
</bind>
</comp>

<comp id="166" class="1004" name="write_ln0_write_fu_166">
<pin_list>
<pin id="167" dir="0" index="0" bw="0" slack="0"/>
<pin id="168" dir="0" index="1" bw="16" slack="0"/>
<pin id="169" dir="0" index="2" bw="16" slack="0"/>
<pin id="170" dir="1" index="3" bw="0" slack="2147483647"/>
</pin_list>
<bind>
<opcode="write(1151) " fcode="write"/>
<opset="write_ln0/1 "/>
</bind>
</comp>

<comp id="174" class="1004" name="write_ln0_write_fu_174">
<pin_list>
<pin id="175" dir="0" index="0" bw="0" slack="0"/>
<pin id="176" dir="0" index="1" bw="16" slack="0"/>
<pin id="177" dir="0" index="2" bw="16" slack="0"/>
<pin id="178" dir="1" index="3" bw="0" slack="2147483647"/>
</pin_list>
<bind>
<opcode="write(1151) " fcode="write"/>
<opset="write_ln0/1 "/>
</bind>
</comp>

<comp id="182" class="1004" name="write_ln0_write_fu_182">
<pin_list>
<pin id="183" dir="0" index="0" bw="0" slack="0"/>
<pin id="184" dir="0" index="1" bw="16" slack="0"/>
<pin id="185" dir="0" index="2" bw="16" slack="0"/>
<pin id="186" dir="1" index="3" bw="0" slack="2147483647"/>
</pin_list>
<bind>
<opcode="write(1151) " fcode="write"/>
<opset="write_ln0/1 "/>
</bind>
</comp>

<comp id="190" class="1004" name="write_ln217_write_fu_190">
<pin_list>
<pin id="191" dir="0" index="0" bw="0" slack="0"/>
<pin id="192" dir="0" index="1" bw="16" slack="0"/>
<pin id="193" dir="0" index="2" bw="16" slack="0"/>
<pin id="194" dir="1" index="3" bw="0" slack="2147483647"/>
</pin_list>
<bind>
<opcode="write(1151) " fcode="write"/>
<opset="write_ln217/1 "/>
</bind>
</comp>

<comp id="198" class="1005" name="row_base_reg_198">
<pin_list>
<pin id="199" dir="0" index="0" bw="27" slack="2147483647"/>
<pin id="200" dir="1" index="1" bw="27" slack="2147483647"/>
</pin_list>
<bind>
<opset="row_base (phireg) "/>
</bind>
</comp>

<comp id="201" class="1004" name="row_base_phi_fu_201">
<pin_list>
<pin id="202" dir="0" index="0" bw="27" slack="0"/>
<pin id="203" dir="0" index="1" bw="0" slack="2147483647"/>
<pin id="204" dir="0" index="2" bw="13" slack="1"/>
<pin id="205" dir="0" index="3" bw="0" slack="2147483647"/>
<pin id="206" dir="1" index="4" bw="27" slack="0"/>
</pin_list>
<bind>
<opcode="phi(47) " fcode="phi"/>
<opset="row_base/3 "/>
</bind>
</comp>

<comp id="207" class="1005" name="j_reg_207">
<pin_list>
<pin id="208" dir="0" index="0" bw="16" slack="1"/>
<pin id="209" dir="1" index="1" bw="16" slack="1"/>
</pin_list>
<bind>
<opset="j (phireg) "/>
</bind>
</comp>

<comp id="211" class="1004" name="j_phi_fu_211">
<pin_list>
<pin id="212" dir="0" index="0" bw="16" slack="0"/>
<pin id="213" dir="0" index="1" bw="0" slack="2147483647"/>
<pin id="214" dir="0" index="2" bw="1" slack="1"/>
<pin id="215" dir="0" index="3" bw="0" slack="2147483647"/>
<pin id="216" dir="1" index="4" bw="16" slack="0"/>
</pin_list>
<bind>
<opcode="phi(47) " fcode="phi"/>
<opset="j/3 "/>
</bind>
</comp>

<comp id="218" class="1004" name="grp_interleaveTileMem2Stream2D_inner_fu_218">
<pin_list>
<pin id="219" dir="0" index="0" bw="0" slack="0"/>
<pin id="220" dir="0" index="1" bw="256" slack="0"/>
<pin id="221" dir="0" index="2" bw="256" slack="0"/>
<pin id="222" dir="0" index="3" bw="13" slack="2"/>
<pin id="223" dir="0" index="4" bw="256" slack="0"/>
<pin id="224" dir="0" index="5" bw="64" slack="1"/>
<pin id="225" dir="0" index="6" bw="256" slack="0"/>
<pin id="226" dir="0" index="7" bw="64" slack="1"/>
<pin id="227" dir="1" index="8" bw="0" slack="2147483647"/>
</pin_list>
<bind>
<opcode="call(48) " fcode="call"/>
<opset="call_ln6001/4 "/>
</bind>
</comp>

<comp id="233" class="1004" name="grp_load_fu_233">
<pin_list>
<pin id="234" dir="0" index="0" bw="16" slack="1"/>
<pin id="235" dir="1" index="1" bw="16" slack="0"/>
</pin_list>
<bind>
<opcode="load(27) " fcode="load"/>
<opset="indvars_iv_i_load_4/2 indvars_iv_i_load/3 "/>
</bind>
</comp>

<comp id="236" class="1004" name="zext_ln5952_fu_236">
<pin_list>
<pin id="237" dir="0" index="0" bw="13" slack="0"/>
<pin id="238" dir="1" index="1" bw="14" slack="0"/>
</pin_list>
<bind>
<opcode="zext(34) " fcode="zext"/>
<opset="zext_ln5952/1 "/>
</bind>
</comp>

<comp id="240" class="1004" name="add_ln5952_fu_240">
<pin_list>
<pin id="241" dir="0" index="0" bw="13" slack="0"/>
<pin id="242" dir="0" index="1" bw="4" slack="0"/>
<pin id="243" dir="1" index="2" bw="14" slack="0"/>
</pin_list>
<bind>
<opcode="add(8) " fcode="add"/>
<opset="add_ln5952/1 "/>
</bind>
</comp>

<comp id="246" class="1004" name="lshr_ln_fu_246">
<pin_list>
<pin id="247" dir="0" index="0" bw="11" slack="0"/>
<pin id="248" dir="0" index="1" bw="14" slack="0"/>
<pin id="249" dir="0" index="2" bw="3" slack="0"/>
<pin id="250" dir="0" index="3" bw="5" slack="0"/>
<pin id="251" dir="1" index="4" bw="11" slack="0"/>
</pin_list>
<bind>
<opcode="partselect(1002) " fcode="partselect"/>
<opset="lshr_ln/1 "/>
</bind>
</comp>

<comp id="256" class="1004" name="config_tile_count_x_cast_i_fu_256">
<pin_list>
<pin id="257" dir="0" index="0" bw="16" slack="0"/>
<pin id="258" dir="1" index="1" bw="17" slack="0"/>
</pin_list>
<bind>
<opcode="zext(34) " fcode="zext"/>
<opset="config_tile_count_x_cast_i/1 "/>
</bind>
</comp>

<comp id="260" class="1004" name="sub_i_fu_260">
<pin_list>
<pin id="261" dir="0" index="0" bw="16" slack="0"/>
<pin id="262" dir="0" index="1" bw="1" slack="0"/>
<pin id="263" dir="1" index="2" bw="17" slack="1"/>
</pin_list>
<bind>
<opcode="add(8) " fcode="add"/>
<opset="sub_i/1 "/>
</bind>
</comp>

<comp id="266" class="1004" name="zext_ln5955_fu_266">
<pin_list>
<pin id="267" dir="0" index="0" bw="11" slack="0"/>
<pin id="268" dir="1" index="1" bw="27" slack="2"/>
</pin_list>
<bind>
<opcode="zext(34) " fcode="zext"/>
<opset="zext_ln5955/1 "/>
</bind>
</comp>

<comp id="270" class="1004" name="store_ln5955_store_fu_270">
<pin_list>
<pin id="271" dir="0" index="0" bw="1" slack="0"/>
<pin id="272" dir="0" index="1" bw="16" slack="0"/>
<pin id="273" dir="1" index="2" bw="0" slack="2147483647"/>
</pin_list>
<bind>
<opcode="store(28) " fcode="store"/>
<opset="store_ln5955/1 "/>
</bind>
</comp>

<comp id="275" class="1004" name="store_ln5955_store_fu_275">
<pin_list>
<pin id="276" dir="0" index="0" bw="1" slack="0"/>
<pin id="277" dir="0" index="1" bw="16" slack="0"/>
<pin id="278" dir="1" index="2" bw="0" slack="2147483647"/>
</pin_list>
<bind>
<opcode="store(28) " fcode="store"/>
<opset="store_ln5955/1 "/>
</bind>
</comp>

<comp id="280" class="1004" name="tile_x_12_load_fu_280">
<pin_list>
<pin id="281" dir="0" index="0" bw="16" slack="1"/>
<pin id="282" dir="1" index="1" bw="16" slack="0"/>
</pin_list>
<bind>
<opcode="load(27) " fcode="load"/>
<opset="tile_x_12/2 "/>
</bind>
</comp>

<comp id="283" class="1004" name="zext_ln5955_1_fu_283">
<pin_list>
<pin id="284" dir="0" index="0" bw="16" slack="0"/>
<pin id="285" dir="1" index="1" bw="17" slack="0"/>
</pin_list>
<bind>
<opcode="zext(34) " fcode="zext"/>
<opset="zext_ln5955_1/2 "/>
</bind>
</comp>

<comp id="287" class="1004" name="icmp_ln5955_fu_287">
<pin_list>
<pin id="288" dir="0" index="0" bw="16" slack="0"/>
<pin id="289" dir="0" index="1" bw="16" slack="1"/>
<pin id="290" dir="1" index="2" bw="1" slack="2147483647"/>
</pin_list>
<bind>
<opcode="icmp(45) " fcode="icmp"/>
<opset="icmp_ln5955/2 "/>
</bind>
</comp>

<comp id="292" class="1004" name="add_ln5955_fu_292">
<pin_list>
<pin id="293" dir="0" index="0" bw="16" slack="0"/>
<pin id="294" dir="0" index="1" bw="1" slack="0"/>
<pin id="295" dir="1" index="2" bw="16" slack="1"/>
</pin_list>
<bind>
<opcode="add(8) " fcode="add"/>
<opset="add_ln5955/2 "/>
</bind>
</comp>

<comp id="298" class="1004" name="lshr_ln9_fu_298">
<pin_list>
<pin id="299" dir="0" index="0" bw="13" slack="0"/>
<pin id="300" dir="0" index="1" bw="16" slack="0"/>
<pin id="301" dir="0" index="2" bw="3" slack="0"/>
<pin id="302" dir="0" index="3" bw="5" slack="0"/>
<pin id="303" dir="1" index="4" bw="13" slack="0"/>
</pin_list>
<bind>
<opcode="partselect(1002) " fcode="partselect"/>
<opset="lshr_ln9/2 "/>
</bind>
</comp>

<comp id="308" class="1004" name="zext_ln5958_fu_308">
<pin_list>
<pin id="309" dir="0" index="0" bw="13" slack="0"/>
<pin id="310" dir="1" index="1" bw="27" slack="1"/>
</pin_list>
<bind>
<opcode="zext(34) " fcode="zext"/>
<opset="zext_ln5958/2 "/>
</bind>
</comp>

<comp id="312" class="1004" name="icmp_ln5958_fu_312">
<pin_list>
<pin id="313" dir="0" index="0" bw="17" slack="1"/>
<pin id="314" dir="0" index="1" bw="16" slack="0"/>
<pin id="315" dir="1" index="2" bw="1" slack="0"/>
</pin_list>
<bind>
<opcode="icmp(45) " fcode="icmp"/>
<opset="icmp_ln5958/2 "/>
</bind>
</comp>

<comp id="317" class="1004" name="tmp_fu_317">
<pin_list>
<pin id="318" dir="0" index="0" bw="13" slack="0"/>
<pin id="319" dir="0" index="1" bw="16" slack="1"/>
<pin id="320" dir="0" index="2" bw="3" slack="0"/>
<pin id="321" dir="0" index="3" bw="5" slack="0"/>
<pin id="322" dir="1" index="4" bw="13" slack="0"/>
</pin_list>
<bind>
<opcode="partselect(1002) " fcode="partselect"/>
<opset="tmp/2 "/>
</bind>
</comp>

<comp id="326" class="1004" name="tmp_8_fu_326">
<pin_list>
<pin id="327" dir="0" index="0" bw="13" slack="0"/>
<pin id="328" dir="0" index="1" bw="16" slack="1"/>
<pin id="329" dir="0" index="2" bw="3" slack="0"/>
<pin id="330" dir="0" index="3" bw="5" slack="0"/>
<pin id="331" dir="1" index="4" bw="13" slack="0"/>
</pin_list>
<bind>
<opcode="partselect(1002) " fcode="partselect"/>
<opset="tmp_8/2 "/>
</bind>
</comp>

<comp id="335" class="1004" name="select_ln5958_fu_335">
<pin_list>
<pin id="336" dir="0" index="0" bw="1" slack="0"/>
<pin id="337" dir="0" index="1" bw="13" slack="0"/>
<pin id="338" dir="0" index="2" bw="13" slack="0"/>
<pin id="339" dir="1" index="3" bw="13" slack="2"/>
</pin_list>
<bind>
<opcode="select(49) " fcode="select"/>
<opset="select_ln5958/2 "/>
</bind>
</comp>

<comp id="343" class="1004" name="icmp_ln6000_fu_343">
<pin_list>
<pin id="344" dir="0" index="0" bw="16" slack="0"/>
<pin id="345" dir="0" index="1" bw="16" slack="2"/>
<pin id="346" dir="1" index="2" bw="1" slack="2147483647"/>
</pin_list>
<bind>
<opcode="icmp(45) " fcode="icmp"/>
<opset="icmp_ln6000/3 "/>
</bind>
</comp>

<comp id="348" class="1004" name="j_8_fu_348">
<pin_list>
<pin id="349" dir="0" index="0" bw="16" slack="0"/>
<pin id="350" dir="0" index="1" bw="1" slack="0"/>
<pin id="351" dir="1" index="2" bw="16" slack="0"/>
</pin_list>
<bind>
<opcode="add(8) " fcode="add"/>
<opset="j_8/3 "/>
</bind>
</comp>

<comp id="354" class="1004" name="shl_ln_fu_354">
<pin_list>
<pin id="355" dir="0" index="0" bw="32" slack="0"/>
<pin id="356" dir="0" index="1" bw="27" slack="0"/>
<pin id="357" dir="0" index="2" bw="1" slack="0"/>
<pin id="358" dir="1" index="3" bw="32" slack="0"/>
</pin_list>
<bind>
<opcode="bitconcatenate(1004) " fcode="bitconcatenate"/>
<opset="shl_ln/3 "/>
</bind>
</comp>

<comp id="362" class="1004" name="zext_ln6002_fu_362">
<pin_list>
<pin id="363" dir="0" index="0" bw="32" slack="0"/>
<pin id="364" dir="1" index="1" bw="64" slack="0"/>
</pin_list>
<bind>
<opcode="zext(34) " fcode="zext"/>
<opset="zext_ln6002/3 "/>
</bind>
</comp>

<comp id="366" class="1004" name="add_ln6002_fu_366">
<pin_list>
<pin id="367" dir="0" index="0" bw="32" slack="0"/>
<pin id="368" dir="0" index="1" bw="64" slack="2"/>
<pin id="369" dir="1" index="2" bw="64" slack="1"/>
</pin_list>
<bind>
<opcode="add(8) " fcode="add"/>
<opset="add_ln6002/3 "/>
</bind>
</comp>

<comp id="371" class="1004" name="add_ln6002_1_fu_371">
<pin_list>
<pin id="372" dir="0" index="0" bw="32" slack="0"/>
<pin id="373" dir="0" index="1" bw="64" slack="2"/>
<pin id="374" dir="1" index="2" bw="64" slack="1"/>
</pin_list>
<bind>
<opcode="add(8) " fcode="add"/>
<opset="add_ln6002_1/3 "/>
</bind>
</comp>

<comp id="376" class="1004" name="add_ln6003_fu_376">
<pin_list>
<pin id="377" dir="0" index="0" bw="11" slack="2"/>
<pin id="378" dir="0" index="1" bw="27" slack="0"/>
<pin id="379" dir="1" index="2" bw="27" slack="0"/>
</pin_list>
<bind>
<opcode="add(8) " fcode="add"/>
<opset="add_ln6003/3 "/>
</bind>
</comp>

<comp id="381" class="1004" name="add_ln5955_1_fu_381">
<pin_list>
<pin id="382" dir="0" index="0" bw="16" slack="0"/>
<pin id="383" dir="0" index="1" bw="16" slack="2"/>
<pin id="384" dir="1" index="2" bw="16" slack="0"/>
</pin_list>
<bind>
<opcode="add(8) " fcode="add"/>
<opset="add_ln5955_1/3 "/>
</bind>
</comp>

<comp id="386" class="1004" name="store_ln5955_store_fu_386">
<pin_list>
<pin id="387" dir="0" index="0" bw="16" slack="1"/>
<pin id="388" dir="0" index="1" bw="16" slack="2"/>
<pin id="389" dir="1" index="2" bw="0" slack="2147483647"/>
</pin_list>
<bind>
<opcode="store(28) " fcode="store"/>
<opset="store_ln5955/3 "/>
</bind>
</comp>

<comp id="390" class="1004" name="store_ln5955_store_fu_390">
<pin_list>
<pin id="391" dir="0" index="0" bw="16" slack="0"/>
<pin id="392" dir="0" index="1" bw="16" slack="2"/>
<pin id="393" dir="1" index="2" bw="0" slack="2147483647"/>
</pin_list>
<bind>
<opcode="store(28) " fcode="store"/>
<opset="store_ln5955/3 "/>
</bind>
</comp>

<comp id="395" class="1005" name="indvars_iv_i_reg_395">
<pin_list>
<pin id="396" dir="0" index="0" bw="16" slack="0"/>
<pin id="397" dir="1" index="1" bw="16" slack="0"/>
</pin_list>
<bind>
<opset="indvars_iv_i "/>
</bind>
</comp>

<comp id="402" class="1005" name="tile_x_reg_402">
<pin_list>
<pin id="403" dir="0" index="0" bw="16" slack="0"/>
<pin id="404" dir="1" index="1" bw="16" slack="0"/>
</pin_list>
<bind>
<opset="tile_x "/>
</bind>
</comp>

<comp id="409" class="1005" name="arg0_b7_read_reg_409">
<pin_list>
<pin id="410" dir="0" index="0" bw="64" slack="2"/>
<pin id="411" dir="1" index="1" bw="64" slack="2"/>
</pin_list>
<bind>
<opset="arg0_b7_read "/>
</bind>
</comp>

<comp id="414" class="1005" name="arg0_b6_read_reg_414">
<pin_list>
<pin id="415" dir="0" index="0" bw="64" slack="2"/>
<pin id="416" dir="1" index="1" bw="64" slack="2"/>
</pin_list>
<bind>
<opset="arg0_b6_read "/>
</bind>
</comp>

<comp id="419" class="1005" name="p_read511_reg_419">
<pin_list>
<pin id="420" dir="0" index="0" bw="16" slack="1"/>
<pin id="421" dir="1" index="1" bw="16" slack="1"/>
</pin_list>
<bind>
<opset="p_read511 "/>
</bind>
</comp>

<comp id="424" class="1005" name="p_read410_reg_424">
<pin_list>
<pin id="425" dir="0" index="0" bw="16" slack="2"/>
<pin id="426" dir="1" index="1" bw="16" slack="2"/>
</pin_list>
<bind>
<opset="p_read410 "/>
</bind>
</comp>

<comp id="429" class="1005" name="p_read39_reg_429">
<pin_list>
<pin id="430" dir="0" index="0" bw="16" slack="1"/>
<pin id="431" dir="1" index="1" bw="16" slack="1"/>
</pin_list>
<bind>
<opset="p_read39 "/>
</bind>
</comp>

<comp id="434" class="1005" name="p_read28_reg_434">
<pin_list>
<pin id="435" dir="0" index="0" bw="16" slack="1"/>
<pin id="436" dir="1" index="1" bw="16" slack="1"/>
</pin_list>
<bind>
<opset="p_read28 "/>
</bind>
</comp>

<comp id="439" class="1005" name="p_read17_reg_439">
<pin_list>
<pin id="440" dir="0" index="0" bw="16" slack="2"/>
<pin id="441" dir="1" index="1" bw="16" slack="2"/>
</pin_list>
<bind>
<opset="p_read17 "/>
</bind>
</comp>

<comp id="444" class="1005" name="sub_i_reg_444">
<pin_list>
<pin id="445" dir="0" index="0" bw="17" slack="1"/>
<pin id="446" dir="1" index="1" bw="17" slack="1"/>
</pin_list>
<bind>
<opset="sub_i "/>
</bind>
</comp>

<comp id="449" class="1005" name="zext_ln5955_reg_449">
<pin_list>
<pin id="450" dir="0" index="0" bw="27" slack="2"/>
<pin id="451" dir="1" index="1" bw="27" slack="2"/>
</pin_list>
<bind>
<opset="zext_ln5955 "/>
</bind>
</comp>

<comp id="457" class="1005" name="add_ln5955_reg_457">
<pin_list>
<pin id="458" dir="0" index="0" bw="16" slack="1"/>
<pin id="459" dir="1" index="1" bw="16" slack="1"/>
</pin_list>
<bind>
<opset="add_ln5955 "/>
</bind>
</comp>

<comp id="462" class="1005" name="zext_ln5958_reg_462">
<pin_list>
<pin id="463" dir="0" index="0" bw="27" slack="1"/>
<pin id="464" dir="1" index="1" bw="27" slack="1"/>
</pin_list>
<bind>
<opset="zext_ln5958 "/>
</bind>
</comp>

<comp id="467" class="1005" name="select_ln5958_reg_467">
<pin_list>
<pin id="468" dir="0" index="0" bw="13" slack="2"/>
<pin id="469" dir="1" index="1" bw="13" slack="2"/>
</pin_list>
<bind>
<opset="select_ln5958 "/>
</bind>
</comp>

<comp id="475" class="1005" name="j_8_reg_475">
<pin_list>
<pin id="476" dir="0" index="0" bw="16" slack="0"/>
<pin id="477" dir="1" index="1" bw="16" slack="0"/>
</pin_list>
<bind>
<opset="j_8 "/>
</bind>
</comp>

<comp id="480" class="1005" name="add_ln6002_reg_480">
<pin_list>
<pin id="481" dir="0" index="0" bw="64" slack="1"/>
<pin id="482" dir="1" index="1" bw="64" slack="1"/>
</pin_list>
<bind>
<opset="add_ln6002 "/>
</bind>
</comp>

<comp id="485" class="1005" name="add_ln6002_1_reg_485">
<pin_list>
<pin id="486" dir="0" index="0" bw="64" slack="1"/>
<pin id="487" dir="1" index="1" bw="64" slack="1"/>
</pin_list>
<bind>
<opset="add_ln6002_1 "/>
</bind>
</comp>

<comp id="490" class="1005" name="add_ln6003_reg_490">
<pin_list>
<pin id="491" dir="0" index="0" bw="27" slack="0"/>
<pin id="492" dir="1" index="1" bw="27" slack="0"/>
</pin_list>
<bind>
<opset="add_ln6003 "/>
</bind>
</comp>

</comp_list>

<net_list>
<net id="113"><net_src comp="32" pin="0"/><net_sink comp="110" pin=0"/></net>

<net id="117"><net_src comp="32" pin="0"/><net_sink comp="114" pin=0"/></net>

<net id="122"><net_src comp="50" pin="0"/><net_sink comp="118" pin=0"/></net>

<net id="123"><net_src comp="22" pin="0"/><net_sink comp="118" pin=1"/></net>

<net id="128"><net_src comp="50" pin="0"/><net_sink comp="124" pin=0"/></net>

<net id="129"><net_src comp="18" pin="0"/><net_sink comp="124" pin=1"/></net>

<net id="134"><net_src comp="52" pin="0"/><net_sink comp="130" pin=0"/></net>

<net id="135"><net_src comp="14" pin="0"/><net_sink comp="130" pin=1"/></net>

<net id="140"><net_src comp="52" pin="0"/><net_sink comp="136" pin=0"/></net>

<net id="141"><net_src comp="12" pin="0"/><net_sink comp="136" pin=1"/></net>

<net id="146"><net_src comp="52" pin="0"/><net_sink comp="142" pin=0"/></net>

<net id="147"><net_src comp="10" pin="0"/><net_sink comp="142" pin=1"/></net>

<net id="152"><net_src comp="52" pin="0"/><net_sink comp="148" pin=0"/></net>

<net id="153"><net_src comp="8" pin="0"/><net_sink comp="148" pin=1"/></net>

<net id="158"><net_src comp="52" pin="0"/><net_sink comp="154" pin=0"/></net>

<net id="159"><net_src comp="6" pin="0"/><net_sink comp="154" pin=1"/></net>

<net id="164"><net_src comp="54" pin="0"/><net_sink comp="160" pin=0"/></net>

<net id="165"><net_src comp="4" pin="0"/><net_sink comp="160" pin=1"/></net>

<net id="171"><net_src comp="56" pin="0"/><net_sink comp="166" pin=0"/></net>

<net id="172"><net_src comp="30" pin="0"/><net_sink comp="166" pin=1"/></net>

<net id="173"><net_src comp="130" pin="2"/><net_sink comp="166" pin=2"/></net>

<net id="179"><net_src comp="56" pin="0"/><net_sink comp="174" pin=0"/></net>

<net id="180"><net_src comp="28" pin="0"/><net_sink comp="174" pin=1"/></net>

<net id="181"><net_src comp="142" pin="2"/><net_sink comp="174" pin=2"/></net>

<net id="187"><net_src comp="56" pin="0"/><net_sink comp="182" pin=0"/></net>

<net id="188"><net_src comp="26" pin="0"/><net_sink comp="182" pin=1"/></net>

<net id="189"><net_src comp="148" pin="2"/><net_sink comp="182" pin=2"/></net>

<net id="195"><net_src comp="56" pin="0"/><net_sink comp="190" pin=0"/></net>

<net id="196"><net_src comp="24" pin="0"/><net_sink comp="190" pin=1"/></net>

<net id="197"><net_src comp="154" pin="2"/><net_sink comp="190" pin=2"/></net>

<net id="210"><net_src comp="84" pin="0"/><net_sink comp="207" pin=0"/></net>

<net id="217"><net_src comp="207" pin="1"/><net_sink comp="211" pin=2"/></net>

<net id="228"><net_src comp="106" pin="0"/><net_sink comp="218" pin=0"/></net>

<net id="229"><net_src comp="0" pin="0"/><net_sink comp="218" pin=1"/></net>

<net id="230"><net_src comp="2" pin="0"/><net_sink comp="218" pin=2"/></net>

<net id="231"><net_src comp="16" pin="0"/><net_sink comp="218" pin=4"/></net>

<net id="232"><net_src comp="20" pin="0"/><net_sink comp="218" pin=6"/></net>

<net id="239"><net_src comp="160" pin="2"/><net_sink comp="236" pin=0"/></net>

<net id="244"><net_src comp="236" pin="1"/><net_sink comp="240" pin=0"/></net>

<net id="245"><net_src comp="74" pin="0"/><net_sink comp="240" pin=1"/></net>

<net id="252"><net_src comp="76" pin="0"/><net_sink comp="246" pin=0"/></net>

<net id="253"><net_src comp="240" pin="2"/><net_sink comp="246" pin=1"/></net>

<net id="254"><net_src comp="78" pin="0"/><net_sink comp="246" pin=2"/></net>

<net id="255"><net_src comp="80" pin="0"/><net_sink comp="246" pin=3"/></net>

<net id="259"><net_src comp="148" pin="2"/><net_sink comp="256" pin=0"/></net>

<net id="264"><net_src comp="256" pin="1"/><net_sink comp="260" pin=0"/></net>

<net id="265"><net_src comp="82" pin="0"/><net_sink comp="260" pin=1"/></net>

<net id="269"><net_src comp="246" pin="4"/><net_sink comp="266" pin=0"/></net>

<net id="274"><net_src comp="84" pin="0"/><net_sink comp="270" pin=0"/></net>

<net id="279"><net_src comp="84" pin="0"/><net_sink comp="275" pin=0"/></net>

<net id="286"><net_src comp="280" pin="1"/><net_sink comp="283" pin=0"/></net>

<net id="291"><net_src comp="280" pin="1"/><net_sink comp="287" pin=0"/></net>

<net id="296"><net_src comp="280" pin="1"/><net_sink comp="292" pin=0"/></net>

<net id="297"><net_src comp="92" pin="0"/><net_sink comp="292" pin=1"/></net>

<net id="304"><net_src comp="98" pin="0"/><net_sink comp="298" pin=0"/></net>

<net id="305"><net_src comp="233" pin="1"/><net_sink comp="298" pin=1"/></net>

<net id="306"><net_src comp="78" pin="0"/><net_sink comp="298" pin=2"/></net>

<net id="307"><net_src comp="100" pin="0"/><net_sink comp="298" pin=3"/></net>

<net id="311"><net_src comp="298" pin="4"/><net_sink comp="308" pin=0"/></net>

<net id="316"><net_src comp="283" pin="1"/><net_sink comp="312" pin=1"/></net>

<net id="323"><net_src comp="98" pin="0"/><net_sink comp="317" pin=0"/></net>

<net id="324"><net_src comp="78" pin="0"/><net_sink comp="317" pin=2"/></net>

<net id="325"><net_src comp="100" pin="0"/><net_sink comp="317" pin=3"/></net>

<net id="332"><net_src comp="98" pin="0"/><net_sink comp="326" pin=0"/></net>

<net id="333"><net_src comp="78" pin="0"/><net_sink comp="326" pin=2"/></net>

<net id="334"><net_src comp="100" pin="0"/><net_sink comp="326" pin=3"/></net>

<net id="340"><net_src comp="312" pin="2"/><net_sink comp="335" pin=0"/></net>

<net id="341"><net_src comp="317" pin="4"/><net_sink comp="335" pin=1"/></net>

<net id="342"><net_src comp="326" pin="4"/><net_sink comp="335" pin=2"/></net>

<net id="347"><net_src comp="211" pin="4"/><net_sink comp="343" pin=0"/></net>

<net id="352"><net_src comp="211" pin="4"/><net_sink comp="348" pin=0"/></net>

<net id="353"><net_src comp="92" pin="0"/><net_sink comp="348" pin=1"/></net>

<net id="359"><net_src comp="102" pin="0"/><net_sink comp="354" pin=0"/></net>

<net id="360"><net_src comp="201" pin="4"/><net_sink comp="354" pin=1"/></net>

<net id="361"><net_src comp="104" pin="0"/><net_sink comp="354" pin=2"/></net>

<net id="365"><net_src comp="354" pin="3"/><net_sink comp="362" pin=0"/></net>

<net id="370"><net_src comp="362" pin="1"/><net_sink comp="366" pin=0"/></net>

<net id="375"><net_src comp="362" pin="1"/><net_sink comp="371" pin=0"/></net>

<net id="380"><net_src comp="201" pin="4"/><net_sink comp="376" pin=1"/></net>

<net id="385"><net_src comp="233" pin="1"/><net_sink comp="381" pin=0"/></net>

<net id="394"><net_src comp="381" pin="2"/><net_sink comp="390" pin=0"/></net>

<net id="398"><net_src comp="110" pin="1"/><net_sink comp="395" pin=0"/></net>

<net id="399"><net_src comp="395" pin="1"/><net_sink comp="275" pin=1"/></net>

<net id="400"><net_src comp="395" pin="1"/><net_sink comp="233" pin=0"/></net>

<net id="401"><net_src comp="395" pin="1"/><net_sink comp="390" pin=1"/></net>

<net id="405"><net_src comp="114" pin="1"/><net_sink comp="402" pin=0"/></net>

<net id="406"><net_src comp="402" pin="1"/><net_sink comp="270" pin=1"/></net>

<net id="407"><net_src comp="402" pin="1"/><net_sink comp="280" pin=0"/></net>

<net id="408"><net_src comp="402" pin="1"/><net_sink comp="386" pin=1"/></net>

<net id="412"><net_src comp="118" pin="2"/><net_sink comp="409" pin=0"/></net>

<net id="413"><net_src comp="409" pin="1"/><net_sink comp="371" pin=1"/></net>

<net id="417"><net_src comp="124" pin="2"/><net_sink comp="414" pin=0"/></net>

<net id="418"><net_src comp="414" pin="1"/><net_sink comp="366" pin=1"/></net>

<net id="422"><net_src comp="130" pin="2"/><net_sink comp="419" pin=0"/></net>

<net id="423"><net_src comp="419" pin="1"/><net_sink comp="317" pin=1"/></net>

<net id="427"><net_src comp="136" pin="2"/><net_sink comp="424" pin=0"/></net>

<net id="428"><net_src comp="424" pin="1"/><net_sink comp="381" pin=1"/></net>

<net id="432"><net_src comp="142" pin="2"/><net_sink comp="429" pin=0"/></net>

<net id="433"><net_src comp="429" pin="1"/><net_sink comp="326" pin=1"/></net>

<net id="437"><net_src comp="148" pin="2"/><net_sink comp="434" pin=0"/></net>

<net id="438"><net_src comp="434" pin="1"/><net_sink comp="287" pin=1"/></net>

<net id="442"><net_src comp="154" pin="2"/><net_sink comp="439" pin=0"/></net>

<net id="443"><net_src comp="439" pin="1"/><net_sink comp="343" pin=1"/></net>

<net id="447"><net_src comp="260" pin="2"/><net_sink comp="444" pin=0"/></net>

<net id="448"><net_src comp="444" pin="1"/><net_sink comp="312" pin=0"/></net>

<net id="452"><net_src comp="266" pin="1"/><net_sink comp="449" pin=0"/></net>

<net id="453"><net_src comp="449" pin="1"/><net_sink comp="376" pin=0"/></net>

<net id="460"><net_src comp="292" pin="2"/><net_sink comp="457" pin=0"/></net>

<net id="461"><net_src comp="457" pin="1"/><net_sink comp="386" pin=0"/></net>

<net id="465"><net_src comp="308" pin="1"/><net_sink comp="462" pin=0"/></net>

<net id="466"><net_src comp="462" pin="1"/><net_sink comp="201" pin=2"/></net>

<net id="470"><net_src comp="335" pin="3"/><net_sink comp="467" pin=0"/></net>

<net id="471"><net_src comp="467" pin="1"/><net_sink comp="218" pin=3"/></net>

<net id="478"><net_src comp="348" pin="2"/><net_sink comp="475" pin=0"/></net>

<net id="479"><net_src comp="475" pin="1"/><net_sink comp="211" pin=0"/></net>

<net id="483"><net_src comp="366" pin="2"/><net_sink comp="480" pin=0"/></net>

<net id="484"><net_src comp="480" pin="1"/><net_sink comp="218" pin=5"/></net>

<net id="488"><net_src comp="371" pin="2"/><net_sink comp="485" pin=0"/></net>

<net id="489"><net_src comp="485" pin="1"/><net_sink comp="218" pin=7"/></net>

<net id="493"><net_src comp="376" pin="2"/><net_sink comp="490" pin=0"/></net>

<net id="494"><net_src comp="490" pin="1"/><net_sink comp="201" pin=0"/></net>

</net_list>

</model> 
---------------- Datapath Model END ------------------

* FSMD analyzer results:
  - Output states:
	Port: arg0_read_mem_strm_g3_0 | {4 5 }
	Port: arg0_read_mem_strm_g3_1 | {4 5 }
	Port: memconfig_grid_size_y_c96 | {1 }
	Port: memconfig_tile_count_x_c103 | {1 }
	Port: memconfig_tile_size_x_c110 | {1 }
	Port: memconfig_last_tile_size_x_c123 | {1 }
 - Input state : 
	Port: interleaveTileMem2stream2D : p_read | {1 }
	Port: interleaveTileMem2stream2D : p_read1 | {1 }
	Port: interleaveTileMem2stream2D : p_read2 | {1 }
	Port: interleaveTileMem2stream2D : p_read3 | {1 }
	Port: interleaveTileMem2stream2D : p_read4 | {1 }
	Port: interleaveTileMem2stream2D : p_read5 | {1 }
	Port: interleaveTileMem2stream2D : gmem6 | {4 5 }
	Port: interleaveTileMem2stream2D : arg0_b6 | {1 }
	Port: interleaveTileMem2stream2D : gmem7 | {4 5 }
	Port: interleaveTileMem2stream2D : arg0_b7 | {1 }
  - Chain level:
	State 1
		add_ln5952 : 1
		lshr_ln : 2
		sub_i : 1
		zext_ln5955 : 3
		store_ln5955 : 1
		store_ln5955 : 1
	State 2
		zext_ln5955_1 : 1
		icmp_ln5955 : 1
		add_ln5955 : 1
		br_ln5955 : 2
		lshr_ln9 : 1
		zext_ln5958 : 2
		icmp_ln5958 : 2
		select_ln5958 : 3
	State 3
		icmp_ln6000 : 1
		j_8 : 1
		br_ln6000 : 2
		shl_ln : 1
		zext_ln6002 : 2
		add_ln6002 : 3
		add_ln6002_1 : 3
		add_ln6003 : 1
		add_ln5955_1 : 1
		store_ln5955 : 2
	State 4
	State 5


============================================================
+ Verbose Summary: Datapath Resource usage 
============================================================

* Functional unit list:
|----------|---------------------------------------------|---------|---------|---------|
| Operation|               Functional Unit               |  Delay  |    FF   |   LUT   |
|----------|---------------------------------------------|---------|---------|---------|
|   call   | grp_interleaveTileMem2Stream2D_inner_fu_218 |  3.096  |   1529  |   136   |
|----------|---------------------------------------------|---------|---------|---------|
|          |              add_ln5952_fu_240              |    0    |    0    |    20   |
|          |                 sub_i_fu_260                |    0    |    0    |    23   |
|          |              add_ln5955_fu_292              |    0    |    0    |    23   |
|    add   |                  j_8_fu_348                 |    0    |    0    |    23   |
|          |              add_ln6002_fu_366              |    0    |    0    |    71   |
|          |             add_ln6002_1_fu_371             |    0    |    0    |    71   |
|          |              add_ln6003_fu_376              |    0    |    0    |    34   |
|          |             add_ln5955_1_fu_381             |    0    |    0    |    23   |
|----------|---------------------------------------------|---------|---------|---------|
|          |              icmp_ln5955_fu_287             |    0    |    0    |    13   |
|   icmp   |              icmp_ln5958_fu_312             |    0    |    0    |    13   |
|          |              icmp_ln6000_fu_343             |    0    |    0    |    13   |
|----------|---------------------------------------------|---------|---------|---------|
|  select  |             select_ln5958_fu_335            |    0    |    0    |    13   |
|----------|---------------------------------------------|---------|---------|---------|
|          |           arg0_b7_read_read_fu_118          |    0    |    0    |    0    |
|          |           arg0_b6_read_read_fu_124          |    0    |    0    |    0    |
|          |            p_read511_read_fu_130            |    0    |    0    |    0    |
|   read   |            p_read410_read_fu_136            |    0    |    0    |    0    |
|          |             p_read39_read_fu_142            |    0    |    0    |    0    |
|          |             p_read28_read_fu_148            |    0    |    0    |    0    |
|          |             p_read17_read_fu_154            |    0    |    0    |    0    |
|          |            p_read_14_read_fu_160            |    0    |    0    |    0    |
|----------|---------------------------------------------|---------|---------|---------|
|          |            write_ln0_write_fu_166           |    0    |    0    |    0    |
|   write  |            write_ln0_write_fu_174           |    0    |    0    |    0    |
|          |            write_ln0_write_fu_182           |    0    |    0    |    0    |
|          |           write_ln217_write_fu_190          |    0    |    0    |    0    |
|----------|---------------------------------------------|---------|---------|---------|
|          |              zext_ln5952_fu_236             |    0    |    0    |    0    |
|          |      config_tile_count_x_cast_i_fu_256      |    0    |    0    |    0    |
|   zext   |              zext_ln5955_fu_266             |    0    |    0    |    0    |
|          |             zext_ln5955_1_fu_283            |    0    |    0    |    0    |
|          |              zext_ln5958_fu_308             |    0    |    0    |    0    |
|          |              zext_ln6002_fu_362             |    0    |    0    |    0    |
|----------|---------------------------------------------|---------|---------|---------|
|          |                lshr_ln_fu_246               |    0    |    0    |    0    |
|partselect|               lshr_ln9_fu_298               |    0    |    0    |    0    |
|          |                  tmp_fu_317                 |    0    |    0    |    0    |
|          |                 tmp_8_fu_326                |    0    |    0    |    0    |
|----------|---------------------------------------------|---------|---------|---------|
|bitconcatenate|                shl_ln_fu_354                |    0    |    0    |    0    |
|----------|---------------------------------------------|---------|---------|---------|
|   Total  |                                             |  3.096  |   1529  |   476   |
|----------|---------------------------------------------|---------|---------|---------|

Memories:
N/A

* Register list:
+---------------------+--------+
|                     |   FF   |
+---------------------+--------+
|  add_ln5955_reg_457 |   16   |
| add_ln6002_1_reg_485|   64   |
|  add_ln6002_reg_480 |   64   |
|  add_ln6003_reg_490 |   27   |
| arg0_b6_read_reg_414|   64   |
| arg0_b7_read_reg_409|   64   |
| indvars_iv_i_reg_395|   16   |
|     j_8_reg_475     |   16   |
|      j_reg_207      |   16   |
|   p_read17_reg_439  |   16   |
|   p_read28_reg_434  |   16   |
|   p_read39_reg_429  |   16   |
|  p_read410_reg_424  |   16   |
|  p_read511_reg_419  |   16   |
|   row_base_reg_198  |   27   |
|select_ln5958_reg_467|   13   |
|    sub_i_reg_444    |   17   |
|    tile_x_reg_402   |   16   |
| zext_ln5955_reg_449 |   27   |
| zext_ln5958_reg_462 |   27   |
+---------------------+--------+
|        Total        |   554  |
+---------------------+--------+

* Multiplexer (MUX) list: 
|--------|------|------|------|--------|
|  Comp  |  Pin | Size |  BW  | S x BW |
|--------|------|------|------|--------|
|  Total |      |      |      |    0   |
|--------|------|------|------|--------|



* Summary:
+-----------+--------+--------+--------+
|           |  Delay |   FF   |   LUT  |
+-----------+--------+--------+--------+
|  Function |    3   |  1529  |   476  |
|   Memory  |    -   |    -   |    -   |
|Multiplexer|    -   |    -   |    -   |
|  Register |    -   |   554  |    -   |
+-----------+--------+--------+--------+
|   Total   |    3   |  2083  |   476  |
+-----------+--------+--------+--------+
