

================================================================
== Vitis HLS Report for 'stream2memWithAvoidV3_256u_1u_s'
================================================================
* Date:           Fri Aug 14 22:50:09 2026

* Version:        2022.2 (Build 3670227 on Oct 13 2022)
* Project:        datamover_outerloop_0
* Solution:       solution (Vitis Kernel Flow Target)
* Product family: virtexuplus
* Target device:  xcu280-fsvh2892-2L-e


================================================================
== Performance Estimates
================================================================
+ Timing: 
    * Summary: 
    +--------+---------+----------+------------+
    |  Clock |  Target | Estimated| Uncertainty|
    +--------+---------+----------+------------+
    |ap_clk  |  3.33 ns|  2.433 ns|     0.90 ns|
    +--------+---------+----------+------------+

+ Latency: 
    * Summary: 
    +---------+---------+-----------+----------+-----+-----+---------+
    |  Latency (cycles) |  Latency (absolute)  |  Interval | Pipeline|
    |   min   |   max   |    min    |    max   | min | max |   Type  |
    +---------+---------+-----------+----------+-----+-----+---------+
    |        7|      375|  23.331 ns|  1.250 us|    7|  375|       no|
    +---------+---------+-----------+----------+-----+-----+---------+

    + Detail: 
        * Instance: 
        N/A

        * Loop: 
        N/A

============================================================
+ Verbose Summary: Synthesis Manager
============================================================
InlineROM: 1
ExposeGlobal: 0
============================================================
+ Verbose Summary: CDFG Model
============================================================
IsTopModel: 0
ResetActiveHigh: 1
IsCombinational: 2
IsDatapathOnly: 0
HasWiredReturn: 1
HasMFsm: 0
HasVarLatency: 1
IsPipeline: 0
IsRtlPipelined: 0
IsInstanceOverlapped: 0
IsDontTouch: 0
HasImplIP: 0
IsGatedGlobalClock: 0


============================================================
+ Verbose Summary: Schedule
============================================================
* Number of FSM states : 51
* Pipeline : 0
* Dataflow Pipeline: 0

* FSM state transitions: 
1 --> 2 
2 --> 3 
3 --> 4 
4 --> 5 51 
5 --> 6 
6 --> 7 
7 --> 8 
8 --> 9 
9 --> 10 
10 --> 11 
11 --> 12 
12 --> 13 
13 --> 14 
14 --> 15 
15 --> 16 
16 --> 17 
17 --> 18 
18 --> 19 
19 --> 20 
20 --> 21 
21 --> 22 
22 --> 23 
23 --> 24 
24 --> 25 
25 --> 26 
26 --> 27 
27 --> 28 
28 --> 29 
29 --> 30 
30 --> 31 
31 --> 32 
32 --> 33 
33 --> 34 
34 --> 35 
35 --> 36 
36 --> 37 
37 --> 38 
38 --> 39 
39 --> 40 
40 --> 41 
41 --> 42 
42 --> 43 
43 --> 44 
44 --> 45 
45 --> 46 
46 --> 47 
47 --> 48 
48 --> 49 
49 --> 50 
50 --> 51 
51 --> 

* FSM state operations: 

State 1 <SV = 0> <Delay = 0.00>
ST_1 : Operation 52 [1/1] (0.00ns)   --->   "%avoid_beats_read = read i13 @_ssdm_op_Read.ap_auto.i13, i13 %avoid_beats"   --->   Operation 52 'read' 'avoid_beats_read' <Predicate = true> <Delay = 0.00>
ST_1 : Operation 53 [1/1] (0.00ns)   --->   "%num_beats_read = read i13 @_ssdm_op_Read.ap_auto.i13, i13 %num_beats"   --->   Operation 53 'read' 'num_beats_read' <Predicate = true> <Delay = 0.00>
ST_1 : Operation 54 [1/1] (0.00ns)   --->   "%mem_out_read = read i64 @_ssdm_op_Read.ap_auto.i64, i64 %mem_out"   --->   Operation 54 'read' 'mem_out_read' <Predicate = true> <Delay = 0.00>

State 2 <SV = 1> <Delay = 1.02>
ST_2 : Operation 55 [1/1] (0.00ns)   --->   "%empty = wait i32 @_ssdm_op_Wait"   --->   Operation 55 'wait' 'empty' <Predicate = true> <Delay = 0.00>
ST_2 : Operation 56 [2/2] (1.02ns)   --->   "%call_ln0 = call void @stream2memWithAvoidV3<256u, 1u>_Pipeline_avoid_loop, i13 %avoid_beats_read, i256 %arg1_write_mem_strm_g0_0"   --->   Operation 56 'call' 'call_ln0' <Predicate = true> <Delay = 1.02> <CoreType = "Generic">   --->   Core 0 '' <Latency = 0> <II = 1> <Delay = 1.00> <Generic> <Opcode : >

State 3 <SV = 2> <Delay = 0.00>
ST_3 : Operation 57 [1/2] (0.00ns)   --->   "%call_ln0 = call void @stream2memWithAvoidV3<256u, 1u>_Pipeline_avoid_loop, i13 %avoid_beats_read, i256 %arg1_write_mem_strm_g0_0"   --->   Operation 57 'call' 'call_ln0' <Predicate = true> <Delay = 0.00> <CoreType = "Generic">   --->   Core 0 '' <Latency = 0> <II = 1> <Delay = 1.00> <Generic> <Opcode : >

State 4 <SV = 3> <Delay = 1.14>
ST_4 : Operation 58 [1/1] (0.00ns)   --->   "%avoid_beats_cast = zext i13 %avoid_beats_read"   --->   Operation 58 'zext' 'avoid_beats_cast' <Predicate = true> <Delay = 0.00>
ST_4 : Operation 59 [1/1] (0.00ns)   --->   "%num_beats_cast = zext i13 %num_beats_read"   --->   Operation 59 'zext' 'num_beats_cast' <Predicate = true> <Delay = 0.00>
ST_4 : Operation 60 [1/1] (0.00ns)   --->   "%specinterface_ln0 = specinterface void @_ssdm_op_SpecInterface, i256 %arg1_write_mem_strm_g0_0, void @empty_42, i32 0, i32 0, void @empty_11, i32 0, i32 0, void @empty_11, void @empty_11, void @empty_11, i32 0, i32 0, i32 0, i32 0, void @empty_11, void @empty_11, i32 4294967295, i32 0"   --->   Operation 60 'specinterface' 'specinterface_ln0' <Predicate = true> <Delay = 0.00>
ST_4 : Operation 61 [1/1] (0.00ns)   --->   "%specinterface_ln0 = specinterface void @_ssdm_op_SpecInterface, i256 %gmem8, void @empty_2, i32 0, i32 0, void @empty_11, i32 40, i32 8192, void @empty_58, void @empty_57, void @empty_11, i32 2, i32 2, i32 16, i32 16, void @empty_11, void @empty_11, i32 4294967295, i32 0"   --->   Operation 61 'specinterface' 'specinterface_ln0' <Predicate = true> <Delay = 0.00>
ST_4 : Operation 62 [1/1] (0.75ns)   --->   "%writing_beats = sub i14 %num_beats_cast, i14 %avoid_beats_cast" [/home/x_thileeb/repos/ops-hls-batching-new/OPS/ops/hls/include/device/../../L1/include/ops_hls_datamover.hpp:1137]   --->   Operation 62 'sub' 'writing_beats' <Predicate = true> <Delay = 0.75> <CoreInst = "Adder">   --->   Core 1 'Adder' <Latency = 0> <II = 1> <Delay = 0.75> <FuncUnit> <Opcode : 'add' 'sub'> <InPorts = 2> <OutPorts = 1>
ST_4 : Operation 63 [1/1] (0.00ns)   --->   "%sext_ln1137 = sext i14 %writing_beats" [/home/x_thileeb/repos/ops-hls-batching-new/OPS/ops/hls/include/device/../../L1/include/ops_hls_datamover.hpp:1137]   --->   Operation 63 'sext' 'sext_ln1137' <Predicate = true> <Delay = 0.00>
ST_4 : Operation 64 [1/1] (0.00ns)   --->   "%empty_127 = wait i32 @_ssdm_op_Wait"   --->   Operation 64 'wait' 'empty_127' <Predicate = true> <Delay = 0.00>
ST_4 : Operation 65 [1/1] (0.64ns)   --->   "%icmp_ln1172 = icmp_eq  i13 %num_beats_read, i13 %avoid_beats_read" [/home/x_thileeb/repos/ops-hls-batching-new/OPS/ops/hls/include/device/../../L1/include/ops_hls_datamover.hpp:1172]   --->   Operation 65 'icmp' 'icmp_ln1172' <Predicate = true> <Delay = 0.64> <CoreInst = "Cmp">   --->   Core 9 'Cmp' <Latency = 0> <II = 1> <Delay = 0.64> <FuncUnit> <Opcode : 'icmp'> <InPorts = 2> <OutPorts = 1>
ST_4 : Operation 66 [1/1] (0.00ns)   --->   "%br_ln1172 = br i1 %icmp_ln1172, void %for.body5.lr.ph, void %for.end9" [/home/x_thileeb/repos/ops-hls-batching-new/OPS/ops/hls/include/device/../../L1/include/ops_hls_datamover.hpp:1172]   --->   Operation 66 'br' 'br_ln1172' <Predicate = true> <Delay = 0.00>
ST_4 : Operation 67 [1/1] (0.00ns)   --->   "%shl_ln = bitconcatenate i18 @_ssdm_op_BitConcatenate.i18.i13.i5, i13 %avoid_beats_read, i5 0" [/home/x_thileeb/repos/ops-hls-batching-new/OPS/ops/hls/include/device/../../L1/include/ops_hls_datamover.hpp:1172]   --->   Operation 67 'bitconcatenate' 'shl_ln' <Predicate = (!icmp_ln1172)> <Delay = 0.00>
ST_4 : Operation 68 [1/1] (0.00ns)   --->   "%zext_ln1172 = zext i18 %shl_ln" [/home/x_thileeb/repos/ops-hls-batching-new/OPS/ops/hls/include/device/../../L1/include/ops_hls_datamover.hpp:1172]   --->   Operation 68 'zext' 'zext_ln1172' <Predicate = (!icmp_ln1172)> <Delay = 0.00>
ST_4 : Operation 69 [1/1] (1.14ns)   --->   "%add_ln1172 = add i64 %zext_ln1172, i64 %mem_out_read" [/home/x_thileeb/repos/ops-hls-batching-new/OPS/ops/hls/include/device/../../L1/include/ops_hls_datamover.hpp:1172]   --->   Operation 69 'add' 'add_ln1172' <Predicate = (!icmp_ln1172)> <Delay = 1.14> <CoreInst = "Adder">   --->   Core 1 'Adder' <Latency = 0> <II = 1> <Delay = 1.14> <FuncUnit> <Opcode : 'add' 'sub'> <InPorts = 2> <OutPorts = 1>
ST_4 : Operation 70 [1/1] (0.00ns)   --->   "%trunc_ln = partselect i59 @_ssdm_op_PartSelect.i59.i64.i32.i32, i64 %add_ln1172, i32 5, i32 63" [/home/x_thileeb/repos/ops-hls-batching-new/OPS/ops/hls/include/device/../../L1/include/ops_hls_datamover.hpp:1172]   --->   Operation 70 'partselect' 'trunc_ln' <Predicate = (!icmp_ln1172)> <Delay = 0.00>

State 5 <SV = 4> <Delay = 2.43>
ST_5 : Operation 71 [1/1] (0.00ns)   --->   "%sext_ln1172 = sext i59 %trunc_ln" [/home/x_thileeb/repos/ops-hls-batching-new/OPS/ops/hls/include/device/../../L1/include/ops_hls_datamover.hpp:1172]   --->   Operation 71 'sext' 'sext_ln1172' <Predicate = true> <Delay = 0.00>
ST_5 : Operation 72 [1/1] (0.00ns)   --->   "%gmem8_addr = getelementptr i256 %gmem8, i64 %sext_ln1172" [/home/x_thileeb/repos/ops-hls-batching-new/OPS/ops/hls/include/device/../../L1/include/ops_hls_datamover.hpp:1172]   --->   Operation 72 'getelementptr' 'gmem8_addr' <Predicate = true> <Delay = 0.00>
ST_5 : Operation 73 [1/1] (2.43ns)   --->   "%empty_128 = writereq i1 @_ssdm_op_WriteReq.m_axi.p1i256, i256 %gmem8_addr, i32 %sext_ln1137" [/home/x_thileeb/repos/ops-hls-batching-new/OPS/ops/hls/include/device/../../L1/include/ops_hls_datamover.hpp:1172]   --->   Operation 73 'writereq' 'empty_128' <Predicate = true> <Delay = 2.43> <CoreInst = "m_axi">   --->   Core 121 'm_axi' <Latency = 0> <II = 1> <Delay = 1.00> <Adapter> <Opcode : 'read' 'write' 'readreq' 'writereq' 'writeresp'>

State 6 <SV = 5> <Delay = 1.24>
ST_6 : Operation 74 [1/1] (0.00ns)   --->   "%empty_129 = wait i32 @_ssdm_op_Wait"   --->   Operation 74 'wait' 'empty_129' <Predicate = true> <Delay = 0.00>
ST_6 : Operation 75 [2/2] (1.24ns)   --->   "%call_ln1172 = call void @stream2memWithAvoidV3<256u, 1u>_Pipeline_write_loop, i256 %gmem8, i59 %trunc_ln, i14 %writing_beats, i256 %arg1_write_mem_strm_g0_0" [/home/x_thileeb/repos/ops-hls-batching-new/OPS/ops/hls/include/device/../../L1/include/ops_hls_datamover.hpp:1172]   --->   Operation 75 'call' 'call_ln1172' <Predicate = true> <Delay = 1.24> <CoreType = "Generic">   --->   Core 0 '' <Latency = 0> <II = 1> <Delay = 1.00> <Generic> <Opcode : >

State 7 <SV = 6> <Delay = 0.00>
ST_7 : Operation 76 [1/2] (0.00ns)   --->   "%call_ln1172 = call void @stream2memWithAvoidV3<256u, 1u>_Pipeline_write_loop, i256 %gmem8, i59 %trunc_ln, i14 %writing_beats, i256 %arg1_write_mem_strm_g0_0" [/home/x_thileeb/repos/ops-hls-batching-new/OPS/ops/hls/include/device/../../L1/include/ops_hls_datamover.hpp:1172]   --->   Operation 76 'call' 'call_ln1172' <Predicate = true> <Delay = 0.00> <CoreType = "Generic">   --->   Core 0 '' <Latency = 0> <II = 1> <Delay = 1.00> <Generic> <Opcode : >

State 8 <SV = 7> <Delay = 2.43>
ST_8 : Operation 77 [44/44] (2.43ns)   --->   "%empty_130 = writeresp i1 @_ssdm_op_WriteResp.m_axi.p1i256, i256 %gmem8_addr" [/home/x_thileeb/repos/ops-hls-batching-new/OPS/ops/hls/include/device/../../L1/include/ops_hls_datamover.hpp:1193]   --->   Operation 77 'writeresp' 'empty_130' <Predicate = true> <Delay = 2.43> <CoreInst = "m_axi">   --->   Core 121 'm_axi' <Latency = 0> <II = 1> <Delay = 1.00> <Adapter> <Opcode : 'read' 'write' 'readreq' 'writereq' 'writeresp'>

State 9 <SV = 8> <Delay = 2.43>
ST_9 : Operation 78 [43/44] (2.43ns)   --->   "%empty_130 = writeresp i1 @_ssdm_op_WriteResp.m_axi.p1i256, i256 %gmem8_addr" [/home/x_thileeb/repos/ops-hls-batching-new/OPS/ops/hls/include/device/../../L1/include/ops_hls_datamover.hpp:1193]   --->   Operation 78 'writeresp' 'empty_130' <Predicate = true> <Delay = 2.43> <CoreInst = "m_axi">   --->   Core 121 'm_axi' <Latency = 0> <II = 1> <Delay = 1.00> <Adapter> <Opcode : 'read' 'write' 'readreq' 'writereq' 'writeresp'>

State 10 <SV = 9> <Delay = 2.43>
ST_10 : Operation 79 [42/44] (2.43ns)   --->   "%empty_130 = writeresp i1 @_ssdm_op_WriteResp.m_axi.p1i256, i256 %gmem8_addr" [/home/x_thileeb/repos/ops-hls-batching-new/OPS/ops/hls/include/device/../../L1/include/ops_hls_datamover.hpp:1193]   --->   Operation 79 'writeresp' 'empty_130' <Predicate = true> <Delay = 2.43> <CoreInst = "m_axi">   --->   Core 121 'm_axi' <Latency = 0> <II = 1> <Delay = 1.00> <Adapter> <Opcode : 'read' 'write' 'readreq' 'writereq' 'writeresp'>

State 11 <SV = 10> <Delay = 2.43>
ST_11 : Operation 80 [41/44] (2.43ns)   --->   "%empty_130 = writeresp i1 @_ssdm_op_WriteResp.m_axi.p1i256, i256 %gmem8_addr" [/home/x_thileeb/repos/ops-hls-batching-new/OPS/ops/hls/include/device/../../L1/include/ops_hls_datamover.hpp:1193]   --->   Operation 80 'writeresp' 'empty_130' <Predicate = true> <Delay = 2.43> <CoreInst = "m_axi">   --->   Core 121 'm_axi' <Latency = 0> <II = 1> <Delay = 1.00> <Adapter> <Opcode : 'read' 'write' 'readreq' 'writereq' 'writeresp'>

State 12 <SV = 11> <Delay = 2.43>
ST_12 : Operation 81 [40/44] (2.43ns)   --->   "%empty_130 = writeresp i1 @_ssdm_op_WriteResp.m_axi.p1i256, i256 %gmem8_addr" [/home/x_thileeb/repos/ops-hls-batching-new/OPS/ops/hls/include/device/../../L1/include/ops_hls_datamover.hpp:1193]   --->   Operation 81 'writeresp' 'empty_130' <Predicate = true> <Delay = 2.43> <CoreInst = "m_axi">   --->   Core 121 'm_axi' <Latency = 0> <II = 1> <Delay = 1.00> <Adapter> <Opcode : 'read' 'write' 'readreq' 'writereq' 'writeresp'>

State 13 <SV = 12> <Delay = 2.43>
ST_13 : Operation 82 [39/44] (2.43ns)   --->   "%empty_130 = writeresp i1 @_ssdm_op_WriteResp.m_axi.p1i256, i256 %gmem8_addr" [/home/x_thileeb/repos/ops-hls-batching-new/OPS/ops/hls/include/device/../../L1/include/ops_hls_datamover.hpp:1193]   --->   Operation 82 'writeresp' 'empty_130' <Predicate = true> <Delay = 2.43> <CoreInst = "m_axi">   --->   Core 121 'm_axi' <Latency = 0> <II = 1> <Delay = 1.00> <Adapter> <Opcode : 'read' 'write' 'readreq' 'writereq' 'writeresp'>

State 14 <SV = 13> <Delay = 2.43>
ST_14 : Operation 83 [38/44] (2.43ns)   --->   "%empty_130 = writeresp i1 @_ssdm_op_WriteResp.m_axi.p1i256, i256 %gmem8_addr" [/home/x_thileeb/repos/ops-hls-batching-new/OPS/ops/hls/include/device/../../L1/include/ops_hls_datamover.hpp:1193]   --->   Operation 83 'writeresp' 'empty_130' <Predicate = true> <Delay = 2.43> <CoreInst = "m_axi">   --->   Core 121 'm_axi' <Latency = 0> <II = 1> <Delay = 1.00> <Adapter> <Opcode : 'read' 'write' 'readreq' 'writereq' 'writeresp'>

State 15 <SV = 14> <Delay = 2.43>
ST_15 : Operation 84 [37/44] (2.43ns)   --->   "%empty_130 = writeresp i1 @_ssdm_op_WriteResp.m_axi.p1i256, i256 %gmem8_addr" [/home/x_thileeb/repos/ops-hls-batching-new/OPS/ops/hls/include/device/../../L1/include/ops_hls_datamover.hpp:1193]   --->   Operation 84 'writeresp' 'empty_130' <Predicate = true> <Delay = 2.43> <CoreInst = "m_axi">   --->   Core 121 'm_axi' <Latency = 0> <II = 1> <Delay = 1.00> <Adapter> <Opcode : 'read' 'write' 'readreq' 'writereq' 'writeresp'>

State 16 <SV = 15> <Delay = 2.43>
ST_16 : Operation 85 [36/44] (2.43ns)   --->   "%empty_130 = writeresp i1 @_ssdm_op_WriteResp.m_axi.p1i256, i256 %gmem8_addr" [/home/x_thileeb/repos/ops-hls-batching-new/OPS/ops/hls/include/device/../../L1/include/ops_hls_datamover.hpp:1193]   --->   Operation 85 'writeresp' 'empty_130' <Predicate = true> <Delay = 2.43> <CoreInst = "m_axi">   --->   Core 121 'm_axi' <Latency = 0> <II = 1> <Delay = 1.00> <Adapter> <Opcode : 'read' 'write' 'readreq' 'writereq' 'writeresp'>

State 17 <SV = 16> <Delay = 2.43>
ST_17 : Operation 86 [35/44] (2.43ns)   --->   "%empty_130 = writeresp i1 @_ssdm_op_WriteResp.m_axi.p1i256, i256 %gmem8_addr" [/home/x_thileeb/repos/ops-hls-batching-new/OPS/ops/hls/include/device/../../L1/include/ops_hls_datamover.hpp:1193]   --->   Operation 86 'writeresp' 'empty_130' <Predicate = true> <Delay = 2.43> <CoreInst = "m_axi">   --->   Core 121 'm_axi' <Latency = 0> <II = 1> <Delay = 1.00> <Adapter> <Opcode : 'read' 'write' 'readreq' 'writereq' 'writeresp'>

State 18 <SV = 17> <Delay = 2.43>
ST_18 : Operation 87 [34/44] (2.43ns)   --->   "%empty_130 = writeresp i1 @_ssdm_op_WriteResp.m_axi.p1i256, i256 %gmem8_addr" [/home/x_thileeb/repos/ops-hls-batching-new/OPS/ops/hls/include/device/../../L1/include/ops_hls_datamover.hpp:1193]   --->   Operation 87 'writeresp' 'empty_130' <Predicate = true> <Delay = 2.43> <CoreInst = "m_axi">   --->   Core 121 'm_axi' <Latency = 0> <II = 1> <Delay = 1.00> <Adapter> <Opcode : 'read' 'write' 'readreq' 'writereq' 'writeresp'>

State 19 <SV = 18> <Delay = 2.43>
ST_19 : Operation 88 [33/44] (2.43ns)   --->   "%empty_130 = writeresp i1 @_ssdm_op_WriteResp.m_axi.p1i256, i256 %gmem8_addr" [/home/x_thileeb/repos/ops-hls-batching-new/OPS/ops/hls/include/device/../../L1/include/ops_hls_datamover.hpp:1193]   --->   Operation 88 'writeresp' 'empty_130' <Predicate = true> <Delay = 2.43> <CoreInst = "m_axi">   --->   Core 121 'm_axi' <Latency = 0> <II = 1> <Delay = 1.00> <Adapter> <Opcode : 'read' 'write' 'readreq' 'writereq' 'writeresp'>

State 20 <SV = 19> <Delay = 2.43>
ST_20 : Operation 89 [32/44] (2.43ns)   --->   "%empty_130 = writeresp i1 @_ssdm_op_WriteResp.m_axi.p1i256, i256 %gmem8_addr" [/home/x_thileeb/repos/ops-hls-batching-new/OPS/ops/hls/include/device/../../L1/include/ops_hls_datamover.hpp:1193]   --->   Operation 89 'writeresp' 'empty_130' <Predicate = true> <Delay = 2.43> <CoreInst = "m_axi">   --->   Core 121 'm_axi' <Latency = 0> <II = 1> <Delay = 1.00> <Adapter> <Opcode : 'read' 'write' 'readreq' 'writereq' 'writeresp'>

State 21 <SV = 20> <Delay = 2.43>
ST_21 : Operation 90 [31/44] (2.43ns)   --->   "%empty_130 = writeresp i1 @_ssdm_op_WriteResp.m_axi.p1i256, i256 %gmem8_addr" [/home/x_thileeb/repos/ops-hls-batching-new/OPS/ops/hls/include/device/../../L1/include/ops_hls_datamover.hpp:1193]   --->   Operation 90 'writeresp' 'empty_130' <Predicate = true> <Delay = 2.43> <CoreInst = "m_axi">   --->   Core 121 'm_axi' <Latency = 0> <II = 1> <Delay = 1.00> <Adapter> <Opcode : 'read' 'write' 'readreq' 'writereq' 'writeresp'>

State 22 <SV = 21> <Delay = 2.43>
ST_22 : Operation 91 [30/44] (2.43ns)   --->   "%empty_130 = writeresp i1 @_ssdm_op_WriteResp.m_axi.p1i256, i256 %gmem8_addr" [/home/x_thileeb/repos/ops-hls-batching-new/OPS/ops/hls/include/device/../../L1/include/ops_hls_datamover.hpp:1193]   --->   Operation 91 'writeresp' 'empty_130' <Predicate = true> <Delay = 2.43> <CoreInst = "m_axi">   --->   Core 121 'm_axi' <Latency = 0> <II = 1> <Delay = 1.00> <Adapter> <Opcode : 'read' 'write' 'readreq' 'writereq' 'writeresp'>

State 23 <SV = 22> <Delay = 2.43>
ST_23 : Operation 92 [29/44] (2.43ns)   --->   "%empty_130 = writeresp i1 @_ssdm_op_WriteResp.m_axi.p1i256, i256 %gmem8_addr" [/home/x_thileeb/repos/ops-hls-batching-new/OPS/ops/hls/include/device/../../L1/include/ops_hls_datamover.hpp:1193]   --->   Operation 92 'writeresp' 'empty_130' <Predicate = true> <Delay = 2.43> <CoreInst = "m_axi">   --->   Core 121 'm_axi' <Latency = 0> <II = 1> <Delay = 1.00> <Adapter> <Opcode : 'read' 'write' 'readreq' 'writereq' 'writeresp'>

State 24 <SV = 23> <Delay = 2.43>
ST_24 : Operation 93 [28/44] (2.43ns)   --->   "%empty_130 = writeresp i1 @_ssdm_op_WriteResp.m_axi.p1i256, i256 %gmem8_addr" [/home/x_thileeb/repos/ops-hls-batching-new/OPS/ops/hls/include/device/../../L1/include/ops_hls_datamover.hpp:1193]   --->   Operation 93 'writeresp' 'empty_130' <Predicate = true> <Delay = 2.43> <CoreInst = "m_axi">   --->   Core 121 'm_axi' <Latency = 0> <II = 1> <Delay = 1.00> <Adapter> <Opcode : 'read' 'write' 'readreq' 'writereq' 'writeresp'>

State 25 <SV = 24> <Delay = 2.43>
ST_25 : Operation 94 [27/44] (2.43ns)   --->   "%empty_130 = writeresp i1 @_ssdm_op_WriteResp.m_axi.p1i256, i256 %gmem8_addr" [/home/x_thileeb/repos/ops-hls-batching-new/OPS/ops/hls/include/device/../../L1/include/ops_hls_datamover.hpp:1193]   --->   Operation 94 'writeresp' 'empty_130' <Predicate = true> <Delay = 2.43> <CoreInst = "m_axi">   --->   Core 121 'm_axi' <Latency = 0> <II = 1> <Delay = 1.00> <Adapter> <Opcode : 'read' 'write' 'readreq' 'writereq' 'writeresp'>

State 26 <SV = 25> <Delay = 2.43>
ST_26 : Operation 95 [26/44] (2.43ns)   --->   "%empty_130 = writeresp i1 @_ssdm_op_WriteResp.m_axi.p1i256, i256 %gmem8_addr" [/home/x_thileeb/repos/ops-hls-batching-new/OPS/ops/hls/include/device/../../L1/include/ops_hls_datamover.hpp:1193]   --->   Operation 95 'writeresp' 'empty_130' <Predicate = true> <Delay = 2.43> <CoreInst = "m_axi">   --->   Core 121 'm_axi' <Latency = 0> <II = 1> <Delay = 1.00> <Adapter> <Opcode : 'read' 'write' 'readreq' 'writereq' 'writeresp'>

State 27 <SV = 26> <Delay = 2.43>
ST_27 : Operation 96 [25/44] (2.43ns)   --->   "%empty_130 = writeresp i1 @_ssdm_op_WriteResp.m_axi.p1i256, i256 %gmem8_addr" [/home/x_thileeb/repos/ops-hls-batching-new/OPS/ops/hls/include/device/../../L1/include/ops_hls_datamover.hpp:1193]   --->   Operation 96 'writeresp' 'empty_130' <Predicate = true> <Delay = 2.43> <CoreInst = "m_axi">   --->   Core 121 'm_axi' <Latency = 0> <II = 1> <Delay = 1.00> <Adapter> <Opcode : 'read' 'write' 'readreq' 'writereq' 'writeresp'>

State 28 <SV = 27> <Delay = 2.43>
ST_28 : Operation 97 [24/44] (2.43ns)   --->   "%empty_130 = writeresp i1 @_ssdm_op_WriteResp.m_axi.p1i256, i256 %gmem8_addr" [/home/x_thileeb/repos/ops-hls-batching-new/OPS/ops/hls/include/device/../../L1/include/ops_hls_datamover.hpp:1193]   --->   Operation 97 'writeresp' 'empty_130' <Predicate = true> <Delay = 2.43> <CoreInst = "m_axi">   --->   Core 121 'm_axi' <Latency = 0> <II = 1> <Delay = 1.00> <Adapter> <Opcode : 'read' 'write' 'readreq' 'writereq' 'writeresp'>

State 29 <SV = 28> <Delay = 2.43>
ST_29 : Operation 98 [23/44] (2.43ns)   --->   "%empty_130 = writeresp i1 @_ssdm_op_WriteResp.m_axi.p1i256, i256 %gmem8_addr" [/home/x_thileeb/repos/ops-hls-batching-new/OPS/ops/hls/include/device/../../L1/include/ops_hls_datamover.hpp:1193]   --->   Operation 98 'writeresp' 'empty_130' <Predicate = true> <Delay = 2.43> <CoreInst = "m_axi">   --->   Core 121 'm_axi' <Latency = 0> <II = 1> <Delay = 1.00> <Adapter> <Opcode : 'read' 'write' 'readreq' 'writereq' 'writeresp'>

State 30 <SV = 29> <Delay = 2.43>
ST_30 : Operation 99 [22/44] (2.43ns)   --->   "%empty_130 = writeresp i1 @_ssdm_op_WriteResp.m_axi.p1i256, i256 %gmem8_addr" [/home/x_thileeb/repos/ops-hls-batching-new/OPS/ops/hls/include/device/../../L1/include/ops_hls_datamover.hpp:1193]   --->   Operation 99 'writeresp' 'empty_130' <Predicate = true> <Delay = 2.43> <CoreInst = "m_axi">   --->   Core 121 'm_axi' <Latency = 0> <II = 1> <Delay = 1.00> <Adapter> <Opcode : 'read' 'write' 'readreq' 'writereq' 'writeresp'>

State 31 <SV = 30> <Delay = 2.43>
ST_31 : Operation 100 [21/44] (2.43ns)   --->   "%empty_130 = writeresp i1 @_ssdm_op_WriteResp.m_axi.p1i256, i256 %gmem8_addr" [/home/x_thileeb/repos/ops-hls-batching-new/OPS/ops/hls/include/device/../../L1/include/ops_hls_datamover.hpp:1193]   --->   Operation 100 'writeresp' 'empty_130' <Predicate = true> <Delay = 2.43> <CoreInst = "m_axi">   --->   Core 121 'm_axi' <Latency = 0> <II = 1> <Delay = 1.00> <Adapter> <Opcode : 'read' 'write' 'readreq' 'writereq' 'writeresp'>

State 32 <SV = 31> <Delay = 2.43>
ST_32 : Operation 101 [20/44] (2.43ns)   --->   "%empty_130 = writeresp i1 @_ssdm_op_WriteResp.m_axi.p1i256, i256 %gmem8_addr" [/home/x_thileeb/repos/ops-hls-batching-new/OPS/ops/hls/include/device/../../L1/include/ops_hls_datamover.hpp:1193]   --->   Operation 101 'writeresp' 'empty_130' <Predicate = true> <Delay = 2.43> <CoreInst = "m_axi">   --->   Core 121 'm_axi' <Latency = 0> <II = 1> <Delay = 1.00> <Adapter> <Opcode : 'read' 'write' 'readreq' 'writereq' 'writeresp'>

State 33 <SV = 32> <Delay = 2.43>
ST_33 : Operation 102 [19/44] (2.43ns)   --->   "%empty_130 = writeresp i1 @_ssdm_op_WriteResp.m_axi.p1i256, i256 %gmem8_addr" [/home/x_thileeb/repos/ops-hls-batching-new/OPS/ops/hls/include/device/../../L1/include/ops_hls_datamover.hpp:1193]   --->   Operation 102 'writeresp' 'empty_130' <Predicate = true> <Delay = 2.43> <CoreInst = "m_axi">   --->   Core 121 'm_axi' <Latency = 0> <II = 1> <Delay = 1.00> <Adapter> <Opcode : 'read' 'write' 'readreq' 'writereq' 'writeresp'>

State 34 <SV = 33> <Delay = 2.43>
ST_34 : Operation 103 [18/44] (2.43ns)   --->   "%empty_130 = writeresp i1 @_ssdm_op_WriteResp.m_axi.p1i256, i256 %gmem8_addr" [/home/x_thileeb/repos/ops-hls-batching-new/OPS/ops/hls/include/device/../../L1/include/ops_hls_datamover.hpp:1193]   --->   Operation 103 'writeresp' 'empty_130' <Predicate = true> <Delay = 2.43> <CoreInst = "m_axi">   --->   Core 121 'm_axi' <Latency = 0> <II = 1> <Delay = 1.00> <Adapter> <Opcode : 'read' 'write' 'readreq' 'writereq' 'writeresp'>

State 35 <SV = 34> <Delay = 2.43>
ST_35 : Operation 104 [17/44] (2.43ns)   --->   "%empty_130 = writeresp i1 @_ssdm_op_WriteResp.m_axi.p1i256, i256 %gmem8_addr" [/home/x_thileeb/repos/ops-hls-batching-new/OPS/ops/hls/include/device/../../L1/include/ops_hls_datamover.hpp:1193]   --->   Operation 104 'writeresp' 'empty_130' <Predicate = true> <Delay = 2.43> <CoreInst = "m_axi">   --->   Core 121 'm_axi' <Latency = 0> <II = 1> <Delay = 1.00> <Adapter> <Opcode : 'read' 'write' 'readreq' 'writereq' 'writeresp'>

State 36 <SV = 35> <Delay = 2.43>
ST_36 : Operation 105 [16/44] (2.43ns)   --->   "%empty_130 = writeresp i1 @_ssdm_op_WriteResp.m_axi.p1i256, i256 %gmem8_addr" [/home/x_thileeb/repos/ops-hls-batching-new/OPS/ops/hls/include/device/../../L1/include/ops_hls_datamover.hpp:1193]   --->   Operation 105 'writeresp' 'empty_130' <Predicate = true> <Delay = 2.43> <CoreInst = "m_axi">   --->   Core 121 'm_axi' <Latency = 0> <II = 1> <Delay = 1.00> <Adapter> <Opcode : 'read' 'write' 'readreq' 'writereq' 'writeresp'>

State 37 <SV = 36> <Delay = 2.43>
ST_37 : Operation 106 [15/44] (2.43ns)   --->   "%empty_130 = writeresp i1 @_ssdm_op_WriteResp.m_axi.p1i256, i256 %gmem8_addr" [/home/x_thileeb/repos/ops-hls-batching-new/OPS/ops/hls/include/device/../../L1/include/ops_hls_datamover.hpp:1193]   --->   Operation 106 'writeresp' 'empty_130' <Predicate = true> <Delay = 2.43> <CoreInst = "m_axi">   --->   Core 121 'm_axi' <Latency = 0> <II = 1> <Delay = 1.00> <Adapter> <Opcode : 'read' 'write' 'readreq' 'writereq' 'writeresp'>

State 38 <SV = 37> <Delay = 2.43>
ST_38 : Operation 107 [14/44] (2.43ns)   --->   "%empty_130 = writeresp i1 @_ssdm_op_WriteResp.m_axi.p1i256, i256 %gmem8_addr" [/home/x_thileeb/repos/ops-hls-batching-new/OPS/ops/hls/include/device/../../L1/include/ops_hls_datamover.hpp:1193]   --->   Operation 107 'writeresp' 'empty_130' <Predicate = true> <Delay = 2.43> <CoreInst = "m_axi">   --->   Core 121 'm_axi' <Latency = 0> <II = 1> <Delay = 1.00> <Adapter> <Opcode : 'read' 'write' 'readreq' 'writereq' 'writeresp'>

State 39 <SV = 38> <Delay = 2.43>
ST_39 : Operation 108 [13/44] (2.43ns)   --->   "%empty_130 = writeresp i1 @_ssdm_op_WriteResp.m_axi.p1i256, i256 %gmem8_addr" [/home/x_thileeb/repos/ops-hls-batching-new/OPS/ops/hls/include/device/../../L1/include/ops_hls_datamover.hpp:1193]   --->   Operation 108 'writeresp' 'empty_130' <Predicate = true> <Delay = 2.43> <CoreInst = "m_axi">   --->   Core 121 'm_axi' <Latency = 0> <II = 1> <Delay = 1.00> <Adapter> <Opcode : 'read' 'write' 'readreq' 'writereq' 'writeresp'>

State 40 <SV = 39> <Delay = 2.43>
ST_40 : Operation 109 [12/44] (2.43ns)   --->   "%empty_130 = writeresp i1 @_ssdm_op_WriteResp.m_axi.p1i256, i256 %gmem8_addr" [/home/x_thileeb/repos/ops-hls-batching-new/OPS/ops/hls/include/device/../../L1/include/ops_hls_datamover.hpp:1193]   --->   Operation 109 'writeresp' 'empty_130' <Predicate = true> <Delay = 2.43> <CoreInst = "m_axi">   --->   Core 121 'm_axi' <Latency = 0> <II = 1> <Delay = 1.00> <Adapter> <Opcode : 'read' 'write' 'readreq' 'writereq' 'writeresp'>

State 41 <SV = 40> <Delay = 2.43>
ST_41 : Operation 110 [11/44] (2.43ns)   --->   "%empty_130 = writeresp i1 @_ssdm_op_WriteResp.m_axi.p1i256, i256 %gmem8_addr" [/home/x_thileeb/repos/ops-hls-batching-new/OPS/ops/hls/include/device/../../L1/include/ops_hls_datamover.hpp:1193]   --->   Operation 110 'writeresp' 'empty_130' <Predicate = true> <Delay = 2.43> <CoreInst = "m_axi">   --->   Core 121 'm_axi' <Latency = 0> <II = 1> <Delay = 1.00> <Adapter> <Opcode : 'read' 'write' 'readreq' 'writereq' 'writeresp'>

State 42 <SV = 41> <Delay = 2.43>
ST_42 : Operation 111 [10/44] (2.43ns)   --->   "%empty_130 = writeresp i1 @_ssdm_op_WriteResp.m_axi.p1i256, i256 %gmem8_addr" [/home/x_thileeb/repos/ops-hls-batching-new/OPS/ops/hls/include/device/../../L1/include/ops_hls_datamover.hpp:1193]   --->   Operation 111 'writeresp' 'empty_130' <Predicate = true> <Delay = 2.43> <CoreInst = "m_axi">   --->   Core 121 'm_axi' <Latency = 0> <II = 1> <Delay = 1.00> <Adapter> <Opcode : 'read' 'write' 'readreq' 'writereq' 'writeresp'>

State 43 <SV = 42> <Delay = 2.43>
ST_43 : Operation 112 [9/44] (2.43ns)   --->   "%empty_130 = writeresp i1 @_ssdm_op_WriteResp.m_axi.p1i256, i256 %gmem8_addr" [/home/x_thileeb/repos/ops-hls-batching-new/OPS/ops/hls/include/device/../../L1/include/ops_hls_datamover.hpp:1193]   --->   Operation 112 'writeresp' 'empty_130' <Predicate = true> <Delay = 2.43> <CoreInst = "m_axi">   --->   Core 121 'm_axi' <Latency = 0> <II = 1> <Delay = 1.00> <Adapter> <Opcode : 'read' 'write' 'readreq' 'writereq' 'writeresp'>

State 44 <SV = 43> <Delay = 2.43>
ST_44 : Operation 113 [8/44] (2.43ns)   --->   "%empty_130 = writeresp i1 @_ssdm_op_WriteResp.m_axi.p1i256, i256 %gmem8_addr" [/home/x_thileeb/repos/ops-hls-batching-new/OPS/ops/hls/include/device/../../L1/include/ops_hls_datamover.hpp:1193]   --->   Operation 113 'writeresp' 'empty_130' <Predicate = true> <Delay = 2.43> <CoreInst = "m_axi">   --->   Core 121 'm_axi' <Latency = 0> <II = 1> <Delay = 1.00> <Adapter> <Opcode : 'read' 'write' 'readreq' 'writereq' 'writeresp'>

State 45 <SV = 44> <Delay = 2.43>
ST_45 : Operation 114 [7/44] (2.43ns)   --->   "%empty_130 = writeresp i1 @_ssdm_op_WriteResp.m_axi.p1i256, i256 %gmem8_addr" [/home/x_thileeb/repos/ops-hls-batching-new/OPS/ops/hls/include/device/../../L1/include/ops_hls_datamover.hpp:1193]   --->   Operation 114 'writeresp' 'empty_130' <Predicate = true> <Delay = 2.43> <CoreInst = "m_axi">   --->   Core 121 'm_axi' <Latency = 0> <II = 1> <Delay = 1.00> <Adapter> <Opcode : 'read' 'write' 'readreq' 'writereq' 'writeresp'>

State 46 <SV = 45> <Delay = 2.43>
ST_46 : Operation 115 [6/44] (2.43ns)   --->   "%empty_130 = writeresp i1 @_ssdm_op_WriteResp.m_axi.p1i256, i256 %gmem8_addr" [/home/x_thileeb/repos/ops-hls-batching-new/OPS/ops/hls/include/device/../../L1/include/ops_hls_datamover.hpp:1193]   --->   Operation 115 'writeresp' 'empty_130' <Predicate = true> <Delay = 2.43> <CoreInst = "m_axi">   --->   Core 121 'm_axi' <Latency = 0> <II = 1> <Delay = 1.00> <Adapter> <Opcode : 'read' 'write' 'readreq' 'writereq' 'writeresp'>

State 47 <SV = 46> <Delay = 2.43>
ST_47 : Operation 116 [5/44] (2.43ns)   --->   "%empty_130 = writeresp i1 @_ssdm_op_WriteResp.m_axi.p1i256, i256 %gmem8_addr" [/home/x_thileeb/repos/ops-hls-batching-new/OPS/ops/hls/include/device/../../L1/include/ops_hls_datamover.hpp:1193]   --->   Operation 116 'writeresp' 'empty_130' <Predicate = true> <Delay = 2.43> <CoreInst = "m_axi">   --->   Core 121 'm_axi' <Latency = 0> <II = 1> <Delay = 1.00> <Adapter> <Opcode : 'read' 'write' 'readreq' 'writereq' 'writeresp'>

State 48 <SV = 47> <Delay = 2.43>
ST_48 : Operation 117 [4/44] (2.43ns)   --->   "%empty_130 = writeresp i1 @_ssdm_op_WriteResp.m_axi.p1i256, i256 %gmem8_addr" [/home/x_thileeb/repos/ops-hls-batching-new/OPS/ops/hls/include/device/../../L1/include/ops_hls_datamover.hpp:1193]   --->   Operation 117 'writeresp' 'empty_130' <Predicate = true> <Delay = 2.43> <CoreInst = "m_axi">   --->   Core 121 'm_axi' <Latency = 0> <II = 1> <Delay = 1.00> <Adapter> <Opcode : 'read' 'write' 'readreq' 'writereq' 'writeresp'>

State 49 <SV = 48> <Delay = 2.43>
ST_49 : Operation 118 [3/44] (2.43ns)   --->   "%empty_130 = writeresp i1 @_ssdm_op_WriteResp.m_axi.p1i256, i256 %gmem8_addr" [/home/x_thileeb/repos/ops-hls-batching-new/OPS/ops/hls/include/device/../../L1/include/ops_hls_datamover.hpp:1193]   --->   Operation 118 'writeresp' 'empty_130' <Predicate = true> <Delay = 2.43> <CoreInst = "m_axi">   --->   Core 121 'm_axi' <Latency = 0> <II = 1> <Delay = 1.00> <Adapter> <Opcode : 'read' 'write' 'readreq' 'writereq' 'writeresp'>

State 50 <SV = 49> <Delay = 2.43>
ST_50 : Operation 119 [2/44] (2.43ns)   --->   "%empty_130 = writeresp i1 @_ssdm_op_WriteResp.m_axi.p1i256, i256 %gmem8_addr" [/home/x_thileeb/repos/ops-hls-batching-new/OPS/ops/hls/include/device/../../L1/include/ops_hls_datamover.hpp:1193]   --->   Operation 119 'writeresp' 'empty_130' <Predicate = true> <Delay = 2.43> <CoreInst = "m_axi">   --->   Core 121 'm_axi' <Latency = 0> <II = 1> <Delay = 1.00> <Adapter> <Opcode : 'read' 'write' 'readreq' 'writereq' 'writeresp'>

State 51 <SV = 50> <Delay = 2.43>
ST_51 : Operation 120 [1/44] (2.43ns)   --->   "%empty_130 = writeresp i1 @_ssdm_op_WriteResp.m_axi.p1i256, i256 %gmem8_addr" [/home/x_thileeb/repos/ops-hls-batching-new/OPS/ops/hls/include/device/../../L1/include/ops_hls_datamover.hpp:1193]   --->   Operation 120 'writeresp' 'empty_130' <Predicate = (!icmp_ln1172)> <Delay = 2.43> <CoreInst = "m_axi">   --->   Core 121 'm_axi' <Latency = 0> <II = 1> <Delay = 1.00> <Adapter> <Opcode : 'read' 'write' 'readreq' 'writereq' 'writeresp'>
ST_51 : Operation 121 [1/1] (0.00ns)   --->   "%br_ln1193 = br void %for.end9" [/home/x_thileeb/repos/ops-hls-batching-new/OPS/ops/hls/include/device/../../L1/include/ops_hls_datamover.hpp:1193]   --->   Operation 121 'br' 'br_ln1193' <Predicate = (!icmp_ln1172)> <Delay = 0.00>
ST_51 : Operation 122 [1/1] (0.00ns)   --->   "%ret_ln1193 = ret" [/home/x_thileeb/repos/ops-hls-batching-new/OPS/ops/hls/include/device/../../L1/include/ops_hls_datamover.hpp:1193]   --->   Operation 122 'ret' 'ret_ln1193' <Predicate = true> <Delay = 0.00>


============================================================
+ Verbose Summary: Timing violations
============================================================
Target clock period: 3.33ns, clock uncertainty: 0.9ns.

 <State 1>: 0ns
The critical path consists of the following:

 <State 2>: 1.03ns
The critical path consists of the following:
	'call' operation ('call_ln0') to 'stream2memWithAvoidV3<256u, 1u>_Pipeline_avoid_loop' [16]  (1.03 ns)

 <State 3>: 0ns
The critical path consists of the following:

 <State 4>: 1.15ns
The critical path consists of the following:
	'add' operation ('add_ln1172', /home/x_thileeb/repos/ops-hls-batching-new/OPS/ops/hls/include/device/../../L1/include/ops_hls_datamover.hpp:1172) [23]  (1.15 ns)

 <State 5>: 2.43ns
The critical path consists of the following:
	'getelementptr' operation ('gmem8_addr', /home/x_thileeb/repos/ops-hls-batching-new/OPS/ops/hls/include/device/../../L1/include/ops_hls_datamover.hpp:1172) [26]  (0 ns)
	bus request operation ('empty_128', /home/x_thileeb/repos/ops-hls-batching-new/OPS/ops/hls/include/device/../../L1/include/ops_hls_datamover.hpp:1172) on port 'gmem8' (/home/x_thileeb/repos/ops-hls-batching-new/OPS/ops/hls/include/device/../../L1/include/ops_hls_datamover.hpp:1172) [27]  (2.43 ns)

 <State 6>: 1.25ns
The critical path consists of the following:
	'call' operation ('call_ln1172', /home/x_thileeb/repos/ops-hls-batching-new/OPS/ops/hls/include/device/../../L1/include/ops_hls_datamover.hpp:1172) to 'stream2memWithAvoidV3<256u, 1u>_Pipeline_write_loop' [29]  (1.25 ns)

 <State 7>: 0ns
The critical path consists of the following:

 <State 8>: 2.43ns
The critical path consists of the following:
	bus response operation ('empty_130', /home/x_thileeb/repos/ops-hls-batching-new/OPS/ops/hls/include/device/../../L1/include/ops_hls_datamover.hpp:1193) on port 'gmem8' (/home/x_thileeb/repos/ops-hls-batching-new/OPS/ops/hls/include/device/../../L1/include/ops_hls_datamover.hpp:1193) [30]  (2.43 ns)

 <State 9>: 2.43ns
The critical path consists of the following:
	bus response operation ('empty_130', /home/x_thileeb/repos/ops-hls-batching-new/OPS/ops/hls/include/device/../../L1/include/ops_hls_datamover.hpp:1193) on port 'gmem8' (/home/x_thileeb/repos/ops-hls-batching-new/OPS/ops/hls/include/device/../../L1/include/ops_hls_datamover.hpp:1193) [30]  (2.43 ns)

 <State 10>: 2.43ns
The critical path consists of the following:
	bus response operation ('empty_130', /home/x_thileeb/repos/ops-hls-batching-new/OPS/ops/hls/include/device/../../L1/include/ops_hls_datamover.hpp:1193) on port 'gmem8' (/home/x_thileeb/repos/ops-hls-batching-new/OPS/ops/hls/include/device/../../L1/include/ops_hls_datamover.hpp:1193) [30]  (2.43 ns)

 <State 11>: 2.43ns
The critical path consists of the following:
	bus response operation ('empty_130', /home/x_thileeb/repos/ops-hls-batching-new/OPS/ops/hls/include/device/../../L1/include/ops_hls_datamover.hpp:1193) on port 'gmem8' (/home/x_thileeb/repos/ops-hls-batching-new/OPS/ops/hls/include/device/../../L1/include/ops_hls_datamover.hpp:1193) [30]  (2.43 ns)

 <State 12>: 2.43ns
The critical path consists of the following:
	bus response operation ('empty_130', /home/x_thileeb/repos/ops-hls-batching-new/OPS/ops/hls/include/device/../../L1/include/ops_hls_datamover.hpp:1193) on port 'gmem8' (/home/x_thileeb/repos/ops-hls-batching-new/OPS/ops/hls/include/device/../../L1/include/ops_hls_datamover.hpp:1193) [30]  (2.43 ns)

 <State 13>: 2.43ns
The critical path consists of the following:
	bus response operation ('empty_130', /home/x_thileeb/repos/ops-hls-batching-new/OPS/ops/hls/include/device/../../L1/include/ops_hls_datamover.hpp:1193) on port 'gmem8' (/home/x_thileeb/repos/ops-hls-batching-new/OPS/ops/hls/include/device/../../L1/include/ops_hls_datamover.hpp:1193) [30]  (2.43 ns)

 <State 14>: 2.43ns
The critical path consists of the following:
	bus response operation ('empty_130', /home/x_thileeb/repos/ops-hls-batching-new/OPS/ops/hls/include/device/../../L1/include/ops_hls_datamover.hpp:1193) on port 'gmem8' (/home/x_thileeb/repos/ops-hls-batching-new/OPS/ops/hls/include/device/../../L1/include/ops_hls_datamover.hpp:1193) [30]  (2.43 ns)

 <State 15>: 2.43ns
The critical path consists of the following:
	bus response operation ('empty_130', /home/x_thileeb/repos/ops-hls-batching-new/OPS/ops/hls/include/device/../../L1/include/ops_hls_datamover.hpp:1193) on port 'gmem8' (/home/x_thileeb/repos/ops-hls-batching-new/OPS/ops/hls/include/device/../../L1/include/ops_hls_datamover.hpp:1193) [30]  (2.43 ns)

 <State 16>: 2.43ns
The critical path consists of the following:
	bus response operation ('empty_130', /home/x_thileeb/repos/ops-hls-batching-new/OPS/ops/hls/include/device/../../L1/include/ops_hls_datamover.hpp:1193) on port 'gmem8' (/home/x_thileeb/repos/ops-hls-batching-new/OPS/ops/hls/include/device/../../L1/include/ops_hls_datamover.hpp:1193) [30]  (2.43 ns)

 <State 17>: 2.43ns
The critical path consists of the following:
	bus response operation ('empty_130', /home/x_thileeb/repos/ops-hls-batching-new/OPS/ops/hls/include/device/../../L1/include/ops_hls_datamover.hpp:1193) on port 'gmem8' (/home/x_thileeb/repos/ops-hls-batching-new/OPS/ops/hls/include/device/../../L1/include/ops_hls_datamover.hpp:1193) [30]  (2.43 ns)

 <State 18>: 2.43ns
The critical path consists of the following:
	bus response operation ('empty_130', /home/x_thileeb/repos/ops-hls-batching-new/OPS/ops/hls/include/device/../../L1/include/ops_hls_datamover.hpp:1193) on port 'gmem8' (/home/x_thileeb/repos/ops-hls-batching-new/OPS/ops/hls/include/device/../../L1/include/ops_hls_datamover.hpp:1193) [30]  (2.43 ns)

 <State 19>: 2.43ns
The critical path consists of the following:
	bus response operation ('empty_130', /home/x_thileeb/repos/ops-hls-batching-new/OPS/ops/hls/include/device/../../L1/include/ops_hls_datamover.hpp:1193) on port 'gmem8' (/home/x_thileeb/repos/ops-hls-batching-new/OPS/ops/hls/include/device/../../L1/include/ops_hls_datamover.hpp:1193) [30]  (2.43 ns)

 <State 20>: 2.43ns
The critical path consists of the following:
	bus response operation ('empty_130', /home/x_thileeb/repos/ops-hls-batching-new/OPS/ops/hls/include/device/../../L1/include/ops_hls_datamover.hpp:1193) on port 'gmem8' (/home/x_thileeb/repos/ops-hls-batching-new/OPS/ops/hls/include/device/../../L1/include/ops_hls_datamover.hpp:1193) [30]  (2.43 ns)

 <State 21>: 2.43ns
The critical path consists of the following:
	bus response operation ('empty_130', /home/x_thileeb/repos/ops-hls-batching-new/OPS/ops/hls/include/device/../../L1/include/ops_hls_datamover.hpp:1193) on port 'gmem8' (/home/x_thileeb/repos/ops-hls-batching-new/OPS/ops/hls/include/device/../../L1/include/ops_hls_datamover.hpp:1193) [30]  (2.43 ns)

 <State 22>: 2.43ns
The critical path consists of the following:
	bus response operation ('empty_130', /home/x_thileeb/repos/ops-hls-batching-new/OPS/ops/hls/include/device/../../L1/include/ops_hls_datamover.hpp:1193) on port 'gmem8' (/home/x_thileeb/repos/ops-hls-batching-new/OPS/ops/hls/include/device/../../L1/include/ops_hls_datamover.hpp:1193) [30]  (2.43 ns)

 <State 23>: 2.43ns
The critical path consists of the following:
	bus response operation ('empty_130', /home/x_thileeb/repos/ops-hls-batching-new/OPS/ops/hls/include/device/../../L1/include/ops_hls_datamover.hpp:1193) on port 'gmem8' (/home/x_thileeb/repos/ops-hls-batching-new/OPS/ops/hls/include/device/../../L1/include/ops_hls_datamover.hpp:1193) [30]  (2.43 ns)

 <State 24>: 2.43ns
The critical path consists of the following:
	bus response operation ('empty_130', /home/x_thileeb/repos/ops-hls-batching-new/OPS/ops/hls/include/device/../../L1/include/ops_hls_datamover.hpp:1193) on port 'gmem8' (/home/x_thileeb/repos/ops-hls-batching-new/OPS/ops/hls/include/device/../../L1/include/ops_hls_datamover.hpp:1193) [30]  (2.43 ns)

 <State 25>: 2.43ns
The critical path consists of the following:
	bus response operation ('empty_130', /home/x_thileeb/repos/ops-hls-batching-new/OPS/ops/hls/include/device/../../L1/include/ops_hls_datamover.hpp:1193) on port 'gmem8' (/home/x_thileeb/repos/ops-hls-batching-new/OPS/ops/hls/include/device/../../L1/include/ops_hls_datamover.hpp:1193) [30]  (2.43 ns)

 <State 26>: 2.43ns
The critical path consists of the following:
	bus response operation ('empty_130', /home/x_thileeb/repos/ops-hls-batching-new/OPS/ops/hls/include/device/../../L1/include/ops_hls_datamover.hpp:1193) on port 'gmem8' (/home/x_thileeb/repos/ops-hls-batching-new/OPS/ops/hls/include/device/../../L1/include/ops_hls_datamover.hpp:1193) [30]  (2.43 ns)

 <State 27>: 2.43ns
The critical path consists of the following:
	bus response operation ('empty_130', /home/x_thileeb/repos/ops-hls-batching-new/OPS/ops/hls/include/device/../../L1/include/ops_hls_datamover.hpp:1193) on port 'gmem8' (/home/x_thileeb/repos/ops-hls-batching-new/OPS/ops/hls/include/device/../../L1/include/ops_hls_datamover.hpp:1193) [30]  (2.43 ns)

 <State 28>: 2.43ns
The critical path consists of the following:
	bus response operation ('empty_130', /home/x_thileeb/repos/ops-hls-batching-new/OPS/ops/hls/include/device/../../L1/include/ops_hls_datamover.hpp:1193) on port 'gmem8' (/home/x_thileeb/repos/ops-hls-batching-new/OPS/ops/hls/include/device/../../L1/include/ops_hls_datamover.hpp:1193) [30]  (2.43 ns)

 <State 29>: 2.43ns
The critical path consists of the following:
	bus response operation ('empty_130', /home/x_thileeb/repos/ops-hls-batching-new/OPS/ops/hls/include/device/../../L1/include/ops_hls_datamover.hpp:1193) on port 'gmem8' (/home/x_thileeb/repos/ops-hls-batching-new/OPS/ops/hls/include/device/../../L1/include/ops_hls_datamover.hpp:1193) [30]  (2.43 ns)

 <State 30>: 2.43ns
The critical path consists of the following:
	bus response operation ('empty_130', /home/x_thileeb/repos/ops-hls-batching-new/OPS/ops/hls/include/device/../../L1/include/ops_hls_datamover.hpp:1193) on port 'gmem8' (/home/x_thileeb/repos/ops-hls-batching-new/OPS/ops/hls/include/device/../../L1/include/ops_hls_datamover.hpp:1193) [30]  (2.43 ns)

 <State 31>: 2.43ns
The critical path consists of the following:
	bus response operation ('empty_130', /home/x_thileeb/repos/ops-hls-batching-new/OPS/ops/hls/include/device/../../L1/include/ops_hls_datamover.hpp:1193) on port 'gmem8' (/home/x_thileeb/repos/ops-hls-batching-new/OPS/ops/hls/include/device/../../L1/include/ops_hls_datamover.hpp:1193) [30]  (2.43 ns)

 <State 32>: 2.43ns
The critical path consists of the following:
	bus response operation ('empty_130', /home/x_thileeb/repos/ops-hls-batching-new/OPS/ops/hls/include/device/../../L1/include/ops_hls_datamover.hpp:1193) on port 'gmem8' (/home/x_thileeb/repos/ops-hls-batching-new/OPS/ops/hls/include/device/../../L1/include/ops_hls_datamover.hpp:1193) [30]  (2.43 ns)

 <State 33>: 2.43ns
The critical path consists of the following:
	bus response operation ('empty_130', /home/x_thileeb/repos/ops-hls-batching-new/OPS/ops/hls/include/device/../../L1/include/ops_hls_datamover.hpp:1193) on port 'gmem8' (/home/x_thileeb/repos/ops-hls-batching-new/OPS/ops/hls/include/device/../../L1/include/ops_hls_datamover.hpp:1193) [30]  (2.43 ns)

 <State 34>: 2.43ns
The critical path consists of the following:
	bus response operation ('empty_130', /home/x_thileeb/repos/ops-hls-batching-new/OPS/ops/hls/include/device/../../L1/include/ops_hls_datamover.hpp:1193) on port 'gmem8' (/home/x_thileeb/repos/ops-hls-batching-new/OPS/ops/hls/include/device/../../L1/include/ops_hls_datamover.hpp:1193) [30]  (2.43 ns)

 <State 35>: 2.43ns
The critical path consists of the following:
	bus response operation ('empty_130', /home/x_thileeb/repos/ops-hls-batching-new/OPS/ops/hls/include/device/../../L1/include/ops_hls_datamover.hpp:1193) on port 'gmem8' (/home/x_thileeb/repos/ops-hls-batching-new/OPS/ops/hls/include/device/../../L1/include/ops_hls_datamover.hpp:1193) [30]  (2.43 ns)

 <State 36>: 2.43ns
The critical path consists of the following:
	bus response operation ('empty_130', /home/x_thileeb/repos/ops-hls-batching-new/OPS/ops/hls/include/device/../../L1/include/ops_hls_datamover.hpp:1193) on port 'gmem8' (/home/x_thileeb/repos/ops-hls-batching-new/OPS/ops/hls/include/device/../../L1/include/ops_hls_datamover.hpp:1193) [30]  (2.43 ns)

 <State 37>: 2.43ns
The critical path consists of the following:
	bus response operation ('empty_130', /home/x_thileeb/repos/ops-hls-batching-new/OPS/ops/hls/include/device/../../L1/include/ops_hls_datamover.hpp:1193) on port 'gmem8' (/home/x_thileeb/repos/ops-hls-batching-new/OPS/ops/hls/include/device/../../L1/include/ops_hls_datamover.hpp:1193) [30]  (2.43 ns)

 <State 38>: 2.43ns
The critical path consists of the following:
	bus response operation ('empty_130', /home/x_thileeb/repos/ops-hls-batching-new/OPS/ops/hls/include/device/../../L1/include/ops_hls_datamover.hpp:1193) on port 'gmem8' (/home/x_thileeb/repos/ops-hls-batching-new/OPS/ops/hls/include/device/../../L1/include/ops_hls_datamover.hpp:1193) [30]  (2.43 ns)

 <State 39>: 2.43ns
The critical path consists of the following:
	bus response operation ('empty_130', /home/x_thileeb/repos/ops-hls-batching-new/OPS/ops/hls/include/device/../../L1/include/ops_hls_datamover.hpp:1193) on port 'gmem8' (/home/x_thileeb/repos/ops-hls-batching-new/OPS/ops/hls/include/device/../../L1/include/ops_hls_datamover.hpp:1193) [30]  (2.43 ns)

 <State 40>: 2.43ns
The critical path consists of the following:
	bus response operation ('empty_130', /home/x_thileeb/repos/ops-hls-batching-new/OPS/ops/hls/include/device/../../L1/include/ops_hls_datamover.hpp:1193) on port 'gmem8' (/home/x_thileeb/repos/ops-hls-batching-new/OPS/ops/hls/include/device/../../L1/include/ops_hls_datamover.hpp:1193) [30]  (2.43 ns)

 <State 41>: 2.43ns
The critical path consists of the following:
	bus response operation ('empty_130', /home/x_thileeb/repos/ops-hls-batching-new/OPS/ops/hls/include/device/../../L1/include/ops_hls_datamover.hpp:1193) on port 'gmem8' (/home/x_thileeb/repos/ops-hls-batching-new/OPS/ops/hls/include/device/../../L1/include/ops_hls_datamover.hpp:1193) [30]  (2.43 ns)

 <State 42>: 2.43ns
The critical path consists of the following:
	bus response operation ('empty_130', /home/x_thileeb/repos/ops-hls-batching-new/OPS/ops/hls/include/device/../../L1/include/ops_hls_datamover.hpp:1193) on port 'gmem8' (/home/x_thileeb/repos/ops-hls-batching-new/OPS/ops/hls/include/device/../../L1/include/ops_hls_datamover.hpp:1193) [30]  (2.43 ns)

 <State 43>: 2.43ns
The critical path consists of the following:
	bus response operation ('empty_130', /home/x_thileeb/repos/ops-hls-batching-new/OPS/ops/hls/include/device/../../L1/include/ops_hls_datamover.hpp:1193) on port 'gmem8' (/home/x_thileeb/repos/ops-hls-batching-new/OPS/ops/hls/include/device/../../L1/include/ops_hls_datamover.hpp:1193) [30]  (2.43 ns)

 <State 44>: 2.43ns
The critical path consists of the following:
	bus response operation ('empty_130', /home/x_thileeb/repos/ops-hls-batching-new/OPS/ops/hls/include/device/../../L1/include/ops_hls_datamover.hpp:1193) on port 'gmem8' (/home/x_thileeb/repos/ops-hls-batching-new/OPS/ops/hls/include/device/../../L1/include/ops_hls_datamover.hpp:1193) [30]  (2.43 ns)

 <State 45>: 2.43ns
The critical path consists of the following:
	bus response operation ('empty_130', /home/x_thileeb/repos/ops-hls-batching-new/OPS/ops/hls/include/device/../../L1/include/ops_hls_datamover.hpp:1193) on port 'gmem8' (/home/x_thileeb/repos/ops-hls-batching-new/OPS/ops/hls/include/device/../../L1/include/ops_hls_datamover.hpp:1193) [30]  (2.43 ns)

 <State 46>: 2.43ns
The critical path consists of the following:
	bus response operation ('empty_130', /home/x_thileeb/repos/ops-hls-batching-new/OPS/ops/hls/include/device/../../L1/include/ops_hls_datamover.hpp:1193) on port 'gmem8' (/home/x_thileeb/repos/ops-hls-batching-new/OPS/ops/hls/include/device/../../L1/include/ops_hls_datamover.hpp:1193) [30]  (2.43 ns)

 <State 47>: 2.43ns
The critical path consists of the following:
	bus response operation ('empty_130', /home/x_thileeb/repos/ops-hls-batching-new/OPS/ops/hls/include/device/../../L1/include/ops_hls_datamover.hpp:1193) on port 'gmem8' (/home/x_thileeb/repos/ops-hls-batching-new/OPS/ops/hls/include/device/../../L1/include/ops_hls_datamover.hpp:1193) [30]  (2.43 ns)

 <State 48>: 2.43ns
The critical path consists of the following:
	bus response operation ('empty_130', /home/x_thileeb/repos/ops-hls-batching-new/OPS/ops/hls/include/device/../../L1/include/ops_hls_datamover.hpp:1193) on port 'gmem8' (/home/x_thileeb/repos/ops-hls-batching-new/OPS/ops/hls/include/device/../../L1/include/ops_hls_datamover.hpp:1193) [30]  (2.43 ns)

 <State 49>: 2.43ns
The critical path consists of the following:
	bus response operation ('empty_130', /home/x_thileeb/repos/ops-hls-batching-new/OPS/ops/hls/include/device/../../L1/include/ops_hls_datamover.hpp:1193) on port 'gmem8' (/home/x_thileeb/repos/ops-hls-batching-new/OPS/ops/hls/include/device/../../L1/include/ops_hls_datamover.hpp:1193) [30]  (2.43 ns)

 <State 50>: 2.43ns
The critical path consists of the following:
	bus response operation ('empty_130', /home/x_thileeb/repos/ops-hls-batching-new/OPS/ops/hls/include/device/../../L1/include/ops_hls_datamover.hpp:1193) on port 'gmem8' (/home/x_thileeb/repos/ops-hls-batching-new/OPS/ops/hls/include/device/../../L1/include/ops_hls_datamover.hpp:1193) [30]  (2.43 ns)

 <State 51>: 2.43ns
The critical path consists of the following:
	bus response operation ('empty_130', /home/x_thileeb/repos/ops-hls-batching-new/OPS/ops/hls/include/device/../../L1/include/ops_hls_datamover.hpp:1193) on port 'gmem8' (/home/x_thileeb/repos/ops-hls-batching-new/OPS/ops/hls/include/device/../../L1/include/ops_hls_datamover.hpp:1193) [30]  (2.43 ns)


============================================================
+ Verbose Summary: Binding
============================================================
N/A
* FSMD analyzer results:
  - Output states:
 - Input state : 
  - Chain level:
	State 1
	State 2
	State 3
	State 4
	State 5
	State 6
	State 7
	State 8
	State 9
	State 10
	State 11
	State 12
	State 13
	State 14
	State 15
	State 16
	State 17
	State 18
	State 19
	State 20
	State 21
	State 22
	State 23
	State 24
	State 25
	State 26
	State 27
	State 28
	State 29
	State 30
	State 31
	State 32
	State 33
	State 34
	State 35
	State 36
	State 37
	State 38
	State 39
	State 40
	State 41
	State 42
	State 43
	State 44
	State 45
	State 46
	State 47
	State 48
	State 49
	State 50
	State 51


============================================================
+ Verbose Summary: Datapath Resource usage 
============================================================
N/A
