

================================================================
== Vitis HLS Report for 'stream2axisTileStepdown2D_1'
================================================================
* Date:           Fri Aug 14 22:50:26 2026

* Version:        2022.2 (Build 3670227 on Oct 13 2022)
* Project:        datamover_outerloop_0
* Solution:       solution (Vitis Kernel Flow Target)
* Product family: virtexuplus
* Target device:  xcu280-fsvh2892-2L-e


================================================================
== Performance Estimates
================================================================
+ Timing: 
    * Summary: 
    +--------+---------+----------+------------+
    |  Clock |  Target | Estimated| Uncertainty|
    +--------+---------+----------+------------+
    |ap_clk  |  3.33 ns|  2.185 ns|     0.90 ns|
    +--------+---------+----------+------------+

+ Latency: 
    * Summary: 
    +---------+-----------+-----------+-----------+-----+-----------+---------+
    |   Latency (cycles)  |   Latency (absolute)  |     Interval    | Pipeline|
    |   min   |    max    |    min    |    max    | min |    max    |   Type  |
    +---------+-----------+-----------+-----------+-----+-----------+---------+
    |        8|  269484161|  26.664 ns|  0.898 sec|    8|  269484161|       no|
    +---------+-----------+-----------+-----------+-----+-----------+---------+

    + Detail: 
        * Instance: 
        +-----------------------------------------------------------+------------------------------------------------+---------+---------+----------+----------+-----+------+---------+
        |                                                           |                                                |  Latency (cycles) |  Latency (absolute) |  Interval  | Pipeline|
        |                          Instance                         |                     Module                     |   min   |   max   |    min   |    max   | min |  max |   Type  |
        +-----------------------------------------------------------+------------------------------------------------+---------+---------+----------+----------+-----+------+---------+
        |grp_stream2axisTileStepdown2D_1_Pipeline_beat_loop_fu_139  |stream2axisTileStepdown2D_1_Pipeline_beat_loop  |        3|     1026|  9.999 ns|  3.420 us|    3|  1026|       no|
        +-----------------------------------------------------------+------------------------------------------------+---------+---------+----------+----------+-----+------+---------+

        * Loop: 
        +---------------+---------+-----------+-------------+-----------+-----------+----------+----------+
        |               |   Latency (cycles)  |  Iteration  |  Initiation Interval  |   Trip   |          |
        |   Loop Name   |   min   |    max    |   Latency   |  achieved |   target  |   Count  | Pipelined|
        +---------------+---------+-----------+-------------+-----------+-----------+----------+----------+
        |- tile_x_loop  |        7|  269484160|  7 ~ 4210690|          -|          -|    1 ~ 64|        no|
        | + row_loop    |        5|    4210688|     5 ~ 1028|          -|          -|  1 ~ 4096|        no|
        +---------------+---------+-----------+-------------+-----------+-----------+----------+----------+



================================================================
== Utilization Estimates
================================================================
* Summary: 
+---------------------+---------+------+---------+---------+-----+
|         Name        | BRAM_18K|  DSP |    FF   |   LUT   | URAM|
+---------------------+---------+------+---------+---------+-----+
|DSP                  |        -|     -|        -|        -|    -|
|Expression           |        -|     -|        0|      160|    -|
|FIFO                 |        -|     -|        -|        -|    -|
|Instance             |        -|     -|       17|      115|    -|
|Memory               |        -|     -|        -|        -|    -|
|Multiplexer          |        -|     -|        -|      107|    -|
|Register             |        -|     -|      165|        -|    -|
+---------------------+---------+------+---------+---------+-----+
|Total                |        0|     0|      182|      382|    0|
+---------------------+---------+------+---------+---------+-----+
|Available SLR        |     1344|  3008|   869120|   434560|  320|
+---------------------+---------+------+---------+---------+-----+
|Utilization SLR (%)  |        0|     0|       ~0|       ~0|    0|
+---------------------+---------+------+---------+---------+-----+
|Available            |     4032|  9024|  2607360|  1303680|  960|
+---------------------+---------+------+---------+---------+-----+
|Utilization (%)      |        0|     0|       ~0|       ~0|    0|
+---------------------+---------+------+---------+---------+-----+

+ Detail: 
    * Instance: 
    +-----------------------------------------------------------+------------------------------------------------+---------+----+----+-----+-----+
    |                          Instance                         |                     Module                     | BRAM_18K| DSP| FF | LUT | URAM|
    +-----------------------------------------------------------+------------------------------------------------+---------+----+----+-----+-----+
    |grp_stream2axisTileStepdown2D_1_Pipeline_beat_loop_fu_139  |stream2axisTileStepdown2D_1_Pipeline_beat_loop  |        0|   0|  17|  115|    0|
    +-----------------------------------------------------------+------------------------------------------------+---------+----+----+-----+-----+
    |Total                                                      |                                                |        0|   0|  17|  115|    0|
    +-----------------------------------------------------------+------------------------------------------------+---------+----+----+-----+-----+

    * DSP: 
    N/A

    * Memory: 
    N/A

    * FIFO: 
    N/A

    * Expression: 
    +----------------------------------------------------------------------------------+----------+----+---+----+------------+------------+
    |                                   Variable Name                                  | Operation| DSP| FF| LUT| Bitwidth P0| Bitwidth P1|
    +----------------------------------------------------------------------------------+----------+----+---+----+------------+------------+
    |add_ln6430_fu_191_p2                                                              |         +|   0|  0|  23|          16|           1|
    |max_x_fu_236_p2                                                                   |         +|   0|  0|  21|          14|          14|
    |row_3_fu_247_p2                                                                   |         +|   0|  0|  23|          16|           1|
    |sub_fu_168_p2                                                                     |         +|   0|  0|  24|          17|           2|
    |grp_stream2axisTileStepdown2D_1_Pipeline_beat_loop_fu_139_arg0_4_axis_out_TREADY  |       and|   0|  0|   2|           1|           1|
    |grp_stream2axisTileStepdown2D_1_Pipeline_beat_loop_fu_139_arg0_5_axis_out_TREADY  |       and|   0|  0|   2|           1|           1|
    |icmp_ln6430_fu_186_p2                                                             |      icmp|   0|  0|  13|          16|          16|
    |icmp_ln6434_fu_197_p2                                                             |      icmp|   0|  0|  13|          17|          17|
    |icmp_ln6440_fu_226_p2                                                             |      icmp|   0|  0|   8|           3|           1|
    |icmp_ln6449_fu_242_p2                                                             |      icmp|   0|  0|  13|          16|          16|
    |ap_block_state1                                                                   |        or|   0|  0|   2|           1|           1|
    |tile_size_x_fu_202_p3                                                             |    select|   0|  0|  16|           1|          16|
    +----------------------------------------------------------------------------------+----------+----+---+----+------------+------------+
    |Total                                                                             |          |   0|  0| 160|         119|          87|
    +----------------------------------------------------------------------------------+----------+----+---+----+------------+------------+

    * Multiplexer: 
    +-------------------------------+----+-----------+-----+-----------+
    |              Name             | LUT| Input Size| Bits| Total Bits|
    +-------------------------------+----+-----------+-----+-----------+
    |ap_NS_fsm                      |  26|          5|    1|          5|
    |ap_done                        |   9|          2|    1|          2|
    |arg0_read_mem_strm_g2_0_read   |   9|          2|    1|          2|
    |arg0_read_mem_strm_g2_1_read   |   9|          2|    1|          2|
    |config_grid_size_y_blk_n       |   9|          2|    1|          2|
    |config_last_tile_size_x_blk_n  |   9|          2|    1|          2|
    |config_tile_count_x_blk_n      |   9|          2|    1|          2|
    |config_tile_size_x_blk_n       |   9|          2|    1|          2|
    |row_reg_128                    |   9|          2|   16|         32|
    |tile_x_fu_100                  |   9|          2|   16|         32|
    +-------------------------------+----+-----------+-----+-----------+
    |Total                          | 107|         23|   40|         83|
    +-------------------------------+----+-----------+-----+-----------+

    * Register: 
    +------------------------------------------------------------------------+----+----+-----+-----------+
    |                                  Name                                  | FF | LUT| Bits| Const Bits|
    +------------------------------------------------------------------------+----+----+-----+-----------+
    |add_ln6430_reg_292                                                      |  16|   0|   16|          0|
    |ap_CS_fsm                                                               |   4|   0|    4|          0|
    |ap_done_reg                                                             |   1|   0|    1|          0|
    |config_grid_size_y_read_reg_279                                         |  16|   0|   16|          0|
    |config_last_tile_size_x_read_reg_264                                    |  16|   0|   16|          0|
    |config_tile_count_x_read_reg_274                                        |  16|   0|   16|          0|
    |config_tile_size_x_read_reg_269                                         |  16|   0|   16|          0|
    |grp_stream2axisTileStepdown2D_1_Pipeline_beat_loop_fu_139_ap_start_reg  |   1|   0|    1|          0|
    |max_x_reg_297                                                           |  14|   0|   14|          0|
    |row_3_reg_305                                                           |  16|   0|   16|          0|
    |row_reg_128                                                             |  16|   0|   16|          0|
    |sub_reg_284                                                             |  17|   0|   17|          0|
    |tile_x_fu_100                                                           |  16|   0|   16|          0|
    +------------------------------------------------------------------------+----+----+-----+-----------+
    |Total                                                                   | 165|   0|  165|          0|
    +------------------------------------------------------------------------+----+----+-----+-----------+



================================================================
== Interface
================================================================
* Summary: 
+----------------------------------------+-----+-----+------------+-----------------------------+--------------+
|                RTL Ports               | Dir | Bits|  Protocol  |        Source Object        |    C Type    |
+----------------------------------------+-----+-----+------------+-----------------------------+--------------+
|ap_clk                                  |   in|    1|  ap_ctrl_hs|  stream2axisTileStepdown2D.1|  return value|
|ap_rst                                  |   in|    1|  ap_ctrl_hs|  stream2axisTileStepdown2D.1|  return value|
|ap_start                                |   in|    1|  ap_ctrl_hs|  stream2axisTileStepdown2D.1|  return value|
|ap_done                                 |  out|    1|  ap_ctrl_hs|  stream2axisTileStepdown2D.1|  return value|
|ap_continue                             |   in|    1|  ap_ctrl_hs|  stream2axisTileStepdown2D.1|  return value|
|ap_idle                                 |  out|    1|  ap_ctrl_hs|  stream2axisTileStepdown2D.1|  return value|
|ap_ready                                |  out|    1|  ap_ctrl_hs|  stream2axisTileStepdown2D.1|  return value|
|arg0_read_mem_strm_g2_0_dout            |   in|  256|     ap_fifo|      arg0_read_mem_strm_g2_0|       pointer|
|arg0_read_mem_strm_g2_0_num_data_valid  |   in|    5|     ap_fifo|      arg0_read_mem_strm_g2_0|       pointer|
|arg0_read_mem_strm_g2_0_fifo_cap        |   in|    5|     ap_fifo|      arg0_read_mem_strm_g2_0|       pointer|
|arg0_read_mem_strm_g2_0_empty_n         |   in|    1|     ap_fifo|      arg0_read_mem_strm_g2_0|       pointer|
|arg0_read_mem_strm_g2_0_read            |  out|    1|     ap_fifo|      arg0_read_mem_strm_g2_0|       pointer|
|arg0_read_mem_strm_g2_1_dout            |   in|  256|     ap_fifo|      arg0_read_mem_strm_g2_1|       pointer|
|arg0_read_mem_strm_g2_1_num_data_valid  |   in|    5|     ap_fifo|      arg0_read_mem_strm_g2_1|       pointer|
|arg0_read_mem_strm_g2_1_fifo_cap        |   in|    5|     ap_fifo|      arg0_read_mem_strm_g2_1|       pointer|
|arg0_read_mem_strm_g2_1_empty_n         |   in|    1|     ap_fifo|      arg0_read_mem_strm_g2_1|       pointer|
|arg0_read_mem_strm_g2_1_read            |  out|    1|     ap_fifo|      arg0_read_mem_strm_g2_1|       pointer|
|config_grid_size_y_dout                 |   in|   16|     ap_fifo|           config_grid_size_y|       pointer|
|config_grid_size_y_num_data_valid       |   in|    2|     ap_fifo|           config_grid_size_y|       pointer|
|config_grid_size_y_fifo_cap             |   in|    2|     ap_fifo|           config_grid_size_y|       pointer|
|config_grid_size_y_empty_n              |   in|    1|     ap_fifo|           config_grid_size_y|       pointer|
|config_grid_size_y_read                 |  out|    1|     ap_fifo|           config_grid_size_y|       pointer|
|config_tile_count_x_dout                |   in|   16|     ap_fifo|          config_tile_count_x|       pointer|
|config_tile_count_x_num_data_valid      |   in|    2|     ap_fifo|          config_tile_count_x|       pointer|
|config_tile_count_x_fifo_cap            |   in|    2|     ap_fifo|          config_tile_count_x|       pointer|
|config_tile_count_x_empty_n             |   in|    1|     ap_fifo|          config_tile_count_x|       pointer|
|config_tile_count_x_read                |  out|    1|     ap_fifo|          config_tile_count_x|       pointer|
|config_tile_size_x_dout                 |   in|   16|     ap_fifo|           config_tile_size_x|       pointer|
|config_tile_size_x_num_data_valid       |   in|    2|     ap_fifo|           config_tile_size_x|       pointer|
|config_tile_size_x_fifo_cap             |   in|    2|     ap_fifo|           config_tile_size_x|       pointer|
|config_tile_size_x_empty_n              |   in|    1|     ap_fifo|           config_tile_size_x|       pointer|
|config_tile_size_x_read                 |  out|    1|     ap_fifo|           config_tile_size_x|       pointer|
|config_last_tile_size_x_dout            |   in|   16|     ap_fifo|      config_last_tile_size_x|       pointer|
|config_last_tile_size_x_num_data_valid  |   in|    2|     ap_fifo|      config_last_tile_size_x|       pointer|
|config_last_tile_size_x_fifo_cap        |   in|    2|     ap_fifo|      config_last_tile_size_x|       pointer|
|config_last_tile_size_x_empty_n         |   in|    1|     ap_fifo|      config_last_tile_size_x|       pointer|
|config_last_tile_size_x_read            |  out|    1|     ap_fifo|      config_last_tile_size_x|       pointer|
|arg0_4_axis_out_TDATA                   |  out|  256|        axis|     arg0_4_axis_out_V_data_V|       pointer|
|arg0_4_axis_out_TVALID                  |  out|    1|        axis|     arg0_4_axis_out_V_last_V|       pointer|
|arg0_4_axis_out_TREADY                  |   in|    1|        axis|     arg0_4_axis_out_V_last_V|       pointer|
|arg0_4_axis_out_TLAST                   |  out|    1|        axis|     arg0_4_axis_out_V_last_V|       pointer|
|arg0_4_axis_out_TKEEP                   |  out|   32|        axis|     arg0_4_axis_out_V_keep_V|       pointer|
|arg0_4_axis_out_TSTRB                   |  out|   32|        axis|     arg0_4_axis_out_V_strb_V|       pointer|
|arg0_5_axis_out_TDATA                   |  out|  256|        axis|     arg0_5_axis_out_V_data_V|       pointer|
|arg0_5_axis_out_TVALID                  |  out|    1|        axis|     arg0_5_axis_out_V_last_V|       pointer|
|arg0_5_axis_out_TREADY                  |   in|    1|        axis|     arg0_5_axis_out_V_last_V|       pointer|
|arg0_5_axis_out_TLAST                   |  out|    1|        axis|     arg0_5_axis_out_V_last_V|       pointer|
|arg0_5_axis_out_TKEEP                   |  out|   32|        axis|     arg0_5_axis_out_V_keep_V|       pointer|
|arg0_5_axis_out_TSTRB                   |  out|   32|        axis|     arg0_5_axis_out_V_strb_V|       pointer|
+----------------------------------------+-----+-----+------------+-----------------------------+--------------+

============================================================
+ Verbose Summary: Synthesis Manager
============================================================
InlineROM: 1
ExposeGlobal: 0
============================================================
+ Verbose Summary: CDFG Model
============================================================
IsTopModel: 0
ResetActiveHigh: 1
IsCombinational: 2
IsDatapathOnly: 0
HasWiredReturn: 1
HasMFsm: 0
HasVarLatency: 1
IsPipeline: 0
IsRtlPipelined: 0
IsInstanceOverlapped: 0
IsDontTouch: 0
HasImplIP: 0
IsGatedGlobalClock: 0


============================================================
+ Verbose Summary: Schedule
============================================================
* Number of FSM states : 4
* Pipeline : 0
* Dataflow Pipeline: 0

* FSM state transitions: 
1 --> 2 
2 --> 3 
3 --> 4 2 
4 --> 3 

* FSM state operations: 

State 1 <SV = 0> <Delay = 2.00>
ST_1 : Operation 5 [1/1] (0.00ns)   --->   "%tile_x = alloca i32 1"   --->   Operation 5 'alloca' 'tile_x' <Predicate = true> <Delay = 0.00>
ST_1 : Operation 6 [1/1] (0.00ns)   --->   "%specinterface_ln0 = specinterface void @_ssdm_op_SpecInterface, i16 %config_last_tile_size_x, void @ap_fifo_str, i32 0, i32 0, void @p_str, i32 0, i32 0, void @p_str, void @p_str, void @p_str, i32 2, i32 2, i32 16, i32 16, void @p_str, void @ScalarProp_str, i32 4294967295, i32 0"   --->   Operation 6 'specinterface' 'specinterface_ln0' <Predicate = true> <Delay = 0.00>
ST_1 : Operation 7 [1/1] (1.21ns)   --->   "%config_last_tile_size_x_read = read i16 @_ssdm_op_Read.ap_fifo.i16P0A, i16 %config_last_tile_size_x"   --->   Operation 7 'read' 'config_last_tile_size_x_read' <Predicate = true> <Delay = 1.21> <CoreInst = "FIFO_SRL">   --->   Core 81 'FIFO_SRL' <Latency = 0> <II = 1> <Delay = 1.34> <Storage> <Opcode : 'read' 'write' 'nbread' 'nbwrite'> <Ports = 0> <Width = 16> <Depth = 2> <FIFO>
ST_1 : Operation 8 [1/1] (0.00ns)   --->   "%specinterface_ln0 = specinterface void @_ssdm_op_SpecInterface, i16 %config_tile_size_x, void @ap_fifo_str, i32 0, i32 0, void @p_str, i32 0, i32 0, void @p_str, void @p_str, void @p_str, i32 2, i32 2, i32 16, i32 16, void @p_str, void @ScalarProp_str, i32 4294967295, i32 0"   --->   Operation 8 'specinterface' 'specinterface_ln0' <Predicate = true> <Delay = 0.00>
ST_1 : Operation 9 [1/1] (1.21ns)   --->   "%config_tile_size_x_read = read i16 @_ssdm_op_Read.ap_fifo.i16P0A, i16 %config_tile_size_x"   --->   Operation 9 'read' 'config_tile_size_x_read' <Predicate = true> <Delay = 1.21> <CoreInst = "FIFO_SRL">   --->   Core 81 'FIFO_SRL' <Latency = 0> <II = 1> <Delay = 1.34> <Storage> <Opcode : 'read' 'write' 'nbread' 'nbwrite'> <Ports = 0> <Width = 16> <Depth = 2> <FIFO>
ST_1 : Operation 10 [1/1] (0.00ns)   --->   "%specinterface_ln0 = specinterface void @_ssdm_op_SpecInterface, i16 %config_tile_count_x, void @ap_fifo_str, i32 0, i32 0, void @p_str, i32 0, i32 0, void @p_str, void @p_str, void @p_str, i32 2, i32 2, i32 16, i32 16, void @p_str, void @ScalarProp_str, i32 4294967295, i32 0"   --->   Operation 10 'specinterface' 'specinterface_ln0' <Predicate = true> <Delay = 0.00>
ST_1 : Operation 11 [1/1] (1.21ns)   --->   "%config_tile_count_x_read = read i16 @_ssdm_op_Read.ap_fifo.i16P0A, i16 %config_tile_count_x"   --->   Operation 11 'read' 'config_tile_count_x_read' <Predicate = true> <Delay = 1.21> <CoreInst = "FIFO_SRL">   --->   Core 81 'FIFO_SRL' <Latency = 0> <II = 1> <Delay = 1.34> <Storage> <Opcode : 'read' 'write' 'nbread' 'nbwrite'> <Ports = 0> <Width = 16> <Depth = 2> <FIFO>
ST_1 : Operation 12 [1/1] (0.00ns)   --->   "%specinterface_ln0 = specinterface void @_ssdm_op_SpecInterface, i16 %config_grid_size_y, void @ap_fifo_str, i32 0, i32 0, void @p_str, i32 0, i32 0, void @p_str, void @p_str, void @p_str, i32 2, i32 2, i32 16, i32 16, void @p_str, void @ScalarProp_str, i32 4294967295, i32 0"   --->   Operation 12 'specinterface' 'specinterface_ln0' <Predicate = true> <Delay = 0.00>
ST_1 : Operation 13 [1/1] (1.21ns)   --->   "%config_grid_size_y_read = read i16 @_ssdm_op_Read.ap_fifo.i16P0A, i16 %config_grid_size_y"   --->   Operation 13 'read' 'config_grid_size_y_read' <Predicate = true> <Delay = 1.21> <CoreInst = "FIFO_SRL">   --->   Core 81 'FIFO_SRL' <Latency = 0> <II = 1> <Delay = 1.34> <Storage> <Opcode : 'read' 'write' 'nbread' 'nbwrite'> <Ports = 0> <Width = 16> <Depth = 2> <FIFO>
ST_1 : Operation 14 [1/1] (0.00ns)   --->   "%specaxissidechannel_ln0 = specaxissidechannel void @_ssdm_op_SpecAXISSideChannel, i256 %arg0_5_axis_out_V_data_V, i32 %arg0_5_axis_out_V_keep_V, i32 %arg0_5_axis_out_V_strb_V, i1 0, i1 %arg0_5_axis_out_V_last_V, i1 0, i1 0, void @empty_37"   --->   Operation 14 'specaxissidechannel' 'specaxissidechannel_ln0' <Predicate = true> <Delay = 0.00>
ST_1 : Operation 15 [1/1] (0.00ns)   --->   "%specaxissidechannel_ln0 = specaxissidechannel void @_ssdm_op_SpecAXISSideChannel, i256 %arg0_4_axis_out_V_data_V, i32 %arg0_4_axis_out_V_keep_V, i32 %arg0_4_axis_out_V_strb_V, i1 0, i1 %arg0_4_axis_out_V_last_V, i1 0, i1 0, void @empty_26"   --->   Operation 15 'specaxissidechannel' 'specaxissidechannel_ln0' <Predicate = true> <Delay = 0.00>
ST_1 : Operation 16 [1/1] (0.00ns)   --->   "%specinterface_ln0 = specinterface void @_ssdm_op_SpecInterface, i256 %arg0_read_mem_strm_g2_1, void @empty_42, i32 0, i32 0, void @empty_11, i32 0, i32 0, void @empty_11, void @empty_11, void @empty_11, i32 0, i32 0, i32 0, i32 0, void @empty_11, void @empty_11, i32 4294967295, i32 0"   --->   Operation 16 'specinterface' 'specinterface_ln0' <Predicate = true> <Delay = 0.00>
ST_1 : Operation 17 [1/1] (0.00ns)   --->   "%specinterface_ln0 = specinterface void @_ssdm_op_SpecInterface, i256 %arg0_read_mem_strm_g2_0, void @empty_42, i32 0, i32 0, void @empty_11, i32 0, i32 0, void @empty_11, void @empty_11, void @empty_11, i32 0, i32 0, i32 0, i32 0, void @empty_11, void @empty_11, i32 4294967295, i32 0"   --->   Operation 17 'specinterface' 'specinterface_ln0' <Predicate = true> <Delay = 0.00>
ST_1 : Operation 18 [1/1] (0.00ns)   --->   "%specinterface_ln0 = specinterface void @_ssdm_op_SpecInterface, i256 %arg0_4_axis_out_V_data_V, i32 %arg0_4_axis_out_V_keep_V, i32 %arg0_4_axis_out_V_strb_V, i1 %arg0_4_axis_out_V_last_V, void @empty_28, i32 0, i32 0, void @empty_38, i32 0, i32 0, void @empty_11, void @empty_11, void @empty_11, i32 0, i32 0, i32 0, i32 0, void @empty_11, void @empty_11, i32 4294967295, i32 0"   --->   Operation 18 'specinterface' 'specinterface_ln0' <Predicate = true> <Delay = 0.00>
ST_1 : Operation 19 [1/1] (0.00ns)   --->   "%specinterface_ln0 = specinterface void @_ssdm_op_SpecInterface, i256 %arg0_5_axis_out_V_data_V, i32 %arg0_5_axis_out_V_keep_V, i32 %arg0_5_axis_out_V_strb_V, i1 %arg0_5_axis_out_V_last_V, void @empty_28, i32 0, i32 0, void @empty_38, i32 0, i32 0, void @empty_11, void @empty_11, void @empty_11, i32 0, i32 0, i32 0, i32 0, void @empty_11, void @empty_11, i32 4294967295, i32 0"   --->   Operation 19 'specinterface' 'specinterface_ln0' <Predicate = true> <Delay = 0.00>
ST_1 : Operation 20 [1/1] (0.00ns)   --->   "%config_tile_count_x_load_cast = zext i16 %config_tile_count_x_read"   --->   Operation 20 'zext' 'config_tile_count_x_load_cast' <Predicate = true> <Delay = 0.00>
ST_1 : Operation 21 [1/1] (0.78ns)   --->   "%sub = add i17 %config_tile_count_x_load_cast, i17 131071"   --->   Operation 21 'add' 'sub' <Predicate = true> <Delay = 0.78> <CoreInst = "Adder">   --->   Core 1 'Adder' <Latency = 0> <II = 1> <Delay = 0.79> <FuncUnit> <Opcode : 'add' 'sub'> <InPorts = 2> <OutPorts = 1>
ST_1 : Operation 22 [1/1] (0.38ns)   --->   "%store_ln6430 = store i16 0, i16 %tile_x" [/home/x_thileeb/repos/ops-hls-batching-new/OPS/ops/hls/include/device/../../L1/include/ops_hls_datamover.hpp:6430]   --->   Operation 22 'store' 'store_ln6430' <Predicate = true> <Delay = 0.38>
ST_1 : Operation 23 [1/1] (0.00ns)   --->   "%br_ln6430 = br void %for.body" [/home/x_thileeb/repos/ops-hls-batching-new/OPS/ops/hls/include/device/../../L1/include/ops_hls_datamover.hpp:6430]   --->   Operation 23 'br' 'br_ln6430' <Predicate = true> <Delay = 0.00>

State 2 <SV = 1> <Delay = 2.18>
ST_2 : Operation 24 [1/1] (0.00ns)   --->   "%tile_x_3 = load i16 %tile_x" [/home/x_thileeb/repos/ops-hls-batching-new/OPS/ops/hls/include/device/../../L1/include/ops_hls_datamover.hpp:6430]   --->   Operation 24 'load' 'tile_x_3' <Predicate = true> <Delay = 0.00>
ST_2 : Operation 25 [1/1] (0.00ns)   --->   "%zext_ln6430 = zext i16 %tile_x_3" [/home/x_thileeb/repos/ops-hls-batching-new/OPS/ops/hls/include/device/../../L1/include/ops_hls_datamover.hpp:6430]   --->   Operation 25 'zext' 'zext_ln6430' <Predicate = true> <Delay = 0.00>
ST_2 : Operation 26 [1/1] (0.67ns)   --->   "%icmp_ln6430 = icmp_eq  i16 %tile_x_3, i16 %config_tile_count_x_read" [/home/x_thileeb/repos/ops-hls-batching-new/OPS/ops/hls/include/device/../../L1/include/ops_hls_datamover.hpp:6430]   --->   Operation 26 'icmp' 'icmp_ln6430' <Predicate = true> <Delay = 0.67> <CoreInst = "Cmp">   --->   Core 9 'Cmp' <Latency = 0> <II = 1> <Delay = 0.67> <FuncUnit> <Opcode : 'icmp'> <InPorts = 2> <OutPorts = 1>
ST_2 : Operation 27 [1/1] (0.78ns)   --->   "%add_ln6430 = add i16 %tile_x_3, i16 1" [/home/x_thileeb/repos/ops-hls-batching-new/OPS/ops/hls/include/device/../../L1/include/ops_hls_datamover.hpp:6430]   --->   Operation 27 'add' 'add_ln6430' <Predicate = true> <Delay = 0.78> <CoreInst = "Adder">   --->   Core 1 'Adder' <Latency = 0> <II = 1> <Delay = 0.78> <FuncUnit> <Opcode : 'add' 'sub'> <InPorts = 2> <OutPorts = 1>
ST_2 : Operation 28 [1/1] (0.00ns)   --->   "%br_ln6430 = br i1 %icmp_ln6430, void %for.body.split, void %for.end45.loopexit" [/home/x_thileeb/repos/ops-hls-batching-new/OPS/ops/hls/include/device/../../L1/include/ops_hls_datamover.hpp:6430]   --->   Operation 28 'br' 'br_ln6430' <Predicate = true> <Delay = 0.00>
ST_2 : Operation 29 [1/1] (0.00ns)   --->   "%speclooptripcount_ln6432 = speclooptripcount void @_ssdm_op_SpecLoopTripCount, i64 1, i64 64, i64 32" [/home/x_thileeb/repos/ops-hls-batching-new/OPS/ops/hls/include/device/../../L1/include/ops_hls_datamover.hpp:6432]   --->   Operation 29 'speclooptripcount' 'speclooptripcount_ln6432' <Predicate = (!icmp_ln6430)> <Delay = 0.00>
ST_2 : Operation 30 [1/1] (0.00ns)   --->   "%specloopname_ln6430 = specloopname void @_ssdm_op_SpecLoopName, void @empty_19" [/home/x_thileeb/repos/ops-hls-batching-new/OPS/ops/hls/include/device/../../L1/include/ops_hls_datamover.hpp:6430]   --->   Operation 30 'specloopname' 'specloopname_ln6430' <Predicate = (!icmp_ln6430)> <Delay = 0.00>
ST_2 : Operation 31 [1/1] (0.68ns)   --->   "%icmp_ln6434 = icmp_eq  i17 %sub, i17 %zext_ln6430" [/home/x_thileeb/repos/ops-hls-batching-new/OPS/ops/hls/include/device/../../L1/include/ops_hls_datamover.hpp:6434]   --->   Operation 31 'icmp' 'icmp_ln6434' <Predicate = (!icmp_ln6430)> <Delay = 0.68> <CoreInst = "Cmp">   --->   Core 9 'Cmp' <Latency = 0> <II = 1> <Delay = 0.68> <FuncUnit> <Opcode : 'icmp'> <InPorts = 2> <OutPorts = 1>
ST_2 : Operation 32 [1/1] (0.24ns)   --->   "%tile_size_x = select i1 %icmp_ln6434, i16 %config_last_tile_size_x_read, i16 %config_tile_size_x_read" [/home/x_thileeb/repos/ops-hls-batching-new/OPS/ops/hls/include/device/../../L1/include/ops_hls_datamover.hpp:6434]   --->   Operation 32 'select' 'tile_size_x' <Predicate = (!icmp_ln6430)> <Delay = 0.24> <CoreInst = "Sel">   --->   Core 73 'Sel' <Latency = 0> <II = 1> <Delay = 0.24> <FuncUnit> <Opcode : 'select'> <InPorts = 3> <OutPorts = 1>
ST_2 : Operation 33 [1/1] (0.00ns)   --->   "%rem_x = trunc i16 %tile_size_x" [/home/x_thileeb/repos/ops-hls-batching-new/OPS/ops/hls/include/device/../../L1/include/ops_hls_datamover.hpp:6434]   --->   Operation 33 'trunc' 'rem_x' <Predicate = (!icmp_ln6430)> <Delay = 0.00>
ST_2 : Operation 34 [1/1] (0.00ns)   --->   "%trunc_ln = partselect i13 @_ssdm_op_PartSelect.i13.i16.i32.i32, i16 %tile_size_x, i32 3, i32 15" [/home/x_thileeb/repos/ops-hls-batching-new/OPS/ops/hls/include/device/../../L1/include/ops_hls_datamover.hpp:6438]   --->   Operation 34 'partselect' 'trunc_ln' <Predicate = (!icmp_ln6430)> <Delay = 0.00>
ST_2 : Operation 35 [1/1] (0.00ns)   --->   "%zext_ln6438 = zext i13 %trunc_ln" [/home/x_thileeb/repos/ops-hls-batching-new/OPS/ops/hls/include/device/../../L1/include/ops_hls_datamover.hpp:6438]   --->   Operation 35 'zext' 'zext_ln6438' <Predicate = (!icmp_ln6430)> <Delay = 0.00>
ST_2 : Operation 36 [1/1] (0.49ns)   --->   "%icmp_ln6440 = icmp_ne  i3 %rem_x, i3 0" [/home/x_thileeb/repos/ops-hls-batching-new/OPS/ops/hls/include/device/../../L1/include/ops_hls_datamover.hpp:6440]   --->   Operation 36 'icmp' 'icmp_ln6440' <Predicate = (!icmp_ln6430)> <Delay = 0.49> <CoreInst = "Cmp">   --->   Core 9 'Cmp' <Latency = 0> <II = 1> <Delay = 0.49> <FuncUnit> <Opcode : 'icmp'> <InPorts = 2> <OutPorts = 1>
ST_2 : Operation 37 [1/1] (0.00ns)   --->   "%zext_ln6440 = zext i1 %icmp_ln6440" [/home/x_thileeb/repos/ops-hls-batching-new/OPS/ops/hls/include/device/../../L1/include/ops_hls_datamover.hpp:6440]   --->   Operation 37 'zext' 'zext_ln6440' <Predicate = (!icmp_ln6430)> <Delay = 0.00>
ST_2 : Operation 38 [1/1] (0.75ns)   --->   "%max_x = add i14 %zext_ln6438, i14 %zext_ln6440" [/home/x_thileeb/repos/ops-hls-batching-new/OPS/ops/hls/include/device/../../L1/include/ops_hls_datamover.hpp:6440]   --->   Operation 38 'add' 'max_x' <Predicate = (!icmp_ln6430)> <Delay = 0.75> <CoreInst = "Adder">   --->   Core 1 'Adder' <Latency = 0> <II = 1> <Delay = 0.76> <FuncUnit> <Opcode : 'add' 'sub'> <InPorts = 2> <OutPorts = 1>
ST_2 : Operation 39 [1/1] (0.38ns)   --->   "%br_ln6449 = br void %beat_loop" [/home/x_thileeb/repos/ops-hls-batching-new/OPS/ops/hls/include/device/../../L1/include/ops_hls_datamover.hpp:6449]   --->   Operation 39 'br' 'br_ln6449' <Predicate = (!icmp_ln6430)> <Delay = 0.38>
ST_2 : Operation 40 [1/1] (0.00ns)   --->   "%ret_ln6487 = ret" [/home/x_thileeb/repos/ops-hls-batching-new/OPS/ops/hls/include/device/../../L1/include/ops_hls_datamover.hpp:6487]   --->   Operation 40 'ret' 'ret_ln6487' <Predicate = (icmp_ln6430)> <Delay = 0.00>

State 3 <SV = 2> <Delay = 1.71>
ST_3 : Operation 41 [1/1] (0.00ns)   --->   "%row = phi i16 0, void %for.body.split, i16 %row_3, void %beat_loop.split"   --->   Operation 41 'phi' 'row' <Predicate = true> <Delay = 0.00>
ST_3 : Operation 42 [1/1] (0.67ns)   --->   "%icmp_ln6449 = icmp_eq  i16 %row, i16 %config_grid_size_y_read" [/home/x_thileeb/repos/ops-hls-batching-new/OPS/ops/hls/include/device/../../L1/include/ops_hls_datamover.hpp:6449]   --->   Operation 42 'icmp' 'icmp_ln6449' <Predicate = true> <Delay = 0.67> <CoreInst = "Cmp">   --->   Core 9 'Cmp' <Latency = 0> <II = 1> <Delay = 0.67> <FuncUnit> <Opcode : 'icmp'> <InPorts = 2> <OutPorts = 1>
ST_3 : Operation 43 [1/1] (0.78ns)   --->   "%row_3 = add i16 %row, i16 1" [/home/x_thileeb/repos/ops-hls-batching-new/OPS/ops/hls/include/device/../../L1/include/ops_hls_datamover.hpp:6449]   --->   Operation 43 'add' 'row_3' <Predicate = true> <Delay = 0.78> <CoreInst = "Adder">   --->   Core 1 'Adder' <Latency = 0> <II = 1> <Delay = 0.78> <FuncUnit> <Opcode : 'add' 'sub'> <InPorts = 2> <OutPorts = 1>
ST_3 : Operation 44 [1/1] (0.00ns)   --->   "%br_ln6449 = br i1 %icmp_ln6449, void %beat_loop.split, void %for.inc43.loopexit" [/home/x_thileeb/repos/ops-hls-batching-new/OPS/ops/hls/include/device/../../L1/include/ops_hls_datamover.hpp:6449]   --->   Operation 44 'br' 'br_ln6449' <Predicate = true> <Delay = 0.00>
ST_3 : Operation 45 [1/1] (0.00ns)   --->   "%empty = wait i32 @_ssdm_op_Wait"   --->   Operation 45 'wait' 'empty' <Predicate = (!icmp_ln6449)> <Delay = 0.00>
ST_3 : Operation 46 [2/2] (1.03ns)   --->   "%call_ln6440 = call void @stream2axisTileStepdown2D.1_Pipeline_beat_loop, i14 %max_x, i256 %arg0_read_mem_strm_g2_0, i256 %arg0_read_mem_strm_g2_1, i256 %arg0_4_axis_out_V_data_V, i32 %arg0_4_axis_out_V_keep_V, i32 %arg0_4_axis_out_V_strb_V, i1 %arg0_4_axis_out_V_last_V, i256 %arg0_5_axis_out_V_data_V, i32 %arg0_5_axis_out_V_keep_V, i32 %arg0_5_axis_out_V_strb_V, i1 %arg0_5_axis_out_V_last_V" [/home/x_thileeb/repos/ops-hls-batching-new/OPS/ops/hls/include/device/../../L1/include/ops_hls_datamover.hpp:6440]   --->   Operation 46 'call' 'call_ln6440' <Predicate = (!icmp_ln6449)> <Delay = 1.03> <CoreType = "Generic">   --->   Core 0 '' <Latency = 0> <II = 1> <Delay = 1.00> <Generic> <Opcode : >
ST_3 : Operation 47 [1/1] (0.38ns)   --->   "%store_ln6430 = store i16 %add_ln6430, i16 %tile_x" [/home/x_thileeb/repos/ops-hls-batching-new/OPS/ops/hls/include/device/../../L1/include/ops_hls_datamover.hpp:6430]   --->   Operation 47 'store' 'store_ln6430' <Predicate = (icmp_ln6449)> <Delay = 0.38>
ST_3 : Operation 48 [1/1] (0.00ns)   --->   "%br_ln6430 = br void %for.body" [/home/x_thileeb/repos/ops-hls-batching-new/OPS/ops/hls/include/device/../../L1/include/ops_hls_datamover.hpp:6430]   --->   Operation 48 'br' 'br_ln6430' <Predicate = (icmp_ln6449)> <Delay = 0.00>

State 4 <SV = 3> <Delay = 1.13>
ST_4 : Operation 49 [1/1] (0.00ns)   --->   "%speclooptripcount_ln6451 = speclooptripcount void @_ssdm_op_SpecLoopTripCount, i64 1, i64 4096, i64 2048" [/home/x_thileeb/repos/ops-hls-batching-new/OPS/ops/hls/include/device/../../L1/include/ops_hls_datamover.hpp:6451]   --->   Operation 49 'speclooptripcount' 'speclooptripcount_ln6451' <Predicate = true> <Delay = 0.00>
ST_4 : Operation 50 [1/1] (0.00ns)   --->   "%specloopname_ln6449 = specloopname void @_ssdm_op_SpecLoopName, void @empty_9" [/home/x_thileeb/repos/ops-hls-batching-new/OPS/ops/hls/include/device/../../L1/include/ops_hls_datamover.hpp:6449]   --->   Operation 50 'specloopname' 'specloopname_ln6449' <Predicate = true> <Delay = 0.00>
ST_4 : Operation 51 [1/2] (1.13ns)   --->   "%call_ln6440 = call void @stream2axisTileStepdown2D.1_Pipeline_beat_loop, i14 %max_x, i256 %arg0_read_mem_strm_g2_0, i256 %arg0_read_mem_strm_g2_1, i256 %arg0_4_axis_out_V_data_V, i32 %arg0_4_axis_out_V_keep_V, i32 %arg0_4_axis_out_V_strb_V, i1 %arg0_4_axis_out_V_last_V, i256 %arg0_5_axis_out_V_data_V, i32 %arg0_5_axis_out_V_keep_V, i32 %arg0_5_axis_out_V_strb_V, i1 %arg0_5_axis_out_V_last_V" [/home/x_thileeb/repos/ops-hls-batching-new/OPS/ops/hls/include/device/../../L1/include/ops_hls_datamover.hpp:6440]   --->   Operation 51 'call' 'call_ln6440' <Predicate = true> <Delay = 1.13> <CoreType = "Generic">   --->   Core 0 '' <Latency = 0> <II = 1> <Delay = 1.00> <Generic> <Opcode : >
ST_4 : Operation 52 [1/1] (0.00ns)   --->   "%br_ln6449 = br void %beat_loop" [/home/x_thileeb/repos/ops-hls-batching-new/OPS/ops/hls/include/device/../../L1/include/ops_hls_datamover.hpp:6449]   --->   Operation 52 'br' 'br_ln6449' <Predicate = true> <Delay = 0.00>


============================================================
+ Verbose Summary: Binding
============================================================
STG Binding: 
---------------- STG Properties BEGIN ----------------
- Is combinational: 0
- Is one-state seq: 0
- Is datapath-only: 0
- Is pipelined: 0
- Is top level: 0
Port [ Return ] is wired: 1; IO mode=ap_ctrl_hs:ce=0
Port [ arg0_read_mem_strm_g2_0]:  wired=1; compound=1; hidden=0; nouse=0; global=0; static=0; extern=0; dir=0; type=3; pingpong=0; private_global=0; IO mode=ap_fifo:ce=0
Port [ arg0_read_mem_strm_g2_1]:  wired=1; compound=1; hidden=0; nouse=0; global=0; static=0; extern=0; dir=0; type=3; pingpong=0; private_global=0; IO mode=ap_fifo:ce=0
Port [ config_grid_size_y]:  wired=1; compound=1; hidden=0; nouse=0; global=0; static=0; extern=0; dir=0; type=3; pingpong=0; private_global=0; IO mode=ap_fifo:ce=0
Port [ config_tile_count_x]:  wired=1; compound=1; hidden=0; nouse=0; global=0; static=0; extern=0; dir=0; type=3; pingpong=0; private_global=0; IO mode=ap_fifo:ce=0
Port [ config_tile_size_x]:  wired=1; compound=1; hidden=0; nouse=0; global=0; static=0; extern=0; dir=0; type=3; pingpong=0; private_global=0; IO mode=ap_fifo:ce=0
Port [ config_last_tile_size_x]:  wired=1; compound=1; hidden=0; nouse=0; global=0; static=0; extern=0; dir=0; type=3; pingpong=0; private_global=0; IO mode=ap_fifo:ce=0
Port [ arg0_4_axis_out_V_data_V]:  wired=1; compound=1; hidden=0; nouse=0; global=0; static=0; extern=0; dir=1; type=0; pingpong=0; private_global=0; IO mode=axis:ce=0
Port [ arg0_4_axis_out_V_keep_V]:  wired=1; compound=1; hidden=0; nouse=0; global=0; static=0; extern=0; dir=1; type=0; pingpong=0; private_global=0; IO mode=axis:ce=0
Port [ arg0_4_axis_out_V_strb_V]:  wired=1; compound=1; hidden=0; nouse=0; global=0; static=0; extern=0; dir=1; type=0; pingpong=0; private_global=0; IO mode=axis:ce=0
Port [ arg0_4_axis_out_V_last_V]:  wired=1; compound=1; hidden=0; nouse=0; global=0; static=0; extern=0; dir=1; type=0; pingpong=0; private_global=0; IO mode=axis:ce=0
Port [ arg0_5_axis_out_V_data_V]:  wired=1; compound=1; hidden=0; nouse=0; global=0; static=0; extern=0; dir=1; type=0; pingpong=0; private_global=0; IO mode=axis:ce=0
Port [ arg0_5_axis_out_V_keep_V]:  wired=1; compound=1; hidden=0; nouse=0; global=0; static=0; extern=0; dir=1; type=0; pingpong=0; private_global=0; IO mode=axis:ce=0
Port [ arg0_5_axis_out_V_strb_V]:  wired=1; compound=1; hidden=0; nouse=0; global=0; static=0; extern=0; dir=1; type=0; pingpong=0; private_global=0; IO mode=axis:ce=0
Port [ arg0_5_axis_out_V_last_V]:  wired=1; compound=1; hidden=0; nouse=0; global=0; static=0; extern=0; dir=1; type=0; pingpong=0; private_global=0; IO mode=axis:ce=0
---------------- STG Properties END ------------------

---------------- Datapath Model BEGIN ----------------

<LifeTime>
<method=bitvector/>
tile_x                        (alloca             ) [ 01111]
specinterface_ln0             (specinterface      ) [ 00000]
config_last_tile_size_x_read  (read               ) [ 00111]
specinterface_ln0             (specinterface      ) [ 00000]
config_tile_size_x_read       (read               ) [ 00111]
specinterface_ln0             (specinterface      ) [ 00000]
config_tile_count_x_read      (read               ) [ 00111]
specinterface_ln0             (specinterface      ) [ 00000]
config_grid_size_y_read       (read               ) [ 00111]
specaxissidechannel_ln0       (specaxissidechannel) [ 00000]
specaxissidechannel_ln0       (specaxissidechannel) [ 00000]
specinterface_ln0             (specinterface      ) [ 00000]
specinterface_ln0             (specinterface      ) [ 00000]
specinterface_ln0             (specinterface      ) [ 00000]
specinterface_ln0             (specinterface      ) [ 00000]
config_tile_count_x_load_cast (zext               ) [ 00000]
sub                           (add                ) [ 00111]
store_ln6430                  (store              ) [ 00000]
br_ln6430                     (br                 ) [ 00000]
tile_x_3                      (load               ) [ 00000]
zext_ln6430                   (zext               ) [ 00000]
icmp_ln6430                   (icmp               ) [ 00111]
add_ln6430                    (add                ) [ 00011]
br_ln6430                     (br                 ) [ 00000]
speclooptripcount_ln6432      (speclooptripcount  ) [ 00000]
specloopname_ln6430           (specloopname       ) [ 00000]
icmp_ln6434                   (icmp               ) [ 00000]
tile_size_x                   (select             ) [ 00000]
rem_x                         (trunc              ) [ 00000]
trunc_ln                      (partselect         ) [ 00000]
zext_ln6438                   (zext               ) [ 00000]
icmp_ln6440                   (icmp               ) [ 00000]
zext_ln6440                   (zext               ) [ 00000]
max_x                         (add                ) [ 00011]
br_ln6449                     (br                 ) [ 00111]
ret_ln6487                    (ret                ) [ 00000]
row                           (phi                ) [ 00010]
icmp_ln6449                   (icmp               ) [ 00111]
row_3                         (add                ) [ 00111]
br_ln6449                     (br                 ) [ 00000]
empty                         (wait               ) [ 00000]
store_ln6430                  (store              ) [ 00000]
br_ln6430                     (br                 ) [ 00000]
speclooptripcount_ln6451      (speclooptripcount  ) [ 00000]
specloopname_ln6449           (specloopname       ) [ 00000]
call_ln6440                   (call               ) [ 00000]
br_ln6449                     (br                 ) [ 00111]
</LifeTime>

<model>

<comp_list>
<comp id="0" class="1000" name="arg0_read_mem_strm_g2_0">
<pin_list>
<pin id="1" dir="1" index="0" bw="1" slack="0"/>
</pin_list>
<bind>
<StgValue><ssdm name="arg0_read_mem_strm_g2_0"/></StgValue>
</bind>
</comp>

<comp id="2" class="1000" name="arg0_read_mem_strm_g2_1">
<pin_list>
<pin id="3" dir="1" index="0" bw="1" slack="0"/>
</pin_list>
<bind>
<StgValue><ssdm name="arg0_read_mem_strm_g2_1"/></StgValue>
</bind>
</comp>

<comp id="4" class="1000" name="config_grid_size_y">
<pin_list>
<pin id="5" dir="1" index="0" bw="1" slack="0"/>
</pin_list>
<bind>
<StgValue><ssdm name="config_grid_size_y"/></StgValue>
</bind>
</comp>

<comp id="6" class="1000" name="config_tile_count_x">
<pin_list>
<pin id="7" dir="1" index="0" bw="1" slack="0"/>
</pin_list>
<bind>
<StgValue><ssdm name="config_tile_count_x"/></StgValue>
</bind>
</comp>

<comp id="8" class="1000" name="config_tile_size_x">
<pin_list>
<pin id="9" dir="1" index="0" bw="1" slack="0"/>
</pin_list>
<bind>
<StgValue><ssdm name="config_tile_size_x"/></StgValue>
</bind>
</comp>

<comp id="10" class="1000" name="config_last_tile_size_x">
<pin_list>
<pin id="11" dir="1" index="0" bw="1" slack="0"/>
</pin_list>
<bind>
<StgValue><ssdm name="config_last_tile_size_x"/></StgValue>
</bind>
</comp>

<comp id="12" class="1000" name="arg0_4_axis_out_V_data_V">
<pin_list>
<pin id="13" dir="1" index="0" bw="1" slack="0"/>
</pin_list>
<bind>
<StgValue><ssdm name="arg0_4_axis_out_V_data_V"/></StgValue>
</bind>
</comp>

<comp id="14" class="1000" name="arg0_4_axis_out_V_keep_V">
<pin_list>
<pin id="15" dir="1" index="0" bw="1" slack="0"/>
</pin_list>
<bind>
<StgValue><ssdm name="arg0_4_axis_out_V_keep_V"/></StgValue>
</bind>
</comp>

<comp id="16" class="1000" name="arg0_4_axis_out_V_strb_V">
<pin_list>
<pin id="17" dir="1" index="0" bw="1" slack="0"/>
</pin_list>
<bind>
<StgValue><ssdm name="arg0_4_axis_out_V_strb_V"/></StgValue>
</bind>
</comp>

<comp id="18" class="1000" name="arg0_4_axis_out_V_last_V">
<pin_list>
<pin id="19" dir="1" index="0" bw="1" slack="0"/>
</pin_list>
<bind>
<StgValue><ssdm name="arg0_4_axis_out_V_last_V"/></StgValue>
</bind>
</comp>

<comp id="20" class="1000" name="arg0_5_axis_out_V_data_V">
<pin_list>
<pin id="21" dir="1" index="0" bw="1" slack="0"/>
</pin_list>
<bind>
<StgValue><ssdm name="arg0_5_axis_out_V_data_V"/></StgValue>
</bind>
</comp>

<comp id="22" class="1000" name="arg0_5_axis_out_V_keep_V">
<pin_list>
<pin id="23" dir="1" index="0" bw="1" slack="0"/>
</pin_list>
<bind>
<StgValue><ssdm name="arg0_5_axis_out_V_keep_V"/></StgValue>
</bind>
</comp>

<comp id="24" class="1000" name="arg0_5_axis_out_V_strb_V">
<pin_list>
<pin id="25" dir="1" index="0" bw="1" slack="0"/>
</pin_list>
<bind>
<StgValue><ssdm name="arg0_5_axis_out_V_strb_V"/></StgValue>
</bind>
</comp>

<comp id="26" class="1000" name="arg0_5_axis_out_V_last_V">
<pin_list>
<pin id="27" dir="1" index="0" bw="1" slack="0"/>
</pin_list>
<bind>
<StgValue><ssdm name="arg0_5_axis_out_V_last_V"/></StgValue>
</bind>
</comp>

<comp id="28" class="1001" name="const_28">
<pin_list>
<pin id="29" dir="1" index="0" bw="1" slack="0"/>
</pin_list>
<bind>
<StgValue><ssdm name=""/></StgValue>
</bind>
</comp>

<comp id="30" class="1001" name="const_30">
<pin_list>
<pin id="31" dir="1" index="0" bw="1" slack="2147483647"/>
</pin_list>
<bind>
<StgValue><ssdm name="_ssdm_op_SpecInterface"/></StgValue>
</bind>
</comp>

<comp id="32" class="1001" name="const_32">
<pin_list>
<pin id="33" dir="1" index="0" bw="1" slack="2147483647"/>
</pin_list>
<bind>
<StgValue><ssdm name="ap_fifo_str"/></StgValue>
</bind>
</comp>

<comp id="34" class="1001" name="const_34">
<pin_list>
<pin id="35" dir="1" index="0" bw="1" slack="2147483647"/>
</pin_list>
<bind>
<StgValue><ssdm name=""/></StgValue>
</bind>
</comp>

<comp id="36" class="1001" name="const_36">
<pin_list>
<pin id="37" dir="1" index="0" bw="1" slack="2147483647"/>
</pin_list>
<bind>
<StgValue><ssdm name="p_str"/></StgValue>
</bind>
</comp>

<comp id="38" class="1001" name="const_38">
<pin_list>
<pin id="39" dir="1" index="0" bw="1" slack="2147483647"/>
</pin_list>
<bind>
<StgValue><ssdm name=""/></StgValue>
</bind>
</comp>

<comp id="40" class="1001" name="const_40">
<pin_list>
<pin id="41" dir="1" index="0" bw="1" slack="2147483647"/>
</pin_list>
<bind>
<StgValue><ssdm name=""/></StgValue>
</bind>
</comp>

<comp id="42" class="1001" name="const_42">
<pin_list>
<pin id="43" dir="1" index="0" bw="1" slack="2147483647"/>
</pin_list>
<bind>
<StgValue><ssdm name="ScalarProp_str"/></StgValue>
</bind>
</comp>

<comp id="44" class="1001" name="const_44">
<pin_list>
<pin id="45" dir="1" index="0" bw="1" slack="2147483647"/>
</pin_list>
<bind>
<StgValue><ssdm name=""/></StgValue>
</bind>
</comp>

<comp id="46" class="1001" name="const_46">
<pin_list>
<pin id="47" dir="1" index="0" bw="1" slack="0"/>
</pin_list>
<bind>
<StgValue><ssdm name="_ssdm_op_Read.ap_fifo.i16P0A"/></StgValue>
</bind>
</comp>

<comp id="48" class="1001" name="const_48">
<pin_list>
<pin id="49" dir="1" index="0" bw="1" slack="2147483647"/>
</pin_list>
<bind>
<StgValue><ssdm name="_ssdm_op_SpecAXISSideChannel"/></StgValue>
</bind>
</comp>

<comp id="50" class="1001" name="const_50">
<pin_list>
<pin id="51" dir="1" index="0" bw="1" slack="2147483647"/>
</pin_list>
<bind>
<StgValue><ssdm name=""/></StgValue>
</bind>
</comp>

<comp id="52" class="1001" name="const_52">
<pin_list>
<pin id="53" dir="1" index="0" bw="1" slack="2147483647"/>
</pin_list>
<bind>
<StgValue><ssdm name="empty_37"/></StgValue>
</bind>
</comp>

<comp id="54" class="1001" name="const_54">
<pin_list>
<pin id="55" dir="1" index="0" bw="1" slack="2147483647"/>
</pin_list>
<bind>
<StgValue><ssdm name="empty_26"/></StgValue>
</bind>
</comp>

<comp id="56" class="1001" name="const_56">
<pin_list>
<pin id="57" dir="1" index="0" bw="1" slack="2147483647"/>
</pin_list>
<bind>
<StgValue><ssdm name="empty_42"/></StgValue>
</bind>
</comp>

<comp id="58" class="1001" name="const_58">
<pin_list>
<pin id="59" dir="1" index="0" bw="1" slack="2147483647"/>
</pin_list>
<bind>
<StgValue><ssdm name="empty_11"/></StgValue>
</bind>
</comp>

<comp id="60" class="1001" name="const_60">
<pin_list>
<pin id="61" dir="1" index="0" bw="1" slack="2147483647"/>
</pin_list>
<bind>
<StgValue><ssdm name="empty_28"/></StgValue>
</bind>
</comp>

<comp id="62" class="1001" name="const_62">
<pin_list>
<pin id="63" dir="1" index="0" bw="1" slack="2147483647"/>
</pin_list>
<bind>
<StgValue><ssdm name="empty_38"/></StgValue>
</bind>
</comp>

<comp id="64" class="1001" name="const_64">
<pin_list>
<pin id="65" dir="1" index="0" bw="1" slack="0"/>
</pin_list>
<bind>
<StgValue><ssdm name=""/></StgValue>
</bind>
</comp>

<comp id="66" class="1001" name="const_66">
<pin_list>
<pin id="67" dir="1" index="0" bw="1" slack="0"/>
</pin_list>
<bind>
<StgValue><ssdm name=""/></StgValue>
</bind>
</comp>

<comp id="68" class="1001" name="const_68">
<pin_list>
<pin id="69" dir="1" index="0" bw="1" slack="0"/>
</pin_list>
<bind>
<StgValue><ssdm name=""/></StgValue>
</bind>
</comp>

<comp id="70" class="1001" name="const_70">
<pin_list>
<pin id="71" dir="1" index="0" bw="1" slack="2147483647"/>
</pin_list>
<bind>
<StgValue><ssdm name="_ssdm_op_SpecLoopTripCount"/></StgValue>
</bind>
</comp>

<comp id="72" class="1001" name="const_72">
<pin_list>
<pin id="73" dir="1" index="0" bw="1" slack="2147483647"/>
</pin_list>
<bind>
<StgValue><ssdm name=""/></StgValue>
</bind>
</comp>

<comp id="74" class="1001" name="const_74">
<pin_list>
<pin id="75" dir="1" index="0" bw="1" slack="2147483647"/>
</pin_list>
<bind>
<StgValue><ssdm name=""/></StgValue>
</bind>
</comp>

<comp id="76" class="1001" name="const_76">
<pin_list>
<pin id="77" dir="1" index="0" bw="1" slack="2147483647"/>
</pin_list>
<bind>
<StgValue><ssdm name=""/></StgValue>
</bind>
</comp>

<comp id="78" class="1001" name="const_78">
<pin_list>
<pin id="79" dir="1" index="0" bw="1" slack="2147483647"/>
</pin_list>
<bind>
<StgValue><ssdm name="_ssdm_op_SpecLoopName"/></StgValue>
</bind>
</comp>

<comp id="80" class="1001" name="const_80">
<pin_list>
<pin id="81" dir="1" index="0" bw="1" slack="2147483647"/>
</pin_list>
<bind>
<StgValue><ssdm name="empty_19"/></StgValue>
</bind>
</comp>

<comp id="82" class="1001" name="const_82">
<pin_list>
<pin id="83" dir="1" index="0" bw="1" slack="0"/>
</pin_list>
<bind>
<StgValue><ssdm name="_ssdm_op_PartSelect.i13.i16.i32.i32"/></StgValue>
</bind>
</comp>

<comp id="84" class="1001" name="const_84">
<pin_list>
<pin id="85" dir="1" index="0" bw="1" slack="0"/>
</pin_list>
<bind>
<StgValue><ssdm name=""/></StgValue>
</bind>
</comp>

<comp id="86" class="1001" name="const_86">
<pin_list>
<pin id="87" dir="1" index="0" bw="1" slack="0"/>
</pin_list>
<bind>
<StgValue><ssdm name=""/></StgValue>
</bind>
</comp>

<comp id="88" class="1001" name="const_88">
<pin_list>
<pin id="89" dir="1" index="0" bw="1" slack="0"/>
</pin_list>
<bind>
<StgValue><ssdm name=""/></StgValue>
</bind>
</comp>

<comp id="90" class="1001" name="const_90">
<pin_list>
<pin id="91" dir="1" index="0" bw="1" slack="2147483647"/>
</pin_list>
<bind>
<StgValue><ssdm name="_ssdm_op_Wait"/></StgValue>
</bind>
</comp>

<comp id="92" class="1001" name="const_92">
<pin_list>
<pin id="93" dir="1" index="0" bw="1" slack="0"/>
</pin_list>
<bind>
<StgValue><ssdm name="stream2axisTileStepdown2D.1_Pipeline_beat_loop"/></StgValue>
</bind>
</comp>

<comp id="94" class="1001" name="const_94">
<pin_list>
<pin id="95" dir="1" index="0" bw="1" slack="2147483647"/>
</pin_list>
<bind>
<StgValue><ssdm name=""/></StgValue>
</bind>
</comp>

<comp id="96" class="1001" name="const_96">
<pin_list>
<pin id="97" dir="1" index="0" bw="1" slack="2147483647"/>
</pin_list>
<bind>
<StgValue><ssdm name=""/></StgValue>
</bind>
</comp>

<comp id="98" class="1001" name="const_98">
<pin_list>
<pin id="99" dir="1" index="0" bw="1" slack="2147483647"/>
</pin_list>
<bind>
<StgValue><ssdm name="empty_9"/></StgValue>
</bind>
</comp>

<comp id="100" class="1004" name="tile_x_fu_100">
<pin_list>
<pin id="101" dir="0" index="0" bw="1" slack="0"/>
<pin id="102" dir="1" index="1" bw="16" slack="0"/>
</pin_list>
<bind>
<opcode="alloca(26) " fcode="alloca"/>
<opset="tile_x/1 "/>
</bind>
</comp>

<comp id="104" class="1004" name="config_last_tile_size_x_read_read_fu_104">
<pin_list>
<pin id="105" dir="0" index="0" bw="16" slack="0"/>
<pin id="106" dir="0" index="1" bw="16" slack="0"/>
<pin id="107" dir="1" index="2" bw="16" slack="1"/>
</pin_list>
<bind>
<opcode="read(1150) " fcode="read"/>
<opset="config_last_tile_size_x_read/1 "/>
</bind>
</comp>

<comp id="110" class="1004" name="config_tile_size_x_read_read_fu_110">
<pin_list>
<pin id="111" dir="0" index="0" bw="16" slack="0"/>
<pin id="112" dir="0" index="1" bw="16" slack="0"/>
<pin id="113" dir="1" index="2" bw="16" slack="1"/>
</pin_list>
<bind>
<opcode="read(1150) " fcode="read"/>
<opset="config_tile_size_x_read/1 "/>
</bind>
</comp>

<comp id="116" class="1004" name="config_tile_count_x_read_read_fu_116">
<pin_list>
<pin id="117" dir="0" index="0" bw="16" slack="0"/>
<pin id="118" dir="0" index="1" bw="16" slack="0"/>
<pin id="119" dir="1" index="2" bw="16" slack="0"/>
</pin_list>
<bind>
<opcode="read(1150) " fcode="read"/>
<opset="config_tile_count_x_read/1 "/>
</bind>
</comp>

<comp id="122" class="1004" name="config_grid_size_y_read_read_fu_122">
<pin_list>
<pin id="123" dir="0" index="0" bw="16" slack="0"/>
<pin id="124" dir="0" index="1" bw="16" slack="0"/>
<pin id="125" dir="1" index="2" bw="16" slack="2"/>
</pin_list>
<bind>
<opcode="read(1150) " fcode="read"/>
<opset="config_grid_size_y_read/1 "/>
</bind>
</comp>

<comp id="128" class="1005" name="row_reg_128">
<pin_list>
<pin id="129" dir="0" index="0" bw="16" slack="1"/>
<pin id="130" dir="1" index="1" bw="16" slack="1"/>
</pin_list>
<bind>
<opset="row (phireg) "/>
</bind>
</comp>

<comp id="132" class="1004" name="row_phi_fu_132">
<pin_list>
<pin id="133" dir="0" index="0" bw="1" slack="1"/>
<pin id="134" dir="0" index="1" bw="0" slack="2147483647"/>
<pin id="135" dir="0" index="2" bw="16" slack="0"/>
<pin id="136" dir="0" index="3" bw="0" slack="2147483647"/>
<pin id="137" dir="1" index="4" bw="16" slack="0"/>
</pin_list>
<bind>
<opcode="phi(47) " fcode="phi"/>
<opset="row/3 "/>
</bind>
</comp>

<comp id="139" class="1004" name="grp_stream2axisTileStepdown2D_1_Pipeline_beat_loop_fu_139">
<pin_list>
<pin id="140" dir="0" index="0" bw="0" slack="0"/>
<pin id="141" dir="0" index="1" bw="14" slack="1"/>
<pin id="142" dir="0" index="2" bw="256" slack="0"/>
<pin id="143" dir="0" index="3" bw="256" slack="0"/>
<pin id="144" dir="0" index="4" bw="256" slack="0"/>
<pin id="145" dir="0" index="5" bw="32" slack="0"/>
<pin id="146" dir="0" index="6" bw="32" slack="0"/>
<pin id="147" dir="0" index="7" bw="1" slack="0"/>
<pin id="148" dir="0" index="8" bw="256" slack="0"/>
<pin id="149" dir="0" index="9" bw="32" slack="0"/>
<pin id="150" dir="0" index="10" bw="32" slack="0"/>
<pin id="151" dir="0" index="11" bw="1" slack="0"/>
<pin id="152" dir="1" index="12" bw="0" slack="2147483647"/>
</pin_list>
<bind>
<opcode="call(48) " fcode="call"/>
<opset="call_ln6440/3 "/>
</bind>
</comp>

<comp id="164" class="1004" name="config_tile_count_x_load_cast_fu_164">
<pin_list>
<pin id="165" dir="0" index="0" bw="16" slack="0"/>
<pin id="166" dir="1" index="1" bw="17" slack="0"/>
</pin_list>
<bind>
<opcode="zext(34) " fcode="zext"/>
<opset="config_tile_count_x_load_cast/1 "/>
</bind>
</comp>

<comp id="168" class="1004" name="sub_fu_168">
<pin_list>
<pin id="169" dir="0" index="0" bw="16" slack="0"/>
<pin id="170" dir="0" index="1" bw="1" slack="0"/>
<pin id="171" dir="1" index="2" bw="17" slack="1"/>
</pin_list>
<bind>
<opcode="add(8) " fcode="add"/>
<opset="sub/1 "/>
</bind>
</comp>

<comp id="174" class="1004" name="store_ln6430_store_fu_174">
<pin_list>
<pin id="175" dir="0" index="0" bw="1" slack="0"/>
<pin id="176" dir="0" index="1" bw="16" slack="0"/>
<pin id="177" dir="1" index="2" bw="0" slack="2147483647"/>
</pin_list>
<bind>
<opcode="store(28) " fcode="store"/>
<opset="store_ln6430/1 "/>
</bind>
</comp>

<comp id="179" class="1004" name="tile_x_3_load_fu_179">
<pin_list>
<pin id="180" dir="0" index="0" bw="16" slack="1"/>
<pin id="181" dir="1" index="1" bw="16" slack="0"/>
</pin_list>
<bind>
<opcode="load(27) " fcode="load"/>
<opset="tile_x_3/2 "/>
</bind>
</comp>

<comp id="182" class="1004" name="zext_ln6430_fu_182">
<pin_list>
<pin id="183" dir="0" index="0" bw="16" slack="0"/>
<pin id="184" dir="1" index="1" bw="17" slack="0"/>
</pin_list>
<bind>
<opcode="zext(34) " fcode="zext"/>
<opset="zext_ln6430/2 "/>
</bind>
</comp>

<comp id="186" class="1004" name="icmp_ln6430_fu_186">
<pin_list>
<pin id="187" dir="0" index="0" bw="16" slack="0"/>
<pin id="188" dir="0" index="1" bw="16" slack="1"/>
<pin id="189" dir="1" index="2" bw="1" slack="2147483647"/>
</pin_list>
<bind>
<opcode="icmp(45) " fcode="icmp"/>
<opset="icmp_ln6430/2 "/>
</bind>
</comp>

<comp id="191" class="1004" name="add_ln6430_fu_191">
<pin_list>
<pin id="192" dir="0" index="0" bw="16" slack="0"/>
<pin id="193" dir="0" index="1" bw="1" slack="0"/>
<pin id="194" dir="1" index="2" bw="16" slack="1"/>
</pin_list>
<bind>
<opcode="add(8) " fcode="add"/>
<opset="add_ln6430/2 "/>
</bind>
</comp>

<comp id="197" class="1004" name="icmp_ln6434_fu_197">
<pin_list>
<pin id="198" dir="0" index="0" bw="17" slack="1"/>
<pin id="199" dir="0" index="1" bw="17" slack="0"/>
<pin id="200" dir="1" index="2" bw="1" slack="0"/>
</pin_list>
<bind>
<opcode="icmp(45) " fcode="icmp"/>
<opset="icmp_ln6434/2 "/>
</bind>
</comp>

<comp id="202" class="1004" name="tile_size_x_fu_202">
<pin_list>
<pin id="203" dir="0" index="0" bw="1" slack="0"/>
<pin id="204" dir="0" index="1" bw="16" slack="1"/>
<pin id="205" dir="0" index="2" bw="16" slack="1"/>
<pin id="206" dir="1" index="3" bw="16" slack="0"/>
</pin_list>
<bind>
<opcode="select(49) " fcode="select"/>
<opset="tile_size_x/2 "/>
</bind>
</comp>

<comp id="208" class="1004" name="rem_x_fu_208">
<pin_list>
<pin id="209" dir="0" index="0" bw="16" slack="0"/>
<pin id="210" dir="1" index="1" bw="3" slack="0"/>
</pin_list>
<bind>
<opcode="trunc(33) " fcode="trunc"/>
<opset="rem_x/2 "/>
</bind>
</comp>

<comp id="212" class="1004" name="trunc_ln_fu_212">
<pin_list>
<pin id="213" dir="0" index="0" bw="13" slack="0"/>
<pin id="214" dir="0" index="1" bw="16" slack="0"/>
<pin id="215" dir="0" index="2" bw="3" slack="0"/>
<pin id="216" dir="0" index="3" bw="5" slack="0"/>
<pin id="217" dir="1" index="4" bw="13" slack="0"/>
</pin_list>
<bind>
<opcode="partselect(1002) " fcode="partselect"/>
<opset="trunc_ln/2 "/>
</bind>
</comp>

<comp id="222" class="1004" name="zext_ln6438_fu_222">
<pin_list>
<pin id="223" dir="0" index="0" bw="13" slack="0"/>
<pin id="224" dir="1" index="1" bw="14" slack="0"/>
</pin_list>
<bind>
<opcode="zext(34) " fcode="zext"/>
<opset="zext_ln6438/2 "/>
</bind>
</comp>

<comp id="226" class="1004" name="icmp_ln6440_fu_226">
<pin_list>
<pin id="227" dir="0" index="0" bw="3" slack="0"/>
<pin id="228" dir="0" index="1" bw="3" slack="0"/>
<pin id="229" dir="1" index="2" bw="1" slack="0"/>
</pin_list>
<bind>
<opcode="icmp(45) " fcode="icmp"/>
<opset="icmp_ln6440/2 "/>
</bind>
</comp>

<comp id="232" class="1004" name="zext_ln6440_fu_232">
<pin_list>
<pin id="233" dir="0" index="0" bw="1" slack="0"/>
<pin id="234" dir="1" index="1" bw="14" slack="0"/>
</pin_list>
<bind>
<opcode="zext(34) " fcode="zext"/>
<opset="zext_ln6440/2 "/>
</bind>
</comp>

<comp id="236" class="1004" name="max_x_fu_236">
<pin_list>
<pin id="237" dir="0" index="0" bw="13" slack="0"/>
<pin id="238" dir="0" index="1" bw="1" slack="0"/>
<pin id="239" dir="1" index="2" bw="14" slack="1"/>
</pin_list>
<bind>
<opcode="add(8) " fcode="add"/>
<opset="max_x/2 "/>
</bind>
</comp>

<comp id="242" class="1004" name="icmp_ln6449_fu_242">
<pin_list>
<pin id="243" dir="0" index="0" bw="16" slack="0"/>
<pin id="244" dir="0" index="1" bw="16" slack="2"/>
<pin id="245" dir="1" index="2" bw="1" slack="2147483647"/>
</pin_list>
<bind>
<opcode="icmp(45) " fcode="icmp"/>
<opset="icmp_ln6449/3 "/>
</bind>
</comp>

<comp id="247" class="1004" name="row_3_fu_247">
<pin_list>
<pin id="248" dir="0" index="0" bw="16" slack="0"/>
<pin id="249" dir="0" index="1" bw="1" slack="0"/>
<pin id="250" dir="1" index="2" bw="16" slack="0"/>
</pin_list>
<bind>
<opcode="add(8) " fcode="add"/>
<opset="row_3/3 "/>
</bind>
</comp>

<comp id="253" class="1004" name="store_ln6430_store_fu_253">
<pin_list>
<pin id="254" dir="0" index="0" bw="16" slack="1"/>
<pin id="255" dir="0" index="1" bw="16" slack="2"/>
<pin id="256" dir="1" index="2" bw="0" slack="2147483647"/>
</pin_list>
<bind>
<opcode="store(28) " fcode="store"/>
<opset="store_ln6430/3 "/>
</bind>
</comp>

<comp id="257" class="1005" name="tile_x_reg_257">
<pin_list>
<pin id="258" dir="0" index="0" bw="16" slack="0"/>
<pin id="259" dir="1" index="1" bw="16" slack="0"/>
</pin_list>
<bind>
<opset="tile_x "/>
</bind>
</comp>

<comp id="264" class="1005" name="config_last_tile_size_x_read_reg_264">
<pin_list>
<pin id="265" dir="0" index="0" bw="16" slack="1"/>
<pin id="266" dir="1" index="1" bw="16" slack="1"/>
</pin_list>
<bind>
<opset="config_last_tile_size_x_read "/>
</bind>
</comp>

<comp id="269" class="1005" name="config_tile_size_x_read_reg_269">
<pin_list>
<pin id="270" dir="0" index="0" bw="16" slack="1"/>
<pin id="271" dir="1" index="1" bw="16" slack="1"/>
</pin_list>
<bind>
<opset="config_tile_size_x_read "/>
</bind>
</comp>

<comp id="274" class="1005" name="config_tile_count_x_read_reg_274">
<pin_list>
<pin id="275" dir="0" index="0" bw="16" slack="1"/>
<pin id="276" dir="1" index="1" bw="16" slack="1"/>
</pin_list>
<bind>
<opset="config_tile_count_x_read "/>
</bind>
</comp>

<comp id="279" class="1005" name="config_grid_size_y_read_reg_279">
<pin_list>
<pin id="280" dir="0" index="0" bw="16" slack="2"/>
<pin id="281" dir="1" index="1" bw="16" slack="2"/>
</pin_list>
<bind>
<opset="config_grid_size_y_read "/>
</bind>
</comp>

<comp id="284" class="1005" name="sub_reg_284">
<pin_list>
<pin id="285" dir="0" index="0" bw="17" slack="1"/>
<pin id="286" dir="1" index="1" bw="17" slack="1"/>
</pin_list>
<bind>
<opset="sub "/>
</bind>
</comp>

<comp id="292" class="1005" name="add_ln6430_reg_292">
<pin_list>
<pin id="293" dir="0" index="0" bw="16" slack="1"/>
<pin id="294" dir="1" index="1" bw="16" slack="1"/>
</pin_list>
<bind>
<opset="add_ln6430 "/>
</bind>
</comp>

<comp id="297" class="1005" name="max_x_reg_297">
<pin_list>
<pin id="298" dir="0" index="0" bw="14" slack="1"/>
<pin id="299" dir="1" index="1" bw="14" slack="1"/>
</pin_list>
<bind>
<opset="max_x "/>
</bind>
</comp>

<comp id="305" class="1005" name="row_3_reg_305">
<pin_list>
<pin id="306" dir="0" index="0" bw="16" slack="0"/>
<pin id="307" dir="1" index="1" bw="16" slack="0"/>
</pin_list>
<bind>
<opset="row_3 "/>
</bind>
</comp>

</comp_list>

<net_list>
<net id="103"><net_src comp="28" pin="0"/><net_sink comp="100" pin=0"/></net>

<net id="108"><net_src comp="46" pin="0"/><net_sink comp="104" pin=0"/></net>

<net id="109"><net_src comp="10" pin="0"/><net_sink comp="104" pin=1"/></net>

<net id="114"><net_src comp="46" pin="0"/><net_sink comp="110" pin=0"/></net>

<net id="115"><net_src comp="8" pin="0"/><net_sink comp="110" pin=1"/></net>

<net id="120"><net_src comp="46" pin="0"/><net_sink comp="116" pin=0"/></net>

<net id="121"><net_src comp="6" pin="0"/><net_sink comp="116" pin=1"/></net>

<net id="126"><net_src comp="46" pin="0"/><net_sink comp="122" pin=0"/></net>

<net id="127"><net_src comp="4" pin="0"/><net_sink comp="122" pin=1"/></net>

<net id="131"><net_src comp="66" pin="0"/><net_sink comp="128" pin=0"/></net>

<net id="138"><net_src comp="128" pin="1"/><net_sink comp="132" pin=0"/></net>

<net id="153"><net_src comp="92" pin="0"/><net_sink comp="139" pin=0"/></net>

<net id="154"><net_src comp="0" pin="0"/><net_sink comp="139" pin=2"/></net>

<net id="155"><net_src comp="2" pin="0"/><net_sink comp="139" pin=3"/></net>

<net id="156"><net_src comp="12" pin="0"/><net_sink comp="139" pin=4"/></net>

<net id="157"><net_src comp="14" pin="0"/><net_sink comp="139" pin=5"/></net>

<net id="158"><net_src comp="16" pin="0"/><net_sink comp="139" pin=6"/></net>

<net id="159"><net_src comp="18" pin="0"/><net_sink comp="139" pin=7"/></net>

<net id="160"><net_src comp="20" pin="0"/><net_sink comp="139" pin=8"/></net>

<net id="161"><net_src comp="22" pin="0"/><net_sink comp="139" pin=9"/></net>

<net id="162"><net_src comp="24" pin="0"/><net_sink comp="139" pin=10"/></net>

<net id="163"><net_src comp="26" pin="0"/><net_sink comp="139" pin=11"/></net>

<net id="167"><net_src comp="116" pin="2"/><net_sink comp="164" pin=0"/></net>

<net id="172"><net_src comp="164" pin="1"/><net_sink comp="168" pin=0"/></net>

<net id="173"><net_src comp="64" pin="0"/><net_sink comp="168" pin=1"/></net>

<net id="178"><net_src comp="66" pin="0"/><net_sink comp="174" pin=0"/></net>

<net id="185"><net_src comp="179" pin="1"/><net_sink comp="182" pin=0"/></net>

<net id="190"><net_src comp="179" pin="1"/><net_sink comp="186" pin=0"/></net>

<net id="195"><net_src comp="179" pin="1"/><net_sink comp="191" pin=0"/></net>

<net id="196"><net_src comp="68" pin="0"/><net_sink comp="191" pin=1"/></net>

<net id="201"><net_src comp="182" pin="1"/><net_sink comp="197" pin=1"/></net>

<net id="207"><net_src comp="197" pin="2"/><net_sink comp="202" pin=0"/></net>

<net id="211"><net_src comp="202" pin="3"/><net_sink comp="208" pin=0"/></net>

<net id="218"><net_src comp="82" pin="0"/><net_sink comp="212" pin=0"/></net>

<net id="219"><net_src comp="202" pin="3"/><net_sink comp="212" pin=1"/></net>

<net id="220"><net_src comp="84" pin="0"/><net_sink comp="212" pin=2"/></net>

<net id="221"><net_src comp="86" pin="0"/><net_sink comp="212" pin=3"/></net>

<net id="225"><net_src comp="212" pin="4"/><net_sink comp="222" pin=0"/></net>

<net id="230"><net_src comp="208" pin="1"/><net_sink comp="226" pin=0"/></net>

<net id="231"><net_src comp="88" pin="0"/><net_sink comp="226" pin=1"/></net>

<net id="235"><net_src comp="226" pin="2"/><net_sink comp="232" pin=0"/></net>

<net id="240"><net_src comp="222" pin="1"/><net_sink comp="236" pin=0"/></net>

<net id="241"><net_src comp="232" pin="1"/><net_sink comp="236" pin=1"/></net>

<net id="246"><net_src comp="132" pin="4"/><net_sink comp="242" pin=0"/></net>

<net id="251"><net_src comp="132" pin="4"/><net_sink comp="247" pin=0"/></net>

<net id="252"><net_src comp="68" pin="0"/><net_sink comp="247" pin=1"/></net>

<net id="260"><net_src comp="100" pin="1"/><net_sink comp="257" pin=0"/></net>

<net id="261"><net_src comp="257" pin="1"/><net_sink comp="174" pin=1"/></net>

<net id="262"><net_src comp="257" pin="1"/><net_sink comp="179" pin=0"/></net>

<net id="263"><net_src comp="257" pin="1"/><net_sink comp="253" pin=1"/></net>

<net id="267"><net_src comp="104" pin="2"/><net_sink comp="264" pin=0"/></net>

<net id="268"><net_src comp="264" pin="1"/><net_sink comp="202" pin=1"/></net>

<net id="272"><net_src comp="110" pin="2"/><net_sink comp="269" pin=0"/></net>

<net id="273"><net_src comp="269" pin="1"/><net_sink comp="202" pin=2"/></net>

<net id="277"><net_src comp="116" pin="2"/><net_sink comp="274" pin=0"/></net>

<net id="278"><net_src comp="274" pin="1"/><net_sink comp="186" pin=1"/></net>

<net id="282"><net_src comp="122" pin="2"/><net_sink comp="279" pin=0"/></net>

<net id="283"><net_src comp="279" pin="1"/><net_sink comp="242" pin=1"/></net>

<net id="287"><net_src comp="168" pin="2"/><net_sink comp="284" pin=0"/></net>

<net id="288"><net_src comp="284" pin="1"/><net_sink comp="197" pin=0"/></net>

<net id="295"><net_src comp="191" pin="2"/><net_sink comp="292" pin=0"/></net>

<net id="296"><net_src comp="292" pin="1"/><net_sink comp="253" pin=0"/></net>

<net id="300"><net_src comp="236" pin="2"/><net_sink comp="297" pin=0"/></net>

<net id="301"><net_src comp="297" pin="1"/><net_sink comp="139" pin=1"/></net>

<net id="308"><net_src comp="247" pin="2"/><net_sink comp="305" pin=0"/></net>

<net id="309"><net_src comp="305" pin="1"/><net_sink comp="132" pin=2"/></net>

</net_list>

</model> 
---------------- Datapath Model END ------------------

* FSMD analyzer results:
  - Output states:
	Port: arg0_4_axis_out_V_data_V | {3 4 }
	Port: arg0_4_axis_out_V_keep_V | {3 4 }
	Port: arg0_4_axis_out_V_strb_V | {3 4 }
	Port: arg0_4_axis_out_V_last_V | {3 4 }
	Port: arg0_5_axis_out_V_data_V | {3 4 }
	Port: arg0_5_axis_out_V_keep_V | {3 4 }
	Port: arg0_5_axis_out_V_strb_V | {3 4 }
	Port: arg0_5_axis_out_V_last_V | {3 4 }
 - Input state : 
	Port: stream2axisTileStepdown2D.1 : arg0_read_mem_strm_g2_0 | {3 4 }
	Port: stream2axisTileStepdown2D.1 : arg0_read_mem_strm_g2_1 | {3 4 }
	Port: stream2axisTileStepdown2D.1 : config_grid_size_y | {1 }
	Port: stream2axisTileStepdown2D.1 : config_tile_count_x | {1 }
	Port: stream2axisTileStepdown2D.1 : config_tile_size_x | {1 }
	Port: stream2axisTileStepdown2D.1 : config_last_tile_size_x | {1 }
	Port: stream2axisTileStepdown2D.1 : arg0_4_axis_out_V_data_V | {}
	Port: stream2axisTileStepdown2D.1 : arg0_4_axis_out_V_keep_V | {}
	Port: stream2axisTileStepdown2D.1 : arg0_4_axis_out_V_strb_V | {}
	Port: stream2axisTileStepdown2D.1 : arg0_4_axis_out_V_last_V | {}
	Port: stream2axisTileStepdown2D.1 : arg0_5_axis_out_V_data_V | {}
	Port: stream2axisTileStepdown2D.1 : arg0_5_axis_out_V_keep_V | {}
	Port: stream2axisTileStepdown2D.1 : arg0_5_axis_out_V_strb_V | {}
	Port: stream2axisTileStepdown2D.1 : arg0_5_axis_out_V_last_V | {}
  - Chain level:
	State 1
		sub : 1
		store_ln6430 : 1
	State 2
		zext_ln6430 : 1
		icmp_ln6430 : 1
		add_ln6430 : 1
		br_ln6430 : 2
		icmp_ln6434 : 2
		tile_size_x : 3
		rem_x : 4
		trunc_ln : 4
		zext_ln6438 : 5
		icmp_ln6440 : 5
		zext_ln6440 : 6
		max_x : 7
	State 3
		icmp_ln6449 : 1
		row_3 : 1
		br_ln6449 : 2
	State 4


============================================================
+ Verbose Summary: Datapath Resource usage 
============================================================

* Functional unit list:
|----------|-----------------------------------------------------------|---------|---------|
| Operation|                      Functional Unit                      |    FF   |   LUT   |
|----------|-----------------------------------------------------------|---------|---------|
|          |                         sub_fu_168                        |    0    |    23   |
|    add   |                     add_ln6430_fu_191                     |    0    |    23   |
|          |                        max_x_fu_236                       |    0    |    20   |
|          |                        row_3_fu_247                       |    0    |    23   |
|----------|-----------------------------------------------------------|---------|---------|
|   call   | grp_stream2axisTileStepdown2D_1_Pipeline_beat_loop_fu_139 |    14   |    33   |
|----------|-----------------------------------------------------------|---------|---------|
|          |                     icmp_ln6430_fu_186                    |    0    |    13   |
|   icmp   |                     icmp_ln6434_fu_197                    |    0    |    13   |
|          |                     icmp_ln6440_fu_226                    |    0    |    8    |
|          |                     icmp_ln6449_fu_242                    |    0    |    13   |
|----------|-----------------------------------------------------------|---------|---------|
|  select  |                     tile_size_x_fu_202                    |    0    |    16   |
|----------|-----------------------------------------------------------|---------|---------|
|          |          config_last_tile_size_x_read_read_fu_104         |    0    |    0    |
|   read   |            config_tile_size_x_read_read_fu_110            |    0    |    0    |
|          |            config_tile_count_x_read_read_fu_116           |    0    |    0    |
|          |            config_grid_size_y_read_read_fu_122            |    0    |    0    |
|----------|-----------------------------------------------------------|---------|---------|
|          |            config_tile_count_x_load_cast_fu_164           |    0    |    0    |
|   zext   |                     zext_ln6430_fu_182                    |    0    |    0    |
|          |                     zext_ln6438_fu_222                    |    0    |    0    |
|          |                     zext_ln6440_fu_232                    |    0    |    0    |
|----------|-----------------------------------------------------------|---------|---------|
|   trunc  |                        rem_x_fu_208                       |    0    |    0    |
|----------|-----------------------------------------------------------|---------|---------|
|partselect|                      trunc_ln_fu_212                      |    0    |    0    |
|----------|-----------------------------------------------------------|---------|---------|
|   Total  |                                                           |    14   |   185   |
|----------|-----------------------------------------------------------|---------|---------|

Memories:
N/A

* Register list:
+------------------------------------+--------+
|                                    |   FF   |
+------------------------------------+--------+
|         add_ln6430_reg_292         |   16   |
|   config_grid_size_y_read_reg_279  |   16   |
|config_last_tile_size_x_read_reg_264|   16   |
|  config_tile_count_x_read_reg_274  |   16   |
|   config_tile_size_x_read_reg_269  |   16   |
|            max_x_reg_297           |   14   |
|            row_3_reg_305           |   16   |
|             row_reg_128            |   16   |
|             sub_reg_284            |   17   |
|           tile_x_reg_257           |   16   |
+------------------------------------+--------+
|                Total               |   159  |
+------------------------------------+--------+

* Multiplexer (MUX) list: 
|--------|------|------|------|--------|
|  Comp  |  Pin | Size |  BW  | S x BW |
|--------|------|------|------|--------|
|  Total |      |      |      |    0   |
|--------|------|------|------|--------|



* Summary:
+-----------+--------+--------+
|           |   FF   |   LUT  |
+-----------+--------+--------+
|  Function |   14   |   185  |
|   Memory  |    -   |    -   |
|Multiplexer|    -   |    -   |
|  Register |   159  |    -   |
+-----------+--------+--------+
|   Total   |   173  |   185  |
+-----------+--------+--------+
