
*** Running vivado
    with args -log ulp_inst_0_plram_ctrl_bram_0.vds -m64 -product Vivado -mode batch -messageDb vivado.pb -notrace -source ulp_inst_0_plram_ctrl_bram_0.tcl


****** Vivado v2022.1 (64-bit)
  **** SW Build 3526262 on Mon Apr 18 15:47:01 MDT 2022
  **** IP Build 3524634 on Mon Apr 18 20:55:01 MDT 2022
    ** Copyright 1986-2022 Xilinx, Inc. All Rights Reserved.

source ulp_inst_0_plram_ctrl_bram_0.tcl -notrace
INFO: Dispatch client connection id - 43467
INFO: [IP_Flow 19-234] Refreshing IP repositories
INFO: [IP_Flow 19-1700] Loaded user IP repository '/home/x_thileeb/repos/ops-hls-batching-new/codegen_apps/batching/poisson2d/vck5000_loopback_project/hls/build/hw/temp_dir/link/link/int/xo/ip_repo/xilinx_com_hls_kernel_outerloop_0_1_0'.
INFO: [IP_Flow 19-1700] Loaded user IP repository '/home/x_thileeb/repos/ops-hls-batching-new/codegen_apps/batching/poisson2d/vck5000_loopback_project/hls/build/hw/temp_dir/link/link/int/xo/ip_repo/xilinx_com_hls_datamover_outerloop_0_1_0'.
INFO: [IP_Flow 19-1700] Loaded user IP repository '/home/x_thileeb/repos/ops-hls-batching-new/codegen_apps/batching/poisson2d/vck5000_loopback_project/hls/build/hw/temp_dir/link/link/vivado/vpl/.local/hw_platform/iprepo'.
INFO: [IP_Flow 19-1700] Loaded user IP repository '/home/x_thileeb/repos/ops-hls-batching-new/codegen_apps/batching/poisson2d/vck5000_loopback_project/hls/build/hw/temp_dir/link/link/vivado/vpl/.local/hw_platform/ipcache'.
INFO: [IP_Flow 19-1700] Loaded user IP repository '/tools/Xilinx/Vitis/2022.1/data/ip'.
INFO: [IP_Flow 19-2313] Loaded Vivado IP repository '/tools/Xilinx/Vivado/2022.1/data/ip'.
WARNING: [IP_Flow 19-1663] Duplicate IP found for 'xilinx.com:ip:axis_ic2sgdma:1.0'. The one found in IP location '/home/x_thileeb/repos/ops-hls-batching-new/codegen_apps/batching/poisson2d/vck5000_loopback_project/hls/build/hw/temp_dir/link/link/vivado/vpl/.local/hw_platform/iprepo/xilinx/axis_ic2sgdma_v1_0' will take precedence over the same IP in location /tools/Xilinx/Vitis/2022.1/data/ip/xilinx/axis_ic2sgdma_v1_0
WARNING: [IP_Flow 19-1663] Duplicate IP found for 'xilinx.com:ip:xrt_queue:1.0'. The one found in IP location '/home/x_thileeb/repos/ops-hls-batching-new/codegen_apps/batching/poisson2d/vck5000_loopback_project/hls/build/hw/temp_dir/link/link/vivado/vpl/.local/hw_platform/iprepo/xilinx/xrt_queue_v1_0' will take precedence over the same IP in location /tools/Xilinx/Vitis/2022.1/data/ip/xilinx/xrt_queue_v1_0
WARNING: [IP_Flow 19-1663] Duplicate IP found for 'xilinx.com:ip:ovld_reg:1.0'. The one found in IP location '/home/x_thileeb/repos/ops-hls-batching-new/codegen_apps/batching/poisson2d/vck5000_loopback_project/hls/build/hw/temp_dir/link/link/vivado/vpl/.local/hw_platform/iprepo/xilinx/ovld_reg_v1_0' will take precedence over the same IP in location /tools/Xilinx/Vitis/2022.1/data/ip/xilinx/ovld_reg_v1_0
WARNING: [IP_Flow 19-1663] Duplicate IP found for 'xilinx.com:sds:sds_mem_source:1.0'. The one found in IP location '/home/x_thileeb/repos/ops-hls-batching-new/codegen_apps/batching/poisson2d/vck5000_loopback_project/hls/build/hw/temp_dir/link/link/vivado/vpl/.local/hw_platform/iprepo/xilinx/sds_mem_source' will take precedence over the same IP in location /tools/Xilinx/Vitis/2022.1/data/ip/xilinx/sds_mem_source
WARNING: [IP_Flow 19-1663] Duplicate IP found for 'xilinx.com:sds:sds_mem_sink:1.0'. The one found in IP location '/home/x_thileeb/repos/ops-hls-batching-new/codegen_apps/batching/poisson2d/vck5000_loopback_project/hls/build/hw/temp_dir/link/link/vivado/vpl/.local/hw_platform/iprepo/xilinx/sds_mem_sink' will take precedence over the same IP in location /tools/Xilinx/Vitis/2022.1/data/ip/xilinx/sds_mem_sink
WARNING: [IP_Flow 19-1663] Duplicate IP found for 'xilinx.com:ip:axi_fifo_register:3.0'. The one found in IP location '/home/x_thileeb/repos/ops-hls-batching-new/codegen_apps/batching/poisson2d/vck5000_loopback_project/hls/build/hw/temp_dir/link/link/vivado/vpl/.local/hw_platform/iprepo/xilinx/axi_fifo_register_v3_0' will take precedence over the same IP in location /tools/Xilinx/Vitis/2022.1/data/ip/xilinx/axi_fifo_register_v3_0
WARNING: [IP_Flow 19-1663] Duplicate IP found for 'xilinx.com:hls:aie_trace_s2mm:1.0'. The one found in IP location '/home/x_thileeb/repos/ops-hls-batching-new/codegen_apps/batching/poisson2d/vck5000_loopback_project/hls/build/hw/temp_dir/link/link/vivado/vpl/.local/hw_platform/iprepo/xilinx/aie_trace_s2mm_v1_0' will take precedence over the same IP in location /tools/Xilinx/Vitis/2022.1/data/ip/xilinx/aie_trace_s2mm_v1_0
WARNING: [IP_Flow 19-1663] Duplicate IP found for 'xilinx.com:ip:sgdma2axis_ic:1.0'. The one found in IP location '/home/x_thileeb/repos/ops-hls-batching-new/codegen_apps/batching/poisson2d/vck5000_loopback_project/hls/build/hw/temp_dir/link/link/vivado/vpl/.local/hw_platform/iprepo/xilinx/sgdma2axis_ic_v1_0' will take precedence over the same IP in location /tools/Xilinx/Vitis/2022.1/data/ip/xilinx/sgdma2axis_ic_v1_0
WARNING: [IP_Flow 19-1663] Duplicate IP found for 'xilinx.com:ip:saxis_tieoff_v1_0:1.0'. The one found in IP location '/home/x_thileeb/repos/ops-hls-batching-new/codegen_apps/batching/poisson2d/vck5000_loopback_project/hls/build/hw/temp_dir/link/link/vivado/vpl/.local/hw_platform/iprepo/xilinx/saxis_tieoff_v1_0' will take precedence over the same IP in location /tools/Xilinx/Vitis/2022.1/data/ip/xilinx/saxis_tieoff_v1_0
WARNING: [IP_Flow 19-1663] Duplicate IP found for 'xilinx.com:hls:Data_Mover_XIP:1.0'. The one found in IP location '/home/x_thileeb/repos/ops-hls-batching-new/codegen_apps/batching/poisson2d/vck5000_loopback_project/hls/build/hw/temp_dir/link/link/vivado/vpl/.local/hw_platform/iprepo/xilinx/data_mover' will take precedence over the same IP in location /tools/Xilinx/Vitis/2022.1/data/ip/xilinx/data_mover
WARNING: [IP_Flow 19-1663] Duplicate IP found for 'xilinx.com:ip:xrt_queue:1.1'. The one found in IP location '/home/x_thileeb/repos/ops-hls-batching-new/codegen_apps/batching/poisson2d/vck5000_loopback_project/hls/build/hw/temp_dir/link/link/vivado/vpl/.local/hw_platform/iprepo/xilinx/xrt_queue_v1_1' will take precedence over the same IP in location /tools/Xilinx/Vitis/2022.1/data/ip/xilinx/xrt_queue_v1_1
WARNING: [IP_Flow 19-1663] Duplicate IP found for 'xilinx.com:ip:adapter_v3_0:1.0'. The one found in IP location '/home/x_thileeb/repos/ops-hls-batching-new/codegen_apps/batching/poisson2d/vck5000_loopback_project/hls/build/hw/temp_dir/link/link/vivado/vpl/.local/hw_platform/iprepo/xilinx/adapter_v3_0' will take precedence over the same IP in location /tools/Xilinx/Vitis/2022.1/data/ip/xilinx/adapter_v3_0
WARNING: [IP_Flow 19-1663] Duplicate IP found for 'xilinx.com:ip:stream_gate:1.0'. The one found in IP location '/home/x_thileeb/repos/ops-hls-batching-new/codegen_apps/batching/poisson2d/vck5000_loopback_project/hls/build/hw/temp_dir/link/link/vivado/vpl/.local/hw_platform/iprepo/xilinx/stream_gate_v1_0' will take precedence over the same IP in location /tools/Xilinx/Vitis/2022.1/data/ip/xilinx/stream_gate_v1_0
WARNING: [IP_Flow 19-1663] Duplicate IP found for 'xilinx.com:ip:aximm_tieoff_v1_0:1.0'. The one found in IP location '/home/x_thileeb/repos/ops-hls-batching-new/codegen_apps/batching/poisson2d/vck5000_loopback_project/hls/build/hw/temp_dir/link/link/vivado/vpl/.local/hw_platform/iprepo/xilinx/aximm_tieoff_v1_0' will take precedence over the same IP in location /tools/Xilinx/Vitis/2022.1/data/ip/xilinx/aximm_tieoff_v1_0
WARNING: [IP_Flow 19-1663] Duplicate IP found for 'xilinx.com:ip:maxis_tieoff_v1_0:1.0'. The one found in IP location '/home/x_thileeb/repos/ops-hls-batching-new/codegen_apps/batching/poisson2d/vck5000_loopback_project/hls/build/hw/temp_dir/link/link/vivado/vpl/.local/hw_platform/iprepo/xilinx/maxis_tieoff_v1_0' will take precedence over the same IP in location /tools/Xilinx/Vitis/2022.1/data/ip/xilinx/maxis_tieoff_v1_0
WARNING: [IP_Flow 19-1663] Duplicate IP found for 'xilinx.com:ip:sds_lib:1.0'. The one found in IP location '/home/x_thileeb/repos/ops-hls-batching-new/codegen_apps/batching/poisson2d/vck5000_loopback_project/hls/build/hw/temp_dir/link/link/vivado/vpl/.local/hw_platform/iprepo/xilinx/sds_lib' will take precedence over the same IP in location /tools/Xilinx/Vitis/2022.1/data/ip/xilinx/sds_lib
WARNING: [IP_Flow 19-1663] Duplicate IP found for 'xilinx.com:ip:Event_Pulse:1.0'. The one found in IP location '/home/x_thileeb/repos/ops-hls-batching-new/codegen_apps/batching/poisson2d/vck5000_loopback_project/hls/build/hw/temp_dir/link/link/vivado/vpl/.local/hw_platform/iprepo/xilinx/event_pulse_v1_0' will take precedence over the same IP in location /tools/Xilinx/Vitis/2022.1/data/ip/xilinx/event_pulse_v1_0
Command: synth_design -top ulp_inst_0_plram_ctrl_bram_0 -part xcvc1902-vsvd1760-2MP-e-S -incremental_mode off -mode out_of_context
Starting synth_design
Attempting to get a license for feature 'Synthesis' and/or device 'xcvc1902'
INFO: [Common 17-349] Got license for feature 'Synthesis' and/or device 'xcvc1902'
INFO: [Device 21-403] Loading part xcvc1902-vsvd1760-2MP-e-S
INFO: [Synth 8-7079] Multithreading enabled for synth_design using a maximum of 1 processes.
INFO: [Synth 8-7078] Launching helper process for spawning children vivado processes
INFO: [Synth 8-7075] Helper process launched with PID 2111834
WARNING: [Synth 8-9501] generate block is allowed only inside loop and conditional generate in SystemVerilog mode [/tools/Xilinx/Vivado/2022.1/data/ip/xpm/xpm_fifo/hdl/xpm_fifo.sv:4023]
WARNING: [Synth 8-9501] generate block is allowed only inside loop and conditional generate in SystemVerilog mode [/home/x_thileeb/repos/ops-hls-batching-new/codegen_apps/batching/poisson2d/vck5000_loopback_project/hls/build/hw/temp_dir/link/link/vivado/vpl/prj/prj.gen/my_rm/bd/ulp_inst_0/ipshared/4e8e/hdl/emb_mem_gen_v1_0_rfs.sv:231]
WARNING: [Synth 8-9501] generate block is allowed only inside loop and conditional generate in SystemVerilog mode [/home/x_thileeb/repos/ops-hls-batching-new/codegen_apps/batching/poisson2d/vck5000_loopback_project/hls/build/hw/temp_dir/link/link/vivado/vpl/prj/prj.gen/my_rm/bd/ulp_inst_0/ipshared/4e8e/hdl/emb_mem_gen_v1_0_rfs.sv:624]
---------------------------------------------------------------------------------
Starting RTL Elaboration : Time (s): cpu = 00:00:04 ; elapsed = 00:00:05 . Memory (MB): peak = 3201.715 ; gain = 274.699 ; free physical = 242982 ; free virtual = 304748
---------------------------------------------------------------------------------
INFO: [Synth 8-6157] synthesizing module 'ulp_inst_0_plram_ctrl_bram_0' [/home/x_thileeb/repos/ops-hls-batching-new/codegen_apps/batching/poisson2d/vck5000_loopback_project/hls/build/hw/temp_dir/link/link/vivado/vpl/prj/prj.gen/my_rm/bd/ulp_inst_0/ip/ulp_inst_0_plram_ctrl_bram_0/synth/ulp_inst_0_plram_ctrl_bram_0.v:53]
INFO: [Synth 8-6157] synthesizing module 'emb_mem_gen_v1_0_6' [/home/x_thileeb/repos/ops-hls-batching-new/codegen_apps/batching/poisson2d/vck5000_loopback_project/hls/build/hw/temp_dir/link/link/vivado/vpl/prj/prj.gen/my_rm/bd/ulp_inst_0/ipshared/4e8e/hdl/emb_mem_gen_v1_0_rfs.sv:56]
INFO: [Synth 8-6157] synthesizing module 'xpm_memory_base' [/tools/Xilinx/Vivado/2022.1/data/ip/xpm/xpm_memory/hdl/xpm_memory.sv:56]
INFO: [Synth 8-6059] Synth Info: [XPM_MEMORY 20-2] MEMORY_INIT_FILE (none), MEMORY_INIT_PARAM together specify no memory initialization. Initial memory contents will be all 0's.   [/tools/Xilinx/Vivado/2022.1/data/ip/xpm/xpm_memory/hdl/xpm_memory.sv:495]
WARNING: [Synth 8-6060] Synth Warning: [XPM_MEMORY 30-10] Non-default BYTE_WRITE_WIDTH_B (8) value ignored for single port RAM, simple dual port RAM, dual port distributed RAM, or ROM configurations because port B write operations are not used.   [/tools/Xilinx/Vivado/2022.1/data/ip/xpm/xpm_memory/hdl/xpm_memory.sv:522]
INFO: [Synth 8-6155] done synthesizing module 'xpm_memory_base' (0#1) [/tools/Xilinx/Vivado/2022.1/data/ip/xpm/xpm_memory/hdl/xpm_memory.sv:56]
INFO: [Synth 8-6155] done synthesizing module 'emb_mem_gen_v1_0_6' (0#1) [/home/x_thileeb/repos/ops-hls-batching-new/codegen_apps/batching/poisson2d/vck5000_loopback_project/hls/build/hw/temp_dir/link/link/vivado/vpl/prj/prj.gen/my_rm/bd/ulp_inst_0/ipshared/4e8e/hdl/emb_mem_gen_v1_0_rfs.sv:56]
INFO: [Synth 8-6155] done synthesizing module 'ulp_inst_0_plram_ctrl_bram_0' (0#1) [/home/x_thileeb/repos/ops-hls-batching-new/codegen_apps/batching/poisson2d/vck5000_loopback_project/hls/build/hw/temp_dir/link/link/vivado/vpl/prj/prj.gen/my_rm/bd/ulp_inst_0/ip/ulp_inst_0_plram_ctrl_bram_0/synth/ulp_inst_0_plram_ctrl_bram_0.v:53]
WARNING: [Synth 8-7129] Port sleep in module xpm_memory_base is either unconnected or has no load
WARNING: [Synth 8-7129] Port regcea in module xpm_memory_base is either unconnected or has no load
WARNING: [Synth 8-7129] Port injectsbiterra in module xpm_memory_base is either unconnected or has no load
WARNING: [Synth 8-7129] Port injectdbiterra in module xpm_memory_base is either unconnected or has no load
WARNING: [Synth 8-7129] Port clkb in module xpm_memory_base is either unconnected or has no load
WARNING: [Synth 8-7129] Port rstb in module xpm_memory_base is either unconnected or has no load
WARNING: [Synth 8-7129] Port enb in module xpm_memory_base is either unconnected or has no load
WARNING: [Synth 8-7129] Port regceb in module xpm_memory_base is either unconnected or has no load
WARNING: [Synth 8-7129] Port web[63] in module xpm_memory_base is either unconnected or has no load
WARNING: [Synth 8-7129] Port web[62] in module xpm_memory_base is either unconnected or has no load
WARNING: [Synth 8-7129] Port web[61] in module xpm_memory_base is either unconnected or has no load
WARNING: [Synth 8-7129] Port web[60] in module xpm_memory_base is either unconnected or has no load
WARNING: [Synth 8-7129] Port web[59] in module xpm_memory_base is either unconnected or has no load
WARNING: [Synth 8-7129] Port web[58] in module xpm_memory_base is either unconnected or has no load
WARNING: [Synth 8-7129] Port web[57] in module xpm_memory_base is either unconnected or has no load
WARNING: [Synth 8-7129] Port web[56] in module xpm_memory_base is either unconnected or has no load
WARNING: [Synth 8-7129] Port web[55] in module xpm_memory_base is either unconnected or has no load
WARNING: [Synth 8-7129] Port web[54] in module xpm_memory_base is either unconnected or has no load
WARNING: [Synth 8-7129] Port web[53] in module xpm_memory_base is either unconnected or has no load
WARNING: [Synth 8-7129] Port web[52] in module xpm_memory_base is either unconnected or has no load
WARNING: [Synth 8-7129] Port web[51] in module xpm_memory_base is either unconnected or has no load
WARNING: [Synth 8-7129] Port web[50] in module xpm_memory_base is either unconnected or has no load
WARNING: [Synth 8-7129] Port web[49] in module xpm_memory_base is either unconnected or has no load
WARNING: [Synth 8-7129] Port web[48] in module xpm_memory_base is either unconnected or has no load
WARNING: [Synth 8-7129] Port web[47] in module xpm_memory_base is either unconnected or has no load
WARNING: [Synth 8-7129] Port web[46] in module xpm_memory_base is either unconnected or has no load
WARNING: [Synth 8-7129] Port web[45] in module xpm_memory_base is either unconnected or has no load
WARNING: [Synth 8-7129] Port web[44] in module xpm_memory_base is either unconnected or has no load
WARNING: [Synth 8-7129] Port web[43] in module xpm_memory_base is either unconnected or has no load
WARNING: [Synth 8-7129] Port web[42] in module xpm_memory_base is either unconnected or has no load
WARNING: [Synth 8-7129] Port web[41] in module xpm_memory_base is either unconnected or has no load
WARNING: [Synth 8-7129] Port web[40] in module xpm_memory_base is either unconnected or has no load
WARNING: [Synth 8-7129] Port web[39] in module xpm_memory_base is either unconnected or has no load
WARNING: [Synth 8-7129] Port web[38] in module xpm_memory_base is either unconnected or has no load
WARNING: [Synth 8-7129] Port web[37] in module xpm_memory_base is either unconnected or has no load
WARNING: [Synth 8-7129] Port web[36] in module xpm_memory_base is either unconnected or has no load
WARNING: [Synth 8-7129] Port web[35] in module xpm_memory_base is either unconnected or has no load
WARNING: [Synth 8-7129] Port web[34] in module xpm_memory_base is either unconnected or has no load
WARNING: [Synth 8-7129] Port web[33] in module xpm_memory_base is either unconnected or has no load
WARNING: [Synth 8-7129] Port web[32] in module xpm_memory_base is either unconnected or has no load
WARNING: [Synth 8-7129] Port web[31] in module xpm_memory_base is either unconnected or has no load
WARNING: [Synth 8-7129] Port web[30] in module xpm_memory_base is either unconnected or has no load
WARNING: [Synth 8-7129] Port web[29] in module xpm_memory_base is either unconnected or has no load
WARNING: [Synth 8-7129] Port web[28] in module xpm_memory_base is either unconnected or has no load
WARNING: [Synth 8-7129] Port web[27] in module xpm_memory_base is either unconnected or has no load
WARNING: [Synth 8-7129] Port web[26] in module xpm_memory_base is either unconnected or has no load
WARNING: [Synth 8-7129] Port web[25] in module xpm_memory_base is either unconnected or has no load
WARNING: [Synth 8-7129] Port web[24] in module xpm_memory_base is either unconnected or has no load
WARNING: [Synth 8-7129] Port web[23] in module xpm_memory_base is either unconnected or has no load
WARNING: [Synth 8-7129] Port web[22] in module xpm_memory_base is either unconnected or has no load
WARNING: [Synth 8-7129] Port web[21] in module xpm_memory_base is either unconnected or has no load
WARNING: [Synth 8-7129] Port web[20] in module xpm_memory_base is either unconnected or has no load
WARNING: [Synth 8-7129] Port web[19] in module xpm_memory_base is either unconnected or has no load
WARNING: [Synth 8-7129] Port web[18] in module xpm_memory_base is either unconnected or has no load
WARNING: [Synth 8-7129] Port web[17] in module xpm_memory_base is either unconnected or has no load
WARNING: [Synth 8-7129] Port web[16] in module xpm_memory_base is either unconnected or has no load
WARNING: [Synth 8-7129] Port web[15] in module xpm_memory_base is either unconnected or has no load
WARNING: [Synth 8-7129] Port web[14] in module xpm_memory_base is either unconnected or has no load
WARNING: [Synth 8-7129] Port web[13] in module xpm_memory_base is either unconnected or has no load
WARNING: [Synth 8-7129] Port web[12] in module xpm_memory_base is either unconnected or has no load
WARNING: [Synth 8-7129] Port web[11] in module xpm_memory_base is either unconnected or has no load
WARNING: [Synth 8-7129] Port web[10] in module xpm_memory_base is either unconnected or has no load
WARNING: [Synth 8-7129] Port web[9] in module xpm_memory_base is either unconnected or has no load
WARNING: [Synth 8-7129] Port web[8] in module xpm_memory_base is either unconnected or has no load
WARNING: [Synth 8-7129] Port web[7] in module xpm_memory_base is either unconnected or has no load
WARNING: [Synth 8-7129] Port web[6] in module xpm_memory_base is either unconnected or has no load
WARNING: [Synth 8-7129] Port web[5] in module xpm_memory_base is either unconnected or has no load
WARNING: [Synth 8-7129] Port web[4] in module xpm_memory_base is either unconnected or has no load
WARNING: [Synth 8-7129] Port web[3] in module xpm_memory_base is either unconnected or has no load
WARNING: [Synth 8-7129] Port web[2] in module xpm_memory_base is either unconnected or has no load
WARNING: [Synth 8-7129] Port web[1] in module xpm_memory_base is either unconnected or has no load
WARNING: [Synth 8-7129] Port web[0] in module xpm_memory_base is either unconnected or has no load
WARNING: [Synth 8-7129] Port addrb[10] in module xpm_memory_base is either unconnected or has no load
WARNING: [Synth 8-7129] Port addrb[9] in module xpm_memory_base is either unconnected or has no load
WARNING: [Synth 8-7129] Port addrb[8] in module xpm_memory_base is either unconnected or has no load
WARNING: [Synth 8-7129] Port addrb[7] in module xpm_memory_base is either unconnected or has no load
WARNING: [Synth 8-7129] Port addrb[6] in module xpm_memory_base is either unconnected or has no load
WARNING: [Synth 8-7129] Port addrb[5] in module xpm_memory_base is either unconnected or has no load
WARNING: [Synth 8-7129] Port addrb[4] in module xpm_memory_base is either unconnected or has no load
WARNING: [Synth 8-7129] Port addrb[3] in module xpm_memory_base is either unconnected or has no load
WARNING: [Synth 8-7129] Port addrb[2] in module xpm_memory_base is either unconnected or has no load
WARNING: [Synth 8-7129] Port addrb[1] in module xpm_memory_base is either unconnected or has no load
WARNING: [Synth 8-7129] Port addrb[0] in module xpm_memory_base is either unconnected or has no load
WARNING: [Synth 8-7129] Port dinb[511] in module xpm_memory_base is either unconnected or has no load
WARNING: [Synth 8-7129] Port dinb[510] in module xpm_memory_base is either unconnected or has no load
WARNING: [Synth 8-7129] Port dinb[509] in module xpm_memory_base is either unconnected or has no load
WARNING: [Synth 8-7129] Port dinb[508] in module xpm_memory_base is either unconnected or has no load
WARNING: [Synth 8-7129] Port dinb[507] in module xpm_memory_base is either unconnected or has no load
WARNING: [Synth 8-7129] Port dinb[506] in module xpm_memory_base is either unconnected or has no load
WARNING: [Synth 8-7129] Port dinb[505] in module xpm_memory_base is either unconnected or has no load
WARNING: [Synth 8-7129] Port dinb[504] in module xpm_memory_base is either unconnected or has no load
WARNING: [Synth 8-7129] Port dinb[503] in module xpm_memory_base is either unconnected or has no load
WARNING: [Synth 8-7129] Port dinb[502] in module xpm_memory_base is either unconnected or has no load
WARNING: [Synth 8-7129] Port dinb[501] in module xpm_memory_base is either unconnected or has no load
WARNING: [Synth 8-7129] Port dinb[500] in module xpm_memory_base is either unconnected or has no load
WARNING: [Synth 8-7129] Port dinb[499] in module xpm_memory_base is either unconnected or has no load
WARNING: [Synth 8-7129] Port dinb[498] in module xpm_memory_base is either unconnected or has no load
WARNING: [Synth 8-7129] Port dinb[497] in module xpm_memory_base is either unconnected or has no load
WARNING: [Synth 8-7129] Port dinb[496] in module xpm_memory_base is either unconnected or has no load
WARNING: [Synth 8-7129] Port dinb[495] in module xpm_memory_base is either unconnected or has no load
INFO: [Common 17-14] Message 'Synth 8-7129' appears 100 times and further instances of the messages will be disabled. Use the Tcl command set_msg_config to change the current settings.
---------------------------------------------------------------------------------
Finished RTL Elaboration : Time (s): cpu = 00:00:06 ; elapsed = 00:00:07 . Memory (MB): peak = 3339.652 ; gain = 412.637 ; free physical = 250109 ; free virtual = 311882
---------------------------------------------------------------------------------
---------------------------------------------------------------------------------
Start Handling Custom Attributes
---------------------------------------------------------------------------------
---------------------------------------------------------------------------------
Finished Handling Custom Attributes : Time (s): cpu = 00:00:06 ; elapsed = 00:00:07 . Memory (MB): peak = 3354.496 ; gain = 427.480 ; free physical = 250138 ; free virtual = 311918
---------------------------------------------------------------------------------
---------------------------------------------------------------------------------
Finished RTL Optimization Phase 1 : Time (s): cpu = 00:00:06 ; elapsed = 00:00:07 . Memory (MB): peak = 3354.496 ; gain = 427.480 ; free physical = 250137 ; free virtual = 311918
---------------------------------------------------------------------------------
Netlist sorting complete. Time (s): cpu = 00:00:00.19 ; elapsed = 00:00:00.19 . Memory (MB): peak = 3354.496 ; gain = 0.000 ; free physical = 249573 ; free virtual = 311347
INFO: [Constraints 18-6359] No Clock Expansion Window constraints config file entry for device xcvc1902.  GCLK Deskew mode will be Off and cannot be enabled via GCLK_DESKEW override.
INFO: [Constraints 18-5720] The default GCLK Deskew mode is Off.
INFO: [Project 1-570] Preparing netlist for logic optimization

Processing XDC Constraints
Initializing timing engine
Parsing XDC File [/home/x_thileeb/repos/ops-hls-batching-new/codegen_apps/batching/poisson2d/vck5000_loopback_project/hls/build/hw/temp_dir/link/link/vivado/vpl/prj/prj.gen/my_rm/bd/ulp_inst_0/ip/ulp_inst_0_plram_ctrl_bram_0/ulp_inst_0_plram_ctrl_bram_0_ooc.xdc] for cell 'inst'
CRITICAL WARNING: [Power 33-705] The voltage setting 3.300 on supply VCCO_503 is different from the voltage setting of 1.800 of the parent 1V8_VCC. [/home/x_thileeb/repos/ops-hls-batching-new/codegen_apps/batching/poisson2d/vck5000_loopback_project/hls/build/hw/temp_dir/link/link/vivado/vpl/prj/prj.gen/my_rm/bd/ulp_inst_0/ip/ulp_inst_0_plram_ctrl_bram_0/ulp_inst_0_plram_ctrl_bram_0_ooc.xdc:49]
CRITICAL WARNING: [Power 33-704] The voltage setting 1.800 of the 1V8_VCC falls outside the allowed range <3.135-3.465> of VCCO_503 conatined by the rail. [/home/x_thileeb/repos/ops-hls-batching-new/codegen_apps/batching/poisson2d/vck5000_loopback_project/hls/build/hw/temp_dir/link/link/vivado/vpl/prj/prj.gen/my_rm/bd/ulp_inst_0/ip/ulp_inst_0_plram_ctrl_bram_0/ulp_inst_0_plram_ctrl_bram_0_ooc.xdc:49]
CRITICAL WARNING: [Power 33-705] The voltage setting 3.300 on supply VCCO_500 is different from the voltage setting of 1.800 of the parent 1V8_VCC. [/home/x_thileeb/repos/ops-hls-batching-new/codegen_apps/batching/poisson2d/vck5000_loopback_project/hls/build/hw/temp_dir/link/link/vivado/vpl/prj/prj.gen/my_rm/bd/ulp_inst_0/ip/ulp_inst_0_plram_ctrl_bram_0/ulp_inst_0_plram_ctrl_bram_0_ooc.xdc:49]
CRITICAL WARNING: [Power 33-704] The voltage setting 1.800 of the 1V8_VCC falls outside the allowed range <3.135-3.465> of VCCO_500 conatined by the rail. [/home/x_thileeb/repos/ops-hls-batching-new/codegen_apps/batching/poisson2d/vck5000_loopback_project/hls/build/hw/temp_dir/link/link/vivado/vpl/prj/prj.gen/my_rm/bd/ulp_inst_0/ip/ulp_inst_0_plram_ctrl_bram_0/ulp_inst_0_plram_ctrl_bram_0_ooc.xdc:49]
Finished Parsing XDC File [/home/x_thileeb/repos/ops-hls-batching-new/codegen_apps/batching/poisson2d/vck5000_loopback_project/hls/build/hw/temp_dir/link/link/vivado/vpl/prj/prj.gen/my_rm/bd/ulp_inst_0/ip/ulp_inst_0_plram_ctrl_bram_0/ulp_inst_0_plram_ctrl_bram_0_ooc.xdc] for cell 'inst'
Parsing XDC File [/home/x_thileeb/repos/ops-hls-batching-new/codegen_apps/batching/poisson2d/vck5000_loopback_project/hls/build/hw/temp_dir/link/link/vivado/vpl/prj/prj.gen/my_rm/bd/ulp_inst_0/ip/ulp_inst_0_plram_ctrl_bram_0/ulp_inst_0_plram_ctrl_bram_0_waivers.xdc] for cell 'inst'
Finished Parsing XDC File [/home/x_thileeb/repos/ops-hls-batching-new/codegen_apps/batching/poisson2d/vck5000_loopback_project/hls/build/hw/temp_dir/link/link/vivado/vpl/prj/prj.gen/my_rm/bd/ulp_inst_0/ip/ulp_inst_0_plram_ctrl_bram_0/ulp_inst_0_plram_ctrl_bram_0_waivers.xdc] for cell 'inst'
Parsing XDC File [/home/x_thileeb/repos/ops-hls-batching-new/codegen_apps/batching/poisson2d/vck5000_loopback_project/hls/build/hw/temp_dir/link/link/vivado/vpl/prj/prj.runs/ulp_inst_0_plram_ctrl_bram_0_synth_1/dont_touch.xdc]
Finished Parsing XDC File [/home/x_thileeb/repos/ops-hls-batching-new/codegen_apps/batching/poisson2d/vck5000_loopback_project/hls/build/hw/temp_dir/link/link/vivado/vpl/prj/prj.runs/ulp_inst_0_plram_ctrl_bram_0_synth_1/dont_touch.xdc]
Completed Processing XDC Constraints

Netlist sorting complete. Time (s): cpu = 00:00:00 ; elapsed = 00:00:00 . Memory (MB): peak = 3551.004 ; gain = 0.000 ; free physical = 249050 ; free virtual = 310835
INFO: [Project 1-111] Unisim Transformation Summary:
No Unisim elements were transformed.

Constraint Validation Runtime : Time (s): cpu = 00:00:00.03 ; elapsed = 00:00:00.04 . Memory (MB): peak = 3551.004 ; gain = 0.000 ; free physical = 249002 ; free virtual = 310787
INFO: [Designutils 20-5008] Incremental synthesis strategy off
---------------------------------------------------------------------------------
Finished Constraint Validation : Time (s): cpu = 00:00:19 ; elapsed = 00:00:21 . Memory (MB): peak = 3551.004 ; gain = 623.988 ; free physical = 248367 ; free virtual = 310275
---------------------------------------------------------------------------------
---------------------------------------------------------------------------------
Start Cross Boundary and Area Optimization
---------------------------------------------------------------------------------
WARNING: [Synth 8-7080] Parallel synthesis criteria is not met
WARNING: [Synth 8-6850] RAM (gen_wr_a.gen_byte_narrow.for_mem_cols[1].mem_reg) has partial Byte Wide Write Enable pattern with ram_style = "block", however no output register found in fanout of RAM. Recommended to use supported Byte Wide Write Enable template. 
WARNING: [Synth 8-6850] RAM (gen_wr_a.gen_byte_narrow.for_mem_cols[1].mem_reg) has partial Byte Wide Write Enable pattern with ram_style = "block", however no output register found in fanout of RAM. Recommended to use supported Byte Wide Write Enable template. 
---------------------------------------------------------------------------------
Finished Cross Boundary and Area Optimization : Time (s): cpu = 00:00:22 ; elapsed = 00:00:46 . Memory (MB): peak = 3567.012 ; gain = 639.996 ; free physical = 237708 ; free virtual = 299737
---------------------------------------------------------------------------------
INFO: [Synth 8-7030] Implemented Non-Cascaded Block Ram (cascade_height = 1) of width 16 for RAM "inst/\gen_xpm.gen_base.xpm_memory_base_inst /gen_wr_a.gen_byte_narrow.for_mem_cols[1].mem_reg"
INFO: [Synth 8-7030] Implemented Non-Cascaded Block Ram (cascade_height = 1) of width 16 for RAM "inst/\gen_xpm.gen_base.xpm_memory_base_inst /gen_wr_a.gen_byte_narrow.for_mem_cols[1].mem_reg"
INFO: [Synth 8-7030] Implemented Non-Cascaded Block Ram (cascade_height = 1) of width 16 for RAM "inst/\gen_xpm.gen_base.xpm_memory_base_inst /gen_wr_a.gen_byte_narrow.for_mem_cols[1].mem_reg"
INFO: [Synth 8-7030] Implemented Non-Cascaded Block Ram (cascade_height = 1) of width 16 for RAM "inst/\gen_xpm.gen_base.xpm_memory_base_inst /gen_wr_a.gen_byte_narrow.for_mem_cols[1].mem_reg"
INFO: [Synth 8-7030] Implemented Non-Cascaded Block Ram (cascade_height = 1) of width 16 for RAM "inst/\gen_xpm.gen_base.xpm_memory_base_inst /gen_wr_a.gen_byte_narrow.for_mem_cols[1].mem_reg"
INFO: [Synth 8-7030] Implemented Non-Cascaded Block Ram (cascade_height = 1) of width 16 for RAM "inst/\gen_xpm.gen_base.xpm_memory_base_inst /gen_wr_a.gen_byte_narrow.for_mem_cols[1].mem_reg"
INFO: [Synth 8-7030] Implemented Non-Cascaded Block Ram (cascade_height = 1) of width 16 for RAM "inst/\gen_xpm.gen_base.xpm_memory_base_inst /gen_wr_a.gen_byte_narrow.for_mem_cols[1].mem_reg"
INFO: [Synth 8-7030] Implemented Non-Cascaded Block Ram (cascade_height = 1) of width 16 for RAM "inst/\gen_xpm.gen_base.xpm_memory_base_inst /gen_wr_a.gen_byte_narrow.for_mem_cols[1].mem_reg"
INFO: [Synth 8-7030] Implemented Non-Cascaded Block Ram (cascade_height = 1) of width 16 for RAM "inst/\gen_xpm.gen_base.xpm_memory_base_inst /gen_wr_a.gen_byte_narrow.for_mem_cols[1].mem_reg"
INFO: [Synth 8-7030] Implemented Non-Cascaded Block Ram (cascade_height = 1) of width 16 for RAM "inst/\gen_xpm.gen_base.xpm_memory_base_inst /gen_wr_a.gen_byte_narrow.for_mem_cols[1].mem_reg"
INFO: [Synth 8-7030] Implemented Non-Cascaded Block Ram (cascade_height = 1) of width 16 for RAM "inst/\gen_xpm.gen_base.xpm_memory_base_inst /gen_wr_a.gen_byte_narrow.for_mem_cols[1].mem_reg"
INFO: [Synth 8-7030] Implemented Non-Cascaded Block Ram (cascade_height = 1) of width 16 for RAM "inst/\gen_xpm.gen_base.xpm_memory_base_inst /gen_wr_a.gen_byte_narrow.for_mem_cols[1].mem_reg"
INFO: [Synth 8-7030] Implemented Non-Cascaded Block Ram (cascade_height = 1) of width 16 for RAM "inst/\gen_xpm.gen_base.xpm_memory_base_inst /gen_wr_a.gen_byte_narrow.for_mem_cols[1].mem_reg"
INFO: [Synth 8-7030] Implemented Non-Cascaded Block Ram (cascade_height = 1) of width 16 for RAM "inst/\gen_xpm.gen_base.xpm_memory_base_inst /gen_wr_a.gen_byte_narrow.for_mem_cols[1].mem_reg"
INFO: [Synth 8-7030] Implemented Non-Cascaded Block Ram (cascade_height = 1) of width 16 for RAM "inst/\gen_xpm.gen_base.xpm_memory_base_inst /gen_wr_a.gen_byte_narrow.for_mem_cols[1].mem_reg"
INFO: [Synth 8-7030] Implemented Non-Cascaded Block Ram (cascade_height = 1) of width 16 for RAM "inst/\gen_xpm.gen_base.xpm_memory_base_inst /gen_wr_a.gen_byte_narrow.for_mem_cols[1].mem_reg"
INFO: [Synth 8-7030] Implemented Non-Cascaded Block Ram (cascade_height = 1) of width 16 for RAM "inst/\gen_xpm.gen_base.xpm_memory_base_inst /gen_wr_a.gen_byte_narrow.for_mem_cols[1].mem_reg"
INFO: [Synth 8-7030] Implemented Non-Cascaded Block Ram (cascade_height = 1) of width 16 for RAM "inst/\gen_xpm.gen_base.xpm_memory_base_inst /gen_wr_a.gen_byte_narrow.for_mem_cols[1].mem_reg"
INFO: [Synth 8-7030] Implemented Non-Cascaded Block Ram (cascade_height = 1) of width 16 for RAM "inst/\gen_xpm.gen_base.xpm_memory_base_inst /gen_wr_a.gen_byte_narrow.for_mem_cols[1].mem_reg"
INFO: [Synth 8-7030] Implemented Non-Cascaded Block Ram (cascade_height = 1) of width 16 for RAM "inst/\gen_xpm.gen_base.xpm_memory_base_inst /gen_wr_a.gen_byte_narrow.for_mem_cols[1].mem_reg"
INFO: [Synth 8-7030] Implemented Non-Cascaded Block Ram (cascade_height = 1) of width 16 for RAM "inst/\gen_xpm.gen_base.xpm_memory_base_inst /gen_wr_a.gen_byte_narrow.for_mem_cols[1].mem_reg"
INFO: [Synth 8-7030] Implemented Non-Cascaded Block Ram (cascade_height = 1) of width 16 for RAM "inst/\gen_xpm.gen_base.xpm_memory_base_inst /gen_wr_a.gen_byte_narrow.for_mem_cols[1].mem_reg"
INFO: [Synth 8-7030] Implemented Non-Cascaded Block Ram (cascade_height = 1) of width 16 for RAM "inst/\gen_xpm.gen_base.xpm_memory_base_inst /gen_wr_a.gen_byte_narrow.for_mem_cols[1].mem_reg"
INFO: [Synth 8-7030] Implemented Non-Cascaded Block Ram (cascade_height = 1) of width 16 for RAM "inst/\gen_xpm.gen_base.xpm_memory_base_inst /gen_wr_a.gen_byte_narrow.for_mem_cols[1].mem_reg"
INFO: [Synth 8-7030] Implemented Non-Cascaded Block Ram (cascade_height = 1) of width 16 for RAM "inst/\gen_xpm.gen_base.xpm_memory_base_inst /gen_wr_a.gen_byte_narrow.for_mem_cols[1].mem_reg"
INFO: [Synth 8-7030] Implemented Non-Cascaded Block Ram (cascade_height = 1) of width 16 for RAM "inst/\gen_xpm.gen_base.xpm_memory_base_inst /gen_wr_a.gen_byte_narrow.for_mem_cols[1].mem_reg"
INFO: [Synth 8-7030] Implemented Non-Cascaded Block Ram (cascade_height = 1) of width 16 for RAM "inst/\gen_xpm.gen_base.xpm_memory_base_inst /gen_wr_a.gen_byte_narrow.for_mem_cols[1].mem_reg"
INFO: [Synth 8-7030] Implemented Non-Cascaded Block Ram (cascade_height = 1) of width 16 for RAM "inst/\gen_xpm.gen_base.xpm_memory_base_inst /gen_wr_a.gen_byte_narrow.for_mem_cols[1].mem_reg"
INFO: [Synth 8-7030] Implemented Non-Cascaded Block Ram (cascade_height = 1) of width 16 for RAM "inst/\gen_xpm.gen_base.xpm_memory_base_inst /gen_wr_a.gen_byte_narrow.for_mem_cols[1].mem_reg"
INFO: [Synth 8-7030] Implemented Non-Cascaded Block Ram (cascade_height = 1) of width 16 for RAM "inst/\gen_xpm.gen_base.xpm_memory_base_inst /gen_wr_a.gen_byte_narrow.for_mem_cols[1].mem_reg"
INFO: [Synth 8-7030] Implemented Non-Cascaded Block Ram (cascade_height = 1) of width 16 for RAM "inst/\gen_xpm.gen_base.xpm_memory_base_inst /gen_wr_a.gen_byte_narrow.for_mem_cols[1].mem_reg"
INFO: [Synth 8-7030] Implemented Non-Cascaded Block Ram (cascade_height = 1) of width 16 for RAM "inst/\gen_xpm.gen_base.xpm_memory_base_inst /gen_wr_a.gen_byte_narrow.for_mem_cols[1].mem_reg"
---------------------------------------------------------------------------------
Start ROM, RAM, DSP, Shift Register and Retiming Reporting
---------------------------------------------------------------------------------

Block RAM: Preliminary Mapping Report (see note below)
+---------------------------------------------+--------------------------------------------------+------------------------+---+---+------------------------+---+---+------------------+--------+--------+-----------------------------------------------------------------+
|Module Name                                  | RTL Object                                       | PORT A (Depth x Width) | W | R | PORT B (Depth x Width) | W | R | Ports driving FF | RAMB18 | RAMB36 | Cascade Heights                                                 | 
+---------------------------------------------+--------------------------------------------------+------------------------+---+---+------------------------+---+---+------------------+--------+--------+-----------------------------------------------------------------+
|inst/\gen_xpm.gen_base.xpm_memory_base_inst  | gen_wr_a.gen_byte_narrow.for_mem_cols[1].mem_reg | 2 K x 512(WRITE_FIRST) | W | R |                        |   |   | Port A           | 0      | 32     | 1,1,1,1,1,1,1,1,1,1,1,1,1,1,1,1,1,1,1,1,1,1,1,1,1,1,1,1,1,1,1,1 | 
+---------------------------------------------+--------------------------------------------------+------------------------+---+---+------------------------+---+---+------------------+--------+--------+-----------------------------------------------------------------+

Note: The table above is a preliminary report that shows the Block RAMs at the current stage of the synthesis flow. Some Block RAMs may be reimplemented as non Block RAM primitives later in the synthesis flow. Multiple instantiated Block RAMs are reported only once. 
---------------------------------------------------------------------------------
Finished ROM, RAM, DSP, Shift Register and Retiming Reporting
---------------------------------------------------------------------------------
---------------------------------------------------------------------------------
Start Applying XDC Timing Constraints
---------------------------------------------------------------------------------
---------------------------------------------------------------------------------
Finished Applying XDC Timing Constraints : Time (s): cpu = 00:00:43 ; elapsed = 00:01:14 . Memory (MB): peak = 4181.652 ; gain = 1254.637 ; free physical = 253578 ; free virtual = 315587
---------------------------------------------------------------------------------
---------------------------------------------------------------------------------
Start Timing Optimization
---------------------------------------------------------------------------------
---------------------------------------------------------------------------------
Finished Timing Optimization : Time (s): cpu = 00:00:44 ; elapsed = 00:01:14 . Memory (MB): peak = 4181.652 ; gain = 1254.637 ; free physical = 253273 ; free virtual = 315262
---------------------------------------------------------------------------------
---------------------------------------------------------------------------------
Start ROM, RAM, DSP, Shift Register and Retiming Reporting
---------------------------------------------------------------------------------

Block RAM: Final Mapping Report
+---------------------------------------------+--------------------------------------------------+------------------------+---+---+------------------------+---+---+------------------+--------+--------+-----------------------------------------------------------------+
|Module Name                                  | RTL Object                                       | PORT A (Depth x Width) | W | R | PORT B (Depth x Width) | W | R | Ports driving FF | RAMB18 | RAMB36 | Cascade Heights                                                 | 
+---------------------------------------------+--------------------------------------------------+------------------------+---+---+------------------------+---+---+------------------+--------+--------+-----------------------------------------------------------------+
|inst/\gen_xpm.gen_base.xpm_memory_base_inst  | gen_wr_a.gen_byte_narrow.for_mem_cols[1].mem_reg | 2 K x 512(WRITE_FIRST) | W | R |                        |   |   | Port A           | 0      | 32     | 1,1,1,1,1,1,1,1,1,1,1,1,1,1,1,1,1,1,1,1,1,1,1,1,1,1,1,1,1,1,1,1 | 
+---------------------------------------------+--------------------------------------------------+------------------------+---+---+------------------------+---+---+------------------+--------+--------+-----------------------------------------------------------------+

---------------------------------------------------------------------------------
Finished ROM, RAM, DSP, Shift Register and Retiming Reporting
---------------------------------------------------------------------------------
---------------------------------------------------------------------------------
Start Technology Mapping
---------------------------------------------------------------------------------
INFO: [Synth 8-5816] Retiming module `xpm_memory_base`
   Worst Slack before retiming is 214748368 and worst slack after retiming is 214748368
   Numbers of local forward move = 0, and local backward move = 0


INFO: [Synth 8-5816] Retiming module `xpm_memory_base' done


INFO: [Synth 8-5816] Retiming module `emb_mem_gen_v1_0_6`
   Worst Slack before retiming is 214748368 and worst slack after retiming is 214748368
   Numbers of local forward move = 0, and local backward move = 0


INFO: [Synth 8-5816] Retiming module `emb_mem_gen_v1_0_6' done


INFO: [Synth 8-5816] Retiming module `ulp_inst_0_plram_ctrl_bram_0`
   Worst Slack before retiming is 214748368 and worst slack after retiming is 214748368
   Numbers of local forward move = 0, and local backward move = 0


INFO: [Synth 8-5816] Retiming module `ulp_inst_0_plram_ctrl_bram_0' done


INFO: [Synth 8-7052] The timing for the instance inst/gen_xpm.gen_base.xpm_memory_base_inst/gen_wr_a.gen_byte_narrow.for_mem_cols[1].mem_reg_bram_0 (implemented as a Block RAM) might be sub-optimal as no optional output register could be merged into the ram block. Providing additional output register may help in improving timing.
INFO: [Synth 8-7052] The timing for the instance inst/gen_xpm.gen_base.xpm_memory_base_inst/gen_wr_a.gen_byte_narrow.for_mem_cols[1].mem_reg_bram_1 (implemented as a Block RAM) might be sub-optimal as no optional output register could be merged into the ram block. Providing additional output register may help in improving timing.
INFO: [Synth 8-7052] The timing for the instance inst/gen_xpm.gen_base.xpm_memory_base_inst/gen_wr_a.gen_byte_narrow.for_mem_cols[1].mem_reg_bram_2 (implemented as a Block RAM) might be sub-optimal as no optional output register could be merged into the ram block. Providing additional output register may help in improving timing.
INFO: [Synth 8-7052] The timing for the instance inst/gen_xpm.gen_base.xpm_memory_base_inst/gen_wr_a.gen_byte_narrow.for_mem_cols[1].mem_reg_bram_3 (implemented as a Block RAM) might be sub-optimal as no optional output register could be merged into the ram block. Providing additional output register may help in improving timing.
INFO: [Synth 8-7052] The timing for the instance inst/gen_xpm.gen_base.xpm_memory_base_inst/gen_wr_a.gen_byte_narrow.for_mem_cols[1].mem_reg_bram_4 (implemented as a Block RAM) might be sub-optimal as no optional output register could be merged into the ram block. Providing additional output register may help in improving timing.
INFO: [Synth 8-7052] The timing for the instance inst/gen_xpm.gen_base.xpm_memory_base_inst/gen_wr_a.gen_byte_narrow.for_mem_cols[1].mem_reg_bram_5 (implemented as a Block RAM) might be sub-optimal as no optional output register could be merged into the ram block. Providing additional output register may help in improving timing.
INFO: [Synth 8-7052] The timing for the instance inst/gen_xpm.gen_base.xpm_memory_base_inst/gen_wr_a.gen_byte_narrow.for_mem_cols[1].mem_reg_bram_6 (implemented as a Block RAM) might be sub-optimal as no optional output register could be merged into the ram block. Providing additional output register may help in improving timing.
INFO: [Synth 8-7052] The timing for the instance inst/gen_xpm.gen_base.xpm_memory_base_inst/gen_wr_a.gen_byte_narrow.for_mem_cols[1].mem_reg_bram_7 (implemented as a Block RAM) might be sub-optimal as no optional output register could be merged into the ram block. Providing additional output register may help in improving timing.
INFO: [Synth 8-7052] The timing for the instance inst/gen_xpm.gen_base.xpm_memory_base_inst/gen_wr_a.gen_byte_narrow.for_mem_cols[1].mem_reg_bram_8 (implemented as a Block RAM) might be sub-optimal as no optional output register could be merged into the ram block. Providing additional output register may help in improving timing.
INFO: [Synth 8-7052] The timing for the instance inst/gen_xpm.gen_base.xpm_memory_base_inst/gen_wr_a.gen_byte_narrow.for_mem_cols[1].mem_reg_bram_9 (implemented as a Block RAM) might be sub-optimal as no optional output register could be merged into the ram block. Providing additional output register may help in improving timing.
INFO: [Synth 8-7052] The timing for the instance inst/gen_xpm.gen_base.xpm_memory_base_inst/gen_wr_a.gen_byte_narrow.for_mem_cols[1].mem_reg_bram_10 (implemented as a Block RAM) might be sub-optimal as no optional output register could be merged into the ram block. Providing additional output register may help in improving timing.
INFO: [Synth 8-7052] The timing for the instance inst/gen_xpm.gen_base.xpm_memory_base_inst/gen_wr_a.gen_byte_narrow.for_mem_cols[1].mem_reg_bram_11 (implemented as a Block RAM) might be sub-optimal as no optional output register could be merged into the ram block. Providing additional output register may help in improving timing.
INFO: [Synth 8-7052] The timing for the instance inst/gen_xpm.gen_base.xpm_memory_base_inst/gen_wr_a.gen_byte_narrow.for_mem_cols[1].mem_reg_bram_12 (implemented as a Block RAM) might be sub-optimal as no optional output register could be merged into the ram block. Providing additional output register may help in improving timing.
INFO: [Synth 8-7052] The timing for the instance inst/gen_xpm.gen_base.xpm_memory_base_inst/gen_wr_a.gen_byte_narrow.for_mem_cols[1].mem_reg_bram_13 (implemented as a Block RAM) might be sub-optimal as no optional output register could be merged into the ram block. Providing additional output register may help in improving timing.
INFO: [Synth 8-7052] The timing for the instance inst/gen_xpm.gen_base.xpm_memory_base_inst/gen_wr_a.gen_byte_narrow.for_mem_cols[1].mem_reg_bram_14 (implemented as a Block RAM) might be sub-optimal as no optional output register could be merged into the ram block. Providing additional output register may help in improving timing.
INFO: [Synth 8-7052] The timing for the instance inst/gen_xpm.gen_base.xpm_memory_base_inst/gen_wr_a.gen_byte_narrow.for_mem_cols[1].mem_reg_bram_15 (implemented as a Block RAM) might be sub-optimal as no optional output register could be merged into the ram block. Providing additional output register may help in improving timing.
INFO: [Synth 8-7052] The timing for the instance inst/gen_xpm.gen_base.xpm_memory_base_inst/gen_wr_a.gen_byte_narrow.for_mem_cols[1].mem_reg_bram_16 (implemented as a Block RAM) might be sub-optimal as no optional output register could be merged into the ram block. Providing additional output register may help in improving timing.
INFO: [Synth 8-7052] The timing for the instance inst/gen_xpm.gen_base.xpm_memory_base_inst/gen_wr_a.gen_byte_narrow.for_mem_cols[1].mem_reg_bram_17 (implemented as a Block RAM) might be sub-optimal as no optional output register could be merged into the ram block. Providing additional output register may help in improving timing.
INFO: [Synth 8-7052] The timing for the instance inst/gen_xpm.gen_base.xpm_memory_base_inst/gen_wr_a.gen_byte_narrow.for_mem_cols[1].mem_reg_bram_18 (implemented as a Block RAM) might be sub-optimal as no optional output register could be merged into the ram block. Providing additional output register may help in improving timing.
INFO: [Synth 8-7052] The timing for the instance inst/gen_xpm.gen_base.xpm_memory_base_inst/gen_wr_a.gen_byte_narrow.for_mem_cols[1].mem_reg_bram_19 (implemented as a Block RAM) might be sub-optimal as no optional output register could be merged into the ram block. Providing additional output register may help in improving timing.
INFO: [Synth 8-7052] The timing for the instance inst/gen_xpm.gen_base.xpm_memory_base_inst/gen_wr_a.gen_byte_narrow.for_mem_cols[1].mem_reg_bram_20 (implemented as a Block RAM) might be sub-optimal as no optional output register could be merged into the ram block. Providing additional output register may help in improving timing.
INFO: [Synth 8-7052] The timing for the instance inst/gen_xpm.gen_base.xpm_memory_base_inst/gen_wr_a.gen_byte_narrow.for_mem_cols[1].mem_reg_bram_21 (implemented as a Block RAM) might be sub-optimal as no optional output register could be merged into the ram block. Providing additional output register may help in improving timing.
INFO: [Synth 8-7052] The timing for the instance inst/gen_xpm.gen_base.xpm_memory_base_inst/gen_wr_a.gen_byte_narrow.for_mem_cols[1].mem_reg_bram_22 (implemented as a Block RAM) might be sub-optimal as no optional output register could be merged into the ram block. Providing additional output register may help in improving timing.
INFO: [Synth 8-7052] The timing for the instance inst/gen_xpm.gen_base.xpm_memory_base_inst/gen_wr_a.gen_byte_narrow.for_mem_cols[1].mem_reg_bram_23 (implemented as a Block RAM) might be sub-optimal as no optional output register could be merged into the ram block. Providing additional output register may help in improving timing.
INFO: [Synth 8-7052] The timing for the instance inst/gen_xpm.gen_base.xpm_memory_base_inst/gen_wr_a.gen_byte_narrow.for_mem_cols[1].mem_reg_bram_24 (implemented as a Block RAM) might be sub-optimal as no optional output register could be merged into the ram block. Providing additional output register may help in improving timing.
INFO: [Synth 8-7052] The timing for the instance inst/gen_xpm.gen_base.xpm_memory_base_inst/gen_wr_a.gen_byte_narrow.for_mem_cols[1].mem_reg_bram_25 (implemented as a Block RAM) might be sub-optimal as no optional output register could be merged into the ram block. Providing additional output register may help in improving timing.
INFO: [Synth 8-7052] The timing for the instance inst/gen_xpm.gen_base.xpm_memory_base_inst/gen_wr_a.gen_byte_narrow.for_mem_cols[1].mem_reg_bram_26 (implemented as a Block RAM) might be sub-optimal as no optional output register could be merged into the ram block. Providing additional output register may help in improving timing.
INFO: [Synth 8-7052] The timing for the instance inst/gen_xpm.gen_base.xpm_memory_base_inst/gen_wr_a.gen_byte_narrow.for_mem_cols[1].mem_reg_bram_27 (implemented as a Block RAM) might be sub-optimal as no optional output register could be merged into the ram block. Providing additional output register may help in improving timing.
INFO: [Synth 8-7052] The timing for the instance inst/gen_xpm.gen_base.xpm_memory_base_inst/gen_wr_a.gen_byte_narrow.for_mem_cols[1].mem_reg_bram_28 (implemented as a Block RAM) might be sub-optimal as no optional output register could be merged into the ram block. Providing additional output register may help in improving timing.
INFO: [Synth 8-7052] The timing for the instance inst/gen_xpm.gen_base.xpm_memory_base_inst/gen_wr_a.gen_byte_narrow.for_mem_cols[1].mem_reg_bram_29 (implemented as a Block RAM) might be sub-optimal as no optional output register could be merged into the ram block. Providing additional output register may help in improving timing.
INFO: [Synth 8-7052] The timing for the instance inst/gen_xpm.gen_base.xpm_memory_base_inst/gen_wr_a.gen_byte_narrow.for_mem_cols[1].mem_reg_bram_30 (implemented as a Block RAM) might be sub-optimal as no optional output register could be merged into the ram block. Providing additional output register may help in improving timing.
INFO: [Synth 8-7052] The timing for the instance inst/gen_xpm.gen_base.xpm_memory_base_inst/gen_wr_a.gen_byte_narrow.for_mem_cols[1].mem_reg_bram_31 (implemented as a Block RAM) might be sub-optimal as no optional output register could be merged into the ram block. Providing additional output register may help in improving timing.
---------------------------------------------------------------------------------
Finished Technology Mapping : Time (s): cpu = 00:00:44 ; elapsed = 00:01:14 . Memory (MB): peak = 4181.652 ; gain = 1254.637 ; free physical = 252986 ; free virtual = 314975
---------------------------------------------------------------------------------
---------------------------------------------------------------------------------
Start IO Insertion
---------------------------------------------------------------------------------
---------------------------------------------------------------------------------
Start Flattening Before IO Insertion
---------------------------------------------------------------------------------
---------------------------------------------------------------------------------
Finished Flattening Before IO Insertion
---------------------------------------------------------------------------------
---------------------------------------------------------------------------------
Start Final Netlist Cleanup
---------------------------------------------------------------------------------
---------------------------------------------------------------------------------
Finished Final Netlist Cleanup
---------------------------------------------------------------------------------
---------------------------------------------------------------------------------
Finished IO Insertion : Time (s): cpu = 00:00:47 ; elapsed = 00:01:18 . Memory (MB): peak = 4187.590 ; gain = 1260.574 ; free physical = 254997 ; free virtual = 316987
---------------------------------------------------------------------------------
---------------------------------------------------------------------------------
Start Renaming Generated Instances
---------------------------------------------------------------------------------
---------------------------------------------------------------------------------
Finished Renaming Generated Instances : Time (s): cpu = 00:00:47 ; elapsed = 00:01:18 . Memory (MB): peak = 4187.590 ; gain = 1260.574 ; free physical = 254992 ; free virtual = 316982
---------------------------------------------------------------------------------
---------------------------------------------------------------------------------
Start Rebuilding User Hierarchy
---------------------------------------------------------------------------------
---------------------------------------------------------------------------------
Finished Rebuilding User Hierarchy : Time (s): cpu = 00:00:47 ; elapsed = 00:01:18 . Memory (MB): peak = 4187.590 ; gain = 1260.574 ; free physical = 254945 ; free virtual = 316934
---------------------------------------------------------------------------------
---------------------------------------------------------------------------------
Start Renaming Generated Ports
---------------------------------------------------------------------------------
---------------------------------------------------------------------------------
Finished Renaming Generated Ports : Time (s): cpu = 00:00:47 ; elapsed = 00:01:18 . Memory (MB): peak = 4187.590 ; gain = 1260.574 ; free physical = 254946 ; free virtual = 316936
---------------------------------------------------------------------------------
---------------------------------------------------------------------------------
Start Handling Custom Attributes
---------------------------------------------------------------------------------
---------------------------------------------------------------------------------
Finished Handling Custom Attributes : Time (s): cpu = 00:00:47 ; elapsed = 00:01:18 . Memory (MB): peak = 4187.590 ; gain = 1260.574 ; free physical = 254918 ; free virtual = 316907
---------------------------------------------------------------------------------
---------------------------------------------------------------------------------
Start Renaming Generated Nets
---------------------------------------------------------------------------------
---------------------------------------------------------------------------------
Finished Renaming Generated Nets : Time (s): cpu = 00:00:47 ; elapsed = 00:01:18 . Memory (MB): peak = 4187.590 ; gain = 1260.574 ; free physical = 254907 ; free virtual = 316897
---------------------------------------------------------------------------------
---------------------------------------------------------------------------------
Start ROM, RAM, DSP, Shift Register and Retiming Reporting
---------------------------------------------------------------------------------
---------------------------------------------------------------------------------
Finished ROM, RAM, DSP, Shift Register and Retiming Reporting
---------------------------------------------------------------------------------
---------------------------------------------------------------------------------
Start Writing Synthesis Report
---------------------------------------------------------------------------------

Report BlackBoxes: 
+-+--------------+----------+
| |BlackBox name |Instances |
+-+--------------+----------+
+-+--------------+----------+

Report Cell Usage: 
+------+-------------+------+
|      |Cell         |Count |
+------+-------------+------+
|1     |LUT2         |   561|
|2     |RAMB36E5_INT |    32|
+------+-------------+------+
---------------------------------------------------------------------------------
Finished Writing Synthesis Report : Time (s): cpu = 00:00:47 ; elapsed = 00:01:18 . Memory (MB): peak = 4187.590 ; gain = 1260.574 ; free physical = 254903 ; free virtual = 316892
---------------------------------------------------------------------------------
Synthesis finished with 0 errors, 0 critical warnings and 611 warnings.
Synthesis Optimization Runtime : Time (s): cpu = 00:00:44 ; elapsed = 00:01:11 . Memory (MB): peak = 4191.500 ; gain = 1067.977 ; free physical = 257230 ; free virtual = 319219
Synthesis Optimization Complete : Time (s): cpu = 00:00:52 ; elapsed = 00:01:20 . Memory (MB): peak = 4191.500 ; gain = 1264.484 ; free physical = 257226 ; free virtual = 319215
INFO: [Project 1-571] Translating synthesized netlist
Netlist sorting complete. Time (s): cpu = 00:00:00.02 ; elapsed = 00:00:00.02 . Memory (MB): peak = 4201.527 ; gain = 0.000 ; free physical = 254569 ; free virtual = 316899
INFO: [Netlist 29-17] Analyzing 32 Unisim elements for replacement
INFO: [Netlist 29-28] Unisim Transformation completed in 0 CPU seconds
INFO: [Constraints 18-6359] No Clock Expansion Window constraints config file entry for device xcvc1902.  GCLK Deskew mode will be Off and cannot be enabled via GCLK_DESKEW override.
INFO: [Constraints 18-5720] The default GCLK Deskew mode is Off.
INFO: [Project 1-570] Preparing netlist for logic optimization
INFO: [Opt 31-138] Pushed 0 inverter(s) to 0 load pin(s).
Netlist sorting complete. Time (s): cpu = 00:00:00 ; elapsed = 00:00:00 . Memory (MB): peak = 4224.340 ; gain = 0.000 ; free physical = 252468 ; free virtual = 314460
INFO: [Project 1-111] Unisim Transformation Summary:
  A total of 32 instances were transformed.
  RAMB36E5 => RAMB36E5_INT: 32 instances

Synth Design complete, checksum: fd2dbc98
INFO: [Common 17-83] Releasing license: Synthesis
121 Infos, 124 Warnings, 4 Critical Warnings and 0 Errors encountered.
synth_design completed successfully
synth_design: Time (s): cpu = 00:01:02 ; elapsed = 00:01:32 . Memory (MB): peak = 4224.340 ; gain = 1297.617 ; free physical = 253020 ; free virtual = 315012
INFO: [Common 17-600] The following parameters have non-default value.
general.maxThreads
INFO: [Common 17-1381] The checkpoint '/home/x_thileeb/repos/ops-hls-batching-new/codegen_apps/batching/poisson2d/vck5000_loopback_project/hls/build/hw/temp_dir/link/link/vivado/vpl/prj/prj.runs/ulp_inst_0_plram_ctrl_bram_0_synth_1/ulp_inst_0_plram_ctrl_bram_0.dcp' has been generated.
INFO: [runtcl-6] Synthesis results are not added to the cache due to CRITICAL_WARNING
INFO: [Coretcl 2-1174] Renamed 2 cell refs.
INFO: [Common 17-1381] The checkpoint '/home/x_thileeb/repos/ops-hls-batching-new/codegen_apps/batching/poisson2d/vck5000_loopback_project/hls/build/hw/temp_dir/link/link/vivado/vpl/prj/prj.runs/ulp_inst_0_plram_ctrl_bram_0_synth_1/ulp_inst_0_plram_ctrl_bram_0.dcp' has been generated.
INFO: [runtcl-4] Executing : report_utilization -file ulp_inst_0_plram_ctrl_bram_0_utilization_synth.rpt -pb ulp_inst_0_plram_ctrl_bram_0_utilization_synth.pb
INFO: [Common 17-206] Exiting Vivado at Sun Jul 26 03:15:18 2026...
