Copyright 1986-2022 Xilinx, Inc. All Rights Reserved.
-----------------------------------------------------------------------------------------------------------------------------------------------------------------------------------------------------------------------------------------------------------------------------------------
| Tool Version : Vivado v.2022.1 (lin64) Build 3526262 Mon Apr 18 15:47:01 MDT 2022
| Date         : Fri Sep  5 12:28:32 2025
| Host         : acclnode02 running 64-bit Ubuntu 20.04.6 LTS
| Command      : report_accelerator_utilization -kernels { datamover_outerloop_0:top_i/ulp/datamover_outerloop_0_1/inst:datamover_outerloop_0_1 kernel_outerloop_0:top_i/ulp/kernel_outerloop_0_1/inst:kernel_outerloop_0_1} -file kernel_util_routed.rpt -name kernel_util_routed -json
| Design       : top_wrapper
| Device       : xcvc1902
| Design State : Fully Placed
-----------------------------------------------------------------------------------------------------------------------------------------------------------------------------------------------------------------------------------------------------------------------------------------

Accelerator Utilization Design Information

Table of Contents
-----------------
1. System Utilization

1. System Utilization
---------------------

+----------------------------+-------------------+------------------+------------------+---------------+---------------+
| Name                       | REG               | LUT              | LUTAsMem         | BRAM          | URAM          |
+----------------------------+-------------------+------------------+------------------+---------------+---------------+
| Platform                   |   36245 [  2.01%] |  22236 [  2.47%] |   4156 [  0.92%] |  32 [  3.31%] |   0 [  0.00%] |
| User Budget                | 1763435 [100.00%] | 877604 [100.00%] | 445764 [100.00%] | 935 [100.00%] | 463 [100.00%] |
|    Used Resources          |  342190 [ 19.40%] |  87955 [ 10.02%] |  32063 [  7.19%] | 715 [ 76.47%] |   0 [  0.00%] |
|    Unused Resources        | 1421245 [ 80.60%] | 789649 [ 89.98%] | 413701 [ 92.81%] | 220 [ 23.53%] | 463 [100.00%] |
| datamover_outerloop_0      |  108942 [  6.18%] |  48459 [  5.52%] |   9135 [  2.05%] | 155 [ 16.58%] |   0 [  0.00%] |
|    datamover_outerloop_0_1 |  108942 [  6.18%] |  48459 [  5.52%] |   9135 [  2.05%] | 155 [ 16.58%] |   0 [  0.00%] |
| kernel_outerloop_0         |  233248 [ 13.23%] |  39496 [  4.50%] |  22928 [  5.14%] | 560 [ 59.89%] |   0 [  0.00%] |
|    kernel_outerloop_0_1    |  233248 [ 13.23%] |  39496 [  4.50%] |  22928 [  5.14%] | 560 [ 59.89%] |   0 [  0.00%] |
+----------------------------+-------------------+------------------+------------------+---------------+---------------+


