Copyright 1986-2022 Xilinx, Inc. All Rights Reserved.
--------------------------------------------------------------------------------------------------------------------------------------------------------------------------------------------------------------------------------------------------------------------------------------------------------------------------------------------------------------------------------------------------------------------------------------------------------------------------------------------------------------------------------------------------------------------------------------
| Tool Version : Vivado v.2022.2 (lin64) Build 3671981 Fri Oct 14 04:59:54 MDT 2022
| Date         : Wed Aug 12 15:16:06 2026
| Host         : acclnode01 running 64-bit Ubuntu 20.04.6 LTS
| Command      : report_accelerator_utilization -kernels { datamover_outerloop_0:level0_i/ulp/datamover_outerloop_0_1/inst:datamover_outerloop_0_1 kernel_outerloop_0_0:level0_i/ulp/kernel_outerloop_inst_0_1/inst:kernel_outerloop_inst_0_1 kernel_outerloop_0_1:level0_i/ulp/kernel_outerloop_inst_0_2/inst:kernel_outerloop_inst_0_2 kernel_outerloop_0_2:level0_i/ulp/kernel_outerloop_inst_0_3/inst:kernel_outerloop_inst_0_3 repeater_outerloop_0:level0_i/ulp/repeater_outerloop_0_1/inst:repeater_outerloop_0_1} -file kernel_util_placed.rpt -name kernel_util_placed -json
| Design       : level0_wrapper
| Device       : xcu280
| Design State : Fully Placed
--------------------------------------------------------------------------------------------------------------------------------------------------------------------------------------------------------------------------------------------------------------------------------------------------------------------------------------------------------------------------------------------------------------------------------------------------------------------------------------------------------------------------------------------------------------------------------------

Accelerator Utilization Design Information

Table of Contents
-----------------
1. System Utilization

1. System Utilization
---------------------

+------------------------------+-------------------+------------------+-------------------+----------------+---------------+----------------+
| Name                         | LUT               | LUTAsMem         | REG               | BRAM           | URAM          | DSP            |
+------------------------------+-------------------+------------------+-------------------+----------------+---------------+----------------+
| Platform                     |  145643 [ 11.17%] |  14914 [  2.48%] |  207492 [  7.96%] |  327 [ 16.22%] |   0 [  0.00%] |    4 [  0.04%] |
| User Budget                  | 1158037 [100.00%] | 586046 [100.00%] | 2399868 [100.00%] | 1689 [100.00%] | 960 [100.00%] | 9020 [100.00%] |
|    Used Resources            |  611279 [ 52.79%] |  50276 [  8.58%] | 1158249 [ 48.26%] |  384 [ 22.74%] | 256 [ 26.67%] | 4163 [ 46.15%] |
|    Unused Resources          |  546758 [ 47.21%] | 535770 [ 91.42%] | 1241619 [ 51.74%] | 1305 [ 77.26%] | 704 [ 73.33%] | 4857 [ 53.85%] |
| datamover_outerloop_0        |   40396 [  3.49%] |  10844 [  1.85%] |   67609 [  2.82%] |  128 [  7.58%] |   0 [  0.00%] |    0 [  0.00%] |
|    datamover_outerloop_0_1   |   40396 [  3.49%] |  10844 [  1.85%] |   67609 [  2.82%] |  128 [  7.58%] |   0 [  0.00%] |    0 [  0.00%] |
| kernel_outerloop_0_0         |  146993 [ 12.69%] |  10450 [  1.78%] |  274815 [ 11.45%] |   64 [  3.79%] |  64 [  6.67%] | 1041 [ 11.54%] |
|    kernel_outerloop_inst_0_1 |  146993 [ 12.69%] |  10450 [  1.78%] |  274815 [ 11.45%] |   64 [  3.79%] |  64 [  6.67%] | 1041 [ 11.54%] |
| kernel_outerloop_0_1         |  215402 [ 18.60%] |  14491 [  2.47%] |  403762 [ 16.82%] |   96 [  5.68%] |  96 [ 10.00%] | 1561 [ 17.31%] |
|    kernel_outerloop_inst_0_2 |  215402 [ 18.60%] |  14491 [  2.47%] |  403762 [ 16.82%] |   96 [  5.68%] |  96 [ 10.00%] | 1561 [ 17.31%] |
| kernel_outerloop_0_2         |  206333 [ 17.82%] |  14491 [  2.47%] |  403779 [ 16.83%] |   96 [  5.68%] |  96 [ 10.00%] | 1561 [ 17.31%] |
|    kernel_outerloop_inst_0_3 |  206333 [ 17.82%] |  14491 [  2.47%] |  403779 [ 16.83%] |   96 [  5.68%] |  96 [ 10.00%] | 1561 [ 17.31%] |
| repeater_outerloop_0         |    2155 [  0.19%] |      0 [  0.00%] |    8284 [  0.35%] |    0 [  0.00%] |   0 [  0.00%] |    0 [  0.00%] |
|    repeater_outerloop_0_1    |    2155 [  0.19%] |      0 [  0.00%] |    8284 [  0.35%] |    0 [  0.00%] |   0 [  0.00%] |    0 [  0.00%] |
+------------------------------+-------------------+------------------+-------------------+----------------+---------------+----------------+


