

================================================================
== Vitis HLS Report for 'repeater_outerloop_0'
================================================================
* Date:           Fri Jul 24 22:05:22 2026

* Version:        2022.2 (Build 3670227 on Oct 13 2022)
* Project:        repeater_outerloop_0
* Solution:       solution (Vitis Kernel Flow Target)
* Product family: virtexuplus
* Target device:  xcu280-fsvh2892-2L-e


================================================================
== Performance Estimates
================================================================
+ Timing: 
    * Summary: 
    +--------+---------+----------+------------+
    |  Clock |  Target | Estimated| Uncertainty|
    +--------+---------+----------+------------+
    |ap_clk  |  3.33 ns|      0 ns|     0.90 ns|
    +--------+---------+----------+------------+

+ Latency: 
    * Summary: 
    +---------+---------+----------+----------+-----+-----+----------+
    |  Latency (cycles) |  Latency (absolute) |  Interval | Pipeline |
    |   min   |   max   |    min   |    max   | min | max |   Type   |
    +---------+---------+----------+----------+-----+-----+----------+
    |        1|        1|  3.333 ns|  3.333 ns|    1|    1|  yes(flp)|
    +---------+---------+----------+----------+-----+-----+----------+

    + Detail: 
        * Instance: 
        N/A

        * Loop: 
        N/A

============================================================
+ Verbose Summary: Synthesis Manager
============================================================
InlineROM: 1
ExposeGlobal: 0
============================================================
+ Verbose Summary: CDFG Model
============================================================
IsTopModel: 1
ResetActiveHigh: 1
IsCombinational: 0
IsDatapathOnly: 0
HasWiredReturn: 1
HasMFsm: 1
HasVarLatency: 0
IsPipeline: 1
IsRtlPipelined: 1
IsInstanceOverlapped: 0
IsDontTouch: 0
HasImplIP: 0
IsGatedGlobalClock: 0

+ Individual pipeline summary: 
  * Pipeline-0: initiation interval (II) = 1, depth = 2


============================================================
+ Verbose Summary: Schedule
============================================================
* Number of FSM states : 2
* Pipeline : 1
  Pipeline-0 : II = 1, D = 2, States = { 1 2 }
* Dataflow Pipeline: 0

* FSM state transitions: 
1 --> 2 
2 --> 

* FSM state operations: 

State 1 <SV = 0> <Delay = 0.00>
ST_1 : Operation 3 [1/1] (0.00ns)   --->   "%empty = read i321 @_ssdm_op_Read.axis.volatile.i256P0A.i32P0A.i32P0A.i1P0A, i256 %arg0_axis_in_V_data_V, i32 %arg0_axis_in_V_keep_V, i32 %arg0_axis_in_V_strb_V, i1 %arg0_axis_in_V_last_V"   --->   Operation 3 'read' 'empty' <Predicate = true> <Delay = 0.00> <CoreInst = "axis">   --->   Core 123 'axis' <Latency = 0> <II = 1> <Delay = 1.00> <Adapter> <Opcode : >
ST_1 : Operation 4 [1/1] (0.00ns)   --->   "%tmp_data_V = extractvalue i321 %empty"   --->   Operation 4 'extractvalue' 'tmp_data_V' <Predicate = true> <Delay = 0.00>
ST_1 : Operation 5 [1/1] (0.00ns)   --->   "%tmp_keep_V = extractvalue i321 %empty"   --->   Operation 5 'extractvalue' 'tmp_keep_V' <Predicate = true> <Delay = 0.00>
ST_1 : Operation 6 [1/1] (0.00ns)   --->   "%tmp_strb_V = extractvalue i321 %empty"   --->   Operation 6 'extractvalue' 'tmp_strb_V' <Predicate = true> <Delay = 0.00>
ST_1 : Operation 7 [1/1] (0.00ns)   --->   "%tmp_last_V = extractvalue i321 %empty"   --->   Operation 7 'extractvalue' 'tmp_last_V' <Predicate = true> <Delay = 0.00>
ST_1 : Operation 8 [2/2] (0.00ns)   --->   "%write_ln258 = write void @_ssdm_op_Write.axis.volatile.i256P0A.i32P0A.i32P0A.i1P0A, i256 %arg4_axis_out_V_data_V, i32 %arg4_axis_out_V_keep_V, i32 %arg4_axis_out_V_strb_V, i1 %arg4_axis_out_V_last_V, i256 %tmp_data_V, i32 %tmp_keep_V, i32 %tmp_strb_V, i1 %tmp_last_V"   --->   Operation 8 'write' 'write_ln258' <Predicate = true> <Delay = 0.00> <CoreInst = "axis">   --->   Core 123 'axis' <Latency = 0> <II = 1> <Delay = 1.00> <Adapter> <Opcode : >
ST_1 : Operation 9 [1/1] (0.00ns)   --->   "%empty_14 = read i321 @_ssdm_op_Read.axis.volatile.i256P0A.i32P0A.i32P0A.i1P0A, i256 %arg1_axis_in_V_data_V, i32 %arg1_axis_in_V_keep_V, i32 %arg1_axis_in_V_strb_V, i1 %arg1_axis_in_V_last_V"   --->   Operation 9 'read' 'empty_14' <Predicate = true> <Delay = 0.00> <CoreInst = "axis">   --->   Core 123 'axis' <Latency = 0> <II = 1> <Delay = 1.00> <Adapter> <Opcode : >
ST_1 : Operation 10 [1/1] (0.00ns)   --->   "%tmp_data_V_1 = extractvalue i321 %empty_14"   --->   Operation 10 'extractvalue' 'tmp_data_V_1' <Predicate = true> <Delay = 0.00>
ST_1 : Operation 11 [1/1] (0.00ns)   --->   "%tmp_keep_V_1 = extractvalue i321 %empty_14"   --->   Operation 11 'extractvalue' 'tmp_keep_V_1' <Predicate = true> <Delay = 0.00>
ST_1 : Operation 12 [1/1] (0.00ns)   --->   "%tmp_strb_V_1 = extractvalue i321 %empty_14"   --->   Operation 12 'extractvalue' 'tmp_strb_V_1' <Predicate = true> <Delay = 0.00>
ST_1 : Operation 13 [1/1] (0.00ns)   --->   "%tmp_last_V_1 = extractvalue i321 %empty_14"   --->   Operation 13 'extractvalue' 'tmp_last_V_1' <Predicate = true> <Delay = 0.00>
ST_1 : Operation 14 [2/2] (0.00ns)   --->   "%write_ln258 = write void @_ssdm_op_Write.axis.volatile.i256P0A.i32P0A.i32P0A.i1P0A, i256 %arg1_axis_out_V_data_V, i32 %arg1_axis_out_V_keep_V, i32 %arg1_axis_out_V_strb_V, i1 %arg1_axis_out_V_last_V, i256 %tmp_data_V_1, i32 %tmp_keep_V_1, i32 %tmp_strb_V_1, i1 %tmp_last_V_1"   --->   Operation 14 'write' 'write_ln258' <Predicate = true> <Delay = 0.00> <CoreInst = "axis">   --->   Core 123 'axis' <Latency = 0> <II = 1> <Delay = 1.00> <Adapter> <Opcode : >
ST_1 : Operation 15 [1/1] (0.00ns)   --->   "%empty_15 = read i321 @_ssdm_op_Read.axis.volatile.i256P0A.i32P0A.i32P0A.i1P0A, i256 %arg2_axis_in_V_data_V, i32 %arg2_axis_in_V_keep_V, i32 %arg2_axis_in_V_strb_V, i1 %arg2_axis_in_V_last_V"   --->   Operation 15 'read' 'empty_15' <Predicate = true> <Delay = 0.00> <CoreInst = "axis">   --->   Core 123 'axis' <Latency = 0> <II = 1> <Delay = 1.00> <Adapter> <Opcode : >
ST_1 : Operation 16 [1/1] (0.00ns)   --->   "%tmp_data_V_2 = extractvalue i321 %empty_15"   --->   Operation 16 'extractvalue' 'tmp_data_V_2' <Predicate = true> <Delay = 0.00>
ST_1 : Operation 17 [1/1] (0.00ns)   --->   "%tmp_keep_V_2 = extractvalue i321 %empty_15"   --->   Operation 17 'extractvalue' 'tmp_keep_V_2' <Predicate = true> <Delay = 0.00>
ST_1 : Operation 18 [1/1] (0.00ns)   --->   "%tmp_strb_V_2 = extractvalue i321 %empty_15"   --->   Operation 18 'extractvalue' 'tmp_strb_V_2' <Predicate = true> <Delay = 0.00>
ST_1 : Operation 19 [1/1] (0.00ns)   --->   "%tmp_last_V_2 = extractvalue i321 %empty_15"   --->   Operation 19 'extractvalue' 'tmp_last_V_2' <Predicate = true> <Delay = 0.00>
ST_1 : Operation 20 [2/2] (0.00ns)   --->   "%write_ln258 = write void @_ssdm_op_Write.axis.volatile.i256P0A.i32P0A.i32P0A.i1P0A, i256 %arg2_axis_out_V_data_V, i32 %arg2_axis_out_V_keep_V, i32 %arg2_axis_out_V_strb_V, i1 %arg2_axis_out_V_last_V, i256 %tmp_data_V_2, i32 %tmp_keep_V_2, i32 %tmp_strb_V_2, i1 %tmp_last_V_2"   --->   Operation 20 'write' 'write_ln258' <Predicate = true> <Delay = 0.00> <CoreInst = "axis">   --->   Core 123 'axis' <Latency = 0> <II = 1> <Delay = 1.00> <Adapter> <Opcode : >
ST_1 : Operation 21 [1/1] (0.00ns)   --->   "%empty_16 = read i321 @_ssdm_op_Read.axis.volatile.i256P0A.i32P0A.i32P0A.i1P0A, i256 %arg3_axis_in_V_data_V, i32 %arg3_axis_in_V_keep_V, i32 %arg3_axis_in_V_strb_V, i1 %arg3_axis_in_V_last_V"   --->   Operation 21 'read' 'empty_16' <Predicate = true> <Delay = 0.00> <CoreInst = "axis">   --->   Core 123 'axis' <Latency = 0> <II = 1> <Delay = 1.00> <Adapter> <Opcode : >
ST_1 : Operation 22 [1/1] (0.00ns)   --->   "%tmp_data_V_3 = extractvalue i321 %empty_16"   --->   Operation 22 'extractvalue' 'tmp_data_V_3' <Predicate = true> <Delay = 0.00>
ST_1 : Operation 23 [1/1] (0.00ns)   --->   "%tmp_keep_V_3 = extractvalue i321 %empty_16"   --->   Operation 23 'extractvalue' 'tmp_keep_V_3' <Predicate = true> <Delay = 0.00>
ST_1 : Operation 24 [1/1] (0.00ns)   --->   "%tmp_strb_V_3 = extractvalue i321 %empty_16"   --->   Operation 24 'extractvalue' 'tmp_strb_V_3' <Predicate = true> <Delay = 0.00>
ST_1 : Operation 25 [1/1] (0.00ns)   --->   "%tmp_last_V_3 = extractvalue i321 %empty_16"   --->   Operation 25 'extractvalue' 'tmp_last_V_3' <Predicate = true> <Delay = 0.00>
ST_1 : Operation 26 [2/2] (0.00ns)   --->   "%write_ln258 = write void @_ssdm_op_Write.axis.volatile.i256P0A.i32P0A.i32P0A.i1P0A, i256 %arg3_axis_out_V_data_V, i32 %arg3_axis_out_V_keep_V, i32 %arg3_axis_out_V_strb_V, i1 %arg3_axis_out_V_last_V, i256 %tmp_data_V_3, i32 %tmp_keep_V_3, i32 %tmp_strb_V_3, i1 %tmp_last_V_3"   --->   Operation 26 'write' 'write_ln258' <Predicate = true> <Delay = 0.00> <CoreInst = "axis">   --->   Core 123 'axis' <Latency = 0> <II = 1> <Delay = 1.00> <Adapter> <Opcode : >

State 2 <SV = 1> <Delay = 0.00>
ST_2 : Operation 27 [1/1] (0.00ns)   --->   "%specpipeline_ln26 = specpipeline void @_ssdm_op_SpecPipeline, i32 1, i32 2, i32 0, i32 0, void @empty_1" [/home/x_thileeb/repos/ops-hls-batching-new/codegen_apps/batching/blackscholes/u280_loopback_project/hls/device/src/repeater_outerloop_0.cpp:26]   --->   Operation 27 'specpipeline' 'specpipeline_ln26' <Predicate = true> <Delay = 0.00>
ST_2 : Operation 28 [1/1] (0.00ns)   --->   "%spectopmodule_ln7 = spectopmodule void @_ssdm_op_SpecTopModule, void @empty_10" [/home/x_thileeb/repos/ops-hls-batching-new/codegen_apps/batching/blackscholes/u280_loopback_project/hls/device/src/repeater_outerloop_0.cpp:7]   --->   Operation 28 'spectopmodule' 'spectopmodule_ln7' <Predicate = true> <Delay = 0.00>
ST_2 : Operation 29 [1/1] (0.00ns)   --->   "%specinterface_ln7 = specinterface void @_ssdm_op_SpecInterface, i32 0, void @empty_11, i32 0, i32 0, void @empty_1, i32 0, i32 0, void @empty_1, void @empty_1, void @empty_1, i32 0, i32 0, i32 0, i32 0, void @empty_1, void @empty_1, i32 4294967295, i32 0" [/home/x_thileeb/repos/ops-hls-batching-new/codegen_apps/batching/blackscholes/u280_loopback_project/hls/device/src/repeater_outerloop_0.cpp:7]   --->   Operation 29 'specinterface' 'specinterface_ln7' <Predicate = true> <Delay = 0.00>
ST_2 : Operation 30 [1/1] (0.00ns)   --->   "%specinterface_ln0 = specinterface void @_ssdm_op_SpecInterface, i256 %arg0_axis_in_V_data_V, i32 %arg0_axis_in_V_keep_V, i32 %arg0_axis_in_V_strb_V, i1 %arg0_axis_in_V_last_V, void @empty, i32 1, i32 1, void @empty_0, i32 0, i32 0, void @empty_1, void @empty_1, void @empty_1, i32 0, i32 0, i32 0, i32 0, void @empty_1, void @empty_1, i32 4294967295, i32 0"   --->   Operation 30 'specinterface' 'specinterface_ln0' <Predicate = true> <Delay = 0.00>
ST_2 : Operation 31 [1/1] (0.00ns)   --->   "%specbitsmap_ln0 = specbitsmap void @_ssdm_op_SpecBitsMap, i256 %arg0_axis_in_V_data_V"   --->   Operation 31 'specbitsmap' 'specbitsmap_ln0' <Predicate = true> <Delay = 0.00>
ST_2 : Operation 32 [1/1] (0.00ns)   --->   "%specbitsmap_ln0 = specbitsmap void @_ssdm_op_SpecBitsMap, i32 %arg0_axis_in_V_keep_V"   --->   Operation 32 'specbitsmap' 'specbitsmap_ln0' <Predicate = true> <Delay = 0.00>
ST_2 : Operation 33 [1/1] (0.00ns)   --->   "%specbitsmap_ln0 = specbitsmap void @_ssdm_op_SpecBitsMap, i32 %arg0_axis_in_V_strb_V"   --->   Operation 33 'specbitsmap' 'specbitsmap_ln0' <Predicate = true> <Delay = 0.00>
ST_2 : Operation 34 [1/1] (0.00ns)   --->   "%specbitsmap_ln0 = specbitsmap void @_ssdm_op_SpecBitsMap, i1 %arg0_axis_in_V_last_V"   --->   Operation 34 'specbitsmap' 'specbitsmap_ln0' <Predicate = true> <Delay = 0.00>
ST_2 : Operation 35 [1/1] (0.00ns)   --->   "%specinterface_ln0 = specinterface void @_ssdm_op_SpecInterface, i256 %arg1_axis_in_V_data_V, i32 %arg1_axis_in_V_keep_V, i32 %arg1_axis_in_V_strb_V, i1 %arg1_axis_in_V_last_V, void @empty, i32 1, i32 1, void @empty_0, i32 0, i32 0, void @empty_1, void @empty_1, void @empty_1, i32 0, i32 0, i32 0, i32 0, void @empty_1, void @empty_1, i32 4294967295, i32 0"   --->   Operation 35 'specinterface' 'specinterface_ln0' <Predicate = true> <Delay = 0.00>
ST_2 : Operation 36 [1/1] (0.00ns)   --->   "%specbitsmap_ln0 = specbitsmap void @_ssdm_op_SpecBitsMap, i256 %arg1_axis_in_V_data_V"   --->   Operation 36 'specbitsmap' 'specbitsmap_ln0' <Predicate = true> <Delay = 0.00>
ST_2 : Operation 37 [1/1] (0.00ns)   --->   "%specbitsmap_ln0 = specbitsmap void @_ssdm_op_SpecBitsMap, i32 %arg1_axis_in_V_keep_V"   --->   Operation 37 'specbitsmap' 'specbitsmap_ln0' <Predicate = true> <Delay = 0.00>
ST_2 : Operation 38 [1/1] (0.00ns)   --->   "%specbitsmap_ln0 = specbitsmap void @_ssdm_op_SpecBitsMap, i32 %arg1_axis_in_V_strb_V"   --->   Operation 38 'specbitsmap' 'specbitsmap_ln0' <Predicate = true> <Delay = 0.00>
ST_2 : Operation 39 [1/1] (0.00ns)   --->   "%specbitsmap_ln0 = specbitsmap void @_ssdm_op_SpecBitsMap, i1 %arg1_axis_in_V_last_V"   --->   Operation 39 'specbitsmap' 'specbitsmap_ln0' <Predicate = true> <Delay = 0.00>
ST_2 : Operation 40 [1/1] (0.00ns)   --->   "%specinterface_ln0 = specinterface void @_ssdm_op_SpecInterface, i256 %arg1_axis_out_V_data_V, i32 %arg1_axis_out_V_keep_V, i32 %arg1_axis_out_V_strb_V, i1 %arg1_axis_out_V_last_V, void @empty, i32 1, i32 1, void @empty_0, i32 0, i32 0, void @empty_1, void @empty_1, void @empty_1, i32 0, i32 0, i32 0, i32 0, void @empty_1, void @empty_1, i32 4294967295, i32 0"   --->   Operation 40 'specinterface' 'specinterface_ln0' <Predicate = true> <Delay = 0.00>
ST_2 : Operation 41 [1/1] (0.00ns)   --->   "%specbitsmap_ln0 = specbitsmap void @_ssdm_op_SpecBitsMap, i256 %arg1_axis_out_V_data_V"   --->   Operation 41 'specbitsmap' 'specbitsmap_ln0' <Predicate = true> <Delay = 0.00>
ST_2 : Operation 42 [1/1] (0.00ns)   --->   "%specbitsmap_ln0 = specbitsmap void @_ssdm_op_SpecBitsMap, i32 %arg1_axis_out_V_keep_V"   --->   Operation 42 'specbitsmap' 'specbitsmap_ln0' <Predicate = true> <Delay = 0.00>
ST_2 : Operation 43 [1/1] (0.00ns)   --->   "%specbitsmap_ln0 = specbitsmap void @_ssdm_op_SpecBitsMap, i32 %arg1_axis_out_V_strb_V"   --->   Operation 43 'specbitsmap' 'specbitsmap_ln0' <Predicate = true> <Delay = 0.00>
ST_2 : Operation 44 [1/1] (0.00ns)   --->   "%specbitsmap_ln0 = specbitsmap void @_ssdm_op_SpecBitsMap, i1 %arg1_axis_out_V_last_V"   --->   Operation 44 'specbitsmap' 'specbitsmap_ln0' <Predicate = true> <Delay = 0.00>
ST_2 : Operation 45 [1/1] (0.00ns)   --->   "%specinterface_ln0 = specinterface void @_ssdm_op_SpecInterface, i256 %arg2_axis_in_V_data_V, i32 %arg2_axis_in_V_keep_V, i32 %arg2_axis_in_V_strb_V, i1 %arg2_axis_in_V_last_V, void @empty, i32 1, i32 1, void @empty_0, i32 0, i32 0, void @empty_1, void @empty_1, void @empty_1, i32 0, i32 0, i32 0, i32 0, void @empty_1, void @empty_1, i32 4294967295, i32 0"   --->   Operation 45 'specinterface' 'specinterface_ln0' <Predicate = true> <Delay = 0.00>
ST_2 : Operation 46 [1/1] (0.00ns)   --->   "%specbitsmap_ln0 = specbitsmap void @_ssdm_op_SpecBitsMap, i256 %arg2_axis_in_V_data_V"   --->   Operation 46 'specbitsmap' 'specbitsmap_ln0' <Predicate = true> <Delay = 0.00>
ST_2 : Operation 47 [1/1] (0.00ns)   --->   "%specbitsmap_ln0 = specbitsmap void @_ssdm_op_SpecBitsMap, i32 %arg2_axis_in_V_keep_V"   --->   Operation 47 'specbitsmap' 'specbitsmap_ln0' <Predicate = true> <Delay = 0.00>
ST_2 : Operation 48 [1/1] (0.00ns)   --->   "%specbitsmap_ln0 = specbitsmap void @_ssdm_op_SpecBitsMap, i32 %arg2_axis_in_V_strb_V"   --->   Operation 48 'specbitsmap' 'specbitsmap_ln0' <Predicate = true> <Delay = 0.00>
ST_2 : Operation 49 [1/1] (0.00ns)   --->   "%specbitsmap_ln0 = specbitsmap void @_ssdm_op_SpecBitsMap, i1 %arg2_axis_in_V_last_V"   --->   Operation 49 'specbitsmap' 'specbitsmap_ln0' <Predicate = true> <Delay = 0.00>
ST_2 : Operation 50 [1/1] (0.00ns)   --->   "%specinterface_ln0 = specinterface void @_ssdm_op_SpecInterface, i256 %arg2_axis_out_V_data_V, i32 %arg2_axis_out_V_keep_V, i32 %arg2_axis_out_V_strb_V, i1 %arg2_axis_out_V_last_V, void @empty, i32 1, i32 1, void @empty_0, i32 0, i32 0, void @empty_1, void @empty_1, void @empty_1, i32 0, i32 0, i32 0, i32 0, void @empty_1, void @empty_1, i32 4294967295, i32 0"   --->   Operation 50 'specinterface' 'specinterface_ln0' <Predicate = true> <Delay = 0.00>
ST_2 : Operation 51 [1/1] (0.00ns)   --->   "%specbitsmap_ln0 = specbitsmap void @_ssdm_op_SpecBitsMap, i256 %arg2_axis_out_V_data_V"   --->   Operation 51 'specbitsmap' 'specbitsmap_ln0' <Predicate = true> <Delay = 0.00>
ST_2 : Operation 52 [1/1] (0.00ns)   --->   "%specbitsmap_ln0 = specbitsmap void @_ssdm_op_SpecBitsMap, i32 %arg2_axis_out_V_keep_V"   --->   Operation 52 'specbitsmap' 'specbitsmap_ln0' <Predicate = true> <Delay = 0.00>
ST_2 : Operation 53 [1/1] (0.00ns)   --->   "%specbitsmap_ln0 = specbitsmap void @_ssdm_op_SpecBitsMap, i32 %arg2_axis_out_V_strb_V"   --->   Operation 53 'specbitsmap' 'specbitsmap_ln0' <Predicate = true> <Delay = 0.00>
ST_2 : Operation 54 [1/1] (0.00ns)   --->   "%specbitsmap_ln0 = specbitsmap void @_ssdm_op_SpecBitsMap, i1 %arg2_axis_out_V_last_V"   --->   Operation 54 'specbitsmap' 'specbitsmap_ln0' <Predicate = true> <Delay = 0.00>
ST_2 : Operation 55 [1/1] (0.00ns)   --->   "%specinterface_ln0 = specinterface void @_ssdm_op_SpecInterface, i256 %arg3_axis_in_V_data_V, i32 %arg3_axis_in_V_keep_V, i32 %arg3_axis_in_V_strb_V, i1 %arg3_axis_in_V_last_V, void @empty, i32 1, i32 1, void @empty_0, i32 0, i32 0, void @empty_1, void @empty_1, void @empty_1, i32 0, i32 0, i32 0, i32 0, void @empty_1, void @empty_1, i32 4294967295, i32 0"   --->   Operation 55 'specinterface' 'specinterface_ln0' <Predicate = true> <Delay = 0.00>
ST_2 : Operation 56 [1/1] (0.00ns)   --->   "%specbitsmap_ln0 = specbitsmap void @_ssdm_op_SpecBitsMap, i256 %arg3_axis_in_V_data_V"   --->   Operation 56 'specbitsmap' 'specbitsmap_ln0' <Predicate = true> <Delay = 0.00>
ST_2 : Operation 57 [1/1] (0.00ns)   --->   "%specbitsmap_ln0 = specbitsmap void @_ssdm_op_SpecBitsMap, i32 %arg3_axis_in_V_keep_V"   --->   Operation 57 'specbitsmap' 'specbitsmap_ln0' <Predicate = true> <Delay = 0.00>
ST_2 : Operation 58 [1/1] (0.00ns)   --->   "%specbitsmap_ln0 = specbitsmap void @_ssdm_op_SpecBitsMap, i32 %arg3_axis_in_V_strb_V"   --->   Operation 58 'specbitsmap' 'specbitsmap_ln0' <Predicate = true> <Delay = 0.00>
ST_2 : Operation 59 [1/1] (0.00ns)   --->   "%specbitsmap_ln0 = specbitsmap void @_ssdm_op_SpecBitsMap, i1 %arg3_axis_in_V_last_V"   --->   Operation 59 'specbitsmap' 'specbitsmap_ln0' <Predicate = true> <Delay = 0.00>
ST_2 : Operation 60 [1/1] (0.00ns)   --->   "%specinterface_ln0 = specinterface void @_ssdm_op_SpecInterface, i256 %arg3_axis_out_V_data_V, i32 %arg3_axis_out_V_keep_V, i32 %arg3_axis_out_V_strb_V, i1 %arg3_axis_out_V_last_V, void @empty, i32 1, i32 1, void @empty_0, i32 0, i32 0, void @empty_1, void @empty_1, void @empty_1, i32 0, i32 0, i32 0, i32 0, void @empty_1, void @empty_1, i32 4294967295, i32 0"   --->   Operation 60 'specinterface' 'specinterface_ln0' <Predicate = true> <Delay = 0.00>
ST_2 : Operation 61 [1/1] (0.00ns)   --->   "%specbitsmap_ln0 = specbitsmap void @_ssdm_op_SpecBitsMap, i256 %arg3_axis_out_V_data_V"   --->   Operation 61 'specbitsmap' 'specbitsmap_ln0' <Predicate = true> <Delay = 0.00>
ST_2 : Operation 62 [1/1] (0.00ns)   --->   "%specbitsmap_ln0 = specbitsmap void @_ssdm_op_SpecBitsMap, i32 %arg3_axis_out_V_keep_V"   --->   Operation 62 'specbitsmap' 'specbitsmap_ln0' <Predicate = true> <Delay = 0.00>
ST_2 : Operation 63 [1/1] (0.00ns)   --->   "%specbitsmap_ln0 = specbitsmap void @_ssdm_op_SpecBitsMap, i32 %arg3_axis_out_V_strb_V"   --->   Operation 63 'specbitsmap' 'specbitsmap_ln0' <Predicate = true> <Delay = 0.00>
ST_2 : Operation 64 [1/1] (0.00ns)   --->   "%specbitsmap_ln0 = specbitsmap void @_ssdm_op_SpecBitsMap, i1 %arg3_axis_out_V_last_V"   --->   Operation 64 'specbitsmap' 'specbitsmap_ln0' <Predicate = true> <Delay = 0.00>
ST_2 : Operation 65 [1/1] (0.00ns)   --->   "%specinterface_ln0 = specinterface void @_ssdm_op_SpecInterface, i256 %arg4_axis_out_V_data_V, i32 %arg4_axis_out_V_keep_V, i32 %arg4_axis_out_V_strb_V, i1 %arg4_axis_out_V_last_V, void @empty, i32 1, i32 1, void @empty_0, i32 0, i32 0, void @empty_1, void @empty_1, void @empty_1, i32 0, i32 0, i32 0, i32 0, void @empty_1, void @empty_1, i32 4294967295, i32 0"   --->   Operation 65 'specinterface' 'specinterface_ln0' <Predicate = true> <Delay = 0.00>
ST_2 : Operation 66 [1/1] (0.00ns)   --->   "%specbitsmap_ln0 = specbitsmap void @_ssdm_op_SpecBitsMap, i256 %arg4_axis_out_V_data_V"   --->   Operation 66 'specbitsmap' 'specbitsmap_ln0' <Predicate = true> <Delay = 0.00>
ST_2 : Operation 67 [1/1] (0.00ns)   --->   "%specbitsmap_ln0 = specbitsmap void @_ssdm_op_SpecBitsMap, i32 %arg4_axis_out_V_keep_V"   --->   Operation 67 'specbitsmap' 'specbitsmap_ln0' <Predicate = true> <Delay = 0.00>
ST_2 : Operation 68 [1/1] (0.00ns)   --->   "%specbitsmap_ln0 = specbitsmap void @_ssdm_op_SpecBitsMap, i32 %arg4_axis_out_V_strb_V"   --->   Operation 68 'specbitsmap' 'specbitsmap_ln0' <Predicate = true> <Delay = 0.00>
ST_2 : Operation 69 [1/1] (0.00ns)   --->   "%specbitsmap_ln0 = specbitsmap void @_ssdm_op_SpecBitsMap, i1 %arg4_axis_out_V_last_V"   --->   Operation 69 'specbitsmap' 'specbitsmap_ln0' <Predicate = true> <Delay = 0.00>
ST_2 : Operation 70 [1/2] (0.00ns)   --->   "%write_ln258 = write void @_ssdm_op_Write.axis.volatile.i256P0A.i32P0A.i32P0A.i1P0A, i256 %arg4_axis_out_V_data_V, i32 %arg4_axis_out_V_keep_V, i32 %arg4_axis_out_V_strb_V, i1 %arg4_axis_out_V_last_V, i256 %tmp_data_V, i32 %tmp_keep_V, i32 %tmp_strb_V, i1 %tmp_last_V"   --->   Operation 70 'write' 'write_ln258' <Predicate = true> <Delay = 0.00> <CoreInst = "axis">   --->   Core 123 'axis' <Latency = 0> <II = 1> <Delay = 1.00> <Adapter> <Opcode : >
ST_2 : Operation 71 [1/2] (0.00ns)   --->   "%write_ln258 = write void @_ssdm_op_Write.axis.volatile.i256P0A.i32P0A.i32P0A.i1P0A, i256 %arg1_axis_out_V_data_V, i32 %arg1_axis_out_V_keep_V, i32 %arg1_axis_out_V_strb_V, i1 %arg1_axis_out_V_last_V, i256 %tmp_data_V_1, i32 %tmp_keep_V_1, i32 %tmp_strb_V_1, i1 %tmp_last_V_1"   --->   Operation 71 'write' 'write_ln258' <Predicate = true> <Delay = 0.00> <CoreInst = "axis">   --->   Core 123 'axis' <Latency = 0> <II = 1> <Delay = 1.00> <Adapter> <Opcode : >
ST_2 : Operation 72 [1/2] (0.00ns)   --->   "%write_ln258 = write void @_ssdm_op_Write.axis.volatile.i256P0A.i32P0A.i32P0A.i1P0A, i256 %arg2_axis_out_V_data_V, i32 %arg2_axis_out_V_keep_V, i32 %arg2_axis_out_V_strb_V, i1 %arg2_axis_out_V_last_V, i256 %tmp_data_V_2, i32 %tmp_keep_V_2, i32 %tmp_strb_V_2, i1 %tmp_last_V_2"   --->   Operation 72 'write' 'write_ln258' <Predicate = true> <Delay = 0.00> <CoreInst = "axis">   --->   Core 123 'axis' <Latency = 0> <II = 1> <Delay = 1.00> <Adapter> <Opcode : >
ST_2 : Operation 73 [1/2] (0.00ns)   --->   "%write_ln258 = write void @_ssdm_op_Write.axis.volatile.i256P0A.i32P0A.i32P0A.i1P0A, i256 %arg3_axis_out_V_data_V, i32 %arg3_axis_out_V_keep_V, i32 %arg3_axis_out_V_strb_V, i1 %arg3_axis_out_V_last_V, i256 %tmp_data_V_3, i32 %tmp_keep_V_3, i32 %tmp_strb_V_3, i1 %tmp_last_V_3"   --->   Operation 73 'write' 'write_ln258' <Predicate = true> <Delay = 0.00> <CoreInst = "axis">   --->   Core 123 'axis' <Latency = 0> <II = 1> <Delay = 1.00> <Adapter> <Opcode : >
ST_2 : Operation 74 [1/1] (0.00ns)   --->   "%specaxissidechannel_ln32 = specaxissidechannel void @_ssdm_op_SpecAXISSideChannel, i256 %arg4_axis_out_V_data_V, i32 %arg4_axis_out_V_keep_V, i32 %arg4_axis_out_V_strb_V, i1 0, i1 %arg4_axis_out_V_last_V, i1 0, i1 0, void @empty_2" [/home/x_thileeb/repos/ops-hls-batching-new/codegen_apps/batching/blackscholes/u280_loopback_project/hls/device/src/repeater_outerloop_0.cpp:32]   --->   Operation 74 'specaxissidechannel' 'specaxissidechannel_ln32' <Predicate = true> <Delay = 0.00>
ST_2 : Operation 75 [1/1] (0.00ns)   --->   "%specaxissidechannel_ln32 = specaxissidechannel void @_ssdm_op_SpecAXISSideChannel, i256 %arg1_axis_out_V_data_V, i32 %arg1_axis_out_V_keep_V, i32 %arg1_axis_out_V_strb_V, i1 0, i1 %arg1_axis_out_V_last_V, i1 0, i1 0, void @empty_3" [/home/x_thileeb/repos/ops-hls-batching-new/codegen_apps/batching/blackscholes/u280_loopback_project/hls/device/src/repeater_outerloop_0.cpp:32]   --->   Operation 75 'specaxissidechannel' 'specaxissidechannel_ln32' <Predicate = true> <Delay = 0.00>
ST_2 : Operation 76 [1/1] (0.00ns)   --->   "%specaxissidechannel_ln32 = specaxissidechannel void @_ssdm_op_SpecAXISSideChannel, i256 %arg2_axis_out_V_data_V, i32 %arg2_axis_out_V_keep_V, i32 %arg2_axis_out_V_strb_V, i1 0, i1 %arg2_axis_out_V_last_V, i1 0, i1 0, void @empty_4" [/home/x_thileeb/repos/ops-hls-batching-new/codegen_apps/batching/blackscholes/u280_loopback_project/hls/device/src/repeater_outerloop_0.cpp:32]   --->   Operation 76 'specaxissidechannel' 'specaxissidechannel_ln32' <Predicate = true> <Delay = 0.00>
ST_2 : Operation 77 [1/1] (0.00ns)   --->   "%specaxissidechannel_ln32 = specaxissidechannel void @_ssdm_op_SpecAXISSideChannel, i256 %arg3_axis_out_V_data_V, i32 %arg3_axis_out_V_keep_V, i32 %arg3_axis_out_V_strb_V, i1 0, i1 %arg3_axis_out_V_last_V, i1 0, i1 0, void @empty_5" [/home/x_thileeb/repos/ops-hls-batching-new/codegen_apps/batching/blackscholes/u280_loopback_project/hls/device/src/repeater_outerloop_0.cpp:32]   --->   Operation 77 'specaxissidechannel' 'specaxissidechannel_ln32' <Predicate = true> <Delay = 0.00>
ST_2 : Operation 78 [1/1] (0.00ns)   --->   "%specaxissidechannel_ln32 = specaxissidechannel void @_ssdm_op_SpecAXISSideChannel, i256 %arg1_axis_in_V_data_V, i32 %arg1_axis_in_V_keep_V, i32 %arg1_axis_in_V_strb_V, i1 0, i1 %arg1_axis_in_V_last_V, i1 0, i1 0, void @empty_6" [/home/x_thileeb/repos/ops-hls-batching-new/codegen_apps/batching/blackscholes/u280_loopback_project/hls/device/src/repeater_outerloop_0.cpp:32]   --->   Operation 78 'specaxissidechannel' 'specaxissidechannel_ln32' <Predicate = true> <Delay = 0.00>
ST_2 : Operation 79 [1/1] (0.00ns)   --->   "%specaxissidechannel_ln32 = specaxissidechannel void @_ssdm_op_SpecAXISSideChannel, i256 %arg2_axis_in_V_data_V, i32 %arg2_axis_in_V_keep_V, i32 %arg2_axis_in_V_strb_V, i1 0, i1 %arg2_axis_in_V_last_V, i1 0, i1 0, void @empty_7" [/home/x_thileeb/repos/ops-hls-batching-new/codegen_apps/batching/blackscholes/u280_loopback_project/hls/device/src/repeater_outerloop_0.cpp:32]   --->   Operation 79 'specaxissidechannel' 'specaxissidechannel_ln32' <Predicate = true> <Delay = 0.00>
ST_2 : Operation 80 [1/1] (0.00ns)   --->   "%specaxissidechannel_ln32 = specaxissidechannel void @_ssdm_op_SpecAXISSideChannel, i256 %arg3_axis_in_V_data_V, i32 %arg3_axis_in_V_keep_V, i32 %arg3_axis_in_V_strb_V, i1 0, i1 %arg3_axis_in_V_last_V, i1 0, i1 0, void @empty_8" [/home/x_thileeb/repos/ops-hls-batching-new/codegen_apps/batching/blackscholes/u280_loopback_project/hls/device/src/repeater_outerloop_0.cpp:32]   --->   Operation 80 'specaxissidechannel' 'specaxissidechannel_ln32' <Predicate = true> <Delay = 0.00>
ST_2 : Operation 81 [1/1] (0.00ns)   --->   "%specaxissidechannel_ln32 = specaxissidechannel void @_ssdm_op_SpecAXISSideChannel, i256 %arg0_axis_in_V_data_V, i32 %arg0_axis_in_V_keep_V, i32 %arg0_axis_in_V_strb_V, i1 0, i1 %arg0_axis_in_V_last_V, i1 0, i1 0, void @empty_9" [/home/x_thileeb/repos/ops-hls-batching-new/codegen_apps/batching/blackscholes/u280_loopback_project/hls/device/src/repeater_outerloop_0.cpp:32]   --->   Operation 81 'specaxissidechannel' 'specaxissidechannel_ln32' <Predicate = true> <Delay = 0.00>
ST_2 : Operation 82 [1/1] (0.00ns)   --->   "%ret_ln32 = ret" [/home/x_thileeb/repos/ops-hls-batching-new/codegen_apps/batching/blackscholes/u280_loopback_project/hls/device/src/repeater_outerloop_0.cpp:32]   --->   Operation 82 'ret' 'ret_ln32' <Predicate = true> <Delay = 0.00>


============================================================
+ Verbose Summary: Binding
============================================================
STG Binding: 
---------------- STG Properties BEGIN ----------------
- Is combinational: 0
- Is one-state seq: 0
- Is datapath-only: 0
- Is pipelined: 1
- Is top level: 1
Port [ Return ] is wired: 1; IO mode=ap_ctrl_none:ce=0
Port [ arg0_axis_in_V_data_V]:  wired=1; compound=1; hidden=0; nouse=0; global=0; static=0; extern=0; dir=0; type=0; pingpong=0; private_global=0; IO mode=axis:ce=0
Port [ arg0_axis_in_V_keep_V]:  wired=1; compound=1; hidden=0; nouse=0; global=0; static=0; extern=0; dir=0; type=0; pingpong=0; private_global=0; IO mode=axis:ce=0
Port [ arg0_axis_in_V_strb_V]:  wired=1; compound=1; hidden=0; nouse=0; global=0; static=0; extern=0; dir=0; type=0; pingpong=0; private_global=0; IO mode=axis:ce=0
Port [ arg0_axis_in_V_last_V]:  wired=1; compound=1; hidden=0; nouse=0; global=0; static=0; extern=0; dir=0; type=0; pingpong=0; private_global=0; IO mode=axis:ce=0
Port [ arg1_axis_in_V_data_V]:  wired=1; compound=1; hidden=0; nouse=0; global=0; static=0; extern=0; dir=0; type=0; pingpong=0; private_global=0; IO mode=axis:ce=0
Port [ arg1_axis_in_V_keep_V]:  wired=1; compound=1; hidden=0; nouse=0; global=0; static=0; extern=0; dir=0; type=0; pingpong=0; private_global=0; IO mode=axis:ce=0
Port [ arg1_axis_in_V_strb_V]:  wired=1; compound=1; hidden=0; nouse=0; global=0; static=0; extern=0; dir=0; type=0; pingpong=0; private_global=0; IO mode=axis:ce=0
Port [ arg1_axis_in_V_last_V]:  wired=1; compound=1; hidden=0; nouse=0; global=0; static=0; extern=0; dir=0; type=0; pingpong=0; private_global=0; IO mode=axis:ce=0
Port [ arg1_axis_out_V_data_V]:  wired=1; compound=1; hidden=0; nouse=0; global=0; static=0; extern=0; dir=1; type=0; pingpong=0; private_global=0; IO mode=axis:ce=0
Port [ arg1_axis_out_V_keep_V]:  wired=1; compound=1; hidden=0; nouse=0; global=0; static=0; extern=0; dir=1; type=0; pingpong=0; private_global=0; IO mode=axis:ce=0
Port [ arg1_axis_out_V_strb_V]:  wired=1; compound=1; hidden=0; nouse=0; global=0; static=0; extern=0; dir=1; type=0; pingpong=0; private_global=0; IO mode=axis:ce=0
Port [ arg1_axis_out_V_last_V]:  wired=1; compound=1; hidden=0; nouse=0; global=0; static=0; extern=0; dir=1; type=0; pingpong=0; private_global=0; IO mode=axis:ce=0
Port [ arg2_axis_in_V_data_V]:  wired=1; compound=1; hidden=0; nouse=0; global=0; static=0; extern=0; dir=0; type=0; pingpong=0; private_global=0; IO mode=axis:ce=0
Port [ arg2_axis_in_V_keep_V]:  wired=1; compound=1; hidden=0; nouse=0; global=0; static=0; extern=0; dir=0; type=0; pingpong=0; private_global=0; IO mode=axis:ce=0
Port [ arg2_axis_in_V_strb_V]:  wired=1; compound=1; hidden=0; nouse=0; global=0; static=0; extern=0; dir=0; type=0; pingpong=0; private_global=0; IO mode=axis:ce=0
Port [ arg2_axis_in_V_last_V]:  wired=1; compound=1; hidden=0; nouse=0; global=0; static=0; extern=0; dir=0; type=0; pingpong=0; private_global=0; IO mode=axis:ce=0
Port [ arg2_axis_out_V_data_V]:  wired=1; compound=1; hidden=0; nouse=0; global=0; static=0; extern=0; dir=1; type=0; pingpong=0; private_global=0; IO mode=axis:ce=0
Port [ arg2_axis_out_V_keep_V]:  wired=1; compound=1; hidden=0; nouse=0; global=0; static=0; extern=0; dir=1; type=0; pingpong=0; private_global=0; IO mode=axis:ce=0
Port [ arg2_axis_out_V_strb_V]:  wired=1; compound=1; hidden=0; nouse=0; global=0; static=0; extern=0; dir=1; type=0; pingpong=0; private_global=0; IO mode=axis:ce=0
Port [ arg2_axis_out_V_last_V]:  wired=1; compound=1; hidden=0; nouse=0; global=0; static=0; extern=0; dir=1; type=0; pingpong=0; private_global=0; IO mode=axis:ce=0
Port [ arg3_axis_in_V_data_V]:  wired=1; compound=1; hidden=0; nouse=0; global=0; static=0; extern=0; dir=0; type=0; pingpong=0; private_global=0; IO mode=axis:ce=0
Port [ arg3_axis_in_V_keep_V]:  wired=1; compound=1; hidden=0; nouse=0; global=0; static=0; extern=0; dir=0; type=0; pingpong=0; private_global=0; IO mode=axis:ce=0
Port [ arg3_axis_in_V_strb_V]:  wired=1; compound=1; hidden=0; nouse=0; global=0; static=0; extern=0; dir=0; type=0; pingpong=0; private_global=0; IO mode=axis:ce=0
Port [ arg3_axis_in_V_last_V]:  wired=1; compound=1; hidden=0; nouse=0; global=0; static=0; extern=0; dir=0; type=0; pingpong=0; private_global=0; IO mode=axis:ce=0
Port [ arg3_axis_out_V_data_V]:  wired=1; compound=1; hidden=0; nouse=0; global=0; static=0; extern=0; dir=1; type=0; pingpong=0; private_global=0; IO mode=axis:ce=0
Port [ arg3_axis_out_V_keep_V]:  wired=1; compound=1; hidden=0; nouse=0; global=0; static=0; extern=0; dir=1; type=0; pingpong=0; private_global=0; IO mode=axis:ce=0
Port [ arg3_axis_out_V_strb_V]:  wired=1; compound=1; hidden=0; nouse=0; global=0; static=0; extern=0; dir=1; type=0; pingpong=0; private_global=0; IO mode=axis:ce=0
Port [ arg3_axis_out_V_last_V]:  wired=1; compound=1; hidden=0; nouse=0; global=0; static=0; extern=0; dir=1; type=0; pingpong=0; private_global=0; IO mode=axis:ce=0
Port [ arg4_axis_out_V_data_V]:  wired=1; compound=1; hidden=0; nouse=0; global=0; static=0; extern=0; dir=1; type=0; pingpong=0; private_global=0; IO mode=axis:ce=0
Port [ arg4_axis_out_V_keep_V]:  wired=1; compound=1; hidden=0; nouse=0; global=0; static=0; extern=0; dir=1; type=0; pingpong=0; private_global=0; IO mode=axis:ce=0
Port [ arg4_axis_out_V_strb_V]:  wired=1; compound=1; hidden=0; nouse=0; global=0; static=0; extern=0; dir=1; type=0; pingpong=0; private_global=0; IO mode=axis:ce=0
Port [ arg4_axis_out_V_last_V]:  wired=1; compound=1; hidden=0; nouse=0; global=0; static=0; extern=0; dir=1; type=0; pingpong=0; private_global=0; IO mode=axis:ce=0
---------------- STG Properties END ------------------

---------------- Datapath Model BEGIN ----------------

<LifeTime>
<method=bitvector/>
empty                    (read               ) [ 000]
tmp_data_V               (extractvalue       ) [ 011]
tmp_keep_V               (extractvalue       ) [ 011]
tmp_strb_V               (extractvalue       ) [ 011]
tmp_last_V               (extractvalue       ) [ 011]
empty_14                 (read               ) [ 000]
tmp_data_V_1             (extractvalue       ) [ 011]
tmp_keep_V_1             (extractvalue       ) [ 011]
tmp_strb_V_1             (extractvalue       ) [ 011]
tmp_last_V_1             (extractvalue       ) [ 011]
empty_15                 (read               ) [ 000]
tmp_data_V_2             (extractvalue       ) [ 011]
tmp_keep_V_2             (extractvalue       ) [ 011]
tmp_strb_V_2             (extractvalue       ) [ 011]
tmp_last_V_2             (extractvalue       ) [ 011]
empty_16                 (read               ) [ 000]
tmp_data_V_3             (extractvalue       ) [ 011]
tmp_keep_V_3             (extractvalue       ) [ 011]
tmp_strb_V_3             (extractvalue       ) [ 011]
tmp_last_V_3             (extractvalue       ) [ 011]
specpipeline_ln26        (specpipeline       ) [ 000]
spectopmodule_ln7        (spectopmodule      ) [ 000]
specinterface_ln7        (specinterface      ) [ 000]
specinterface_ln0        (specinterface      ) [ 000]
specbitsmap_ln0          (specbitsmap        ) [ 000]
specbitsmap_ln0          (specbitsmap        ) [ 000]
specbitsmap_ln0          (specbitsmap        ) [ 000]
specbitsmap_ln0          (specbitsmap        ) [ 000]
specinterface_ln0        (specinterface      ) [ 000]
specbitsmap_ln0          (specbitsmap        ) [ 000]
specbitsmap_ln0          (specbitsmap        ) [ 000]
specbitsmap_ln0          (specbitsmap        ) [ 000]
specbitsmap_ln0          (specbitsmap        ) [ 000]
specinterface_ln0        (specinterface      ) [ 000]
specbitsmap_ln0          (specbitsmap        ) [ 000]
specbitsmap_ln0          (specbitsmap        ) [ 000]
specbitsmap_ln0          (specbitsmap        ) [ 000]
specbitsmap_ln0          (specbitsmap        ) [ 000]
specinterface_ln0        (specinterface      ) [ 000]
specbitsmap_ln0          (specbitsmap        ) [ 000]
specbitsmap_ln0          (specbitsmap        ) [ 000]
specbitsmap_ln0          (specbitsmap        ) [ 000]
specbitsmap_ln0          (specbitsmap        ) [ 000]
specinterface_ln0        (specinterface      ) [ 000]
specbitsmap_ln0          (specbitsmap        ) [ 000]
specbitsmap_ln0          (specbitsmap        ) [ 000]
specbitsmap_ln0          (specbitsmap        ) [ 000]
specbitsmap_ln0          (specbitsmap        ) [ 000]
specinterface_ln0        (specinterface      ) [ 000]
specbitsmap_ln0          (specbitsmap        ) [ 000]
specbitsmap_ln0          (specbitsmap        ) [ 000]
specbitsmap_ln0          (specbitsmap        ) [ 000]
specbitsmap_ln0          (specbitsmap        ) [ 000]
specinterface_ln0        (specinterface      ) [ 000]
specbitsmap_ln0          (specbitsmap        ) [ 000]
specbitsmap_ln0          (specbitsmap        ) [ 000]
specbitsmap_ln0          (specbitsmap        ) [ 000]
specbitsmap_ln0          (specbitsmap        ) [ 000]
specinterface_ln0        (specinterface      ) [ 000]
specbitsmap_ln0          (specbitsmap        ) [ 000]
specbitsmap_ln0          (specbitsmap        ) [ 000]
specbitsmap_ln0          (specbitsmap        ) [ 000]
specbitsmap_ln0          (specbitsmap        ) [ 000]
write_ln258              (write              ) [ 000]
write_ln258              (write              ) [ 000]
write_ln258              (write              ) [ 000]
write_ln258              (write              ) [ 000]
specaxissidechannel_ln32 (specaxissidechannel) [ 000]
specaxissidechannel_ln32 (specaxissidechannel) [ 000]
specaxissidechannel_ln32 (specaxissidechannel) [ 000]
specaxissidechannel_ln32 (specaxissidechannel) [ 000]
specaxissidechannel_ln32 (specaxissidechannel) [ 000]
specaxissidechannel_ln32 (specaxissidechannel) [ 000]
specaxissidechannel_ln32 (specaxissidechannel) [ 000]
specaxissidechannel_ln32 (specaxissidechannel) [ 000]
ret_ln32                 (ret                ) [ 000]
</LifeTime>

<model>

<comp_list>
<comp id="0" class="1000" name="arg0_axis_in_V_data_V">
<pin_list>
<pin id="1" dir="1" index="0" bw="1" slack="0"/>
</pin_list>
<bind>
<StgValue><ssdm name="arg0_axis_in_V_data_V"/></StgValue>
</bind>
</comp>

<comp id="2" class="1000" name="arg0_axis_in_V_keep_V">
<pin_list>
<pin id="3" dir="1" index="0" bw="1" slack="0"/>
</pin_list>
<bind>
<StgValue><ssdm name="arg0_axis_in_V_keep_V"/></StgValue>
</bind>
</comp>

<comp id="4" class="1000" name="arg0_axis_in_V_strb_V">
<pin_list>
<pin id="5" dir="1" index="0" bw="1" slack="0"/>
</pin_list>
<bind>
<StgValue><ssdm name="arg0_axis_in_V_strb_V"/></StgValue>
</bind>
</comp>

<comp id="6" class="1000" name="arg0_axis_in_V_last_V">
<pin_list>
<pin id="7" dir="1" index="0" bw="1" slack="0"/>
</pin_list>
<bind>
<StgValue><ssdm name="arg0_axis_in_V_last_V"/></StgValue>
</bind>
</comp>

<comp id="8" class="1000" name="arg1_axis_in_V_data_V">
<pin_list>
<pin id="9" dir="1" index="0" bw="1" slack="0"/>
</pin_list>
<bind>
<StgValue><ssdm name="arg1_axis_in_V_data_V"/></StgValue>
</bind>
</comp>

<comp id="10" class="1000" name="arg1_axis_in_V_keep_V">
<pin_list>
<pin id="11" dir="1" index="0" bw="1" slack="0"/>
</pin_list>
<bind>
<StgValue><ssdm name="arg1_axis_in_V_keep_V"/></StgValue>
</bind>
</comp>

<comp id="12" class="1000" name="arg1_axis_in_V_strb_V">
<pin_list>
<pin id="13" dir="1" index="0" bw="1" slack="0"/>
</pin_list>
<bind>
<StgValue><ssdm name="arg1_axis_in_V_strb_V"/></StgValue>
</bind>
</comp>

<comp id="14" class="1000" name="arg1_axis_in_V_last_V">
<pin_list>
<pin id="15" dir="1" index="0" bw="1" slack="0"/>
</pin_list>
<bind>
<StgValue><ssdm name="arg1_axis_in_V_last_V"/></StgValue>
</bind>
</comp>

<comp id="16" class="1000" name="arg1_axis_out_V_data_V">
<pin_list>
<pin id="17" dir="1" index="0" bw="1" slack="0"/>
</pin_list>
<bind>
<StgValue><ssdm name="arg1_axis_out_V_data_V"/></StgValue>
</bind>
</comp>

<comp id="18" class="1000" name="arg1_axis_out_V_keep_V">
<pin_list>
<pin id="19" dir="1" index="0" bw="1" slack="0"/>
</pin_list>
<bind>
<StgValue><ssdm name="arg1_axis_out_V_keep_V"/></StgValue>
</bind>
</comp>

<comp id="20" class="1000" name="arg1_axis_out_V_strb_V">
<pin_list>
<pin id="21" dir="1" index="0" bw="1" slack="0"/>
</pin_list>
<bind>
<StgValue><ssdm name="arg1_axis_out_V_strb_V"/></StgValue>
</bind>
</comp>

<comp id="22" class="1000" name="arg1_axis_out_V_last_V">
<pin_list>
<pin id="23" dir="1" index="0" bw="1" slack="0"/>
</pin_list>
<bind>
<StgValue><ssdm name="arg1_axis_out_V_last_V"/></StgValue>
</bind>
</comp>

<comp id="24" class="1000" name="arg2_axis_in_V_data_V">
<pin_list>
<pin id="25" dir="1" index="0" bw="1" slack="0"/>
</pin_list>
<bind>
<StgValue><ssdm name="arg2_axis_in_V_data_V"/></StgValue>
</bind>
</comp>

<comp id="26" class="1000" name="arg2_axis_in_V_keep_V">
<pin_list>
<pin id="27" dir="1" index="0" bw="1" slack="0"/>
</pin_list>
<bind>
<StgValue><ssdm name="arg2_axis_in_V_keep_V"/></StgValue>
</bind>
</comp>

<comp id="28" class="1000" name="arg2_axis_in_V_strb_V">
<pin_list>
<pin id="29" dir="1" index="0" bw="1" slack="0"/>
</pin_list>
<bind>
<StgValue><ssdm name="arg2_axis_in_V_strb_V"/></StgValue>
</bind>
</comp>

<comp id="30" class="1000" name="arg2_axis_in_V_last_V">
<pin_list>
<pin id="31" dir="1" index="0" bw="1" slack="0"/>
</pin_list>
<bind>
<StgValue><ssdm name="arg2_axis_in_V_last_V"/></StgValue>
</bind>
</comp>

<comp id="32" class="1000" name="arg2_axis_out_V_data_V">
<pin_list>
<pin id="33" dir="1" index="0" bw="1" slack="0"/>
</pin_list>
<bind>
<StgValue><ssdm name="arg2_axis_out_V_data_V"/></StgValue>
</bind>
</comp>

<comp id="34" class="1000" name="arg2_axis_out_V_keep_V">
<pin_list>
<pin id="35" dir="1" index="0" bw="1" slack="0"/>
</pin_list>
<bind>
<StgValue><ssdm name="arg2_axis_out_V_keep_V"/></StgValue>
</bind>
</comp>

<comp id="36" class="1000" name="arg2_axis_out_V_strb_V">
<pin_list>
<pin id="37" dir="1" index="0" bw="1" slack="0"/>
</pin_list>
<bind>
<StgValue><ssdm name="arg2_axis_out_V_strb_V"/></StgValue>
</bind>
</comp>

<comp id="38" class="1000" name="arg2_axis_out_V_last_V">
<pin_list>
<pin id="39" dir="1" index="0" bw="1" slack="0"/>
</pin_list>
<bind>
<StgValue><ssdm name="arg2_axis_out_V_last_V"/></StgValue>
</bind>
</comp>

<comp id="40" class="1000" name="arg3_axis_in_V_data_V">
<pin_list>
<pin id="41" dir="1" index="0" bw="1" slack="0"/>
</pin_list>
<bind>
<StgValue><ssdm name="arg3_axis_in_V_data_V"/></StgValue>
</bind>
</comp>

<comp id="42" class="1000" name="arg3_axis_in_V_keep_V">
<pin_list>
<pin id="43" dir="1" index="0" bw="1" slack="0"/>
</pin_list>
<bind>
<StgValue><ssdm name="arg3_axis_in_V_keep_V"/></StgValue>
</bind>
</comp>

<comp id="44" class="1000" name="arg3_axis_in_V_strb_V">
<pin_list>
<pin id="45" dir="1" index="0" bw="1" slack="0"/>
</pin_list>
<bind>
<StgValue><ssdm name="arg3_axis_in_V_strb_V"/></StgValue>
</bind>
</comp>

<comp id="46" class="1000" name="arg3_axis_in_V_last_V">
<pin_list>
<pin id="47" dir="1" index="0" bw="1" slack="0"/>
</pin_list>
<bind>
<StgValue><ssdm name="arg3_axis_in_V_last_V"/></StgValue>
</bind>
</comp>

<comp id="48" class="1000" name="arg3_axis_out_V_data_V">
<pin_list>
<pin id="49" dir="1" index="0" bw="1" slack="0"/>
</pin_list>
<bind>
<StgValue><ssdm name="arg3_axis_out_V_data_V"/></StgValue>
</bind>
</comp>

<comp id="50" class="1000" name="arg3_axis_out_V_keep_V">
<pin_list>
<pin id="51" dir="1" index="0" bw="1" slack="0"/>
</pin_list>
<bind>
<StgValue><ssdm name="arg3_axis_out_V_keep_V"/></StgValue>
</bind>
</comp>

<comp id="52" class="1000" name="arg3_axis_out_V_strb_V">
<pin_list>
<pin id="53" dir="1" index="0" bw="1" slack="0"/>
</pin_list>
<bind>
<StgValue><ssdm name="arg3_axis_out_V_strb_V"/></StgValue>
</bind>
</comp>

<comp id="54" class="1000" name="arg3_axis_out_V_last_V">
<pin_list>
<pin id="55" dir="1" index="0" bw="1" slack="0"/>
</pin_list>
<bind>
<StgValue><ssdm name="arg3_axis_out_V_last_V"/></StgValue>
</bind>
</comp>

<comp id="56" class="1000" name="arg4_axis_out_V_data_V">
<pin_list>
<pin id="57" dir="1" index="0" bw="1" slack="0"/>
</pin_list>
<bind>
<StgValue><ssdm name="arg4_axis_out_V_data_V"/></StgValue>
</bind>
</comp>

<comp id="58" class="1000" name="arg4_axis_out_V_keep_V">
<pin_list>
<pin id="59" dir="1" index="0" bw="1" slack="0"/>
</pin_list>
<bind>
<StgValue><ssdm name="arg4_axis_out_V_keep_V"/></StgValue>
</bind>
</comp>

<comp id="60" class="1000" name="arg4_axis_out_V_strb_V">
<pin_list>
<pin id="61" dir="1" index="0" bw="1" slack="0"/>
</pin_list>
<bind>
<StgValue><ssdm name="arg4_axis_out_V_strb_V"/></StgValue>
</bind>
</comp>

<comp id="62" class="1000" name="arg4_axis_out_V_last_V">
<pin_list>
<pin id="63" dir="1" index="0" bw="1" slack="0"/>
</pin_list>
<bind>
<StgValue><ssdm name="arg4_axis_out_V_last_V"/></StgValue>
</bind>
</comp>

<comp id="64" class="1001" name="const_64">
<pin_list>
<pin id="65" dir="1" index="0" bw="1" slack="0"/>
</pin_list>
<bind>
<StgValue><ssdm name="_ssdm_op_Read.axis.volatile.i256P0A.i32P0A.i32P0A.i1P0A"/></StgValue>
</bind>
</comp>

<comp id="66" class="1001" name="const_66">
<pin_list>
<pin id="67" dir="1" index="0" bw="1" slack="0"/>
</pin_list>
<bind>
<StgValue><ssdm name="_ssdm_op_Write.axis.volatile.i256P0A.i32P0A.i32P0A.i1P0A"/></StgValue>
</bind>
</comp>

<comp id="68" class="1001" name="const_68">
<pin_list>
<pin id="69" dir="1" index="0" bw="1" slack="2147483647"/>
</pin_list>
<bind>
<StgValue><ssdm name="_ssdm_op_SpecPipeline"/></StgValue>
</bind>
</comp>

<comp id="70" class="1001" name="const_70">
<pin_list>
<pin id="71" dir="1" index="0" bw="1" slack="2147483647"/>
</pin_list>
<bind>
<StgValue><ssdm name=""/></StgValue>
</bind>
</comp>

<comp id="72" class="1001" name="const_72">
<pin_list>
<pin id="73" dir="1" index="0" bw="1" slack="2147483647"/>
</pin_list>
<bind>
<StgValue><ssdm name=""/></StgValue>
</bind>
</comp>

<comp id="74" class="1001" name="const_74">
<pin_list>
<pin id="75" dir="1" index="0" bw="1" slack="2147483647"/>
</pin_list>
<bind>
<StgValue><ssdm name=""/></StgValue>
</bind>
</comp>

<comp id="76" class="1001" name="const_76">
<pin_list>
<pin id="77" dir="1" index="0" bw="1" slack="2147483647"/>
</pin_list>
<bind>
<StgValue><ssdm name="empty_1"/></StgValue>
</bind>
</comp>

<comp id="78" class="1001" name="const_78">
<pin_list>
<pin id="79" dir="1" index="0" bw="1" slack="2147483647"/>
</pin_list>
<bind>
<StgValue><ssdm name="_ssdm_op_SpecTopModule"/></StgValue>
</bind>
</comp>

<comp id="80" class="1001" name="const_80">
<pin_list>
<pin id="81" dir="1" index="0" bw="1" slack="2147483647"/>
</pin_list>
<bind>
<StgValue><ssdm name="empty_10"/></StgValue>
</bind>
</comp>

<comp id="82" class="1001" name="const_82">
<pin_list>
<pin id="83" dir="1" index="0" bw="1" slack="2147483647"/>
</pin_list>
<bind>
<StgValue><ssdm name="_ssdm_op_SpecInterface"/></StgValue>
</bind>
</comp>

<comp id="84" class="1001" name="const_84">
<pin_list>
<pin id="85" dir="1" index="0" bw="1" slack="2147483647"/>
</pin_list>
<bind>
<StgValue><ssdm name="empty_11"/></StgValue>
</bind>
</comp>

<comp id="86" class="1001" name="const_86">
<pin_list>
<pin id="87" dir="1" index="0" bw="1" slack="2147483647"/>
</pin_list>
<bind>
<StgValue><ssdm name=""/></StgValue>
</bind>
</comp>

<comp id="88" class="1001" name="const_88">
<pin_list>
<pin id="89" dir="1" index="0" bw="1" slack="2147483647"/>
</pin_list>
<bind>
<StgValue><ssdm name="empty"/></StgValue>
</bind>
</comp>

<comp id="90" class="1001" name="const_90">
<pin_list>
<pin id="91" dir="1" index="0" bw="1" slack="2147483647"/>
</pin_list>
<bind>
<StgValue><ssdm name="empty_0"/></StgValue>
</bind>
</comp>

<comp id="92" class="1001" name="const_92">
<pin_list>
<pin id="93" dir="1" index="0" bw="1" slack="2147483647"/>
</pin_list>
<bind>
<StgValue><ssdm name="_ssdm_op_SpecBitsMap"/></StgValue>
</bind>
</comp>

<comp id="94" class="1001" name="const_94">
<pin_list>
<pin id="95" dir="1" index="0" bw="1" slack="2147483647"/>
</pin_list>
<bind>
<StgValue><ssdm name="_ssdm_op_SpecAXISSideChannel"/></StgValue>
</bind>
</comp>

<comp id="96" class="1001" name="const_96">
<pin_list>
<pin id="97" dir="1" index="0" bw="1" slack="2147483647"/>
</pin_list>
<bind>
<StgValue><ssdm name=""/></StgValue>
</bind>
</comp>

<comp id="98" class="1001" name="const_98">
<pin_list>
<pin id="99" dir="1" index="0" bw="1" slack="2147483647"/>
</pin_list>
<bind>
<StgValue><ssdm name="empty_2"/></StgValue>
</bind>
</comp>

<comp id="100" class="1001" name="const_100">
<pin_list>
<pin id="101" dir="1" index="0" bw="1" slack="2147483647"/>
</pin_list>
<bind>
<StgValue><ssdm name="empty_3"/></StgValue>
</bind>
</comp>

<comp id="102" class="1001" name="const_102">
<pin_list>
<pin id="103" dir="1" index="0" bw="1" slack="2147483647"/>
</pin_list>
<bind>
<StgValue><ssdm name="empty_4"/></StgValue>
</bind>
</comp>

<comp id="104" class="1001" name="const_104">
<pin_list>
<pin id="105" dir="1" index="0" bw="1" slack="2147483647"/>
</pin_list>
<bind>
<StgValue><ssdm name="empty_5"/></StgValue>
</bind>
</comp>

<comp id="106" class="1001" name="const_106">
<pin_list>
<pin id="107" dir="1" index="0" bw="1" slack="2147483647"/>
</pin_list>
<bind>
<StgValue><ssdm name="empty_6"/></StgValue>
</bind>
</comp>

<comp id="108" class="1001" name="const_108">
<pin_list>
<pin id="109" dir="1" index="0" bw="1" slack="2147483647"/>
</pin_list>
<bind>
<StgValue><ssdm name="empty_7"/></StgValue>
</bind>
</comp>

<comp id="110" class="1001" name="const_110">
<pin_list>
<pin id="111" dir="1" index="0" bw="1" slack="2147483647"/>
</pin_list>
<bind>
<StgValue><ssdm name="empty_8"/></StgValue>
</bind>
</comp>

<comp id="112" class="1001" name="const_112">
<pin_list>
<pin id="113" dir="1" index="0" bw="1" slack="2147483647"/>
</pin_list>
<bind>
<StgValue><ssdm name="empty_9"/></StgValue>
</bind>
</comp>

<comp id="114" class="1004" name="empty_read_fu_114">
<pin_list>
<pin id="115" dir="0" index="0" bw="321" slack="0"/>
<pin id="116" dir="0" index="1" bw="256" slack="0"/>
<pin id="117" dir="0" index="2" bw="32" slack="0"/>
<pin id="118" dir="0" index="3" bw="32" slack="0"/>
<pin id="119" dir="0" index="4" bw="1" slack="0"/>
<pin id="120" dir="1" index="5" bw="321" slack="0"/>
</pin_list>
<bind>
<opcode="read(1150) " fcode="read"/>
<opset="empty/1 "/>
</bind>
</comp>

<comp id="126" class="1004" name="grp_write_fu_126">
<pin_list>
<pin id="127" dir="0" index="0" bw="0" slack="0"/>
<pin id="128" dir="0" index="1" bw="256" slack="0"/>
<pin id="129" dir="0" index="2" bw="32" slack="0"/>
<pin id="130" dir="0" index="3" bw="32" slack="0"/>
<pin id="131" dir="0" index="4" bw="1" slack="0"/>
<pin id="132" dir="0" index="5" bw="256" slack="0"/>
<pin id="133" dir="0" index="6" bw="32" slack="0"/>
<pin id="134" dir="0" index="7" bw="32" slack="0"/>
<pin id="135" dir="0" index="8" bw="1" slack="0"/>
<pin id="136" dir="1" index="9" bw="0" slack="2147483647"/>
</pin_list>
<bind>
<opcode="write(1151) " fcode="write"/>
<opset="write_ln258/1 "/>
</bind>
</comp>

<comp id="142" class="1004" name="empty_14_read_fu_142">
<pin_list>
<pin id="143" dir="0" index="0" bw="321" slack="0"/>
<pin id="144" dir="0" index="1" bw="256" slack="0"/>
<pin id="145" dir="0" index="2" bw="32" slack="0"/>
<pin id="146" dir="0" index="3" bw="32" slack="0"/>
<pin id="147" dir="0" index="4" bw="1" slack="0"/>
<pin id="148" dir="1" index="5" bw="321" slack="0"/>
</pin_list>
<bind>
<opcode="read(1150) " fcode="read"/>
<opset="empty_14/1 "/>
</bind>
</comp>

<comp id="154" class="1004" name="grp_write_fu_154">
<pin_list>
<pin id="155" dir="0" index="0" bw="0" slack="0"/>
<pin id="156" dir="0" index="1" bw="256" slack="0"/>
<pin id="157" dir="0" index="2" bw="32" slack="0"/>
<pin id="158" dir="0" index="3" bw="32" slack="0"/>
<pin id="159" dir="0" index="4" bw="1" slack="0"/>
<pin id="160" dir="0" index="5" bw="256" slack="0"/>
<pin id="161" dir="0" index="6" bw="32" slack="0"/>
<pin id="162" dir="0" index="7" bw="32" slack="0"/>
<pin id="163" dir="0" index="8" bw="1" slack="0"/>
<pin id="164" dir="1" index="9" bw="0" slack="2147483647"/>
</pin_list>
<bind>
<opcode="write(1151) " fcode="write"/>
<opset="write_ln258/1 "/>
</bind>
</comp>

<comp id="170" class="1004" name="empty_15_read_fu_170">
<pin_list>
<pin id="171" dir="0" index="0" bw="321" slack="0"/>
<pin id="172" dir="0" index="1" bw="256" slack="0"/>
<pin id="173" dir="0" index="2" bw="32" slack="0"/>
<pin id="174" dir="0" index="3" bw="32" slack="0"/>
<pin id="175" dir="0" index="4" bw="1" slack="0"/>
<pin id="176" dir="1" index="5" bw="321" slack="0"/>
</pin_list>
<bind>
<opcode="read(1150) " fcode="read"/>
<opset="empty_15/1 "/>
</bind>
</comp>

<comp id="182" class="1004" name="grp_write_fu_182">
<pin_list>
<pin id="183" dir="0" index="0" bw="0" slack="0"/>
<pin id="184" dir="0" index="1" bw="256" slack="0"/>
<pin id="185" dir="0" index="2" bw="32" slack="0"/>
<pin id="186" dir="0" index="3" bw="32" slack="0"/>
<pin id="187" dir="0" index="4" bw="1" slack="0"/>
<pin id="188" dir="0" index="5" bw="256" slack="0"/>
<pin id="189" dir="0" index="6" bw="32" slack="0"/>
<pin id="190" dir="0" index="7" bw="32" slack="0"/>
<pin id="191" dir="0" index="8" bw="1" slack="0"/>
<pin id="192" dir="1" index="9" bw="0" slack="2147483647"/>
</pin_list>
<bind>
<opcode="write(1151) " fcode="write"/>
<opset="write_ln258/1 "/>
</bind>
</comp>

<comp id="198" class="1004" name="empty_16_read_fu_198">
<pin_list>
<pin id="199" dir="0" index="0" bw="321" slack="0"/>
<pin id="200" dir="0" index="1" bw="256" slack="0"/>
<pin id="201" dir="0" index="2" bw="32" slack="0"/>
<pin id="202" dir="0" index="3" bw="32" slack="0"/>
<pin id="203" dir="0" index="4" bw="1" slack="0"/>
<pin id="204" dir="1" index="5" bw="321" slack="0"/>
</pin_list>
<bind>
<opcode="read(1150) " fcode="read"/>
<opset="empty_16/1 "/>
</bind>
</comp>

<comp id="210" class="1004" name="grp_write_fu_210">
<pin_list>
<pin id="211" dir="0" index="0" bw="0" slack="0"/>
<pin id="212" dir="0" index="1" bw="256" slack="0"/>
<pin id="213" dir="0" index="2" bw="32" slack="0"/>
<pin id="214" dir="0" index="3" bw="32" slack="0"/>
<pin id="215" dir="0" index="4" bw="1" slack="0"/>
<pin id="216" dir="0" index="5" bw="256" slack="0"/>
<pin id="217" dir="0" index="6" bw="32" slack="0"/>
<pin id="218" dir="0" index="7" bw="32" slack="0"/>
<pin id="219" dir="0" index="8" bw="1" slack="0"/>
<pin id="220" dir="1" index="9" bw="0" slack="2147483647"/>
</pin_list>
<bind>
<opcode="write(1151) " fcode="write"/>
<opset="write_ln258/1 "/>
</bind>
</comp>

<comp id="226" class="1004" name="tmp_data_V_fu_226">
<pin_list>
<pin id="227" dir="0" index="0" bw="321" slack="0"/>
<pin id="228" dir="1" index="1" bw="256" slack="0"/>
</pin_list>
<bind>
<opcode="extractvalue(56) " fcode="extractvalue"/>
<opset="tmp_data_V/1 "/>
</bind>
</comp>

<comp id="231" class="1004" name="tmp_keep_V_fu_231">
<pin_list>
<pin id="232" dir="0" index="0" bw="321" slack="0"/>
<pin id="233" dir="1" index="1" bw="32" slack="0"/>
</pin_list>
<bind>
<opcode="extractvalue(56) " fcode="extractvalue"/>
<opset="tmp_keep_V/1 "/>
</bind>
</comp>

<comp id="236" class="1004" name="tmp_strb_V_fu_236">
<pin_list>
<pin id="237" dir="0" index="0" bw="321" slack="0"/>
<pin id="238" dir="1" index="1" bw="32" slack="0"/>
</pin_list>
<bind>
<opcode="extractvalue(56) " fcode="extractvalue"/>
<opset="tmp_strb_V/1 "/>
</bind>
</comp>

<comp id="241" class="1004" name="tmp_last_V_fu_241">
<pin_list>
<pin id="242" dir="0" index="0" bw="321" slack="0"/>
<pin id="243" dir="1" index="1" bw="1" slack="0"/>
</pin_list>
<bind>
<opcode="extractvalue(56) " fcode="extractvalue"/>
<opset="tmp_last_V/1 "/>
</bind>
</comp>

<comp id="246" class="1004" name="tmp_data_V_1_fu_246">
<pin_list>
<pin id="247" dir="0" index="0" bw="321" slack="0"/>
<pin id="248" dir="1" index="1" bw="256" slack="0"/>
</pin_list>
<bind>
<opcode="extractvalue(56) " fcode="extractvalue"/>
<opset="tmp_data_V_1/1 "/>
</bind>
</comp>

<comp id="251" class="1004" name="tmp_keep_V_1_fu_251">
<pin_list>
<pin id="252" dir="0" index="0" bw="321" slack="0"/>
<pin id="253" dir="1" index="1" bw="32" slack="0"/>
</pin_list>
<bind>
<opcode="extractvalue(56) " fcode="extractvalue"/>
<opset="tmp_keep_V_1/1 "/>
</bind>
</comp>

<comp id="256" class="1004" name="tmp_strb_V_1_fu_256">
<pin_list>
<pin id="257" dir="0" index="0" bw="321" slack="0"/>
<pin id="258" dir="1" index="1" bw="32" slack="0"/>
</pin_list>
<bind>
<opcode="extractvalue(56) " fcode="extractvalue"/>
<opset="tmp_strb_V_1/1 "/>
</bind>
</comp>

<comp id="261" class="1004" name="tmp_last_V_1_fu_261">
<pin_list>
<pin id="262" dir="0" index="0" bw="321" slack="0"/>
<pin id="263" dir="1" index="1" bw="1" slack="0"/>
</pin_list>
<bind>
<opcode="extractvalue(56) " fcode="extractvalue"/>
<opset="tmp_last_V_1/1 "/>
</bind>
</comp>

<comp id="266" class="1004" name="tmp_data_V_2_fu_266">
<pin_list>
<pin id="267" dir="0" index="0" bw="321" slack="0"/>
<pin id="268" dir="1" index="1" bw="256" slack="0"/>
</pin_list>
<bind>
<opcode="extractvalue(56) " fcode="extractvalue"/>
<opset="tmp_data_V_2/1 "/>
</bind>
</comp>

<comp id="271" class="1004" name="tmp_keep_V_2_fu_271">
<pin_list>
<pin id="272" dir="0" index="0" bw="321" slack="0"/>
<pin id="273" dir="1" index="1" bw="32" slack="0"/>
</pin_list>
<bind>
<opcode="extractvalue(56) " fcode="extractvalue"/>
<opset="tmp_keep_V_2/1 "/>
</bind>
</comp>

<comp id="276" class="1004" name="tmp_strb_V_2_fu_276">
<pin_list>
<pin id="277" dir="0" index="0" bw="321" slack="0"/>
<pin id="278" dir="1" index="1" bw="32" slack="0"/>
</pin_list>
<bind>
<opcode="extractvalue(56) " fcode="extractvalue"/>
<opset="tmp_strb_V_2/1 "/>
</bind>
</comp>

<comp id="281" class="1004" name="tmp_last_V_2_fu_281">
<pin_list>
<pin id="282" dir="0" index="0" bw="321" slack="0"/>
<pin id="283" dir="1" index="1" bw="1" slack="0"/>
</pin_list>
<bind>
<opcode="extractvalue(56) " fcode="extractvalue"/>
<opset="tmp_last_V_2/1 "/>
</bind>
</comp>

<comp id="286" class="1004" name="tmp_data_V_3_fu_286">
<pin_list>
<pin id="287" dir="0" index="0" bw="321" slack="0"/>
<pin id="288" dir="1" index="1" bw="256" slack="0"/>
</pin_list>
<bind>
<opcode="extractvalue(56) " fcode="extractvalue"/>
<opset="tmp_data_V_3/1 "/>
</bind>
</comp>

<comp id="291" class="1004" name="tmp_keep_V_3_fu_291">
<pin_list>
<pin id="292" dir="0" index="0" bw="321" slack="0"/>
<pin id="293" dir="1" index="1" bw="32" slack="0"/>
</pin_list>
<bind>
<opcode="extractvalue(56) " fcode="extractvalue"/>
<opset="tmp_keep_V_3/1 "/>
</bind>
</comp>

<comp id="296" class="1004" name="tmp_strb_V_3_fu_296">
<pin_list>
<pin id="297" dir="0" index="0" bw="321" slack="0"/>
<pin id="298" dir="1" index="1" bw="32" slack="0"/>
</pin_list>
<bind>
<opcode="extractvalue(56) " fcode="extractvalue"/>
<opset="tmp_strb_V_3/1 "/>
</bind>
</comp>

<comp id="301" class="1004" name="tmp_last_V_3_fu_301">
<pin_list>
<pin id="302" dir="0" index="0" bw="321" slack="0"/>
<pin id="303" dir="1" index="1" bw="1" slack="0"/>
</pin_list>
<bind>
<opcode="extractvalue(56) " fcode="extractvalue"/>
<opset="tmp_last_V_3/1 "/>
</bind>
</comp>

<comp id="306" class="1005" name="tmp_data_V_reg_306">
<pin_list>
<pin id="307" dir="0" index="0" bw="256" slack="1"/>
<pin id="308" dir="1" index="1" bw="256" slack="1"/>
</pin_list>
<bind>
<opset="tmp_data_V "/>
</bind>
</comp>

<comp id="311" class="1005" name="tmp_keep_V_reg_311">
<pin_list>
<pin id="312" dir="0" index="0" bw="32" slack="1"/>
<pin id="313" dir="1" index="1" bw="32" slack="1"/>
</pin_list>
<bind>
<opset="tmp_keep_V "/>
</bind>
</comp>

<comp id="316" class="1005" name="tmp_strb_V_reg_316">
<pin_list>
<pin id="317" dir="0" index="0" bw="32" slack="1"/>
<pin id="318" dir="1" index="1" bw="32" slack="1"/>
</pin_list>
<bind>
<opset="tmp_strb_V "/>
</bind>
</comp>

<comp id="321" class="1005" name="tmp_last_V_reg_321">
<pin_list>
<pin id="322" dir="0" index="0" bw="1" slack="1"/>
<pin id="323" dir="1" index="1" bw="1" slack="1"/>
</pin_list>
<bind>
<opset="tmp_last_V "/>
</bind>
</comp>

<comp id="326" class="1005" name="tmp_data_V_1_reg_326">
<pin_list>
<pin id="327" dir="0" index="0" bw="256" slack="1"/>
<pin id="328" dir="1" index="1" bw="256" slack="1"/>
</pin_list>
<bind>
<opset="tmp_data_V_1 "/>
</bind>
</comp>

<comp id="331" class="1005" name="tmp_keep_V_1_reg_331">
<pin_list>
<pin id="332" dir="0" index="0" bw="32" slack="1"/>
<pin id="333" dir="1" index="1" bw="32" slack="1"/>
</pin_list>
<bind>
<opset="tmp_keep_V_1 "/>
</bind>
</comp>

<comp id="336" class="1005" name="tmp_strb_V_1_reg_336">
<pin_list>
<pin id="337" dir="0" index="0" bw="32" slack="1"/>
<pin id="338" dir="1" index="1" bw="32" slack="1"/>
</pin_list>
<bind>
<opset="tmp_strb_V_1 "/>
</bind>
</comp>

<comp id="341" class="1005" name="tmp_last_V_1_reg_341">
<pin_list>
<pin id="342" dir="0" index="0" bw="1" slack="1"/>
<pin id="343" dir="1" index="1" bw="1" slack="1"/>
</pin_list>
<bind>
<opset="tmp_last_V_1 "/>
</bind>
</comp>

<comp id="346" class="1005" name="tmp_data_V_2_reg_346">
<pin_list>
<pin id="347" dir="0" index="0" bw="256" slack="1"/>
<pin id="348" dir="1" index="1" bw="256" slack="1"/>
</pin_list>
<bind>
<opset="tmp_data_V_2 "/>
</bind>
</comp>

<comp id="351" class="1005" name="tmp_keep_V_2_reg_351">
<pin_list>
<pin id="352" dir="0" index="0" bw="32" slack="1"/>
<pin id="353" dir="1" index="1" bw="32" slack="1"/>
</pin_list>
<bind>
<opset="tmp_keep_V_2 "/>
</bind>
</comp>

<comp id="356" class="1005" name="tmp_strb_V_2_reg_356">
<pin_list>
<pin id="357" dir="0" index="0" bw="32" slack="1"/>
<pin id="358" dir="1" index="1" bw="32" slack="1"/>
</pin_list>
<bind>
<opset="tmp_strb_V_2 "/>
</bind>
</comp>

<comp id="361" class="1005" name="tmp_last_V_2_reg_361">
<pin_list>
<pin id="362" dir="0" index="0" bw="1" slack="1"/>
<pin id="363" dir="1" index="1" bw="1" slack="1"/>
</pin_list>
<bind>
<opset="tmp_last_V_2 "/>
</bind>
</comp>

<comp id="366" class="1005" name="tmp_data_V_3_reg_366">
<pin_list>
<pin id="367" dir="0" index="0" bw="256" slack="1"/>
<pin id="368" dir="1" index="1" bw="256" slack="1"/>
</pin_list>
<bind>
<opset="tmp_data_V_3 "/>
</bind>
</comp>

<comp id="371" class="1005" name="tmp_keep_V_3_reg_371">
<pin_list>
<pin id="372" dir="0" index="0" bw="32" slack="1"/>
<pin id="373" dir="1" index="1" bw="32" slack="1"/>
</pin_list>
<bind>
<opset="tmp_keep_V_3 "/>
</bind>
</comp>

<comp id="376" class="1005" name="tmp_strb_V_3_reg_376">
<pin_list>
<pin id="377" dir="0" index="0" bw="32" slack="1"/>
<pin id="378" dir="1" index="1" bw="32" slack="1"/>
</pin_list>
<bind>
<opset="tmp_strb_V_3 "/>
</bind>
</comp>

<comp id="381" class="1005" name="tmp_last_V_3_reg_381">
<pin_list>
<pin id="382" dir="0" index="0" bw="1" slack="1"/>
<pin id="383" dir="1" index="1" bw="1" slack="1"/>
</pin_list>
<bind>
<opset="tmp_last_V_3 "/>
</bind>
</comp>

</comp_list>

<net_list>
<net id="121"><net_src comp="64" pin="0"/><net_sink comp="114" pin=0"/></net>

<net id="122"><net_src comp="0" pin="0"/><net_sink comp="114" pin=1"/></net>

<net id="123"><net_src comp="2" pin="0"/><net_sink comp="114" pin=2"/></net>

<net id="124"><net_src comp="4" pin="0"/><net_sink comp="114" pin=3"/></net>

<net id="125"><net_src comp="6" pin="0"/><net_sink comp="114" pin=4"/></net>

<net id="137"><net_src comp="66" pin="0"/><net_sink comp="126" pin=0"/></net>

<net id="138"><net_src comp="56" pin="0"/><net_sink comp="126" pin=1"/></net>

<net id="139"><net_src comp="58" pin="0"/><net_sink comp="126" pin=2"/></net>

<net id="140"><net_src comp="60" pin="0"/><net_sink comp="126" pin=3"/></net>

<net id="141"><net_src comp="62" pin="0"/><net_sink comp="126" pin=4"/></net>

<net id="149"><net_src comp="64" pin="0"/><net_sink comp="142" pin=0"/></net>

<net id="150"><net_src comp="8" pin="0"/><net_sink comp="142" pin=1"/></net>

<net id="151"><net_src comp="10" pin="0"/><net_sink comp="142" pin=2"/></net>

<net id="152"><net_src comp="12" pin="0"/><net_sink comp="142" pin=3"/></net>

<net id="153"><net_src comp="14" pin="0"/><net_sink comp="142" pin=4"/></net>

<net id="165"><net_src comp="66" pin="0"/><net_sink comp="154" pin=0"/></net>

<net id="166"><net_src comp="16" pin="0"/><net_sink comp="154" pin=1"/></net>

<net id="167"><net_src comp="18" pin="0"/><net_sink comp="154" pin=2"/></net>

<net id="168"><net_src comp="20" pin="0"/><net_sink comp="154" pin=3"/></net>

<net id="169"><net_src comp="22" pin="0"/><net_sink comp="154" pin=4"/></net>

<net id="177"><net_src comp="64" pin="0"/><net_sink comp="170" pin=0"/></net>

<net id="178"><net_src comp="24" pin="0"/><net_sink comp="170" pin=1"/></net>

<net id="179"><net_src comp="26" pin="0"/><net_sink comp="170" pin=2"/></net>

<net id="180"><net_src comp="28" pin="0"/><net_sink comp="170" pin=3"/></net>

<net id="181"><net_src comp="30" pin="0"/><net_sink comp="170" pin=4"/></net>

<net id="193"><net_src comp="66" pin="0"/><net_sink comp="182" pin=0"/></net>

<net id="194"><net_src comp="32" pin="0"/><net_sink comp="182" pin=1"/></net>

<net id="195"><net_src comp="34" pin="0"/><net_sink comp="182" pin=2"/></net>

<net id="196"><net_src comp="36" pin="0"/><net_sink comp="182" pin=3"/></net>

<net id="197"><net_src comp="38" pin="0"/><net_sink comp="182" pin=4"/></net>

<net id="205"><net_src comp="64" pin="0"/><net_sink comp="198" pin=0"/></net>

<net id="206"><net_src comp="40" pin="0"/><net_sink comp="198" pin=1"/></net>

<net id="207"><net_src comp="42" pin="0"/><net_sink comp="198" pin=2"/></net>

<net id="208"><net_src comp="44" pin="0"/><net_sink comp="198" pin=3"/></net>

<net id="209"><net_src comp="46" pin="0"/><net_sink comp="198" pin=4"/></net>

<net id="221"><net_src comp="66" pin="0"/><net_sink comp="210" pin=0"/></net>

<net id="222"><net_src comp="48" pin="0"/><net_sink comp="210" pin=1"/></net>

<net id="223"><net_src comp="50" pin="0"/><net_sink comp="210" pin=2"/></net>

<net id="224"><net_src comp="52" pin="0"/><net_sink comp="210" pin=3"/></net>

<net id="225"><net_src comp="54" pin="0"/><net_sink comp="210" pin=4"/></net>

<net id="229"><net_src comp="114" pin="5"/><net_sink comp="226" pin=0"/></net>

<net id="230"><net_src comp="226" pin="1"/><net_sink comp="126" pin=5"/></net>

<net id="234"><net_src comp="114" pin="5"/><net_sink comp="231" pin=0"/></net>

<net id="235"><net_src comp="231" pin="1"/><net_sink comp="126" pin=6"/></net>

<net id="239"><net_src comp="114" pin="5"/><net_sink comp="236" pin=0"/></net>

<net id="240"><net_src comp="236" pin="1"/><net_sink comp="126" pin=7"/></net>

<net id="244"><net_src comp="114" pin="5"/><net_sink comp="241" pin=0"/></net>

<net id="245"><net_src comp="241" pin="1"/><net_sink comp="126" pin=8"/></net>

<net id="249"><net_src comp="142" pin="5"/><net_sink comp="246" pin=0"/></net>

<net id="250"><net_src comp="246" pin="1"/><net_sink comp="154" pin=5"/></net>

<net id="254"><net_src comp="142" pin="5"/><net_sink comp="251" pin=0"/></net>

<net id="255"><net_src comp="251" pin="1"/><net_sink comp="154" pin=6"/></net>

<net id="259"><net_src comp="142" pin="5"/><net_sink comp="256" pin=0"/></net>

<net id="260"><net_src comp="256" pin="1"/><net_sink comp="154" pin=7"/></net>

<net id="264"><net_src comp="142" pin="5"/><net_sink comp="261" pin=0"/></net>

<net id="265"><net_src comp="261" pin="1"/><net_sink comp="154" pin=8"/></net>

<net id="269"><net_src comp="170" pin="5"/><net_sink comp="266" pin=0"/></net>

<net id="270"><net_src comp="266" pin="1"/><net_sink comp="182" pin=5"/></net>

<net id="274"><net_src comp="170" pin="5"/><net_sink comp="271" pin=0"/></net>

<net id="275"><net_src comp="271" pin="1"/><net_sink comp="182" pin=6"/></net>

<net id="279"><net_src comp="170" pin="5"/><net_sink comp="276" pin=0"/></net>

<net id="280"><net_src comp="276" pin="1"/><net_sink comp="182" pin=7"/></net>

<net id="284"><net_src comp="170" pin="5"/><net_sink comp="281" pin=0"/></net>

<net id="285"><net_src comp="281" pin="1"/><net_sink comp="182" pin=8"/></net>

<net id="289"><net_src comp="198" pin="5"/><net_sink comp="286" pin=0"/></net>

<net id="290"><net_src comp="286" pin="1"/><net_sink comp="210" pin=5"/></net>

<net id="294"><net_src comp="198" pin="5"/><net_sink comp="291" pin=0"/></net>

<net id="295"><net_src comp="291" pin="1"/><net_sink comp="210" pin=6"/></net>

<net id="299"><net_src comp="198" pin="5"/><net_sink comp="296" pin=0"/></net>

<net id="300"><net_src comp="296" pin="1"/><net_sink comp="210" pin=7"/></net>

<net id="304"><net_src comp="198" pin="5"/><net_sink comp="301" pin=0"/></net>

<net id="305"><net_src comp="301" pin="1"/><net_sink comp="210" pin=8"/></net>

<net id="309"><net_src comp="226" pin="1"/><net_sink comp="306" pin=0"/></net>

<net id="310"><net_src comp="306" pin="1"/><net_sink comp="126" pin=5"/></net>

<net id="314"><net_src comp="231" pin="1"/><net_sink comp="311" pin=0"/></net>

<net id="315"><net_src comp="311" pin="1"/><net_sink comp="126" pin=6"/></net>

<net id="319"><net_src comp="236" pin="1"/><net_sink comp="316" pin=0"/></net>

<net id="320"><net_src comp="316" pin="1"/><net_sink comp="126" pin=7"/></net>

<net id="324"><net_src comp="241" pin="1"/><net_sink comp="321" pin=0"/></net>

<net id="325"><net_src comp="321" pin="1"/><net_sink comp="126" pin=8"/></net>

<net id="329"><net_src comp="246" pin="1"/><net_sink comp="326" pin=0"/></net>

<net id="330"><net_src comp="326" pin="1"/><net_sink comp="154" pin=5"/></net>

<net id="334"><net_src comp="251" pin="1"/><net_sink comp="331" pin=0"/></net>

<net id="335"><net_src comp="331" pin="1"/><net_sink comp="154" pin=6"/></net>

<net id="339"><net_src comp="256" pin="1"/><net_sink comp="336" pin=0"/></net>

<net id="340"><net_src comp="336" pin="1"/><net_sink comp="154" pin=7"/></net>

<net id="344"><net_src comp="261" pin="1"/><net_sink comp="341" pin=0"/></net>

<net id="345"><net_src comp="341" pin="1"/><net_sink comp="154" pin=8"/></net>

<net id="349"><net_src comp="266" pin="1"/><net_sink comp="346" pin=0"/></net>

<net id="350"><net_src comp="346" pin="1"/><net_sink comp="182" pin=5"/></net>

<net id="354"><net_src comp="271" pin="1"/><net_sink comp="351" pin=0"/></net>

<net id="355"><net_src comp="351" pin="1"/><net_sink comp="182" pin=6"/></net>

<net id="359"><net_src comp="276" pin="1"/><net_sink comp="356" pin=0"/></net>

<net id="360"><net_src comp="356" pin="1"/><net_sink comp="182" pin=7"/></net>

<net id="364"><net_src comp="281" pin="1"/><net_sink comp="361" pin=0"/></net>

<net id="365"><net_src comp="361" pin="1"/><net_sink comp="182" pin=8"/></net>

<net id="369"><net_src comp="286" pin="1"/><net_sink comp="366" pin=0"/></net>

<net id="370"><net_src comp="366" pin="1"/><net_sink comp="210" pin=5"/></net>

<net id="374"><net_src comp="291" pin="1"/><net_sink comp="371" pin=0"/></net>

<net id="375"><net_src comp="371" pin="1"/><net_sink comp="210" pin=6"/></net>

<net id="379"><net_src comp="296" pin="1"/><net_sink comp="376" pin=0"/></net>

<net id="380"><net_src comp="376" pin="1"/><net_sink comp="210" pin=7"/></net>

<net id="384"><net_src comp="301" pin="1"/><net_sink comp="381" pin=0"/></net>

<net id="385"><net_src comp="381" pin="1"/><net_sink comp="210" pin=8"/></net>

</net_list>

</model> 
---------------- Datapath Model END ------------------

* FSMD analyzer results:
  - Output states:
	Port: arg1_axis_out_V_data_V | {2 }
	Port: arg1_axis_out_V_keep_V | {2 }
	Port: arg1_axis_out_V_strb_V | {2 }
	Port: arg1_axis_out_V_last_V | {2 }
	Port: arg2_axis_out_V_data_V | {2 }
	Port: arg2_axis_out_V_keep_V | {2 }
	Port: arg2_axis_out_V_strb_V | {2 }
	Port: arg2_axis_out_V_last_V | {2 }
	Port: arg3_axis_out_V_data_V | {2 }
	Port: arg3_axis_out_V_keep_V | {2 }
	Port: arg3_axis_out_V_strb_V | {2 }
	Port: arg3_axis_out_V_last_V | {2 }
	Port: arg4_axis_out_V_data_V | {2 }
	Port: arg4_axis_out_V_keep_V | {2 }
	Port: arg4_axis_out_V_strb_V | {2 }
	Port: arg4_axis_out_V_last_V | {2 }
 - Input state : 
	Port: repeater_outerloop_0 : arg0_axis_in_V_data_V | {1 }
	Port: repeater_outerloop_0 : arg0_axis_in_V_keep_V | {1 }
	Port: repeater_outerloop_0 : arg0_axis_in_V_strb_V | {1 }
	Port: repeater_outerloop_0 : arg0_axis_in_V_last_V | {1 }
	Port: repeater_outerloop_0 : arg1_axis_in_V_data_V | {1 }
	Port: repeater_outerloop_0 : arg1_axis_in_V_keep_V | {1 }
	Port: repeater_outerloop_0 : arg1_axis_in_V_strb_V | {1 }
	Port: repeater_outerloop_0 : arg1_axis_in_V_last_V | {1 }
	Port: repeater_outerloop_0 : arg2_axis_in_V_data_V | {1 }
	Port: repeater_outerloop_0 : arg2_axis_in_V_keep_V | {1 }
	Port: repeater_outerloop_0 : arg2_axis_in_V_strb_V | {1 }
	Port: repeater_outerloop_0 : arg2_axis_in_V_last_V | {1 }
	Port: repeater_outerloop_0 : arg3_axis_in_V_data_V | {1 }
	Port: repeater_outerloop_0 : arg3_axis_in_V_keep_V | {1 }
	Port: repeater_outerloop_0 : arg3_axis_in_V_strb_V | {1 }
	Port: repeater_outerloop_0 : arg3_axis_in_V_last_V | {1 }
  - Chain level:
	State 1
		write_ln258 : 1
		write_ln258 : 1
		write_ln258 : 1
		write_ln258 : 1
	State 2


============================================================
+ Verbose Summary: Datapath Resource usage 
============================================================

* Functional unit list:
|----------|----------------------|
| Operation|    Functional Unit   |
|----------|----------------------|
|          |   empty_read_fu_114  |
|   read   | empty_14_read_fu_142 |
|          | empty_15_read_fu_170 |
|          | empty_16_read_fu_198 |
|----------|----------------------|
|          |   grp_write_fu_126   |
|   write  |   grp_write_fu_154   |
|          |   grp_write_fu_182   |
|          |   grp_write_fu_210   |
|----------|----------------------|
|          |   tmp_data_V_fu_226  |
|          |   tmp_keep_V_fu_231  |
|          |   tmp_strb_V_fu_236  |
|          |   tmp_last_V_fu_241  |
|          |  tmp_data_V_1_fu_246 |
|          |  tmp_keep_V_1_fu_251 |
|          |  tmp_strb_V_1_fu_256 |
|extractvalue|  tmp_last_V_1_fu_261 |
|          |  tmp_data_V_2_fu_266 |
|          |  tmp_keep_V_2_fu_271 |
|          |  tmp_strb_V_2_fu_276 |
|          |  tmp_last_V_2_fu_281 |
|          |  tmp_data_V_3_fu_286 |
|          |  tmp_keep_V_3_fu_291 |
|          |  tmp_strb_V_3_fu_296 |
|          |  tmp_last_V_3_fu_301 |
|----------|----------------------|
|   Total  |                      |
|----------|----------------------|

Memories:
N/A

* Register list:
+--------------------+--------+
|                    |   FF   |
+--------------------+--------+
|tmp_data_V_1_reg_326|   256  |
|tmp_data_V_2_reg_346|   256  |
|tmp_data_V_3_reg_366|   256  |
| tmp_data_V_reg_306 |   256  |
|tmp_keep_V_1_reg_331|   32   |
|tmp_keep_V_2_reg_351|   32   |
|tmp_keep_V_3_reg_371|   32   |
| tmp_keep_V_reg_311 |   32   |
|tmp_last_V_1_reg_341|    1   |
|tmp_last_V_2_reg_361|    1   |
|tmp_last_V_3_reg_381|    1   |
| tmp_last_V_reg_321 |    1   |
|tmp_strb_V_1_reg_336|   32   |
|tmp_strb_V_2_reg_356|   32   |
|tmp_strb_V_3_reg_376|   32   |
| tmp_strb_V_reg_316 |   32   |
+--------------------+--------+
|        Total       |  1284  |
+--------------------+--------+

* Multiplexer (MUX) list: 
|------------------|------|------|------|--------||---------||---------|
|       Comp       |  Pin | Size |  BW  | S x BW ||  Delay  ||   LUT   |
|------------------|------|------|------|--------||---------||---------|
| grp_write_fu_126 |  p5  |   2  |  256 |   512  ||    9    |
| grp_write_fu_126 |  p6  |   2  |  32  |   64   ||    9    |
| grp_write_fu_126 |  p7  |   2  |  32  |   64   ||    9    |
| grp_write_fu_126 |  p8  |   2  |   1  |    2   ||    9    |
| grp_write_fu_154 |  p5  |   2  |  256 |   512  ||    9    |
| grp_write_fu_154 |  p6  |   2  |  32  |   64   ||    9    |
| grp_write_fu_154 |  p7  |   2  |  32  |   64   ||    9    |
| grp_write_fu_154 |  p8  |   2  |   1  |    2   ||    9    |
| grp_write_fu_182 |  p5  |   2  |  256 |   512  ||    9    |
| grp_write_fu_182 |  p6  |   2  |  32  |   64   ||    9    |
| grp_write_fu_182 |  p7  |   2  |  32  |   64   ||    9    |
| grp_write_fu_182 |  p8  |   2  |   1  |    2   ||    9    |
| grp_write_fu_210 |  p5  |   2  |  256 |   512  ||    9    |
| grp_write_fu_210 |  p6  |   2  |  32  |   64   ||    9    |
| grp_write_fu_210 |  p7  |   2  |  32  |   64   ||    9    |
| grp_write_fu_210 |  p8  |   2  |   1  |    2   ||    9    |
|------------------|------|------|------|--------||---------||---------|
|       Total      |      |      |      |  2568  ||  6.192  ||   144   |
|------------------|------|------|------|--------||---------||---------|



* Summary:
+-----------+--------+--------+--------+
|           |  Delay |   FF   |   LUT  |
+-----------+--------+--------+--------+
|  Function |    -   |    -   |    -   |
|   Memory  |    -   |    -   |    -   |
|Multiplexer|    6   |    -   |   144  |
|  Register |    -   |  1284  |    -   |
+-----------+--------+--------+--------+
|   Total   |    6   |  1284  |   144  |
+-----------+--------+--------+--------+
