

================================================================
== Vitis HLS Report for 'stencilRun_1'
================================================================
* Date:           Tue Aug 11 20:35:50 2026

* Version:        2022.2 (Build 3670227 on Oct 13 2022)
* Project:        kernel_outerloop_0_1
* Solution:       solution (Vitis Kernel Flow Target)
* Product family: virtexuplus
* Target device:  xcu280-fsvh2892-2L-e


================================================================
== Performance Estimates
================================================================
+ Timing: 
    * Summary: 
    +--------+---------+----------+------------+
    |  Clock |  Target | Estimated| Uncertainty|
    +--------+---------+----------+------------+
    |ap_clk  |  3.33 ns|  2.342 ns|     0.90 ns|
    +--------+---------+----------+------------+

+ Latency: 
    * Summary: 
    +---------+---------+----------+----------+-----+-----+---------+
    |  Latency (cycles) |  Latency (absolute) |  Interval | Pipeline|
    |   min   |   max   |    min   |    max   | min | max |   Type  |
    +---------+---------+----------+----------+-----+-----+---------+
    |        ?|        ?|         ?|         ?|    ?|    ?|       no|
    +---------+---------+----------+----------+-----+-----+---------+

    + Detail: 
        * Instance: 
        +---------------------------------------------------+----------------------------------------+---------+---------+----------+----------+-----+-----+---------+
        |                                                   |                                        |  Latency (cycles) |  Latency (absolute) |  Interval | Pipeline|
        |                      Instance                     |                 Module                 |   min   |   max   |    min   |    max   | min | max |   Type  |
        +---------------------------------------------------+----------------------------------------+---------+---------+----------+----------+-----+-----+---------+
        |grp_stencilRun_1_Pipeline_VITIS_LOOP_239_1_fu_118  |stencilRun_1_Pipeline_VITIS_LOOP_239_1  |        ?|        ?|         ?|         ?|    ?|    ?|       no|
        +---------------------------------------------------+----------------------------------------+---------+---------+----------+----------+-----+-----+---------+

        * Loop: 
        N/A

============================================================
+ Verbose Summary: Synthesis Manager
============================================================
InlineROM: 1
ExposeGlobal: 0
============================================================
+ Verbose Summary: CDFG Model
============================================================
IsTopModel: 0
ResetActiveHigh: 1
IsCombinational: 0
IsDatapathOnly: 0
HasWiredReturn: 1
HasMFsm: 0
HasVarLatency: 1
IsPipeline: 0
IsRtlPipelined: 0
IsInstanceOverlapped: 0
IsDontTouch: 0
HasImplIP: 0
IsGatedGlobalClock: 0


============================================================
+ Verbose Summary: Schedule
============================================================
* Number of FSM states : 5
* Pipeline : 0
* Dataflow Pipeline: 0

* FSM state transitions: 
1 --> 2 
2 --> 3 
3 --> 4 
4 --> 5 
5 --> 

* FSM state operations: 

State 1 <SV = 0> <Delay = 1.64>
ST_1 : Operation 6 [1/1] (0.00ns)   --->   "%p_read_18 = read i16 @_ssdm_op_Read.ap_auto.i16, i16 %p_read2"   --->   Operation 6 'read' 'p_read_18' <Predicate = true> <Delay = 0.00>
ST_1 : Operation 7 [1/1] (0.00ns)   --->   "%p_read_19 = read i16 @_ssdm_op_Read.ap_auto.i16, i16 %p_read1"   --->   Operation 7 'read' 'p_read_19' <Predicate = true> <Delay = 0.00>
ST_1 : Operation 8 [1/1] (0.00ns)   --->   "%p_read26 = read i14 @_ssdm_op_Read.ap_auto.i14, i14 %p_read"   --->   Operation 8 'read' 'p_read26' <Predicate = true> <Delay = 0.00>
ST_1 : Operation 9 [1/1] (1.64ns)   --->   "%arg0_buf_r0_1_p0_V = alloca i64 1" [/home/x_thileeb/repos/ops-hls-batching-new/codegen_apps/tiling/poisson2d/u280_project/maxtile_8192_interleave_p8/hls/device/include/PE_poisson_kernel_stencil.hpp:206]   --->   Operation 9 'alloca' 'arg0_buf_r0_1_p0_V' <Predicate = true> <Delay = 1.64> <CoreInst = "RAM_S2P_URAM">   --->   Core 98 'RAM_S2P_URAM' <Latency = 2> <II = 1> <Delay = 1.64> <Storage> <Opcode : 'load' 'store'> <Ports = 2> <Width = 544> <Depth = 128> <RAM>
ST_1 : Operation 10 [1/1] (1.20ns)   --->   "%arg0_buf_r1_2_p0_V = alloca i64 1" [/home/x_thileeb/repos/ops-hls-batching-new/codegen_apps/tiling/poisson2d/u280_project/maxtile_8192_interleave_p8/hls/device/include/PE_poisson_kernel_stencil.hpp:211]   --->   Operation 10 'alloca' 'arg0_buf_r1_2_p0_V' <Predicate = true> <Delay = 1.20> <CoreInst = "RAM_S2P_BRAM">   --->   Core 97 'RAM_S2P_BRAM' <Latency = 2> <II = 1> <Delay = 1.20> <Storage> <Opcode : 'load' 'store'> <Ports = 2> <Width = 576> <Depth = 128> <RAM>
ST_1 : Operation 11 [1/1] (0.00ns)   --->   "%zext_ln115 = zext i14 %p_read26" [/home/x_thileeb/repos/ops-hls-batching-new/codegen_apps/tiling/poisson2d/u280_project/maxtile_8192_interleave_p8/hls/device/include/PE_poisson_kernel_stencil.hpp:115]   --->   Operation 11 'zext' 'zext_ln115' <Predicate = true> <Delay = 0.00>
ST_1 : Operation 12 [1/1] (0.00ns)   --->   "%trunc_ln115 = trunc i14 %p_read26" [/home/x_thileeb/repos/ops-hls-batching-new/codegen_apps/tiling/poisson2d/u280_project/maxtile_8192_interleave_p8/hls/device/include/PE_poisson_kernel_stencil.hpp:115]   --->   Operation 12 'trunc' 'trunc_ln115' <Predicate = true> <Delay = 0.00>
ST_1 : Operation 13 [1/1] (0.00ns)   --->   "%zext_ln138 = zext i16 %p_read_18" [/home/x_thileeb/repos/ops-hls-batching-new/codegen_apps/tiling/poisson2d/u280_project/maxtile_8192_interleave_p8/hls/device/include/PE_poisson_kernel_stencil.hpp:138]   --->   Operation 13 'zext' 'zext_ln138' <Predicate = true> <Delay = 0.00>
ST_1 : Operation 14 [1/1] (0.00ns)   --->   "%zext_ln173 = zext i16 %p_read_19" [/home/x_thileeb/repos/ops-hls-batching-new/codegen_apps/tiling/poisson2d/u280_project/maxtile_8192_interleave_p8/hls/device/include/PE_poisson_kernel_stencil.hpp:173]   --->   Operation 14 'zext' 'zext_ln173' <Predicate = true> <Delay = 0.00>
ST_1 : Operation 15 [4/4] (0.53ns) (root node of the DSP)   --->   "%S2D_00_P10_M10_0P1_0M1_read_ub_itr = mul i30 %zext_ln173, i30 %zext_ln115" [/home/x_thileeb/repos/ops-hls-batching-new/codegen_apps/tiling/poisson2d/u280_project/maxtile_8192_interleave_p8/hls/device/include/PE_poisson_kernel_stencil.hpp:173]   --->   Operation 15 'mul' 'S2D_00_P10_M10_0P1_0M1_read_ub_itr' <Predicate = true> <Delay = 0.53> <CoreInst = "DSP48">   --->   Core 127 'DSP48' <Latency = 3> <II = 1> <Delay = 0.53> <IPBlock> <Opcode : 'mul' 'add' 'sub' 'select'> <InPorts = 0> <OutPorts = 1> <Sync> <CReg>
ST_1 : Operation 16 [4/4] (0.53ns) (root node of the DSP)   --->   "%mul_ln239 = mul i30 %zext_ln138, i30 %zext_ln115" [/home/x_thileeb/repos/ops-hls-batching-new/codegen_apps/tiling/poisson2d/u280_project/maxtile_8192_interleave_p8/hls/device/include/PE_poisson_kernel_stencil.hpp:239]   --->   Operation 16 'mul' 'mul_ln239' <Predicate = true> <Delay = 0.53> <CoreInst = "DSP48">   --->   Core 127 'DSP48' <Latency = 3> <II = 1> <Delay = 0.53> <IPBlock> <Opcode : 'mul' 'add' 'sub' 'select'> <InPorts = 0> <OutPorts = 1> <Sync> <CReg>

State 2 <SV = 1> <Delay = 0.53>
ST_2 : Operation 17 [3/4] (0.53ns) (root node of the DSP)   --->   "%S2D_00_P10_M10_0P1_0M1_read_ub_itr = mul i30 %zext_ln173, i30 %zext_ln115" [/home/x_thileeb/repos/ops-hls-batching-new/codegen_apps/tiling/poisson2d/u280_project/maxtile_8192_interleave_p8/hls/device/include/PE_poisson_kernel_stencil.hpp:173]   --->   Operation 17 'mul' 'S2D_00_P10_M10_0P1_0M1_read_ub_itr' <Predicate = true> <Delay = 0.53> <CoreInst = "DSP48">   --->   Core 127 'DSP48' <Latency = 3> <II = 1> <Delay = 0.53> <IPBlock> <Opcode : 'mul' 'add' 'sub' 'select'> <InPorts = 0> <OutPorts = 1> <Sync> <CReg>
ST_2 : Operation 18 [3/4] (0.53ns) (root node of the DSP)   --->   "%mul_ln239 = mul i30 %zext_ln138, i30 %zext_ln115" [/home/x_thileeb/repos/ops-hls-batching-new/codegen_apps/tiling/poisson2d/u280_project/maxtile_8192_interleave_p8/hls/device/include/PE_poisson_kernel_stencil.hpp:239]   --->   Operation 18 'mul' 'mul_ln239' <Predicate = true> <Delay = 0.53> <CoreInst = "DSP48">   --->   Core 127 'DSP48' <Latency = 3> <II = 1> <Delay = 0.53> <IPBlock> <Opcode : 'mul' 'add' 'sub' 'select'> <InPorts = 0> <OutPorts = 1> <Sync> <CReg>

State 3 <SV = 2> <Delay = 1.02>
ST_3 : Operation 19 [1/1] (0.00ns)   --->   "%p_read_14 = read i3 @_ssdm_op_Read.ap_auto.i3, i3 %p_read3"   --->   Operation 19 'read' 'p_read_14' <Predicate = true> <Delay = 0.00>
ST_3 : Operation 20 [1/1] (0.00ns)   --->   "%p_read_15 = read i14 @_ssdm_op_Read.ap_auto.i14, i14 %p_read25"   --->   Operation 20 'read' 'p_read_15' <Predicate = true> <Delay = 0.00>
ST_3 : Operation 21 [1/1] (0.00ns)   --->   "%p_read_16 = read i1 @_ssdm_op_Read.ap_auto.i1, i1 %p_read4"   --->   Operation 21 'read' 'p_read_16' <Predicate = true> <Delay = 0.00>
ST_3 : Operation 22 [1/1] (0.00ns)   --->   "%p_read_17 = read i16 @_ssdm_op_Read.ap_auto.i16, i16 %p_read13"   --->   Operation 22 'read' 'p_read_17' <Predicate = true> <Delay = 0.00>
ST_3 : Operation 23 [1/1] (0.00ns)   --->   "%p_read3_cast2 = zext i3 %p_read_14"   --->   Operation 23 'zext' 'p_read3_cast2' <Predicate = true> <Delay = 0.00>
ST_3 : Operation 24 [1/1] (0.00ns)   --->   "%true_tile_size_x = bitconcatenate i16 @_ssdm_op_BitConcatenate.i16.i10.i6, i10 %trunc_ln115, i6 0" [/home/x_thileeb/repos/ops-hls-batching-new/codegen_apps/tiling/poisson2d/u280_project/maxtile_8192_interleave_p8/hls/device/include/PE_poisson_kernel_stencil.hpp:115]   --->   Operation 24 'bitconcatenate' 'true_tile_size_x' <Predicate = true> <Delay = 0.00>
ST_3 : Operation 25 [1/1] (0.78ns)   --->   "%add_ln136 = add i16 %p_read_17, i16 65535" [/home/x_thileeb/repos/ops-hls-batching-new/codegen_apps/tiling/poisson2d/u280_project/maxtile_8192_interleave_p8/hls/device/include/PE_poisson_kernel_stencil.hpp:136]   --->   Operation 25 'add' 'add_ln136' <Predicate = true> <Delay = 0.78> <CoreInst = "Adder">   --->   Core 1 'Adder' <Latency = 0> <II = 1> <Delay = 0.78> <FuncUnit> <Opcode : 'add' 'sub'> <InPorts = 2> <OutPorts = 1>
ST_3 : Operation 26 [1/1] (0.00ns) (grouped into TernaryAdder)   --->   "%adj_half_span_x_upper = add i16 %true_tile_size_x, i16 65535" [/home/x_thileeb/repos/ops-hls-batching-new/codegen_apps/tiling/poisson2d/u280_project/maxtile_8192_interleave_p8/hls/device/include/PE_poisson_kernel_stencil.hpp:130]   --->   Operation 26 'add' 'adj_half_span_x_upper' <Predicate = true> <Delay = 0.00> <CoreInst = "TAddSub">   --->   Core 10 'TAddSub' <Latency = 0> <II = 1> <Delay = 0.33> <IPBlock> <Opcode : 'add' 'sub'> <InPorts = 3> <OutPorts = 1> <Sync> <CReg>
ST_3 : Operation 27 [1/1] (0.67ns) (root node of TernaryAdder)   --->   "%sub_ln136 = sub i16 %adj_half_span_x_upper, i16 %p_read3_cast2" [/home/x_thileeb/repos/ops-hls-batching-new/codegen_apps/tiling/poisson2d/u280_project/maxtile_8192_interleave_p8/hls/device/include/PE_poisson_kernel_stencil.hpp:136]   --->   Operation 27 'sub' 'sub_ln136' <Predicate = true> <Delay = 0.67> <CoreInst = "TAddSub">   --->   Core 10 'TAddSub' <Latency = 0> <II = 1> <Delay = 0.33> <IPBlock> <Opcode : 'add' 'sub'> <InPorts = 3> <OutPorts = 1> <Sync> <CReg>
ST_3 : Operation 28 [1/1] (0.24ns)   --->   "%upper_limit_x = select i1 %p_read_16, i16 %add_ln136, i16 %sub_ln136" [/home/x_thileeb/repos/ops-hls-batching-new/codegen_apps/tiling/poisson2d/u280_project/maxtile_8192_interleave_p8/hls/device/include/PE_poisson_kernel_stencil.hpp:136]   --->   Operation 28 'select' 'upper_limit_x' <Predicate = true> <Delay = 0.24> <CoreInst = "Sel">   --->   Core 73 'Sel' <Latency = 0> <II = 1> <Delay = 0.24> <FuncUnit> <Opcode : 'select'> <InPorts = 3> <OutPorts = 1>
ST_3 : Operation 29 [2/4] (0.53ns) (root node of the DSP)   --->   "%S2D_00_P10_M10_0P1_0M1_read_ub_itr = mul i30 %zext_ln173, i30 %zext_ln115" [/home/x_thileeb/repos/ops-hls-batching-new/codegen_apps/tiling/poisson2d/u280_project/maxtile_8192_interleave_p8/hls/device/include/PE_poisson_kernel_stencil.hpp:173]   --->   Operation 29 'mul' 'S2D_00_P10_M10_0P1_0M1_read_ub_itr' <Predicate = true> <Delay = 0.53> <CoreInst = "DSP48">   --->   Core 127 'DSP48' <Latency = 3> <II = 1> <Delay = 0.53> <IPBlock> <Opcode : 'mul' 'add' 'sub' 'select'> <InPorts = 0> <OutPorts = 1> <Sync> <CReg>
ST_3 : Operation 30 [2/4] (0.53ns) (root node of the DSP)   --->   "%mul_ln239 = mul i30 %zext_ln138, i30 %zext_ln115" [/home/x_thileeb/repos/ops-hls-batching-new/codegen_apps/tiling/poisson2d/u280_project/maxtile_8192_interleave_p8/hls/device/include/PE_poisson_kernel_stencil.hpp:239]   --->   Operation 30 'mul' 'mul_ln239' <Predicate = true> <Delay = 0.53> <CoreInst = "DSP48">   --->   Core 127 'DSP48' <Latency = 3> <II = 1> <Delay = 0.53> <IPBlock> <Opcode : 'mul' 'add' 'sub' 'select'> <InPorts = 0> <OutPorts = 1> <Sync> <CReg>

State 4 <SV = 3> <Delay = 2.00>
ST_4 : Operation 31 [1/1] (0.00ns)   --->   "%p_read_cast3 = zext i14 %p_read26"   --->   Operation 31 'zext' 'p_read_cast3' <Predicate = true> <Delay = 0.00>
ST_4 : Operation 32 [1/1] (0.00ns)   --->   "%p_read3_cast = zext i3 %p_read_14"   --->   Operation 32 'zext' 'p_read3_cast' <Predicate = true> <Delay = 0.00>
ST_4 : Operation 33 [1/1] (0.57ns)   --->   "%adj_half_span_x_lower = add i4 %p_read3_cast, i4 1" [/home/x_thileeb/repos/ops-hls-batching-new/codegen_apps/tiling/poisson2d/u280_project/maxtile_8192_interleave_p8/hls/device/include/PE_poisson_kernel_stencil.hpp:129]   --->   Operation 33 'add' 'adj_half_span_x_lower' <Predicate = true> <Delay = 0.57> <CoreInst = "Adder">   --->   Core 1 'Adder' <Latency = 0> <II = 1> <Delay = 0.57> <FuncUnit> <Opcode : 'add' 'sub'> <InPorts = 2> <OutPorts = 1>
ST_4 : Operation 34 [1/1] (0.78ns)   --->   "%upper_limit_y = add i16 %p_read_18, i16 65534" [/home/x_thileeb/repos/ops-hls-batching-new/codegen_apps/tiling/poisson2d/u280_project/maxtile_8192_interleave_p8/hls/device/include/PE_poisson_kernel_stencil.hpp:138]   --->   Operation 34 'add' 'upper_limit_y' <Predicate = true> <Delay = 0.78> <CoreInst = "Adder">   --->   Core 1 'Adder' <Latency = 0> <II = 1> <Delay = 0.78> <FuncUnit> <Opcode : 'add' 'sub'> <InPorts = 2> <OutPorts = 1>
ST_4 : Operation 35 [1/4] (0.00ns) (root node of the DSP)   --->   "%S2D_00_P10_M10_0P1_0M1_read_ub_itr = mul i30 %zext_ln173, i30 %zext_ln115" [/home/x_thileeb/repos/ops-hls-batching-new/codegen_apps/tiling/poisson2d/u280_project/maxtile_8192_interleave_p8/hls/device/include/PE_poisson_kernel_stencil.hpp:173]   --->   Operation 35 'mul' 'S2D_00_P10_M10_0P1_0M1_read_ub_itr' <Predicate = true> <Delay = 0.00> <CoreInst = "DSP48">   --->   Core 127 'DSP48' <Latency = 3> <II = 1> <Delay = 0.53> <IPBlock> <Opcode : 'mul' 'add' 'sub' 'select'> <InPorts = 0> <OutPorts = 1> <Sync> <CReg>
ST_4 : Operation 36 [1/1] (0.76ns)   --->   "%cond_x_val = add i15 %p_read_cast3, i15 32767" [/home/x_thileeb/repos/ops-hls-batching-new/codegen_apps/tiling/poisson2d/u280_project/maxtile_8192_interleave_p8/hls/device/include/PE_poisson_kernel_stencil.hpp:223]   --->   Operation 36 'add' 'cond_x_val' <Predicate = true> <Delay = 0.76> <CoreInst = "Adder">   --->   Core 1 'Adder' <Latency = 0> <II = 1> <Delay = 0.76> <FuncUnit> <Opcode : 'add' 'sub'> <InPorts = 2> <OutPorts = 1>
ST_4 : Operation 37 [1/1] (0.78ns)   --->   "%cond_y_val = add i16 %p_read_18, i16 65535" [/home/x_thileeb/repos/ops-hls-batching-new/codegen_apps/tiling/poisson2d/u280_project/maxtile_8192_interleave_p8/hls/device/include/PE_poisson_kernel_stencil.hpp:224]   --->   Operation 37 'add' 'cond_y_val' <Predicate = true> <Delay = 0.78> <CoreInst = "Adder">   --->   Core 1 'Adder' <Latency = 0> <II = 1> <Delay = 0.78> <FuncUnit> <Opcode : 'add' 'sub'> <InPorts = 2> <OutPorts = 1>
ST_4 : Operation 38 [1/4] (0.00ns) (root node of the DSP)   --->   "%mul_ln239 = mul i30 %zext_ln138, i30 %zext_ln115" [/home/x_thileeb/repos/ops-hls-batching-new/codegen_apps/tiling/poisson2d/u280_project/maxtile_8192_interleave_p8/hls/device/include/PE_poisson_kernel_stencil.hpp:239]   --->   Operation 38 'mul' 'mul_ln239' <Predicate = true> <Delay = 0.00> <CoreInst = "DSP48">   --->   Core 127 'DSP48' <Latency = 3> <II = 1> <Delay = 0.53> <IPBlock> <Opcode : 'mul' 'add' 'sub' 'select'> <InPorts = 0> <OutPorts = 1> <Sync> <CReg>
ST_4 : Operation 39 [1/1] (0.00ns)   --->   "%empty = wait i32 @_ssdm_op_Wait"   --->   Operation 39 'wait' 'empty' <Predicate = true> <Delay = 0.00>
ST_4 : Operation 40 [2/2] (1.22ns)   --->   "%call_ln239 = call void @stencilRun.1_Pipeline_VITIS_LOOP_239_1, i30 %mul_ln239, i544 %arg0_buf_r0_1_p0_V, i576 %arg0_buf_r1_2_p0_V, i14 %p_read_15, i16 %upper_limit_y, i4 %adj_half_span_x_lower, i16 %upper_limit_x, i15 %cond_x_val, i16 %cond_y_val, i30 %S2D_00_P10_M10_0P1_0M1_read_ub_itr, i288 %arg0_poisson_kernel_stencil_in_subtile_stream_2_4, i288 %arg0_poisson_kernel_stencil_in_subtile_stream_2_5, i288 %arg1_poisson_kernel_stencil_out_subtile_stream_2_4, i288 %arg1_poisson_kernel_stencil_out_subtile_stream_2_5" [/home/x_thileeb/repos/ops-hls-batching-new/codegen_apps/tiling/poisson2d/u280_project/maxtile_8192_interleave_p8/hls/device/include/PE_poisson_kernel_stencil.hpp:239]   --->   Operation 40 'call' 'call_ln239' <Predicate = true> <Delay = 1.22> <CoreType = "Generic">   --->   Core 0 '' <Latency = 0> <II = 1> <Delay = 1.00> <Generic> <Opcode : >

State 5 <SV = 4> <Delay = 0.00>
ST_5 : Operation 41 [1/1] (0.00ns)   --->   "%specinterface_ln0 = specinterface void @_ssdm_op_SpecInterface, i288 %arg0_poisson_kernel_stencil_in_subtile_stream_2_4, void @empty_39, i32 0, i32 0, void @empty_5, i32 0, i32 0, void @empty_5, void @empty_5, void @empty_5, i32 0, i32 0, i32 0, i32 0, void @empty_5, void @empty_5, i32 4294967295, i32 0"   --->   Operation 41 'specinterface' 'specinterface_ln0' <Predicate = true> <Delay = 0.00>
ST_5 : Operation 42 [1/1] (0.00ns)   --->   "%specinterface_ln0 = specinterface void @_ssdm_op_SpecInterface, i288 %arg0_poisson_kernel_stencil_in_subtile_stream_2_5, void @empty_39, i32 0, i32 0, void @empty_5, i32 0, i32 0, void @empty_5, void @empty_5, void @empty_5, i32 0, i32 0, i32 0, i32 0, void @empty_5, void @empty_5, i32 4294967295, i32 0"   --->   Operation 42 'specinterface' 'specinterface_ln0' <Predicate = true> <Delay = 0.00>
ST_5 : Operation 43 [1/1] (0.00ns)   --->   "%specinterface_ln0 = specinterface void @_ssdm_op_SpecInterface, i288 %arg1_poisson_kernel_stencil_out_subtile_stream_2_4, void @empty_39, i32 0, i32 0, void @empty_5, i32 0, i32 0, void @empty_5, void @empty_5, void @empty_5, i32 0, i32 0, i32 0, i32 0, void @empty_5, void @empty_5, i32 4294967295, i32 0"   --->   Operation 43 'specinterface' 'specinterface_ln0' <Predicate = true> <Delay = 0.00>
ST_5 : Operation 44 [1/1] (0.00ns)   --->   "%specinterface_ln0 = specinterface void @_ssdm_op_SpecInterface, i288 %arg1_poisson_kernel_stencil_out_subtile_stream_2_5, void @empty_39, i32 0, i32 0, void @empty_5, i32 0, i32 0, void @empty_5, void @empty_5, void @empty_5, i32 0, i32 0, i32 0, i32 0, void @empty_5, void @empty_5, i32 4294967295, i32 0"   --->   Operation 44 'specinterface' 'specinterface_ln0' <Predicate = true> <Delay = 0.00>
ST_5 : Operation 45 [1/1] (0.00ns)   --->   "%specmemcore_ln207 = specmemcore void @_ssdm_op_SpecMemCore, i544 %arg0_buf_r0_1_p0_V, i64 666, i64 28, i64 2" [/home/x_thileeb/repos/ops-hls-batching-new/codegen_apps/tiling/poisson2d/u280_project/maxtile_8192_interleave_p8/hls/device/include/PE_poisson_kernel_stencil.hpp:207]   --->   Operation 45 'specmemcore' 'specmemcore_ln207' <Predicate = true> <Delay = 0.00>
ST_5 : Operation 46 [1/1] (0.00ns)   --->   "%specmemcore_ln212 = specmemcore void @_ssdm_op_SpecMemCore, i576 %arg0_buf_r1_2_p0_V, i64 666, i64 25, i64 2" [/home/x_thileeb/repos/ops-hls-batching-new/codegen_apps/tiling/poisson2d/u280_project/maxtile_8192_interleave_p8/hls/device/include/PE_poisson_kernel_stencil.hpp:212]   --->   Operation 46 'specmemcore' 'specmemcore_ln212' <Predicate = true> <Delay = 0.00>
ST_5 : Operation 47 [1/2] (0.00ns)   --->   "%call_ln239 = call void @stencilRun.1_Pipeline_VITIS_LOOP_239_1, i30 %mul_ln239, i544 %arg0_buf_r0_1_p0_V, i576 %arg0_buf_r1_2_p0_V, i14 %p_read_15, i16 %upper_limit_y, i4 %adj_half_span_x_lower, i16 %upper_limit_x, i15 %cond_x_val, i16 %cond_y_val, i30 %S2D_00_P10_M10_0P1_0M1_read_ub_itr, i288 %arg0_poisson_kernel_stencil_in_subtile_stream_2_4, i288 %arg0_poisson_kernel_stencil_in_subtile_stream_2_5, i288 %arg1_poisson_kernel_stencil_out_subtile_stream_2_4, i288 %arg1_poisson_kernel_stencil_out_subtile_stream_2_5" [/home/x_thileeb/repos/ops-hls-batching-new/codegen_apps/tiling/poisson2d/u280_project/maxtile_8192_interleave_p8/hls/device/include/PE_poisson_kernel_stencil.hpp:239]   --->   Operation 47 'call' 'call_ln239' <Predicate = true> <Delay = 0.00> <CoreType = "Generic">   --->   Core 0 '' <Latency = 0> <II = 1> <Delay = 1.00> <Generic> <Opcode : >
ST_5 : Operation 48 [1/1] (0.00ns)   --->   "%ret_ln463 = ret" [/home/x_thileeb/repos/ops-hls-batching-new/codegen_apps/tiling/poisson2d/u280_project/maxtile_8192_interleave_p8/hls/device/include/PE_poisson_kernel_stencil.hpp:463]   --->   Operation 48 'ret' 'ret_ln463' <Predicate = true> <Delay = 0.00>


============================================================
+ Verbose Summary: Binding
============================================================
STG Binding: 
---------------- STG Properties BEGIN ----------------
- Is combinational: 0
- Is one-state seq: 0
- Is datapath-only: 0
- Is pipelined: 0
- Is top level: 0
Port [ Return ] is wired: 1; IO mode=ap_ctrl_hs:ce=0
Port [ p_read]:  wired=1; compound=0; hidden=0; nouse=0; global=0; static=0; extern=0; dir=0; type=0; pingpong=0; private_global=0; IO mode=ap_none:ce=0
Port [ p_read1]:  wired=1; compound=0; hidden=0; nouse=0; global=0; static=0; extern=0; dir=0; type=0; pingpong=0; private_global=0; IO mode=ap_none:ce=0
Port [ p_read2]:  wired=1; compound=0; hidden=0; nouse=0; global=0; static=0; extern=0; dir=0; type=0; pingpong=0; private_global=0; IO mode=ap_none:ce=0
Port [ p_read13]:  wired=1; compound=0; hidden=0; nouse=0; global=0; static=0; extern=0; dir=0; type=0; pingpong=0; private_global=0; IO mode=ap_none:ce=0
Port [ p_read4]:  wired=1; compound=0; hidden=0; nouse=0; global=0; static=0; extern=0; dir=0; type=0; pingpong=0; private_global=0; IO mode=ap_none:ce=0
Port [ p_read25]:  wired=1; compound=0; hidden=0; nouse=0; global=0; static=0; extern=0; dir=0; type=0; pingpong=0; private_global=0; IO mode=ap_none:ce=0
Port [ p_read3]:  wired=1; compound=0; hidden=0; nouse=0; global=0; static=0; extern=0; dir=0; type=0; pingpong=0; private_global=0; IO mode=ap_none:ce=0
Port [ arg0_poisson_kernel_stencil_in_subtile_stream_2_4]:  wired=1; compound=1; hidden=0; nouse=0; global=0; static=0; extern=0; dir=0; type=3; pingpong=0; private_global=0; IO mode=ap_fifo:ce=0
Port [ arg0_poisson_kernel_stencil_in_subtile_stream_2_5]:  wired=1; compound=1; hidden=0; nouse=0; global=0; static=0; extern=0; dir=0; type=3; pingpong=0; private_global=0; IO mode=ap_fifo:ce=0
Port [ arg1_poisson_kernel_stencil_out_subtile_stream_2_4]:  wired=1; compound=1; hidden=0; nouse=0; global=0; static=0; extern=0; dir=1; type=3; pingpong=0; private_global=0; IO mode=ap_fifo:ce=0
Port [ arg1_poisson_kernel_stencil_out_subtile_stream_2_5]:  wired=1; compound=1; hidden=0; nouse=0; global=0; static=0; extern=0; dir=1; type=3; pingpong=0; private_global=0; IO mode=ap_fifo:ce=0
---------------- STG Properties END ------------------

---------------- Datapath Model BEGIN ----------------

<LifeTime>
<method=bitvector/>
p_read_18                          (read          ) [ 001110]
p_read_19                          (read          ) [ 000000]
p_read26                           (read          ) [ 001110]
arg0_buf_r0_1_p0_V                 (alloca        ) [ 001111]
arg0_buf_r1_2_p0_V                 (alloca        ) [ 001111]
zext_ln115                         (zext          ) [ 001110]
trunc_ln115                        (trunc         ) [ 001100]
zext_ln138                         (zext          ) [ 001110]
zext_ln173                         (zext          ) [ 001110]
p_read_14                          (read          ) [ 000010]
p_read_15                          (read          ) [ 000011]
p_read_16                          (read          ) [ 000000]
p_read_17                          (read          ) [ 000000]
p_read3_cast2                      (zext          ) [ 000000]
true_tile_size_x                   (bitconcatenate) [ 000000]
add_ln136                          (add           ) [ 000000]
adj_half_span_x_upper              (add           ) [ 000000]
sub_ln136                          (sub           ) [ 000000]
upper_limit_x                      (select        ) [ 000011]
p_read_cast3                       (zext          ) [ 000000]
p_read3_cast                       (zext          ) [ 000000]
adj_half_span_x_lower              (add           ) [ 000001]
upper_limit_y                      (add           ) [ 000001]
S2D_00_P10_M10_0P1_0M1_read_ub_itr (mul           ) [ 000001]
cond_x_val                         (add           ) [ 000001]
cond_y_val                         (add           ) [ 000001]
mul_ln239                          (mul           ) [ 000001]
empty                              (wait          ) [ 000000]
specinterface_ln0                  (specinterface ) [ 000000]
specinterface_ln0                  (specinterface ) [ 000000]
specinterface_ln0                  (specinterface ) [ 000000]
specinterface_ln0                  (specinterface ) [ 000000]
specmemcore_ln207                  (specmemcore   ) [ 000000]
specmemcore_ln212                  (specmemcore   ) [ 000000]
call_ln239                         (call          ) [ 000000]
ret_ln463                          (ret           ) [ 000000]
</LifeTime>

<model>

<comp_list>
<comp id="0" class="1000" name="p_read">
<pin_list>
<pin id="1" dir="1" index="0" bw="1" slack="0"/>
</pin_list>
<bind>
<StgValue><ssdm name="p_read"/></StgValue>
</bind>
</comp>

<comp id="2" class="1000" name="p_read1">
<pin_list>
<pin id="3" dir="1" index="0" bw="1" slack="0"/>
</pin_list>
<bind>
<StgValue><ssdm name="p_read1"/></StgValue>
</bind>
</comp>

<comp id="4" class="1000" name="p_read2">
<pin_list>
<pin id="5" dir="1" index="0" bw="1" slack="0"/>
</pin_list>
<bind>
<StgValue><ssdm name="p_read2"/></StgValue>
</bind>
</comp>

<comp id="6" class="1000" name="p_read13">
<pin_list>
<pin id="7" dir="1" index="0" bw="1" slack="0"/>
</pin_list>
<bind>
<StgValue><ssdm name="p_read13"/></StgValue>
</bind>
</comp>

<comp id="8" class="1000" name="p_read4">
<pin_list>
<pin id="9" dir="1" index="0" bw="1" slack="0"/>
</pin_list>
<bind>
<StgValue><ssdm name="p_read4"/></StgValue>
</bind>
</comp>

<comp id="10" class="1000" name="p_read25">
<pin_list>
<pin id="11" dir="1" index="0" bw="1" slack="0"/>
</pin_list>
<bind>
<StgValue><ssdm name="p_read25"/></StgValue>
</bind>
</comp>

<comp id="12" class="1000" name="p_read3">
<pin_list>
<pin id="13" dir="1" index="0" bw="1" slack="0"/>
</pin_list>
<bind>
<StgValue><ssdm name="p_read3"/></StgValue>
</bind>
</comp>

<comp id="14" class="1000" name="arg0_poisson_kernel_stencil_in_subtile_stream_2_4">
<pin_list>
<pin id="15" dir="1" index="0" bw="1" slack="0"/>
</pin_list>
<bind>
<StgValue><ssdm name="arg0_poisson_kernel_stencil_in_subtile_stream_2_4"/></StgValue>
</bind>
</comp>

<comp id="16" class="1000" name="arg0_poisson_kernel_stencil_in_subtile_stream_2_5">
<pin_list>
<pin id="17" dir="1" index="0" bw="1" slack="0"/>
</pin_list>
<bind>
<StgValue><ssdm name="arg0_poisson_kernel_stencil_in_subtile_stream_2_5"/></StgValue>
</bind>
</comp>

<comp id="18" class="1000" name="arg1_poisson_kernel_stencil_out_subtile_stream_2_4">
<pin_list>
<pin id="19" dir="1" index="0" bw="1" slack="0"/>
</pin_list>
<bind>
<StgValue><ssdm name="arg1_poisson_kernel_stencil_out_subtile_stream_2_4"/></StgValue>
</bind>
</comp>

<comp id="20" class="1000" name="arg1_poisson_kernel_stencil_out_subtile_stream_2_5">
<pin_list>
<pin id="21" dir="1" index="0" bw="1" slack="0"/>
</pin_list>
<bind>
<StgValue><ssdm name="arg1_poisson_kernel_stencil_out_subtile_stream_2_5"/></StgValue>
</bind>
</comp>

<comp id="22" class="1001" name="const_22">
<pin_list>
<pin id="23" dir="1" index="0" bw="1" slack="0"/>
</pin_list>
<bind>
<StgValue><ssdm name="_ssdm_op_Read.ap_auto.i16"/></StgValue>
</bind>
</comp>

<comp id="24" class="1001" name="const_24">
<pin_list>
<pin id="25" dir="1" index="0" bw="1" slack="0"/>
</pin_list>
<bind>
<StgValue><ssdm name="_ssdm_op_Read.ap_auto.i14"/></StgValue>
</bind>
</comp>

<comp id="26" class="1001" name="const_26">
<pin_list>
<pin id="27" dir="1" index="0" bw="1" slack="0"/>
</pin_list>
<bind>
<StgValue><ssdm name=""/></StgValue>
</bind>
</comp>

<comp id="28" class="1001" name="const_28">
<pin_list>
<pin id="29" dir="1" index="0" bw="1" slack="0"/>
</pin_list>
<bind>
<StgValue><ssdm name="_ssdm_op_Read.ap_auto.i3"/></StgValue>
</bind>
</comp>

<comp id="30" class="1001" name="const_30">
<pin_list>
<pin id="31" dir="1" index="0" bw="1" slack="0"/>
</pin_list>
<bind>
<StgValue><ssdm name="_ssdm_op_Read.ap_auto.i1"/></StgValue>
</bind>
</comp>

<comp id="32" class="1001" name="const_32">
<pin_list>
<pin id="33" dir="1" index="0" bw="1" slack="0"/>
</pin_list>
<bind>
<StgValue><ssdm name="_ssdm_op_BitConcatenate.i16.i10.i6"/></StgValue>
</bind>
</comp>

<comp id="34" class="1001" name="const_34">
<pin_list>
<pin id="35" dir="1" index="0" bw="1" slack="0"/>
</pin_list>
<bind>
<StgValue><ssdm name=""/></StgValue>
</bind>
</comp>

<comp id="36" class="1001" name="const_36">
<pin_list>
<pin id="37" dir="1" index="0" bw="1" slack="0"/>
</pin_list>
<bind>
<StgValue><ssdm name=""/></StgValue>
</bind>
</comp>

<comp id="38" class="1001" name="const_38">
<pin_list>
<pin id="39" dir="1" index="0" bw="1" slack="0"/>
</pin_list>
<bind>
<StgValue><ssdm name=""/></StgValue>
</bind>
</comp>

<comp id="40" class="1001" name="const_40">
<pin_list>
<pin id="41" dir="1" index="0" bw="1" slack="0"/>
</pin_list>
<bind>
<StgValue><ssdm name=""/></StgValue>
</bind>
</comp>

<comp id="42" class="1001" name="const_42">
<pin_list>
<pin id="43" dir="1" index="0" bw="1" slack="0"/>
</pin_list>
<bind>
<StgValue><ssdm name=""/></StgValue>
</bind>
</comp>

<comp id="44" class="1001" name="const_44">
<pin_list>
<pin id="45" dir="1" index="0" bw="1" slack="2147483647"/>
</pin_list>
<bind>
<StgValue><ssdm name="_ssdm_op_Wait"/></StgValue>
</bind>
</comp>

<comp id="46" class="1001" name="const_46">
<pin_list>
<pin id="47" dir="1" index="0" bw="1" slack="0"/>
</pin_list>
<bind>
<StgValue><ssdm name="stencilRun.1_Pipeline_VITIS_LOOP_239_1"/></StgValue>
</bind>
</comp>

<comp id="48" class="1001" name="const_48">
<pin_list>
<pin id="49" dir="1" index="0" bw="1" slack="2147483647"/>
</pin_list>
<bind>
<StgValue><ssdm name="_ssdm_op_SpecInterface"/></StgValue>
</bind>
</comp>

<comp id="50" class="1001" name="const_50">
<pin_list>
<pin id="51" dir="1" index="0" bw="1" slack="2147483647"/>
</pin_list>
<bind>
<StgValue><ssdm name="empty_39"/></StgValue>
</bind>
</comp>

<comp id="52" class="1001" name="const_52">
<pin_list>
<pin id="53" dir="1" index="0" bw="1" slack="2147483647"/>
</pin_list>
<bind>
<StgValue><ssdm name=""/></StgValue>
</bind>
</comp>

<comp id="54" class="1001" name="const_54">
<pin_list>
<pin id="55" dir="1" index="0" bw="1" slack="2147483647"/>
</pin_list>
<bind>
<StgValue><ssdm name="empty_5"/></StgValue>
</bind>
</comp>

<comp id="56" class="1001" name="const_56">
<pin_list>
<pin id="57" dir="1" index="0" bw="1" slack="2147483647"/>
</pin_list>
<bind>
<StgValue><ssdm name=""/></StgValue>
</bind>
</comp>

<comp id="58" class="1001" name="const_58">
<pin_list>
<pin id="59" dir="1" index="0" bw="1" slack="2147483647"/>
</pin_list>
<bind>
<StgValue><ssdm name="_ssdm_op_SpecMemCore"/></StgValue>
</bind>
</comp>

<comp id="60" class="1001" name="const_60">
<pin_list>
<pin id="61" dir="1" index="0" bw="1" slack="2147483647"/>
</pin_list>
<bind>
<StgValue><ssdm name=""/></StgValue>
</bind>
</comp>

<comp id="62" class="1001" name="const_62">
<pin_list>
<pin id="63" dir="1" index="0" bw="1" slack="2147483647"/>
</pin_list>
<bind>
<StgValue><ssdm name=""/></StgValue>
</bind>
</comp>

<comp id="64" class="1001" name="const_64">
<pin_list>
<pin id="65" dir="1" index="0" bw="1" slack="2147483647"/>
</pin_list>
<bind>
<StgValue><ssdm name=""/></StgValue>
</bind>
</comp>

<comp id="66" class="1001" name="const_66">
<pin_list>
<pin id="67" dir="1" index="0" bw="1" slack="2147483647"/>
</pin_list>
<bind>
<StgValue><ssdm name=""/></StgValue>
</bind>
</comp>

<comp id="68" class="1004" name="arg0_buf_r0_1_p0_V_alloca_fu_68">
<pin_list>
<pin id="69" dir="0" index="0" bw="1" slack="0"/>
<pin id="70" dir="1" index="1" bw="544" slack="2147483647"/>
</pin_list>
<bind>
<opcode="alloca(26) " fcode="alloca"/>
<opset="arg0_buf_r0_1_p0_V/1 "/>
</bind>
</comp>

<comp id="72" class="1004" name="arg0_buf_r1_2_p0_V_alloca_fu_72">
<pin_list>
<pin id="73" dir="0" index="0" bw="1" slack="0"/>
<pin id="74" dir="1" index="1" bw="576" slack="2147483647"/>
</pin_list>
<bind>
<opcode="alloca(26) " fcode="alloca"/>
<opset="arg0_buf_r1_2_p0_V/1 "/>
</bind>
</comp>

<comp id="76" class="1004" name="p_read_18_read_fu_76">
<pin_list>
<pin id="77" dir="0" index="0" bw="16" slack="0"/>
<pin id="78" dir="0" index="1" bw="16" slack="0"/>
<pin id="79" dir="1" index="2" bw="16" slack="0"/>
</pin_list>
<bind>
<opcode="read(1150) " fcode="read"/>
<opset="p_read_18/1 "/>
</bind>
</comp>

<comp id="82" class="1004" name="p_read_19_read_fu_82">
<pin_list>
<pin id="83" dir="0" index="0" bw="16" slack="0"/>
<pin id="84" dir="0" index="1" bw="16" slack="0"/>
<pin id="85" dir="1" index="2" bw="16" slack="0"/>
</pin_list>
<bind>
<opcode="read(1150) " fcode="read"/>
<opset="p_read_19/1 "/>
</bind>
</comp>

<comp id="88" class="1004" name="p_read26_read_fu_88">
<pin_list>
<pin id="89" dir="0" index="0" bw="14" slack="0"/>
<pin id="90" dir="0" index="1" bw="14" slack="0"/>
<pin id="91" dir="1" index="2" bw="14" slack="0"/>
</pin_list>
<bind>
<opcode="read(1150) " fcode="read"/>
<opset="p_read26/1 "/>
</bind>
</comp>

<comp id="94" class="1004" name="p_read_14_read_fu_94">
<pin_list>
<pin id="95" dir="0" index="0" bw="3" slack="0"/>
<pin id="96" dir="0" index="1" bw="3" slack="0"/>
<pin id="97" dir="1" index="2" bw="3" slack="0"/>
</pin_list>
<bind>
<opcode="read(1150) " fcode="read"/>
<opset="p_read_14/3 "/>
</bind>
</comp>

<comp id="100" class="1004" name="p_read_15_read_fu_100">
<pin_list>
<pin id="101" dir="0" index="0" bw="14" slack="0"/>
<pin id="102" dir="0" index="1" bw="14" slack="0"/>
<pin id="103" dir="1" index="2" bw="14" slack="1"/>
</pin_list>
<bind>
<opcode="read(1150) " fcode="read"/>
<opset="p_read_15/3 "/>
</bind>
</comp>

<comp id="106" class="1004" name="p_read_16_read_fu_106">
<pin_list>
<pin id="107" dir="0" index="0" bw="1" slack="0"/>
<pin id="108" dir="0" index="1" bw="1" slack="0"/>
<pin id="109" dir="1" index="2" bw="1" slack="0"/>
</pin_list>
<bind>
<opcode="read(1150) " fcode="read"/>
<opset="p_read_16/3 "/>
</bind>
</comp>

<comp id="112" class="1004" name="p_read_17_read_fu_112">
<pin_list>
<pin id="113" dir="0" index="0" bw="16" slack="0"/>
<pin id="114" dir="0" index="1" bw="16" slack="0"/>
<pin id="115" dir="1" index="2" bw="16" slack="0"/>
</pin_list>
<bind>
<opcode="read(1150) " fcode="read"/>
<opset="p_read_17/3 "/>
</bind>
</comp>

<comp id="118" class="1004" name="grp_stencilRun_1_Pipeline_VITIS_LOOP_239_1_fu_118">
<pin_list>
<pin id="119" dir="0" index="0" bw="0" slack="0"/>
<pin id="120" dir="0" index="1" bw="30" slack="0"/>
<pin id="121" dir="0" index="2" bw="544" slack="2147483647"/>
<pin id="122" dir="0" index="3" bw="576" slack="2147483647"/>
<pin id="123" dir="0" index="4" bw="14" slack="1"/>
<pin id="124" dir="0" index="5" bw="16" slack="0"/>
<pin id="125" dir="0" index="6" bw="4" slack="0"/>
<pin id="126" dir="0" index="7" bw="16" slack="1"/>
<pin id="127" dir="0" index="8" bw="15" slack="0"/>
<pin id="128" dir="0" index="9" bw="16" slack="0"/>
<pin id="129" dir="0" index="10" bw="30" slack="0"/>
<pin id="130" dir="0" index="11" bw="288" slack="0"/>
<pin id="131" dir="0" index="12" bw="288" slack="0"/>
<pin id="132" dir="0" index="13" bw="288" slack="0"/>
<pin id="133" dir="0" index="14" bw="288" slack="0"/>
<pin id="134" dir="1" index="15" bw="0" slack="2147483647"/>
</pin_list>
<bind>
<opcode="call(48) " fcode="call"/>
<opset="call_ln239/4 "/>
</bind>
</comp>

<comp id="140" class="1004" name="zext_ln115_fu_140">
<pin_list>
<pin id="141" dir="0" index="0" bw="14" slack="0"/>
<pin id="142" dir="1" index="1" bw="30" slack="0"/>
</pin_list>
<bind>
<opcode="zext(34) " fcode="zext"/>
<opset="zext_ln115/1 "/>
</bind>
</comp>

<comp id="144" class="1004" name="trunc_ln115_fu_144">
<pin_list>
<pin id="145" dir="0" index="0" bw="14" slack="0"/>
<pin id="146" dir="1" index="1" bw="10" slack="2"/>
</pin_list>
<bind>
<opcode="trunc(33) " fcode="trunc"/>
<opset="trunc_ln115/1 "/>
</bind>
</comp>

<comp id="148" class="1004" name="zext_ln138_fu_148">
<pin_list>
<pin id="149" dir="0" index="0" bw="16" slack="0"/>
<pin id="150" dir="1" index="1" bw="30" slack="0"/>
</pin_list>
<bind>
<opcode="zext(34) " fcode="zext"/>
<opset="zext_ln138/1 "/>
</bind>
</comp>

<comp id="152" class="1004" name="zext_ln173_fu_152">
<pin_list>
<pin id="153" dir="0" index="0" bw="16" slack="0"/>
<pin id="154" dir="1" index="1" bw="30" slack="0"/>
</pin_list>
<bind>
<opcode="zext(34) " fcode="zext"/>
<opset="zext_ln173/1 "/>
</bind>
</comp>

<comp id="156" class="1004" name="p_read3_cast2_fu_156">
<pin_list>
<pin id="157" dir="0" index="0" bw="3" slack="0"/>
<pin id="158" dir="1" index="1" bw="16" slack="0"/>
</pin_list>
<bind>
<opcode="zext(34) " fcode="zext"/>
<opset="p_read3_cast2/3 "/>
</bind>
</comp>

<comp id="160" class="1004" name="true_tile_size_x_fu_160">
<pin_list>
<pin id="161" dir="0" index="0" bw="16" slack="0"/>
<pin id="162" dir="0" index="1" bw="10" slack="2"/>
<pin id="163" dir="0" index="2" bw="1" slack="0"/>
<pin id="164" dir="1" index="3" bw="16" slack="0"/>
</pin_list>
<bind>
<opcode="bitconcatenate(1004) " fcode="bitconcatenate"/>
<opset="true_tile_size_x/3 "/>
</bind>
</comp>

<comp id="167" class="1004" name="add_ln136_fu_167">
<pin_list>
<pin id="168" dir="0" index="0" bw="16" slack="0"/>
<pin id="169" dir="0" index="1" bw="1" slack="0"/>
<pin id="170" dir="1" index="2" bw="16" slack="0"/>
</pin_list>
<bind>
<opcode="add(8) " fcode="add"/>
<opset="add_ln136/3 "/>
</bind>
</comp>

<comp id="173" class="1004" name="adj_half_span_x_upper_fu_173">
<pin_list>
<pin id="174" dir="0" index="0" bw="16" slack="0"/>
<pin id="175" dir="0" index="1" bw="1" slack="0"/>
<pin id="176" dir="1" index="2" bw="16" slack="0"/>
</pin_list>
<bind>
<opcode="add(8) " fcode="add"/>
<opset="adj_half_span_x_upper/3 "/>
</bind>
</comp>

<comp id="179" class="1004" name="sub_ln136_fu_179">
<pin_list>
<pin id="180" dir="0" index="0" bw="16" slack="0"/>
<pin id="181" dir="0" index="1" bw="3" slack="0"/>
<pin id="182" dir="1" index="2" bw="16" slack="0"/>
</pin_list>
<bind>
<opcode="sub(10) " fcode="sub"/>
<opset="sub_ln136/3 "/>
</bind>
</comp>

<comp id="185" class="1004" name="upper_limit_x_fu_185">
<pin_list>
<pin id="186" dir="0" index="0" bw="1" slack="0"/>
<pin id="187" dir="0" index="1" bw="16" slack="0"/>
<pin id="188" dir="0" index="2" bw="16" slack="0"/>
<pin id="189" dir="1" index="3" bw="16" slack="1"/>
</pin_list>
<bind>
<opcode="select(49) " fcode="select"/>
<opset="upper_limit_x/3 "/>
</bind>
</comp>

<comp id="193" class="1004" name="p_read_cast3_fu_193">
<pin_list>
<pin id="194" dir="0" index="0" bw="14" slack="3"/>
<pin id="195" dir="1" index="1" bw="15" slack="0"/>
</pin_list>
<bind>
<opcode="zext(34) " fcode="zext"/>
<opset="p_read_cast3/4 "/>
</bind>
</comp>

<comp id="196" class="1004" name="p_read3_cast_fu_196">
<pin_list>
<pin id="197" dir="0" index="0" bw="3" slack="1"/>
<pin id="198" dir="1" index="1" bw="4" slack="0"/>
</pin_list>
<bind>
<opcode="zext(34) " fcode="zext"/>
<opset="p_read3_cast/4 "/>
</bind>
</comp>

<comp id="199" class="1004" name="adj_half_span_x_lower_fu_199">
<pin_list>
<pin id="200" dir="0" index="0" bw="3" slack="0"/>
<pin id="201" dir="0" index="1" bw="1" slack="0"/>
<pin id="202" dir="1" index="2" bw="4" slack="0"/>
</pin_list>
<bind>
<opcode="add(8) " fcode="add"/>
<opset="adj_half_span_x_lower/4 "/>
</bind>
</comp>

<comp id="206" class="1004" name="upper_limit_y_fu_206">
<pin_list>
<pin id="207" dir="0" index="0" bw="16" slack="3"/>
<pin id="208" dir="0" index="1" bw="2" slack="0"/>
<pin id="209" dir="1" index="2" bw="16" slack="0"/>
</pin_list>
<bind>
<opcode="add(8) " fcode="add"/>
<opset="upper_limit_y/4 "/>
</bind>
</comp>

<comp id="212" class="1004" name="cond_x_val_fu_212">
<pin_list>
<pin id="213" dir="0" index="0" bw="14" slack="0"/>
<pin id="214" dir="0" index="1" bw="1" slack="0"/>
<pin id="215" dir="1" index="2" bw="15" slack="0"/>
</pin_list>
<bind>
<opcode="add(8) " fcode="add"/>
<opset="cond_x_val/4 "/>
</bind>
</comp>

<comp id="219" class="1004" name="cond_y_val_fu_219">
<pin_list>
<pin id="220" dir="0" index="0" bw="16" slack="3"/>
<pin id="221" dir="0" index="1" bw="1" slack="0"/>
<pin id="222" dir="1" index="2" bw="16" slack="0"/>
</pin_list>
<bind>
<opcode="add(8) " fcode="add"/>
<opset="cond_y_val/4 "/>
</bind>
</comp>

<comp id="225" class="1007" name="grp_fu_225">
<pin_list>
<pin id="226" dir="0" index="0" bw="16" slack="0"/>
<pin id="227" dir="0" index="1" bw="14" slack="0"/>
<pin id="228" dir="1" index="2" bw="30" slack="0"/>
</pin_list>
<bind>
<opcode="mul(12) " fcode="mul"/>
<opset="S2D_00_P10_M10_0P1_0M1_read_ub_itr/1 "/>
</bind>
</comp>

<comp id="232" class="1007" name="grp_fu_232">
<pin_list>
<pin id="233" dir="0" index="0" bw="16" slack="0"/>
<pin id="234" dir="0" index="1" bw="14" slack="0"/>
<pin id="235" dir="1" index="2" bw="30" slack="0"/>
</pin_list>
<bind>
<opcode="mul(12) " fcode="mul"/>
<opset="mul_ln239/1 "/>
</bind>
</comp>

<comp id="239" class="1005" name="p_read_18_reg_239">
<pin_list>
<pin id="240" dir="0" index="0" bw="16" slack="3"/>
<pin id="241" dir="1" index="1" bw="16" slack="3"/>
</pin_list>
<bind>
<opset="p_read_18 "/>
</bind>
</comp>

<comp id="245" class="1005" name="p_read26_reg_245">
<pin_list>
<pin id="246" dir="0" index="0" bw="14" slack="3"/>
<pin id="247" dir="1" index="1" bw="14" slack="3"/>
</pin_list>
<bind>
<opset="p_read26 "/>
</bind>
</comp>

<comp id="250" class="1005" name="zext_ln115_reg_250">
<pin_list>
<pin id="251" dir="0" index="0" bw="30" slack="1"/>
<pin id="252" dir="1" index="1" bw="30" slack="1"/>
</pin_list>
<bind>
<opset="zext_ln115 "/>
</bind>
</comp>

<comp id="256" class="1005" name="trunc_ln115_reg_256">
<pin_list>
<pin id="257" dir="0" index="0" bw="10" slack="2"/>
<pin id="258" dir="1" index="1" bw="10" slack="2"/>
</pin_list>
<bind>
<opset="trunc_ln115 "/>
</bind>
</comp>

<comp id="261" class="1005" name="zext_ln138_reg_261">
<pin_list>
<pin id="262" dir="0" index="0" bw="30" slack="1"/>
<pin id="263" dir="1" index="1" bw="30" slack="1"/>
</pin_list>
<bind>
<opset="zext_ln138 "/>
</bind>
</comp>

<comp id="266" class="1005" name="zext_ln173_reg_266">
<pin_list>
<pin id="267" dir="0" index="0" bw="30" slack="1"/>
<pin id="268" dir="1" index="1" bw="30" slack="1"/>
</pin_list>
<bind>
<opset="zext_ln173 "/>
</bind>
</comp>

<comp id="271" class="1005" name="p_read_14_reg_271">
<pin_list>
<pin id="272" dir="0" index="0" bw="3" slack="1"/>
<pin id="273" dir="1" index="1" bw="3" slack="1"/>
</pin_list>
<bind>
<opset="p_read_14 "/>
</bind>
</comp>

<comp id="276" class="1005" name="p_read_15_reg_276">
<pin_list>
<pin id="277" dir="0" index="0" bw="14" slack="1"/>
<pin id="278" dir="1" index="1" bw="14" slack="1"/>
</pin_list>
<bind>
<opset="p_read_15 "/>
</bind>
</comp>

<comp id="281" class="1005" name="upper_limit_x_reg_281">
<pin_list>
<pin id="282" dir="0" index="0" bw="16" slack="1"/>
<pin id="283" dir="1" index="1" bw="16" slack="1"/>
</pin_list>
<bind>
<opset="upper_limit_x "/>
</bind>
</comp>

<comp id="286" class="1005" name="adj_half_span_x_lower_reg_286">
<pin_list>
<pin id="287" dir="0" index="0" bw="4" slack="1"/>
<pin id="288" dir="1" index="1" bw="4" slack="1"/>
</pin_list>
<bind>
<opset="adj_half_span_x_lower "/>
</bind>
</comp>

<comp id="291" class="1005" name="upper_limit_y_reg_291">
<pin_list>
<pin id="292" dir="0" index="0" bw="16" slack="1"/>
<pin id="293" dir="1" index="1" bw="16" slack="1"/>
</pin_list>
<bind>
<opset="upper_limit_y "/>
</bind>
</comp>

<comp id="296" class="1005" name="S2D_00_P10_M10_0P1_0M1_read_ub_itr_reg_296">
<pin_list>
<pin id="297" dir="0" index="0" bw="30" slack="1"/>
<pin id="298" dir="1" index="1" bw="30" slack="1"/>
</pin_list>
<bind>
<opset="S2D_00_P10_M10_0P1_0M1_read_ub_itr "/>
</bind>
</comp>

<comp id="301" class="1005" name="cond_x_val_reg_301">
<pin_list>
<pin id="302" dir="0" index="0" bw="15" slack="1"/>
<pin id="303" dir="1" index="1" bw="15" slack="1"/>
</pin_list>
<bind>
<opset="cond_x_val "/>
</bind>
</comp>

<comp id="306" class="1005" name="cond_y_val_reg_306">
<pin_list>
<pin id="307" dir="0" index="0" bw="16" slack="1"/>
<pin id="308" dir="1" index="1" bw="16" slack="1"/>
</pin_list>
<bind>
<opset="cond_y_val "/>
</bind>
</comp>

<comp id="311" class="1005" name="mul_ln239_reg_311">
<pin_list>
<pin id="312" dir="0" index="0" bw="30" slack="1"/>
<pin id="313" dir="1" index="1" bw="30" slack="1"/>
</pin_list>
<bind>
<opset="mul_ln239 "/>
</bind>
</comp>

</comp_list>

<net_list>
<net id="71"><net_src comp="26" pin="0"/><net_sink comp="68" pin=0"/></net>

<net id="75"><net_src comp="26" pin="0"/><net_sink comp="72" pin=0"/></net>

<net id="80"><net_src comp="22" pin="0"/><net_sink comp="76" pin=0"/></net>

<net id="81"><net_src comp="4" pin="0"/><net_sink comp="76" pin=1"/></net>

<net id="86"><net_src comp="22" pin="0"/><net_sink comp="82" pin=0"/></net>

<net id="87"><net_src comp="2" pin="0"/><net_sink comp="82" pin=1"/></net>

<net id="92"><net_src comp="24" pin="0"/><net_sink comp="88" pin=0"/></net>

<net id="93"><net_src comp="0" pin="0"/><net_sink comp="88" pin=1"/></net>

<net id="98"><net_src comp="28" pin="0"/><net_sink comp="94" pin=0"/></net>

<net id="99"><net_src comp="12" pin="0"/><net_sink comp="94" pin=1"/></net>

<net id="104"><net_src comp="24" pin="0"/><net_sink comp="100" pin=0"/></net>

<net id="105"><net_src comp="10" pin="0"/><net_sink comp="100" pin=1"/></net>

<net id="110"><net_src comp="30" pin="0"/><net_sink comp="106" pin=0"/></net>

<net id="111"><net_src comp="8" pin="0"/><net_sink comp="106" pin=1"/></net>

<net id="116"><net_src comp="22" pin="0"/><net_sink comp="112" pin=0"/></net>

<net id="117"><net_src comp="6" pin="0"/><net_sink comp="112" pin=1"/></net>

<net id="135"><net_src comp="46" pin="0"/><net_sink comp="118" pin=0"/></net>

<net id="136"><net_src comp="14" pin="0"/><net_sink comp="118" pin=11"/></net>

<net id="137"><net_src comp="16" pin="0"/><net_sink comp="118" pin=12"/></net>

<net id="138"><net_src comp="18" pin="0"/><net_sink comp="118" pin=13"/></net>

<net id="139"><net_src comp="20" pin="0"/><net_sink comp="118" pin=14"/></net>

<net id="143"><net_src comp="88" pin="2"/><net_sink comp="140" pin=0"/></net>

<net id="147"><net_src comp="88" pin="2"/><net_sink comp="144" pin=0"/></net>

<net id="151"><net_src comp="76" pin="2"/><net_sink comp="148" pin=0"/></net>

<net id="155"><net_src comp="82" pin="2"/><net_sink comp="152" pin=0"/></net>

<net id="159"><net_src comp="94" pin="2"/><net_sink comp="156" pin=0"/></net>

<net id="165"><net_src comp="32" pin="0"/><net_sink comp="160" pin=0"/></net>

<net id="166"><net_src comp="34" pin="0"/><net_sink comp="160" pin=2"/></net>

<net id="171"><net_src comp="112" pin="2"/><net_sink comp="167" pin=0"/></net>

<net id="172"><net_src comp="36" pin="0"/><net_sink comp="167" pin=1"/></net>

<net id="177"><net_src comp="160" pin="3"/><net_sink comp="173" pin=0"/></net>

<net id="178"><net_src comp="36" pin="0"/><net_sink comp="173" pin=1"/></net>

<net id="183"><net_src comp="173" pin="2"/><net_sink comp="179" pin=0"/></net>

<net id="184"><net_src comp="156" pin="1"/><net_sink comp="179" pin=1"/></net>

<net id="190"><net_src comp="106" pin="2"/><net_sink comp="185" pin=0"/></net>

<net id="191"><net_src comp="167" pin="2"/><net_sink comp="185" pin=1"/></net>

<net id="192"><net_src comp="179" pin="2"/><net_sink comp="185" pin=2"/></net>

<net id="203"><net_src comp="196" pin="1"/><net_sink comp="199" pin=0"/></net>

<net id="204"><net_src comp="38" pin="0"/><net_sink comp="199" pin=1"/></net>

<net id="205"><net_src comp="199" pin="2"/><net_sink comp="118" pin=6"/></net>

<net id="210"><net_src comp="40" pin="0"/><net_sink comp="206" pin=1"/></net>

<net id="211"><net_src comp="206" pin="2"/><net_sink comp="118" pin=5"/></net>

<net id="216"><net_src comp="193" pin="1"/><net_sink comp="212" pin=0"/></net>

<net id="217"><net_src comp="42" pin="0"/><net_sink comp="212" pin=1"/></net>

<net id="218"><net_src comp="212" pin="2"/><net_sink comp="118" pin=8"/></net>

<net id="223"><net_src comp="36" pin="0"/><net_sink comp="219" pin=1"/></net>

<net id="224"><net_src comp="219" pin="2"/><net_sink comp="118" pin=9"/></net>

<net id="229"><net_src comp="152" pin="1"/><net_sink comp="225" pin=0"/></net>

<net id="230"><net_src comp="140" pin="1"/><net_sink comp="225" pin=1"/></net>

<net id="231"><net_src comp="225" pin="2"/><net_sink comp="118" pin=10"/></net>

<net id="236"><net_src comp="148" pin="1"/><net_sink comp="232" pin=0"/></net>

<net id="237"><net_src comp="140" pin="1"/><net_sink comp="232" pin=1"/></net>

<net id="238"><net_src comp="232" pin="2"/><net_sink comp="118" pin=1"/></net>

<net id="242"><net_src comp="76" pin="2"/><net_sink comp="239" pin=0"/></net>

<net id="243"><net_src comp="239" pin="1"/><net_sink comp="206" pin=0"/></net>

<net id="244"><net_src comp="239" pin="1"/><net_sink comp="219" pin=0"/></net>

<net id="248"><net_src comp="88" pin="2"/><net_sink comp="245" pin=0"/></net>

<net id="249"><net_src comp="245" pin="1"/><net_sink comp="193" pin=0"/></net>

<net id="253"><net_src comp="140" pin="1"/><net_sink comp="250" pin=0"/></net>

<net id="254"><net_src comp="250" pin="1"/><net_sink comp="225" pin=1"/></net>

<net id="255"><net_src comp="250" pin="1"/><net_sink comp="232" pin=1"/></net>

<net id="259"><net_src comp="144" pin="1"/><net_sink comp="256" pin=0"/></net>

<net id="260"><net_src comp="256" pin="1"/><net_sink comp="160" pin=1"/></net>

<net id="264"><net_src comp="148" pin="1"/><net_sink comp="261" pin=0"/></net>

<net id="265"><net_src comp="261" pin="1"/><net_sink comp="232" pin=0"/></net>

<net id="269"><net_src comp="152" pin="1"/><net_sink comp="266" pin=0"/></net>

<net id="270"><net_src comp="266" pin="1"/><net_sink comp="225" pin=0"/></net>

<net id="274"><net_src comp="94" pin="2"/><net_sink comp="271" pin=0"/></net>

<net id="275"><net_src comp="271" pin="1"/><net_sink comp="196" pin=0"/></net>

<net id="279"><net_src comp="100" pin="2"/><net_sink comp="276" pin=0"/></net>

<net id="280"><net_src comp="276" pin="1"/><net_sink comp="118" pin=4"/></net>

<net id="284"><net_src comp="185" pin="3"/><net_sink comp="281" pin=0"/></net>

<net id="285"><net_src comp="281" pin="1"/><net_sink comp="118" pin=7"/></net>

<net id="289"><net_src comp="199" pin="2"/><net_sink comp="286" pin=0"/></net>

<net id="290"><net_src comp="286" pin="1"/><net_sink comp="118" pin=6"/></net>

<net id="294"><net_src comp="206" pin="2"/><net_sink comp="291" pin=0"/></net>

<net id="295"><net_src comp="291" pin="1"/><net_sink comp="118" pin=5"/></net>

<net id="299"><net_src comp="225" pin="2"/><net_sink comp="296" pin=0"/></net>

<net id="300"><net_src comp="296" pin="1"/><net_sink comp="118" pin=10"/></net>

<net id="304"><net_src comp="212" pin="2"/><net_sink comp="301" pin=0"/></net>

<net id="305"><net_src comp="301" pin="1"/><net_sink comp="118" pin=8"/></net>

<net id="309"><net_src comp="219" pin="2"/><net_sink comp="306" pin=0"/></net>

<net id="310"><net_src comp="306" pin="1"/><net_sink comp="118" pin=9"/></net>

<net id="314"><net_src comp="232" pin="2"/><net_sink comp="311" pin=0"/></net>

<net id="315"><net_src comp="311" pin="1"/><net_sink comp="118" pin=1"/></net>

</net_list>

</model> 
---------------- Datapath Model END ------------------

* FSMD analyzer results:
  - Output states:
	Port: arg1_poisson_kernel_stencil_out_subtile_stream_2_4 | {4 5 }
	Port: arg1_poisson_kernel_stencil_out_subtile_stream_2_5 | {4 5 }
 - Input state : 
	Port: stencilRun.1 : p_read | {1 }
	Port: stencilRun.1 : p_read1 | {1 }
	Port: stencilRun.1 : p_read2 | {1 }
	Port: stencilRun.1 : p_read13 | {3 }
	Port: stencilRun.1 : p_read4 | {3 }
	Port: stencilRun.1 : p_read25 | {3 }
	Port: stencilRun.1 : p_read3 | {3 }
	Port: stencilRun.1 : arg0_poisson_kernel_stencil_in_subtile_stream_2_4 | {4 5 }
	Port: stencilRun.1 : arg0_poisson_kernel_stencil_in_subtile_stream_2_5 | {4 5 }
  - Chain level:
	State 1
		S2D_00_P10_M10_0P1_0M1_read_ub_itr : 1
		mul_ln239 : 1
	State 2
	State 3
		adj_half_span_x_upper : 1
		sub_ln136 : 2
		upper_limit_x : 3
	State 4
		adj_half_span_x_lower : 1
		cond_x_val : 1
		call_ln239 : 2
	State 5


============================================================
+ Verbose Summary: Datapath Resource usage 
============================================================

* Functional unit list:
|----------|---------------------------------------------------|---------|---------|---------|---------|
| Operation|                  Functional Unit                  |   DSP   |  Delay  |    FF   |   LUT   |
|----------|---------------------------------------------------|---------|---------|---------|---------|
|   call   | grp_stencilRun_1_Pipeline_VITIS_LOOP_239_1_fu_118 |   128   |  25.542 |  31076  |  21628  |
|----------|---------------------------------------------------|---------|---------|---------|---------|
|          |                  add_ln136_fu_167                 |    0    |    0    |    0    |    23   |
|          |            adj_half_span_x_upper_fu_173           |    0    |    0    |    0    |    16   |
|    add   |            adj_half_span_x_lower_fu_199           |    0    |    0    |    0    |    10   |
|          |                upper_limit_y_fu_206               |    0    |    0    |    0    |    23   |
|          |                 cond_x_val_fu_212                 |    0    |    0    |    0    |    21   |
|          |                 cond_y_val_fu_219                 |    0    |    0    |    0    |    23   |
|----------|---------------------------------------------------|---------|---------|---------|---------|
|    sub   |                  sub_ln136_fu_179                 |    0    |    0    |    0    |    16   |
|----------|---------------------------------------------------|---------|---------|---------|---------|
|  select  |                upper_limit_x_fu_185               |    0    |    0    |    0    |    16   |
|----------|---------------------------------------------------|---------|---------|---------|---------|
|    mul   |                     grp_fu_225                    |    1    |    0    |    0    |    0    |
|          |                     grp_fu_232                    |    1    |    0    |    0    |    0    |
|----------|---------------------------------------------------|---------|---------|---------|---------|
|          |                p_read_18_read_fu_76               |    0    |    0    |    0    |    0    |
|          |                p_read_19_read_fu_82               |    0    |    0    |    0    |    0    |
|          |                p_read26_read_fu_88                |    0    |    0    |    0    |    0    |
|   read   |                p_read_14_read_fu_94               |    0    |    0    |    0    |    0    |
|          |               p_read_15_read_fu_100               |    0    |    0    |    0    |    0    |
|          |               p_read_16_read_fu_106               |    0    |    0    |    0    |    0    |
|          |               p_read_17_read_fu_112               |    0    |    0    |    0    |    0    |
|----------|---------------------------------------------------|---------|---------|---------|---------|
|          |                 zext_ln115_fu_140                 |    0    |    0    |    0    |    0    |
|          |                 zext_ln138_fu_148                 |    0    |    0    |    0    |    0    |
|   zext   |                 zext_ln173_fu_152                 |    0    |    0    |    0    |    0    |
|          |                p_read3_cast2_fu_156               |    0    |    0    |    0    |    0    |
|          |                p_read_cast3_fu_193                |    0    |    0    |    0    |    0    |
|          |                p_read3_cast_fu_196                |    0    |    0    |    0    |    0    |
|----------|---------------------------------------------------|---------|---------|---------|---------|
|   trunc  |                 trunc_ln115_fu_144                |    0    |    0    |    0    |    0    |
|----------|---------------------------------------------------|---------|---------|---------|---------|
|bitconcatenate|              true_tile_size_x_fu_160              |    0    |    0    |    0    |    0    |
|----------|---------------------------------------------------|---------|---------|---------|---------|
|   Total  |                                                   |   130   |  25.542 |  31076  |  21776  |
|----------|---------------------------------------------------|---------|---------|---------|---------|

Memories:
+------------------+--------+--------+--------+--------+
|                  |  BRAM  |   FF   |   LUT  |  URAM  |
+------------------+--------+--------+--------+--------+
|arg0_buf_r0_1_p0_V|    -   |    0   |    0   |    8   |
|arg0_buf_r1_2_p0_V|    8   |    0   |    0   |    -   |
+------------------+--------+--------+--------+--------+
|       Total      |    8   |    0   |    0   |    8   |
+------------------+--------+--------+--------+--------+

* Register list:
+------------------------------------------+--------+
|                                          |   FF   |
+------------------------------------------+--------+
|S2D_00_P10_M10_0P1_0M1_read_ub_itr_reg_296|   30   |
|       adj_half_span_x_lower_reg_286      |    4   |
|            cond_x_val_reg_301            |   15   |
|            cond_y_val_reg_306            |   16   |
|             mul_ln239_reg_311            |   30   |
|             p_read26_reg_245             |   14   |
|             p_read_14_reg_271            |    3   |
|             p_read_15_reg_276            |   14   |
|             p_read_18_reg_239            |   16   |
|            trunc_ln115_reg_256           |   10   |
|           upper_limit_x_reg_281          |   16   |
|           upper_limit_y_reg_291          |   16   |
|            zext_ln115_reg_250            |   30   |
|            zext_ln138_reg_261            |   30   |
|            zext_ln173_reg_266            |   30   |
+------------------------------------------+--------+
|                   Total                  |   274  |
+------------------------------------------+--------+

* Multiplexer (MUX) list: 
|---------------------------------------------------|------|------|------|--------||---------||---------|
|                        Comp                       |  Pin | Size |  BW  | S x BW ||  Delay  ||   LUT   |
|---------------------------------------------------|------|------|------|--------||---------||---------|
| grp_stencilRun_1_Pipeline_VITIS_LOOP_239_1_fu_118 |  p1  |   2  |  30  |   60   ||    9    |
| grp_stencilRun_1_Pipeline_VITIS_LOOP_239_1_fu_118 |  p5  |   2  |  16  |   32   ||    9    |
| grp_stencilRun_1_Pipeline_VITIS_LOOP_239_1_fu_118 |  p6  |   2  |   4  |    8   ||    9    |
| grp_stencilRun_1_Pipeline_VITIS_LOOP_239_1_fu_118 |  p8  |   2  |  15  |   30   ||    9    |
| grp_stencilRun_1_Pipeline_VITIS_LOOP_239_1_fu_118 |  p9  |   2  |  16  |   32   ||    9    |
| grp_stencilRun_1_Pipeline_VITIS_LOOP_239_1_fu_118 |  p10 |   2  |  30  |   60   ||    9    |
|                     grp_fu_225                    |  p0  |   2  |  16  |   32   ||    9    |
|                     grp_fu_225                    |  p1  |   2  |  14  |   28   ||    9    |
|                     grp_fu_232                    |  p0  |   2  |  16  |   32   ||    9    |
|                     grp_fu_232                    |  p1  |   2  |  14  |   28   ||    9    |
|---------------------------------------------------|------|------|------|--------||---------||---------|
|                       Total                       |      |      |      |   342  ||   3.87  ||    90   |
|---------------------------------------------------|------|------|------|--------||---------||---------|



* Summary:
+-----------+--------+--------+--------+--------+--------+--------+
|           |  BRAM  |   DSP  |  Delay |   FF   |   LUT  |  URAM  |
+-----------+--------+--------+--------+--------+--------+--------+
|  Function |    -   |   130  |   25   |  31076 |  21776 |    -   |
|   Memory  |    8   |    -   |    -   |    0   |    0   |    8   |
|Multiplexer|    -   |    -   |    3   |    -   |   90   |    -   |
|  Register |    -   |    -   |    -   |   274  |    -   |    -   |
+-----------+--------+--------+--------+--------+--------+--------+
|   Total   |    8   |   130  |   29   |  31350 |  21866 |    8   |
+-----------+--------+--------+--------+--------+--------+--------+
