

================================================================
== Vitis HLS Report for 'stridedTileMem2stream2D'
================================================================
* Date:           Fri Jul 31 00:09:45 2026

* Version:        2022.2 (Build 3670227 on Oct 13 2022)
* Project:        datamover_outerloop_0
* Solution:       solution (Vitis Kernel Flow Target)
* Product family: virtexuplus
* Target device:  xcu280-fsvh2892-2L-e


================================================================
== Performance Estimates
================================================================
+ Timing: 
    * Summary: 
    +--------+---------+----------+------------+
    |  Clock |  Target | Estimated| Uncertainty|
    +--------+---------+----------+------------+
    |ap_clk  |  3.33 ns|  2.433 ns|     0.90 ns|
    +--------+---------+----------+------------+

+ Latency: 
    * Summary: 
    +---------+----------------+----------+-------------+-----+----------------+---------+
    |     Latency (cycles)     |   Latency (absolute)   |       Interval       | Pipeline|
    |   min   |       max      |    min   |     max     | min |       max      |   Type  |
    +---------+----------------+----------+-------------+-----+----------------+---------+
    |        1|  35179007385541|  3.333 ns|  1.2e+05 sec|    1|  35179007385541|       no|
    +---------+----------------+----------+-------------+-----+----------------+---------+

    + Detail: 
        * Instance: 
        +--------------------------------------------------------------+---------------------------------------------------+---------+-----------+----------+-----------+-----+-----------+---------+
        |                                                              |                                                   |   Latency (cycles)  |  Latency (absolute)  |     Interval    | Pipeline|
        |                           Instance                           |                       Module                      |   min   |    max    |    min   |    max    | min |    max    |   Type  |
        +--------------------------------------------------------------+---------------------------------------------------+---------+-----------+----------+-----------+-----+-----------+---------+
        |grp_stridedTileMem2stream2D_Pipeline_VITIS_LOOP_529_1_fu_136  |stridedTileMem2stream2D_Pipeline_VITIS_LOOP_529_1  |        2|  536797238|  6.666 ns|  1.789 sec|    2|  536797238|       no|
        +--------------------------------------------------------------+---------------------------------------------------+---------+-----------+----------+-----------+-----+-----------+---------+

        * Loop: 
        +---------------------+---------+----------------+---------------+-----------+-----------+-----------+----------+
        |                     |     Latency (cycles)     |   Iteration   |  Initiation Interval  |    Trip   |          |
        |      Loop Name      |   min   |       max      |    Latency    |  achieved |   target  |   Count   | Pipelined|
        +---------------------+---------+----------------+---------------+-----------+-----------+-----------+----------+
        |- VITIS_LOOP_2054_1  |        0|  35179007385540|  8 ~ 536797244|          -|          -|  0 ~ 65535|        no|
        +---------------------+---------+----------------+---------------+-----------+-----------+-----------+----------+



================================================================
== Utilization Estimates
================================================================
* Summary: 
+---------------------+---------+------+---------+---------+-----+
|         Name        | BRAM_18K|  DSP |    FF   |   LUT   | URAM|
+---------------------+---------+------+---------+---------+-----+
|DSP                  |        -|     1|        -|        -|    -|
|Expression           |        -|     -|        0|      130|    -|
|FIFO                 |        -|     -|        -|        -|    -|
|Instance             |        -|     1|      671|      417|    -|
|Memory               |        -|     -|        -|        -|    -|
|Multiplexer          |        -|     -|        -|       97|    -|
|Register             |        -|     -|      180|        -|    -|
+---------------------+---------+------+---------+---------+-----+
|Total                |        0|     2|      851|      644|    0|
+---------------------+---------+------+---------+---------+-----+
|Available SLR        |     1344|  3008|   869120|   434560|  320|
+---------------------+---------+------+---------+---------+-----+
|Utilization SLR (%)  |        0|    ~0|       ~0|       ~0|    0|
+---------------------+---------+------+---------+---------+-----+
|Available            |     4032|  9024|  2607360|  1303680|  960|
+---------------------+---------+------+---------+---------+-----+
|Utilization (%)      |        0|    ~0|       ~0|       ~0|    0|
+---------------------+---------+------+---------+---------+-----+

+ Detail: 
    * Instance: 
    +--------------------------------------------------------------+---------------------------------------------------+---------+----+-----+-----+-----+
    |                           Instance                           |                       Module                      | BRAM_18K| DSP|  FF | LUT | URAM|
    +--------------------------------------------------------------+---------------------------------------------------+---------+----+-----+-----+-----+
    |grp_stridedTileMem2stream2D_Pipeline_VITIS_LOOP_529_1_fu_136  |stridedTileMem2stream2D_Pipeline_VITIS_LOOP_529_1  |        0|   1|  671|  417|    0|
    +--------------------------------------------------------------+---------------------------------------------------+---------+----+-----+-----+-----+
    |Total                                                         |                                                   |        0|   1|  671|  417|    0|
    +--------------------------------------------------------------+---------------------------------------------------+---------+----+-----+-----+-----+

    * DSP: 
    +-------------------------------+--------------------------+-----------+
    |            Instance           |          Module          | Expression|
    +-------------------------------+--------------------------+-----------+
    |mul_mul_13ns_16ns_29_4_1_U227  |mul_mul_13ns_16ns_29_4_1  |    i0 * i1|
    +-------------------------------+--------------------------+-----------+

    * Memory: 
    N/A

    * FIFO: 
    N/A

    * Expression: 
    +------------------------+----------+----+---+----+------------+------------+
    |      Variable Name     | Operation| DSP| FF| LUT| Bitwidth P0| Bitwidth P1|
    +------------------------+----------+----+---+----+------------+------------+
    |add_ln2054_8_fu_195_p2  |         +|   0|  0|  39|          32|          32|
    |add_ln2054_fu_205_p2    |         +|   0|  0|  23|          16|           1|
    |sub_fu_155_p2           |         +|   0|  0|  24|          17|           2|
    |icmp_ln2054_fu_200_p2   |      icmp|   0|  0|  13|          16|          16|
    |icmp_ln2057_fu_215_p2   |      icmp|   0|  0|  13|          17|          17|
    |ap_block_state1         |        or|   0|  0|   2|           1|           1|
    |tile_size_x_fu_220_p3   |    select|   0|  0|  16|           1|          16|
    +------------------------+----------+----+---+----+------------+------------+
    |Total                   |          |   0|  0| 130|         100|          85|
    +------------------------+----------+----+---+----+------------+------------+

    * Multiplexer: 
    +----------------------------+----+-----------+-----+-----------+
    |            Name            | LUT| Input Size| Bits| Total Bits|
    +----------------------------+----+-----------+-----+-----------+
    |ap_NS_fsm                   |  43|          8|    1|          8|
    |ap_done                     |   9|          2|    1|          2|
    |arg0_read_mem_strm_7_write  |   9|          2|    1|          2|
    |m_axi_gmem7_ARVALID         |   9|          2|    1|          2|
    |m_axi_gmem7_RREADY          |   9|          2|    1|          2|
    |phi_mul_fu_80               |   9|          2|   32|         64|
    |tile_x_fu_84                |   9|          2|   16|         32|
    +----------------------------+----+-----------+-----+-----------+
    |Total                       |  97|         20|   53|        112|
    +----------------------------+----+-----------+-----+-----------+

    * Register: 
    +---------------------------------------------------------------------------+----+----+-----+-----------+
    |                                    Name                                   | FF | LUT| Bits| Const Bits|
    +---------------------------------------------------------------------------+----+----+-----+-----------+
    |ap_CS_fsm                                                                  |   7|   0|    7|          0|
    |ap_done_reg                                                                |   1|   0|    1|          0|
    |config_effective_tile_size_x_load_cast_reg_294                             |  16|   0|   32|         16|
    |grp_stridedTileMem2stream2D_Pipeline_VITIS_LOOP_529_1_fu_136_ap_start_reg  |   1|   0|    1|          0|
    |mul_ln2054_reg_323                                                         |  29|   0|   29|          0|
    |phi_mul_fu_80                                                              |  32|   0|   32|          0|
    |phi_mul_load_reg_304                                                       |  32|   0|   32|          0|
    |sub_reg_289                                                                |  17|   0|   17|          0|
    |tile_size_x_reg_312                                                        |  16|   0|   16|          0|
    |tile_x_fu_84                                                               |  16|   0|   16|          0|
    |zext_ln2054_reg_299                                                        |  13|   0|   29|         16|
    +---------------------------------------------------------------------------+----+----+-----+-----------+
    |Total                                                                      | 180|   0|  212|         32|
    +---------------------------------------------------------------------------+----+----+-----+-----------+



================================================================
== Interface
================================================================
* Summary: 
+-------------------------------------+-----+-----+------------+-------------------------+--------------+
|              RTL Ports              | Dir | Bits|  Protocol  |      Source Object      |    C Type    |
+-------------------------------------+-----+-----+------------+-------------------------+--------------+
|ap_clk                               |   in|    1|  ap_ctrl_hs|  stridedTileMem2stream2D|  return value|
|ap_rst                               |   in|    1|  ap_ctrl_hs|  stridedTileMem2stream2D|  return value|
|ap_start                             |   in|    1|  ap_ctrl_hs|  stridedTileMem2stream2D|  return value|
|ap_done                              |  out|    1|  ap_ctrl_hs|  stridedTileMem2stream2D|  return value|
|ap_continue                          |   in|    1|  ap_ctrl_hs|  stridedTileMem2stream2D|  return value|
|ap_idle                              |  out|    1|  ap_ctrl_hs|  stridedTileMem2stream2D|  return value|
|ap_ready                             |  out|    1|  ap_ctrl_hs|  stridedTileMem2stream2D|  return value|
|m_axi_gmem7_AWVALID                  |  out|    1|       m_axi|                    gmem7|       pointer|
|m_axi_gmem7_AWREADY                  |   in|    1|       m_axi|                    gmem7|       pointer|
|m_axi_gmem7_AWADDR                   |  out|   64|       m_axi|                    gmem7|       pointer|
|m_axi_gmem7_AWID                     |  out|    1|       m_axi|                    gmem7|       pointer|
|m_axi_gmem7_AWLEN                    |  out|   32|       m_axi|                    gmem7|       pointer|
|m_axi_gmem7_AWSIZE                   |  out|    3|       m_axi|                    gmem7|       pointer|
|m_axi_gmem7_AWBURST                  |  out|    2|       m_axi|                    gmem7|       pointer|
|m_axi_gmem7_AWLOCK                   |  out|    2|       m_axi|                    gmem7|       pointer|
|m_axi_gmem7_AWCACHE                  |  out|    4|       m_axi|                    gmem7|       pointer|
|m_axi_gmem7_AWPROT                   |  out|    3|       m_axi|                    gmem7|       pointer|
|m_axi_gmem7_AWQOS                    |  out|    4|       m_axi|                    gmem7|       pointer|
|m_axi_gmem7_AWREGION                 |  out|    4|       m_axi|                    gmem7|       pointer|
|m_axi_gmem7_AWUSER                   |  out|    1|       m_axi|                    gmem7|       pointer|
|m_axi_gmem7_WVALID                   |  out|    1|       m_axi|                    gmem7|       pointer|
|m_axi_gmem7_WREADY                   |   in|    1|       m_axi|                    gmem7|       pointer|
|m_axi_gmem7_WDATA                    |  out|  256|       m_axi|                    gmem7|       pointer|
|m_axi_gmem7_WSTRB                    |  out|   32|       m_axi|                    gmem7|       pointer|
|m_axi_gmem7_WLAST                    |  out|    1|       m_axi|                    gmem7|       pointer|
|m_axi_gmem7_WID                      |  out|    1|       m_axi|                    gmem7|       pointer|
|m_axi_gmem7_WUSER                    |  out|    1|       m_axi|                    gmem7|       pointer|
|m_axi_gmem7_ARVALID                  |  out|    1|       m_axi|                    gmem7|       pointer|
|m_axi_gmem7_ARREADY                  |   in|    1|       m_axi|                    gmem7|       pointer|
|m_axi_gmem7_ARADDR                   |  out|   64|       m_axi|                    gmem7|       pointer|
|m_axi_gmem7_ARID                     |  out|    1|       m_axi|                    gmem7|       pointer|
|m_axi_gmem7_ARLEN                    |  out|   32|       m_axi|                    gmem7|       pointer|
|m_axi_gmem7_ARSIZE                   |  out|    3|       m_axi|                    gmem7|       pointer|
|m_axi_gmem7_ARBURST                  |  out|    2|       m_axi|                    gmem7|       pointer|
|m_axi_gmem7_ARLOCK                   |  out|    2|       m_axi|                    gmem7|       pointer|
|m_axi_gmem7_ARCACHE                  |  out|    4|       m_axi|                    gmem7|       pointer|
|m_axi_gmem7_ARPROT                   |  out|    3|       m_axi|                    gmem7|       pointer|
|m_axi_gmem7_ARQOS                    |  out|    4|       m_axi|                    gmem7|       pointer|
|m_axi_gmem7_ARREGION                 |  out|    4|       m_axi|                    gmem7|       pointer|
|m_axi_gmem7_ARUSER                   |  out|    1|       m_axi|                    gmem7|       pointer|
|m_axi_gmem7_RVALID                   |   in|    1|       m_axi|                    gmem7|       pointer|
|m_axi_gmem7_RREADY                   |  out|    1|       m_axi|                    gmem7|       pointer|
|m_axi_gmem7_RDATA                    |   in|  256|       m_axi|                    gmem7|       pointer|
|m_axi_gmem7_RLAST                    |   in|    1|       m_axi|                    gmem7|       pointer|
|m_axi_gmem7_RID                      |   in|    1|       m_axi|                    gmem7|       pointer|
|m_axi_gmem7_RFIFONUM                 |   in|    7|       m_axi|                    gmem7|       pointer|
|m_axi_gmem7_RUSER                    |   in|    1|       m_axi|                    gmem7|       pointer|
|m_axi_gmem7_RRESP                    |   in|    2|       m_axi|                    gmem7|       pointer|
|m_axi_gmem7_BVALID                   |   in|    1|       m_axi|                    gmem7|       pointer|
|m_axi_gmem7_BREADY                   |  out|    1|       m_axi|                    gmem7|       pointer|
|m_axi_gmem7_BRESP                    |   in|    2|       m_axi|                    gmem7|       pointer|
|m_axi_gmem7_BID                      |   in|    1|       m_axi|                    gmem7|       pointer|
|m_axi_gmem7_BUSER                    |   in|    1|       m_axi|                    gmem7|       pointer|
|mem_in                               |   in|   64|     ap_none|                   mem_in|        scalar|
|arg0_read_mem_strm_7_din             |  out|  256|     ap_fifo|     arg0_read_mem_strm_7|       pointer|
|arg0_read_mem_strm_7_num_data_valid  |   in|    5|     ap_fifo|     arg0_read_mem_strm_7|       pointer|
|arg0_read_mem_strm_7_fifo_cap        |   in|    5|     ap_fifo|     arg0_read_mem_strm_7|       pointer|
|arg0_read_mem_strm_7_full_n          |   in|    1|     ap_fifo|     arg0_read_mem_strm_7|       pointer|
|arg0_read_mem_strm_7_write           |  out|    1|     ap_fifo|     arg0_read_mem_strm_7|       pointer|
|p_read                               |   in|   13|     ap_none|                   p_read|        scalar|
|p_read1                              |   in|   16|     ap_none|                  p_read1|        scalar|
|p_read2                              |   in|   16|     ap_none|                  p_read2|        scalar|
|p_read3                              |   in|   16|     ap_none|                  p_read3|        scalar|
|p_read4                              |   in|   16|     ap_none|                  p_read4|        scalar|
|p_read5                              |   in|   16|     ap_none|                  p_read5|        scalar|
|p_read6                              |   in|   32|     ap_none|                  p_read6|        scalar|
+-------------------------------------+-----+-----+------------+-------------------------+--------------+

