

================================================================
== Vitis HLS Report for 'kernel_poisson_kernel_stencil_PE_9'
================================================================
* Date:           Fri Jul 24 21:26:56 2026

* Version:        2022.2 (Build 3670227 on Oct 13 2022)
* Project:        kernel_outerloop_0
* Solution:       solution (Vitis Kernel Flow Target)
* Product family: virtexuplus
* Target device:  xcu280-fsvh2892-2L-e


================================================================
== Performance Estimates
================================================================
+ Timing: 
    * Summary: 
    +--------+---------+----------+------------+
    |  Clock |  Target | Estimated| Uncertainty|
    +--------+---------+----------+------------+
    |ap_clk  |  3.33 ns|  2.433 ns|     0.90 ns|
    +--------+---------+----------+------------+

+ Latency: 
    * Summary: 
    +---------+---------+----------+----------+-----+-----+---------+
    |  Latency (cycles) |  Latency (absolute) |  Interval | Pipeline|
    |   min   |   max   |    min   |    max   | min | max |   Type  |
    +---------+---------+----------+----------+-----+-----+---------+
    |        ?|        ?|         ?|         ?|    ?|    ?|       no|
    +---------+---------+----------+----------+-----+-----+---------+

    + Detail: 
        * Instance: 
        +-----------------------+------------+---------+---------+----------+----------+-----+-----+---------+
        |                       |            |  Latency (cycles) |  Latency (absolute) |  Interval | Pipeline|
        |        Instance       |   Module   |   min   |   max   |    min   |    max   | min | max |   Type  |
        +-----------------------+------------+---------+---------+----------+----------+-----+-----+---------+
        |grp_stencilRun_fu_174  |stencilRun  |        ?|        ?|         ?|         ?|    ?|    ?|       no|
        +-----------------------+------------+---------+---------+----------+----------+-----+-----+---------+

        * Loop: 
        N/A



================================================================
== Utilization Estimates
================================================================
* Summary: 
+---------------------+---------+------+---------+---------+-----+
|         Name        | BRAM_18K|  DSP |    FF   |   LUT   | URAM|
+---------------------+---------+------+---------+---------+-----+
|DSP                  |        -|     -|        -|        -|    -|
|Expression           |        -|     -|        0|        2|    -|
|FIFO                 |        -|     -|        -|        -|    -|
|Instance             |        8|    66|    16023|    11530|    4|
|Memory               |        -|     -|        -|        -|    -|
|Multiplexer          |        -|     -|        -|      194|    -|
|Register             |        -|     -|      133|        -|    -|
+---------------------+---------+------+---------+---------+-----+
|Total                |        8|    66|    16156|    11726|    4|
+---------------------+---------+------+---------+---------+-----+
|Available SLR        |     1344|  3008|   869120|   434560|  320|
+---------------------+---------+------+---------+---------+-----+
|Utilization SLR (%)  |       ~0|     2|        1|        2|    1|
+---------------------+---------+------+---------+---------+-----+
|Available            |     4032|  9024|  2607360|  1303680|  960|
+---------------------+---------+------+---------+---------+-----+
|Utilization (%)      |       ~0|    ~0|       ~0|       ~0|   ~0|
+---------------------+---------+------+---------+---------+-----+

+ Detail: 
    * Instance: 
    +-----------------------+------------+---------+----+-------+-------+-----+
    |        Instance       |   Module   | BRAM_18K| DSP|   FF  |  LUT  | URAM|
    +-----------------------+------------+---------+----+-------+-------+-----+
    |grp_stencilRun_fu_174  |stencilRun  |        8|  66|  16023|  11530|    4|
    +-----------------------+------------+---------+----+-------+-------+-----+
    |Total                  |            |        8|  66|  16023|  11530|    4|
    +-----------------------+------------+---------+----+-------+-------+-----+

    * DSP: 
    N/A

    * Memory: 
    N/A

    * FIFO: 
    N/A

    * Expression: 
    +-----------------+----------+----+---+----+------------+------------+
    |  Variable Name  | Operation| DSP| FF| LUT| Bitwidth P0| Bitwidth P1|
    +-----------------+----------+----+---+----+------------+------------+
    |ap_block_state1  |        or|   0|  0|   2|           1|           1|
    +-----------------+----------+----+---+----+------------+------------+
    |Total            |          |   0|  0|   2|           1|           1|
    +-----------------+----------+----+---+----+------------+------------+

    * Multiplexer: 
    +-------------------------------------------+----+-----------+-----+-----------+
    |                    Name                   | LUT| Input Size| Bits| Total Bits|
    +-------------------------------------------+----+-----------+-----+-----------+
    |ap_NS_fsm                                  |  14|          3|    1|          3|
    |ap_done                                    |   9|          2|    1|          2|
    |arg0_arg1_streams_10_write                 |   9|          2|    1|          2|
    |arg0_arg1_streams_9_read                   |   9|          2|    1|          2|
    |real_start                                 |   9|          2|    1|          2|
    |stencilConfig_batch_size_blk_n             |   9|          2|    1|          2|
    |stencilConfig_batch_size_c258_blk_n        |   9|          2|    1|          2|
    |stencilConfig_grid_size_0_blk_n            |   9|          2|    1|          2|
    |stencilConfig_grid_size_0_c76_blk_n        |   9|          2|    1|          2|
    |stencilConfig_grid_size_1_blk_n            |   9|          2|    1|          2|
    |stencilConfig_grid_size_1_c102_blk_n       |   9|          2|    1|          2|
    |stencilConfig_lower_limit_0_blk_n          |   9|          2|    1|          2|
    |stencilConfig_lower_limit_0_c128_blk_n     |   9|          2|    1|          2|
    |stencilConfig_lower_limit_1_blk_n          |   9|          2|    1|          2|
    |stencilConfig_lower_limit_1_c154_blk_n     |   9|          2|    1|          2|
    |stencilConfig_outer_loop_limit_blk_n       |   9|          2|    1|          2|
    |stencilConfig_outer_loop_limit_c232_blk_n  |   9|          2|    1|          2|
    |stencilConfig_upper_limit_0_blk_n          |   9|          2|    1|          2|
    |stencilConfig_upper_limit_0_c180_blk_n     |   9|          2|    1|          2|
    |stencilConfig_upper_limit_1_blk_n          |   9|          2|    1|          2|
    |stencilConfig_upper_limit_1_c206_blk_n     |   9|          2|    1|          2|
    +-------------------------------------------+----+-----------+-----+-----------+
    |Total                                      | 194|         43|   21|         43|
    +-------------------------------------------+----+-----------+-----+-----------+

    * Register: 
    +--------------------------------------------------+----+----+-----+-----------+
    |                       Name                       | FF | LUT| Bits| Const Bits|
    +--------------------------------------------------+----+----+-----+-----------+
    |ap_CS_fsm                                         |   2|   0|    2|          0|
    |ap_done_reg                                       |   1|   0|    1|          0|
    |grp_stencilRun_fu_174_ap_start_reg                |   1|   0|    1|          0|
    |start_once_reg                                    |   1|   0|    1|          0|
    |stencil_m_stencilConfig_batch_size_reg_198        |  16|   0|   16|          0|
    |stencil_m_stencilConfig_grid_size_1_reg_228       |  16|   0|   16|          0|
    |stencil_m_stencilConfig_grid_size_reg_233         |  16|   0|   16|          0|
    |stencil_m_stencilConfig_lower_limit_1_reg_218     |  16|   0|   16|          0|
    |stencil_m_stencilConfig_lower_limit_reg_223       |  16|   0|   16|          0|
    |stencil_m_stencilConfig_outer_loop_limit_reg_203  |  16|   0|   16|          0|
    |stencil_m_stencilConfig_upper_limit_1_reg_208     |  16|   0|   16|          0|
    |stencil_m_stencilConfig_upper_limit_reg_213       |  16|   0|   16|          0|
    +--------------------------------------------------+----+----+-----+-----------+
    |Total                                             | 133|   0|  133|          0|
    +--------------------------------------------------+----+----+-----+-----------+



================================================================
== Interface
================================================================
* Summary: 
+----------------------------------------------------+-----+-----+------------+-------------------------------------+--------------+
|                      RTL Ports                     | Dir | Bits|  Protocol  |            Source Object            |    C Type    |
+----------------------------------------------------+-----+-----+------------+-------------------------------------+--------------+
|ap_clk                                              |   in|    1|  ap_ctrl_hs|   kernel_poisson_kernel_stencil_PE.9|  return value|
|ap_rst                                              |   in|    1|  ap_ctrl_hs|   kernel_poisson_kernel_stencil_PE.9|  return value|
|ap_start                                            |   in|    1|  ap_ctrl_hs|   kernel_poisson_kernel_stencil_PE.9|  return value|
|start_full_n                                        |   in|    1|  ap_ctrl_hs|   kernel_poisson_kernel_stencil_PE.9|  return value|
|ap_done                                             |  out|    1|  ap_ctrl_hs|   kernel_poisson_kernel_stencil_PE.9|  return value|
|ap_continue                                         |   in|    1|  ap_ctrl_hs|   kernel_poisson_kernel_stencil_PE.9|  return value|
|ap_idle                                             |  out|    1|  ap_ctrl_hs|   kernel_poisson_kernel_stencil_PE.9|  return value|
|ap_ready                                            |  out|    1|  ap_ctrl_hs|   kernel_poisson_kernel_stencil_PE.9|  return value|
|start_out                                           |  out|    1|  ap_ctrl_hs|   kernel_poisson_kernel_stencil_PE.9|  return value|
|start_write                                         |  out|    1|  ap_ctrl_hs|   kernel_poisson_kernel_stencil_PE.9|  return value|
|stencilConfig_grid_size_0_dout                      |   in|   16|     ap_fifo|            stencilConfig_grid_size_0|       pointer|
|stencilConfig_grid_size_0_num_data_valid            |   in|    2|     ap_fifo|            stencilConfig_grid_size_0|       pointer|
|stencilConfig_grid_size_0_fifo_cap                  |   in|    2|     ap_fifo|            stencilConfig_grid_size_0|       pointer|
|stencilConfig_grid_size_0_empty_n                   |   in|    1|     ap_fifo|            stencilConfig_grid_size_0|       pointer|
|stencilConfig_grid_size_0_read                      |  out|    1|     ap_fifo|            stencilConfig_grid_size_0|       pointer|
|stencilConfig_grid_size_1_dout                      |   in|   16|     ap_fifo|            stencilConfig_grid_size_1|       pointer|
|stencilConfig_grid_size_1_num_data_valid            |   in|    2|     ap_fifo|            stencilConfig_grid_size_1|       pointer|
|stencilConfig_grid_size_1_fifo_cap                  |   in|    2|     ap_fifo|            stencilConfig_grid_size_1|       pointer|
|stencilConfig_grid_size_1_empty_n                   |   in|    1|     ap_fifo|            stencilConfig_grid_size_1|       pointer|
|stencilConfig_grid_size_1_read                      |  out|    1|     ap_fifo|            stencilConfig_grid_size_1|       pointer|
|stencilConfig_lower_limit_0_dout                    |   in|   16|     ap_fifo|          stencilConfig_lower_limit_0|       pointer|
|stencilConfig_lower_limit_0_num_data_valid          |   in|    2|     ap_fifo|          stencilConfig_lower_limit_0|       pointer|
|stencilConfig_lower_limit_0_fifo_cap                |   in|    2|     ap_fifo|          stencilConfig_lower_limit_0|       pointer|
|stencilConfig_lower_limit_0_empty_n                 |   in|    1|     ap_fifo|          stencilConfig_lower_limit_0|       pointer|
|stencilConfig_lower_limit_0_read                    |  out|    1|     ap_fifo|          stencilConfig_lower_limit_0|       pointer|
|stencilConfig_lower_limit_1_dout                    |   in|   16|     ap_fifo|          stencilConfig_lower_limit_1|       pointer|
|stencilConfig_lower_limit_1_num_data_valid          |   in|    2|     ap_fifo|          stencilConfig_lower_limit_1|       pointer|
|stencilConfig_lower_limit_1_fifo_cap                |   in|    2|     ap_fifo|          stencilConfig_lower_limit_1|       pointer|
|stencilConfig_lower_limit_1_empty_n                 |   in|    1|     ap_fifo|          stencilConfig_lower_limit_1|       pointer|
|stencilConfig_lower_limit_1_read                    |  out|    1|     ap_fifo|          stencilConfig_lower_limit_1|       pointer|
|stencilConfig_upper_limit_0_dout                    |   in|   16|     ap_fifo|          stencilConfig_upper_limit_0|       pointer|
|stencilConfig_upper_limit_0_num_data_valid          |   in|    2|     ap_fifo|          stencilConfig_upper_limit_0|       pointer|
|stencilConfig_upper_limit_0_fifo_cap                |   in|    2|     ap_fifo|          stencilConfig_upper_limit_0|       pointer|
|stencilConfig_upper_limit_0_empty_n                 |   in|    1|     ap_fifo|          stencilConfig_upper_limit_0|       pointer|
|stencilConfig_upper_limit_0_read                    |  out|    1|     ap_fifo|          stencilConfig_upper_limit_0|       pointer|
|stencilConfig_upper_limit_1_dout                    |   in|   16|     ap_fifo|          stencilConfig_upper_limit_1|       pointer|
|stencilConfig_upper_limit_1_num_data_valid          |   in|    2|     ap_fifo|          stencilConfig_upper_limit_1|       pointer|
|stencilConfig_upper_limit_1_fifo_cap                |   in|    2|     ap_fifo|          stencilConfig_upper_limit_1|       pointer|
|stencilConfig_upper_limit_1_empty_n                 |   in|    1|     ap_fifo|          stencilConfig_upper_limit_1|       pointer|
|stencilConfig_upper_limit_1_read                    |  out|    1|     ap_fifo|          stencilConfig_upper_limit_1|       pointer|
|stencilConfig_outer_loop_limit_dout                 |   in|   16|     ap_fifo|       stencilConfig_outer_loop_limit|       pointer|
|stencilConfig_outer_loop_limit_num_data_valid       |   in|    2|     ap_fifo|       stencilConfig_outer_loop_limit|       pointer|
|stencilConfig_outer_loop_limit_fifo_cap             |   in|    2|     ap_fifo|       stencilConfig_outer_loop_limit|       pointer|
|stencilConfig_outer_loop_limit_empty_n              |   in|    1|     ap_fifo|       stencilConfig_outer_loop_limit|       pointer|
|stencilConfig_outer_loop_limit_read                 |  out|    1|     ap_fifo|       stencilConfig_outer_loop_limit|       pointer|
|stencilConfig_batch_size_dout                       |   in|   16|     ap_fifo|             stencilConfig_batch_size|       pointer|
|stencilConfig_batch_size_num_data_valid             |   in|    2|     ap_fifo|             stencilConfig_batch_size|       pointer|
|stencilConfig_batch_size_fifo_cap                   |   in|    2|     ap_fifo|             stencilConfig_batch_size|       pointer|
|stencilConfig_batch_size_empty_n                    |   in|    1|     ap_fifo|             stencilConfig_batch_size|       pointer|
|stencilConfig_batch_size_read                       |  out|    1|     ap_fifo|             stencilConfig_batch_size|       pointer|
|arg0_arg1_streams_9_dout                            |   in|  256|     ap_fifo|                  arg0_arg1_streams_9|       pointer|
|arg0_arg1_streams_9_num_data_valid                  |   in|    5|     ap_fifo|                  arg0_arg1_streams_9|       pointer|
|arg0_arg1_streams_9_fifo_cap                        |   in|    5|     ap_fifo|                  arg0_arg1_streams_9|       pointer|
|arg0_arg1_streams_9_empty_n                         |   in|    1|     ap_fifo|                  arg0_arg1_streams_9|       pointer|
|arg0_arg1_streams_9_read                            |  out|    1|     ap_fifo|                  arg0_arg1_streams_9|       pointer|
|arg0_arg1_streams_10_din                            |  out|  256|     ap_fifo|                 arg0_arg1_streams_10|       pointer|
|arg0_arg1_streams_10_num_data_valid                 |   in|    5|     ap_fifo|                 arg0_arg1_streams_10|       pointer|
|arg0_arg1_streams_10_fifo_cap                       |   in|    5|     ap_fifo|                 arg0_arg1_streams_10|       pointer|
|arg0_arg1_streams_10_full_n                         |   in|    1|     ap_fifo|                 arg0_arg1_streams_10|       pointer|
|arg0_arg1_streams_10_write                          |  out|    1|     ap_fifo|                 arg0_arg1_streams_10|       pointer|
|stencilConfig_grid_size_0_c76_din                   |  out|   16|     ap_fifo|        stencilConfig_grid_size_0_c76|       pointer|
|stencilConfig_grid_size_0_c76_num_data_valid        |   in|    2|     ap_fifo|        stencilConfig_grid_size_0_c76|       pointer|
|stencilConfig_grid_size_0_c76_fifo_cap              |   in|    2|     ap_fifo|        stencilConfig_grid_size_0_c76|       pointer|
|stencilConfig_grid_size_0_c76_full_n                |   in|    1|     ap_fifo|        stencilConfig_grid_size_0_c76|       pointer|
|stencilConfig_grid_size_0_c76_write                 |  out|    1|     ap_fifo|        stencilConfig_grid_size_0_c76|       pointer|
|stencilConfig_grid_size_1_c102_din                  |  out|   16|     ap_fifo|       stencilConfig_grid_size_1_c102|       pointer|
|stencilConfig_grid_size_1_c102_num_data_valid       |   in|    2|     ap_fifo|       stencilConfig_grid_size_1_c102|       pointer|
|stencilConfig_grid_size_1_c102_fifo_cap             |   in|    2|     ap_fifo|       stencilConfig_grid_size_1_c102|       pointer|
|stencilConfig_grid_size_1_c102_full_n               |   in|    1|     ap_fifo|       stencilConfig_grid_size_1_c102|       pointer|
|stencilConfig_grid_size_1_c102_write                |  out|    1|     ap_fifo|       stencilConfig_grid_size_1_c102|       pointer|
|stencilConfig_lower_limit_0_c128_din                |  out|   16|     ap_fifo|     stencilConfig_lower_limit_0_c128|       pointer|
|stencilConfig_lower_limit_0_c128_num_data_valid     |   in|    2|     ap_fifo|     stencilConfig_lower_limit_0_c128|       pointer|
|stencilConfig_lower_limit_0_c128_fifo_cap           |   in|    2|     ap_fifo|     stencilConfig_lower_limit_0_c128|       pointer|
|stencilConfig_lower_limit_0_c128_full_n             |   in|    1|     ap_fifo|     stencilConfig_lower_limit_0_c128|       pointer|
|stencilConfig_lower_limit_0_c128_write              |  out|    1|     ap_fifo|     stencilConfig_lower_limit_0_c128|       pointer|
|stencilConfig_lower_limit_1_c154_din                |  out|   16|     ap_fifo|     stencilConfig_lower_limit_1_c154|       pointer|
|stencilConfig_lower_limit_1_c154_num_data_valid     |   in|    2|     ap_fifo|     stencilConfig_lower_limit_1_c154|       pointer|
|stencilConfig_lower_limit_1_c154_fifo_cap           |   in|    2|     ap_fifo|     stencilConfig_lower_limit_1_c154|       pointer|
|stencilConfig_lower_limit_1_c154_full_n             |   in|    1|     ap_fifo|     stencilConfig_lower_limit_1_c154|       pointer|
|stencilConfig_lower_limit_1_c154_write              |  out|    1|     ap_fifo|     stencilConfig_lower_limit_1_c154|       pointer|
|stencilConfig_upper_limit_0_c180_din                |  out|   16|     ap_fifo|     stencilConfig_upper_limit_0_c180|       pointer|
|stencilConfig_upper_limit_0_c180_num_data_valid     |   in|    2|     ap_fifo|     stencilConfig_upper_limit_0_c180|       pointer|
|stencilConfig_upper_limit_0_c180_fifo_cap           |   in|    2|     ap_fifo|     stencilConfig_upper_limit_0_c180|       pointer|
|stencilConfig_upper_limit_0_c180_full_n             |   in|    1|     ap_fifo|     stencilConfig_upper_limit_0_c180|       pointer|
|stencilConfig_upper_limit_0_c180_write              |  out|    1|     ap_fifo|     stencilConfig_upper_limit_0_c180|       pointer|
|stencilConfig_upper_limit_1_c206_din                |  out|   16|     ap_fifo|     stencilConfig_upper_limit_1_c206|       pointer|
|stencilConfig_upper_limit_1_c206_num_data_valid     |   in|    2|     ap_fifo|     stencilConfig_upper_limit_1_c206|       pointer|
|stencilConfig_upper_limit_1_c206_fifo_cap           |   in|    2|     ap_fifo|     stencilConfig_upper_limit_1_c206|       pointer|
|stencilConfig_upper_limit_1_c206_full_n             |   in|    1|     ap_fifo|     stencilConfig_upper_limit_1_c206|       pointer|
|stencilConfig_upper_limit_1_c206_write              |  out|    1|     ap_fifo|     stencilConfig_upper_limit_1_c206|       pointer|
|stencilConfig_outer_loop_limit_c232_din             |  out|   16|     ap_fifo|  stencilConfig_outer_loop_limit_c232|       pointer|
|stencilConfig_outer_loop_limit_c232_num_data_valid  |   in|    2|     ap_fifo|  stencilConfig_outer_loop_limit_c232|       pointer|
|stencilConfig_outer_loop_limit_c232_fifo_cap        |   in|    2|     ap_fifo|  stencilConfig_outer_loop_limit_c232|       pointer|
|stencilConfig_outer_loop_limit_c232_full_n          |   in|    1|     ap_fifo|  stencilConfig_outer_loop_limit_c232|       pointer|
|stencilConfig_outer_loop_limit_c232_write           |  out|    1|     ap_fifo|  stencilConfig_outer_loop_limit_c232|       pointer|
|stencilConfig_batch_size_c258_din                   |  out|   16|     ap_fifo|        stencilConfig_batch_size_c258|       pointer|
|stencilConfig_batch_size_c258_num_data_valid        |   in|    2|     ap_fifo|        stencilConfig_batch_size_c258|       pointer|
|stencilConfig_batch_size_c258_fifo_cap              |   in|    2|     ap_fifo|        stencilConfig_batch_size_c258|       pointer|
|stencilConfig_batch_size_c258_full_n                |   in|    1|     ap_fifo|        stencilConfig_batch_size_c258|       pointer|
|stencilConfig_batch_size_c258_write                 |  out|    1|     ap_fifo|        stencilConfig_batch_size_c258|       pointer|
+----------------------------------------------------+-----+-----+------------+-------------------------------------+--------------+

