

================================================================
== Vitis HLS Report for 'datamover_outerloop_0_dataflow_read_write_dataflow_region'
================================================================
* Date:           Fri Jul 24 21:24:27 2026

* Version:        2022.2 (Build 3670227 on Oct 13 2022)
* Project:        datamover_outerloop_0
* Solution:       solution (Vitis Kernel Flow Target)
* Product family: virtexuplus
* Target device:  xcu280-fsvh2892-2L-e


================================================================
== Performance Estimates
================================================================
+ Timing: 
    * Summary: 
    +--------+---------+----------+------------+
    |  Clock |  Target | Estimated| Uncertainty|
    +--------+---------+----------+------------+
    |ap_clk  |  3.33 ns|  2.433 ns|     0.90 ns|
    +--------+---------+----------+------------+

+ Latency: 
    * Summary: 
    +---------+---------+----------+----------+-----+-----+----------+
    |  Latency (cycles) |  Latency (absolute) |  Interval | Pipeline |
    |   min   |   max   |    min   |    max   | min | max |   Type   |
    +---------+---------+----------+----------+-----+-----+----------+
    |        ?|        ?|         ?|         ?|    ?|    ?|  dataflow|
    +---------+---------+----------+----------+-----+-----+----------+

    + Detail: 
        * Instance: 
        N/A

        * Loop: 
        N/A

============================================================
+ Verbose Summary: Synthesis Manager
============================================================
InlineROM: 1
ExposeGlobal: 0
============================================================
+ Verbose Summary: CDFG Model
============================================================
IsTopModel: 0
ResetActiveHigh: 1
IsCombinational: 2
IsDatapathOnly: 0
HasWiredReturn: 1
HasMFsm: 0
HasVarLatency: 1
IsPipeline: 0
IsRtlPipelined: 0
IsInstanceOverlapped: 0
IsDontTouch: 0
HasImplIP: 0
IsGatedGlobalClock: 0


============================================================
+ Verbose Summary: Schedule
============================================================
* Number of FSM states : 6
* Pipeline : 0
* Dataflow Pipeline: 1
  DF-Pipeline-0: Size = 6, States = { 1 2 3 4 5 6 }

* FSM state transitions: 
1 --> 2 
2 --> 3 
3 --> 4 
4 --> 5 
5 --> 6 
6 --> 

* FSM state operations: 

State 1 <SV = 0> <Delay = 2.43>
ST_1 : Operation 7 [1/1] (0.00ns)   --->   "%arg1_read = read i64 @_ssdm_op_Read.ap_auto.i64, i64 %arg1"   --->   Operation 7 'read' 'arg1_read' <Predicate = true> <Delay = 0.00>
ST_1 : Operation 8 [1/1] (0.00ns)   --->   "%arg0_read = read i64 @_ssdm_op_Read.ap_auto.i64, i64 %arg0"   --->   Operation 8 'read' 'arg0_read' <Predicate = true> <Delay = 0.00>
ST_1 : Operation 9 [1/1] (0.00ns)   --->   "%p_read_2 = read i32 @_ssdm_op_Read.ap_auto.i32, i32 %p_read"   --->   Operation 9 'read' 'p_read_2' <Predicate = true> <Delay = 0.00>
ST_1 : Operation 10 [1/1] (0.00ns)   --->   "%num_pkts_read = read i32 @_ssdm_op_Read.ap_auto.i32, i32 %num_pkts"   --->   Operation 10 'read' 'num_pkts_read' <Predicate = true> <Delay = 0.00>
ST_1 : Operation 11 [1/1] (0.00ns)   --->   "%arg1_c = alloca i64 1"   --->   Operation 11 'alloca' 'arg1_c' <Predicate = true> <Delay = 0.00> <CoreInst = "FIFO_SRL">   --->   Core 81 'FIFO_SRL' <Latency = 0> <II = 1> <Delay = 1.41> <Storage> <Opcode : 'read' 'write' 'nbread' 'nbwrite'> <Ports = 0> <Width = 64> <Depth = 4> <FIFO>
ST_1 : Operation 12 [1/1] (0.00ns)   --->   "%p_read_c16 = alloca i64 1"   --->   Operation 12 'alloca' 'p_read_c16' <Predicate = true> <Delay = 0.00> <CoreInst = "FIFO_SRL">   --->   Core 81 'FIFO_SRL' <Latency = 0> <II = 1> <Delay = 1.39> <Storage> <Opcode : 'read' 'write' 'nbread' 'nbwrite'> <Ports = 0> <Width = 32> <Depth = 2> <FIFO>
ST_1 : Operation 13 [1/1] (0.00ns)   --->   "%p_read_c15 = alloca i64 1"   --->   Operation 13 'alloca' 'p_read_c15' <Predicate = true> <Delay = 0.00> <CoreInst = "FIFO_SRL">   --->   Core 81 'FIFO_SRL' <Latency = 0> <II = 1> <Delay = 1.46> <Storage> <Opcode : 'read' 'write' 'nbread' 'nbwrite'> <Ports = 0> <Width = 32> <Depth = 3> <FIFO>
ST_1 : Operation 14 [1/1] (0.00ns)   --->   "%p_read_c = alloca i64 1"   --->   Operation 14 'alloca' 'p_read_c' <Predicate = true> <Delay = 0.00> <CoreInst = "FIFO_SRL">   --->   Core 81 'FIFO_SRL' <Latency = 0> <II = 1> <Delay = 1.39> <Storage> <Opcode : 'read' 'write' 'nbread' 'nbwrite'> <Ports = 0> <Width = 32> <Depth = 2> <FIFO>
ST_1 : Operation 15 [1/1] (0.00ns)   --->   "%num_pkts_c = alloca i64 1"   --->   Operation 15 'alloca' 'num_pkts_c' <Predicate = true> <Delay = 0.00> <CoreInst = "FIFO_SRL">   --->   Core 81 'FIFO_SRL' <Latency = 0> <II = 1> <Delay = 1.46> <Storage> <Opcode : 'read' 'write' 'nbread' 'nbwrite'> <Ports = 0> <Width = 32> <Depth = 4> <FIFO>
ST_1 : Operation 16 [1/1] (1.21ns)   --->   "%call_ln0 = call void @entry_proc, i32 %num_pkts_read, i32 %num_pkts_c, i32 %p_read_2, i32 %p_read_c15, i64 %arg1_read, i64 %arg1_c"   --->   Operation 16 'call' 'call_ln0' <Predicate = true> <Delay = 1.21> <CoreType = "Generic">   --->   Core 0 '' <Latency = 0> <II = 1> <Delay = 1.00> <Generic> <Opcode : >
ST_1 : Operation 17 [2/2] (2.43ns)   --->   "%call_ln70 = call void @mem2stream<512u, 64u, 2u>, i512 %gmem0, i64 %arg0_read, i32 %p_read_2, i32 %p_read_c16, i512 %arg0_read_mem_strm" [/home/x_thileeb/repos/ops-hls-batching-new/codegen_apps/batching/jacobian3d/u280_project/hls/device/src/datamover_outerloop_0.cpp:70]   --->   Operation 17 'call' 'call_ln70' <Predicate = true> <Delay = 2.43> <CoreType = "Generic">   --->   Core 0 '' <Latency = 0> <II = 1> <Delay = 1.00> <Generic> <Opcode : >
ST_1 : Operation 18 [2/2] (1.24ns)   --->   "%call_ln74 = call void @axis2stream<256u>, i256 %arg1_axis_in_V_data_V, i32 %arg1_axis_in_V_keep_V, i32 %arg1_axis_in_V_strb_V, i1 %arg1_axis_in_V_last_V, i32 %num_pkts_read, i256 %arg1_write_reduced_mem_strm" [/home/x_thileeb/repos/ops-hls-batching-new/codegen_apps/batching/jacobian3d/u280_project/hls/device/src/datamover_outerloop_0.cpp:74]   --->   Operation 18 'call' 'call_ln74' <Predicate = true> <Delay = 1.24> <CoreType = "Generic">   --->   Core 0 '' <Latency = 0> <II = 1> <Delay = 1.00> <Generic> <Opcode : >

State 2 <SV = 1> <Delay = 0.00>
ST_2 : Operation 19 [1/2] (0.00ns)   --->   "%call_ln70 = call void @mem2stream<512u, 64u, 2u>, i512 %gmem0, i64 %arg0_read, i32 %p_read_2, i32 %p_read_c16, i512 %arg0_read_mem_strm" [/home/x_thileeb/repos/ops-hls-batching-new/codegen_apps/batching/jacobian3d/u280_project/hls/device/src/datamover_outerloop_0.cpp:70]   --->   Operation 19 'call' 'call_ln70' <Predicate = true> <Delay = 0.00> <CoreType = "Generic">   --->   Core 0 '' <Latency = 0> <II = 1> <Delay = 1.00> <Generic> <Opcode : >
ST_2 : Operation 20 [1/2] (0.00ns)   --->   "%call_ln74 = call void @axis2stream<256u>, i256 %arg1_axis_in_V_data_V, i32 %arg1_axis_in_V_keep_V, i32 %arg1_axis_in_V_strb_V, i1 %arg1_axis_in_V_last_V, i32 %num_pkts_read, i256 %arg1_write_reduced_mem_strm" [/home/x_thileeb/repos/ops-hls-batching-new/codegen_apps/batching/jacobian3d/u280_project/hls/device/src/datamover_outerloop_0.cpp:74]   --->   Operation 20 'call' 'call_ln74' <Predicate = true> <Delay = 0.00> <CoreType = "Generic">   --->   Core 0 '' <Latency = 0> <II = 1> <Delay = 1.00> <Generic> <Opcode : >

State 3 <SV = 2> <Delay = 0.00>
ST_3 : Operation 21 [2/2] (0.00ns)   --->   "%call_ln71 = call void @stream2streamStepdown<512u, 256u>, i32 %p_read_c16, i256 %arg0_read_reduced_mem_strm, i512 %arg0_read_mem_strm" [/home/x_thileeb/repos/ops-hls-batching-new/codegen_apps/batching/jacobian3d/u280_project/hls/device/src/datamover_outerloop_0.cpp:71]   --->   Operation 21 'call' 'call_ln71' <Predicate = true> <Delay = 0.00> <CoreType = "Generic">   --->   Core 0 '' <Latency = 0> <II = 1> <Delay = 1.00> <Generic> <Opcode : >
ST_3 : Operation 22 [2/2] (0.00ns)   --->   "%call_ln76 = call void @stream2streamStepup<256u, 512u>, i32 %p_read_c15, i32 %p_read_c, i256 %arg1_write_reduced_mem_strm, i512 %arg1_write_mem_strm" [/home/x_thileeb/repos/ops-hls-batching-new/codegen_apps/batching/jacobian3d/u280_project/hls/device/src/datamover_outerloop_0.cpp:76]   --->   Operation 22 'call' 'call_ln76' <Predicate = true> <Delay = 0.00> <CoreType = "Generic">   --->   Core 0 '' <Latency = 0> <II = 1> <Delay = 1.00> <Generic> <Opcode : >

State 4 <SV = 3> <Delay = 0.00>
ST_4 : Operation 23 [1/2] (0.00ns)   --->   "%call_ln71 = call void @stream2streamStepdown<512u, 256u>, i32 %p_read_c16, i256 %arg0_read_reduced_mem_strm, i512 %arg0_read_mem_strm" [/home/x_thileeb/repos/ops-hls-batching-new/codegen_apps/batching/jacobian3d/u280_project/hls/device/src/datamover_outerloop_0.cpp:71]   --->   Operation 23 'call' 'call_ln71' <Predicate = true> <Delay = 0.00> <CoreType = "Generic">   --->   Core 0 '' <Latency = 0> <II = 1> <Delay = 1.00> <Generic> <Opcode : >
ST_4 : Operation 24 [1/2] (0.00ns)   --->   "%call_ln76 = call void @stream2streamStepup<256u, 512u>, i32 %p_read_c15, i32 %p_read_c, i256 %arg1_write_reduced_mem_strm, i512 %arg1_write_mem_strm" [/home/x_thileeb/repos/ops-hls-batching-new/codegen_apps/batching/jacobian3d/u280_project/hls/device/src/datamover_outerloop_0.cpp:76]   --->   Operation 24 'call' 'call_ln76' <Predicate = true> <Delay = 0.00> <CoreType = "Generic">   --->   Core 0 '' <Latency = 0> <II = 1> <Delay = 1.00> <Generic> <Opcode : >

State 5 <SV = 4> <Delay = 0.00>
ST_5 : Operation 25 [2/2] (0.00ns)   --->   "%call_ln72 = call void @stream2axis<256u>, i256 %arg0_axis_out_V_data_V, i32 %arg0_axis_out_V_keep_V, i32 %arg0_axis_out_V_strb_V, i1 %arg0_axis_out_V_last_V, i32 %num_pkts_c, i256 %arg0_read_reduced_mem_strm" [/home/x_thileeb/repos/ops-hls-batching-new/codegen_apps/batching/jacobian3d/u280_project/hls/device/src/datamover_outerloop_0.cpp:72]   --->   Operation 25 'call' 'call_ln72' <Predicate = true> <Delay = 0.00> <CoreType = "Generic">   --->   Core 0 '' <Latency = 0> <II = 1> <Delay = 1.00> <Generic> <Opcode : >
ST_5 : Operation 26 [2/2] (0.00ns)   --->   "%call_ln77 = call void @stream2mem<512u, 64u, 2u>, i512 %gmem1, i64 %arg1_c, i32 %p_read_c, i512 %arg1_write_mem_strm" [/home/x_thileeb/repos/ops-hls-batching-new/codegen_apps/batching/jacobian3d/u280_project/hls/device/src/datamover_outerloop_0.cpp:77]   --->   Operation 26 'call' 'call_ln77' <Predicate = true> <Delay = 0.00> <CoreType = "Generic">   --->   Core 0 '' <Latency = 0> <II = 1> <Delay = 1.00> <Generic> <Opcode : >

State 6 <SV = 5> <Delay = 0.00>
ST_6 : Operation 27 [1/1] (0.00ns)   --->   "%empty = specchannel i32 @_ssdm_op_SpecChannel, void @arg1_c_str, i32 1, void @p_str, void @p_str, i32 4, i32 0, i64 %arg1_c, i64 %arg1_c"   --->   Operation 27 'specchannel' 'empty' <Predicate = true> <Delay = 0.00>
ST_6 : Operation 28 [1/1] (0.00ns)   --->   "%specinterface_ln0 = specinterface void @_ssdm_op_SpecInterface, i64 %arg1_c, void @ap_fifo_str, i32 0, i32 0, void @p_str, i32 0, i32 0, void @p_str, void @p_str, void @p_str, i32 2, i32 2, i32 16, i32 16, void @p_str, void @p_str, i32 4294967295, i32 0"   --->   Operation 28 'specinterface' 'specinterface_ln0' <Predicate = true> <Delay = 0.00>
ST_6 : Operation 29 [1/1] (0.00ns)   --->   "%empty_63 = specchannel i32 @_ssdm_op_SpecChannel, void @p_OC_read_c16_str, i32 1, void @p_str, void @p_str, i32 2, i32 0, i32 %p_read_c16, i32 %p_read_c16"   --->   Operation 29 'specchannel' 'empty_63' <Predicate = true> <Delay = 0.00>
ST_6 : Operation 30 [1/1] (0.00ns)   --->   "%specinterface_ln0 = specinterface void @_ssdm_op_SpecInterface, i32 %p_read_c16, void @ap_fifo_str, i32 0, i32 0, void @p_str, i32 0, i32 0, void @p_str, void @p_str, void @p_str, i32 2, i32 2, i32 16, i32 16, void @p_str, void @p_str, i32 4294967295, i32 0"   --->   Operation 30 'specinterface' 'specinterface_ln0' <Predicate = true> <Delay = 0.00>
ST_6 : Operation 31 [1/1] (0.00ns)   --->   "%empty_64 = specchannel i32 @_ssdm_op_SpecChannel, void @p_OC_read_c15_str, i32 1, void @p_str, void @p_str, i32 3, i32 0, i32 %p_read_c15, i32 %p_read_c15"   --->   Operation 31 'specchannel' 'empty_64' <Predicate = true> <Delay = 0.00>
ST_6 : Operation 32 [1/1] (0.00ns)   --->   "%specinterface_ln0 = specinterface void @_ssdm_op_SpecInterface, i32 %p_read_c15, void @ap_fifo_str, i32 0, i32 0, void @p_str, i32 0, i32 0, void @p_str, void @p_str, void @p_str, i32 2, i32 2, i32 16, i32 16, void @p_str, void @p_str, i32 4294967295, i32 0"   --->   Operation 32 'specinterface' 'specinterface_ln0' <Predicate = true> <Delay = 0.00>
ST_6 : Operation 33 [1/1] (0.00ns)   --->   "%empty_65 = specchannel i32 @_ssdm_op_SpecChannel, void @p_OC_read_c_str, i32 1, void @p_str, void @p_str, i32 2, i32 0, i32 %p_read_c, i32 %p_read_c"   --->   Operation 33 'specchannel' 'empty_65' <Predicate = true> <Delay = 0.00>
ST_6 : Operation 34 [1/1] (0.00ns)   --->   "%specinterface_ln0 = specinterface void @_ssdm_op_SpecInterface, i32 %p_read_c, void @ap_fifo_str, i32 0, i32 0, void @p_str, i32 0, i32 0, void @p_str, void @p_str, void @p_str, i32 2, i32 2, i32 16, i32 16, void @p_str, void @p_str, i32 4294967295, i32 0"   --->   Operation 34 'specinterface' 'specinterface_ln0' <Predicate = true> <Delay = 0.00>
ST_6 : Operation 35 [1/1] (0.00ns)   --->   "%empty_66 = specchannel i32 @_ssdm_op_SpecChannel, void @num_pkts_c_str, i32 1, void @p_str, void @p_str, i32 4, i32 0, i32 %num_pkts_c, i32 %num_pkts_c"   --->   Operation 35 'specchannel' 'empty_66' <Predicate = true> <Delay = 0.00>
ST_6 : Operation 36 [1/1] (0.00ns)   --->   "%specinterface_ln0 = specinterface void @_ssdm_op_SpecInterface, i32 %num_pkts_c, void @ap_fifo_str, i32 0, i32 0, void @p_str, i32 0, i32 0, void @p_str, void @p_str, void @p_str, i32 2, i32 2, i32 16, i32 16, void @p_str, void @p_str, i32 4294967295, i32 0"   --->   Operation 36 'specinterface' 'specinterface_ln0' <Predicate = true> <Delay = 0.00>
ST_6 : Operation 37 [1/1] (0.00ns)   --->   "%specinterface_ln0 = specinterface void @_ssdm_op_SpecInterface, i512 %arg1_write_mem_strm, void @empty_23, i32 0, i32 0, void @empty_35, i32 0, i32 0, void @empty_35, void @empty_35, void @empty_35, i32 0, i32 0, i32 0, i32 0, void @empty_35, void @empty_35, i32 4294967295, i32 0"   --->   Operation 37 'specinterface' 'specinterface_ln0' <Predicate = true> <Delay = 0.00>
ST_6 : Operation 38 [1/1] (0.00ns)   --->   "%specinterface_ln0 = specinterface void @_ssdm_op_SpecInterface, i256 %arg1_write_reduced_mem_strm, void @empty_23, i32 0, i32 0, void @empty_35, i32 0, i32 0, void @empty_35, void @empty_35, void @empty_35, i32 0, i32 0, i32 0, i32 0, void @empty_35, void @empty_35, i32 4294967295, i32 0"   --->   Operation 38 'specinterface' 'specinterface_ln0' <Predicate = true> <Delay = 0.00>
ST_6 : Operation 39 [1/1] (0.00ns)   --->   "%specinterface_ln0 = specinterface void @_ssdm_op_SpecInterface, i256 %arg0_read_reduced_mem_strm, void @empty_23, i32 0, i32 0, void @empty_35, i32 0, i32 0, void @empty_35, void @empty_35, void @empty_35, i32 0, i32 0, i32 0, i32 0, void @empty_35, void @empty_35, i32 4294967295, i32 0"   --->   Operation 39 'specinterface' 'specinterface_ln0' <Predicate = true> <Delay = 0.00>
ST_6 : Operation 40 [1/1] (0.00ns)   --->   "%specinterface_ln0 = specinterface void @_ssdm_op_SpecInterface, i512 %arg0_read_mem_strm, void @empty_23, i32 0, i32 0, void @empty_35, i32 0, i32 0, void @empty_35, void @empty_35, void @empty_35, i32 0, i32 0, i32 0, i32 0, void @empty_35, void @empty_35, i32 4294967295, i32 0"   --->   Operation 40 'specinterface' 'specinterface_ln0' <Predicate = true> <Delay = 0.00>
ST_6 : Operation 41 [1/1] (0.00ns)   --->   "%empty_67 = specchannel i32 @_ssdm_op_SpecChannel, void @arg0_read_mem_strm_str, i32 1, void @p_str, void @p_str, i32 2, i32 2, i512 %arg0_read_mem_strm, i512 %arg0_read_mem_strm"   --->   Operation 41 'specchannel' 'empty_67' <Predicate = true> <Delay = 0.00>
ST_6 : Operation 42 [1/1] (0.00ns)   --->   "%empty_68 = specchannel i32 @_ssdm_op_SpecChannel, void @arg0_read_reduced_mem_strm_str, i32 1, void @p_str, void @p_str, i32 2, i32 2, i256 %arg0_read_reduced_mem_strm, i256 %arg0_read_reduced_mem_strm"   --->   Operation 42 'specchannel' 'empty_68' <Predicate = true> <Delay = 0.00>
ST_6 : Operation 43 [1/1] (0.00ns)   --->   "%empty_69 = specchannel i32 @_ssdm_op_SpecChannel, void @arg1_write_mem_strm_str, i32 1, void @p_str, void @p_str, i32 2, i32 2, i512 %arg1_write_mem_strm, i512 %arg1_write_mem_strm"   --->   Operation 43 'specchannel' 'empty_69' <Predicate = true> <Delay = 0.00>
ST_6 : Operation 44 [1/1] (0.00ns)   --->   "%empty_70 = specchannel i32 @_ssdm_op_SpecChannel, void @arg1_write_reduced_mem_strm_str, i32 1, void @p_str, void @p_str, i32 2, i32 2, i256 %arg1_write_reduced_mem_strm, i256 %arg1_write_reduced_mem_strm"   --->   Operation 44 'specchannel' 'empty_70' <Predicate = true> <Delay = 0.00>
ST_6 : Operation 45 [1/1] (0.00ns)   --->   "%specdataflowpipeline_ln47 = specdataflowpipeline void @_ssdm_op_SpecDataflowPipeline, i32 4294967295, i32 0, void @empty_35" [/home/x_thileeb/repos/ops-hls-batching-new/codegen_apps/batching/jacobian3d/u280_project/hls/device/src/datamover_outerloop_0.cpp:47]   --->   Operation 45 'specdataflowpipeline' 'specdataflowpipeline_ln47' <Predicate = true> <Delay = 0.00>
ST_6 : Operation 46 [1/1] (0.00ns)   --->   "%specaxissidechannel_ln0 = specaxissidechannel void @_ssdm_op_SpecAXISSideChannel, i256 %arg1_axis_in_V_data_V, i32 %arg1_axis_in_V_keep_V, i32 %arg1_axis_in_V_strb_V, i1 0, i1 %arg1_axis_in_V_last_V, i1 0, i1 0, void @empty_9"   --->   Operation 46 'specaxissidechannel' 'specaxissidechannel_ln0' <Predicate = true> <Delay = 0.00>
ST_6 : Operation 47 [1/1] (0.00ns)   --->   "%specaxissidechannel_ln0 = specaxissidechannel void @_ssdm_op_SpecAXISSideChannel, i256 %arg0_axis_out_V_data_V, i32 %arg0_axis_out_V_keep_V, i32 %arg0_axis_out_V_strb_V, i1 0, i1 %arg0_axis_out_V_last_V, i1 0, i1 0, void @empty_25"   --->   Operation 47 'specaxissidechannel' 'specaxissidechannel_ln0' <Predicate = true> <Delay = 0.00>
ST_6 : Operation 48 [1/1] (0.00ns)   --->   "%specinterface_ln0 = specinterface void @_ssdm_op_SpecInterface, i1 %arg1_axis_in_V_last_V, i32 %arg1_axis_in_V_strb_V, i32 %arg1_axis_in_V_keep_V, i256 %arg1_axis_in_V_data_V, void @empty_21, i32 0, i32 0, void @empty_22, i32 0, i32 0, void @empty_35, void @empty_35, void @empty_35, i32 0, i32 0, i32 0, i32 0, void @empty_35, void @empty_35, i32 4294967295, i32 0"   --->   Operation 48 'specinterface' 'specinterface_ln0' <Predicate = true> <Delay = 0.00>
ST_6 : Operation 49 [1/1] (0.00ns)   --->   "%specinterface_ln0 = specinterface void @_ssdm_op_SpecInterface, i1 %arg0_axis_out_V_last_V, i32 %arg0_axis_out_V_strb_V, i32 %arg0_axis_out_V_keep_V, i256 %arg0_axis_out_V_data_V, void @empty_21, i32 0, i32 0, void @empty_22, i32 0, i32 0, void @empty_35, void @empty_35, void @empty_35, i32 0, i32 0, i32 0, i32 0, void @empty_35, void @empty_35, i32 4294967295, i32 0"   --->   Operation 49 'specinterface' 'specinterface_ln0' <Predicate = true> <Delay = 0.00>
ST_6 : Operation 50 [1/1] (0.00ns)   --->   "%specinterface_ln0 = specinterface void @_ssdm_op_SpecInterface, i512 %gmem0, void @empty_36, i32 0, i32 0, void @empty_35, i32 40, i32 4096, void @empty_34, void @empty_33, void @empty_35, i32 4, i32 4, i32 64, i32 64, void @empty_35, void @empty_35, i32 4294967295, i32 0"   --->   Operation 50 'specinterface' 'specinterface_ln0' <Predicate = true> <Delay = 0.00>
ST_6 : Operation 51 [1/1] (0.00ns)   --->   "%specinterface_ln0 = specinterface void @_ssdm_op_SpecInterface, i512 %gmem1, void @empty_36, i32 0, i32 0, void @empty_35, i32 40, i32 4096, void @empty_34, void @empty_33, void @empty_35, i32 4, i32 4, i32 64, i32 64, void @empty_35, void @empty_35, i32 4294967295, i32 0"   --->   Operation 51 'specinterface' 'specinterface_ln0' <Predicate = true> <Delay = 0.00>
ST_6 : Operation 52 [1/2] (0.00ns)   --->   "%call_ln72 = call void @stream2axis<256u>, i256 %arg0_axis_out_V_data_V, i32 %arg0_axis_out_V_keep_V, i32 %arg0_axis_out_V_strb_V, i1 %arg0_axis_out_V_last_V, i32 %num_pkts_c, i256 %arg0_read_reduced_mem_strm" [/home/x_thileeb/repos/ops-hls-batching-new/codegen_apps/batching/jacobian3d/u280_project/hls/device/src/datamover_outerloop_0.cpp:72]   --->   Operation 52 'call' 'call_ln72' <Predicate = true> <Delay = 0.00> <CoreType = "Generic">   --->   Core 0 '' <Latency = 0> <II = 1> <Delay = 1.00> <Generic> <Opcode : >
ST_6 : Operation 53 [1/2] (0.00ns)   --->   "%call_ln77 = call void @stream2mem<512u, 64u, 2u>, i512 %gmem1, i64 %arg1_c, i32 %p_read_c, i512 %arg1_write_mem_strm" [/home/x_thileeb/repos/ops-hls-batching-new/codegen_apps/batching/jacobian3d/u280_project/hls/device/src/datamover_outerloop_0.cpp:77]   --->   Operation 53 'call' 'call_ln77' <Predicate = true> <Delay = 0.00> <CoreType = "Generic">   --->   Core 0 '' <Latency = 0> <II = 1> <Delay = 1.00> <Generic> <Opcode : >
ST_6 : Operation 54 [1/1] (0.00ns)   --->   "%ret_ln96 = ret" [/home/x_thileeb/repos/ops-hls-batching-new/codegen_apps/batching/jacobian3d/u280_project/hls/device/src/datamover_outerloop_0.cpp:96]   --->   Operation 54 'ret' 'ret_ln96' <Predicate = true> <Delay = 0.00>


============================================================
+ Verbose Summary: Timing violations
============================================================
Target clock period: 3.33ns, clock uncertainty: 0.9ns.

 <State 1>: 2.43ns
The critical path consists of the following:
	wire read operation ('arg0_read') on port 'arg0' [20]  (0 ns)
	'call' operation ('call_ln70', /home/x_thileeb/repos/ops-hls-batching-new/codegen_apps/batching/jacobian3d/u280_project/hls/device/src/datamover_outerloop_0.cpp:70) to 'mem2stream<512u, 64u, 2u>' [54]  (2.43 ns)

 <State 2>: 0ns
The critical path consists of the following:

 <State 3>: 0ns
The critical path consists of the following:

 <State 4>: 0ns
The critical path consists of the following:

 <State 5>: 0ns
The critical path consists of the following:

 <State 6>: 0ns
The critical path consists of the following:


============================================================
+ Verbose Summary: Binding
============================================================
N/A
* FSMD analyzer results:
  - Output states:
 - Input state : 
  - Chain level:
	State 1
	State 2
	State 3
	State 4
	State 5
	State 6


============================================================
+ Verbose Summary: Datapath Resource usage 
============================================================
N/A
