

================================================================
== Vitis HLS Report for 'stream2memWithAvoidV3_256u_1u_14_Pipeline_write_loop'
================================================================
* Date:           Fri Aug 14 22:50:36 2026

* Version:        2022.2 (Build 3670227 on Oct 13 2022)
* Project:        datamover_outerloop_0
* Solution:       solution (Vitis Kernel Flow Target)
* Product family: virtexuplus
* Target device:  xcu280-fsvh2892-2L-e


================================================================
== Performance Estimates
================================================================
+ Timing: 
    * Summary: 
    +--------+---------+----------+------------+
    |  Clock |  Target | Estimated| Uncertainty|
    +--------+---------+----------+------------+
    |ap_clk  |  3.33 ns|  2.433 ns|     0.90 ns|
    +--------+---------+----------+------------+

+ Latency: 
    * Summary: 
    +---------+---------+-----------+----------+-----+-----+---------+
    |  Latency (cycles) |  Latency (absolute)  |  Interval | Pipeline|
    |   min   |   max   |    min    |    max   | min | max |   Type  |
    +---------+---------+-----------+----------+-----+-----+---------+
    |        4|      259|  13.332 ns|  0.863 us|    4|  259|       no|
    +---------+---------+-----------+----------+-----+-----+---------+

    + Detail: 
        * Instance: 
        N/A

        * Loop: 
        +--------------+---------+---------+----------+-----------+-----------+---------+----------+
        |              |  Latency (cycles) | Iteration|  Initiation Interval  |   Trip  |          |
        |   Loop Name  |   min   |   max   |  Latency |  achieved |   target  |  Count  | Pipelined|
        +--------------+---------+---------+----------+-----------+-----------+---------+----------+
        |- write_loop  |        2|      257|         3|          1|          1|  1 ~ 256|       yes|
        +--------------+---------+---------+----------+-----------+-----------+---------+----------+



================================================================
== Utilization Estimates
================================================================
* Summary: 
+---------------------+---------+------+---------+---------+-----+
|         Name        | BRAM_18K|  DSP |    FF   |   LUT   | URAM|
+---------------------+---------+------+---------+---------+-----+
|DSP                  |        -|     -|        -|        -|    -|
|Expression           |        -|     -|        0|       67|    -|
|FIFO                 |        -|     -|        -|        -|    -|
|Instance             |        -|     -|        -|        -|    -|
|Memory               |        -|     -|        -|        -|    -|
|Multiplexer          |        -|     -|        -|       54|    -|
|Register             |        -|     -|      294|        -|    -|
+---------------------+---------+------+---------+---------+-----+
|Total                |        0|     0|      294|      121|    0|
+---------------------+---------+------+---------+---------+-----+
|Available SLR        |     1344|  3008|   869120|   434560|  320|
+---------------------+---------+------+---------+---------+-----+
|Utilization SLR (%)  |        0|     0|       ~0|       ~0|    0|
+---------------------+---------+------+---------+---------+-----+
|Available            |     4032|  9024|  2607360|  1303680|  960|
+---------------------+---------+------+---------+---------+-----+
|Utilization (%)      |        0|     0|       ~0|       ~0|    0|
+---------------------+---------+------+---------+---------+-----+

+ Detail: 
    * Instance: 
    N/A

    * DSP: 
    N/A

    * Memory: 
    N/A

    * FIFO: 
    N/A

    * Expression: 
    +----------------------------------+----------+----+---+----+------------+------------+
    |           Variable Name          | Operation| DSP| FF| LUT| Bitwidth P0| Bitwidth P1|
    +----------------------------------+----------+----+---+----+------------+------------+
    |add_ln1172_fu_108_p2              |         +|   0|  0|  39|          32|           1|
    |ap_block_pp0_stage0_01001         |       and|   0|  0|   2|           1|           1|
    |ap_block_state2_pp0_stage0_iter1  |       and|   0|  0|   2|           1|           1|
    |icmp_ln1172_fu_102_p2             |      icmp|   0|  0|  20|          32|          32|
    |ap_block_pp0_stage0_11001         |        or|   0|  0|   2|           1|           1|
    |ap_enable_pp0                     |       xor|   0|  0|   2|           1|           2|
    +----------------------------------+----------+----+---+----+------------+------------+
    |Total                             |          |   0|  0|  67|          68|          38|
    +----------------------------------+----------+----+---+----+------------+------------+

    * Multiplexer: 
    +--------------------------------+----+-----------+-----+-----------+
    |              Name              | LUT| Input Size| Bits| Total Bits|
    +--------------------------------+----+-----------+-----+-----------+
    |ap_done_int                     |   9|          2|    1|          2|
    |ap_enable_reg_pp0_iter2         |   9|          2|    1|          2|
    |ap_sig_allocacmp_beat           |   9|          2|   32|         64|
    |arg1_write_mem_strm_g3_1_blk_n  |   9|          2|    1|          2|
    |beat_6_fu_56                    |   9|          2|   32|         64|
    |gmem15_blk_n_W                  |   9|          2|    1|          2|
    +--------------------------------+----+-----------+-----+-----------+
    |Total                           |  54|         12|   68|        136|
    +--------------------------------+----+-----------+-----+-----------+

    * Register: 
    +---------------------------------------+-----+----+-----+-----------+
    |                  Name                 |  FF | LUT| Bits| Const Bits|
    +---------------------------------------+-----+----+-----+-----------+
    |ap_CS_fsm                              |    1|   0|    1|          0|
    |ap_done_reg                            |    1|   0|    1|          0|
    |ap_enable_reg_pp0_iter1                |    1|   0|    1|          0|
    |ap_enable_reg_pp0_iter2                |    1|   0|    1|          0|
    |ap_loop_exit_ready_pp0_iter1_reg       |    1|   0|    1|          0|
    |arg1_write_mem_strm_g3_1_read_reg_145  |  256|   0|  256|          0|
    |beat_6_fu_56                           |   32|   0|   32|          0|
    |icmp_ln1172_reg_136                    |    1|   0|    1|          0|
    +---------------------------------------+-----+----+-----+-----------+
    |Total                                  |  294|   0|  294|          0|
    +---------------------------------------+-----+----+-----+-----------+



================================================================
== Interface
================================================================
* Summary: 
+-----------------------------------------+-----+-----+------------+--------------------------------------------------------+--------------+
|                RTL Ports                | Dir | Bits|  Protocol  |                      Source Object                     |    C Type    |
+-----------------------------------------+-----+-----+------------+--------------------------------------------------------+--------------+
|ap_clk                                   |   in|    1|  ap_ctrl_hs|  stream2memWithAvoidV3<256u, 1u>.14_Pipeline_write_loop|  return value|
|ap_rst                                   |   in|    1|  ap_ctrl_hs|  stream2memWithAvoidV3<256u, 1u>.14_Pipeline_write_loop|  return value|
|ap_start                                 |   in|    1|  ap_ctrl_hs|  stream2memWithAvoidV3<256u, 1u>.14_Pipeline_write_loop|  return value|
|ap_done                                  |  out|    1|  ap_ctrl_hs|  stream2memWithAvoidV3<256u, 1u>.14_Pipeline_write_loop|  return value|
|ap_idle                                  |  out|    1|  ap_ctrl_hs|  stream2memWithAvoidV3<256u, 1u>.14_Pipeline_write_loop|  return value|
|ap_ready                                 |  out|    1|  ap_ctrl_hs|  stream2memWithAvoidV3<256u, 1u>.14_Pipeline_write_loop|  return value|
|arg1_write_mem_strm_g3_1_dout            |   in|  256|     ap_fifo|                                arg1_write_mem_strm_g3_1|       pointer|
|arg1_write_mem_strm_g3_1_num_data_valid  |   in|    5|     ap_fifo|                                arg1_write_mem_strm_g3_1|       pointer|
|arg1_write_mem_strm_g3_1_fifo_cap        |   in|    5|     ap_fifo|                                arg1_write_mem_strm_g3_1|       pointer|
|arg1_write_mem_strm_g3_1_empty_n         |   in|    1|     ap_fifo|                                arg1_write_mem_strm_g3_1|       pointer|
|arg1_write_mem_strm_g3_1_read            |  out|    1|     ap_fifo|                                arg1_write_mem_strm_g3_1|       pointer|
|m_axi_gmem15_AWVALID                     |  out|    1|       m_axi|                                                   gmem7|       pointer|
|m_axi_gmem15_AWREADY                     |   in|    1|       m_axi|                                                   gmem7|       pointer|
|m_axi_gmem15_AWADDR                      |  out|   64|       m_axi|                                                   gmem7|       pointer|
|m_axi_gmem15_AWID                        |  out|    1|       m_axi|                                                   gmem7|       pointer|
|m_axi_gmem15_AWLEN                       |  out|   32|       m_axi|                                                   gmem7|       pointer|
|m_axi_gmem15_AWSIZE                      |  out|    3|       m_axi|                                                   gmem7|       pointer|
|m_axi_gmem15_AWBURST                     |  out|    2|       m_axi|                                                   gmem7|       pointer|
|m_axi_gmem15_AWLOCK                      |  out|    2|       m_axi|                                                   gmem7|       pointer|
|m_axi_gmem15_AWCACHE                     |  out|    4|       m_axi|                                                   gmem7|       pointer|
|m_axi_gmem15_AWPROT                      |  out|    3|       m_axi|                                                   gmem7|       pointer|
|m_axi_gmem15_AWQOS                       |  out|    4|       m_axi|                                                   gmem7|       pointer|
|m_axi_gmem15_AWREGION                    |  out|    4|       m_axi|                                                   gmem7|       pointer|
|m_axi_gmem15_AWUSER                      |  out|    1|       m_axi|                                                   gmem7|       pointer|
|m_axi_gmem15_WVALID                      |  out|    1|       m_axi|                                                   gmem7|       pointer|
|m_axi_gmem15_WREADY                      |   in|    1|       m_axi|                                                   gmem7|       pointer|
|m_axi_gmem15_WDATA                       |  out|  256|       m_axi|                                                   gmem7|       pointer|
|m_axi_gmem15_WSTRB                       |  out|   32|       m_axi|                                                   gmem7|       pointer|
|m_axi_gmem15_WLAST                       |  out|    1|       m_axi|                                                   gmem7|       pointer|
|m_axi_gmem15_WID                         |  out|    1|       m_axi|                                                   gmem7|       pointer|
|m_axi_gmem15_WUSER                       |  out|    1|       m_axi|                                                   gmem7|       pointer|
|m_axi_gmem15_ARVALID                     |  out|    1|       m_axi|                                                   gmem7|       pointer|
|m_axi_gmem15_ARREADY                     |   in|    1|       m_axi|                                                   gmem7|       pointer|
|m_axi_gmem15_ARADDR                      |  out|   64|       m_axi|                                                   gmem7|       pointer|
|m_axi_gmem15_ARID                        |  out|    1|       m_axi|                                                   gmem7|       pointer|
|m_axi_gmem15_ARLEN                       |  out|   32|       m_axi|                                                   gmem7|       pointer|
|m_axi_gmem15_ARSIZE                      |  out|    3|       m_axi|                                                   gmem7|       pointer|
|m_axi_gmem15_ARBURST                     |  out|    2|       m_axi|                                                   gmem7|       pointer|
|m_axi_gmem15_ARLOCK                      |  out|    2|       m_axi|                                                   gmem7|       pointer|
|m_axi_gmem15_ARCACHE                     |  out|    4|       m_axi|                                                   gmem7|       pointer|
|m_axi_gmem15_ARPROT                      |  out|    3|       m_axi|                                                   gmem7|       pointer|
|m_axi_gmem15_ARQOS                       |  out|    4|       m_axi|                                                   gmem7|       pointer|
|m_axi_gmem15_ARREGION                    |  out|    4|       m_axi|                                                   gmem7|       pointer|
|m_axi_gmem15_ARUSER                      |  out|    1|       m_axi|                                                   gmem7|       pointer|
|m_axi_gmem15_RVALID                      |   in|    1|       m_axi|                                                   gmem7|       pointer|
|m_axi_gmem15_RREADY                      |  out|    1|       m_axi|                                                   gmem7|       pointer|
|m_axi_gmem15_RDATA                       |   in|  256|       m_axi|                                                   gmem7|       pointer|
|m_axi_gmem15_RLAST                       |   in|    1|       m_axi|                                                   gmem7|       pointer|
|m_axi_gmem15_RID                         |   in|    1|       m_axi|                                                   gmem7|       pointer|
|m_axi_gmem15_RFIFONUM                    |   in|    6|       m_axi|                                                   gmem7|       pointer|
|m_axi_gmem15_RUSER                       |   in|    1|       m_axi|                                                   gmem7|       pointer|
|m_axi_gmem15_RRESP                       |   in|    2|       m_axi|                                                   gmem7|       pointer|
|m_axi_gmem15_BVALID                      |   in|    1|       m_axi|                                                   gmem7|       pointer|
|m_axi_gmem15_BREADY                      |  out|    1|       m_axi|                                                   gmem7|       pointer|
|m_axi_gmem15_BRESP                       |   in|    2|       m_axi|                                                   gmem7|       pointer|
|m_axi_gmem15_BID                         |   in|    1|       m_axi|                                                   gmem7|       pointer|
|m_axi_gmem15_BUSER                       |   in|    1|       m_axi|                                                   gmem7|       pointer|
|sext_ln1172                              |   in|   59|     ap_none|                                             sext_ln1172|        scalar|
|sext_ln1137                              |   in|   14|     ap_none|                                             sext_ln1137|        scalar|
+-----------------------------------------+-----+-----+------------+--------------------------------------------------------+--------------+

