

================================================================
== Vitis HLS Report for 'stream2memWithAvoidV3_256u_1u_s'
================================================================
* Date:           Fri Aug 14 22:50:29 2026

* Version:        2022.2 (Build 3670227 on Oct 13 2022)
* Project:        datamover_outerloop_0
* Solution:       solution (Vitis Kernel Flow Target)
* Product family: virtexuplus
* Target device:  xcu280-fsvh2892-2L-e


================================================================
== Performance Estimates
================================================================
+ Timing: 
    * Summary: 
    +--------+---------+----------+------------+
    |  Clock |  Target | Estimated| Uncertainty|
    +--------+---------+----------+------------+
    |ap_clk  |  3.33 ns|  2.433 ns|     0.90 ns|
    +--------+---------+----------+------------+

+ Latency: 
    * Summary: 
    +---------+---------+-----------+----------+-----+-----+---------+
    |  Latency (cycles) |  Latency (absolute)  |  Interval | Pipeline|
    |   min   |   max   |    min    |    max   | min | max |   Type  |
    +---------+---------+-----------+----------+-----+-----+---------+
    |        7|      375|  23.331 ns|  1.250 us|    7|  375|       no|
    +---------+---------+-----------+----------+-----+-----+---------+

    + Detail: 
        * Instance: 
        +-------------------------------------------------------------+---------------------------------------------------+---------+---------+-----------+----------+-----+-----+---------+
        |                                                             |                                                   |  Latency (cycles) |  Latency (absolute)  |  Interval | Pipeline|
        |                           Instance                          |                       Module                      |   min   |   max   |    min    |    max   | min | max |   Type  |
        +-------------------------------------------------------------+---------------------------------------------------+---------+---------+-----------+----------+-----+-----+---------+
        |grp_stream2memWithAvoidV3_256u_1u_Pipeline_avoid_loop_fu_83  |stream2memWithAvoidV3_256u_1u_Pipeline_avoid_loop  |        3|       66|   9.999 ns|  0.220 us|    3|   66|       no|
        |grp_stream2memWithAvoidV3_256u_1u_Pipeline_write_loop_fu_90  |stream2memWithAvoidV3_256u_1u_Pipeline_write_loop  |        4|      259|  13.332 ns|  0.863 us|    4|  259|       no|
        +-------------------------------------------------------------+---------------------------------------------------+---------+---------+-----------+----------+-----+-----+---------+

        * Loop: 
        N/A



================================================================
== Utilization Estimates
================================================================
* Summary: 
+---------------------+---------+------+---------+---------+-----+
|         Name        | BRAM_18K|  DSP |    FF   |   LUT   | URAM|
+---------------------+---------+------+---------+---------+-----+
|DSP                  |        -|     -|        -|        -|    -|
|Expression           |        -|     -|        0|      108|    -|
|FIFO                 |        -|     -|        -|        -|    -|
|Instance             |        -|     -|      310|      202|    -|
|Memory               |        -|     -|        -|        -|    -|
|Multiplexer          |        -|     -|        -|      412|    -|
|Register             |        -|     -|      160|        -|    -|
+---------------------+---------+------+---------+---------+-----+
|Total                |        0|     0|      470|      722|    0|
+---------------------+---------+------+---------+---------+-----+
|Available SLR        |     1344|  3008|   869120|   434560|  320|
+---------------------+---------+------+---------+---------+-----+
|Utilization SLR (%)  |        0|     0|       ~0|       ~0|    0|
+---------------------+---------+------+---------+---------+-----+
|Available            |     4032|  9024|  2607360|  1303680|  960|
+---------------------+---------+------+---------+---------+-----+
|Utilization (%)      |        0|     0|       ~0|       ~0|    0|
+---------------------+---------+------+---------+---------+-----+

+ Detail: 
    * Instance: 
    +-------------------------------------------------------------+---------------------------------------------------+---------+----+-----+-----+-----+
    |                           Instance                          |                       Module                      | BRAM_18K| DSP|  FF | LUT | URAM|
    +-------------------------------------------------------------+---------------------------------------------------+---------+----+-----+-----+-----+
    |grp_stream2memWithAvoidV3_256u_1u_Pipeline_avoid_loop_fu_83  |stream2memWithAvoidV3_256u_1u_Pipeline_avoid_loop  |        0|   0|   16|   81|    0|
    |grp_stream2memWithAvoidV3_256u_1u_Pipeline_write_loop_fu_90  |stream2memWithAvoidV3_256u_1u_Pipeline_write_loop  |        0|   0|  294|  121|    0|
    +-------------------------------------------------------------+---------------------------------------------------+---------+----+-----+-----+-----+
    |Total                                                        |                                                   |        0|   0|  310|  202|    0|
    +-------------------------------------------------------------+---------------------------------------------------+---------+----+-----+-----+-----+

    * DSP: 
    N/A

    * Memory: 
    N/A

    * FIFO: 
    N/A

    * Expression: 
    +-------------------------+----------+----+---+----+------------+------------+
    |      Variable Name      | Operation| DSP| FF| LUT| Bitwidth P0| Bitwidth P1|
    +-------------------------+----------+----+---+----+------------+------------+
    |add_ln1172_fu_131_p2     |         +|   0|  0|  71|          64|          64|
    |writing_beats_fu_106_p2  |         -|   0|  0|  21|          14|          14|
    |ap_block_state51         |       and|   0|  0|   2|           1|           1|
    |icmp_ln1172_fu_116_p2    |      icmp|   0|  0|  12|          13|          13|
    |ap_block_state1          |        or|   0|  0|   2|           1|           1|
    +-------------------------+----------+----+---+----+------------+------------+
    |Total                    |          |   0|  0| 108|          93|          93|
    +-------------------------+----------+----+---+----+------------+------------+

    * Multiplexer: 
    +-------------------------------+-----+-----------+-----+-----------+
    |              Name             | LUT | Input Size| Bits| Total Bits|
    +-------------------------------+-----+-----------+-----+-----------+
    |ap_NS_fsm                      |  225|         52|    1|         52|
    |ap_done                        |    9|          2|    1|          2|
    |arg1_write_mem_strm_g0_0_read  |   14|          3|    1|          3|
    |gmem8_blk_n_AW                 |    9|          2|    1|          2|
    |gmem8_blk_n_B                  |    9|          2|    1|          2|
    |m_axi_gmem8_AWADDR             |   14|          3|   64|        192|
    |m_axi_gmem8_AWBURST            |    9|          2|    2|          4|
    |m_axi_gmem8_AWCACHE            |    9|          2|    4|          8|
    |m_axi_gmem8_AWID               |    9|          2|    1|          2|
    |m_axi_gmem8_AWLEN              |   14|          3|   32|         96|
    |m_axi_gmem8_AWLOCK             |    9|          2|    2|          4|
    |m_axi_gmem8_AWPROT             |    9|          2|    3|          6|
    |m_axi_gmem8_AWQOS              |    9|          2|    4|          8|
    |m_axi_gmem8_AWREGION           |    9|          2|    4|          8|
    |m_axi_gmem8_AWSIZE             |    9|          2|    3|          6|
    |m_axi_gmem8_AWUSER             |    9|          2|    1|          2|
    |m_axi_gmem8_AWVALID            |   14|          3|    1|          3|
    |m_axi_gmem8_BREADY             |   14|          3|    1|          3|
    |m_axi_gmem8_WVALID             |    9|          2|    1|          2|
    +-------------------------------+-----+-----------+-----+-----------+
    |Total                          |  412|         93|  128|        405|
    +-------------------------------+-----+-----------+-----+-----------+

    * Register: 
    +--------------------------------------------------------------------------+----+----+-----+-----------+
    |                                   Name                                   | FF | LUT| Bits| Const Bits|
    +--------------------------------------------------------------------------+----+----+-----+-----------+
    |ap_CS_fsm                                                                 |  51|   0|   51|          0|
    |ap_done_reg                                                               |   1|   0|    1|          0|
    |grp_stream2memWithAvoidV3_256u_1u_Pipeline_avoid_loop_fu_83_ap_start_reg  |   1|   0|    1|          0|
    |grp_stream2memWithAvoidV3_256u_1u_Pipeline_write_loop_fu_90_ap_start_reg  |   1|   0|    1|          0|
    |icmp_ln1172_reg_185                                                       |   1|   0|    1|          0|
    |sext_ln1137_reg_180                                                       |  32|   0|   32|          0|
    |trunc_ln_reg_189                                                          |  59|   0|   59|          0|
    |writing_beats_reg_175                                                     |  14|   0|   14|          0|
    +--------------------------------------------------------------------------+----+----+-----+-----------+
    |Total                                                                     | 160|   0|  160|          0|
    +--------------------------------------------------------------------------+----+----+-----+-----------+



================================================================
== Interface
================================================================
* Summary: 
+-----------------------------------------+-----+-----+------------+---------------------------------+--------------+
|                RTL Ports                | Dir | Bits|  Protocol  |          Source Object          |    C Type    |
+-----------------------------------------+-----+-----+------------+---------------------------------+--------------+
|ap_clk                                   |   in|    1|  ap_ctrl_hs|  stream2memWithAvoidV3<256u, 1u>|  return value|
|ap_rst                                   |   in|    1|  ap_ctrl_hs|  stream2memWithAvoidV3<256u, 1u>|  return value|
|ap_start                                 |   in|    1|  ap_ctrl_hs|  stream2memWithAvoidV3<256u, 1u>|  return value|
|ap_done                                  |  out|    1|  ap_ctrl_hs|  stream2memWithAvoidV3<256u, 1u>|  return value|
|ap_continue                              |   in|    1|  ap_ctrl_hs|  stream2memWithAvoidV3<256u, 1u>|  return value|
|ap_idle                                  |  out|    1|  ap_ctrl_hs|  stream2memWithAvoidV3<256u, 1u>|  return value|
|ap_ready                                 |  out|    1|  ap_ctrl_hs|  stream2memWithAvoidV3<256u, 1u>|  return value|
|m_axi_gmem8_AWVALID                      |  out|    1|       m_axi|                            gmem0|       pointer|
|m_axi_gmem8_AWREADY                      |   in|    1|       m_axi|                            gmem0|       pointer|
|m_axi_gmem8_AWADDR                       |  out|   64|       m_axi|                            gmem0|       pointer|
|m_axi_gmem8_AWID                         |  out|    1|       m_axi|                            gmem0|       pointer|
|m_axi_gmem8_AWLEN                        |  out|   32|       m_axi|                            gmem0|       pointer|
|m_axi_gmem8_AWSIZE                       |  out|    3|       m_axi|                            gmem0|       pointer|
|m_axi_gmem8_AWBURST                      |  out|    2|       m_axi|                            gmem0|       pointer|
|m_axi_gmem8_AWLOCK                       |  out|    2|       m_axi|                            gmem0|       pointer|
|m_axi_gmem8_AWCACHE                      |  out|    4|       m_axi|                            gmem0|       pointer|
|m_axi_gmem8_AWPROT                       |  out|    3|       m_axi|                            gmem0|       pointer|
|m_axi_gmem8_AWQOS                        |  out|    4|       m_axi|                            gmem0|       pointer|
|m_axi_gmem8_AWREGION                     |  out|    4|       m_axi|                            gmem0|       pointer|
|m_axi_gmem8_AWUSER                       |  out|    1|       m_axi|                            gmem0|       pointer|
|m_axi_gmem8_WVALID                       |  out|    1|       m_axi|                            gmem0|       pointer|
|m_axi_gmem8_WREADY                       |   in|    1|       m_axi|                            gmem0|       pointer|
|m_axi_gmem8_WDATA                        |  out|  256|       m_axi|                            gmem0|       pointer|
|m_axi_gmem8_WSTRB                        |  out|   32|       m_axi|                            gmem0|       pointer|
|m_axi_gmem8_WLAST                        |  out|    1|       m_axi|                            gmem0|       pointer|
|m_axi_gmem8_WID                          |  out|    1|       m_axi|                            gmem0|       pointer|
|m_axi_gmem8_WUSER                        |  out|    1|       m_axi|                            gmem0|       pointer|
|m_axi_gmem8_ARVALID                      |  out|    1|       m_axi|                            gmem0|       pointer|
|m_axi_gmem8_ARREADY                      |   in|    1|       m_axi|                            gmem0|       pointer|
|m_axi_gmem8_ARADDR                       |  out|   64|       m_axi|                            gmem0|       pointer|
|m_axi_gmem8_ARID                         |  out|    1|       m_axi|                            gmem0|       pointer|
|m_axi_gmem8_ARLEN                        |  out|   32|       m_axi|                            gmem0|       pointer|
|m_axi_gmem8_ARSIZE                       |  out|    3|       m_axi|                            gmem0|       pointer|
|m_axi_gmem8_ARBURST                      |  out|    2|       m_axi|                            gmem0|       pointer|
|m_axi_gmem8_ARLOCK                       |  out|    2|       m_axi|                            gmem0|       pointer|
|m_axi_gmem8_ARCACHE                      |  out|    4|       m_axi|                            gmem0|       pointer|
|m_axi_gmem8_ARPROT                       |  out|    3|       m_axi|                            gmem0|       pointer|
|m_axi_gmem8_ARQOS                        |  out|    4|       m_axi|                            gmem0|       pointer|
|m_axi_gmem8_ARREGION                     |  out|    4|       m_axi|                            gmem0|       pointer|
|m_axi_gmem8_ARUSER                       |  out|    1|       m_axi|                            gmem0|       pointer|
|m_axi_gmem8_RVALID                       |   in|    1|       m_axi|                            gmem0|       pointer|
|m_axi_gmem8_RREADY                       |  out|    1|       m_axi|                            gmem0|       pointer|
|m_axi_gmem8_RDATA                        |   in|  256|       m_axi|                            gmem0|       pointer|
|m_axi_gmem8_RLAST                        |   in|    1|       m_axi|                            gmem0|       pointer|
|m_axi_gmem8_RID                          |   in|    1|       m_axi|                            gmem0|       pointer|
|m_axi_gmem8_RFIFONUM                     |   in|    6|       m_axi|                            gmem0|       pointer|
|m_axi_gmem8_RUSER                        |   in|    1|       m_axi|                            gmem0|       pointer|
|m_axi_gmem8_RRESP                        |   in|    2|       m_axi|                            gmem0|       pointer|
|m_axi_gmem8_BVALID                       |   in|    1|       m_axi|                            gmem0|       pointer|
|m_axi_gmem8_BREADY                       |  out|    1|       m_axi|                            gmem0|       pointer|
|m_axi_gmem8_BRESP                        |   in|    2|       m_axi|                            gmem0|       pointer|
|m_axi_gmem8_BID                          |   in|    1|       m_axi|                            gmem0|       pointer|
|m_axi_gmem8_BUSER                        |   in|    1|       m_axi|                            gmem0|       pointer|
|mem_out                                  |   in|   64|     ap_none|                          mem_out|        scalar|
|arg1_write_mem_strm_g0_0_dout            |   in|  256|     ap_fifo|         arg1_write_mem_strm_g0_0|       pointer|
|arg1_write_mem_strm_g0_0_num_data_valid  |   in|    5|     ap_fifo|         arg1_write_mem_strm_g0_0|       pointer|
|arg1_write_mem_strm_g0_0_fifo_cap        |   in|    5|     ap_fifo|         arg1_write_mem_strm_g0_0|       pointer|
|arg1_write_mem_strm_g0_0_empty_n         |   in|    1|     ap_fifo|         arg1_write_mem_strm_g0_0|       pointer|
|arg1_write_mem_strm_g0_0_read            |  out|    1|     ap_fifo|         arg1_write_mem_strm_g0_0|       pointer|
|num_beats                                |   in|   13|     ap_none|                        num_beats|        scalar|
|avoid_beats                              |   in|   13|     ap_none|                      avoid_beats|        scalar|
+-----------------------------------------+-----+-----+------------+---------------------------------+--------------+

