Copyright 1986-2022 Xilinx, Inc. All Rights Reserved.
--------------------------------------------------------------------------------------------------------------------------------------------------------------------------------------------------------------------------------------------------------------------------------------------------------------------------------------------------------------------------------------------------------------------------------------------------------------------------------------------------------------------------------------------------------------------------------------
| Tool Version : Vivado v.2022.2 (lin64) Build 3671981 Fri Oct 14 04:59:54 MDT 2022
| Date         : Fri Jul 31 17:09:53 2026
| Host         : n2cn0537.ab2021.local running 64-bit Red Hat Enterprise Linux release 8.10 (Ootpa)
| Command      : report_accelerator_utilization -kernels { datamover_outerloop_0:level0_i/ulp/datamover_outerloop_0_1/inst:datamover_outerloop_0_1 kernel_outerloop_0_0:level0_i/ulp/kernel_outerloop_inst_0_1/inst:kernel_outerloop_inst_0_1 kernel_outerloop_0_1:level0_i/ulp/kernel_outerloop_inst_0_2/inst:kernel_outerloop_inst_0_2 kernel_outerloop_0_2:level0_i/ulp/kernel_outerloop_inst_0_3/inst:kernel_outerloop_inst_0_3 repeater_outerloop_0:level0_i/ulp/repeater_outerloop_0_1/inst:repeater_outerloop_0_1} -file kernel_util_placed.rpt -name kernel_util_placed -json
| Design       : level0_wrapper
| Device       : xcu280
| Design State : Fully Placed
--------------------------------------------------------------------------------------------------------------------------------------------------------------------------------------------------------------------------------------------------------------------------------------------------------------------------------------------------------------------------------------------------------------------------------------------------------------------------------------------------------------------------------------------------------------------------------------

Accelerator Utilization Design Information

Table of Contents
-----------------
1. System Utilization

1. System Utilization
---------------------

+------------------------------+-------------------+------------------+-------------------+----------------+---------------+----------------+
| Name                         | LUT               | LUTAsMem         | REG               | BRAM           | URAM          | DSP            |
+------------------------------+-------------------+------------------+-------------------+----------------+---------------+----------------+
| Platform                     |  144405 [ 11.08%] |  14914 [  2.48%] |  206232 [  7.91%] |  215 [ 10.66%] |   0 [  0.00%] |    4 [  0.04%] |
| User Budget                  | 1159275 [100.00%] | 586046 [100.00%] | 2401128 [100.00%] | 1801 [100.00%] | 960 [100.00%] | 9020 [100.00%] |
|    Used Resources            |  551219 [ 47.55%] |  52557 [  8.97%] |  977554 [ 40.71%] |  577 [ 32.04%] | 240 [ 25.00%] | 4006 [ 44.41%] |
|    Unused Resources          |  608056 [ 52.45%] | 533489 [ 91.03%] | 1423574 [ 59.29%] | 1224 [ 67.96%] | 720 [ 75.00%] | 5014 [ 55.59%] |
| datamover_outerloop_0        |   38565 [  3.33%] |  10808 [  1.84%] |   61488 [  2.56%] |  128 [  7.11%] |   0 [  0.00%] |   43 [  0.48%] |
|    datamover_outerloop_0_1   |   38565 [  3.33%] |  10808 [  1.84%] |   61488 [  2.56%] |  128 [  7.11%] |   0 [  0.00%] |   43 [  0.48%] |
| kernel_outerloop_0_0         |   51150 [  4.41%] |   4315 [  0.74%] |   92947 [  3.87%] |   45 [  2.50%] |  24 [  2.50%] |  397 [  4.40%] |
|    kernel_outerloop_inst_0_1 |   51150 [  4.41%] |   4315 [  0.74%] |   92947 [  3.87%] |   45 [  2.50%] |  24 [  2.50%] |  397 [  4.40%] |
| kernel_outerloop_0_1         |  229783 [ 19.82%] |  18717 [  3.19%] |  410983 [ 17.12%] |  202 [ 11.22%] | 108 [ 11.25%] | 1783 [ 19.77%] |
|    kernel_outerloop_inst_0_2 |  229783 [ 19.82%] |  18717 [  3.19%] |  410983 [ 17.12%] |  202 [ 11.22%] | 108 [ 11.25%] | 1783 [ 19.77%] |
| kernel_outerloop_0_2         |  231453 [ 19.97%] |  18717 [  3.19%] |  411048 [ 17.12%] |  202 [ 11.22%] | 108 [ 11.25%] | 1783 [ 19.77%] |
|    kernel_outerloop_inst_0_3 |  231453 [ 19.97%] |  18717 [  3.19%] |  411048 [ 17.12%] |  202 [ 11.22%] | 108 [ 11.25%] | 1783 [ 19.77%] |
| repeater_outerloop_0         |     268 [  0.02%] |      0 [  0.00%] |    1088 [  0.05%] |    0 [  0.00%] |   0 [  0.00%] |    0 [  0.00%] |
|    repeater_outerloop_0_1    |     268 [  0.02%] |      0 [  0.00%] |    1088 [  0.05%] |    0 [  0.00%] |   0 [  0.00%] |    0 [  0.00%] |
+------------------------------+-------------------+------------------+-------------------+----------------+---------------+----------------+


