

================================================================
== Vitis HLS Report for 'kernel_outerloop_0_dataflow_region'
================================================================
* Date:           Sat Aug  1 02:50:18 2026

* Version:        2022.2 (Build 3670227 on Oct 13 2022)
* Project:        kernel_outerloop_0_0
* Solution:       solution (Vitis Kernel Flow Target)
* Product family: virtexuplus
* Target device:  xcu280-fsvh2892-2L-e


================================================================
== Performance Estimates
================================================================
+ Timing: 
    * Summary: 
    +--------+---------+----------+------------+
    |  Clock |  Target | Estimated| Uncertainty|
    +--------+---------+----------+------------+
    |ap_clk  |  3.33 ns|  2.433 ns|     0.90 ns|
    +--------+---------+----------+------------+

+ Latency: 
    * Summary: 
    +---------+---------+----------+----------+-----+-----+----------+
    |  Latency (cycles) |  Latency (absolute) |  Interval | Pipeline |
    |   min   |   max   |    min   |    max   | min | max |   Type   |
    +---------+---------+----------+----------+-----+-----+----------+
    |        ?|        ?|         ?|         ?|    ?|    ?|  dataflow|
    +---------+---------+----------+----------+-----+-----+----------+

    + Detail: 
        * Instance: 
        +---------------------------------------+------------------------------------+---------+---------+----------+----------+-----+-----+---------+
        |                                       |                                    |  Latency (cycles) |  Latency (absolute) |  Interval | Pipeline|
        |                Instance               |               Module               |   min   |   max   |    min   |    max   | min | max |   Type  |
        +---------------------------------------+------------------------------------+---------+---------+----------+----------+-----+-----+---------+
        |entry_proc_U0                          |entry_proc                          |        0|        0|      0 ns|      0 ns|    0|    0|       no|
        |axis2stream_256u_U0                    |axis2stream_256u_s                  |        ?|        ?|         ?|         ?|    ?|    ?|       no|
        |kernel_poisson_kernel_stencil_PE_U0    |kernel_poisson_kernel_stencil_PE    |        ?|        ?|         ?|         ?|    ?|    ?|       no|
        |kernel_poisson_kernel_stencil_PE_1_U0  |kernel_poisson_kernel_stencil_PE_1  |        ?|        ?|         ?|         ?|    ?|    ?|       no|
        |kernel_poisson_kernel_stencil_PE_2_U0  |kernel_poisson_kernel_stencil_PE_2  |        ?|        ?|         ?|         ?|    ?|    ?|       no|
        |kernel_poisson_kernel_stencil_PE_3_U0  |kernel_poisson_kernel_stencil_PE_3  |        ?|        ?|         ?|         ?|    ?|    ?|       no|
        |kernel_poisson_kernel_stencil_PE_4_U0  |kernel_poisson_kernel_stencil_PE_4  |        ?|        ?|         ?|         ?|    ?|    ?|       no|
        |kernel_poisson_kernel_stencil_PE_5_U0  |kernel_poisson_kernel_stencil_PE_5  |        ?|        ?|         ?|         ?|    ?|    ?|       no|
        |kernel_poisson_kernel_stencil_PE_6_U0  |kernel_poisson_kernel_stencil_PE_6  |        ?|        ?|         ?|         ?|    ?|    ?|       no|
        |kernel_poisson_kernel_stencil_PE_7_U0  |kernel_poisson_kernel_stencil_PE_7  |        ?|        ?|         ?|         ?|    ?|    ?|       no|
        |kernel_poisson_kernel_stencil_PE_8_U0  |kernel_poisson_kernel_stencil_PE_8  |        ?|        ?|         ?|         ?|    ?|    ?|       no|
        |kernel_poisson_kernel_stencil_PE_9_U0  |kernel_poisson_kernel_stencil_PE_9  |        ?|        ?|         ?|         ?|    ?|    ?|       no|
        |stream2axis_256u_U0                    |stream2axis_256u_s                  |        ?|        ?|         ?|         ?|    ?|    ?|       no|
        +---------------------------------------+------------------------------------+---------+---------+----------+----------+-----+-----+---------+

        * Loop: 
        N/A



================================================================
== Utilization Estimates
================================================================
* Summary: 
+---------------------+---------+------+---------+---------+-----+
|         Name        | BRAM_18K|  DSP |    FF   |   LUT   | URAM|
+---------------------+---------+------+---------+---------+-----+
|DSP                  |        -|     -|        -|        -|    -|
|Expression           |        -|     -|        0|       12|    -|
|FIFO                 |        0|     -|    10430|     6085|    -|
|Instance             |      150|   660|   174331|   122207|   40|
|Memory               |        -|     -|        -|        -|    -|
|Multiplexer          |        -|     -|        -|       18|    -|
|Register             |        -|     -|        2|        -|    -|
+---------------------+---------+------+---------+---------+-----+
|Total                |      150|   660|   184763|   128322|   40|
+---------------------+---------+------+---------+---------+-----+
|Available SLR        |     1344|  3008|   869120|   434560|  320|
+---------------------+---------+------+---------+---------+-----+
|Utilization SLR (%)  |       11|    21|       21|       29|   12|
+---------------------+---------+------+---------+---------+-----+
|Available            |     4032|  9024|  2607360|  1303680|  960|
+---------------------+---------+------+---------+---------+-----+
|Utilization (%)      |        3|     7|        7|        9|    4|
+---------------------+---------+------+---------+---------+-----+

+ Detail: 
    * Instance: 
    +---------------------------------------+------------------------------------+---------+----+-------+-------+-----+
    |                Instance               |               Module               | BRAM_18K| DSP|   FF  |  LUT  | URAM|
    +---------------------------------------+------------------------------------+---------+----+-------+-------+-----+
    |axis2stream_256u_U0                    |axis2stream_256u_s                  |        0|   0|    297|    186|    0|
    |entry_proc_U0                          |entry_proc                          |        0|   0|      3|     83|    0|
    |kernel_poisson_kernel_stencil_PE_U0    |kernel_poisson_kernel_stencil_PE    |       15|  66|  17396|  12184|    4|
    |kernel_poisson_kernel_stencil_PE_1_U0  |kernel_poisson_kernel_stencil_PE_1  |       15|  66|  17396|  12184|    4|
    |kernel_poisson_kernel_stencil_PE_2_U0  |kernel_poisson_kernel_stencil_PE_2  |       15|  66|  17396|  12184|    4|
    |kernel_poisson_kernel_stencil_PE_3_U0  |kernel_poisson_kernel_stencil_PE_3  |       15|  66|  17396|  12184|    4|
    |kernel_poisson_kernel_stencil_PE_4_U0  |kernel_poisson_kernel_stencil_PE_4  |       15|  66|  17396|  12184|    4|
    |kernel_poisson_kernel_stencil_PE_5_U0  |kernel_poisson_kernel_stencil_PE_5  |       15|  66|  17396|  12184|    4|
    |kernel_poisson_kernel_stencil_PE_6_U0  |kernel_poisson_kernel_stencil_PE_6  |       15|  66|  17396|  12184|    4|
    |kernel_poisson_kernel_stencil_PE_7_U0  |kernel_poisson_kernel_stencil_PE_7  |       15|  66|  17396|  12184|    4|
    |kernel_poisson_kernel_stencil_PE_8_U0  |kernel_poisson_kernel_stencil_PE_8  |       15|  66|  17396|  12184|    4|
    |kernel_poisson_kernel_stencil_PE_9_U0  |kernel_poisson_kernel_stencil_PE_9  |       15|  66|  17395|  12112|    4|
    |stream2axis_256u_U0                    |stream2axis_256u_s                  |        0|   0|     72|    170|    0|
    +---------------------------------------+------------------------------------+---------+----+-------+-------+-----+
    |Total                                  |                                    |      150| 660| 174331| 122207|   40|
    +---------------------------------------+------------------------------------+---------+----+-------+-------+-----+

    * DSP: 
    N/A

    * Memory: 
    N/A

    * FIFO: 
    +-------------------------+---------+-----+----+-----+------+-----+---------+
    |           Name          | BRAM_18K|  FF | LUT| URAM| Depth| Bits| Size:D*B|
    +-------------------------+---------+-----+----+-----+------+-----+---------+
    |arg0_arg1_streams_0_U    |        0|  784|   0|    -|    10|  256|     2560|
    |arg0_arg1_streams_10_U   |        0|  784|   0|    -|    10|  256|     2560|
    |arg0_arg1_streams_1_U    |        0|  784|   0|    -|    10|  256|     2560|
    |arg0_arg1_streams_2_U    |        0|  784|   0|    -|    10|  256|     2560|
    |arg0_arg1_streams_3_U    |        0|  784|   0|    -|    10|  256|     2560|
    |arg0_arg1_streams_4_U    |        0|  784|   0|    -|    10|  256|     2560|
    |arg0_arg1_streams_5_U    |        0|  784|   0|    -|    10|  256|     2560|
    |arg0_arg1_streams_6_U    |        0|  784|   0|    -|    10|  256|     2560|
    |arg0_arg1_streams_7_U    |        0|  784|   0|    -|    10|  256|     2560|
    |arg0_arg1_streams_8_U    |        0|  784|   0|    -|    10|  256|     2560|
    |arg0_arg1_streams_9_U    |        0|  784|   0|    -|    10|  256|     2560|
    |num_pkts_c_U             |        0|    7|   0|    -|    12|   32|      384|
    |stencilConfig_0_0_c27_U  |        0|   36|   0|    -|     2|   16|       32|
    |stencilConfig_0_0_c28_U  |        0|   36|   0|    -|     2|   16|       32|
    |stencilConfig_0_0_c29_U  |        0|   36|   0|    -|     2|   16|       32|
    |stencilConfig_0_0_c30_U  |        0|   36|   0|    -|     2|   16|       32|
    |stencilConfig_0_0_c31_U  |        0|   36|   0|    -|     2|   16|       32|
    |stencilConfig_0_0_c32_U  |        0|   36|   0|    -|     2|   16|       32|
    |stencilConfig_0_0_c33_U  |        0|   36|   0|    -|     2|   16|       32|
    |stencilConfig_0_0_c34_U  |        0|   36|   0|    -|     2|   16|       32|
    |stencilConfig_0_0_c35_U  |        0|    5|   0|    -|     3|   16|       48|
    |stencilConfig_0_0_c_U    |        0|   36|   0|    -|     2|   16|       32|
    |stencilConfig_0_1_c36_U  |        0|   36|   0|    -|     2|   16|       32|
    |stencilConfig_0_1_c37_U  |        0|   36|   0|    -|     2|   16|       32|
    |stencilConfig_0_1_c38_U  |        0|   36|   0|    -|     2|   16|       32|
    |stencilConfig_0_1_c39_U  |        0|   36|   0|    -|     2|   16|       32|
    |stencilConfig_0_1_c40_U  |        0|   36|   0|    -|     2|   16|       32|
    |stencilConfig_0_1_c41_U  |        0|   36|   0|    -|     2|   16|       32|
    |stencilConfig_0_1_c42_U  |        0|   36|   0|    -|     2|   16|       32|
    |stencilConfig_0_1_c43_U  |        0|   36|   0|    -|     2|   16|       32|
    |stencilConfig_0_1_c44_U  |        0|    5|   0|    -|     3|   16|       48|
    |stencilConfig_0_1_c_U    |        0|   36|   0|    -|     2|   16|       32|
    |stencilConfig_2_c45_U    |        0|   36|   0|    -|     2|   16|       32|
    |stencilConfig_2_c46_U    |        0|   36|   0|    -|     2|   16|       32|
    |stencilConfig_2_c47_U    |        0|   36|   0|    -|     2|   16|       32|
    |stencilConfig_2_c48_U    |        0|   36|   0|    -|     2|   16|       32|
    |stencilConfig_2_c49_U    |        0|   36|   0|    -|     2|   16|       32|
    |stencilConfig_2_c50_U    |        0|   36|   0|    -|     2|   16|       32|
    |stencilConfig_2_c51_U    |        0|   36|   0|    -|     2|   16|       32|
    |stencilConfig_2_c52_U    |        0|   36|   0|    -|     2|   16|       32|
    |stencilConfig_2_c53_U    |        0|    5|   0|    -|     3|   16|       48|
    |stencilConfig_2_c_U      |        0|   36|   0|    -|     2|   16|       32|
    |stencilConfig_3_c54_U    |        0|   36|   0|    -|     2|   16|       32|
    |stencilConfig_3_c55_U    |        0|   36|   0|    -|     2|   16|       32|
    |stencilConfig_3_c56_U    |        0|   36|   0|    -|     2|   16|       32|
    |stencilConfig_3_c57_U    |        0|   36|   0|    -|     2|   16|       32|
    |stencilConfig_3_c58_U    |        0|   36|   0|    -|     2|   16|       32|
    |stencilConfig_3_c59_U    |        0|   36|   0|    -|     2|   16|       32|
    |stencilConfig_3_c60_U    |        0|   36|   0|    -|     2|   16|       32|
    |stencilConfig_3_c61_U    |        0|   36|   0|    -|     2|   16|       32|
    |stencilConfig_3_c62_U    |        0|    5|   0|    -|     3|   16|       48|
    |stencilConfig_3_c_U      |        0|   36|   0|    -|     2|   16|       32|
    |stencilConfig_4_0_c63_U  |        0|    8|   0|    -|     2|    1|        2|
    |stencilConfig_4_0_c64_U  |        0|    8|   0|    -|     2|    1|        2|
    |stencilConfig_4_0_c65_U  |        0|    8|   0|    -|     2|    1|        2|
    |stencilConfig_4_0_c66_U  |        0|    8|   0|    -|     2|    1|        2|
    |stencilConfig_4_0_c67_U  |        0|    8|   0|    -|     2|    1|        2|
    |stencilConfig_4_0_c68_U  |        0|    8|   0|    -|     2|    1|        2|
    |stencilConfig_4_0_c69_U  |        0|    8|   0|    -|     2|    1|        2|
    |stencilConfig_4_0_c70_U  |        0|    8|   0|    -|     2|    1|        2|
    |stencilConfig_4_0_c71_U  |        0|    5|   0|    -|     3|    1|        3|
    |stencilConfig_4_0_c_U    |        0|    8|   0|    -|     2|    1|        2|
    |stencilConfig_5_0_c72_U  |        0|    8|   0|    -|     2|    1|        2|
    |stencilConfig_5_0_c73_U  |        0|    8|   0|    -|     2|    1|        2|
    |stencilConfig_5_0_c74_U  |        0|    8|   0|    -|     2|    1|        2|
    |stencilConfig_5_0_c75_U  |        0|    8|   0|    -|     2|    1|        2|
    |stencilConfig_5_0_c76_U  |        0|    8|   0|    -|     2|    1|        2|
    |stencilConfig_5_0_c77_U  |        0|    8|   0|    -|     2|    1|        2|
    |stencilConfig_5_0_c78_U  |        0|    8|   0|    -|     2|    1|        2|
    |stencilConfig_5_0_c79_U  |        0|    8|   0|    -|     2|    1|        2|
    |stencilConfig_5_0_c80_U  |        0|    5|   0|    -|     3|    1|        3|
    |stencilConfig_5_0_c_U    |        0|    8|   0|    -|     2|    1|        2|
    |stencilConfig_6_c81_U    |        0|   36|   0|    -|     2|   16|       32|
    |stencilConfig_6_c82_U    |        0|   36|   0|    -|     2|   16|       32|
    |stencilConfig_6_c83_U    |        0|   36|   0|    -|     2|   16|       32|
    |stencilConfig_6_c84_U    |        0|   36|   0|    -|     2|   16|       32|
    |stencilConfig_6_c85_U    |        0|   36|   0|    -|     2|   16|       32|
    |stencilConfig_6_c86_U    |        0|   36|   0|    -|     2|   16|       32|
    |stencilConfig_6_c87_U    |        0|   36|   0|    -|     2|   16|       32|
    |stencilConfig_6_c88_U    |        0|   36|   0|    -|     2|   16|       32|
    |stencilConfig_6_c89_U    |        0|    5|   0|    -|     3|   16|       48|
    |stencilConfig_6_c_U      |        0|   36|   0|    -|     2|   16|       32|
    +-------------------------+---------+-----+----+-----+------+-----+---------+
    |Total                    |        0|10430|   0|    0|   269| 3668|    30266|
    +-------------------------+---------+-----+----+-----+------+-----+---------+

    * Expression: 
    +--------------------------------------+----------+----+---+----+------------+------------+
    |             Variable Name            | Operation| DSP| FF| LUT| Bitwidth P0| Bitwidth P1|
    +--------------------------------------+----------+----+---+----+------------+------------+
    |ap_idle                               |       and|   0|  0|   2|           1|           1|
    |ap_sync_ready                         |       and|   0|  0|   2|           1|           1|
    |axis2stream_256u_U0_ap_start          |       and|   0|  0|   2|           1|           1|
    |entry_proc_U0_ap_start                |       and|   0|  0|   2|           1|           1|
    |ap_sync_axis2stream_256u_U0_ap_ready  |        or|   0|  0|   2|           1|           1|
    |ap_sync_entry_proc_U0_ap_ready        |        or|   0|  0|   2|           1|           1|
    +--------------------------------------+----------+----+---+----+------------+------------+
    |Total                                 |          |   0|  0|  12|           6|           6|
    +--------------------------------------+----------+----+---+----+------------+------------+

    * Multiplexer: 
    +------------------------------------------+----+-----------+-----+-----------+
    |                   Name                   | LUT| Input Size| Bits| Total Bits|
    +------------------------------------------+----+-----------+-----+-----------+
    |ap_sync_reg_axis2stream_256u_U0_ap_ready  |   9|          2|    1|          2|
    |ap_sync_reg_entry_proc_U0_ap_ready        |   9|          2|    1|          2|
    +------------------------------------------+----+-----------+-----+-----------+
    |Total                                     |  18|          4|    2|          4|
    +------------------------------------------+----+-----------+-----+-----------+

    * Register: 
    +------------------------------------------+---+----+-----+-----------+
    |                   Name                   | FF| LUT| Bits| Const Bits|
    +------------------------------------------+---+----+-----+-----------+
    |ap_sync_reg_axis2stream_256u_U0_ap_ready  |  1|   0|    1|          0|
    |ap_sync_reg_entry_proc_U0_ap_ready        |  1|   0|    1|          0|
    +------------------------------------------+---+----+-----+-----------+
    |Total                                     |  2|   0|    2|          0|
    +------------------------------------------+---+----+-----+-----------+



================================================================
== Interface
================================================================
* Summary: 
+----------------------+-----+-----+------------+------------------------------------+--------------+
|       RTL Ports      | Dir | Bits|  Protocol  |            Source Object           |    C Type    |
+----------------------+-----+-----+------------+------------------------------------+--------------+
|p_read                |   in|   16|     ap_none|                              p_read|        scalar|
|p_read_ap_vld         |   in|    1|     ap_none|                              p_read|        scalar|
|p_read1               |   in|   16|     ap_none|                             p_read1|        scalar|
|p_read1_ap_vld        |   in|    1|     ap_none|                             p_read1|        scalar|
|p_read2               |   in|   16|     ap_none|                             p_read2|        scalar|
|p_read2_ap_vld        |   in|    1|     ap_none|                             p_read2|        scalar|
|p_read3               |   in|   16|     ap_none|                             p_read3|        scalar|
|p_read3_ap_vld        |   in|    1|     ap_none|                             p_read3|        scalar|
|p_read4               |   in|    1|     ap_none|                             p_read4|        scalar|
|p_read4_ap_vld        |   in|    1|     ap_none|                             p_read4|        scalar|
|p_read5               |   in|    1|     ap_none|                             p_read5|        scalar|
|p_read5_ap_vld        |   in|    1|     ap_none|                             p_read5|        scalar|
|p_read6               |   in|   16|     ap_none|                             p_read6|        scalar|
|p_read6_ap_vld        |   in|    1|     ap_none|                             p_read6|        scalar|
|num_pkts              |   in|   32|     ap_none|                            num_pkts|        scalar|
|num_pkts_ap_vld       |   in|    1|     ap_none|                            num_pkts|        scalar|
|arg0_axis_in_TDATA    |   in|  256|        axis|               arg0_axis_in_V_data_V|       pointer|
|arg0_axis_in_TKEEP    |   in|   32|        axis|               arg0_axis_in_V_keep_V|       pointer|
|arg0_axis_in_TSTRB    |   in|   32|        axis|               arg0_axis_in_V_strb_V|       pointer|
|arg0_axis_in_TLAST    |   in|    1|        axis|               arg0_axis_in_V_last_V|       pointer|
|arg0_axis_in_TVALID   |   in|    1|        axis|               arg0_axis_in_V_last_V|       pointer|
|arg0_axis_in_TREADY   |  out|    1|        axis|               arg0_axis_in_V_last_V|       pointer|
|arg1_axis_out_TDATA   |  out|  256|        axis|              arg1_axis_out_V_data_V|       pointer|
|arg1_axis_out_TKEEP   |  out|   32|        axis|              arg1_axis_out_V_keep_V|       pointer|
|arg1_axis_out_TSTRB   |  out|   32|        axis|              arg1_axis_out_V_strb_V|       pointer|
|arg1_axis_out_TLAST   |  out|    1|        axis|              arg1_axis_out_V_last_V|       pointer|
|arg1_axis_out_TVALID  |  out|    1|        axis|              arg1_axis_out_V_last_V|       pointer|
|arg1_axis_out_TREADY  |   in|    1|        axis|              arg1_axis_out_V_last_V|       pointer|
|ap_clk                |   in|    1|  ap_ctrl_hs|  kernel_outerloop_0_dataflow_region|  return value|
|ap_rst                |   in|    1|  ap_ctrl_hs|  kernel_outerloop_0_dataflow_region|  return value|
|ap_start              |   in|    1|  ap_ctrl_hs|  kernel_outerloop_0_dataflow_region|  return value|
|ap_done               |  out|    1|  ap_ctrl_hs|  kernel_outerloop_0_dataflow_region|  return value|
|ap_ready              |  out|    1|  ap_ctrl_hs|  kernel_outerloop_0_dataflow_region|  return value|
|ap_idle               |  out|    1|  ap_ctrl_hs|  kernel_outerloop_0_dataflow_region|  return value|
|ap_continue           |   in|    1|  ap_ctrl_hs|  kernel_outerloop_0_dataflow_region|  return value|
+----------------------+-----+-----+------------+------------------------------------+--------------+

