

================================================================
== Vitis HLS Report for 'kernel_ops_krnl_blackscholes_PE_27'
================================================================
* Date:           Sun Jul 26 02:56:59 2026

* Version:        2022.1 (Build 3526262 on Mon Apr 18 15:47:01 MDT 2022)
* Project:        kernel_outerloop_0
* Solution:       solution (Vitis Kernel Flow Target)
* Product family: versal
* Target device:  xcvc1902-vsvd1760-2MP-e-S


================================================================
== Performance Estimates
================================================================
+ Timing: 
    * Summary: 
    +--------+---------+----------+------------+
    |  Clock |  Target | Estimated| Uncertainty|
    +--------+---------+----------+------------+
    |ap_clk  |  3.33 ns|  2.227 ns|     0.90 ns|
    +--------+---------+----------+------------+

+ Latency: 
    * Summary: 
    +---------+---------+----------+----------+-----+-----+---------+
    |  Latency (cycles) |  Latency (absolute) |  Interval | Pipeline|
    |   min   |   max   |    min   |    max   | min | max |   Type  |
    +---------+---------+----------+----------+-----+-----+---------+
    |        ?|        ?|         ?|         ?|    ?|    ?|       no|
    +---------+---------+----------+----------+-----+-----+---------+

    + Detail: 
        * Instance: 
        +-----------------------+------------+---------+---------+----------+----------+-----+-----+---------+
        |                       |            |  Latency (cycles) |  Latency (absolute) |  Interval | Pipeline|
        |        Instance       |   Module   |   min   |   max   |    min   |    max   | min | max |   Type  |
        +-----------------------+------------+---------+---------+----------+----------+-----+-----+---------+
        |grp_stencilRun_fu_132  |stencilRun  |        ?|        ?|         ?|         ?|    ?|    ?|       no|
        +-----------------------+------------+---------+---------+----------+----------+-----+-----+---------+

        * Loop: 
        N/A



================================================================
== Utilization Estimates
================================================================
* Summary: 
+-----------------+---------+------+---------+--------+-----+
|       Name      | BRAM_18K|  DSP |    FF   |   LUT  | URAM|
+-----------------+---------+------+---------+--------+-----+
|DSP              |        -|     -|        -|       -|    -|
|Expression       |        -|     -|        0|       2|    -|
|FIFO             |        -|     -|        -|       -|    -|
|Instance         |        -|    25|     4051|    2276|    -|
|Memory           |        -|     -|        -|       -|    -|
|Multiplexer      |        -|     -|        -|      42|    -|
|Register         |        -|     -|       85|       -|    -|
+-----------------+---------+------+---------+--------+-----+
|Total            |        0|    25|     4136|    2320|    0|
+-----------------+---------+------+---------+--------+-----+
|Available        |     1934|  1968|  1799680|  899840|  463|
+-----------------+---------+------+---------+--------+-----+
|Utilization (%)  |        0|     1|       ~0|      ~0|    0|
+-----------------+---------+------+---------+--------+-----+

+ Detail: 
    * Instance: 
    +-----------------------+------------+---------+----+------+------+-----+
    |        Instance       |   Module   | BRAM_18K| DSP|  FF  |  LUT | URAM|
    +-----------------------+------------+---------+----+------+------+-----+
    |grp_stencilRun_fu_132  |stencilRun  |        0|  25|  4051|  2276|    0|
    +-----------------------+------------+---------+----+------+------+-----+
    |Total                  |            |        0|  25|  4051|  2276|    0|
    +-----------------------+------------+---------+----+------+------+-----+

    * DSP: 
    N/A

    * Memory: 
    N/A

    * FIFO: 
    N/A

    * Expression: 
    +-----------------+----------+----+---+----+------------+------------+
    |  Variable Name  | Operation| DSP| FF| LUT| Bitwidth P0| Bitwidth P1|
    +-----------------+----------+----+---+----+------------+------------+
    |ap_block_state1  |        or|   0|  0|   2|           1|           1|
    +-----------------+----------+----+---+----+------------+------------+
    |Total            |          |   0|  0|   2|           1|           1|
    +-----------------+----------+----+---+----+------------+------------+

    * Multiplexer: 
    +-------------------------------------------+----+-----------+-----+-----------+
    |                    Name                   | LUT| Input Size| Bits| Total Bits|
    +-------------------------------------------+----+-----------+-----+-----------+
    |ap_NS_fsm                                  |   2|          3|    1|          3|
    |ap_done                                    |   2|          2|    1|          2|
    |arg0_arg4_streams_24_read                  |   2|          2|    1|          2|
    |arg0_arg4_streams_25_write                 |   2|          2|    1|          2|
    |arg1_arg1_streams_24_read                  |   2|          2|    1|          2|
    |arg1_arg1_streams_25_write                 |   2|          2|    1|          2|
    |arg2_arg2_streams_24_read                  |   2|          2|    1|          2|
    |arg2_arg2_streams_25_write                 |   2|          2|    1|          2|
    |arg3_arg3_streams_24_read                  |   2|          2|    1|          2|
    |arg3_arg3_streams_25_write                 |   2|          2|    1|          2|
    |real_start                                 |   2|          2|    1|          2|
    |stencilConfig_batch_size_blk_n             |   2|          2|    1|          2|
    |stencilConfig_batch_size_c324_blk_n        |   2|          2|    1|          2|
    |stencilConfig_grid_size_0_blk_n            |   2|          2|    1|          2|
    |stencilConfig_grid_size_0_c136_blk_n       |   2|          2|    1|          2|
    |stencilConfig_lower_limit_0_blk_n          |   2|          2|    1|          2|
    |stencilConfig_lower_limit_0_c183_blk_n     |   2|          2|    1|          2|
    |stencilConfig_outer_loop_limit_blk_n       |   2|          2|    1|          2|
    |stencilConfig_outer_loop_limit_c277_blk_n  |   2|          2|    1|          2|
    |stencilConfig_upper_limit_0_blk_n          |   2|          2|    1|          2|
    |stencilConfig_upper_limit_0_c230_blk_n     |   2|          2|    1|          2|
    +-------------------------------------------+----+-----------+-----+-----------+
    |Total                                      |  42|         43|   21|         43|
    +-------------------------------------------+----+-----------+-----+-----------+

    * Register: 
    +--------------------------------------------------+----+----+-----+-----------+
    |                       Name                       | FF | LUT| Bits| Const Bits|
    +--------------------------------------------------+----+----+-----+-----------+
    |ap_CS_fsm                                         |   2|   0|    2|          0|
    |ap_done_reg                                       |   1|   0|    1|          0|
    |grp_stencilRun_fu_132_ap_start_reg                |   1|   0|    1|          0|
    |start_once_reg                                    |   1|   0|    1|          0|
    |stencil_m_stencilConfig_batch_size_reg_162        |  16|   0|   16|          0|
    |stencil_m_stencilConfig_grid_size_reg_182         |  16|   0|   16|          0|
    |stencil_m_stencilConfig_lower_limit_reg_177       |  16|   0|   16|          0|
    |stencil_m_stencilConfig_outer_loop_limit_reg_167  |  16|   0|   16|          0|
    |stencil_m_stencilConfig_upper_limit_reg_172       |  16|   0|   16|          0|
    +--------------------------------------------------+----+----+-----+-----------+
    |Total                                             |  85|   0|   85|          0|
    +--------------------------------------------------+----+----+-----+-----------+



================================================================
== Interface
================================================================
* Summary: 
+----------------------------------------------------+-----+-----+------------+-------------------------------------+--------------+
|                      RTL Ports                     | Dir | Bits|  Protocol  |            Source Object            |    C Type    |
+----------------------------------------------------+-----+-----+------------+-------------------------------------+--------------+
|ap_clk                                              |   in|    1|  ap_ctrl_hs|   kernel_ops_krnl_blackscholes_PE.27|  return value|
|ap_rst                                              |   in|    1|  ap_ctrl_hs|   kernel_ops_krnl_blackscholes_PE.27|  return value|
|ap_start                                            |   in|    1|  ap_ctrl_hs|   kernel_ops_krnl_blackscholes_PE.27|  return value|
|start_full_n                                        |   in|    1|  ap_ctrl_hs|   kernel_ops_krnl_blackscholes_PE.27|  return value|
|ap_done                                             |  out|    1|  ap_ctrl_hs|   kernel_ops_krnl_blackscholes_PE.27|  return value|
|ap_continue                                         |   in|    1|  ap_ctrl_hs|   kernel_ops_krnl_blackscholes_PE.27|  return value|
|ap_idle                                             |  out|    1|  ap_ctrl_hs|   kernel_ops_krnl_blackscholes_PE.27|  return value|
|ap_ready                                            |  out|    1|  ap_ctrl_hs|   kernel_ops_krnl_blackscholes_PE.27|  return value|
|start_out                                           |  out|    1|  ap_ctrl_hs|   kernel_ops_krnl_blackscholes_PE.27|  return value|
|start_write                                         |  out|    1|  ap_ctrl_hs|   kernel_ops_krnl_blackscholes_PE.27|  return value|
|stencilConfig_grid_size_0_dout                      |   in|   16|     ap_fifo|            stencilConfig_grid_size_0|       pointer|
|stencilConfig_grid_size_0_num_data_valid            |   in|    2|     ap_fifo|            stencilConfig_grid_size_0|       pointer|
|stencilConfig_grid_size_0_fifo_cap                  |   in|    2|     ap_fifo|            stencilConfig_grid_size_0|       pointer|
|stencilConfig_grid_size_0_empty_n                   |   in|    1|     ap_fifo|            stencilConfig_grid_size_0|       pointer|
|stencilConfig_grid_size_0_read                      |  out|    1|     ap_fifo|            stencilConfig_grid_size_0|       pointer|
|stencilConfig_lower_limit_0_dout                    |   in|   16|     ap_fifo|          stencilConfig_lower_limit_0|       pointer|
|stencilConfig_lower_limit_0_num_data_valid          |   in|    2|     ap_fifo|          stencilConfig_lower_limit_0|       pointer|
|stencilConfig_lower_limit_0_fifo_cap                |   in|    2|     ap_fifo|          stencilConfig_lower_limit_0|       pointer|
|stencilConfig_lower_limit_0_empty_n                 |   in|    1|     ap_fifo|          stencilConfig_lower_limit_0|       pointer|
|stencilConfig_lower_limit_0_read                    |  out|    1|     ap_fifo|          stencilConfig_lower_limit_0|       pointer|
|stencilConfig_upper_limit_0_dout                    |   in|   16|     ap_fifo|          stencilConfig_upper_limit_0|       pointer|
|stencilConfig_upper_limit_0_num_data_valid          |   in|    2|     ap_fifo|          stencilConfig_upper_limit_0|       pointer|
|stencilConfig_upper_limit_0_fifo_cap                |   in|    2|     ap_fifo|          stencilConfig_upper_limit_0|       pointer|
|stencilConfig_upper_limit_0_empty_n                 |   in|    1|     ap_fifo|          stencilConfig_upper_limit_0|       pointer|
|stencilConfig_upper_limit_0_read                    |  out|    1|     ap_fifo|          stencilConfig_upper_limit_0|       pointer|
|stencilConfig_outer_loop_limit_dout                 |   in|   16|     ap_fifo|       stencilConfig_outer_loop_limit|       pointer|
|stencilConfig_outer_loop_limit_num_data_valid       |   in|    2|     ap_fifo|       stencilConfig_outer_loop_limit|       pointer|
|stencilConfig_outer_loop_limit_fifo_cap             |   in|    2|     ap_fifo|       stencilConfig_outer_loop_limit|       pointer|
|stencilConfig_outer_loop_limit_empty_n              |   in|    1|     ap_fifo|       stencilConfig_outer_loop_limit|       pointer|
|stencilConfig_outer_loop_limit_read                 |  out|    1|     ap_fifo|       stencilConfig_outer_loop_limit|       pointer|
|stencilConfig_batch_size_dout                       |   in|   16|     ap_fifo|             stencilConfig_batch_size|       pointer|
|stencilConfig_batch_size_num_data_valid             |   in|    2|     ap_fifo|             stencilConfig_batch_size|       pointer|
|stencilConfig_batch_size_fifo_cap                   |   in|    2|     ap_fifo|             stencilConfig_batch_size|       pointer|
|stencilConfig_batch_size_empty_n                    |   in|    1|     ap_fifo|             stencilConfig_batch_size|       pointer|
|stencilConfig_batch_size_read                       |  out|    1|     ap_fifo|             stencilConfig_batch_size|       pointer|
|arg0_arg4_streams_25_din                            |  out|  256|     ap_fifo|                 arg0_arg4_streams_25|       pointer|
|arg0_arg4_streams_25_num_data_valid                 |   in|    5|     ap_fifo|                 arg0_arg4_streams_25|       pointer|
|arg0_arg4_streams_25_fifo_cap                       |   in|    5|     ap_fifo|                 arg0_arg4_streams_25|       pointer|
|arg0_arg4_streams_25_full_n                         |   in|    1|     ap_fifo|                 arg0_arg4_streams_25|       pointer|
|arg0_arg4_streams_25_write                          |  out|    1|     ap_fifo|                 arg0_arg4_streams_25|       pointer|
|arg0_arg4_streams_24_dout                           |   in|  256|     ap_fifo|                 arg0_arg4_streams_24|       pointer|
|arg0_arg4_streams_24_num_data_valid                 |   in|    5|     ap_fifo|                 arg0_arg4_streams_24|       pointer|
|arg0_arg4_streams_24_fifo_cap                       |   in|    5|     ap_fifo|                 arg0_arg4_streams_24|       pointer|
|arg0_arg4_streams_24_empty_n                        |   in|    1|     ap_fifo|                 arg0_arg4_streams_24|       pointer|
|arg0_arg4_streams_24_read                           |  out|    1|     ap_fifo|                 arg0_arg4_streams_24|       pointer|
|arg1_arg1_streams_24_dout                           |   in|  256|     ap_fifo|                 arg1_arg1_streams_24|       pointer|
|arg1_arg1_streams_24_num_data_valid                 |   in|    5|     ap_fifo|                 arg1_arg1_streams_24|       pointer|
|arg1_arg1_streams_24_fifo_cap                       |   in|    5|     ap_fifo|                 arg1_arg1_streams_24|       pointer|
|arg1_arg1_streams_24_empty_n                        |   in|    1|     ap_fifo|                 arg1_arg1_streams_24|       pointer|
|arg1_arg1_streams_24_read                           |  out|    1|     ap_fifo|                 arg1_arg1_streams_24|       pointer|
|arg1_arg1_streams_25_din                            |  out|  256|     ap_fifo|                 arg1_arg1_streams_25|       pointer|
|arg1_arg1_streams_25_num_data_valid                 |   in|    5|     ap_fifo|                 arg1_arg1_streams_25|       pointer|
|arg1_arg1_streams_25_fifo_cap                       |   in|    5|     ap_fifo|                 arg1_arg1_streams_25|       pointer|
|arg1_arg1_streams_25_full_n                         |   in|    1|     ap_fifo|                 arg1_arg1_streams_25|       pointer|
|arg1_arg1_streams_25_write                          |  out|    1|     ap_fifo|                 arg1_arg1_streams_25|       pointer|
|arg2_arg2_streams_24_dout                           |   in|  256|     ap_fifo|                 arg2_arg2_streams_24|       pointer|
|arg2_arg2_streams_24_num_data_valid                 |   in|    5|     ap_fifo|                 arg2_arg2_streams_24|       pointer|
|arg2_arg2_streams_24_fifo_cap                       |   in|    5|     ap_fifo|                 arg2_arg2_streams_24|       pointer|
|arg2_arg2_streams_24_empty_n                        |   in|    1|     ap_fifo|                 arg2_arg2_streams_24|       pointer|
|arg2_arg2_streams_24_read                           |  out|    1|     ap_fifo|                 arg2_arg2_streams_24|       pointer|
|arg2_arg2_streams_25_din                            |  out|  256|     ap_fifo|                 arg2_arg2_streams_25|       pointer|
|arg2_arg2_streams_25_num_data_valid                 |   in|    5|     ap_fifo|                 arg2_arg2_streams_25|       pointer|
|arg2_arg2_streams_25_fifo_cap                       |   in|    5|     ap_fifo|                 arg2_arg2_streams_25|       pointer|
|arg2_arg2_streams_25_full_n                         |   in|    1|     ap_fifo|                 arg2_arg2_streams_25|       pointer|
|arg2_arg2_streams_25_write                          |  out|    1|     ap_fifo|                 arg2_arg2_streams_25|       pointer|
|arg3_arg3_streams_24_dout                           |   in|  256|     ap_fifo|                 arg3_arg3_streams_24|       pointer|
|arg3_arg3_streams_24_num_data_valid                 |   in|    5|     ap_fifo|                 arg3_arg3_streams_24|       pointer|
|arg3_arg3_streams_24_fifo_cap                       |   in|    5|     ap_fifo|                 arg3_arg3_streams_24|       pointer|
|arg3_arg3_streams_24_empty_n                        |   in|    1|     ap_fifo|                 arg3_arg3_streams_24|       pointer|
|arg3_arg3_streams_24_read                           |  out|    1|     ap_fifo|                 arg3_arg3_streams_24|       pointer|
|arg3_arg3_streams_25_din                            |  out|  256|     ap_fifo|                 arg3_arg3_streams_25|       pointer|
|arg3_arg3_streams_25_num_data_valid                 |   in|    5|     ap_fifo|                 arg3_arg3_streams_25|       pointer|
|arg3_arg3_streams_25_fifo_cap                       |   in|    5|     ap_fifo|                 arg3_arg3_streams_25|       pointer|
|arg3_arg3_streams_25_full_n                         |   in|    1|     ap_fifo|                 arg3_arg3_streams_25|       pointer|
|arg3_arg3_streams_25_write                          |  out|    1|     ap_fifo|                 arg3_arg3_streams_25|       pointer|
|stencilConfig_grid_size_0_c136_din                  |  out|   16|     ap_fifo|       stencilConfig_grid_size_0_c136|       pointer|
|stencilConfig_grid_size_0_c136_num_data_valid       |   in|    2|     ap_fifo|       stencilConfig_grid_size_0_c136|       pointer|
|stencilConfig_grid_size_0_c136_fifo_cap             |   in|    2|     ap_fifo|       stencilConfig_grid_size_0_c136|       pointer|
|stencilConfig_grid_size_0_c136_full_n               |   in|    1|     ap_fifo|       stencilConfig_grid_size_0_c136|       pointer|
|stencilConfig_grid_size_0_c136_write                |  out|    1|     ap_fifo|       stencilConfig_grid_size_0_c136|       pointer|
|stencilConfig_lower_limit_0_c183_din                |  out|   16|     ap_fifo|     stencilConfig_lower_limit_0_c183|       pointer|
|stencilConfig_lower_limit_0_c183_num_data_valid     |   in|    2|     ap_fifo|     stencilConfig_lower_limit_0_c183|       pointer|
|stencilConfig_lower_limit_0_c183_fifo_cap           |   in|    2|     ap_fifo|     stencilConfig_lower_limit_0_c183|       pointer|
|stencilConfig_lower_limit_0_c183_full_n             |   in|    1|     ap_fifo|     stencilConfig_lower_limit_0_c183|       pointer|
|stencilConfig_lower_limit_0_c183_write              |  out|    1|     ap_fifo|     stencilConfig_lower_limit_0_c183|       pointer|
|stencilConfig_upper_limit_0_c230_din                |  out|   16|     ap_fifo|     stencilConfig_upper_limit_0_c230|       pointer|
|stencilConfig_upper_limit_0_c230_num_data_valid     |   in|    2|     ap_fifo|     stencilConfig_upper_limit_0_c230|       pointer|
|stencilConfig_upper_limit_0_c230_fifo_cap           |   in|    2|     ap_fifo|     stencilConfig_upper_limit_0_c230|       pointer|
|stencilConfig_upper_limit_0_c230_full_n             |   in|    1|     ap_fifo|     stencilConfig_upper_limit_0_c230|       pointer|
|stencilConfig_upper_limit_0_c230_write              |  out|    1|     ap_fifo|     stencilConfig_upper_limit_0_c230|       pointer|
|stencilConfig_outer_loop_limit_c277_din             |  out|   16|     ap_fifo|  stencilConfig_outer_loop_limit_c277|       pointer|
|stencilConfig_outer_loop_limit_c277_num_data_valid  |   in|    2|     ap_fifo|  stencilConfig_outer_loop_limit_c277|       pointer|
|stencilConfig_outer_loop_limit_c277_fifo_cap        |   in|    2|     ap_fifo|  stencilConfig_outer_loop_limit_c277|       pointer|
|stencilConfig_outer_loop_limit_c277_full_n          |   in|    1|     ap_fifo|  stencilConfig_outer_loop_limit_c277|       pointer|
|stencilConfig_outer_loop_limit_c277_write           |  out|    1|     ap_fifo|  stencilConfig_outer_loop_limit_c277|       pointer|
|stencilConfig_batch_size_c324_din                   |  out|   16|     ap_fifo|        stencilConfig_batch_size_c324|       pointer|
|stencilConfig_batch_size_c324_num_data_valid        |   in|    2|     ap_fifo|        stencilConfig_batch_size_c324|       pointer|
|stencilConfig_batch_size_c324_fifo_cap              |   in|    2|     ap_fifo|        stencilConfig_batch_size_c324|       pointer|
|stencilConfig_batch_size_c324_full_n                |   in|    1|     ap_fifo|        stencilConfig_batch_size_c324|       pointer|
|stencilConfig_batch_size_c324_write                 |  out|    1|     ap_fifo|        stencilConfig_batch_size_c324|       pointer|
+----------------------------------------------------+-----+-----+------------+-------------------------------------+--------------+

