

================================================================
== Vitis HLS Report for 'stencilRun_Pipeline_VITIS_LOOP_239_1'
================================================================
* Date:           Thu Aug 13 05:35:49 2026

* Version:        2022.2 (Build 3670227 on Oct 13 2022)
* Project:        kernel_outerloop_0_0
* Solution:       solution (Vitis Kernel Flow Target)
* Product family: virtexuplus
* Target device:  xcu280-fsvh2892-2L-e


================================================================
== Performance Estimates
================================================================
+ Timing: 
    * Summary: 
    +--------+---------+----------+------------+
    |  Clock |  Target | Estimated| Uncertainty|
    +--------+---------+----------+------------+
    |ap_clk  |  3.33 ns|  2.342 ns|     0.90 ns|
    +--------+---------+----------+------------+

+ Latency: 
    * Summary: 
    +---------+---------+----------+----------+-----+-----+---------+
    |  Latency (cycles) |  Latency (absolute) |  Interval | Pipeline|
    |   min   |   max   |    min   |    max   | min | max |   Type  |
    +---------+---------+----------+----------+-----+-----+---------+
    |        ?|        ?|         ?|         ?|    ?|    ?|       no|
    +---------+---------+----------+----------+-----+-----+---------+

    + Detail: 
        * Instance: 
        +--------------------------------------+-----------------------+---------+---------+----------+----------+-----+-----+---------+
        |                                      |                       |  Latency (cycles) |  Latency (absolute) |  Interval | Pipeline|
        |               Instance               |         Module        |   min   |   max   |    min   |    max   | min | max |   Type  |
        +--------------------------------------+-----------------------+---------+---------+----------+----------+-----+-----+---------+
        |tmp2_generic_ldexp_float_s_fu_380     |generic_ldexp_float_s  |        0|        0|      0 ns|      0 ns|    1|    1|      yes|
        |tmp3_generic_ldexp_float_s_fu_387     |generic_ldexp_float_s  |        0|        0|      0 ns|      0 ns|    1|    1|      yes|
        |tmp2_1_generic_ldexp_float_s_fu_394   |generic_ldexp_float_s  |        0|        0|      0 ns|      0 ns|    1|    1|      yes|
        |tmp3_1_generic_ldexp_float_s_fu_401   |generic_ldexp_float_s  |        0|        0|      0 ns|      0 ns|    1|    1|      yes|
        |tmp2_2_generic_ldexp_float_s_fu_408   |generic_ldexp_float_s  |        0|        0|      0 ns|      0 ns|    1|    1|      yes|
        |tmp3_2_generic_ldexp_float_s_fu_415   |generic_ldexp_float_s  |        0|        0|      0 ns|      0 ns|    1|    1|      yes|
        |tmp2_3_generic_ldexp_float_s_fu_422   |generic_ldexp_float_s  |        0|        0|      0 ns|      0 ns|    1|    1|      yes|
        |tmp3_3_generic_ldexp_float_s_fu_429   |generic_ldexp_float_s  |        0|        0|      0 ns|      0 ns|    1|    1|      yes|
        |tmp2_4_generic_ldexp_float_s_fu_436   |generic_ldexp_float_s  |        0|        0|      0 ns|      0 ns|    1|    1|      yes|
        |tmp3_4_generic_ldexp_float_s_fu_443   |generic_ldexp_float_s  |        0|        0|      0 ns|      0 ns|    1|    1|      yes|
        |tmp2_5_generic_ldexp_float_s_fu_450   |generic_ldexp_float_s  |        0|        0|      0 ns|      0 ns|    1|    1|      yes|
        |tmp3_5_generic_ldexp_float_s_fu_457   |generic_ldexp_float_s  |        0|        0|      0 ns|      0 ns|    1|    1|      yes|
        |tmp2_6_generic_ldexp_float_s_fu_464   |generic_ldexp_float_s  |        0|        0|      0 ns|      0 ns|    1|    1|      yes|
        |tmp3_6_generic_ldexp_float_s_fu_471   |generic_ldexp_float_s  |        0|        0|      0 ns|      0 ns|    1|    1|      yes|
        |tmp2_7_generic_ldexp_float_s_fu_478   |generic_ldexp_float_s  |        0|        0|      0 ns|      0 ns|    1|    1|      yes|
        |tmp3_7_generic_ldexp_float_s_fu_485   |generic_ldexp_float_s  |        0|        0|      0 ns|      0 ns|    1|    1|      yes|
        |tmp2_8_generic_ldexp_float_s_fu_492   |generic_ldexp_float_s  |        0|        0|      0 ns|      0 ns|    1|    1|      yes|
        |tmp3_8_generic_ldexp_float_s_fu_499   |generic_ldexp_float_s  |        0|        0|      0 ns|      0 ns|    1|    1|      yes|
        |tmp2_9_generic_ldexp_float_s_fu_506   |generic_ldexp_float_s  |        0|        0|      0 ns|      0 ns|    1|    1|      yes|
        |tmp3_9_generic_ldexp_float_s_fu_513   |generic_ldexp_float_s  |        0|        0|      0 ns|      0 ns|    1|    1|      yes|
        |tmp2_10_generic_ldexp_float_s_fu_520  |generic_ldexp_float_s  |        0|        0|      0 ns|      0 ns|    1|    1|      yes|
        |tmp3_10_generic_ldexp_float_s_fu_527  |generic_ldexp_float_s  |        0|        0|      0 ns|      0 ns|    1|    1|      yes|
        |tmp2_11_generic_ldexp_float_s_fu_534  |generic_ldexp_float_s  |        0|        0|      0 ns|      0 ns|    1|    1|      yes|
        |tmp3_11_generic_ldexp_float_s_fu_541  |generic_ldexp_float_s  |        0|        0|      0 ns|      0 ns|    1|    1|      yes|
        |tmp2_12_generic_ldexp_float_s_fu_548  |generic_ldexp_float_s  |        0|        0|      0 ns|      0 ns|    1|    1|      yes|
        |tmp3_12_generic_ldexp_float_s_fu_555  |generic_ldexp_float_s  |        0|        0|      0 ns|      0 ns|    1|    1|      yes|
        |tmp2_13_generic_ldexp_float_s_fu_562  |generic_ldexp_float_s  |        0|        0|      0 ns|      0 ns|    1|    1|      yes|
        |tmp3_13_generic_ldexp_float_s_fu_569  |generic_ldexp_float_s  |        0|        0|      0 ns|      0 ns|    1|    1|      yes|
        |tmp2_14_generic_ldexp_float_s_fu_576  |generic_ldexp_float_s  |        0|        0|      0 ns|      0 ns|    1|    1|      yes|
        |tmp3_14_generic_ldexp_float_s_fu_583  |generic_ldexp_float_s  |        0|        0|      0 ns|      0 ns|    1|    1|      yes|
        |tmp2_15_generic_ldexp_float_s_fu_590  |generic_ldexp_float_s  |        0|        0|      0 ns|      0 ns|    1|    1|      yes|
        |tmp3_15_generic_ldexp_float_s_fu_597  |generic_ldexp_float_s  |        0|        0|      0 ns|      0 ns|    1|    1|      yes|
        +--------------------------------------+-----------------------+---------+---------+----------+----------+-----+-----+---------+

        * Loop: 
        +--------------------+---------+---------+----------+-----------+-----------+------+----------+
        |                    |  Latency (cycles) | Iteration|  Initiation Interval  | Trip |          |
        |      Loop Name     |   min   |   max   |  Latency |  achieved |   target  | Count| Pipelined|
        +--------------------+---------+---------+----------+-----------+-----------+------+----------+
        |- VITIS_LOOP_239_1  |        ?|        ?|        28|          1|          1|     ?|       yes|
        +--------------------+---------+---------+----------+-----------+-----------+------+----------+



================================================================
== Utilization Estimates
================================================================
* Summary: 
+---------------------+---------+------+---------+---------+-----+
|         Name        | BRAM_18K|  DSP |    FF   |   LUT   | URAM|
+---------------------+---------+------+---------+---------+-----+
|DSP                  |        -|     -|        -|        -|    -|
|Expression           |        -|     -|        0|     2802|    -|
|FIFO                 |        -|     -|        -|        -|    -|
|Instance             |        -|   128|    20352|    18528|    -|
|Memory               |        -|     -|        -|        -|    -|
|Multiplexer          |        -|     -|        -|      171|    -|
|Register             |        -|     -|    12746|     1600|    -|
+---------------------+---------+------+---------+---------+-----+
|Total                |        0|   128|    33098|    23101|    0|
+---------------------+---------+------+---------+---------+-----+
|Available SLR        |     1344|  3008|   869120|   434560|  320|
+---------------------+---------+------+---------+---------+-----+
|Utilization SLR (%)  |        0|     4|        3|        5|    0|
+---------------------+---------+------+---------+---------+-----+
|Available            |     4032|  9024|  2607360|  1303680|  960|
+---------------------+---------+------+---------+---------+-----+
|Utilization (%)      |        0|     1|        1|        1|    0|
+---------------------+---------+------+---------+---------+-----+

+ Detail: 
    * Instance: 
    +--------------------------------------+--------------------------------+---------+----+-----+-----+-----+
    |               Instance               |             Module             | BRAM_18K| DSP|  FF | LUT | URAM|
    +--------------------------------------+--------------------------------+---------+----+-----+-----+-----+
    |fadd_32ns_32ns_32_7_full_dsp_1_U426   |fadd_32ns_32ns_32_7_full_dsp_1  |        0|   2|  318|  198|    0|
    |fadd_32ns_32ns_32_7_full_dsp_1_U427   |fadd_32ns_32ns_32_7_full_dsp_1  |        0|   2|  318|  198|    0|
    |fadd_32ns_32ns_32_7_full_dsp_1_U428   |fadd_32ns_32ns_32_7_full_dsp_1  |        0|   2|  318|  198|    0|
    |fadd_32ns_32ns_32_7_full_dsp_1_U429   |fadd_32ns_32ns_32_7_full_dsp_1  |        0|   2|  318|  198|    0|
    |fadd_32ns_32ns_32_7_full_dsp_1_U430   |fadd_32ns_32ns_32_7_full_dsp_1  |        0|   2|  318|  198|    0|
    |fadd_32ns_32ns_32_7_full_dsp_1_U431   |fadd_32ns_32ns_32_7_full_dsp_1  |        0|   2|  318|  198|    0|
    |fadd_32ns_32ns_32_7_full_dsp_1_U432   |fadd_32ns_32ns_32_7_full_dsp_1  |        0|   2|  318|  198|    0|
    |fadd_32ns_32ns_32_7_full_dsp_1_U433   |fadd_32ns_32ns_32_7_full_dsp_1  |        0|   2|  318|  198|    0|
    |fadd_32ns_32ns_32_7_full_dsp_1_U434   |fadd_32ns_32ns_32_7_full_dsp_1  |        0|   2|  318|  198|    0|
    |fadd_32ns_32ns_32_7_full_dsp_1_U435   |fadd_32ns_32ns_32_7_full_dsp_1  |        0|   2|  318|  198|    0|
    |fadd_32ns_32ns_32_7_full_dsp_1_U436   |fadd_32ns_32ns_32_7_full_dsp_1  |        0|   2|  318|  198|    0|
    |fadd_32ns_32ns_32_7_full_dsp_1_U437   |fadd_32ns_32ns_32_7_full_dsp_1  |        0|   2|  318|  198|    0|
    |fadd_32ns_32ns_32_7_full_dsp_1_U438   |fadd_32ns_32ns_32_7_full_dsp_1  |        0|   2|  318|  198|    0|
    |fadd_32ns_32ns_32_7_full_dsp_1_U439   |fadd_32ns_32ns_32_7_full_dsp_1  |        0|   2|  318|  198|    0|
    |fadd_32ns_32ns_32_7_full_dsp_1_U440   |fadd_32ns_32ns_32_7_full_dsp_1  |        0|   2|  318|  198|    0|
    |fadd_32ns_32ns_32_7_full_dsp_1_U441   |fadd_32ns_32ns_32_7_full_dsp_1  |        0|   2|  318|  198|    0|
    |fadd_32ns_32ns_32_7_full_dsp_1_U442   |fadd_32ns_32ns_32_7_full_dsp_1  |        0|   2|  318|  198|    0|
    |fadd_32ns_32ns_32_7_full_dsp_1_U443   |fadd_32ns_32ns_32_7_full_dsp_1  |        0|   2|  318|  198|    0|
    |fadd_32ns_32ns_32_7_full_dsp_1_U444   |fadd_32ns_32ns_32_7_full_dsp_1  |        0|   2|  318|  198|    0|
    |fadd_32ns_32ns_32_7_full_dsp_1_U445   |fadd_32ns_32ns_32_7_full_dsp_1  |        0|   2|  318|  198|    0|
    |fadd_32ns_32ns_32_7_full_dsp_1_U446   |fadd_32ns_32ns_32_7_full_dsp_1  |        0|   2|  318|  198|    0|
    |fadd_32ns_32ns_32_7_full_dsp_1_U447   |fadd_32ns_32ns_32_7_full_dsp_1  |        0|   2|  318|  198|    0|
    |fadd_32ns_32ns_32_7_full_dsp_1_U448   |fadd_32ns_32ns_32_7_full_dsp_1  |        0|   2|  318|  198|    0|
    |fadd_32ns_32ns_32_7_full_dsp_1_U449   |fadd_32ns_32ns_32_7_full_dsp_1  |        0|   2|  318|  198|    0|
    |fadd_32ns_32ns_32_7_full_dsp_1_U450   |fadd_32ns_32ns_32_7_full_dsp_1  |        0|   2|  318|  198|    0|
    |fadd_32ns_32ns_32_7_full_dsp_1_U451   |fadd_32ns_32ns_32_7_full_dsp_1  |        0|   2|  318|  198|    0|
    |fadd_32ns_32ns_32_7_full_dsp_1_U452   |fadd_32ns_32ns_32_7_full_dsp_1  |        0|   2|  318|  198|    0|
    |fadd_32ns_32ns_32_7_full_dsp_1_U453   |fadd_32ns_32ns_32_7_full_dsp_1  |        0|   2|  318|  198|    0|
    |fadd_32ns_32ns_32_7_full_dsp_1_U454   |fadd_32ns_32ns_32_7_full_dsp_1  |        0|   2|  318|  198|    0|
    |fadd_32ns_32ns_32_7_full_dsp_1_U455   |fadd_32ns_32ns_32_7_full_dsp_1  |        0|   2|  318|  198|    0|
    |fadd_32ns_32ns_32_7_full_dsp_1_U456   |fadd_32ns_32ns_32_7_full_dsp_1  |        0|   2|  318|  198|    0|
    |fadd_32ns_32ns_32_7_full_dsp_1_U457   |fadd_32ns_32ns_32_7_full_dsp_1  |        0|   2|  318|  198|    0|
    |fadd_32ns_32ns_32_7_full_dsp_1_U458   |fadd_32ns_32ns_32_7_full_dsp_1  |        0|   2|  318|  198|    0|
    |fadd_32ns_32ns_32_7_full_dsp_1_U459   |fadd_32ns_32ns_32_7_full_dsp_1  |        0|   2|  318|  198|    0|
    |fadd_32ns_32ns_32_7_full_dsp_1_U460   |fadd_32ns_32ns_32_7_full_dsp_1  |        0|   2|  318|  198|    0|
    |fadd_32ns_32ns_32_7_full_dsp_1_U461   |fadd_32ns_32ns_32_7_full_dsp_1  |        0|   2|  318|  198|    0|
    |fadd_32ns_32ns_32_7_full_dsp_1_U462   |fadd_32ns_32ns_32_7_full_dsp_1  |        0|   2|  318|  198|    0|
    |fadd_32ns_32ns_32_7_full_dsp_1_U463   |fadd_32ns_32ns_32_7_full_dsp_1  |        0|   2|  318|  198|    0|
    |fadd_32ns_32ns_32_7_full_dsp_1_U464   |fadd_32ns_32ns_32_7_full_dsp_1  |        0|   2|  318|  198|    0|
    |fadd_32ns_32ns_32_7_full_dsp_1_U465   |fadd_32ns_32ns_32_7_full_dsp_1  |        0|   2|  318|  198|    0|
    |fadd_32ns_32ns_32_7_full_dsp_1_U466   |fadd_32ns_32ns_32_7_full_dsp_1  |        0|   2|  318|  198|    0|
    |fadd_32ns_32ns_32_7_full_dsp_1_U467   |fadd_32ns_32ns_32_7_full_dsp_1  |        0|   2|  318|  198|    0|
    |fadd_32ns_32ns_32_7_full_dsp_1_U468   |fadd_32ns_32ns_32_7_full_dsp_1  |        0|   2|  318|  198|    0|
    |fadd_32ns_32ns_32_7_full_dsp_1_U469   |fadd_32ns_32ns_32_7_full_dsp_1  |        0|   2|  318|  198|    0|
    |fadd_32ns_32ns_32_7_full_dsp_1_U470   |fadd_32ns_32ns_32_7_full_dsp_1  |        0|   2|  318|  198|    0|
    |fadd_32ns_32ns_32_7_full_dsp_1_U471   |fadd_32ns_32ns_32_7_full_dsp_1  |        0|   2|  318|  198|    0|
    |fadd_32ns_32ns_32_7_full_dsp_1_U472   |fadd_32ns_32ns_32_7_full_dsp_1  |        0|   2|  318|  198|    0|
    |fadd_32ns_32ns_32_7_full_dsp_1_U473   |fadd_32ns_32ns_32_7_full_dsp_1  |        0|   2|  318|  198|    0|
    |fadd_32ns_32ns_32_7_full_dsp_1_U474   |fadd_32ns_32ns_32_7_full_dsp_1  |        0|   2|  318|  198|    0|
    |fadd_32ns_32ns_32_7_full_dsp_1_U475   |fadd_32ns_32ns_32_7_full_dsp_1  |        0|   2|  318|  198|    0|
    |fadd_32ns_32ns_32_7_full_dsp_1_U476   |fadd_32ns_32ns_32_7_full_dsp_1  |        0|   2|  318|  198|    0|
    |fadd_32ns_32ns_32_7_full_dsp_1_U477   |fadd_32ns_32ns_32_7_full_dsp_1  |        0|   2|  318|  198|    0|
    |fadd_32ns_32ns_32_7_full_dsp_1_U478   |fadd_32ns_32ns_32_7_full_dsp_1  |        0|   2|  318|  198|    0|
    |fadd_32ns_32ns_32_7_full_dsp_1_U479   |fadd_32ns_32ns_32_7_full_dsp_1  |        0|   2|  318|  198|    0|
    |fadd_32ns_32ns_32_7_full_dsp_1_U480   |fadd_32ns_32ns_32_7_full_dsp_1  |        0|   2|  318|  198|    0|
    |fadd_32ns_32ns_32_7_full_dsp_1_U481   |fadd_32ns_32ns_32_7_full_dsp_1  |        0|   2|  318|  198|    0|
    |fadd_32ns_32ns_32_7_full_dsp_1_U482   |fadd_32ns_32ns_32_7_full_dsp_1  |        0|   2|  318|  198|    0|
    |fadd_32ns_32ns_32_7_full_dsp_1_U483   |fadd_32ns_32ns_32_7_full_dsp_1  |        0|   2|  318|  198|    0|
    |fadd_32ns_32ns_32_7_full_dsp_1_U484   |fadd_32ns_32ns_32_7_full_dsp_1  |        0|   2|  318|  198|    0|
    |fadd_32ns_32ns_32_7_full_dsp_1_U485   |fadd_32ns_32ns_32_7_full_dsp_1  |        0|   2|  318|  198|    0|
    |fadd_32ns_32ns_32_7_full_dsp_1_U486   |fadd_32ns_32ns_32_7_full_dsp_1  |        0|   2|  318|  198|    0|
    |fadd_32ns_32ns_32_7_full_dsp_1_U487   |fadd_32ns_32ns_32_7_full_dsp_1  |        0|   2|  318|  198|    0|
    |fadd_32ns_32ns_32_7_full_dsp_1_U488   |fadd_32ns_32ns_32_7_full_dsp_1  |        0|   2|  318|  198|    0|
    |fadd_32ns_32ns_32_7_full_dsp_1_U489   |fadd_32ns_32ns_32_7_full_dsp_1  |        0|   2|  318|  198|    0|
    |tmp2_generic_ldexp_float_s_fu_380     |generic_ldexp_float_s           |        0|   0|    0|  183|    0|
    |tmp3_generic_ldexp_float_s_fu_387     |generic_ldexp_float_s           |        0|   0|    0|  183|    0|
    |tmp2_1_generic_ldexp_float_s_fu_394   |generic_ldexp_float_s           |        0|   0|    0|  183|    0|
    |tmp3_1_generic_ldexp_float_s_fu_401   |generic_ldexp_float_s           |        0|   0|    0|  183|    0|
    |tmp2_2_generic_ldexp_float_s_fu_408   |generic_ldexp_float_s           |        0|   0|    0|  183|    0|
    |tmp3_2_generic_ldexp_float_s_fu_415   |generic_ldexp_float_s           |        0|   0|    0|  183|    0|
    |tmp2_3_generic_ldexp_float_s_fu_422   |generic_ldexp_float_s           |        0|   0|    0|  183|    0|
    |tmp3_3_generic_ldexp_float_s_fu_429   |generic_ldexp_float_s           |        0|   0|    0|  183|    0|
    |tmp2_4_generic_ldexp_float_s_fu_436   |generic_ldexp_float_s           |        0|   0|    0|  183|    0|
    |tmp3_4_generic_ldexp_float_s_fu_443   |generic_ldexp_float_s           |        0|   0|    0|  183|    0|
    |tmp2_5_generic_ldexp_float_s_fu_450   |generic_ldexp_float_s           |        0|   0|    0|  183|    0|
    |tmp3_5_generic_ldexp_float_s_fu_457   |generic_ldexp_float_s           |        0|   0|    0|  183|    0|
    |tmp2_6_generic_ldexp_float_s_fu_464   |generic_ldexp_float_s           |        0|   0|    0|  183|    0|
    |tmp3_6_generic_ldexp_float_s_fu_471   |generic_ldexp_float_s           |        0|   0|    0|  183|    0|
    |tmp2_7_generic_ldexp_float_s_fu_478   |generic_ldexp_float_s           |        0|   0|    0|  183|    0|
    |tmp3_7_generic_ldexp_float_s_fu_485   |generic_ldexp_float_s           |        0|   0|    0|  183|    0|
    |tmp2_8_generic_ldexp_float_s_fu_492   |generic_ldexp_float_s           |        0|   0|    0|  183|    0|
    |tmp3_8_generic_ldexp_float_s_fu_499   |generic_ldexp_float_s           |        0|   0|    0|  183|    0|
    |tmp2_9_generic_ldexp_float_s_fu_506   |generic_ldexp_float_s           |        0|   0|    0|  183|    0|
    |tmp3_9_generic_ldexp_float_s_fu_513   |generic_ldexp_float_s           |        0|   0|    0|  183|    0|
    |tmp2_10_generic_ldexp_float_s_fu_520  |generic_ldexp_float_s           |        0|   0|    0|  183|    0|
    |tmp3_10_generic_ldexp_float_s_fu_527  |generic_ldexp_float_s           |        0|   0|    0|  183|    0|
    |tmp2_11_generic_ldexp_float_s_fu_534  |generic_ldexp_float_s           |        0|   0|    0|  183|    0|
    |tmp3_11_generic_ldexp_float_s_fu_541  |generic_ldexp_float_s           |        0|   0|    0|  183|    0|
    |tmp2_12_generic_ldexp_float_s_fu_548  |generic_ldexp_float_s           |        0|   0|    0|  183|    0|
    |tmp3_12_generic_ldexp_float_s_fu_555  |generic_ldexp_float_s           |        0|   0|    0|  183|    0|
    |tmp2_13_generic_ldexp_float_s_fu_562  |generic_ldexp_float_s           |        0|   0|    0|  183|    0|
    |tmp3_13_generic_ldexp_float_s_fu_569  |generic_ldexp_float_s           |        0|   0|    0|  183|    0|
    |tmp2_14_generic_ldexp_float_s_fu_576  |generic_ldexp_float_s           |        0|   0|    0|  183|    0|
    |tmp3_14_generic_ldexp_float_s_fu_583  |generic_ldexp_float_s           |        0|   0|    0|  183|    0|
    |tmp2_15_generic_ldexp_float_s_fu_590  |generic_ldexp_float_s           |        0|   0|    0|  183|    0|
    |tmp3_15_generic_ldexp_float_s_fu_597  |generic_ldexp_float_s           |        0|   0|    0|  183|    0|
    +--------------------------------------+--------------------------------+---------+----+-----+-----+-----+
    |Total                                 |                                |        0| 128|20352|18528|    0|
    +--------------------------------------+--------------------------------+---------+----+-----+-----+-----+

    * DSP: 
    N/A

    * Memory: 
    N/A

    * FIFO: 
    N/A

    * Expression: 
    +------------------------------------------------------------------------+----------+----+---+-----+------------+------------+
    |                              Variable Name                             | Operation| DSP| FF| LUT | Bitwidth P0| Bitwidth P1|
    +------------------------------------------------------------------------+----------+----+---+-----+------------+------------+
    |S2D_00_P10_M10_0P1_0M1_buf_r0_1_p0_rd_1_fu_1326_p2                      |         +|   0|  0|   23|          16|           1|
    |S2D_00_P10_M10_0P1_0M1_buf_r0_1_p0_wr_1_fu_1057_p2                      |         +|   0|  0|   23|          16|           1|
    |S2D_00_P10_M10_0P1_0M1_buf_r1_2_p0_rd_1_fu_1082_p2                      |         +|   0|  0|   23|          16|           1|
    |S2D_00_P10_M10_0P1_0M1_buf_r1_2_p0_wr_1_fu_994_p2                       |         +|   0|  0|   23|          16|           1|
    |add_ln275_fu_1953_p2                                                    |         +|   0|  0|   23|          16|           1|
    |i_1_fu_1933_p2                                                          |         +|   0|  0|   23|          16|           1|
    |itr_fu_945_p2                                                           |         +|   0|  0|   37|          30|           1|
    |and_ln272_fu_1947_p2                                                    |       and|   0|  0|    2|           1|           1|
    |S2D_00_P10_M10_0P1_0M1_read_cond_fu_951_p2                              |      icmp|   0|  0|   19|          30|          30|
    |addr_cmp135_fu_1286_p2                                                  |      icmp|   0|  0|   29|          64|          64|
    |addr_cmp_fu_1031_p2                                                     |      icmp|   0|  0|   29|          64|          64|
    |cmp250_fu_1975_p2                                                       |      icmp|   0|  0|   13|          16|           1|
    |cond_x_terminate_fu_1923_p2                                             |      icmp|   0|  0|   13|          16|          16|
    |cond_y_terminate_fu_1928_p2                                             |      icmp|   0|  0|   13|          16|          16|
    |icmp_ln239_fu_939_p2                                                    |      icmp|   0|  0|   19|          30|          30|
    |icmp_ln299_fu_1315_p2                                                   |      icmp|   0|  0|   13|          16|          16|
    |icmp_ln300_fu_1046_p2                                                   |      icmp|   0|  0|   13|          16|          16|
    |icmp_ln312_fu_1071_p2                                                   |      icmp|   0|  0|   13|          16|          16|
    |icmp_ln313_fu_983_p2                                                    |      icmp|   0|  0|   13|          16|          16|
    |icmp_ln389_10_fu_2515_p2                                                |      icmp|   0|  0|   13|          16|           1|
    |icmp_ln389_11_fu_2563_p2                                                |      icmp|   0|  0|   13|          16|           1|
    |icmp_ln389_12_fu_2611_p2                                                |      icmp|   0|  0|   13|          16|           1|
    |icmp_ln389_13_fu_2659_p2                                                |      icmp|   0|  0|   13|          16|           1|
    |icmp_ln389_14_fu_2707_p2                                                |      icmp|   0|  0|   13|          16|           1|
    |icmp_ln389_15_fu_2755_p2                                                |      icmp|   0|  0|   13|          16|           1|
    |icmp_ln389_1_fu_2083_p2                                                 |      icmp|   0|  0|   13|          16|           1|
    |icmp_ln389_2_fu_2131_p2                                                 |      icmp|   0|  0|   13|          16|           1|
    |icmp_ln389_3_fu_2179_p2                                                 |      icmp|   0|  0|   13|          16|           1|
    |icmp_ln389_4_fu_2227_p2                                                 |      icmp|   0|  0|   13|          16|           1|
    |icmp_ln389_5_fu_2275_p2                                                 |      icmp|   0|  0|   13|          16|           1|
    |icmp_ln389_6_fu_2323_p2                                                 |      icmp|   0|  0|   13|          16|           1|
    |icmp_ln389_7_fu_2371_p2                                                 |      icmp|   0|  0|   13|          16|           1|
    |icmp_ln389_8_fu_2419_p2                                                 |      icmp|   0|  0|   13|          16|           1|
    |icmp_ln389_9_fu_2467_p2                                                 |      icmp|   0|  0|   13|          16|           1|
    |icmp_ln389_fu_2035_p2                                                   |      icmp|   0|  0|   13|          16|           1|
    |icmp_ln390_10_fu_2521_p2                                                |      icmp|   0|  0|   13|          17|          17|
    |icmp_ln390_11_fu_2569_p2                                                |      icmp|   0|  0|   13|          17|          17|
    |icmp_ln390_12_fu_2617_p2                                                |      icmp|   0|  0|   13|          17|          17|
    |icmp_ln390_13_fu_2665_p2                                                |      icmp|   0|  0|   13|          17|          17|
    |icmp_ln390_14_fu_2713_p2                                                |      icmp|   0|  0|   13|          17|          17|
    |icmp_ln390_15_fu_2761_p2                                                |      icmp|   0|  0|   13|          17|          17|
    |icmp_ln390_1_fu_2089_p2                                                 |      icmp|   0|  0|   13|          17|          17|
    |icmp_ln390_2_fu_2137_p2                                                 |      icmp|   0|  0|   13|          17|          17|
    |icmp_ln390_3_fu_2185_p2                                                 |      icmp|   0|  0|   13|          17|          17|
    |icmp_ln390_4_fu_2233_p2                                                 |      icmp|   0|  0|   13|          17|          17|
    |icmp_ln390_5_fu_2281_p2                                                 |      icmp|   0|  0|   13|          17|          17|
    |icmp_ln390_6_fu_2329_p2                                                 |      icmp|   0|  0|   13|          17|          17|
    |icmp_ln390_7_fu_2377_p2                                                 |      icmp|   0|  0|   13|          17|          17|
    |icmp_ln390_8_fu_2425_p2                                                 |      icmp|   0|  0|   13|          17|          17|
    |icmp_ln390_9_fu_2473_p2                                                 |      icmp|   0|  0|   13|          17|          17|
    |icmp_ln390_fu_2041_p2                                                   |      icmp|   0|  0|   13|          17|          17|
    |slt_fu_1985_p2                                                          |      icmp|   0|  0|   13|          17|          17|
    |ap_block_pp0_stage0_01001                                               |        or|   0|  0|    2|           1|           1|
    |ap_block_state28_pp0_stage0_iter27                                      |        or|   0|  0|    2|           1|           1|
    |ap_block_state2_pp0_stage0_iter1                                        |        or|   0|  0|    2|           1|           1|
    |index_10_fu_2505_p2                                                     |        or|   0|  0|   16|          16|           6|
    |index_11_fu_2553_p2                                                     |        or|   0|  0|   16|          16|           6|
    |index_12_fu_2601_p2                                                     |        or|   0|  0|   16|          16|           6|
    |index_13_fu_2649_p2                                                     |        or|   0|  0|   16|          16|           6|
    |index_14_fu_2697_p2                                                     |        or|   0|  0|   16|          16|           6|
    |index_15_fu_2745_p2                                                     |        or|   0|  0|   16|          16|           6|
    |index_1_fu_2073_p2                                                      |        or|   0|  0|   16|          16|           6|
    |index_2_fu_2121_p2                                                      |        or|   0|  0|   16|          16|           6|
    |index_3_fu_2169_p2                                                      |        or|   0|  0|   16|          16|           6|
    |index_4_fu_2217_p2                                                      |        or|   0|  0|   16|          16|           6|
    |index_5_fu_2265_p2                                                      |        or|   0|  0|   16|          16|           6|
    |index_6_fu_2313_p2                                                      |        or|   0|  0|   16|          16|           6|
    |index_7_fu_2361_p2                                                      |        or|   0|  0|   16|          16|           6|
    |index_8_fu_2409_p2                                                      |        or|   0|  0|   16|          16|           6|
    |index_9_fu_2457_p2                                                      |        or|   0|  0|   16|          16|           6|
    |index_fu_2025_p2                                                        |        or|   0|  0|   16|          16|           6|
    |neg_cond_10_fu_2537_p2                                                  |        or|   0|  0|    2|           1|           1|
    |neg_cond_11_fu_2585_p2                                                  |        or|   0|  0|    2|           1|           1|
    |neg_cond_12_fu_2633_p2                                                  |        or|   0|  0|    2|           1|           1|
    |neg_cond_13_fu_2681_p2                                                  |        or|   0|  0|    2|           1|           1|
    |neg_cond_14_fu_2729_p2                                                  |        or|   0|  0|    2|           1|           1|
    |neg_cond_15_fu_2777_p2                                                  |        or|   0|  0|    2|           1|           1|
    |neg_cond_1_fu_2105_p2                                                   |        or|   0|  0|    2|           1|           1|
    |neg_cond_2_fu_2153_p2                                                   |        or|   0|  0|    2|           1|           1|
    |neg_cond_3_fu_2201_p2                                                   |        or|   0|  0|    2|           1|           1|
    |neg_cond_4_fu_2249_p2                                                   |        or|   0|  0|    2|           1|           1|
    |neg_cond_5_fu_2297_p2                                                   |        or|   0|  0|    2|           1|           1|
    |neg_cond_6_fu_2345_p2                                                   |        or|   0|  0|    2|           1|           1|
    |neg_cond_7_fu_2393_p2                                                   |        or|   0|  0|    2|           1|           1|
    |neg_cond_8_fu_2441_p2                                                   |        or|   0|  0|    2|           1|           1|
    |neg_cond_9_fu_2489_p2                                                   |        or|   0|  0|    2|           1|           1|
    |neg_cond_fu_2057_p2                                                     |        or|   0|  0|    2|           1|           1|
    |or_ln390_10_fu_2292_p2                                                  |        or|   0|  0|    2|           1|           1|
    |or_ln390_12_fu_2340_p2                                                  |        or|   0|  0|    2|           1|           1|
    |or_ln390_14_fu_2388_p2                                                  |        or|   0|  0|    2|           1|           1|
    |or_ln390_16_fu_2436_p2                                                  |        or|   0|  0|    2|           1|           1|
    |or_ln390_18_fu_2484_p2                                                  |        or|   0|  0|    2|           1|           1|
    |or_ln390_20_fu_2532_p2                                                  |        or|   0|  0|    2|           1|           1|
    |or_ln390_22_fu_2580_p2                                                  |        or|   0|  0|    2|           1|           1|
    |or_ln390_24_fu_2628_p2                                                  |        or|   0|  0|    2|           1|           1|
    |or_ln390_26_fu_2676_p2                                                  |        or|   0|  0|    2|           1|           1|
    |or_ln390_28_fu_2724_p2                                                  |        or|   0|  0|    2|           1|           1|
    |or_ln390_2_fu_2100_p2                                                   |        or|   0|  0|    2|           1|           1|
    |or_ln390_30_fu_2772_p2                                                  |        or|   0|  0|    2|           1|           1|
    |or_ln390_4_fu_2148_p2                                                   |        or|   0|  0|    2|           1|           1|
    |or_ln390_6_fu_2196_p2                                                   |        or|   0|  0|    2|           1|           1|
    |or_ln390_8_fu_2244_p2                                                   |        or|   0|  0|    2|           1|           1|
    |or_ln390_fu_2052_p2                                                     |        or|   0|  0|    2|           1|           1|
    |or_ln392_fu_1996_p2                                                     |        or|   0|  0|    2|           1|           1|
    |S2D_00_P10_M10_0P1_0M1_buf_r0_1_p0_rd_2_fu_1332_p3                      |    select|   0|  0|   16|           1|           1|
    |S2D_00_P10_M10_0P1_0M1_buf_r0_1_p0_wr_2_fu_1063_p3                      |    select|   0|  0|   16|           1|           1|
    |S2D_00_P10_M10_0P1_0M1_buf_r1_2_p0_rd_2_fu_1088_p3                      |    select|   0|  0|   16|           1|           1|
    |S2D_00_P10_M10_0P1_0M1_buf_r1_2_p0_wr_2_fu_1000_p3                      |    select|   0|  0|   16|           1|           1|
    |arg1_tmpConvWrite_17_fu_2066_p3                                         |    select|   0|  0|   32|           1|          32|
    |arg1_tmpConvWrite_19_fu_2114_p3                                         |    select|   0|  0|   32|           1|          32|
    |arg1_tmpConvWrite_21_fu_2162_p3                                         |    select|   0|  0|   32|           1|          32|
    |arg1_tmpConvWrite_23_fu_2210_p3                                         |    select|   0|  0|   32|           1|          32|
    |arg1_tmpConvWrite_25_fu_2258_p3                                         |    select|   0|  0|   32|           1|          32|
    |arg1_tmpConvWrite_27_fu_2306_p3                                         |    select|   0|  0|   32|           1|          32|
    |arg1_tmpConvWrite_29_fu_2354_p3                                         |    select|   0|  0|   32|           1|          32|
    |arg1_tmpConvWrite_31_fu_2402_p3                                         |    select|   0|  0|   32|           1|          32|
    |arg1_tmpConvWrite_33_fu_2450_p3                                         |    select|   0|  0|   32|           1|          32|
    |arg1_tmpConvWrite_35_fu_2498_p3                                         |    select|   0|  0|   32|           1|          32|
    |arg1_tmpConvWrite_37_fu_2546_p3                                         |    select|   0|  0|   32|           1|          32|
    |arg1_tmpConvWrite_39_fu_2594_p3                                         |    select|   0|  0|   32|           1|          32|
    |arg1_tmpConvWrite_41_fu_2642_p3                                         |    select|   0|  0|   32|           1|          32|
    |arg1_tmpConvWrite_43_fu_2690_p3                                         |    select|   0|  0|   32|           1|          32|
    |arg1_tmpConvWrite_45_fu_2738_p3                                         |    select|   0|  0|   32|           1|          32|
    |arg1_tmpConvWrite_47_fu_2786_p3                                         |    select|   0|  0|   32|           1|          32|
    |i_2_fu_1939_p3                                                          |    select|   0|  0|   16|           1|           1|
    |j_1_fu_1959_p3                                                          |    select|   0|  0|   16|           1|          16|
    |j_2_fu_1967_p3                                                          |    select|   0|  0|   16|           1|           1|
    |t_1_fu_1294_p3                                                          |    select|   0|  0|  533|           1|         576|
    |t_fu_1532_p3                                                            |    select|   0|  0|  480|           1|         544|
    |ap_enable_pp0                                                           |       xor|   0|  0|    2|           1|           2|
    |cond_end_of_line_buff_S2D_00_P10_M10_0P1_0M1_buf_r0_1_p0_rd_fu_1320_p2  |       xor|   0|  0|    2|           1|           2|
    |cond_end_of_line_buff_S2D_00_P10_M10_0P1_0M1_buf_r0_1_p0_wr_fu_1051_p2  |       xor|   0|  0|    2|           1|           2|
    |cond_end_of_line_buff_S2D_00_P10_M10_0P1_0M1_buf_r1_2_p0_rd_fu_1076_p2  |       xor|   0|  0|    2|           1|           2|
    |cond_end_of_line_buff_S2D_00_P10_M10_0P1_0M1_buf_r1_2_p0_wr_fu_988_p2   |       xor|   0|  0|    2|           1|           2|
    |rev98_fu_1990_p2                                                        |       xor|   0|  0|    2|           1|           2|
    |xor_ln390_10_fu_2526_p2                                                 |       xor|   0|  0|    2|           1|           2|
    |xor_ln390_11_fu_2574_p2                                                 |       xor|   0|  0|    2|           1|           2|
    |xor_ln390_12_fu_2622_p2                                                 |       xor|   0|  0|    2|           1|           2|
    |xor_ln390_13_fu_2670_p2                                                 |       xor|   0|  0|    2|           1|           2|
    |xor_ln390_14_fu_2718_p2                                                 |       xor|   0|  0|    2|           1|           2|
    |xor_ln390_15_fu_2766_p2                                                 |       xor|   0|  0|    2|           1|           2|
    |xor_ln390_1_fu_2094_p2                                                  |       xor|   0|  0|    2|           1|           2|
    |xor_ln390_2_fu_2142_p2                                                  |       xor|   0|  0|    2|           1|           2|
    |xor_ln390_3_fu_2190_p2                                                  |       xor|   0|  0|    2|           1|           2|
    |xor_ln390_4_fu_2238_p2                                                  |       xor|   0|  0|    2|           1|           2|
    |xor_ln390_5_fu_2286_p2                                                  |       xor|   0|  0|    2|           1|           2|
    |xor_ln390_6_fu_2334_p2                                                  |       xor|   0|  0|    2|           1|           2|
    |xor_ln390_7_fu_2382_p2                                                  |       xor|   0|  0|    2|           1|           2|
    |xor_ln390_8_fu_2430_p2                                                  |       xor|   0|  0|    2|           1|           2|
    |xor_ln390_9_fu_2478_p2                                                  |       xor|   0|  0|    2|           1|           2|
    |xor_ln390_fu_2046_p2                                                    |       xor|   0|  0|    2|           1|           2|
    +------------------------------------------------------------------------+----------+----+---+-----+------------+------------+
    |Total                                                                   |          |   0|  0| 2802|        1311|        2428|
    +------------------------------------------------------------------------+----------+----+---+-----+------------+------------+

    * Multiplexer: 
    +--------------------------------------------------------+----+-----------+-----+-----------+
    |                          Name                          | LUT| Input Size| Bits| Total Bits|
    +--------------------------------------------------------+----+-----------+-----+-----------+
    |S2D_00_P10_M10_0P1_0M1_buf_r0_1_p0_rd_fu_238            |   9|          2|   16|         32|
    |S2D_00_P10_M10_0P1_0M1_buf_r0_1_p0_wr_fu_242            |   9|          2|   16|         32|
    |S2D_00_P10_M10_0P1_0M1_buf_r1_2_p0_rd_fu_246            |   9|          2|   16|         32|
    |S2D_00_P10_M10_0P1_0M1_buf_r1_2_p0_wr_fu_250            |   9|          2|   16|         32|
    |ap_done_int                                             |   9|          2|    1|          2|
    |ap_enable_reg_pp0_iter1                                 |   9|          2|    1|          2|
    |ap_sig_allocacmp_itr_19                                 |   9|          2|   30|         60|
    |arg0_poisson_kernel_stencil_in_subtile_stream_6_blk_n   |   9|          2|    1|          2|
    |arg0_poisson_kernel_stencil_in_subtile_stream_7_blk_n   |   9|          2|    1|          2|
    |arg0_read_val_V_fu_258                                  |   9|          2|  576|       1152|
    |arg1_poisson_kernel_stencil_out_subtile_stream_6_blk_n  |   9|          2|    1|          2|
    |arg1_poisson_kernel_stencil_out_subtile_stream_7_blk_n  |   9|          2|    1|          2|
    |i_fu_230                                                |   9|          2|   16|         32|
    |j_fu_234                                                |   9|          2|   16|         32|
    |reg_itr_fu_254                                          |   9|          2|   30|         60|
    |reuse_addr_reg132_fu_206                                |   9|          2|   64|        128|
    |reuse_addr_reg_fu_214                                   |   9|          2|   64|        128|
    |reuse_reg131_fu_210                                     |   9|          2|  544|       1088|
    |reuse_reg_fu_218                                        |   9|          2|  576|       1152|
    +--------------------------------------------------------+----+-----------+-----+-----------+
    |Total                                                   | 171|         38| 1986|       3972|
    +--------------------------------------------------------+----+-----------+-----+-----------+

    * Register: 
    +----------------------------------------------+-----+----+-----+-----------+
    |                     Name                     |  FF | LUT| Bits| Const Bits|
    +----------------------------------------------+-----+----+-----+-----------+
    |S2D_00_P10_M10_0P1_0M1_buf_r0_1_p0_rd_fu_238  |   16|   0|   16|          0|
    |S2D_00_P10_M10_0P1_0M1_buf_r0_1_p0_wr_fu_242  |   16|   0|   16|          0|
    |S2D_00_P10_M10_0P1_0M1_buf_r1_2_p0_rd_fu_246  |   16|   0|   16|          0|
    |S2D_00_P10_M10_0P1_0M1_buf_r1_2_p0_wr_fu_250  |   16|   0|   16|          0|
    |S2D_00_P10_M10_0P1_0M1_read_cond_reg_2981     |    1|   0|    1|          0|
    |addr_cmp135_reg_3100                          |    1|   0|    1|          0|
    |addr_cmp_reg_3010                             |    1|   0|    1|          0|
    |ap_CS_fsm                                     |    1|   0|    1|          0|
    |ap_done_reg                                   |    1|   0|    1|          0|
    |ap_enable_reg_pp0_iter1                       |    1|   0|    1|          0|
    |ap_enable_reg_pp0_iter10                      |    1|   0|    1|          0|
    |ap_enable_reg_pp0_iter11                      |    1|   0|    1|          0|
    |ap_enable_reg_pp0_iter12                      |    1|   0|    1|          0|
    |ap_enable_reg_pp0_iter13                      |    1|   0|    1|          0|
    |ap_enable_reg_pp0_iter14                      |    1|   0|    1|          0|
    |ap_enable_reg_pp0_iter15                      |    1|   0|    1|          0|
    |ap_enable_reg_pp0_iter16                      |    1|   0|    1|          0|
    |ap_enable_reg_pp0_iter17                      |    1|   0|    1|          0|
    |ap_enable_reg_pp0_iter18                      |    1|   0|    1|          0|
    |ap_enable_reg_pp0_iter19                      |    1|   0|    1|          0|
    |ap_enable_reg_pp0_iter2                       |    1|   0|    1|          0|
    |ap_enable_reg_pp0_iter20                      |    1|   0|    1|          0|
    |ap_enable_reg_pp0_iter21                      |    1|   0|    1|          0|
    |ap_enable_reg_pp0_iter22                      |    1|   0|    1|          0|
    |ap_enable_reg_pp0_iter23                      |    1|   0|    1|          0|
    |ap_enable_reg_pp0_iter24                      |    1|   0|    1|          0|
    |ap_enable_reg_pp0_iter25                      |    1|   0|    1|          0|
    |ap_enable_reg_pp0_iter26                      |    1|   0|    1|          0|
    |ap_enable_reg_pp0_iter27                      |    1|   0|    1|          0|
    |ap_enable_reg_pp0_iter3                       |    1|   0|    1|          0|
    |ap_enable_reg_pp0_iter4                       |    1|   0|    1|          0|
    |ap_enable_reg_pp0_iter5                       |    1|   0|    1|          0|
    |ap_enable_reg_pp0_iter6                       |    1|   0|    1|          0|
    |ap_enable_reg_pp0_iter7                       |    1|   0|    1|          0|
    |ap_enable_reg_pp0_iter8                       |    1|   0|    1|          0|
    |ap_enable_reg_pp0_iter9                       |    1|   0|    1|          0|
    |ap_loop_exit_ready_pp0_iter10_reg             |    1|   0|    1|          0|
    |ap_loop_exit_ready_pp0_iter11_reg             |    1|   0|    1|          0|
    |ap_loop_exit_ready_pp0_iter12_reg             |    1|   0|    1|          0|
    |ap_loop_exit_ready_pp0_iter13_reg             |    1|   0|    1|          0|
    |ap_loop_exit_ready_pp0_iter14_reg             |    1|   0|    1|          0|
    |ap_loop_exit_ready_pp0_iter15_reg             |    1|   0|    1|          0|
    |ap_loop_exit_ready_pp0_iter16_reg             |    1|   0|    1|          0|
    |ap_loop_exit_ready_pp0_iter17_reg             |    1|   0|    1|          0|
    |ap_loop_exit_ready_pp0_iter18_reg             |    1|   0|    1|          0|
    |ap_loop_exit_ready_pp0_iter19_reg             |    1|   0|    1|          0|
    |ap_loop_exit_ready_pp0_iter1_reg              |    1|   0|    1|          0|
    |ap_loop_exit_ready_pp0_iter20_reg             |    1|   0|    1|          0|
    |ap_loop_exit_ready_pp0_iter21_reg             |    1|   0|    1|          0|
    |ap_loop_exit_ready_pp0_iter22_reg             |    1|   0|    1|          0|
    |ap_loop_exit_ready_pp0_iter23_reg             |    1|   0|    1|          0|
    |ap_loop_exit_ready_pp0_iter24_reg             |    1|   0|    1|          0|
    |ap_loop_exit_ready_pp0_iter25_reg             |    1|   0|    1|          0|
    |ap_loop_exit_ready_pp0_iter26_reg             |    1|   0|    1|          0|
    |ap_loop_exit_ready_pp0_iter2_reg              |    1|   0|    1|          0|
    |ap_loop_exit_ready_pp0_iter3_reg              |    1|   0|    1|          0|
    |ap_loop_exit_ready_pp0_iter4_reg              |    1|   0|    1|          0|
    |ap_loop_exit_ready_pp0_iter5_reg              |    1|   0|    1|          0|
    |ap_loop_exit_ready_pp0_iter6_reg              |    1|   0|    1|          0|
    |ap_loop_exit_ready_pp0_iter7_reg              |    1|   0|    1|          0|
    |ap_loop_exit_ready_pp0_iter8_reg              |    1|   0|    1|          0|
    |ap_loop_exit_ready_pp0_iter9_reg              |    1|   0|    1|          0|
    |arg0_read_val_V_2_reg_2995                    |  576|   0|  576|          0|
    |arg0_read_val_V_fu_258                        |  576|   0|  576|          0|
    |arg0_rowArr_1_0_10_reg_3455                   |   32|   0|   32|          0|
    |arg0_rowArr_1_0_11_reg_3472                   |   32|   0|   32|          0|
    |arg0_rowArr_1_0_12_reg_3489                   |   32|   0|   32|          0|
    |arg0_rowArr_1_0_13_reg_3506                   |   32|   0|   32|          0|
    |arg0_rowArr_1_0_14_reg_3523                   |   32|   0|   32|          0|
    |arg0_rowArr_1_0_15_reg_3540                   |   32|   0|   32|          0|
    |arg0_rowArr_1_0_16_reg_3557                   |   32|   0|   32|          0|
    |arg0_rowArr_1_0_1_reg_3303                    |   32|   0|   32|          0|
    |arg0_rowArr_1_0_2_reg_3319                    |   32|   0|   32|          0|
    |arg0_rowArr_1_0_3_reg_3336                    |   32|   0|   32|          0|
    |arg0_rowArr_1_0_4_reg_3353                    |   32|   0|   32|          0|
    |arg0_rowArr_1_0_5_reg_3370                    |   32|   0|   32|          0|
    |arg0_rowArr_1_0_6_reg_3387                    |   32|   0|   32|          0|
    |arg0_rowArr_1_0_7_reg_3404                    |   32|   0|   32|          0|
    |arg0_rowArr_1_0_8_reg_3421                    |   32|   0|   32|          0|
    |arg0_rowArr_1_0_9_reg_3438                    |   32|   0|   32|          0|
    |arg0_tmpConverter_0_0_10_reg_3263             |   32|   0|   32|          0|
    |arg0_tmpConverter_0_0_11_reg_3268             |   32|   0|   32|          0|
    |arg0_tmpConverter_0_0_12_reg_3273             |   32|   0|   32|          0|
    |arg0_tmpConverter_0_0_13_reg_3278             |   32|   0|   32|          0|
    |arg0_tmpConverter_0_0_14_reg_3283             |   32|   0|   32|          0|
    |arg0_tmpConverter_0_0_15_reg_3288             |   32|   0|   32|          0|
    |arg0_tmpConverter_0_0_1_reg_3218              |   32|   0|   32|          0|
    |arg0_tmpConverter_0_0_2_reg_3223              |   32|   0|   32|          0|
    |arg0_tmpConverter_0_0_3_reg_3228              |   32|   0|   32|          0|
    |arg0_tmpConverter_0_0_4_reg_3233              |   32|   0|   32|          0|
    |arg0_tmpConverter_0_0_5_reg_3238              |   32|   0|   32|          0|
    |arg0_tmpConverter_0_0_6_reg_3243              |   32|   0|   32|          0|
    |arg0_tmpConverter_0_0_7_reg_3248              |   32|   0|   32|          0|
    |arg0_tmpConverter_0_0_8_reg_3253              |   32|   0|   32|          0|
    |arg0_tmpConverter_0_0_9_reg_3258              |   32|   0|   32|          0|
    |arg0_tmpConverter_0_0_reg_3213                |   32|   0|   32|          0|
    |arg0_tmpConverter_1_0_17_reg_3207             |   32|   0|   32|          0|
    |arg0_tmpConverter_1_0_reg_3105                |   32|   0|   32|          0|
    |arg0_tmpConverter_2_0_10_reg_3065             |   32|   0|   32|          0|
    |arg0_tmpConverter_2_0_11_reg_3070             |   32|   0|   32|          0|
    |arg0_tmpConverter_2_0_12_reg_3075             |   32|   0|   32|          0|
    |arg0_tmpConverter_2_0_13_reg_3080             |   32|   0|   32|          0|
    |arg0_tmpConverter_2_0_14_reg_3085             |   32|   0|   32|          0|
    |arg0_tmpConverter_2_0_15_reg_3090             |   32|   0|   32|          0|
    |arg0_tmpConverter_2_0_1_reg_3020              |   32|   0|   32|          0|
    |arg0_tmpConverter_2_0_2_reg_3025              |   32|   0|   32|          0|
    |arg0_tmpConverter_2_0_3_reg_3030              |   32|   0|   32|          0|
    |arg0_tmpConverter_2_0_4_reg_3035              |   32|   0|   32|          0|
    |arg0_tmpConverter_2_0_5_reg_3040              |   32|   0|   32|          0|
    |arg0_tmpConverter_2_0_6_reg_3045              |   32|   0|   32|          0|
    |arg0_tmpConverter_2_0_7_reg_3050              |   32|   0|   32|          0|
    |arg0_tmpConverter_2_0_8_reg_3055              |   32|   0|   32|          0|
    |arg0_tmpConverter_2_0_9_reg_3060              |   32|   0|   32|          0|
    |arg0_tmpConverter_2_0_reg_3015                |   32|   0|   32|          0|
    |arg1_result_10_reg_4048                       |   32|   0|   32|          0|
    |arg1_result_11_reg_4053                       |   32|   0|   32|          0|
    |arg1_result_12_reg_4058                       |   32|   0|   32|          0|
    |arg1_result_13_reg_4063                       |   32|   0|   32|          0|
    |arg1_result_14_reg_4068                       |   32|   0|   32|          0|
    |arg1_result_15_reg_4073                       |   32|   0|   32|          0|
    |arg1_result_1_reg_4003                        |   32|   0|   32|          0|
    |arg1_result_2_reg_4008                        |   32|   0|   32|          0|
    |arg1_result_3_reg_4013                        |   32|   0|   32|          0|
    |arg1_result_4_reg_4018                        |   32|   0|   32|          0|
    |arg1_result_5_reg_4023                        |   32|   0|   32|          0|
    |arg1_result_6_reg_4028                        |   32|   0|   32|          0|
    |arg1_result_7_reg_4033                        |   32|   0|   32|          0|
    |arg1_result_8_reg_4038                        |   32|   0|   32|          0|
    |arg1_result_9_reg_4043                        |   32|   0|   32|          0|
    |arg1_result_reg_3998                          |   32|   0|   32|          0|
    |arg1_tmpConvWrite_48_reg_3111                 |   32|   0|   32|          0|
    |arg1_tmpConvWrite_49_reg_3117                 |   32|   0|   32|          0|
    |arg1_tmpConvWrite_50_reg_3123                 |   32|   0|   32|          0|
    |arg1_tmpConvWrite_51_reg_3129                 |   32|   0|   32|          0|
    |arg1_tmpConvWrite_52_reg_3135                 |   32|   0|   32|          0|
    |arg1_tmpConvWrite_53_reg_3141                 |   32|   0|   32|          0|
    |arg1_tmpConvWrite_54_reg_3147                 |   32|   0|   32|          0|
    |arg1_tmpConvWrite_55_reg_3153                 |   32|   0|   32|          0|
    |arg1_tmpConvWrite_56_reg_3159                 |   32|   0|   32|          0|
    |arg1_tmpConvWrite_57_reg_3165                 |   32|   0|   32|          0|
    |arg1_tmpConvWrite_58_reg_3171                 |   32|   0|   32|          0|
    |arg1_tmpConvWrite_59_reg_3177                 |   32|   0|   32|          0|
    |arg1_tmpConvWrite_60_reg_3183                 |   32|   0|   32|          0|
    |arg1_tmpConvWrite_61_reg_3189                 |   32|   0|   32|          0|
    |arg1_tmpConvWrite_62_reg_3195                 |   32|   0|   32|          0|
    |arg1_tmpConvWrite_63_reg_3201                 |   32|   0|   32|          0|
    |i_2_reg_3973                                  |   16|   0|   16|          0|
    |i_fu_230                                      |   16|   0|   16|          0|
    |j_fu_234                                      |   16|   0|   16|          0|
    |or_ln392_reg_3978                             |    1|   0|    1|          0|
    |p_Val2_9_fu_226                               |  544|   0|  544|          0|
    |p_Val2_9_load_reg_3095                        |  544|   0|  544|          0|
    |p_Val2_s_fu_222                               |  576|   0|  576|          0|
    |p_read25_cast_cast_reg_2969                   |   16|   0|   16|          0|
    |reg_itr_fu_254                                |   30|   0|   30|          0|
    |reuse_addr_reg132_fu_206                      |   64|   0|   64|          0|
    |reuse_addr_reg_fu_214                         |   64|   0|   64|          0|
    |reuse_reg131_fu_210                           |  544|   0|  544|          0|
    |reuse_reg_fu_218                              |  576|   0|  576|          0|
    |sext_ln223_cast_reg_2939                      |   16|   0|   16|          0|
    |tmp1_10_reg_3783                              |   32|   0|   32|          0|
    |tmp1_11_reg_3788                              |   32|   0|   32|          0|
    |tmp1_12_reg_3793                              |   32|   0|   32|          0|
    |tmp1_13_reg_3798                              |   32|   0|   32|          0|
    |tmp1_14_reg_3803                              |   32|   0|   32|          0|
    |tmp1_15_reg_3808                              |   32|   0|   32|          0|
    |tmp1_1_10_reg_3673                            |   32|   0|   32|          0|
    |tmp1_1_11_reg_3683                            |   32|   0|   32|          0|
    |tmp1_1_12_reg_3693                            |   32|   0|   32|          0|
    |tmp1_1_13_reg_3703                            |   32|   0|   32|          0|
    |tmp1_1_14_reg_3713                            |   32|   0|   32|          0|
    |tmp1_1_15_reg_3723                            |   32|   0|   32|          0|
    |tmp1_1_1_reg_3583                             |   32|   0|   32|          0|
    |tmp1_1_2_reg_3593                             |   32|   0|   32|          0|
    |tmp1_1_3_reg_3603                             |   32|   0|   32|          0|
    |tmp1_1_4_reg_3613                             |   32|   0|   32|          0|
    |tmp1_1_5_reg_3623                             |   32|   0|   32|          0|
    |tmp1_1_64_reg_3738                            |   32|   0|   32|          0|
    |tmp1_1_6_reg_3633                             |   32|   0|   32|          0|
    |tmp1_1_7_reg_3643                             |   32|   0|   32|          0|
    |tmp1_1_8_reg_3653                             |   32|   0|   32|          0|
    |tmp1_1_9_reg_3663                             |   32|   0|   32|          0|
    |tmp1_1_reg_3573                               |   32|   0|   32|          0|
    |tmp1_2_10_reg_3678                            |   32|   0|   32|          0|
    |tmp1_2_11_reg_3688                            |   32|   0|   32|          0|
    |tmp1_2_12_reg_3698                            |   32|   0|   32|          0|
    |tmp1_2_13_reg_3708                            |   32|   0|   32|          0|
    |tmp1_2_14_reg_3718                            |   32|   0|   32|          0|
    |tmp1_2_15_reg_3728                            |   32|   0|   32|          0|
    |tmp1_2_1_reg_3588                             |   32|   0|   32|          0|
    |tmp1_2_2_reg_3598                             |   32|   0|   32|          0|
    |tmp1_2_3_reg_3608                             |   32|   0|   32|          0|
    |tmp1_2_4_reg_3618                             |   32|   0|   32|          0|
    |tmp1_2_5_reg_3628                             |   32|   0|   32|          0|
    |tmp1_2_65_reg_3743                            |   32|   0|   32|          0|
    |tmp1_2_6_reg_3638                             |   32|   0|   32|          0|
    |tmp1_2_7_reg_3648                             |   32|   0|   32|          0|
    |tmp1_2_8_reg_3658                             |   32|   0|   32|          0|
    |tmp1_2_9_reg_3668                             |   32|   0|   32|          0|
    |tmp1_2_reg_3578                               |   32|   0|   32|          0|
    |tmp1_3_reg_3748                               |   32|   0|   32|          0|
    |tmp1_4_reg_3753                               |   32|   0|   32|          0|
    |tmp1_5_reg_3758                               |   32|   0|   32|          0|
    |tmp1_6_reg_3763                               |   32|   0|   32|          0|
    |tmp1_7_reg_3768                               |   32|   0|   32|          0|
    |tmp1_8_reg_3773                               |   32|   0|   32|          0|
    |tmp1_9_reg_3778                               |   32|   0|   32|          0|
    |tmp1_reg_3733                                 |   32|   0|   32|          0|
    |tmp2_10_reg_3913                              |   32|   0|   32|          0|
    |tmp2_11_reg_3923                              |   32|   0|   32|          0|
    |tmp2_12_reg_3933                              |   32|   0|   32|          0|
    |tmp2_13_reg_3943                              |   32|   0|   32|          0|
    |tmp2_14_reg_3953                              |   32|   0|   32|          0|
    |tmp2_15_reg_3963                              |   32|   0|   32|          0|
    |tmp2_1_reg_3823                               |   32|   0|   32|          0|
    |tmp2_2_reg_3833                               |   32|   0|   32|          0|
    |tmp2_3_reg_3843                               |   32|   0|   32|          0|
    |tmp2_4_reg_3853                               |   32|   0|   32|          0|
    |tmp2_5_reg_3863                               |   32|   0|   32|          0|
    |tmp2_6_reg_3873                               |   32|   0|   32|          0|
    |tmp2_7_reg_3883                               |   32|   0|   32|          0|
    |tmp2_8_reg_3893                               |   32|   0|   32|          0|
    |tmp2_9_reg_3903                               |   32|   0|   32|          0|
    |tmp2_reg_3813                                 |   32|   0|   32|          0|
    |tmp3_10_reg_3918                              |   32|   0|   32|          0|
    |tmp3_11_reg_3928                              |   32|   0|   32|          0|
    |tmp3_12_reg_3938                              |   32|   0|   32|          0|
    |tmp3_13_reg_3948                              |   32|   0|   32|          0|
    |tmp3_14_reg_3958                              |   32|   0|   32|          0|
    |tmp3_15_reg_3968                              |   32|   0|   32|          0|
    |tmp3_1_reg_3828                               |   32|   0|   32|          0|
    |tmp3_2_reg_3838                               |   32|   0|   32|          0|
    |tmp3_3_reg_3848                               |   32|   0|   32|          0|
    |tmp3_4_reg_3858                               |   32|   0|   32|          0|
    |tmp3_5_reg_3868                               |   32|   0|   32|          0|
    |tmp3_6_reg_3878                               |   32|   0|   32|          0|
    |tmp3_7_reg_3888                               |   32|   0|   32|          0|
    |tmp3_8_reg_3898                               |   32|   0|   32|          0|
    |tmp3_9_reg_3908                               |   32|   0|   32|          0|
    |tmp3_reg_3818                                 |   32|   0|   32|          0|
    |tmp_reg_4078                                  |    1|   0|    1|          0|
    |upper_limit_x_cast_cast_reg_2944              |   16|   0|   17|          1|
    |zext_ln239_cast_reg_2964                      |   16|   0|   17|          1|
    |zext_ln291_reg_3000                           |   16|   0|   64|         48|
    |zext_ln294_reg_2985                           |   16|   0|   64|         48|
    |arg0_rowArr_1_0_10_reg_3455                   |   64|  32|   32|          0|
    |arg0_rowArr_1_0_11_reg_3472                   |   64|  32|   32|          0|
    |arg0_rowArr_1_0_12_reg_3489                   |   64|  32|   32|          0|
    |arg0_rowArr_1_0_13_reg_3506                   |   64|  32|   32|          0|
    |arg0_rowArr_1_0_14_reg_3523                   |   64|  32|   32|          0|
    |arg0_rowArr_1_0_15_reg_3540                   |   64|  32|   32|          0|
    |arg0_rowArr_1_0_16_reg_3557                   |   64|  32|   32|          0|
    |arg0_rowArr_1_0_1_reg_3303                    |   64|  32|   32|          0|
    |arg0_rowArr_1_0_2_reg_3319                    |   64|  32|   32|          0|
    |arg0_rowArr_1_0_3_reg_3336                    |   64|  32|   32|          0|
    |arg0_rowArr_1_0_4_reg_3353                    |   64|  32|   32|          0|
    |arg0_rowArr_1_0_5_reg_3370                    |   64|  32|   32|          0|
    |arg0_rowArr_1_0_6_reg_3387                    |   64|  32|   32|          0|
    |arg0_rowArr_1_0_7_reg_3404                    |   64|  32|   32|          0|
    |arg0_rowArr_1_0_8_reg_3421                    |   64|  32|   32|          0|
    |arg0_rowArr_1_0_9_reg_3438                    |   64|  32|   32|          0|
    |arg0_tmpConverter_1_0_17_reg_3207             |   64|  32|   32|          0|
    |arg0_tmpConverter_1_0_reg_3105                |   64|  32|   32|          0|
    |arg0_tmpConverter_2_0_10_reg_3065             |   64|  32|   32|          0|
    |arg0_tmpConverter_2_0_11_reg_3070             |   64|  32|   32|          0|
    |arg0_tmpConverter_2_0_12_reg_3075             |   64|  32|   32|          0|
    |arg0_tmpConverter_2_0_13_reg_3080             |   64|  32|   32|          0|
    |arg0_tmpConverter_2_0_14_reg_3085             |   64|  32|   32|          0|
    |arg0_tmpConverter_2_0_15_reg_3090             |   64|  32|   32|          0|
    |arg0_tmpConverter_2_0_1_reg_3020              |   64|  32|   32|          0|
    |arg0_tmpConverter_2_0_2_reg_3025              |   64|  32|   32|          0|
    |arg0_tmpConverter_2_0_3_reg_3030              |   64|  32|   32|          0|
    |arg0_tmpConverter_2_0_4_reg_3035              |   64|  32|   32|          0|
    |arg0_tmpConverter_2_0_5_reg_3040              |   64|  32|   32|          0|
    |arg0_tmpConverter_2_0_6_reg_3045              |   64|  32|   32|          0|
    |arg0_tmpConverter_2_0_7_reg_3050              |   64|  32|   32|          0|
    |arg0_tmpConverter_2_0_8_reg_3055              |   64|  32|   32|          0|
    |arg0_tmpConverter_2_0_9_reg_3060              |   64|  32|   32|          0|
    |arg0_tmpConverter_2_0_reg_3015                |   64|  32|   32|          0|
    |arg1_tmpConvWrite_48_reg_3111                 |   64|  32|   32|          0|
    |arg1_tmpConvWrite_49_reg_3117                 |   64|  32|   32|          0|
    |arg1_tmpConvWrite_50_reg_3123                 |   64|  32|   32|          0|
    |arg1_tmpConvWrite_51_reg_3129                 |   64|  32|   32|          0|
    |arg1_tmpConvWrite_52_reg_3135                 |   64|  32|   32|          0|
    |arg1_tmpConvWrite_53_reg_3141                 |   64|  32|   32|          0|
    |arg1_tmpConvWrite_54_reg_3147                 |   64|  32|   32|          0|
    |arg1_tmpConvWrite_55_reg_3153                 |   64|  32|   32|          0|
    |arg1_tmpConvWrite_56_reg_3159                 |   64|  32|   32|          0|
    |arg1_tmpConvWrite_57_reg_3165                 |   64|  32|   32|          0|
    |arg1_tmpConvWrite_58_reg_3171                 |   64|  32|   32|          0|
    |arg1_tmpConvWrite_59_reg_3177                 |   64|  32|   32|          0|
    |arg1_tmpConvWrite_60_reg_3183                 |   64|  32|   32|          0|
    |arg1_tmpConvWrite_61_reg_3189                 |   64|  32|   32|          0|
    |arg1_tmpConvWrite_62_reg_3195                 |   64|  32|   32|          0|
    |arg1_tmpConvWrite_63_reg_3201                 |   64|  32|   32|          0|
    +----------------------------------------------+-----+----+-----+-----------+
    |Total                                         |12746|1600|11244|         98|
    +----------------------------------------------+-----+----+-----+-----------+



================================================================
== Interface
================================================================
* Summary: 
+-----------------------------------------------------------------+-----+-----+------------+--------------------------------------------------+--------------+
|                            RTL Ports                            | Dir | Bits|  Protocol  |                   Source Object                  |    C Type    |
+-----------------------------------------------------------------+-----+-----+------------+--------------------------------------------------+--------------+
|ap_clk                                                           |   in|    1|  ap_ctrl_hs|              stencilRun_Pipeline_VITIS_LOOP_239_1|  return value|
|ap_rst                                                           |   in|    1|  ap_ctrl_hs|              stencilRun_Pipeline_VITIS_LOOP_239_1|  return value|
|ap_start                                                         |   in|    1|  ap_ctrl_hs|              stencilRun_Pipeline_VITIS_LOOP_239_1|  return value|
|ap_done                                                          |  out|    1|  ap_ctrl_hs|              stencilRun_Pipeline_VITIS_LOOP_239_1|  return value|
|ap_idle                                                          |  out|    1|  ap_ctrl_hs|              stencilRun_Pipeline_VITIS_LOOP_239_1|  return value|
|ap_ready                                                         |  out|    1|  ap_ctrl_hs|              stencilRun_Pipeline_VITIS_LOOP_239_1|  return value|
|arg0_poisson_kernel_stencil_in_subtile_stream_6_dout             |   in|  288|     ap_fifo|   arg0_poisson_kernel_stencil_in_subtile_stream_6|       pointer|
|arg0_poisson_kernel_stencil_in_subtile_stream_6_num_data_valid   |   in|    2|     ap_fifo|   arg0_poisson_kernel_stencil_in_subtile_stream_6|       pointer|
|arg0_poisson_kernel_stencil_in_subtile_stream_6_fifo_cap         |   in|    2|     ap_fifo|   arg0_poisson_kernel_stencil_in_subtile_stream_6|       pointer|
|arg0_poisson_kernel_stencil_in_subtile_stream_6_empty_n          |   in|    1|     ap_fifo|   arg0_poisson_kernel_stencil_in_subtile_stream_6|       pointer|
|arg0_poisson_kernel_stencil_in_subtile_stream_6_read             |  out|    1|     ap_fifo|   arg0_poisson_kernel_stencil_in_subtile_stream_6|       pointer|
|arg0_poisson_kernel_stencil_in_subtile_stream_7_dout             |   in|  288|     ap_fifo|   arg0_poisson_kernel_stencil_in_subtile_stream_7|       pointer|
|arg0_poisson_kernel_stencil_in_subtile_stream_7_num_data_valid   |   in|    2|     ap_fifo|   arg0_poisson_kernel_stencil_in_subtile_stream_7|       pointer|
|arg0_poisson_kernel_stencil_in_subtile_stream_7_fifo_cap         |   in|    2|     ap_fifo|   arg0_poisson_kernel_stencil_in_subtile_stream_7|       pointer|
|arg0_poisson_kernel_stencil_in_subtile_stream_7_empty_n          |   in|    1|     ap_fifo|   arg0_poisson_kernel_stencil_in_subtile_stream_7|       pointer|
|arg0_poisson_kernel_stencil_in_subtile_stream_7_read             |  out|    1|     ap_fifo|   arg0_poisson_kernel_stencil_in_subtile_stream_7|       pointer|
|arg1_poisson_kernel_stencil_out_subtile_stream_6_din             |  out|  288|     ap_fifo|  arg1_poisson_kernel_stencil_out_subtile_stream_6|       pointer|
|arg1_poisson_kernel_stencil_out_subtile_stream_6_num_data_valid  |   in|    2|     ap_fifo|  arg1_poisson_kernel_stencil_out_subtile_stream_6|       pointer|
|arg1_poisson_kernel_stencil_out_subtile_stream_6_fifo_cap        |   in|    2|     ap_fifo|  arg1_poisson_kernel_stencil_out_subtile_stream_6|       pointer|
|arg1_poisson_kernel_stencil_out_subtile_stream_6_full_n          |   in|    1|     ap_fifo|  arg1_poisson_kernel_stencil_out_subtile_stream_6|       pointer|
|arg1_poisson_kernel_stencil_out_subtile_stream_6_write           |  out|    1|     ap_fifo|  arg1_poisson_kernel_stencil_out_subtile_stream_6|       pointer|
|arg1_poisson_kernel_stencil_out_subtile_stream_7_din             |  out|  288|     ap_fifo|  arg1_poisson_kernel_stencil_out_subtile_stream_7|       pointer|
|arg1_poisson_kernel_stencil_out_subtile_stream_7_num_data_valid  |   in|    2|     ap_fifo|  arg1_poisson_kernel_stencil_out_subtile_stream_7|       pointer|
|arg1_poisson_kernel_stencil_out_subtile_stream_7_fifo_cap        |   in|    2|     ap_fifo|  arg1_poisson_kernel_stencil_out_subtile_stream_7|       pointer|
|arg1_poisson_kernel_stencil_out_subtile_stream_7_full_n          |   in|    1|     ap_fifo|  arg1_poisson_kernel_stencil_out_subtile_stream_7|       pointer|
|arg1_poisson_kernel_stencil_out_subtile_stream_7_write           |  out|    1|     ap_fifo|  arg1_poisson_kernel_stencil_out_subtile_stream_7|       pointer|
|mul_ln239                                                        |   in|   30|     ap_none|                                         mul_ln239|        scalar|
|arg0_buf_r0_1_p0_V_address0                                      |  out|    7|   ap_memory|                                arg0_buf_r0_1_p0_V|         array|
|arg0_buf_r0_1_p0_V_ce0                                           |  out|    1|   ap_memory|                                arg0_buf_r0_1_p0_V|         array|
|arg0_buf_r0_1_p0_V_q0                                            |   in|  544|   ap_memory|                                arg0_buf_r0_1_p0_V|         array|
|arg0_buf_r0_1_p0_V_address1                                      |  out|    7|   ap_memory|                                arg0_buf_r0_1_p0_V|         array|
|arg0_buf_r0_1_p0_V_ce1                                           |  out|    1|   ap_memory|                                arg0_buf_r0_1_p0_V|         array|
|arg0_buf_r0_1_p0_V_we1                                           |  out|    1|   ap_memory|                                arg0_buf_r0_1_p0_V|         array|
|arg0_buf_r0_1_p0_V_d1                                            |  out|  544|   ap_memory|                                arg0_buf_r0_1_p0_V|         array|
|arg0_buf_r1_2_p0_V_address0                                      |  out|    7|   ap_memory|                                arg0_buf_r1_2_p0_V|         array|
|arg0_buf_r1_2_p0_V_ce0                                           |  out|    1|   ap_memory|                                arg0_buf_r1_2_p0_V|         array|
|arg0_buf_r1_2_p0_V_q0                                            |   in|  576|   ap_memory|                                arg0_buf_r1_2_p0_V|         array|
|arg0_buf_r1_2_p0_V_address1                                      |  out|    7|   ap_memory|                                arg0_buf_r1_2_p0_V|         array|
|arg0_buf_r1_2_p0_V_ce1                                           |  out|    1|   ap_memory|                                arg0_buf_r1_2_p0_V|         array|
|arg0_buf_r1_2_p0_V_we1                                           |  out|    1|   ap_memory|                                arg0_buf_r1_2_p0_V|         array|
|arg0_buf_r1_2_p0_V_d1                                            |  out|  576|   ap_memory|                                arg0_buf_r1_2_p0_V|         array|
|p_read25_cast                                                    |   in|   14|     ap_none|                                     p_read25_cast|        scalar|
|zext_ln239                                                       |   in|   16|     ap_none|                                        zext_ln239|        scalar|
|upper_limit_x_cast                                               |   in|   16|     ap_none|                                upper_limit_x_cast|        scalar|
|sext_ln223                                                       |   in|   15|     ap_none|                                        sext_ln223|        scalar|
|cond_y_val                                                       |   in|   16|     ap_none|                                        cond_y_val|        scalar|
|S2D_00_P10_M10_0P1_0M1_read_ub_itr                               |   in|   30|     ap_none|                S2D_00_P10_M10_0P1_0M1_read_ub_itr|        scalar|
+-----------------------------------------------------------------+-----+-----+------------+--------------------------------------------------+--------------+

