

================================================================
== Vitis HLS Report for 'axis2streamTileStepup2D'
================================================================
* Date:           Thu Aug 13 05:31:07 2026

* Version:        2022.2 (Build 3670227 on Oct 13 2022)
* Project:        datamover_outerloop_0
* Solution:       solution (Vitis Kernel Flow Target)
* Product family: virtexuplus
* Target device:  xcu280-fsvh2892-2L-e


================================================================
== Performance Estimates
================================================================
+ Timing: 
    * Summary: 
    +--------+---------+----------+------------+
    |  Clock |  Target | Estimated| Uncertainty|
    +--------+---------+----------+------------+
    |ap_clk  |  3.33 ns|  2.185 ns|     0.90 ns|
    +--------+---------+----------+------------+

+ Latency: 
    * Summary: 
    +---------+-----------+-----------+-----------+-----+-----------+---------+
    |   Latency (cycles)  |   Latency (absolute)  |     Interval    | Pipeline|
    |   min   |    max    |    min    |    max    | min |    max    |   Type  |
    +---------+-----------+-----------+-----------+-----+-----------+---------+
    |        8|  269484161|  26.664 ns|  0.898 sec|    8|  269484161|       no|
    +---------+-----------+-----------+-----------+-----+-----------+---------+

    + Detail: 
        * Instance: 
        N/A

        * Loop: 
        +---------------+---------+-----------+-------------+-----------+-----------+----------+----------+
        |               |   Latency (cycles)  |  Iteration  |  Initiation Interval  |   Trip   |          |
        |   Loop Name   |   min   |    max    |   Latency   |  achieved |   target  |   Count  | Pipelined|
        +---------------+---------+-----------+-------------+-----------+-----------+----------+----------+
        |- tile_x_loop  |        7|  269484160|  7 ~ 4210690|          -|          -|    1 ~ 64|        no|
        | + row_loop    |        5|    4210688|     5 ~ 1028|          -|          -|  1 ~ 4096|        no|
        +---------------+---------+-----------+-------------+-----------+-----------+----------+----------+

============================================================
+ Verbose Summary: Synthesis Manager
============================================================
InlineROM: 1
ExposeGlobal: 0
============================================================
+ Verbose Summary: CDFG Model
============================================================
IsTopModel: 0
ResetActiveHigh: 1
IsCombinational: 2
IsDatapathOnly: 0
HasWiredReturn: 1
HasMFsm: 0
HasVarLatency: 1
IsPipeline: 0
IsRtlPipelined: 0
IsInstanceOverlapped: 0
IsDontTouch: 0
HasImplIP: 0
IsGatedGlobalClock: 0


============================================================
+ Verbose Summary: Schedule
============================================================
* Number of FSM states : 4
* Pipeline : 0
* Dataflow Pipeline: 0

* FSM state transitions: 
1 --> 2 
2 --> 3 
3 --> 4 2 
4 --> 3 

* FSM state operations: 

State 1 <SV = 0> <Delay = 1.21>
ST_1 : Operation 5 [1/1] (0.00ns)   --->   "%tile_x = alloca i32 1"   --->   Operation 5 'alloca' 'tile_x' <Predicate = true> <Delay = 0.00>
ST_1 : Operation 6 [1/1] (0.00ns)   --->   "%specinterface_ln0 = specinterface void @_ssdm_op_SpecInterface, i16 %memconfig_last_tile_size_x_c100, void @ap_fifo_str, i32 0, i32 0, void @p_str, i32 0, i32 0, void @p_str, void @p_str, void @p_str, i32 2, i32 2, i32 16, i32 16, void @p_str, void @ScalarProp_str, i32 4294967295, i32 0"   --->   Operation 6 'specinterface' 'specinterface_ln0' <Predicate = true> <Delay = 0.00>
ST_1 : Operation 7 [1/1] (0.00ns)   --->   "%p_read37 = read i16 @_ssdm_op_Read.ap_auto.i16, i16 %p_read3"   --->   Operation 7 'read' 'p_read37' <Predicate = true> <Delay = 0.00>
ST_1 : Operation 8 [1/1] (0.00ns)   --->   "%p_read26 = read i16 @_ssdm_op_Read.ap_auto.i16, i16 %p_read2"   --->   Operation 8 'read' 'p_read26' <Predicate = true> <Delay = 0.00>
ST_1 : Operation 9 [1/1] (0.00ns)   --->   "%p_read15 = read i16 @_ssdm_op_Read.ap_auto.i16, i16 %p_read1"   --->   Operation 9 'read' 'p_read15' <Predicate = true> <Delay = 0.00>
ST_1 : Operation 10 [1/1] (0.00ns)   --->   "%p_read_47 = read i16 @_ssdm_op_Read.ap_auto.i16, i16 %p_read"   --->   Operation 10 'read' 'p_read_47' <Predicate = true> <Delay = 0.00>
ST_1 : Operation 11 [1/1] (1.21ns)   --->   "%write_ln0 = write void @_ssdm_op_Write.ap_fifo.i16P0A, i16 %memconfig_last_tile_size_x_c100, i16 %p_read37"   --->   Operation 11 'write' 'write_ln0' <Predicate = true> <Delay = 1.21> <CoreInst = "FIFO_SRL">   --->   Core 81 'FIFO_SRL' <Latency = 0> <II = 1> <Delay = 1.34> <Storage> <Opcode : 'read' 'write' 'nbread' 'nbwrite'> <Ports = 0> <Width = 16> <Depth = 2> <FIFO>
ST_1 : Operation 12 [1/1] (0.00ns)   --->   "%specinterface_ln0 = specinterface void @_ssdm_op_SpecInterface, i16 %memconfig_tile_size_x_c86, void @ap_fifo_str, i32 0, i32 0, void @p_str, i32 0, i32 0, void @p_str, void @p_str, void @p_str, i32 2, i32 2, i32 16, i32 16, void @p_str, void @ScalarProp_str, i32 4294967295, i32 0"   --->   Operation 12 'specinterface' 'specinterface_ln0' <Predicate = true> <Delay = 0.00>
ST_1 : Operation 13 [1/1] (1.21ns)   --->   "%write_ln0 = write void @_ssdm_op_Write.ap_fifo.i16P0A, i16 %memconfig_tile_size_x_c86, i16 %p_read26"   --->   Operation 13 'write' 'write_ln0' <Predicate = true> <Delay = 1.21> <CoreInst = "FIFO_SRL">   --->   Core 81 'FIFO_SRL' <Latency = 0> <II = 1> <Delay = 1.34> <Storage> <Opcode : 'read' 'write' 'nbread' 'nbwrite'> <Ports = 0> <Width = 16> <Depth = 2> <FIFO>
ST_1 : Operation 14 [1/1] (0.00ns)   --->   "%specinterface_ln0 = specinterface void @_ssdm_op_SpecInterface, i16 %memconfig_tile_count_x_c80, void @ap_fifo_str, i32 0, i32 0, void @p_str, i32 0, i32 0, void @p_str, void @p_str, void @p_str, i32 2, i32 2, i32 16, i32 16, void @p_str, void @ScalarProp_str, i32 4294967295, i32 0"   --->   Operation 14 'specinterface' 'specinterface_ln0' <Predicate = true> <Delay = 0.00>
ST_1 : Operation 15 [1/1] (1.21ns)   --->   "%write_ln0 = write void @_ssdm_op_Write.ap_fifo.i16P0A, i16 %memconfig_tile_count_x_c80, i16 %p_read15"   --->   Operation 15 'write' 'write_ln0' <Predicate = true> <Delay = 1.21> <CoreInst = "FIFO_SRL">   --->   Core 81 'FIFO_SRL' <Latency = 0> <II = 1> <Delay = 1.34> <Storage> <Opcode : 'read' 'write' 'nbread' 'nbwrite'> <Ports = 0> <Width = 16> <Depth = 2> <FIFO>
ST_1 : Operation 16 [1/1] (0.00ns)   --->   "%specinterface_ln0 = specinterface void @_ssdm_op_SpecInterface, i16 %memconfig_grid_size_y_c74, void @ap_fifo_str, i32 0, i32 0, void @p_str, i32 0, i32 0, void @p_str, void @p_str, void @p_str, i32 2, i32 2, i32 16, i32 16, void @p_str, void @ScalarProp_str, i32 4294967295, i32 0"   --->   Operation 16 'specinterface' 'specinterface_ln0' <Predicate = true> <Delay = 0.00>
ST_1 : Operation 17 [1/1] (1.21ns)   --->   "%write_ln0 = write void @_ssdm_op_Write.ap_fifo.i16P0A, i16 %memconfig_grid_size_y_c74, i16 %p_read_47"   --->   Operation 17 'write' 'write_ln0' <Predicate = true> <Delay = 1.21> <CoreInst = "FIFO_SRL">   --->   Core 81 'FIFO_SRL' <Latency = 0> <II = 1> <Delay = 1.34> <Storage> <Opcode : 'read' 'write' 'nbread' 'nbwrite'> <Ports = 0> <Width = 16> <Depth = 2> <FIFO>
ST_1 : Operation 18 [1/1] (0.00ns)   --->   "%specaxissidechannel_ln0 = specaxissidechannel void @_ssdm_op_SpecAXISSideChannel, i256 %arg1_7_axis_in_V_data_V, i32 %arg1_7_axis_in_V_keep_V, i32 %arg1_7_axis_in_V_strb_V, i1 0, i1 %arg1_7_axis_in_V_last_V, i1 0, i1 0, void @empty_24"   --->   Operation 18 'specaxissidechannel' 'specaxissidechannel_ln0' <Predicate = true> <Delay = 0.00>
ST_1 : Operation 19 [1/1] (0.00ns)   --->   "%specaxissidechannel_ln0 = specaxissidechannel void @_ssdm_op_SpecAXISSideChannel, i256 %arg1_6_axis_in_V_data_V, i32 %arg1_6_axis_in_V_keep_V, i32 %arg1_6_axis_in_V_strb_V, i1 0, i1 %arg1_6_axis_in_V_last_V, i1 0, i1 0, void @empty_22"   --->   Operation 19 'specaxissidechannel' 'specaxissidechannel_ln0' <Predicate = true> <Delay = 0.00>
ST_1 : Operation 20 [1/1] (0.00ns)   --->   "%specaxissidechannel_ln0 = specaxissidechannel void @_ssdm_op_SpecAXISSideChannel, i256 %arg1_5_axis_in_V_data_V, i32 %arg1_5_axis_in_V_keep_V, i32 %arg1_5_axis_in_V_strb_V, i1 0, i1 %arg1_5_axis_in_V_last_V, i1 0, i1 0, void @empty_32"   --->   Operation 20 'specaxissidechannel' 'specaxissidechannel_ln0' <Predicate = true> <Delay = 0.00>
ST_1 : Operation 21 [1/1] (0.00ns)   --->   "%specaxissidechannel_ln0 = specaxissidechannel void @_ssdm_op_SpecAXISSideChannel, i256 %arg1_4_axis_in_V_data_V, i32 %arg1_4_axis_in_V_keep_V, i32 %arg1_4_axis_in_V_strb_V, i1 0, i1 %arg1_4_axis_in_V_last_V, i1 0, i1 0, void @empty_21"   --->   Operation 21 'specaxissidechannel' 'specaxissidechannel_ln0' <Predicate = true> <Delay = 0.00>
ST_1 : Operation 22 [1/1] (0.00ns)   --->   "%specaxissidechannel_ln0 = specaxissidechannel void @_ssdm_op_SpecAXISSideChannel, i256 %arg1_3_axis_in_V_data_V, i32 %arg1_3_axis_in_V_keep_V, i32 %arg1_3_axis_in_V_strb_V, i1 0, i1 %arg1_3_axis_in_V_last_V, i1 0, i1 0, void @empty_30"   --->   Operation 22 'specaxissidechannel' 'specaxissidechannel_ln0' <Predicate = true> <Delay = 0.00>
ST_1 : Operation 23 [1/1] (0.00ns)   --->   "%specaxissidechannel_ln0 = specaxissidechannel void @_ssdm_op_SpecAXISSideChannel, i256 %arg1_2_axis_in_V_data_V, i32 %arg1_2_axis_in_V_keep_V, i32 %arg1_2_axis_in_V_strb_V, i1 0, i1 %arg1_2_axis_in_V_last_V, i1 0, i1 0, void @empty_45"   --->   Operation 23 'specaxissidechannel' 'specaxissidechannel_ln0' <Predicate = true> <Delay = 0.00>
ST_1 : Operation 24 [1/1] (0.00ns)   --->   "%specaxissidechannel_ln0 = specaxissidechannel void @_ssdm_op_SpecAXISSideChannel, i256 %arg1_1_axis_in_V_data_V, i32 %arg1_1_axis_in_V_keep_V, i32 %arg1_1_axis_in_V_strb_V, i1 0, i1 %arg1_1_axis_in_V_last_V, i1 0, i1 0, void @empty_39"   --->   Operation 24 'specaxissidechannel' 'specaxissidechannel_ln0' <Predicate = true> <Delay = 0.00>
ST_1 : Operation 25 [1/1] (0.00ns)   --->   "%specaxissidechannel_ln0 = specaxissidechannel void @_ssdm_op_SpecAXISSideChannel, i256 %arg1_0_axis_in_V_data_V, i32 %arg1_0_axis_in_V_keep_V, i32 %arg1_0_axis_in_V_strb_V, i1 0, i1 %arg1_0_axis_in_V_last_V, i1 0, i1 0, void @empty_37"   --->   Operation 25 'specaxissidechannel' 'specaxissidechannel_ln0' <Predicate = true> <Delay = 0.00>
ST_1 : Operation 26 [1/1] (0.00ns)   --->   "%specinterface_ln0 = specinterface void @_ssdm_op_SpecInterface, i256 %arg1_write_mem_redirect_strm_7, void @empty_47, i32 0, i32 0, void @empty_49, i32 0, i32 0, void @empty_49, void @empty_49, void @empty_49, i32 0, i32 0, i32 0, i32 0, void @empty_49, void @empty_49, i32 4294967295, i32 0"   --->   Operation 26 'specinterface' 'specinterface_ln0' <Predicate = true> <Delay = 0.00>
ST_1 : Operation 27 [1/1] (0.00ns)   --->   "%specinterface_ln0 = specinterface void @_ssdm_op_SpecInterface, i256 %arg1_write_mem_redirect_strm_6, void @empty_47, i32 0, i32 0, void @empty_49, i32 0, i32 0, void @empty_49, void @empty_49, void @empty_49, i32 0, i32 0, i32 0, i32 0, void @empty_49, void @empty_49, i32 4294967295, i32 0"   --->   Operation 27 'specinterface' 'specinterface_ln0' <Predicate = true> <Delay = 0.00>
ST_1 : Operation 28 [1/1] (0.00ns)   --->   "%specinterface_ln0 = specinterface void @_ssdm_op_SpecInterface, i256 %arg1_write_mem_redirect_strm_5, void @empty_47, i32 0, i32 0, void @empty_49, i32 0, i32 0, void @empty_49, void @empty_49, void @empty_49, i32 0, i32 0, i32 0, i32 0, void @empty_49, void @empty_49, i32 4294967295, i32 0"   --->   Operation 28 'specinterface' 'specinterface_ln0' <Predicate = true> <Delay = 0.00>
ST_1 : Operation 29 [1/1] (0.00ns)   --->   "%specinterface_ln0 = specinterface void @_ssdm_op_SpecInterface, i256 %arg1_write_mem_redirect_strm_4, void @empty_47, i32 0, i32 0, void @empty_49, i32 0, i32 0, void @empty_49, void @empty_49, void @empty_49, i32 0, i32 0, i32 0, i32 0, void @empty_49, void @empty_49, i32 4294967295, i32 0"   --->   Operation 29 'specinterface' 'specinterface_ln0' <Predicate = true> <Delay = 0.00>
ST_1 : Operation 30 [1/1] (0.00ns)   --->   "%specinterface_ln0 = specinterface void @_ssdm_op_SpecInterface, i256 %arg1_write_mem_redirect_strm_3, void @empty_47, i32 0, i32 0, void @empty_49, i32 0, i32 0, void @empty_49, void @empty_49, void @empty_49, i32 0, i32 0, i32 0, i32 0, void @empty_49, void @empty_49, i32 4294967295, i32 0"   --->   Operation 30 'specinterface' 'specinterface_ln0' <Predicate = true> <Delay = 0.00>
ST_1 : Operation 31 [1/1] (0.00ns)   --->   "%specinterface_ln0 = specinterface void @_ssdm_op_SpecInterface, i256 %arg1_write_mem_redirect_strm_2, void @empty_47, i32 0, i32 0, void @empty_49, i32 0, i32 0, void @empty_49, void @empty_49, void @empty_49, i32 0, i32 0, i32 0, i32 0, void @empty_49, void @empty_49, i32 4294967295, i32 0"   --->   Operation 31 'specinterface' 'specinterface_ln0' <Predicate = true> <Delay = 0.00>
ST_1 : Operation 32 [1/1] (0.00ns)   --->   "%specinterface_ln0 = specinterface void @_ssdm_op_SpecInterface, i256 %arg1_write_mem_redirect_strm_1, void @empty_47, i32 0, i32 0, void @empty_49, i32 0, i32 0, void @empty_49, void @empty_49, void @empty_49, i32 0, i32 0, i32 0, i32 0, void @empty_49, void @empty_49, i32 4294967295, i32 0"   --->   Operation 32 'specinterface' 'specinterface_ln0' <Predicate = true> <Delay = 0.00>
ST_1 : Operation 33 [1/1] (0.00ns)   --->   "%specinterface_ln0 = specinterface void @_ssdm_op_SpecInterface, i256 %arg1_write_mem_redirect_strm_0, void @empty_47, i32 0, i32 0, void @empty_49, i32 0, i32 0, void @empty_49, void @empty_49, void @empty_49, i32 0, i32 0, i32 0, i32 0, void @empty_49, void @empty_49, i32 4294967295, i32 0"   --->   Operation 33 'specinterface' 'specinterface_ln0' <Predicate = true> <Delay = 0.00>
ST_1 : Operation 34 [1/1] (0.00ns)   --->   "%specinterface_ln0 = specinterface void @_ssdm_op_SpecInterface, i256 %arg1_0_axis_in_V_data_V, i32 %arg1_0_axis_in_V_keep_V, i32 %arg1_0_axis_in_V_strb_V, i1 %arg1_0_axis_in_V_last_V, void @empty_25, i32 0, i32 0, void @empty_35, i32 0, i32 0, void @empty_49, void @empty_49, void @empty_49, i32 0, i32 0, i32 0, i32 0, void @empty_49, void @empty_49, i32 4294967295, i32 0"   --->   Operation 34 'specinterface' 'specinterface_ln0' <Predicate = true> <Delay = 0.00>
ST_1 : Operation 35 [1/1] (0.00ns)   --->   "%specinterface_ln0 = specinterface void @_ssdm_op_SpecInterface, i256 %arg1_1_axis_in_V_data_V, i32 %arg1_1_axis_in_V_keep_V, i32 %arg1_1_axis_in_V_strb_V, i1 %arg1_1_axis_in_V_last_V, void @empty_25, i32 0, i32 0, void @empty_35, i32 0, i32 0, void @empty_49, void @empty_49, void @empty_49, i32 0, i32 0, i32 0, i32 0, void @empty_49, void @empty_49, i32 4294967295, i32 0"   --->   Operation 35 'specinterface' 'specinterface_ln0' <Predicate = true> <Delay = 0.00>
ST_1 : Operation 36 [1/1] (0.00ns)   --->   "%specinterface_ln0 = specinterface void @_ssdm_op_SpecInterface, i256 %arg1_2_axis_in_V_data_V, i32 %arg1_2_axis_in_V_keep_V, i32 %arg1_2_axis_in_V_strb_V, i1 %arg1_2_axis_in_V_last_V, void @empty_25, i32 0, i32 0, void @empty_35, i32 0, i32 0, void @empty_49, void @empty_49, void @empty_49, i32 0, i32 0, i32 0, i32 0, void @empty_49, void @empty_49, i32 4294967295, i32 0"   --->   Operation 36 'specinterface' 'specinterface_ln0' <Predicate = true> <Delay = 0.00>
ST_1 : Operation 37 [1/1] (0.00ns)   --->   "%specinterface_ln0 = specinterface void @_ssdm_op_SpecInterface, i256 %arg1_3_axis_in_V_data_V, i32 %arg1_3_axis_in_V_keep_V, i32 %arg1_3_axis_in_V_strb_V, i1 %arg1_3_axis_in_V_last_V, void @empty_25, i32 0, i32 0, void @empty_35, i32 0, i32 0, void @empty_49, void @empty_49, void @empty_49, i32 0, i32 0, i32 0, i32 0, void @empty_49, void @empty_49, i32 4294967295, i32 0"   --->   Operation 37 'specinterface' 'specinterface_ln0' <Predicate = true> <Delay = 0.00>
ST_1 : Operation 38 [1/1] (0.00ns)   --->   "%specinterface_ln0 = specinterface void @_ssdm_op_SpecInterface, i256 %arg1_4_axis_in_V_data_V, i32 %arg1_4_axis_in_V_keep_V, i32 %arg1_4_axis_in_V_strb_V, i1 %arg1_4_axis_in_V_last_V, void @empty_25, i32 0, i32 0, void @empty_35, i32 0, i32 0, void @empty_49, void @empty_49, void @empty_49, i32 0, i32 0, i32 0, i32 0, void @empty_49, void @empty_49, i32 4294967295, i32 0"   --->   Operation 38 'specinterface' 'specinterface_ln0' <Predicate = true> <Delay = 0.00>
ST_1 : Operation 39 [1/1] (0.00ns)   --->   "%specinterface_ln0 = specinterface void @_ssdm_op_SpecInterface, i256 %arg1_5_axis_in_V_data_V, i32 %arg1_5_axis_in_V_keep_V, i32 %arg1_5_axis_in_V_strb_V, i1 %arg1_5_axis_in_V_last_V, void @empty_25, i32 0, i32 0, void @empty_35, i32 0, i32 0, void @empty_49, void @empty_49, void @empty_49, i32 0, i32 0, i32 0, i32 0, void @empty_49, void @empty_49, i32 4294967295, i32 0"   --->   Operation 39 'specinterface' 'specinterface_ln0' <Predicate = true> <Delay = 0.00>
ST_1 : Operation 40 [1/1] (0.00ns)   --->   "%specinterface_ln0 = specinterface void @_ssdm_op_SpecInterface, i256 %arg1_6_axis_in_V_data_V, i32 %arg1_6_axis_in_V_keep_V, i32 %arg1_6_axis_in_V_strb_V, i1 %arg1_6_axis_in_V_last_V, void @empty_25, i32 0, i32 0, void @empty_35, i32 0, i32 0, void @empty_49, void @empty_49, void @empty_49, i32 0, i32 0, i32 0, i32 0, void @empty_49, void @empty_49, i32 4294967295, i32 0"   --->   Operation 40 'specinterface' 'specinterface_ln0' <Predicate = true> <Delay = 0.00>
ST_1 : Operation 41 [1/1] (0.00ns)   --->   "%specinterface_ln0 = specinterface void @_ssdm_op_SpecInterface, i256 %arg1_7_axis_in_V_data_V, i32 %arg1_7_axis_in_V_keep_V, i32 %arg1_7_axis_in_V_strb_V, i1 %arg1_7_axis_in_V_last_V, void @empty_25, i32 0, i32 0, void @empty_35, i32 0, i32 0, void @empty_49, void @empty_49, void @empty_49, i32 0, i32 0, i32 0, i32 0, void @empty_49, void @empty_49, i32 4294967295, i32 0"   --->   Operation 41 'specinterface' 'specinterface_ln0' <Predicate = true> <Delay = 0.00>
ST_1 : Operation 42 [1/1] (0.00ns)   --->   "%config_tile_count_x_load_cast = zext i16 %p_read15"   --->   Operation 42 'zext' 'config_tile_count_x_load_cast' <Predicate = true> <Delay = 0.00>
ST_1 : Operation 43 [1/1] (0.78ns)   --->   "%sub = add i17 %config_tile_count_x_load_cast, i17 131071"   --->   Operation 43 'add' 'sub' <Predicate = true> <Delay = 0.78> <CoreInst = "Adder">   --->   Core 1 'Adder' <Latency = 0> <II = 1> <Delay = 0.78> <FuncUnit> <Opcode : 'add' 'sub'> <InPorts = 2> <OutPorts = 1>
ST_1 : Operation 44 [1/1] (0.38ns)   --->   "%store_ln6638 = store i16 0, i16 %tile_x" [/home/x_thileeb/repos/ops-hls-batching-new/OPS/ops/hls/include/device/../../L1/include/ops_hls_datamover.hpp:6638]   --->   Operation 44 'store' 'store_ln6638' <Predicate = true> <Delay = 0.38>
ST_1 : Operation 45 [1/1] (0.00ns)   --->   "%br_ln6638 = br void %for.body" [/home/x_thileeb/repos/ops-hls-batching-new/OPS/ops/hls/include/device/../../L1/include/ops_hls_datamover.hpp:6638]   --->   Operation 45 'br' 'br_ln6638' <Predicate = true> <Delay = 0.00>

State 2 <SV = 1> <Delay = 2.18>
ST_2 : Operation 46 [1/1] (0.00ns)   --->   "%tile_x_12 = load i16 %tile_x" [/home/x_thileeb/repos/ops-hls-batching-new/OPS/ops/hls/include/device/../../L1/include/ops_hls_datamover.hpp:6638]   --->   Operation 46 'load' 'tile_x_12' <Predicate = true> <Delay = 0.00>
ST_2 : Operation 47 [1/1] (0.00ns)   --->   "%zext_ln6638 = zext i16 %tile_x_12" [/home/x_thileeb/repos/ops-hls-batching-new/OPS/ops/hls/include/device/../../L1/include/ops_hls_datamover.hpp:6638]   --->   Operation 47 'zext' 'zext_ln6638' <Predicate = true> <Delay = 0.00>
ST_2 : Operation 48 [1/1] (0.67ns)   --->   "%icmp_ln6638 = icmp_eq  i16 %tile_x_12, i16 %p_read15" [/home/x_thileeb/repos/ops-hls-batching-new/OPS/ops/hls/include/device/../../L1/include/ops_hls_datamover.hpp:6638]   --->   Operation 48 'icmp' 'icmp_ln6638' <Predicate = true> <Delay = 0.67> <CoreInst = "Cmp">   --->   Core 9 'Cmp' <Latency = 0> <II = 1> <Delay = 0.67> <FuncUnit> <Opcode : 'icmp'> <InPorts = 2> <OutPorts = 1>
ST_2 : Operation 49 [1/1] (0.78ns)   --->   "%add_ln6638 = add i16 %tile_x_12, i16 1" [/home/x_thileeb/repos/ops-hls-batching-new/OPS/ops/hls/include/device/../../L1/include/ops_hls_datamover.hpp:6638]   --->   Operation 49 'add' 'add_ln6638' <Predicate = true> <Delay = 0.78> <CoreInst = "Adder">   --->   Core 1 'Adder' <Latency = 0> <II = 1> <Delay = 0.78> <FuncUnit> <Opcode : 'add' 'sub'> <InPorts = 2> <OutPorts = 1>
ST_2 : Operation 50 [1/1] (0.00ns)   --->   "%br_ln6638 = br i1 %icmp_ln6638, void %for.body.split, void %for.end57.loopexit" [/home/x_thileeb/repos/ops-hls-batching-new/OPS/ops/hls/include/device/../../L1/include/ops_hls_datamover.hpp:6638]   --->   Operation 50 'br' 'br_ln6638' <Predicate = true> <Delay = 0.00>
ST_2 : Operation 51 [1/1] (0.00ns)   --->   "%speclooptripcount_ln6640 = speclooptripcount void @_ssdm_op_SpecLoopTripCount, i64 1, i64 64, i64 32" [/home/x_thileeb/repos/ops-hls-batching-new/OPS/ops/hls/include/device/../../L1/include/ops_hls_datamover.hpp:6640]   --->   Operation 51 'speclooptripcount' 'speclooptripcount_ln6640' <Predicate = (!icmp_ln6638)> <Delay = 0.00>
ST_2 : Operation 52 [1/1] (0.00ns)   --->   "%specloopname_ln6638 = specloopname void @_ssdm_op_SpecLoopName, void @empty_28" [/home/x_thileeb/repos/ops-hls-batching-new/OPS/ops/hls/include/device/../../L1/include/ops_hls_datamover.hpp:6638]   --->   Operation 52 'specloopname' 'specloopname_ln6638' <Predicate = (!icmp_ln6638)> <Delay = 0.00>
ST_2 : Operation 53 [1/1] (0.68ns)   --->   "%icmp_ln6642 = icmp_eq  i17 %sub, i17 %zext_ln6638" [/home/x_thileeb/repos/ops-hls-batching-new/OPS/ops/hls/include/device/../../L1/include/ops_hls_datamover.hpp:6642]   --->   Operation 53 'icmp' 'icmp_ln6642' <Predicate = (!icmp_ln6638)> <Delay = 0.68> <CoreInst = "Cmp">   --->   Core 9 'Cmp' <Latency = 0> <II = 1> <Delay = 0.68> <FuncUnit> <Opcode : 'icmp'> <InPorts = 2> <OutPorts = 1>
ST_2 : Operation 54 [1/1] (0.24ns)   --->   "%tile_size_x = select i1 %icmp_ln6642, i16 %p_read37, i16 %p_read26" [/home/x_thileeb/repos/ops-hls-batching-new/OPS/ops/hls/include/device/../../L1/include/ops_hls_datamover.hpp:6642]   --->   Operation 54 'select' 'tile_size_x' <Predicate = (!icmp_ln6638)> <Delay = 0.24> <CoreInst = "Sel">   --->   Core 73 'Sel' <Latency = 0> <II = 1> <Delay = 0.24> <FuncUnit> <Opcode : 'select'> <InPorts = 3> <OutPorts = 1>
ST_2 : Operation 55 [1/1] (0.00ns)   --->   "%rem_x = trunc i16 %tile_size_x" [/home/x_thileeb/repos/ops-hls-batching-new/OPS/ops/hls/include/device/../../L1/include/ops_hls_datamover.hpp:6642]   --->   Operation 55 'trunc' 'rem_x' <Predicate = (!icmp_ln6638)> <Delay = 0.00>
ST_2 : Operation 56 [1/1] (0.00ns)   --->   "%trunc_ln = partselect i13 @_ssdm_op_PartSelect.i13.i16.i32.i32, i16 %tile_size_x, i32 3, i32 15" [/home/x_thileeb/repos/ops-hls-batching-new/OPS/ops/hls/include/device/../../L1/include/ops_hls_datamover.hpp:6646]   --->   Operation 56 'partselect' 'trunc_ln' <Predicate = (!icmp_ln6638)> <Delay = 0.00>
ST_2 : Operation 57 [1/1] (0.00ns)   --->   "%zext_ln6646 = zext i13 %trunc_ln" [/home/x_thileeb/repos/ops-hls-batching-new/OPS/ops/hls/include/device/../../L1/include/ops_hls_datamover.hpp:6646]   --->   Operation 57 'zext' 'zext_ln6646' <Predicate = (!icmp_ln6638)> <Delay = 0.00>
ST_2 : Operation 58 [1/1] (0.49ns)   --->   "%icmp_ln6648 = icmp_ne  i3 %rem_x, i3 0" [/home/x_thileeb/repos/ops-hls-batching-new/OPS/ops/hls/include/device/../../L1/include/ops_hls_datamover.hpp:6648]   --->   Operation 58 'icmp' 'icmp_ln6648' <Predicate = (!icmp_ln6638)> <Delay = 0.49> <CoreInst = "Cmp">   --->   Core 9 'Cmp' <Latency = 0> <II = 1> <Delay = 0.49> <FuncUnit> <Opcode : 'icmp'> <InPorts = 2> <OutPorts = 1>
ST_2 : Operation 59 [1/1] (0.00ns)   --->   "%zext_ln6648 = zext i1 %icmp_ln6648" [/home/x_thileeb/repos/ops-hls-batching-new/OPS/ops/hls/include/device/../../L1/include/ops_hls_datamover.hpp:6648]   --->   Operation 59 'zext' 'zext_ln6648' <Predicate = (!icmp_ln6638)> <Delay = 0.00>
ST_2 : Operation 60 [1/1] (0.75ns)   --->   "%max_x = add i14 %zext_ln6646, i14 %zext_ln6648" [/home/x_thileeb/repos/ops-hls-batching-new/OPS/ops/hls/include/device/../../L1/include/ops_hls_datamover.hpp:6648]   --->   Operation 60 'add' 'max_x' <Predicate = (!icmp_ln6638)> <Delay = 0.75> <CoreInst = "Adder">   --->   Core 1 'Adder' <Latency = 0> <II = 1> <Delay = 0.75> <FuncUnit> <Opcode : 'add' 'sub'> <InPorts = 2> <OutPorts = 1>
ST_2 : Operation 61 [1/1] (0.38ns)   --->   "%br_ln6657 = br void %beat_loop" [/home/x_thileeb/repos/ops-hls-batching-new/OPS/ops/hls/include/device/../../L1/include/ops_hls_datamover.hpp:6657]   --->   Operation 61 'br' 'br_ln6657' <Predicate = (!icmp_ln6638)> <Delay = 0.38>
ST_2 : Operation 62 [1/1] (0.00ns)   --->   "%ret_ln6695 = ret" [/home/x_thileeb/repos/ops-hls-batching-new/OPS/ops/hls/include/device/../../L1/include/ops_hls_datamover.hpp:6695]   --->   Operation 62 'ret' 'ret_ln6695' <Predicate = (icmp_ln6638)> <Delay = 0.00>

State 3 <SV = 2> <Delay = 1.71>
ST_3 : Operation 63 [1/1] (0.00ns)   --->   "%row = phi i16 0, void %for.body.split, i16 %row_4, void %beat_loop.split"   --->   Operation 63 'phi' 'row' <Predicate = true> <Delay = 0.00>
ST_3 : Operation 64 [1/1] (0.67ns)   --->   "%icmp_ln6657 = icmp_eq  i16 %row, i16 %p_read_47" [/home/x_thileeb/repos/ops-hls-batching-new/OPS/ops/hls/include/device/../../L1/include/ops_hls_datamover.hpp:6657]   --->   Operation 64 'icmp' 'icmp_ln6657' <Predicate = true> <Delay = 0.67> <CoreInst = "Cmp">   --->   Core 9 'Cmp' <Latency = 0> <II = 1> <Delay = 0.67> <FuncUnit> <Opcode : 'icmp'> <InPorts = 2> <OutPorts = 1>
ST_3 : Operation 65 [1/1] (0.78ns)   --->   "%row_4 = add i16 %row, i16 1" [/home/x_thileeb/repos/ops-hls-batching-new/OPS/ops/hls/include/device/../../L1/include/ops_hls_datamover.hpp:6657]   --->   Operation 65 'add' 'row_4' <Predicate = true> <Delay = 0.78> <CoreInst = "Adder">   --->   Core 1 'Adder' <Latency = 0> <II = 1> <Delay = 0.78> <FuncUnit> <Opcode : 'add' 'sub'> <InPorts = 2> <OutPorts = 1>
ST_3 : Operation 66 [1/1] (0.00ns)   --->   "%br_ln6657 = br i1 %icmp_ln6657, void %beat_loop.split, void %for.inc55.loopexit" [/home/x_thileeb/repos/ops-hls-batching-new/OPS/ops/hls/include/device/../../L1/include/ops_hls_datamover.hpp:6657]   --->   Operation 66 'br' 'br_ln6657' <Predicate = true> <Delay = 0.00>
ST_3 : Operation 67 [1/1] (0.00ns)   --->   "%empty = wait i32 @_ssdm_op_Wait"   --->   Operation 67 'wait' 'empty' <Predicate = (!icmp_ln6657)> <Delay = 0.00>
ST_3 : Operation 68 [2/2] (1.03ns)   --->   "%call_ln6648 = call void @axis2streamTileStepup2D_Pipeline_beat_loop, i14 %max_x, i256 %arg1_0_axis_in_V_data_V, i32 %arg1_0_axis_in_V_keep_V, i32 %arg1_0_axis_in_V_strb_V, i1 %arg1_0_axis_in_V_last_V, i256 %arg1_1_axis_in_V_data_V, i32 %arg1_1_axis_in_V_keep_V, i32 %arg1_1_axis_in_V_strb_V, i1 %arg1_1_axis_in_V_last_V, i256 %arg1_2_axis_in_V_data_V, i32 %arg1_2_axis_in_V_keep_V, i32 %arg1_2_axis_in_V_strb_V, i1 %arg1_2_axis_in_V_last_V, i256 %arg1_3_axis_in_V_data_V, i32 %arg1_3_axis_in_V_keep_V, i32 %arg1_3_axis_in_V_strb_V, i1 %arg1_3_axis_in_V_last_V, i256 %arg1_4_axis_in_V_data_V, i32 %arg1_4_axis_in_V_keep_V, i32 %arg1_4_axis_in_V_strb_V, i1 %arg1_4_axis_in_V_last_V, i256 %arg1_5_axis_in_V_data_V, i32 %arg1_5_axis_in_V_keep_V, i32 %arg1_5_axis_in_V_strb_V, i1 %arg1_5_axis_in_V_last_V, i256 %arg1_6_axis_in_V_data_V, i32 %arg1_6_axis_in_V_keep_V, i32 %arg1_6_axis_in_V_strb_V, i1 %arg1_6_axis_in_V_last_V, i256 %arg1_7_axis_in_V_data_V, i32 %arg1_7_axis_in_V_keep_V, i32 %arg1_7_axis_in_V_strb_V, i1 %arg1_7_axis_in_V_last_V, i256 %arg1_write_mem_redirect_strm_0, i256 %arg1_write_mem_redirect_strm_1, i256 %arg1_write_mem_redirect_strm_2, i256 %arg1_write_mem_redirect_strm_3, i256 %arg1_write_mem_redirect_strm_4, i256 %arg1_write_mem_redirect_strm_5, i256 %arg1_write_mem_redirect_strm_6, i256 %arg1_write_mem_redirect_strm_7" [/home/x_thileeb/repos/ops-hls-batching-new/OPS/ops/hls/include/device/../../L1/include/ops_hls_datamover.hpp:6648]   --->   Operation 68 'call' 'call_ln6648' <Predicate = (!icmp_ln6657)> <Delay = 1.03> <CoreType = "Generic">   --->   Core 0 '' <Latency = 0> <II = 1> <Delay = 1.00> <Generic> <Opcode : >
ST_3 : Operation 69 [1/1] (0.38ns)   --->   "%store_ln6638 = store i16 %add_ln6638, i16 %tile_x" [/home/x_thileeb/repos/ops-hls-batching-new/OPS/ops/hls/include/device/../../L1/include/ops_hls_datamover.hpp:6638]   --->   Operation 69 'store' 'store_ln6638' <Predicate = (icmp_ln6657)> <Delay = 0.38>
ST_3 : Operation 70 [1/1] (0.00ns)   --->   "%br_ln6638 = br void %for.body" [/home/x_thileeb/repos/ops-hls-batching-new/OPS/ops/hls/include/device/../../L1/include/ops_hls_datamover.hpp:6638]   --->   Operation 70 'br' 'br_ln6638' <Predicate = (icmp_ln6657)> <Delay = 0.00>

State 4 <SV = 3> <Delay = 0.00>
ST_4 : Operation 71 [1/1] (0.00ns)   --->   "%speclooptripcount_ln6659 = speclooptripcount void @_ssdm_op_SpecLoopTripCount, i64 1, i64 4096, i64 2048" [/home/x_thileeb/repos/ops-hls-batching-new/OPS/ops/hls/include/device/../../L1/include/ops_hls_datamover.hpp:6659]   --->   Operation 71 'speclooptripcount' 'speclooptripcount_ln6659' <Predicate = true> <Delay = 0.00>
ST_4 : Operation 72 [1/1] (0.00ns)   --->   "%specloopname_ln6657 = specloopname void @_ssdm_op_SpecLoopName, void @empty_7" [/home/x_thileeb/repos/ops-hls-batching-new/OPS/ops/hls/include/device/../../L1/include/ops_hls_datamover.hpp:6657]   --->   Operation 72 'specloopname' 'specloopname_ln6657' <Predicate = true> <Delay = 0.00>
ST_4 : Operation 73 [1/2] (0.00ns)   --->   "%call_ln6648 = call void @axis2streamTileStepup2D_Pipeline_beat_loop, i14 %max_x, i256 %arg1_0_axis_in_V_data_V, i32 %arg1_0_axis_in_V_keep_V, i32 %arg1_0_axis_in_V_strb_V, i1 %arg1_0_axis_in_V_last_V, i256 %arg1_1_axis_in_V_data_V, i32 %arg1_1_axis_in_V_keep_V, i32 %arg1_1_axis_in_V_strb_V, i1 %arg1_1_axis_in_V_last_V, i256 %arg1_2_axis_in_V_data_V, i32 %arg1_2_axis_in_V_keep_V, i32 %arg1_2_axis_in_V_strb_V, i1 %arg1_2_axis_in_V_last_V, i256 %arg1_3_axis_in_V_data_V, i32 %arg1_3_axis_in_V_keep_V, i32 %arg1_3_axis_in_V_strb_V, i1 %arg1_3_axis_in_V_last_V, i256 %arg1_4_axis_in_V_data_V, i32 %arg1_4_axis_in_V_keep_V, i32 %arg1_4_axis_in_V_strb_V, i1 %arg1_4_axis_in_V_last_V, i256 %arg1_5_axis_in_V_data_V, i32 %arg1_5_axis_in_V_keep_V, i32 %arg1_5_axis_in_V_strb_V, i1 %arg1_5_axis_in_V_last_V, i256 %arg1_6_axis_in_V_data_V, i32 %arg1_6_axis_in_V_keep_V, i32 %arg1_6_axis_in_V_strb_V, i1 %arg1_6_axis_in_V_last_V, i256 %arg1_7_axis_in_V_data_V, i32 %arg1_7_axis_in_V_keep_V, i32 %arg1_7_axis_in_V_strb_V, i1 %arg1_7_axis_in_V_last_V, i256 %arg1_write_mem_redirect_strm_0, i256 %arg1_write_mem_redirect_strm_1, i256 %arg1_write_mem_redirect_strm_2, i256 %arg1_write_mem_redirect_strm_3, i256 %arg1_write_mem_redirect_strm_4, i256 %arg1_write_mem_redirect_strm_5, i256 %arg1_write_mem_redirect_strm_6, i256 %arg1_write_mem_redirect_strm_7" [/home/x_thileeb/repos/ops-hls-batching-new/OPS/ops/hls/include/device/../../L1/include/ops_hls_datamover.hpp:6648]   --->   Operation 73 'call' 'call_ln6648' <Predicate = true> <Delay = 0.00> <CoreType = "Generic">   --->   Core 0 '' <Latency = 0> <II = 1> <Delay = 1.00> <Generic> <Opcode : >
ST_4 : Operation 74 [1/1] (0.00ns)   --->   "%br_ln6657 = br void %beat_loop" [/home/x_thileeb/repos/ops-hls-batching-new/OPS/ops/hls/include/device/../../L1/include/ops_hls_datamover.hpp:6657]   --->   Operation 74 'br' 'br_ln6657' <Predicate = true> <Delay = 0.00>


============================================================
+ Verbose Summary: Timing violations
============================================================
Target clock period: 3.33ns, clock uncertainty: 0.9ns.

 <State 1>: 1.22ns
The critical path consists of the following:
	wire read operation ('p_read37') on port 'p_read3' [51]  (0 ns)
	fifo write operation ('write_ln0') on port 'memconfig_last_tile_size_x_c100' [55]  (1.22 ns)

 <State 2>: 2.18ns
The critical path consists of the following:
	'load' operation ('tile_x', /home/x_thileeb/repos/ops-hls-batching-new/OPS/ops/hls/include/device/../../L1/include/ops_hls_datamover.hpp:6638) on local variable 'tile_x' [91]  (0 ns)
	'icmp' operation ('icmp_ln6642', /home/x_thileeb/repos/ops-hls-batching-new/OPS/ops/hls/include/device/../../L1/include/ops_hls_datamover.hpp:6642) [99]  (0.687 ns)
	'select' operation ('tile_size_x', /home/x_thileeb/repos/ops-hls-batching-new/OPS/ops/hls/include/device/../../L1/include/ops_hls_datamover.hpp:6642) [100]  (0.243 ns)
	'icmp' operation ('icmp_ln6648', /home/x_thileeb/repos/ops-hls-batching-new/OPS/ops/hls/include/device/../../L1/include/ops_hls_datamover.hpp:6648) [104]  (0.5 ns)
	'add' operation ('max_x', /home/x_thileeb/repos/ops-hls-batching-new/OPS/ops/hls/include/device/../../L1/include/ops_hls_datamover.hpp:6648) [106]  (0.755 ns)

 <State 3>: 1.72ns
The critical path consists of the following:
	'call' operation ('call_ln6648', /home/x_thileeb/repos/ops-hls-batching-new/OPS/ops/hls/include/device/../../L1/include/ops_hls_datamover.hpp:6648) to 'axis2streamTileStepup2D_Pipeline_beat_loop' [117]  (1.04 ns)
	blocking operation 0.676 ns on control path)

 <State 4>: 0ns
The critical path consists of the following:


============================================================
+ Verbose Summary: Binding
============================================================
N/A
* FSMD analyzer results:
  - Output states:
 - Input state : 
  - Chain level:
	State 1
	State 2
	State 3
	State 4


============================================================
+ Verbose Summary: Datapath Resource usage 
============================================================
N/A
