

================================================================
== Vitis HLS Report for 'axis2streamTileStepup2D_Pipeline_beat_loop'
================================================================
* Date:           Thu Aug 13 05:31:07 2026

* Version:        2022.2 (Build 3670227 on Oct 13 2022)
* Project:        datamover_outerloop_0
* Solution:       solution (Vitis Kernel Flow Target)
* Product family: virtexuplus
* Target device:  xcu280-fsvh2892-2L-e


================================================================
== Performance Estimates
================================================================
+ Timing: 
    * Summary: 
    +--------+---------+----------+------------+
    |  Clock |  Target | Estimated| Uncertainty|
    +--------+---------+----------+------------+
    |ap_clk  |  3.33 ns|  1.217 ns|     0.90 ns|
    +--------+---------+----------+------------+

+ Latency: 
    * Summary: 
    +---------+---------+----------+----------+-----+------+---------+
    |  Latency (cycles) |  Latency (absolute) |  Interval  | Pipeline|
    |   min   |   max   |    min   |    max   | min |  max |   Type  |
    +---------+---------+----------+----------+-----+------+---------+
    |        3|     1026|  9.999 ns|  3.420 us|    3|  1026|       no|
    +---------+---------+----------+----------+-----+------+---------+

    + Detail: 
        * Instance: 
        N/A

        * Loop: 
        +-------------+---------+---------+----------+-----------+-----------+----------+----------+
        |             |  Latency (cycles) | Iteration|  Initiation Interval  |   Trip   |          |
        |  Loop Name  |   min   |   max   |  Latency |  achieved |   target  |   Count  | Pipelined|
        +-------------+---------+---------+----------+-----------+-----------+----------+----------+
        |- beat_loop  |        1|     1024|         2|          1|          1|  1 ~ 1024|       yes|
        +-------------+---------+---------+----------+-----------+-----------+----------+----------+

============================================================
+ Verbose Summary: Synthesis Manager
============================================================
InlineROM: 1
ExposeGlobal: 0
============================================================
+ Verbose Summary: CDFG Model
============================================================
IsTopModel: 0
ResetActiveHigh: 1
IsCombinational: 0
IsDatapathOnly: 0
HasWiredReturn: 1
HasMFsm: 2
HasVarLatency: 1
IsPipeline: 0
IsRtlPipelined: 0
IsInstanceOverlapped: 0
IsDontTouch: 0
HasImplIP: 0
IsGatedGlobalClock: 0

+ Individual pipeline summary: 
  * Pipeline-0: initiation interval (II) = 1, depth = 2


============================================================
+ Verbose Summary: Schedule
============================================================
* Number of FSM states : 2
* Pipeline : 1
  Pipeline-0 : II = 1, D = 2, States = { 1 2 }
* Dataflow Pipeline: 0

* FSM state transitions: 
1 --> 2 
2 --> 

* FSM state operations: 

State 1 <SV = 0> <Delay = 1.15>
ST_1 : Operation 5 [1/1] (0.00ns)   --->   "%x = alloca i32 1"   --->   Operation 5 'alloca' 'x' <Predicate = true> <Delay = 0.00>
ST_1 : Operation 6 [1/1] (0.00ns)   --->   "%specaxissidechannel_ln0 = specaxissidechannel void @_ssdm_op_SpecAXISSideChannel, i256 %arg1_7_axis_in_V_data_V, i32 %arg1_7_axis_in_V_keep_V, i32 %arg1_7_axis_in_V_strb_V, i1 0, i1 %arg1_7_axis_in_V_last_V, i1 0, i1 0, void @empty_24"   --->   Operation 6 'specaxissidechannel' 'specaxissidechannel_ln0' <Predicate = true> <Delay = 0.00>
ST_1 : Operation 7 [1/1] (0.00ns)   --->   "%specaxissidechannel_ln0 = specaxissidechannel void @_ssdm_op_SpecAXISSideChannel, i256 %arg1_6_axis_in_V_data_V, i32 %arg1_6_axis_in_V_keep_V, i32 %arg1_6_axis_in_V_strb_V, i1 0, i1 %arg1_6_axis_in_V_last_V, i1 0, i1 0, void @empty_22"   --->   Operation 7 'specaxissidechannel' 'specaxissidechannel_ln0' <Predicate = true> <Delay = 0.00>
ST_1 : Operation 8 [1/1] (0.00ns)   --->   "%specaxissidechannel_ln0 = specaxissidechannel void @_ssdm_op_SpecAXISSideChannel, i256 %arg1_5_axis_in_V_data_V, i32 %arg1_5_axis_in_V_keep_V, i32 %arg1_5_axis_in_V_strb_V, i1 0, i1 %arg1_5_axis_in_V_last_V, i1 0, i1 0, void @empty_32"   --->   Operation 8 'specaxissidechannel' 'specaxissidechannel_ln0' <Predicate = true> <Delay = 0.00>
ST_1 : Operation 9 [1/1] (0.00ns)   --->   "%specaxissidechannel_ln0 = specaxissidechannel void @_ssdm_op_SpecAXISSideChannel, i256 %arg1_4_axis_in_V_data_V, i32 %arg1_4_axis_in_V_keep_V, i32 %arg1_4_axis_in_V_strb_V, i1 0, i1 %arg1_4_axis_in_V_last_V, i1 0, i1 0, void @empty_21"   --->   Operation 9 'specaxissidechannel' 'specaxissidechannel_ln0' <Predicate = true> <Delay = 0.00>
ST_1 : Operation 10 [1/1] (0.00ns)   --->   "%specaxissidechannel_ln0 = specaxissidechannel void @_ssdm_op_SpecAXISSideChannel, i256 %arg1_3_axis_in_V_data_V, i32 %arg1_3_axis_in_V_keep_V, i32 %arg1_3_axis_in_V_strb_V, i1 0, i1 %arg1_3_axis_in_V_last_V, i1 0, i1 0, void @empty_30"   --->   Operation 10 'specaxissidechannel' 'specaxissidechannel_ln0' <Predicate = true> <Delay = 0.00>
ST_1 : Operation 11 [1/1] (0.00ns)   --->   "%specaxissidechannel_ln0 = specaxissidechannel void @_ssdm_op_SpecAXISSideChannel, i256 %arg1_2_axis_in_V_data_V, i32 %arg1_2_axis_in_V_keep_V, i32 %arg1_2_axis_in_V_strb_V, i1 0, i1 %arg1_2_axis_in_V_last_V, i1 0, i1 0, void @empty_45"   --->   Operation 11 'specaxissidechannel' 'specaxissidechannel_ln0' <Predicate = true> <Delay = 0.00>
ST_1 : Operation 12 [1/1] (0.00ns)   --->   "%specaxissidechannel_ln0 = specaxissidechannel void @_ssdm_op_SpecAXISSideChannel, i256 %arg1_1_axis_in_V_data_V, i32 %arg1_1_axis_in_V_keep_V, i32 %arg1_1_axis_in_V_strb_V, i1 0, i1 %arg1_1_axis_in_V_last_V, i1 0, i1 0, void @empty_39"   --->   Operation 12 'specaxissidechannel' 'specaxissidechannel_ln0' <Predicate = true> <Delay = 0.00>
ST_1 : Operation 13 [1/1] (0.00ns)   --->   "%specaxissidechannel_ln0 = specaxissidechannel void @_ssdm_op_SpecAXISSideChannel, i256 %arg1_0_axis_in_V_data_V, i32 %arg1_0_axis_in_V_keep_V, i32 %arg1_0_axis_in_V_strb_V, i1 0, i1 %arg1_0_axis_in_V_last_V, i1 0, i1 0, void @empty_37"   --->   Operation 13 'specaxissidechannel' 'specaxissidechannel_ln0' <Predicate = true> <Delay = 0.00>
ST_1 : Operation 14 [1/1] (0.00ns)   --->   "%specinterface_ln0 = specinterface void @_ssdm_op_SpecInterface, i1 %arg1_7_axis_in_V_last_V, i32 %arg1_7_axis_in_V_strb_V, i32 %arg1_7_axis_in_V_keep_V, i256 %arg1_7_axis_in_V_data_V, void @empty_25, i32 0, i32 0, void @empty_35, i32 0, i32 0, void @empty_49, void @empty_49, void @empty_49, i32 0, i32 0, i32 0, i32 0, void @empty_49, void @empty_49, i32 4294967295, i32 0"   --->   Operation 14 'specinterface' 'specinterface_ln0' <Predicate = true> <Delay = 0.00>
ST_1 : Operation 15 [1/1] (0.00ns)   --->   "%specinterface_ln0 = specinterface void @_ssdm_op_SpecInterface, i1 %arg1_6_axis_in_V_last_V, i32 %arg1_6_axis_in_V_strb_V, i32 %arg1_6_axis_in_V_keep_V, i256 %arg1_6_axis_in_V_data_V, void @empty_25, i32 0, i32 0, void @empty_35, i32 0, i32 0, void @empty_49, void @empty_49, void @empty_49, i32 0, i32 0, i32 0, i32 0, void @empty_49, void @empty_49, i32 4294967295, i32 0"   --->   Operation 15 'specinterface' 'specinterface_ln0' <Predicate = true> <Delay = 0.00>
ST_1 : Operation 16 [1/1] (0.00ns)   --->   "%specinterface_ln0 = specinterface void @_ssdm_op_SpecInterface, i1 %arg1_5_axis_in_V_last_V, i32 %arg1_5_axis_in_V_strb_V, i32 %arg1_5_axis_in_V_keep_V, i256 %arg1_5_axis_in_V_data_V, void @empty_25, i32 0, i32 0, void @empty_35, i32 0, i32 0, void @empty_49, void @empty_49, void @empty_49, i32 0, i32 0, i32 0, i32 0, void @empty_49, void @empty_49, i32 4294967295, i32 0"   --->   Operation 16 'specinterface' 'specinterface_ln0' <Predicate = true> <Delay = 0.00>
ST_1 : Operation 17 [1/1] (0.00ns)   --->   "%specinterface_ln0 = specinterface void @_ssdm_op_SpecInterface, i1 %arg1_4_axis_in_V_last_V, i32 %arg1_4_axis_in_V_strb_V, i32 %arg1_4_axis_in_V_keep_V, i256 %arg1_4_axis_in_V_data_V, void @empty_25, i32 0, i32 0, void @empty_35, i32 0, i32 0, void @empty_49, void @empty_49, void @empty_49, i32 0, i32 0, i32 0, i32 0, void @empty_49, void @empty_49, i32 4294967295, i32 0"   --->   Operation 17 'specinterface' 'specinterface_ln0' <Predicate = true> <Delay = 0.00>
ST_1 : Operation 18 [1/1] (0.00ns)   --->   "%specinterface_ln0 = specinterface void @_ssdm_op_SpecInterface, i1 %arg1_3_axis_in_V_last_V, i32 %arg1_3_axis_in_V_strb_V, i32 %arg1_3_axis_in_V_keep_V, i256 %arg1_3_axis_in_V_data_V, void @empty_25, i32 0, i32 0, void @empty_35, i32 0, i32 0, void @empty_49, void @empty_49, void @empty_49, i32 0, i32 0, i32 0, i32 0, void @empty_49, void @empty_49, i32 4294967295, i32 0"   --->   Operation 18 'specinterface' 'specinterface_ln0' <Predicate = true> <Delay = 0.00>
ST_1 : Operation 19 [1/1] (0.00ns)   --->   "%specinterface_ln0 = specinterface void @_ssdm_op_SpecInterface, i1 %arg1_2_axis_in_V_last_V, i32 %arg1_2_axis_in_V_strb_V, i32 %arg1_2_axis_in_V_keep_V, i256 %arg1_2_axis_in_V_data_V, void @empty_25, i32 0, i32 0, void @empty_35, i32 0, i32 0, void @empty_49, void @empty_49, void @empty_49, i32 0, i32 0, i32 0, i32 0, void @empty_49, void @empty_49, i32 4294967295, i32 0"   --->   Operation 19 'specinterface' 'specinterface_ln0' <Predicate = true> <Delay = 0.00>
ST_1 : Operation 20 [1/1] (0.00ns)   --->   "%specinterface_ln0 = specinterface void @_ssdm_op_SpecInterface, i1 %arg1_1_axis_in_V_last_V, i32 %arg1_1_axis_in_V_strb_V, i32 %arg1_1_axis_in_V_keep_V, i256 %arg1_1_axis_in_V_data_V, void @empty_25, i32 0, i32 0, void @empty_35, i32 0, i32 0, void @empty_49, void @empty_49, void @empty_49, i32 0, i32 0, i32 0, i32 0, void @empty_49, void @empty_49, i32 4294967295, i32 0"   --->   Operation 20 'specinterface' 'specinterface_ln0' <Predicate = true> <Delay = 0.00>
ST_1 : Operation 21 [1/1] (0.00ns)   --->   "%specinterface_ln0 = specinterface void @_ssdm_op_SpecInterface, i1 %arg1_0_axis_in_V_last_V, i32 %arg1_0_axis_in_V_strb_V, i32 %arg1_0_axis_in_V_keep_V, i256 %arg1_0_axis_in_V_data_V, void @empty_25, i32 0, i32 0, void @empty_35, i32 0, i32 0, void @empty_49, void @empty_49, void @empty_49, i32 0, i32 0, i32 0, i32 0, void @empty_49, void @empty_49, i32 4294967295, i32 0"   --->   Operation 21 'specinterface' 'specinterface_ln0' <Predicate = true> <Delay = 0.00>
ST_1 : Operation 22 [1/1] (0.00ns)   --->   "%specinterface_ln0 = specinterface void @_ssdm_op_SpecInterface, i256 %arg1_write_mem_redirect_strm_0, void @empty_47, i32 0, i32 0, void @empty_49, i32 0, i32 0, void @empty_49, void @empty_49, void @empty_49, i32 0, i32 0, i32 0, i32 0, void @empty_49, void @empty_49, i32 4294967295, i32 0"   --->   Operation 22 'specinterface' 'specinterface_ln0' <Predicate = true> <Delay = 0.00>
ST_1 : Operation 23 [1/1] (0.00ns)   --->   "%specinterface_ln0 = specinterface void @_ssdm_op_SpecInterface, i256 %arg1_write_mem_redirect_strm_1, void @empty_47, i32 0, i32 0, void @empty_49, i32 0, i32 0, void @empty_49, void @empty_49, void @empty_49, i32 0, i32 0, i32 0, i32 0, void @empty_49, void @empty_49, i32 4294967295, i32 0"   --->   Operation 23 'specinterface' 'specinterface_ln0' <Predicate = true> <Delay = 0.00>
ST_1 : Operation 24 [1/1] (0.00ns)   --->   "%specinterface_ln0 = specinterface void @_ssdm_op_SpecInterface, i256 %arg1_write_mem_redirect_strm_2, void @empty_47, i32 0, i32 0, void @empty_49, i32 0, i32 0, void @empty_49, void @empty_49, void @empty_49, i32 0, i32 0, i32 0, i32 0, void @empty_49, void @empty_49, i32 4294967295, i32 0"   --->   Operation 24 'specinterface' 'specinterface_ln0' <Predicate = true> <Delay = 0.00>
ST_1 : Operation 25 [1/1] (0.00ns)   --->   "%specinterface_ln0 = specinterface void @_ssdm_op_SpecInterface, i256 %arg1_write_mem_redirect_strm_3, void @empty_47, i32 0, i32 0, void @empty_49, i32 0, i32 0, void @empty_49, void @empty_49, void @empty_49, i32 0, i32 0, i32 0, i32 0, void @empty_49, void @empty_49, i32 4294967295, i32 0"   --->   Operation 25 'specinterface' 'specinterface_ln0' <Predicate = true> <Delay = 0.00>
ST_1 : Operation 26 [1/1] (0.00ns)   --->   "%specinterface_ln0 = specinterface void @_ssdm_op_SpecInterface, i256 %arg1_write_mem_redirect_strm_4, void @empty_47, i32 0, i32 0, void @empty_49, i32 0, i32 0, void @empty_49, void @empty_49, void @empty_49, i32 0, i32 0, i32 0, i32 0, void @empty_49, void @empty_49, i32 4294967295, i32 0"   --->   Operation 26 'specinterface' 'specinterface_ln0' <Predicate = true> <Delay = 0.00>
ST_1 : Operation 27 [1/1] (0.00ns)   --->   "%specinterface_ln0 = specinterface void @_ssdm_op_SpecInterface, i256 %arg1_write_mem_redirect_strm_5, void @empty_47, i32 0, i32 0, void @empty_49, i32 0, i32 0, void @empty_49, void @empty_49, void @empty_49, i32 0, i32 0, i32 0, i32 0, void @empty_49, void @empty_49, i32 4294967295, i32 0"   --->   Operation 27 'specinterface' 'specinterface_ln0' <Predicate = true> <Delay = 0.00>
ST_1 : Operation 28 [1/1] (0.00ns)   --->   "%specinterface_ln0 = specinterface void @_ssdm_op_SpecInterface, i256 %arg1_write_mem_redirect_strm_6, void @empty_47, i32 0, i32 0, void @empty_49, i32 0, i32 0, void @empty_49, void @empty_49, void @empty_49, i32 0, i32 0, i32 0, i32 0, void @empty_49, void @empty_49, i32 4294967295, i32 0"   --->   Operation 28 'specinterface' 'specinterface_ln0' <Predicate = true> <Delay = 0.00>
ST_1 : Operation 29 [1/1] (0.00ns)   --->   "%specinterface_ln0 = specinterface void @_ssdm_op_SpecInterface, i256 %arg1_write_mem_redirect_strm_7, void @empty_47, i32 0, i32 0, void @empty_49, i32 0, i32 0, void @empty_49, void @empty_49, void @empty_49, i32 0, i32 0, i32 0, i32 0, void @empty_49, void @empty_49, i32 4294967295, i32 0"   --->   Operation 29 'specinterface' 'specinterface_ln0' <Predicate = true> <Delay = 0.00>
ST_1 : Operation 30 [1/1] (0.00ns)   --->   "%max_x_read = read i14 @_ssdm_op_Read.ap_auto.i14, i14 %max_x"   --->   Operation 30 'read' 'max_x_read' <Predicate = true> <Delay = 0.00>
ST_1 : Operation 31 [1/1] (0.38ns)   --->   "%store_ln0 = store i14 0, i14 %x"   --->   Operation 31 'store' 'store_ln0' <Predicate = true> <Delay = 0.38>
ST_1 : Operation 32 [1/1] (0.00ns)   --->   "%br_ln0 = br void %for.inc"   --->   Operation 32 'br' 'br_ln0' <Predicate = true> <Delay = 0.00>
ST_1 : Operation 33 [1/1] (0.00ns)   --->   "%x_7 = load i14 %x" [/home/x_thileeb/repos/ops-hls-batching-new/OPS/ops/hls/include/device/../../L1/include/ops_hls_datamover.hpp:6663]   --->   Operation 33 'load' 'x_7' <Predicate = true> <Delay = 0.00>
ST_1 : Operation 34 [1/1] (0.65ns)   --->   "%icmp_ln6663 = icmp_eq  i14 %x_7, i14 %max_x_read" [/home/x_thileeb/repos/ops-hls-batching-new/OPS/ops/hls/include/device/../../L1/include/ops_hls_datamover.hpp:6663]   --->   Operation 34 'icmp' 'icmp_ln6663' <Predicate = true> <Delay = 0.65> <CoreInst = "Cmp">   --->   Core 9 'Cmp' <Latency = 0> <II = 1> <Delay = 0.65> <FuncUnit> <Opcode : 'icmp'> <InPorts = 2> <OutPorts = 1>
ST_1 : Operation 35 [1/1] (0.76ns)   --->   "%x_8 = add i14 %x_7, i14 1" [/home/x_thileeb/repos/ops-hls-batching-new/OPS/ops/hls/include/device/../../L1/include/ops_hls_datamover.hpp:6663]   --->   Operation 35 'add' 'x_8' <Predicate = true> <Delay = 0.76> <CoreInst = "Adder">   --->   Core 1 'Adder' <Latency = 0> <II = 1> <Delay = 0.76> <FuncUnit> <Opcode : 'add' 'sub'> <InPorts = 2> <OutPorts = 1>
ST_1 : Operation 36 [1/1] (0.00ns)   --->   "%br_ln6663 = br i1 %icmp_ln6663, void %for.inc.split, void %for.inc52.loopexit.exitStub" [/home/x_thileeb/repos/ops-hls-batching-new/OPS/ops/hls/include/device/../../L1/include/ops_hls_datamover.hpp:6663]   --->   Operation 36 'br' 'br_ln6663' <Predicate = true> <Delay = 0.00>
ST_1 : Operation 37 [1/1] (0.00ns)   --->   "%empty = read i321 @_ssdm_op_Read.axis.volatile.i256P0A.i32P0A.i32P0A.i1P0A, i256 %arg1_0_axis_in_V_data_V, i32 %arg1_0_axis_in_V_keep_V, i32 %arg1_0_axis_in_V_strb_V, i1 %arg1_0_axis_in_V_last_V"   --->   Operation 37 'read' 'empty' <Predicate = (!icmp_ln6663)> <Delay = 0.00> <CoreInst = "axis">   --->   Core 123 'axis' <Latency = 0> <II = 1> <Delay = 1.00> <Adapter> <Opcode : >
ST_1 : Operation 38 [1/1] (0.00ns)   --->   "%pkt_data_V = extractvalue i321 %empty"   --->   Operation 38 'extractvalue' 'pkt_data_V' <Predicate = (!icmp_ln6663)> <Delay = 0.00>
ST_1 : Operation 39 [1/1] (0.00ns)   --->   "%empty_231 = read i321 @_ssdm_op_Read.axis.volatile.i256P0A.i32P0A.i32P0A.i1P0A, i256 %arg1_1_axis_in_V_data_V, i32 %arg1_1_axis_in_V_keep_V, i32 %arg1_1_axis_in_V_strb_V, i1 %arg1_1_axis_in_V_last_V"   --->   Operation 39 'read' 'empty_231' <Predicate = (!icmp_ln6663)> <Delay = 0.00> <CoreInst = "axis">   --->   Core 123 'axis' <Latency = 0> <II = 1> <Delay = 1.00> <Adapter> <Opcode : >
ST_1 : Operation 40 [1/1] (0.00ns)   --->   "%tmp_data_V = extractvalue i321 %empty_231"   --->   Operation 40 'extractvalue' 'tmp_data_V' <Predicate = (!icmp_ln6663)> <Delay = 0.00>
ST_1 : Operation 41 [1/1] (0.00ns)   --->   "%empty_232 = read i321 @_ssdm_op_Read.axis.volatile.i256P0A.i32P0A.i32P0A.i1P0A, i256 %arg1_2_axis_in_V_data_V, i32 %arg1_2_axis_in_V_keep_V, i32 %arg1_2_axis_in_V_strb_V, i1 %arg1_2_axis_in_V_last_V"   --->   Operation 41 'read' 'empty_232' <Predicate = (!icmp_ln6663)> <Delay = 0.00> <CoreInst = "axis">   --->   Core 123 'axis' <Latency = 0> <II = 1> <Delay = 1.00> <Adapter> <Opcode : >
ST_1 : Operation 42 [1/1] (0.00ns)   --->   "%pkt_data_V_1 = extractvalue i321 %empty_232"   --->   Operation 42 'extractvalue' 'pkt_data_V_1' <Predicate = (!icmp_ln6663)> <Delay = 0.00>
ST_1 : Operation 43 [1/1] (0.00ns)   --->   "%empty_233 = read i321 @_ssdm_op_Read.axis.volatile.i256P0A.i32P0A.i32P0A.i1P0A, i256 %arg1_3_axis_in_V_data_V, i32 %arg1_3_axis_in_V_keep_V, i32 %arg1_3_axis_in_V_strb_V, i1 %arg1_3_axis_in_V_last_V"   --->   Operation 43 'read' 'empty_233' <Predicate = (!icmp_ln6663)> <Delay = 0.00> <CoreInst = "axis">   --->   Core 123 'axis' <Latency = 0> <II = 1> <Delay = 1.00> <Adapter> <Opcode : >
ST_1 : Operation 44 [1/1] (0.00ns)   --->   "%tmp_data_V_8 = extractvalue i321 %empty_233"   --->   Operation 44 'extractvalue' 'tmp_data_V_8' <Predicate = (!icmp_ln6663)> <Delay = 0.00>
ST_1 : Operation 45 [1/1] (0.00ns)   --->   "%empty_234 = read i321 @_ssdm_op_Read.axis.volatile.i256P0A.i32P0A.i32P0A.i1P0A, i256 %arg1_4_axis_in_V_data_V, i32 %arg1_4_axis_in_V_keep_V, i32 %arg1_4_axis_in_V_strb_V, i1 %arg1_4_axis_in_V_last_V"   --->   Operation 45 'read' 'empty_234' <Predicate = (!icmp_ln6663)> <Delay = 0.00> <CoreInst = "axis">   --->   Core 123 'axis' <Latency = 0> <II = 1> <Delay = 1.00> <Adapter> <Opcode : >
ST_1 : Operation 46 [1/1] (0.00ns)   --->   "%pkt_data_V_2 = extractvalue i321 %empty_234"   --->   Operation 46 'extractvalue' 'pkt_data_V_2' <Predicate = (!icmp_ln6663)> <Delay = 0.00>
ST_1 : Operation 47 [1/1] (0.00ns)   --->   "%empty_235 = read i321 @_ssdm_op_Read.axis.volatile.i256P0A.i32P0A.i32P0A.i1P0A, i256 %arg1_5_axis_in_V_data_V, i32 %arg1_5_axis_in_V_keep_V, i32 %arg1_5_axis_in_V_strb_V, i1 %arg1_5_axis_in_V_last_V"   --->   Operation 47 'read' 'empty_235' <Predicate = (!icmp_ln6663)> <Delay = 0.00> <CoreInst = "axis">   --->   Core 123 'axis' <Latency = 0> <II = 1> <Delay = 1.00> <Adapter> <Opcode : >
ST_1 : Operation 48 [1/1] (0.00ns)   --->   "%tmp_data_V_9 = extractvalue i321 %empty_235"   --->   Operation 48 'extractvalue' 'tmp_data_V_9' <Predicate = (!icmp_ln6663)> <Delay = 0.00>
ST_1 : Operation 49 [1/1] (0.00ns)   --->   "%empty_236 = read i321 @_ssdm_op_Read.axis.volatile.i256P0A.i32P0A.i32P0A.i1P0A, i256 %arg1_6_axis_in_V_data_V, i32 %arg1_6_axis_in_V_keep_V, i32 %arg1_6_axis_in_V_strb_V, i1 %arg1_6_axis_in_V_last_V"   --->   Operation 49 'read' 'empty_236' <Predicate = (!icmp_ln6663)> <Delay = 0.00> <CoreInst = "axis">   --->   Core 123 'axis' <Latency = 0> <II = 1> <Delay = 1.00> <Adapter> <Opcode : >
ST_1 : Operation 50 [1/1] (0.00ns)   --->   "%pkt_data_V_3 = extractvalue i321 %empty_236"   --->   Operation 50 'extractvalue' 'pkt_data_V_3' <Predicate = (!icmp_ln6663)> <Delay = 0.00>
ST_1 : Operation 51 [1/1] (0.00ns)   --->   "%empty_237 = read i321 @_ssdm_op_Read.axis.volatile.i256P0A.i32P0A.i32P0A.i1P0A, i256 %arg1_7_axis_in_V_data_V, i32 %arg1_7_axis_in_V_keep_V, i32 %arg1_7_axis_in_V_strb_V, i1 %arg1_7_axis_in_V_last_V"   --->   Operation 51 'read' 'empty_237' <Predicate = (!icmp_ln6663)> <Delay = 0.00> <CoreInst = "axis">   --->   Core 123 'axis' <Latency = 0> <II = 1> <Delay = 1.00> <Adapter> <Opcode : >
ST_1 : Operation 52 [1/1] (0.00ns)   --->   "%tmp_data_V_10 = extractvalue i321 %empty_237"   --->   Operation 52 'extractvalue' 'tmp_data_V_10' <Predicate = (!icmp_ln6663)> <Delay = 0.00>
ST_1 : Operation 53 [1/1] (0.38ns)   --->   "%store_ln6663 = store i14 %x_8, i14 %x" [/home/x_thileeb/repos/ops-hls-batching-new/OPS/ops/hls/include/device/../../L1/include/ops_hls_datamover.hpp:6663]   --->   Operation 53 'store' 'store_ln6663' <Predicate = (!icmp_ln6663)> <Delay = 0.38>
ST_1 : Operation 66 [1/1] (0.00ns)   --->   "%ret_ln0 = ret"   --->   Operation 66 'ret' 'ret_ln0' <Predicate = (icmp_ln6663)> <Delay = 0.00>

State 2 <SV = 1> <Delay = 1.21>
ST_2 : Operation 54 [1/1] (0.00ns)   --->   "%specpipeline_ln6665 = specpipeline void @_ssdm_op_SpecPipeline, i32 1, i32 0, i32 0, i32 0, void @empty_49" [/home/x_thileeb/repos/ops-hls-batching-new/OPS/ops/hls/include/device/../../L1/include/ops_hls_datamover.hpp:6665]   --->   Operation 54 'specpipeline' 'specpipeline_ln6665' <Predicate = true> <Delay = 0.00>
ST_2 : Operation 55 [1/1] (0.00ns)   --->   "%speclooptripcount_ln6666 = speclooptripcount void @_ssdm_op_SpecLoopTripCount, i64 1, i64 1024, i64 512" [/home/x_thileeb/repos/ops-hls-batching-new/OPS/ops/hls/include/device/../../L1/include/ops_hls_datamover.hpp:6666]   --->   Operation 55 'speclooptripcount' 'speclooptripcount_ln6666' <Predicate = true> <Delay = 0.00>
ST_2 : Operation 56 [1/1] (0.00ns)   --->   "%specloopname_ln6663 = specloopname void @_ssdm_op_SpecLoopName, void @empty_6" [/home/x_thileeb/repos/ops-hls-batching-new/OPS/ops/hls/include/device/../../L1/include/ops_hls_datamover.hpp:6663]   --->   Operation 56 'specloopname' 'specloopname_ln6663' <Predicate = true> <Delay = 0.00>
ST_2 : Operation 57 [1/1] (1.21ns)   --->   "%write_ln6678 = write void @_ssdm_op_Write.ap_fifo.volatile.i256P0A, i256 %arg1_write_mem_redirect_strm_0, i256 %pkt_data_V" [/home/x_thileeb/repos/ops-hls-batching-new/OPS/ops/hls/include/device/../../L1/include/ops_hls_datamover.hpp:6678]   --->   Operation 57 'write' 'write_ln6678' <Predicate = true> <Delay = 1.21> <CoreInst = "FIFO_SRL">   --->   Core 81 'FIFO_SRL' <Latency = 0> <II = 1> <Delay = 1.42> <Storage> <Opcode : 'read' 'write' 'nbread' 'nbwrite'> <Ports = 0> <Width = 256> <Depth = 2> <FIFO>
ST_2 : Operation 58 [1/1] (1.21ns)   --->   "%write_ln6678 = write void @_ssdm_op_Write.ap_fifo.volatile.i256P0A, i256 %arg1_write_mem_redirect_strm_1, i256 %tmp_data_V" [/home/x_thileeb/repos/ops-hls-batching-new/OPS/ops/hls/include/device/../../L1/include/ops_hls_datamover.hpp:6678]   --->   Operation 58 'write' 'write_ln6678' <Predicate = true> <Delay = 1.21> <CoreInst = "FIFO_SRL">   --->   Core 81 'FIFO_SRL' <Latency = 0> <II = 1> <Delay = 1.42> <Storage> <Opcode : 'read' 'write' 'nbread' 'nbwrite'> <Ports = 0> <Width = 256> <Depth = 2> <FIFO>
ST_2 : Operation 59 [1/1] (1.21ns)   --->   "%write_ln6678 = write void @_ssdm_op_Write.ap_fifo.volatile.i256P0A, i256 %arg1_write_mem_redirect_strm_2, i256 %pkt_data_V_1" [/home/x_thileeb/repos/ops-hls-batching-new/OPS/ops/hls/include/device/../../L1/include/ops_hls_datamover.hpp:6678]   --->   Operation 59 'write' 'write_ln6678' <Predicate = true> <Delay = 1.21> <CoreInst = "FIFO_SRL">   --->   Core 81 'FIFO_SRL' <Latency = 0> <II = 1> <Delay = 1.42> <Storage> <Opcode : 'read' 'write' 'nbread' 'nbwrite'> <Ports = 0> <Width = 256> <Depth = 2> <FIFO>
ST_2 : Operation 60 [1/1] (1.21ns)   --->   "%write_ln6678 = write void @_ssdm_op_Write.ap_fifo.volatile.i256P0A, i256 %arg1_write_mem_redirect_strm_3, i256 %tmp_data_V_8" [/home/x_thileeb/repos/ops-hls-batching-new/OPS/ops/hls/include/device/../../L1/include/ops_hls_datamover.hpp:6678]   --->   Operation 60 'write' 'write_ln6678' <Predicate = true> <Delay = 1.21> <CoreInst = "FIFO_SRL">   --->   Core 81 'FIFO_SRL' <Latency = 0> <II = 1> <Delay = 1.42> <Storage> <Opcode : 'read' 'write' 'nbread' 'nbwrite'> <Ports = 0> <Width = 256> <Depth = 2> <FIFO>
ST_2 : Operation 61 [1/1] (1.21ns)   --->   "%write_ln6678 = write void @_ssdm_op_Write.ap_fifo.volatile.i256P0A, i256 %arg1_write_mem_redirect_strm_4, i256 %pkt_data_V_2" [/home/x_thileeb/repos/ops-hls-batching-new/OPS/ops/hls/include/device/../../L1/include/ops_hls_datamover.hpp:6678]   --->   Operation 61 'write' 'write_ln6678' <Predicate = true> <Delay = 1.21> <CoreInst = "FIFO_SRL">   --->   Core 81 'FIFO_SRL' <Latency = 0> <II = 1> <Delay = 1.42> <Storage> <Opcode : 'read' 'write' 'nbread' 'nbwrite'> <Ports = 0> <Width = 256> <Depth = 2> <FIFO>
ST_2 : Operation 62 [1/1] (1.21ns)   --->   "%write_ln6678 = write void @_ssdm_op_Write.ap_fifo.volatile.i256P0A, i256 %arg1_write_mem_redirect_strm_5, i256 %tmp_data_V_9" [/home/x_thileeb/repos/ops-hls-batching-new/OPS/ops/hls/include/device/../../L1/include/ops_hls_datamover.hpp:6678]   --->   Operation 62 'write' 'write_ln6678' <Predicate = true> <Delay = 1.21> <CoreInst = "FIFO_SRL">   --->   Core 81 'FIFO_SRL' <Latency = 0> <II = 1> <Delay = 1.42> <Storage> <Opcode : 'read' 'write' 'nbread' 'nbwrite'> <Ports = 0> <Width = 256> <Depth = 2> <FIFO>
ST_2 : Operation 63 [1/1] (1.21ns)   --->   "%write_ln6678 = write void @_ssdm_op_Write.ap_fifo.volatile.i256P0A, i256 %arg1_write_mem_redirect_strm_6, i256 %pkt_data_V_3" [/home/x_thileeb/repos/ops-hls-batching-new/OPS/ops/hls/include/device/../../L1/include/ops_hls_datamover.hpp:6678]   --->   Operation 63 'write' 'write_ln6678' <Predicate = true> <Delay = 1.21> <CoreInst = "FIFO_SRL">   --->   Core 81 'FIFO_SRL' <Latency = 0> <II = 1> <Delay = 1.42> <Storage> <Opcode : 'read' 'write' 'nbread' 'nbwrite'> <Ports = 0> <Width = 256> <Depth = 2> <FIFO>
ST_2 : Operation 64 [1/1] (1.21ns)   --->   "%write_ln6678 = write void @_ssdm_op_Write.ap_fifo.volatile.i256P0A, i256 %arg1_write_mem_redirect_strm_7, i256 %tmp_data_V_10" [/home/x_thileeb/repos/ops-hls-batching-new/OPS/ops/hls/include/device/../../L1/include/ops_hls_datamover.hpp:6678]   --->   Operation 64 'write' 'write_ln6678' <Predicate = true> <Delay = 1.21> <CoreInst = "FIFO_SRL">   --->   Core 81 'FIFO_SRL' <Latency = 0> <II = 1> <Delay = 1.42> <Storage> <Opcode : 'read' 'write' 'nbread' 'nbwrite'> <Ports = 0> <Width = 256> <Depth = 2> <FIFO>
ST_2 : Operation 65 [1/1] (0.00ns)   --->   "%br_ln6663 = br void %for.inc" [/home/x_thileeb/repos/ops-hls-batching-new/OPS/ops/hls/include/device/../../L1/include/ops_hls_datamover.hpp:6663]   --->   Operation 65 'br' 'br_ln6663' <Predicate = true> <Delay = 0.00>


============================================================
+ Verbose Summary: Timing violations
============================================================
Target clock period: 3.33ns, clock uncertainty: 0.9ns.

 <State 1>: 1.15ns
The critical path consists of the following:
	'alloca' operation ('x') [42]  (0 ns)
	'load' operation ('x', /home/x_thileeb/repos/ops-hls-batching-new/OPS/ops/hls/include/device/../../L1/include/ops_hls_datamover.hpp:6663) on local variable 'x' [71]  (0 ns)
	'add' operation ('x', /home/x_thileeb/repos/ops-hls-batching-new/OPS/ops/hls/include/device/../../L1/include/ops_hls_datamover.hpp:6663) [73]  (0.765 ns)
	'store' operation ('store_ln6663', /home/x_thileeb/repos/ops-hls-batching-new/OPS/ops/hls/include/device/../../L1/include/ops_hls_datamover.hpp:6663) of variable 'x', /home/x_thileeb/repos/ops-hls-batching-new/OPS/ops/hls/include/device/../../L1/include/ops_hls_datamover.hpp:6663 on local variable 'x' [103]  (0.387 ns)

 <State 2>: 1.22ns
The critical path consists of the following:
	fifo write operation ('write_ln6678', /home/x_thileeb/repos/ops-hls-batching-new/OPS/ops/hls/include/device/../../L1/include/ops_hls_datamover.hpp:6678) on port 'arg1_write_mem_redirect_strm_0' (/home/x_thileeb/repos/ops-hls-batching-new/OPS/ops/hls/include/device/../../L1/include/ops_hls_datamover.hpp:6678) [95]  (1.22 ns)


============================================================
+ Verbose Summary: Binding
============================================================
N/A
* FSMD analyzer results:
  - Output states:
 - Input state : 
  - Chain level:
	State 1
	State 2


============================================================
+ Verbose Summary: Datapath Resource usage 
============================================================
N/A
