

================================================================
== Vitis HLS Report for 'interleaveTileMem2Stream2D_inner'
================================================================
* Date:           Thu Aug 13 05:31:31 2026

* Version:        2022.2 (Build 3670227 on Oct 13 2022)
* Project:        datamover_outerloop_0
* Solution:       solution (Vitis Kernel Flow Target)
* Product family: virtexuplus
* Target device:  xcu280-fsvh2892-2L-e


================================================================
== Performance Estimates
================================================================
+ Timing: 
    * Summary: 
    +--------+---------+----------+------------+
    |  Clock |  Target | Estimated| Uncertainty|
    +--------+---------+----------+------------+
    |ap_clk  |  3.33 ns|  2.433 ns|     0.90 ns|
    +--------+---------+----------+------------+

+ Latency: 
    * Summary: 
    +---------+---------+----------+----------+-----+-----+----------+
    |  Latency (cycles) |  Latency (absolute) |  Interval | Pipeline |
    |   min   |   max   |    min   |    max   | min | max |   Type   |
    +---------+---------+----------+----------+-----+-----+----------+
    |        ?|        ?|         ?|         ?|    ?|    ?|  dataflow|
    +---------+---------+----------+----------+-----+-----+----------+

    + Detail: 
        * Instance: 
        +-------------------------------------------------------+----------------------------------------------------+---------+---------+----------+----------+-----+-----+---------+
        |                                                       |                                                    |  Latency (cycles) |  Latency (absolute) |  Interval | Pipeline|
        |                        Instance                       |                       Module                       |   min   |   max   |    min   |    max   | min | max |   Type  |
        +-------------------------------------------------------+----------------------------------------------------+---------+---------+----------+----------+-----+-----+---------+
        |interleaveTileMem2Stream2D_inner_Block_entry3_proc_U0  |interleaveTileMem2Stream2D_inner_Block_entry3_proc  |        0|        0|      0 ns|      0 ns|    0|    0|       no|
        |mem2streamV2_256u_1u_6_U0                              |mem2streamV2_256u_1u_6                              |        ?|        ?|         ?|         ?|    ?|    ?|       no|
        |mem2streamV2_256u_1u_7_U0                              |mem2streamV2_256u_1u_7                              |        ?|        ?|         ?|         ?|    ?|    ?|       no|
        +-------------------------------------------------------+----------------------------------------------------+---------+---------+----------+----------+-----+-----+---------+

        * Loop: 
        N/A



================================================================
== Utilization Estimates
================================================================
* Summary: 
+---------------------+---------+------+---------+---------+-----+
|         Name        | BRAM_18K|  DSP |    FF   |   LUT   | URAM|
+---------------------+---------+------+---------+---------+-----+
|DSP                  |        -|     -|        -|        -|    -|
|Expression           |        -|     -|        0|       20|    -|
|FIFO                 |        -|     -|      133|       73|    -|
|Instance             |        -|     -|      837|     1029|    -|
|Memory               |        -|     -|        -|        -|    -|
|Multiplexer          |        -|     -|        -|       27|    -|
|Register             |        -|     -|        3|        -|    -|
+---------------------+---------+------+---------+---------+-----+
|Total                |        0|     0|      973|     1149|    0|
+---------------------+---------+------+---------+---------+-----+
|Available SLR        |     1344|  3008|   869120|   434560|  320|
+---------------------+---------+------+---------+---------+-----+
|Utilization SLR (%)  |        0|     0|       ~0|       ~0|    0|
+---------------------+---------+------+---------+---------+-----+
|Available            |     4032|  9024|  2607360|  1303680|  960|
+---------------------+---------+------+---------+---------+-----+
|Utilization (%)      |        0|     0|       ~0|       ~0|    0|
+---------------------+---------+------+---------+---------+-----+

+ Detail: 
    * Instance: 
    +-------------------------------------------------------+----------------------------------------------------+---------+----+-----+-----+-----+
    |                        Instance                       |                       Module                       | BRAM_18K| DSP|  FF | LUT | URAM|
    +-------------------------------------------------------+----------------------------------------------------+---------+----+-----+-----+-----+
    |interleaveTileMem2Stream2D_inner_Block_entry3_proc_U0  |interleaveTileMem2Stream2D_inner_Block_entry3_proc  |        0|   0|   66|   91|    0|
    |mem2streamV2_256u_1u_6_U0                              |mem2streamV2_256u_1u_6                              |        0|   0|  386|  471|    0|
    |mem2streamV2_256u_1u_7_U0                              |mem2streamV2_256u_1u_7                              |        0|   0|  385|  467|    0|
    +-------------------------------------------------------+----------------------------------------------------+---------+----+-----+-----+-----+
    |Total                                                  |                                                    |        0|   0|  837| 1029|    0|
    +-------------------------------------------------------+----------------------------------------------------+---------+----+-----+-----+-----+

    * DSP: 
    N/A

    * Memory: 
    N/A

    * FIFO: 
    +--------------------------+---------+-----+----+-----+------+-----+---------+
    |           Name           | BRAM_18K|  FF | LUT| URAM| Depth| Bits| Size:D*B|
    +--------------------------+---------+-----+----+-----+------+-----+---------+
    |add_ln5812_loc_channel_U  |        0|  133|   0|    -|     2|   64|      128|
    +--------------------------+---------+-----+----+-----+------+-----+---------+
    |Total                     |        0|  133|   0|    0|     2|   64|      128|
    +--------------------------+---------+-----+----+-----+------+-----+---------+

    * Expression: 
    +------------------------------------------------------------------------+----------+----+---+----+------------+------------+
    |                              Variable Name                             | Operation| DSP| FF| LUT| Bitwidth P0| Bitwidth P1|
    +------------------------------------------------------------------------+----------+----+---+----+------------+------------+
    |ap_idle                                                                 |       and|   0|  0|   2|           1|           1|
    |ap_sync_continue                                                        |       and|   0|  0|   2|           1|           1|
    |ap_sync_done                                                            |       and|   0|  0|   2|           1|           1|
    |ap_sync_ready                                                           |       and|   0|  0|   2|           1|           1|
    |interleaveTileMem2Stream2D_inner_Block_entry3_proc_U0_ap_start          |       and|   0|  0|   2|           1|           1|
    |mem2streamV2_256u_1u_6_U0_ap_start                                      |       and|   0|  0|   2|           1|           1|
    |mem2streamV2_256u_1u_7_U0_ap_start                                      |       and|   0|  0|   2|           1|           1|
    |ap_sync_interleaveTileMem2Stream2D_inner_Block_entry3_proc_U0_ap_ready  |        or|   0|  0|   2|           1|           1|
    |ap_sync_mem2streamV2_256u_1u_6_U0_ap_ready                              |        or|   0|  0|   2|           1|           1|
    |ap_sync_mem2streamV2_256u_1u_7_U0_ap_ready                              |        or|   0|  0|   2|           1|           1|
    +------------------------------------------------------------------------+----------+----+---+----+------------+------------+
    |Total                                                                   |          |   0|  0|  20|          10|          10|
    +------------------------------------------------------------------------+----------+----+---+----+------------+------------+

    * Multiplexer: 
    +----------------------------------------------------------------------------+----+-----------+-----+-----------+
    |                                    Name                                    | LUT| Input Size| Bits| Total Bits|
    +----------------------------------------------------------------------------+----+-----------+-----+-----------+
    |ap_sync_reg_interleaveTileMem2Stream2D_inner_Block_entry3_proc_U0_ap_ready  |   9|          2|    1|          2|
    |ap_sync_reg_mem2streamV2_256u_1u_6_U0_ap_ready                              |   9|          2|    1|          2|
    |ap_sync_reg_mem2streamV2_256u_1u_7_U0_ap_ready                              |   9|          2|    1|          2|
    +----------------------------------------------------------------------------+----+-----------+-----+-----------+
    |Total                                                                       |  27|          6|    3|          6|
    +----------------------------------------------------------------------------+----+-----------+-----+-----------+

    * Register: 
    +----------------------------------------------------------------------------+---+----+-----+-----------+
    |                                    Name                                    | FF| LUT| Bits| Const Bits|
    +----------------------------------------------------------------------------+---+----+-----+-----------+
    |ap_sync_reg_interleaveTileMem2Stream2D_inner_Block_entry3_proc_U0_ap_ready  |  1|   0|    1|          0|
    |ap_sync_reg_mem2streamV2_256u_1u_6_U0_ap_ready                              |  1|   0|    1|          0|
    |ap_sync_reg_mem2streamV2_256u_1u_7_U0_ap_ready                              |  1|   0|    1|          0|
    +----------------------------------------------------------------------------+---+----+-----+-----------+
    |Total                                                                       |  3|   0|    3|          0|
    +----------------------------------------------------------------------------+---+----+-----+-----------+



================================================================
== Interface
================================================================
* Summary: 
+-----------------------------+-----+-----+------------+----------------------------------+--------------+
|          RTL Ports          | Dir | Bits|  Protocol  |           Source Object          |    C Type    |
+-----------------------------+-----+-----+------------+----------------------------------+--------------+
|arg0_read_mem_strm_6_din     |  out|  256|     ap_fifo|              arg0_read_mem_strm_6|       pointer|
|arg0_read_mem_strm_6_full_n  |   in|    1|     ap_fifo|              arg0_read_mem_strm_6|       pointer|
|arg0_read_mem_strm_6_write   |  out|    1|     ap_fifo|              arg0_read_mem_strm_6|       pointer|
|arg0_read_mem_strm_7_din     |  out|  256|     ap_fifo|              arg0_read_mem_strm_7|       pointer|
|arg0_read_mem_strm_7_full_n  |   in|    1|     ap_fifo|              arg0_read_mem_strm_7|       pointer|
|arg0_read_mem_strm_7_write   |  out|    1|     ap_fifo|              arg0_read_mem_strm_7|       pointer|
|p_read                       |   in|   14|     ap_none|                            p_read|        scalar|
|p_read_ap_vld                |   in|    1|     ap_none|                            p_read|        scalar|
|p_read1                      |   in|   14|     ap_none|                           p_read1|        scalar|
|p_read1_ap_vld               |   in|    1|     ap_none|                           p_read1|        scalar|
|p_read2                      |   in|    1|     ap_none|                           p_read2|        scalar|
|p_read2_ap_vld               |   in|    1|     ap_none|                           p_read2|        scalar|
|m_axi_gmem6_AWVALID          |  out|    1|       m_axi|                             gmem6|       pointer|
|m_axi_gmem6_AWREADY          |   in|    1|       m_axi|                             gmem6|       pointer|
|m_axi_gmem6_AWADDR           |  out|   64|       m_axi|                             gmem6|       pointer|
|m_axi_gmem6_AWID             |  out|    1|       m_axi|                             gmem6|       pointer|
|m_axi_gmem6_AWLEN            |  out|   32|       m_axi|                             gmem6|       pointer|
|m_axi_gmem6_AWSIZE           |  out|    3|       m_axi|                             gmem6|       pointer|
|m_axi_gmem6_AWBURST          |  out|    2|       m_axi|                             gmem6|       pointer|
|m_axi_gmem6_AWLOCK           |  out|    2|       m_axi|                             gmem6|       pointer|
|m_axi_gmem6_AWCACHE          |  out|    4|       m_axi|                             gmem6|       pointer|
|m_axi_gmem6_AWPROT           |  out|    3|       m_axi|                             gmem6|       pointer|
|m_axi_gmem6_AWQOS            |  out|    4|       m_axi|                             gmem6|       pointer|
|m_axi_gmem6_AWREGION         |  out|    4|       m_axi|                             gmem6|       pointer|
|m_axi_gmem6_AWUSER           |  out|    1|       m_axi|                             gmem6|       pointer|
|m_axi_gmem6_WVALID           |  out|    1|       m_axi|                             gmem6|       pointer|
|m_axi_gmem6_WREADY           |   in|    1|       m_axi|                             gmem6|       pointer|
|m_axi_gmem6_WDATA            |  out|  256|       m_axi|                             gmem6|       pointer|
|m_axi_gmem6_WSTRB            |  out|   32|       m_axi|                             gmem6|       pointer|
|m_axi_gmem6_WLAST            |  out|    1|       m_axi|                             gmem6|       pointer|
|m_axi_gmem6_WID              |  out|    1|       m_axi|                             gmem6|       pointer|
|m_axi_gmem6_WUSER            |  out|    1|       m_axi|                             gmem6|       pointer|
|m_axi_gmem6_ARVALID          |  out|    1|       m_axi|                             gmem6|       pointer|
|m_axi_gmem6_ARREADY          |   in|    1|       m_axi|                             gmem6|       pointer|
|m_axi_gmem6_ARADDR           |  out|   64|       m_axi|                             gmem6|       pointer|
|m_axi_gmem6_ARID             |  out|    1|       m_axi|                             gmem6|       pointer|
|m_axi_gmem6_ARLEN            |  out|   32|       m_axi|                             gmem6|       pointer|
|m_axi_gmem6_ARSIZE           |  out|    3|       m_axi|                             gmem6|       pointer|
|m_axi_gmem6_ARBURST          |  out|    2|       m_axi|                             gmem6|       pointer|
|m_axi_gmem6_ARLOCK           |  out|    2|       m_axi|                             gmem6|       pointer|
|m_axi_gmem6_ARCACHE          |  out|    4|       m_axi|                             gmem6|       pointer|
|m_axi_gmem6_ARPROT           |  out|    3|       m_axi|                             gmem6|       pointer|
|m_axi_gmem6_ARQOS            |  out|    4|       m_axi|                             gmem6|       pointer|
|m_axi_gmem6_ARREGION         |  out|    4|       m_axi|                             gmem6|       pointer|
|m_axi_gmem6_ARUSER           |  out|    1|       m_axi|                             gmem6|       pointer|
|m_axi_gmem6_RVALID           |   in|    1|       m_axi|                             gmem6|       pointer|
|m_axi_gmem6_RREADY           |  out|    1|       m_axi|                             gmem6|       pointer|
|m_axi_gmem6_RDATA            |   in|  256|       m_axi|                             gmem6|       pointer|
|m_axi_gmem6_RLAST            |   in|    1|       m_axi|                             gmem6|       pointer|
|m_axi_gmem6_RID              |   in|    1|       m_axi|                             gmem6|       pointer|
|m_axi_gmem6_RFIFONUM         |   in|    7|       m_axi|                             gmem6|       pointer|
|m_axi_gmem6_RUSER            |   in|    1|       m_axi|                             gmem6|       pointer|
|m_axi_gmem6_RRESP            |   in|    2|       m_axi|                             gmem6|       pointer|
|m_axi_gmem6_BVALID           |   in|    1|       m_axi|                             gmem6|       pointer|
|m_axi_gmem6_BREADY           |  out|    1|       m_axi|                             gmem6|       pointer|
|m_axi_gmem6_BRESP            |   in|    2|       m_axi|                             gmem6|       pointer|
|m_axi_gmem6_BID              |   in|    1|       m_axi|                             gmem6|       pointer|
|m_axi_gmem6_BUSER            |   in|    1|       m_axi|                             gmem6|       pointer|
|mem_in                       |   in|   64|     ap_none|                            mem_in|        scalar|
|mem_in_ap_vld                |   in|    1|     ap_none|                            mem_in|        scalar|
|m_axi_gmem7_AWVALID          |  out|    1|       m_axi|                             gmem7|       pointer|
|m_axi_gmem7_AWREADY          |   in|    1|       m_axi|                             gmem7|       pointer|
|m_axi_gmem7_AWADDR           |  out|   64|       m_axi|                             gmem7|       pointer|
|m_axi_gmem7_AWID             |  out|    1|       m_axi|                             gmem7|       pointer|
|m_axi_gmem7_AWLEN            |  out|   32|       m_axi|                             gmem7|       pointer|
|m_axi_gmem7_AWSIZE           |  out|    3|       m_axi|                             gmem7|       pointer|
|m_axi_gmem7_AWBURST          |  out|    2|       m_axi|                             gmem7|       pointer|
|m_axi_gmem7_AWLOCK           |  out|    2|       m_axi|                             gmem7|       pointer|
|m_axi_gmem7_AWCACHE          |  out|    4|       m_axi|                             gmem7|       pointer|
|m_axi_gmem7_AWPROT           |  out|    3|       m_axi|                             gmem7|       pointer|
|m_axi_gmem7_AWQOS            |  out|    4|       m_axi|                             gmem7|       pointer|
|m_axi_gmem7_AWREGION         |  out|    4|       m_axi|                             gmem7|       pointer|
|m_axi_gmem7_AWUSER           |  out|    1|       m_axi|                             gmem7|       pointer|
|m_axi_gmem7_WVALID           |  out|    1|       m_axi|                             gmem7|       pointer|
|m_axi_gmem7_WREADY           |   in|    1|       m_axi|                             gmem7|       pointer|
|m_axi_gmem7_WDATA            |  out|  256|       m_axi|                             gmem7|       pointer|
|m_axi_gmem7_WSTRB            |  out|   32|       m_axi|                             gmem7|       pointer|
|m_axi_gmem7_WLAST            |  out|    1|       m_axi|                             gmem7|       pointer|
|m_axi_gmem7_WID              |  out|    1|       m_axi|                             gmem7|       pointer|
|m_axi_gmem7_WUSER            |  out|    1|       m_axi|                             gmem7|       pointer|
|m_axi_gmem7_ARVALID          |  out|    1|       m_axi|                             gmem7|       pointer|
|m_axi_gmem7_ARREADY          |   in|    1|       m_axi|                             gmem7|       pointer|
|m_axi_gmem7_ARADDR           |  out|   64|       m_axi|                             gmem7|       pointer|
|m_axi_gmem7_ARID             |  out|    1|       m_axi|                             gmem7|       pointer|
|m_axi_gmem7_ARLEN            |  out|   32|       m_axi|                             gmem7|       pointer|
|m_axi_gmem7_ARSIZE           |  out|    3|       m_axi|                             gmem7|       pointer|
|m_axi_gmem7_ARBURST          |  out|    2|       m_axi|                             gmem7|       pointer|
|m_axi_gmem7_ARLOCK           |  out|    2|       m_axi|                             gmem7|       pointer|
|m_axi_gmem7_ARCACHE          |  out|    4|       m_axi|                             gmem7|       pointer|
|m_axi_gmem7_ARPROT           |  out|    3|       m_axi|                             gmem7|       pointer|
|m_axi_gmem7_ARQOS            |  out|    4|       m_axi|                             gmem7|       pointer|
|m_axi_gmem7_ARREGION         |  out|    4|       m_axi|                             gmem7|       pointer|
|m_axi_gmem7_ARUSER           |  out|    1|       m_axi|                             gmem7|       pointer|
|m_axi_gmem7_RVALID           |   in|    1|       m_axi|                             gmem7|       pointer|
|m_axi_gmem7_RREADY           |  out|    1|       m_axi|                             gmem7|       pointer|
|m_axi_gmem7_RDATA            |   in|  256|       m_axi|                             gmem7|       pointer|
|m_axi_gmem7_RLAST            |   in|    1|       m_axi|                             gmem7|       pointer|
|m_axi_gmem7_RID              |   in|    1|       m_axi|                             gmem7|       pointer|
|m_axi_gmem7_RFIFONUM         |   in|    7|       m_axi|                             gmem7|       pointer|
|m_axi_gmem7_RUSER            |   in|    1|       m_axi|                             gmem7|       pointer|
|m_axi_gmem7_RRESP            |   in|    2|       m_axi|                             gmem7|       pointer|
|m_axi_gmem7_BVALID           |   in|    1|       m_axi|                             gmem7|       pointer|
|m_axi_gmem7_BREADY           |  out|    1|       m_axi|                             gmem7|       pointer|
|m_axi_gmem7_BRESP            |   in|    2|       m_axi|                             gmem7|       pointer|
|m_axi_gmem7_BID              |   in|    1|       m_axi|                             gmem7|       pointer|
|m_axi_gmem7_BUSER            |   in|    1|       m_axi|                             gmem7|       pointer|
|mem_in1                      |   in|   64|     ap_none|                           mem_in1|        scalar|
|mem_in1_ap_vld               |   in|    1|     ap_none|                           mem_in1|        scalar|
|ap_clk                       |   in|    1|  ap_ctrl_hs|  interleaveTileMem2Stream2D_inner|  return value|
|ap_rst                       |   in|    1|  ap_ctrl_hs|  interleaveTileMem2Stream2D_inner|  return value|
|ap_start                     |   in|    1|  ap_ctrl_hs|  interleaveTileMem2Stream2D_inner|  return value|
|ap_done                      |  out|    1|  ap_ctrl_hs|  interleaveTileMem2Stream2D_inner|  return value|
|ap_ready                     |  out|    1|  ap_ctrl_hs|  interleaveTileMem2Stream2D_inner|  return value|
|ap_idle                      |  out|    1|  ap_ctrl_hs|  interleaveTileMem2Stream2D_inner|  return value|
|ap_continue                  |   in|    1|  ap_ctrl_hs|  interleaveTileMem2Stream2D_inner|  return value|
+-----------------------------+-----+-----+------------+----------------------------------+--------------+

============================================================
+ Verbose Summary: Synthesis Manager
============================================================
InlineROM: 1
ExposeGlobal: 0
============================================================
+ Verbose Summary: CDFG Model
============================================================
IsTopModel: 0
ResetActiveHigh: 1
IsCombinational: 2
IsDatapathOnly: 2
HasWiredReturn: 1
HasMFsm: 0
HasVarLatency: 1
IsPipeline: 0
IsRtlPipelined: 0
IsInstanceOverlapped: 0
IsDontTouch: 0
HasImplIP: 0
IsGatedGlobalClock: 0


============================================================
+ Verbose Summary: Schedule
============================================================
* Number of FSM states : 3
* Pipeline : 0
* Dataflow Pipeline: 1
  DF-Pipeline-0: Size = 3, States = { 1 2 3 }

* FSM state transitions: 
1 --> 2 
2 --> 3 
3 --> 

* FSM state operations: 

State 1 <SV = 0> <Delay = 1.14>
ST_1 : Operation 4 [1/1] (0.00ns)   --->   "%mem_in_read = read i64 @_ssdm_op_Read.ap_auto.i64, i64 %mem_in" [/home/x_thileeb/repos/ops-hls-batching-new/OPS/ops/hls/include/device/../../L1/include/ops_hls_datamover.hpp:5805]   --->   Operation 4 'read' 'mem_in_read' <Predicate = true> <Delay = 0.00>
ST_1 : Operation 5 [1/1] (0.00ns)   --->   "%p_read25 = read i1 @_ssdm_op_Read.ap_auto.i1, i1 %p_read2" [/home/x_thileeb/repos/ops-hls-batching-new/OPS/ops/hls/include/device/../../L1/include/ops_hls_datamover.hpp:5805]   --->   Operation 5 'read' 'p_read25' <Predicate = true> <Delay = 0.00>
ST_1 : Operation 6 [1/1] (1.14ns)   --->   "%add_ln5812_loc_channel = call i64 @interleaveTileMem2Stream2D_inner_Block_entry3_proc, i1 %p_read25, i64 %mem_in_read" [/home/x_thileeb/repos/ops-hls-batching-new/OPS/ops/hls/include/device/../../L1/include/ops_hls_datamover.hpp:5805]   --->   Operation 6 'call' 'add_ln5812_loc_channel' <Predicate = true> <Delay = 1.14> <CoreInst = "FIFO_SRL">   --->   Core 81 'FIFO_SRL' <Latency = 0> <II = 1> <Delay = 1.40> <Storage> <Opcode : 'read' 'write' 'nbread' 'nbwrite'> <Ports = 0> <Width = 64> <Depth = 2> <FIFO>

State 2 <SV = 1> <Delay = 2.43>
ST_2 : Operation 7 [1/1] (0.00ns)   --->   "%mem_in1_read = read i64 @_ssdm_op_Read.ap_auto.i64, i64 %mem_in1" [/home/x_thileeb/repos/ops-hls-batching-new/OPS/ops/hls/include/device/../../L1/include/ops_hls_datamover.hpp:5805]   --->   Operation 7 'read' 'mem_in1_read' <Predicate = true> <Delay = 0.00>
ST_2 : Operation 8 [1/1] (0.00ns)   --->   "%p_read14 = read i14 @_ssdm_op_Read.ap_auto.i14, i14 %p_read1" [/home/x_thileeb/repos/ops-hls-batching-new/OPS/ops/hls/include/device/../../L1/include/ops_hls_datamover.hpp:5805]   --->   Operation 8 'read' 'p_read14' <Predicate = true> <Delay = 0.00>
ST_2 : Operation 9 [1/1] (0.00ns)   --->   "%p_read_40 = read i14 @_ssdm_op_Read.ap_auto.i14, i14 %p_read" [/home/x_thileeb/repos/ops-hls-batching-new/OPS/ops/hls/include/device/../../L1/include/ops_hls_datamover.hpp:5805]   --->   Operation 9 'read' 'p_read_40' <Predicate = true> <Delay = 0.00>
ST_2 : Operation 10 [2/2] (2.43ns)   --->   "%call_ln5812 = call void @mem2streamV2<256u, 1u>.6, i256 %gmem6, i64 %add_ln5812_loc_channel, i256 %arg0_read_mem_strm_6, i14 %p_read_40" [/home/x_thileeb/repos/ops-hls-batching-new/OPS/ops/hls/include/device/../../L1/include/ops_hls_datamover.hpp:5812]   --->   Operation 10 'call' 'call_ln5812' <Predicate = true> <Delay = 2.43> <CoreType = "Generic">   --->   Core 0 '' <Latency = 0> <II = 1> <Delay = 1.00> <Generic> <Opcode : >
ST_2 : Operation 11 [2/2] (2.43ns)   --->   "%call_ln5812 = call void @mem2streamV2<256u, 1u>.7, i256 %gmem7, i64 %mem_in1_read, i256 %arg0_read_mem_strm_7, i14 %p_read14" [/home/x_thileeb/repos/ops-hls-batching-new/OPS/ops/hls/include/device/../../L1/include/ops_hls_datamover.hpp:5812]   --->   Operation 11 'call' 'call_ln5812' <Predicate = true> <Delay = 2.43> <CoreType = "Generic">   --->   Core 0 '' <Latency = 0> <II = 1> <Delay = 1.00> <Generic> <Opcode : >

State 3 <SV = 2> <Delay = 0.00>
ST_3 : Operation 12 [1/1] (0.00ns)   --->   "%specdataflowpipeline_ln0 = specdataflowpipeline void @_ssdm_op_SpecDataflowPipeline, i32 4294967295, i32 0, void @empty_49"   --->   Operation 12 'specdataflowpipeline' 'specdataflowpipeline_ln0' <Predicate = true> <Delay = 0.00>
ST_3 : Operation 13 [1/1] (0.00ns)   --->   "%specinterface_ln0 = specinterface void @_ssdm_op_SpecInterface, i256 %gmem7, void @empty_58, i32 0, i32 0, void @empty_49, i32 40, i32 8192, void @empty_66, void @empty_51, void @empty_49, i32 4, i32 4, i32 16, i32 16, void @empty_49, void @empty_49, i32 4294967295, i32 0"   --->   Operation 13 'specinterface' 'specinterface_ln0' <Predicate = true> <Delay = 0.00>
ST_3 : Operation 14 [1/1] (0.00ns)   --->   "%specinterface_ln0 = specinterface void @_ssdm_op_SpecInterface, i256 %gmem6, void @empty_58, i32 0, i32 0, void @empty_49, i32 40, i32 8192, void @empty_77, void @empty_51, void @empty_49, i32 4, i32 4, i32 16, i32 16, void @empty_49, void @empty_49, i32 4294967295, i32 0"   --->   Operation 14 'specinterface' 'specinterface_ln0' <Predicate = true> <Delay = 0.00>
ST_3 : Operation 15 [1/1] (0.00ns)   --->   "%specinterface_ln0 = specinterface void @_ssdm_op_SpecInterface, i256 %arg0_read_mem_strm_6, void @empty_47, i32 0, i32 0, void @empty_49, i32 0, i32 0, void @empty_49, void @empty_49, void @empty_49, i32 0, i32 0, i32 0, i32 0, void @empty_49, void @empty_49, i32 4294967295, i32 0"   --->   Operation 15 'specinterface' 'specinterface_ln0' <Predicate = true> <Delay = 0.00>
ST_3 : Operation 16 [1/1] (0.00ns)   --->   "%specinterface_ln0 = specinterface void @_ssdm_op_SpecInterface, i256 %arg0_read_mem_strm_7, void @empty_47, i32 0, i32 0, void @empty_49, i32 0, i32 0, void @empty_49, void @empty_49, void @empty_49, i32 0, i32 0, i32 0, i32 0, void @empty_49, void @empty_49, i32 4294967295, i32 0"   --->   Operation 16 'specinterface' 'specinterface_ln0' <Predicate = true> <Delay = 0.00>
ST_3 : Operation 17 [1/2] (0.00ns)   --->   "%call_ln5812 = call void @mem2streamV2<256u, 1u>.6, i256 %gmem6, i64 %add_ln5812_loc_channel, i256 %arg0_read_mem_strm_6, i14 %p_read_40" [/home/x_thileeb/repos/ops-hls-batching-new/OPS/ops/hls/include/device/../../L1/include/ops_hls_datamover.hpp:5812]   --->   Operation 17 'call' 'call_ln5812' <Predicate = true> <Delay = 0.00> <CoreType = "Generic">   --->   Core 0 '' <Latency = 0> <II = 1> <Delay = 1.00> <Generic> <Opcode : >
ST_3 : Operation 18 [1/2] (0.00ns)   --->   "%call_ln5812 = call void @mem2streamV2<256u, 1u>.7, i256 %gmem7, i64 %mem_in1_read, i256 %arg0_read_mem_strm_7, i14 %p_read14" [/home/x_thileeb/repos/ops-hls-batching-new/OPS/ops/hls/include/device/../../L1/include/ops_hls_datamover.hpp:5812]   --->   Operation 18 'call' 'call_ln5812' <Predicate = true> <Delay = 0.00> <CoreType = "Generic">   --->   Core 0 '' <Latency = 0> <II = 1> <Delay = 1.00> <Generic> <Opcode : >
ST_3 : Operation 19 [1/1] (0.00ns)   --->   "%ret_ln5834 = ret" [/home/x_thileeb/repos/ops-hls-batching-new/OPS/ops/hls/include/device/../../L1/include/ops_hls_datamover.hpp:5834]   --->   Operation 19 'ret' 'ret_ln5834' <Predicate = true> <Delay = 0.00>


============================================================
+ Verbose Summary: Binding
============================================================
STG Binding: 
---------------- STG Properties BEGIN ----------------
- Is combinational: 0
- Is one-state seq: 0
- Is datapath-only: 0
- Is pipelined: 0
- Is top level: 0
Port [ Return ] is wired: 1; IO mode=ap_ctrl_hs:ce=0
Port [ arg0_read_mem_strm_6]:  wired=1; compound=1; hidden=0; nouse=0; global=0; static=0; extern=0; dir=1; type=3; pingpong=0; private_global=0; IO mode=ap_fifo:ce=0
Port [ arg0_read_mem_strm_7]:  wired=1; compound=1; hidden=0; nouse=0; global=0; static=0; extern=0; dir=1; type=3; pingpong=0; private_global=0; IO mode=ap_fifo:ce=0
Port [ p_read]:  wired=1; compound=0; hidden=0; nouse=0; global=0; static=0; extern=0; dir=0; type=0; pingpong=0; private_global=0; IO mode=ap_none:ce=0
Port [ p_read1]:  wired=1; compound=0; hidden=0; nouse=0; global=0; static=0; extern=0; dir=0; type=0; pingpong=0; private_global=0; IO mode=ap_none:ce=0
Port [ p_read2]:  wired=1; compound=0; hidden=0; nouse=0; global=0; static=0; extern=0; dir=0; type=0; pingpong=0; private_global=0; IO mode=ap_none:ce=0
Port [ gmem6]:  wired=1; compound=1; hidden=0; nouse=0; global=0; static=0; extern=0; dir=0; type=4; pingpong=0; private_global=0; IO mode=m_axi:ce=0
Port [ mem_in]:  wired=1; compound=0; hidden=0; nouse=0; global=0; static=0; extern=0; dir=0; type=0; pingpong=0; private_global=0; IO mode=ap_none:ce=0
Port [ gmem7]:  wired=1; compound=1; hidden=0; nouse=0; global=0; static=0; extern=0; dir=0; type=4; pingpong=0; private_global=0; IO mode=m_axi:ce=0
Port [ mem_in1]:  wired=1; compound=0; hidden=0; nouse=0; global=0; static=0; extern=0; dir=0; type=0; pingpong=0; private_global=0; IO mode=ap_none:ce=0
---------------- STG Properties END ------------------

---------------- Datapath Model BEGIN ----------------

<LifeTime>
<method=bitvector/>
mem_in_read              (read                ) [ 0000]
p_read25                 (read                ) [ 0000]
add_ln5812_loc_channel   (call                ) [ 0011]
mem_in1_read             (read                ) [ 0001]
p_read14                 (read                ) [ 0001]
p_read_40                (read                ) [ 0001]
specdataflowpipeline_ln0 (specdataflowpipeline) [ 0000]
specinterface_ln0        (specinterface       ) [ 0000]
specinterface_ln0        (specinterface       ) [ 0000]
specinterface_ln0        (specinterface       ) [ 0000]
specinterface_ln0        (specinterface       ) [ 0000]
call_ln5812              (call                ) [ 0000]
call_ln5812              (call                ) [ 0000]
ret_ln5834               (ret                 ) [ 0000]
</LifeTime>

<model>

<comp_list>
<comp id="0" class="1000" name="arg0_read_mem_strm_6">
<pin_list>
<pin id="1" dir="1" index="0" bw="1" slack="0"/>
</pin_list>
<bind>
<StgValue><ssdm name="arg0_read_mem_strm_6"/></StgValue>
</bind>
</comp>

<comp id="2" class="1000" name="arg0_read_mem_strm_7">
<pin_list>
<pin id="3" dir="1" index="0" bw="1" slack="0"/>
</pin_list>
<bind>
<StgValue><ssdm name="arg0_read_mem_strm_7"/></StgValue>
</bind>
</comp>

<comp id="4" class="1000" name="p_read">
<pin_list>
<pin id="5" dir="1" index="0" bw="1" slack="0"/>
</pin_list>
<bind>
<StgValue><ssdm name="p_read"/></StgValue>
</bind>
</comp>

<comp id="6" class="1000" name="p_read1">
<pin_list>
<pin id="7" dir="1" index="0" bw="1" slack="0"/>
</pin_list>
<bind>
<StgValue><ssdm name="p_read1"/></StgValue>
</bind>
</comp>

<comp id="8" class="1000" name="p_read2">
<pin_list>
<pin id="9" dir="1" index="0" bw="1" slack="0"/>
</pin_list>
<bind>
<StgValue><ssdm name="p_read2"/></StgValue>
</bind>
</comp>

<comp id="10" class="1000" name="gmem6">
<pin_list>
<pin id="11" dir="1" index="0" bw="1" slack="0"/>
</pin_list>
<bind>
<StgValue><ssdm name="gmem6"/></StgValue>
</bind>
</comp>

<comp id="12" class="1000" name="mem_in">
<pin_list>
<pin id="13" dir="1" index="0" bw="1" slack="0"/>
</pin_list>
<bind>
<StgValue><ssdm name="mem_in"/></StgValue>
</bind>
</comp>

<comp id="14" class="1000" name="gmem7">
<pin_list>
<pin id="15" dir="1" index="0" bw="1" slack="0"/>
</pin_list>
<bind>
<StgValue><ssdm name="gmem7"/></StgValue>
</bind>
</comp>

<comp id="16" class="1000" name="mem_in1">
<pin_list>
<pin id="17" dir="1" index="0" bw="1" slack="0"/>
</pin_list>
<bind>
<StgValue><ssdm name="mem_in1"/></StgValue>
</bind>
</comp>

<comp id="18" class="1001" name="const_18">
<pin_list>
<pin id="19" dir="1" index="0" bw="1" slack="0"/>
</pin_list>
<bind>
<StgValue><ssdm name="_ssdm_op_Read.ap_auto.i64"/></StgValue>
</bind>
</comp>

<comp id="20" class="1001" name="const_20">
<pin_list>
<pin id="21" dir="1" index="0" bw="1" slack="0"/>
</pin_list>
<bind>
<StgValue><ssdm name="_ssdm_op_Read.ap_auto.i1"/></StgValue>
</bind>
</comp>

<comp id="22" class="1001" name="const_22">
<pin_list>
<pin id="23" dir="1" index="0" bw="1" slack="0"/>
</pin_list>
<bind>
<StgValue><ssdm name="interleaveTileMem2Stream2D_inner_Block_entry3_proc"/></StgValue>
</bind>
</comp>

<comp id="24" class="1001" name="const_24">
<pin_list>
<pin id="25" dir="1" index="0" bw="1" slack="0"/>
</pin_list>
<bind>
<StgValue><ssdm name="_ssdm_op_Read.ap_auto.i14"/></StgValue>
</bind>
</comp>

<comp id="26" class="1001" name="const_26">
<pin_list>
<pin id="27" dir="1" index="0" bw="1" slack="0"/>
</pin_list>
<bind>
<StgValue><ssdm name="mem2streamV2<256u, 1u>.6"/></StgValue>
</bind>
</comp>

<comp id="28" class="1001" name="const_28">
<pin_list>
<pin id="29" dir="1" index="0" bw="1" slack="0"/>
</pin_list>
<bind>
<StgValue><ssdm name="mem2streamV2<256u, 1u>.7"/></StgValue>
</bind>
</comp>

<comp id="30" class="1001" name="const_30">
<pin_list>
<pin id="31" dir="1" index="0" bw="1" slack="2147483647"/>
</pin_list>
<bind>
<StgValue><ssdm name="_ssdm_op_SpecDataflowPipeline"/></StgValue>
</bind>
</comp>

<comp id="32" class="1001" name="const_32">
<pin_list>
<pin id="33" dir="1" index="0" bw="1" slack="2147483647"/>
</pin_list>
<bind>
<StgValue><ssdm name=""/></StgValue>
</bind>
</comp>

<comp id="34" class="1001" name="const_34">
<pin_list>
<pin id="35" dir="1" index="0" bw="1" slack="2147483647"/>
</pin_list>
<bind>
<StgValue><ssdm name=""/></StgValue>
</bind>
</comp>

<comp id="36" class="1001" name="const_36">
<pin_list>
<pin id="37" dir="1" index="0" bw="1" slack="2147483647"/>
</pin_list>
<bind>
<StgValue><ssdm name="empty_49"/></StgValue>
</bind>
</comp>

<comp id="38" class="1001" name="const_38">
<pin_list>
<pin id="39" dir="1" index="0" bw="1" slack="2147483647"/>
</pin_list>
<bind>
<StgValue><ssdm name="_ssdm_op_SpecInterface"/></StgValue>
</bind>
</comp>

<comp id="40" class="1001" name="const_40">
<pin_list>
<pin id="41" dir="1" index="0" bw="1" slack="2147483647"/>
</pin_list>
<bind>
<StgValue><ssdm name="empty_58"/></StgValue>
</bind>
</comp>

<comp id="42" class="1001" name="const_42">
<pin_list>
<pin id="43" dir="1" index="0" bw="1" slack="2147483647"/>
</pin_list>
<bind>
<StgValue><ssdm name=""/></StgValue>
</bind>
</comp>

<comp id="44" class="1001" name="const_44">
<pin_list>
<pin id="45" dir="1" index="0" bw="1" slack="2147483647"/>
</pin_list>
<bind>
<StgValue><ssdm name=""/></StgValue>
</bind>
</comp>

<comp id="46" class="1001" name="const_46">
<pin_list>
<pin id="47" dir="1" index="0" bw="1" slack="2147483647"/>
</pin_list>
<bind>
<StgValue><ssdm name="empty_66"/></StgValue>
</bind>
</comp>

<comp id="48" class="1001" name="const_48">
<pin_list>
<pin id="49" dir="1" index="0" bw="1" slack="2147483647"/>
</pin_list>
<bind>
<StgValue><ssdm name="empty_51"/></StgValue>
</bind>
</comp>

<comp id="50" class="1001" name="const_50">
<pin_list>
<pin id="51" dir="1" index="0" bw="1" slack="2147483647"/>
</pin_list>
<bind>
<StgValue><ssdm name=""/></StgValue>
</bind>
</comp>

<comp id="52" class="1001" name="const_52">
<pin_list>
<pin id="53" dir="1" index="0" bw="1" slack="2147483647"/>
</pin_list>
<bind>
<StgValue><ssdm name=""/></StgValue>
</bind>
</comp>

<comp id="54" class="1001" name="const_54">
<pin_list>
<pin id="55" dir="1" index="0" bw="1" slack="2147483647"/>
</pin_list>
<bind>
<StgValue><ssdm name="empty_77"/></StgValue>
</bind>
</comp>

<comp id="56" class="1001" name="const_56">
<pin_list>
<pin id="57" dir="1" index="0" bw="1" slack="2147483647"/>
</pin_list>
<bind>
<StgValue><ssdm name="empty_47"/></StgValue>
</bind>
</comp>

<comp id="58" class="1004" name="mem_in_read_read_fu_58">
<pin_list>
<pin id="59" dir="0" index="0" bw="64" slack="0"/>
<pin id="60" dir="0" index="1" bw="64" slack="0"/>
<pin id="61" dir="1" index="2" bw="64" slack="0"/>
</pin_list>
<bind>
<opcode="read(1150) " fcode="read"/>
<opset="mem_in_read/1 "/>
</bind>
</comp>

<comp id="64" class="1004" name="p_read25_read_fu_64">
<pin_list>
<pin id="65" dir="0" index="0" bw="1" slack="0"/>
<pin id="66" dir="0" index="1" bw="1" slack="0"/>
<pin id="67" dir="1" index="2" bw="1" slack="0"/>
</pin_list>
<bind>
<opcode="read(1150) " fcode="read"/>
<opset="p_read25/1 "/>
</bind>
</comp>

<comp id="70" class="1004" name="mem_in1_read_read_fu_70">
<pin_list>
<pin id="71" dir="0" index="0" bw="64" slack="0"/>
<pin id="72" dir="0" index="1" bw="64" slack="0"/>
<pin id="73" dir="1" index="2" bw="64" slack="0"/>
</pin_list>
<bind>
<opcode="read(1150) " fcode="read"/>
<opset="mem_in1_read/2 "/>
</bind>
</comp>

<comp id="76" class="1004" name="p_read14_read_fu_76">
<pin_list>
<pin id="77" dir="0" index="0" bw="14" slack="0"/>
<pin id="78" dir="0" index="1" bw="14" slack="0"/>
<pin id="79" dir="1" index="2" bw="14" slack="0"/>
</pin_list>
<bind>
<opcode="read(1150) " fcode="read"/>
<opset="p_read14/2 "/>
</bind>
</comp>

<comp id="82" class="1004" name="p_read_40_read_fu_82">
<pin_list>
<pin id="83" dir="0" index="0" bw="14" slack="0"/>
<pin id="84" dir="0" index="1" bw="14" slack="0"/>
<pin id="85" dir="1" index="2" bw="14" slack="0"/>
</pin_list>
<bind>
<opcode="read(1150) " fcode="read"/>
<opset="p_read_40/2 "/>
</bind>
</comp>

<comp id="88" class="1004" name="add_ln5812_loc_channel_interleaveTileMem2Stream2D_inner_Block_entry3_proc_fu_88">
<pin_list>
<pin id="89" dir="0" index="0" bw="64" slack="0"/>
<pin id="90" dir="0" index="1" bw="1" slack="0"/>
<pin id="91" dir="0" index="2" bw="64" slack="0"/>
<pin id="92" dir="1" index="3" bw="64" slack="1"/>
</pin_list>
<bind>
<opcode="call(48) " fcode="call"/>
<opset="add_ln5812_loc_channel/1 "/>
</bind>
</comp>

<comp id="96" class="1004" name="grp_mem2streamV2_256u_1u_6_fu_96">
<pin_list>
<pin id="97" dir="0" index="0" bw="0" slack="0"/>
<pin id="98" dir="0" index="1" bw="256" slack="0"/>
<pin id="99" dir="0" index="2" bw="64" slack="1"/>
<pin id="100" dir="0" index="3" bw="256" slack="0"/>
<pin id="101" dir="0" index="4" bw="14" slack="0"/>
<pin id="102" dir="1" index="5" bw="0" slack="2147483647"/>
</pin_list>
<bind>
<opcode="call(48) " fcode="call"/>
<opset="call_ln5812/2 "/>
</bind>
</comp>

<comp id="107" class="1004" name="grp_mem2streamV2_256u_1u_7_fu_107">
<pin_list>
<pin id="108" dir="0" index="0" bw="0" slack="0"/>
<pin id="109" dir="0" index="1" bw="256" slack="0"/>
<pin id="110" dir="0" index="2" bw="64" slack="0"/>
<pin id="111" dir="0" index="3" bw="256" slack="0"/>
<pin id="112" dir="0" index="4" bw="14" slack="0"/>
<pin id="113" dir="1" index="5" bw="0" slack="2147483647"/>
</pin_list>
<bind>
<opcode="call(48) " fcode="call"/>
<opset="call_ln5812/2 "/>
</bind>
</comp>

<comp id="119" class="1005" name="add_ln5812_loc_channel_reg_119">
<pin_list>
<pin id="120" dir="0" index="0" bw="64" slack="1"/>
<pin id="121" dir="1" index="1" bw="64" slack="1"/>
</pin_list>
<bind>
<opset="add_ln5812_loc_channel "/>
</bind>
</comp>

<comp id="124" class="1005" name="mem_in1_read_reg_124">
<pin_list>
<pin id="125" dir="0" index="0" bw="64" slack="1"/>
<pin id="126" dir="1" index="1" bw="64" slack="1"/>
</pin_list>
<bind>
<opset="mem_in1_read "/>
</bind>
</comp>

<comp id="129" class="1005" name="p_read14_reg_129">
<pin_list>
<pin id="130" dir="0" index="0" bw="14" slack="1"/>
<pin id="131" dir="1" index="1" bw="14" slack="1"/>
</pin_list>
<bind>
<opset="p_read14 "/>
</bind>
</comp>

<comp id="134" class="1005" name="p_read_40_reg_134">
<pin_list>
<pin id="135" dir="0" index="0" bw="14" slack="1"/>
<pin id="136" dir="1" index="1" bw="14" slack="1"/>
</pin_list>
<bind>
<opset="p_read_40 "/>
</bind>
</comp>

</comp_list>

<net_list>
<net id="62"><net_src comp="18" pin="0"/><net_sink comp="58" pin=0"/></net>

<net id="63"><net_src comp="12" pin="0"/><net_sink comp="58" pin=1"/></net>

<net id="68"><net_src comp="20" pin="0"/><net_sink comp="64" pin=0"/></net>

<net id="69"><net_src comp="8" pin="0"/><net_sink comp="64" pin=1"/></net>

<net id="74"><net_src comp="18" pin="0"/><net_sink comp="70" pin=0"/></net>

<net id="75"><net_src comp="16" pin="0"/><net_sink comp="70" pin=1"/></net>

<net id="80"><net_src comp="24" pin="0"/><net_sink comp="76" pin=0"/></net>

<net id="81"><net_src comp="6" pin="0"/><net_sink comp="76" pin=1"/></net>

<net id="86"><net_src comp="24" pin="0"/><net_sink comp="82" pin=0"/></net>

<net id="87"><net_src comp="4" pin="0"/><net_sink comp="82" pin=1"/></net>

<net id="93"><net_src comp="22" pin="0"/><net_sink comp="88" pin=0"/></net>

<net id="94"><net_src comp="64" pin="2"/><net_sink comp="88" pin=1"/></net>

<net id="95"><net_src comp="58" pin="2"/><net_sink comp="88" pin=2"/></net>

<net id="103"><net_src comp="26" pin="0"/><net_sink comp="96" pin=0"/></net>

<net id="104"><net_src comp="10" pin="0"/><net_sink comp="96" pin=1"/></net>

<net id="105"><net_src comp="0" pin="0"/><net_sink comp="96" pin=3"/></net>

<net id="106"><net_src comp="82" pin="2"/><net_sink comp="96" pin=4"/></net>

<net id="114"><net_src comp="28" pin="0"/><net_sink comp="107" pin=0"/></net>

<net id="115"><net_src comp="14" pin="0"/><net_sink comp="107" pin=1"/></net>

<net id="116"><net_src comp="70" pin="2"/><net_sink comp="107" pin=2"/></net>

<net id="117"><net_src comp="2" pin="0"/><net_sink comp="107" pin=3"/></net>

<net id="118"><net_src comp="76" pin="2"/><net_sink comp="107" pin=4"/></net>

<net id="122"><net_src comp="88" pin="3"/><net_sink comp="119" pin=0"/></net>

<net id="123"><net_src comp="119" pin="1"/><net_sink comp="96" pin=2"/></net>

<net id="127"><net_src comp="70" pin="2"/><net_sink comp="124" pin=0"/></net>

<net id="128"><net_src comp="124" pin="1"/><net_sink comp="107" pin=2"/></net>

<net id="132"><net_src comp="76" pin="2"/><net_sink comp="129" pin=0"/></net>

<net id="133"><net_src comp="129" pin="1"/><net_sink comp="107" pin=4"/></net>

<net id="137"><net_src comp="82" pin="2"/><net_sink comp="134" pin=0"/></net>

<net id="138"><net_src comp="134" pin="1"/><net_sink comp="96" pin=4"/></net>

</net_list>

</model> 
---------------- Datapath Model END ------------------

* FSMD analyzer results:
  - Output states:
	Port: arg0_read_mem_strm_6 | {2 3 }
	Port: arg0_read_mem_strm_7 | {2 3 }
	Port: gmem6 | {}
	Port: gmem7 | {}
 - Input state : 
	Port: interleaveTileMem2Stream2D_inner : arg0_read_mem_strm_6 | {}
	Port: interleaveTileMem2Stream2D_inner : arg0_read_mem_strm_7 | {}
	Port: interleaveTileMem2Stream2D_inner : p_read | {2 }
	Port: interleaveTileMem2Stream2D_inner : p_read1 | {2 }
	Port: interleaveTileMem2Stream2D_inner : p_read2 | {1 }
	Port: interleaveTileMem2Stream2D_inner : gmem6 | {2 3 }
	Port: interleaveTileMem2Stream2D_inner : mem_in | {1 }
	Port: interleaveTileMem2Stream2D_inner : gmem7 | {2 3 }
	Port: interleaveTileMem2Stream2D_inner : mem_in1 | {2 }
  - Chain level:
	State 1
	State 2
	State 3


============================================================
+ Verbose Summary: Datapath Resource usage 
============================================================

* Functional unit list:
|----------|---------------------------------------------------------------------------------|---------|---------|---------|
| Operation|                                 Functional Unit                                 |  Delay  |    FF   |   LUT   |
|----------|---------------------------------------------------------------------------------|---------|---------|---------|
|          | add_ln5812_loc_channel_interleaveTileMem2Stream2D_inner_Block_entry3_proc_fu_88 |    0    |    0    |    71   |
|   call   |                         grp_mem2streamV2_256u_1u_6_fu_96                        |  0.774  |   696   |    51   |
|          |                        grp_mem2streamV2_256u_1u_7_fu_107                        |  0.774  |   696   |    51   |
|----------|---------------------------------------------------------------------------------|---------|---------|---------|
|          |                              mem_in_read_read_fu_58                             |    0    |    0    |    0    |
|          |                               p_read25_read_fu_64                               |    0    |    0    |    0    |
|   read   |                             mem_in1_read_read_fu_70                             |    0    |    0    |    0    |
|          |                               p_read14_read_fu_76                               |    0    |    0    |    0    |
|          |                               p_read_40_read_fu_82                              |    0    |    0    |    0    |
|----------|---------------------------------------------------------------------------------|---------|---------|---------|
|   Total  |                                                                                 |  1.548  |   1392  |   173   |
|----------|---------------------------------------------------------------------------------|---------|---------|---------|

Memories:
N/A

* Register list:
+------------------------------+--------+
|                              |   FF   |
+------------------------------+--------+
|add_ln5812_loc_channel_reg_119|   64   |
|     mem_in1_read_reg_124     |   64   |
|       p_read14_reg_129       |   14   |
|       p_read_40_reg_134      |   14   |
+------------------------------+--------+
|             Total            |   156  |
+------------------------------+--------+

* Multiplexer (MUX) list: 
|-----------------------------------|------|------|------|--------||---------||---------|
|                Comp               |  Pin | Size |  BW  | S x BW ||  Delay  ||   LUT   |
|-----------------------------------|------|------|------|--------||---------||---------|
|  grp_mem2streamV2_256u_1u_6_fu_96 |  p4  |   2  |  14  |   28   ||    9    |
| grp_mem2streamV2_256u_1u_7_fu_107 |  p2  |   2  |  64  |   128  ||    9    |
| grp_mem2streamV2_256u_1u_7_fu_107 |  p4  |   2  |  14  |   28   ||    9    |
|-----------------------------------|------|------|------|--------||---------||---------|
|               Total               |      |      |      |   184  ||  1.161  ||    27   |
|-----------------------------------|------|------|------|--------||---------||---------|



* Summary:
+-----------+--------+--------+--------+
|           |  Delay |   FF   |   LUT  |
+-----------+--------+--------+--------+
|  Function |    1   |  1392  |   173  |
|   Memory  |    -   |    -   |    -   |
|Multiplexer|    1   |    -   |   27   |
|  Register |    -   |   156  |    -   |
+-----------+--------+--------+--------+
|   Total   |    2   |  1548  |   200  |
+-----------+--------+--------+--------+
