

================================================================
== Vitis HLS Report for 'interleaveTileStream2mem2D_inner'
================================================================
* Date:           Thu Aug 13 05:31:18 2026

* Version:        2022.2 (Build 3670227 on Oct 13 2022)
* Project:        datamover_outerloop_0
* Solution:       solution (Vitis Kernel Flow Target)
* Product family: virtexuplus
* Target device:  xcu280-fsvh2892-2L-e


================================================================
== Performance Estimates
================================================================
+ Timing: 
    * Summary: 
    +--------+---------+----------+------------+
    |  Clock |  Target | Estimated| Uncertainty|
    +--------+---------+----------+------------+
    |ap_clk  |  3.33 ns|  2.433 ns|     0.90 ns|
    +--------+---------+----------+------------+

+ Latency: 
    * Summary: 
    +---------+---------+-----------+----------+-----+-----+----------+
    |  Latency (cycles) |  Latency (absolute)  |  Interval | Pipeline |
    |   min   |   max   |    min    |    max   | min | max |   Type   |
    +---------+---------+-----------+----------+-----+-----+----------+
    |        8|      376|  26.664 ns|  1.253 us|    8|  376|  dataflow|
    +---------+---------+-----------+----------+-----+-----+----------+

    + Detail: 
        * Instance: 
        N/A

        * Loop: 
        N/A

============================================================
+ Verbose Summary: Synthesis Manager
============================================================
InlineROM: 1
ExposeGlobal: 0
============================================================
+ Verbose Summary: CDFG Model
============================================================
IsTopModel: 0
ResetActiveHigh: 1
IsCombinational: 2
IsDatapathOnly: 0
HasWiredReturn: 1
HasMFsm: 0
HasVarLatency: 1
IsPipeline: 0
IsRtlPipelined: 0
IsInstanceOverlapped: 0
IsDontTouch: 0
HasImplIP: 0
IsGatedGlobalClock: 0


============================================================
+ Verbose Summary: Schedule
============================================================
* Number of FSM states : 3
* Pipeline : 0
* Dataflow Pipeline: 1
  DF-Pipeline-0: Size = 3, States = { 1 2 3 }

* FSM state transitions: 
1 --> 2 
2 --> 3 
3 --> 

* FSM state operations: 

State 1 <SV = 0> <Delay = 1.21>
ST_1 : Operation 4 [1/1] (0.00ns)   --->   "%p_read27 = read i13 @_ssdm_op_Read.ap_auto.i13, i13 %p_read2"   --->   Operation 4 'read' 'p_read27' <Predicate = true> <Delay = 0.00>
ST_1 : Operation 5 [1/1] (0.00ns)   --->   "%p_read_32 = read i14 @_ssdm_op_Read.ap_auto.i14, i14 %p_read"   --->   Operation 5 'read' 'p_read_32' <Predicate = true> <Delay = 0.00>
ST_1 : Operation 6 [1/1] (0.00ns)   --->   "%p_read2_c = alloca i64 1"   --->   Operation 6 'alloca' 'p_read2_c' <Predicate = true> <Delay = 0.00> <CoreInst = "FIFO_SRL">   --->   Core 81 'FIFO_SRL' <Latency = 0> <II = 1> <Delay = 1.33> <Storage> <Opcode : 'read' 'write' 'nbread' 'nbwrite'> <Ports = 0> <Width = 13> <Depth = 3> <FIFO>
ST_1 : Operation 7 [1/1] (0.00ns)   --->   "%p_read_c = alloca i64 1"   --->   Operation 7 'alloca' 'p_read_c' <Predicate = true> <Delay = 0.00> <CoreInst = "FIFO_SRL">   --->   Core 81 'FIFO_SRL' <Latency = 0> <II = 1> <Delay = 1.33> <Storage> <Opcode : 'read' 'write' 'nbread' 'nbwrite'> <Ports = 0> <Width = 14> <Depth = 3> <FIFO>
ST_1 : Operation 8 [1/1] (1.21ns)   --->   "%call_ln0 = call void @entry_proc, i14 %p_read_32, i14 %p_read_c, i13 %p_read27, i13 %p_read2_c"   --->   Operation 8 'call' 'call_ln0' <Predicate = true> <Delay = 1.21> <CoreType = "Generic">   --->   Core 0 '' <Latency = 0> <II = 1> <Delay = 1.00> <Generic> <Opcode : >

State 2 <SV = 1> <Delay = 2.36>
ST_2 : Operation 9 [1/1] (0.00ns)   --->   "%mem_out1_read = read i64 @_ssdm_op_Read.ap_auto.i64, i64 %mem_out1"   --->   Operation 9 'read' 'mem_out1_read' <Predicate = true> <Delay = 0.00>
ST_2 : Operation 10 [1/1] (0.00ns)   --->   "%mem_out_read = read i64 @_ssdm_op_Read.ap_auto.i64, i64 %mem_out"   --->   Operation 10 'read' 'mem_out_read' <Predicate = true> <Delay = 0.00>
ST_2 : Operation 11 [1/1] (0.00ns)   --->   "%p_read49 = read i1 @_ssdm_op_Read.ap_auto.i1, i1 %p_read4"   --->   Operation 11 'read' 'p_read49' <Predicate = true> <Delay = 0.00>
ST_2 : Operation 12 [1/1] (0.00ns)   --->   "%p_read38 = read i13 @_ssdm_op_Read.ap_auto.i13, i13 %p_read3"   --->   Operation 12 'read' 'p_read38' <Predicate = true> <Delay = 0.00>
ST_2 : Operation 13 [1/1] (0.00ns)   --->   "%p_read16 = read i14 @_ssdm_op_Read.ap_auto.i14, i14 %p_read1"   --->   Operation 13 'read' 'p_read16' <Predicate = true> <Delay = 0.00>
ST_2 : Operation 14 [1/1] (1.14ns)   --->   "%add_ln6036_loc_channel = call i64 @interleaveTileStream2mem2D_inner_Block_entry3_proc, i1 %p_read49, i64 %mem_out_read"   --->   Operation 14 'call' 'add_ln6036_loc_channel' <Predicate = true> <Delay = 1.14> <CoreInst = "FIFO_SRL">   --->   Core 81 'FIFO_SRL' <Latency = 0> <II = 1> <Delay = 1.40> <Storage> <Opcode : 'read' 'write' 'nbread' 'nbwrite'> <Ports = 0> <Width = 64> <Depth = 2> <FIFO>
ST_2 : Operation 15 [2/2] (1.21ns)   --->   "%call_ln6035 = call void @stream2memWithAvoidV3<256u, 1u>.13, i256 %gmem14, i64 %add_ln6036_loc_channel, i256 %arg1_write_mem_strm_6, i14 %p_read_c, i13 %p_read2_c" [/home/x_thileeb/repos/ops-hls-batching-new/OPS/ops/hls/include/device/../../L1/include/ops_hls_datamover.hpp:6035]   --->   Operation 15 'call' 'call_ln6035' <Predicate = true> <Delay = 1.21> <CoreType = "Generic">   --->   Core 0 '' <Latency = 0> <II = 1> <Delay = 1.00> <Generic> <Opcode : >
ST_2 : Operation 16 [2/2] (0.00ns)   --->   "%call_ln6035 = call void @stream2memWithAvoidV3<256u, 1u>.14, i256 %gmem15, i64 %mem_out1_read, i256 %arg1_write_mem_strm_7, i14 %p_read16, i13 %p_read38" [/home/x_thileeb/repos/ops-hls-batching-new/OPS/ops/hls/include/device/../../L1/include/ops_hls_datamover.hpp:6035]   --->   Operation 16 'call' 'call_ln6035' <Predicate = true> <Delay = 0.00> <CoreType = "Generic">   --->   Core 0 '' <Latency = 0> <II = 1> <Delay = 1.00> <Generic> <Opcode : >

State 3 <SV = 2> <Delay = 0.00>
ST_3 : Operation 17 [1/1] (0.00ns)   --->   "%empty = specchannel i32 @_ssdm_op_SpecChannel, void @p_OC_read2_c_str, i32 1, void @p_str, void @p_str, i32 3, i32 0, i13 %p_read2_c, i13 %p_read2_c"   --->   Operation 17 'specchannel' 'empty' <Predicate = true> <Delay = 0.00>
ST_3 : Operation 18 [1/1] (0.00ns)   --->   "%specinterface_ln0 = specinterface void @_ssdm_op_SpecInterface, i13 %p_read2_c, void @ap_fifo_str, i32 0, i32 0, void @p_str, i32 0, i32 0, void @p_str, void @p_str, void @p_str, i32 2, i32 2, i32 16, i32 16, void @p_str, void @p_str, i32 4294967295, i32 0"   --->   Operation 18 'specinterface' 'specinterface_ln0' <Predicate = true> <Delay = 0.00>
ST_3 : Operation 19 [1/1] (0.00ns)   --->   "%empty_149 = specchannel i32 @_ssdm_op_SpecChannel, void @p_OC_read_c_str, i32 1, void @p_str, void @p_str, i32 3, i32 0, i14 %p_read_c, i14 %p_read_c"   --->   Operation 19 'specchannel' 'empty_149' <Predicate = true> <Delay = 0.00>
ST_3 : Operation 20 [1/1] (0.00ns)   --->   "%specinterface_ln0 = specinterface void @_ssdm_op_SpecInterface, i14 %p_read_c, void @ap_fifo_str, i32 0, i32 0, void @p_str, i32 0, i32 0, void @p_str, void @p_str, void @p_str, i32 2, i32 2, i32 16, i32 16, void @p_str, void @p_str, i32 4294967295, i32 0"   --->   Operation 20 'specinterface' 'specinterface_ln0' <Predicate = true> <Delay = 0.00>
ST_3 : Operation 21 [1/1] (0.00ns)   --->   "%specdataflowpipeline_ln0 = specdataflowpipeline void @_ssdm_op_SpecDataflowPipeline, i32 4294967295, i32 0, void @empty_49"   --->   Operation 21 'specdataflowpipeline' 'specdataflowpipeline_ln0' <Predicate = true> <Delay = 0.00>
ST_3 : Operation 22 [1/1] (0.00ns)   --->   "%specinterface_ln0 = specinterface void @_ssdm_op_SpecInterface, i256 %gmem15, void @empty_58, i32 0, i32 0, void @empty_49, i32 40, i32 8192, void @empty_66, void @empty_51, void @empty_49, i32 4, i32 4, i32 16, i32 16, void @empty_49, void @empty_49, i32 4294967295, i32 0"   --->   Operation 22 'specinterface' 'specinterface_ln0' <Predicate = true> <Delay = 0.00>
ST_3 : Operation 23 [1/1] (0.00ns)   --->   "%specinterface_ln0 = specinterface void @_ssdm_op_SpecInterface, i256 %gmem14, void @empty_58, i32 0, i32 0, void @empty_49, i32 40, i32 8192, void @empty_77, void @empty_51, void @empty_49, i32 4, i32 4, i32 16, i32 16, void @empty_49, void @empty_49, i32 4294967295, i32 0"   --->   Operation 23 'specinterface' 'specinterface_ln0' <Predicate = true> <Delay = 0.00>
ST_3 : Operation 24 [1/1] (0.00ns)   --->   "%specinterface_ln0 = specinterface void @_ssdm_op_SpecInterface, i256 %arg1_write_mem_strm_6, void @empty_47, i32 0, i32 0, void @empty_49, i32 0, i32 0, void @empty_49, void @empty_49, void @empty_49, i32 0, i32 0, i32 0, i32 0, void @empty_49, void @empty_49, i32 4294967295, i32 0"   --->   Operation 24 'specinterface' 'specinterface_ln0' <Predicate = true> <Delay = 0.00>
ST_3 : Operation 25 [1/1] (0.00ns)   --->   "%specinterface_ln0 = specinterface void @_ssdm_op_SpecInterface, i256 %arg1_write_mem_strm_7, void @empty_47, i32 0, i32 0, void @empty_49, i32 0, i32 0, void @empty_49, void @empty_49, void @empty_49, i32 0, i32 0, i32 0, i32 0, void @empty_49, void @empty_49, i32 4294967295, i32 0"   --->   Operation 25 'specinterface' 'specinterface_ln0' <Predicate = true> <Delay = 0.00>
ST_3 : Operation 26 [1/2] (0.00ns)   --->   "%call_ln6035 = call void @stream2memWithAvoidV3<256u, 1u>.13, i256 %gmem14, i64 %add_ln6036_loc_channel, i256 %arg1_write_mem_strm_6, i14 %p_read_c, i13 %p_read2_c" [/home/x_thileeb/repos/ops-hls-batching-new/OPS/ops/hls/include/device/../../L1/include/ops_hls_datamover.hpp:6035]   --->   Operation 26 'call' 'call_ln6035' <Predicate = true> <Delay = 0.00> <CoreType = "Generic">   --->   Core 0 '' <Latency = 0> <II = 1> <Delay = 1.00> <Generic> <Opcode : >
ST_3 : Operation 27 [1/2] (0.00ns)   --->   "%call_ln6035 = call void @stream2memWithAvoidV3<256u, 1u>.14, i256 %gmem15, i64 %mem_out1_read, i256 %arg1_write_mem_strm_7, i14 %p_read16, i13 %p_read38" [/home/x_thileeb/repos/ops-hls-batching-new/OPS/ops/hls/include/device/../../L1/include/ops_hls_datamover.hpp:6035]   --->   Operation 27 'call' 'call_ln6035' <Predicate = true> <Delay = 0.00> <CoreType = "Generic">   --->   Core 0 '' <Latency = 0> <II = 1> <Delay = 1.00> <Generic> <Opcode : >
ST_3 : Operation 28 [1/1] (0.00ns)   --->   "%ret_ln6059 = ret" [/home/x_thileeb/repos/ops-hls-batching-new/OPS/ops/hls/include/device/../../L1/include/ops_hls_datamover.hpp:6059]   --->   Operation 28 'ret' 'ret_ln6059' <Predicate = true> <Delay = 0.00>


============================================================
+ Verbose Summary: Timing violations
============================================================
Target clock period: 3.33ns, clock uncertainty: 0.9ns.

 <State 1>: 1.22ns
The critical path consists of the following:
	wire read operation ('p_read27') on port 'p_read2' [16]  (0 ns)
	'call' operation ('call_ln0') to 'entry_proc' [30]  (1.22 ns)

 <State 2>: 2.36ns
The critical path consists of the following:
	wire read operation ('mem_out_read') on port 'mem_out' [13]  (0 ns)
	'call' operation ('add_ln6036_loc_channel') to 'interleaveTileStream2mem2D_inner_Block_entry3_proc' [31]  (1.15 ns)
	'call' operation ('call_ln6035', /home/x_thileeb/repos/ops-hls-batching-new/OPS/ops/hls/include/device/../../L1/include/ops_hls_datamover.hpp:6035) to 'stream2memWithAvoidV3<256u, 1u>.13' [32]  (1.22 ns)

 <State 3>: 0ns
The critical path consists of the following:


============================================================
+ Verbose Summary: Binding
============================================================
N/A
* FSMD analyzer results:
  - Output states:
 - Input state : 
  - Chain level:
	State 1
	State 2
	State 3


============================================================
+ Verbose Summary: Datapath Resource usage 
============================================================
N/A
