

================================================================
== Vitis HLS Report for 'reverseRedirectTile2D_Pipeline_beat_loop'
================================================================
* Date:           Thu Aug 13 05:31:08 2026

* Version:        2022.2 (Build 3670227 on Oct 13 2022)
* Project:        datamover_outerloop_0
* Solution:       solution (Vitis Kernel Flow Target)
* Product family: virtexuplus
* Target device:  xcu280-fsvh2892-2L-e


================================================================
== Performance Estimates
================================================================
+ Timing: 
    * Summary: 
    +--------+---------+----------+------------+
    |  Clock |  Target | Estimated| Uncertainty|
    +--------+---------+----------+------------+
    |ap_clk  |  3.33 ns|  1.801 ns|     0.90 ns|
    +--------+---------+----------+------------+

+ Latency: 
    * Summary: 
    +---------+---------+-----------+----------+-----+------+---------+
    |  Latency (cycles) |  Latency (absolute)  |  Interval  | Pipeline|
    |   min   |   max   |    min    |    max   | min |  max |   Type  |
    +---------+---------+-----------+----------+-----+------+---------+
    |        4|     1027|  13.332 ns|  3.423 us|    4|  1027|       no|
    +---------+---------+-----------+----------+-----+------+---------+

    + Detail: 
        * Instance: 
        N/A

        * Loop: 
        +-------------+---------+---------+----------+-----------+-----------+----------+----------+
        |             |  Latency (cycles) | Iteration|  Initiation Interval  |   Trip   |          |
        |  Loop Name  |   min   |   max   |  Latency |  achieved |   target  |   Count  | Pipelined|
        +-------------+---------+---------+----------+-----------+-----------+----------+----------+
        |- beat_loop  |        2|     1025|         3|          1|          1|  1 ~ 1024|       yes|
        +-------------+---------+---------+----------+-----------+-----------+----------+----------+

============================================================
+ Verbose Summary: Synthesis Manager
============================================================
InlineROM: 1
ExposeGlobal: 0
============================================================
+ Verbose Summary: CDFG Model
============================================================
IsTopModel: 0
ResetActiveHigh: 1
IsCombinational: 0
IsDatapathOnly: 0
HasWiredReturn: 1
HasMFsm: 2
HasVarLatency: 1
IsPipeline: 0
IsRtlPipelined: 0
IsInstanceOverlapped: 0
IsDontTouch: 0
HasImplIP: 0
IsGatedGlobalClock: 0

+ Individual pipeline summary: 
  * Pipeline-0: initiation interval (II) = 1, depth = 3


============================================================
+ Verbose Summary: Schedule
============================================================
* Number of FSM states : 3
* Pipeline : 1
  Pipeline-0 : II = 1, D = 3, States = { 1 2 3 }
* Dataflow Pipeline: 0

* FSM state transitions: 
1 --> 2 
2 --> 3 
3 --> 

* FSM state operations: 

State 1 <SV = 0> <Delay = 1.15>
ST_1 : Operation 6 [1/1] (0.00ns)   --->   "%x = alloca i32 1"   --->   Operation 6 'alloca' 'x' <Predicate = true> <Delay = 0.00>
ST_1 : Operation 7 [1/1] (0.00ns)   --->   "%icmp_ln7035_read = read i1 @_ssdm_op_Read.ap_auto.i1, i1 %icmp_ln7035"   --->   Operation 7 'read' 'icmp_ln7035_read' <Predicate = true> <Delay = 0.00>
ST_1 : Operation 8 [1/1] (0.00ns)   --->   "%m_14_read = read i3 @_ssdm_op_Read.ap_auto.i3, i3 %m_14"   --->   Operation 8 'read' 'm_14_read' <Predicate = true> <Delay = 0.00>
ST_1 : Operation 9 [1/1] (0.00ns)   --->   "%m_13_read = read i3 @_ssdm_op_Read.ap_auto.i3, i3 %m_13"   --->   Operation 9 'read' 'm_13_read' <Predicate = true> <Delay = 0.00>
ST_1 : Operation 10 [1/1] (0.00ns)   --->   "%m_12_read = read i3 @_ssdm_op_Read.ap_auto.i3, i3 %m_12"   --->   Operation 10 'read' 'm_12_read' <Predicate = true> <Delay = 0.00>
ST_1 : Operation 11 [1/1] (0.00ns)   --->   "%m_11_read = read i3 @_ssdm_op_Read.ap_auto.i3, i3 %m_11"   --->   Operation 11 'read' 'm_11_read' <Predicate = true> <Delay = 0.00>
ST_1 : Operation 12 [1/1] (0.00ns)   --->   "%m_10_read = read i3 @_ssdm_op_Read.ap_auto.i3, i3 %m_10"   --->   Operation 12 'read' 'm_10_read' <Predicate = true> <Delay = 0.00>
ST_1 : Operation 13 [1/1] (0.00ns)   --->   "%m_9_read = read i3 @_ssdm_op_Read.ap_auto.i3, i3 %m_9"   --->   Operation 13 'read' 'm_9_read' <Predicate = true> <Delay = 0.00>
ST_1 : Operation 14 [1/1] (0.00ns)   --->   "%m_8_read = read i3 @_ssdm_op_Read.ap_auto.i3, i3 %m_8"   --->   Operation 14 'read' 'm_8_read' <Predicate = true> <Delay = 0.00>
ST_1 : Operation 15 [1/1] (0.00ns)   --->   "%m_read = read i3 @_ssdm_op_Read.ap_auto.i3, i3 %m"   --->   Operation 15 'read' 'm_read' <Predicate = true> <Delay = 0.00>
ST_1 : Operation 16 [1/1] (0.00ns)   --->   "%zext_ln7022_read = read i13 @_ssdm_op_Read.ap_auto.i13, i13 %zext_ln7022"   --->   Operation 16 'read' 'zext_ln7022_read' <Predicate = true> <Delay = 0.00>
ST_1 : Operation 17 [1/1] (0.00ns)   --->   "%icmp_ln7035_1_read = read i1 @_ssdm_op_Read.ap_auto.i1, i1 %icmp_ln7035_1"   --->   Operation 17 'read' 'icmp_ln7035_1_read' <Predicate = true> <Delay = 0.00>
ST_1 : Operation 18 [1/1] (0.00ns)   --->   "%icmp_ln7035_2_read = read i1 @_ssdm_op_Read.ap_auto.i1, i1 %icmp_ln7035_2"   --->   Operation 18 'read' 'icmp_ln7035_2_read' <Predicate = true> <Delay = 0.00>
ST_1 : Operation 19 [1/1] (0.00ns)   --->   "%icmp_ln7035_3_read = read i1 @_ssdm_op_Read.ap_auto.i1, i1 %icmp_ln7035_3"   --->   Operation 19 'read' 'icmp_ln7035_3_read' <Predicate = true> <Delay = 0.00>
ST_1 : Operation 20 [1/1] (0.00ns)   --->   "%icmp_ln7035_4_read = read i1 @_ssdm_op_Read.ap_auto.i1, i1 %icmp_ln7035_4"   --->   Operation 20 'read' 'icmp_ln7035_4_read' <Predicate = true> <Delay = 0.00>
ST_1 : Operation 21 [1/1] (0.00ns)   --->   "%icmp_ln7035_5_read = read i1 @_ssdm_op_Read.ap_auto.i1, i1 %icmp_ln7035_5"   --->   Operation 21 'read' 'icmp_ln7035_5_read' <Predicate = true> <Delay = 0.00>
ST_1 : Operation 22 [1/1] (0.00ns)   --->   "%icmp_ln7035_6_read = read i1 @_ssdm_op_Read.ap_auto.i1, i1 %icmp_ln7035_6"   --->   Operation 22 'read' 'icmp_ln7035_6_read' <Predicate = true> <Delay = 0.00>
ST_1 : Operation 23 [1/1] (0.00ns)   --->   "%icmp_ln7035_7_read = read i1 @_ssdm_op_Read.ap_auto.i1, i1 %icmp_ln7035_7"   --->   Operation 23 'read' 'icmp_ln7035_7_read' <Predicate = true> <Delay = 0.00>
ST_1 : Operation 24 [1/1] (0.00ns)   --->   "%max_x_read = read i14 @_ssdm_op_Read.ap_auto.i14, i14 %max_x"   --->   Operation 24 'read' 'max_x_read' <Predicate = true> <Delay = 0.00>
ST_1 : Operation 25 [1/1] (0.00ns)   --->   "%zext_ln7022_cast = zext i13 %zext_ln7022_read"   --->   Operation 25 'zext' 'zext_ln7022_cast' <Predicate = true> <Delay = 0.00>
ST_1 : Operation 26 [1/1] (0.00ns)   --->   "%specinterface_ln0 = specinterface void @_ssdm_op_SpecInterface, i256 %arg1_write_mem_strm_0, void @empty_47, i32 0, i32 0, void @empty_49, i32 0, i32 0, void @empty_49, void @empty_49, void @empty_49, i32 0, i32 0, i32 0, i32 0, void @empty_49, void @empty_49, i32 4294967295, i32 0"   --->   Operation 26 'specinterface' 'specinterface_ln0' <Predicate = true> <Delay = 0.00>
ST_1 : Operation 27 [1/1] (0.00ns)   --->   "%specinterface_ln0 = specinterface void @_ssdm_op_SpecInterface, i256 %arg1_write_mem_strm_1, void @empty_47, i32 0, i32 0, void @empty_49, i32 0, i32 0, void @empty_49, void @empty_49, void @empty_49, i32 0, i32 0, i32 0, i32 0, void @empty_49, void @empty_49, i32 4294967295, i32 0"   --->   Operation 27 'specinterface' 'specinterface_ln0' <Predicate = true> <Delay = 0.00>
ST_1 : Operation 28 [1/1] (0.00ns)   --->   "%specinterface_ln0 = specinterface void @_ssdm_op_SpecInterface, i256 %arg1_write_mem_strm_2, void @empty_47, i32 0, i32 0, void @empty_49, i32 0, i32 0, void @empty_49, void @empty_49, void @empty_49, i32 0, i32 0, i32 0, i32 0, void @empty_49, void @empty_49, i32 4294967295, i32 0"   --->   Operation 28 'specinterface' 'specinterface_ln0' <Predicate = true> <Delay = 0.00>
ST_1 : Operation 29 [1/1] (0.00ns)   --->   "%specinterface_ln0 = specinterface void @_ssdm_op_SpecInterface, i256 %arg1_write_mem_strm_3, void @empty_47, i32 0, i32 0, void @empty_49, i32 0, i32 0, void @empty_49, void @empty_49, void @empty_49, i32 0, i32 0, i32 0, i32 0, void @empty_49, void @empty_49, i32 4294967295, i32 0"   --->   Operation 29 'specinterface' 'specinterface_ln0' <Predicate = true> <Delay = 0.00>
ST_1 : Operation 30 [1/1] (0.00ns)   --->   "%specinterface_ln0 = specinterface void @_ssdm_op_SpecInterface, i256 %arg1_write_mem_strm_4, void @empty_47, i32 0, i32 0, void @empty_49, i32 0, i32 0, void @empty_49, void @empty_49, void @empty_49, i32 0, i32 0, i32 0, i32 0, void @empty_49, void @empty_49, i32 4294967295, i32 0"   --->   Operation 30 'specinterface' 'specinterface_ln0' <Predicate = true> <Delay = 0.00>
ST_1 : Operation 31 [1/1] (0.00ns)   --->   "%specinterface_ln0 = specinterface void @_ssdm_op_SpecInterface, i256 %arg1_write_mem_strm_5, void @empty_47, i32 0, i32 0, void @empty_49, i32 0, i32 0, void @empty_49, void @empty_49, void @empty_49, i32 0, i32 0, i32 0, i32 0, void @empty_49, void @empty_49, i32 4294967295, i32 0"   --->   Operation 31 'specinterface' 'specinterface_ln0' <Predicate = true> <Delay = 0.00>
ST_1 : Operation 32 [1/1] (0.00ns)   --->   "%specinterface_ln0 = specinterface void @_ssdm_op_SpecInterface, i256 %arg1_write_mem_strm_6, void @empty_47, i32 0, i32 0, void @empty_49, i32 0, i32 0, void @empty_49, void @empty_49, void @empty_49, i32 0, i32 0, i32 0, i32 0, void @empty_49, void @empty_49, i32 4294967295, i32 0"   --->   Operation 32 'specinterface' 'specinterface_ln0' <Predicate = true> <Delay = 0.00>
ST_1 : Operation 33 [1/1] (0.00ns)   --->   "%specinterface_ln0 = specinterface void @_ssdm_op_SpecInterface, i256 %arg1_write_mem_strm_7, void @empty_47, i32 0, i32 0, void @empty_49, i32 0, i32 0, void @empty_49, void @empty_49, void @empty_49, i32 0, i32 0, i32 0, i32 0, void @empty_49, void @empty_49, i32 4294967295, i32 0"   --->   Operation 33 'specinterface' 'specinterface_ln0' <Predicate = true> <Delay = 0.00>
ST_1 : Operation 34 [1/1] (0.00ns)   --->   "%specinterface_ln0 = specinterface void @_ssdm_op_SpecInterface, i256 %arg1_write_mem_redirect_strm_0, void @empty_47, i32 0, i32 0, void @empty_49, i32 0, i32 0, void @empty_49, void @empty_49, void @empty_49, i32 0, i32 0, i32 0, i32 0, void @empty_49, void @empty_49, i32 4294967295, i32 0"   --->   Operation 34 'specinterface' 'specinterface_ln0' <Predicate = true> <Delay = 0.00>
ST_1 : Operation 35 [1/1] (0.00ns)   --->   "%specinterface_ln0 = specinterface void @_ssdm_op_SpecInterface, i256 %arg1_write_mem_redirect_strm_1, void @empty_47, i32 0, i32 0, void @empty_49, i32 0, i32 0, void @empty_49, void @empty_49, void @empty_49, i32 0, i32 0, i32 0, i32 0, void @empty_49, void @empty_49, i32 4294967295, i32 0"   --->   Operation 35 'specinterface' 'specinterface_ln0' <Predicate = true> <Delay = 0.00>
ST_1 : Operation 36 [1/1] (0.00ns)   --->   "%specinterface_ln0 = specinterface void @_ssdm_op_SpecInterface, i256 %arg1_write_mem_redirect_strm_2, void @empty_47, i32 0, i32 0, void @empty_49, i32 0, i32 0, void @empty_49, void @empty_49, void @empty_49, i32 0, i32 0, i32 0, i32 0, void @empty_49, void @empty_49, i32 4294967295, i32 0"   --->   Operation 36 'specinterface' 'specinterface_ln0' <Predicate = true> <Delay = 0.00>
ST_1 : Operation 37 [1/1] (0.00ns)   --->   "%specinterface_ln0 = specinterface void @_ssdm_op_SpecInterface, i256 %arg1_write_mem_redirect_strm_3, void @empty_47, i32 0, i32 0, void @empty_49, i32 0, i32 0, void @empty_49, void @empty_49, void @empty_49, i32 0, i32 0, i32 0, i32 0, void @empty_49, void @empty_49, i32 4294967295, i32 0"   --->   Operation 37 'specinterface' 'specinterface_ln0' <Predicate = true> <Delay = 0.00>
ST_1 : Operation 38 [1/1] (0.00ns)   --->   "%specinterface_ln0 = specinterface void @_ssdm_op_SpecInterface, i256 %arg1_write_mem_redirect_strm_4, void @empty_47, i32 0, i32 0, void @empty_49, i32 0, i32 0, void @empty_49, void @empty_49, void @empty_49, i32 0, i32 0, i32 0, i32 0, void @empty_49, void @empty_49, i32 4294967295, i32 0"   --->   Operation 38 'specinterface' 'specinterface_ln0' <Predicate = true> <Delay = 0.00>
ST_1 : Operation 39 [1/1] (0.00ns)   --->   "%specinterface_ln0 = specinterface void @_ssdm_op_SpecInterface, i256 %arg1_write_mem_redirect_strm_5, void @empty_47, i32 0, i32 0, void @empty_49, i32 0, i32 0, void @empty_49, void @empty_49, void @empty_49, i32 0, i32 0, i32 0, i32 0, void @empty_49, void @empty_49, i32 4294967295, i32 0"   --->   Operation 39 'specinterface' 'specinterface_ln0' <Predicate = true> <Delay = 0.00>
ST_1 : Operation 40 [1/1] (0.00ns)   --->   "%specinterface_ln0 = specinterface void @_ssdm_op_SpecInterface, i256 %arg1_write_mem_redirect_strm_6, void @empty_47, i32 0, i32 0, void @empty_49, i32 0, i32 0, void @empty_49, void @empty_49, void @empty_49, i32 0, i32 0, i32 0, i32 0, void @empty_49, void @empty_49, i32 4294967295, i32 0"   --->   Operation 40 'specinterface' 'specinterface_ln0' <Predicate = true> <Delay = 0.00>
ST_1 : Operation 41 [1/1] (0.00ns)   --->   "%specinterface_ln0 = specinterface void @_ssdm_op_SpecInterface, i256 %arg1_write_mem_redirect_strm_7, void @empty_47, i32 0, i32 0, void @empty_49, i32 0, i32 0, void @empty_49, void @empty_49, void @empty_49, i32 0, i32 0, i32 0, i32 0, void @empty_49, void @empty_49, i32 4294967295, i32 0"   --->   Operation 41 'specinterface' 'specinterface_ln0' <Predicate = true> <Delay = 0.00>
ST_1 : Operation 42 [1/1] (0.38ns)   --->   "%store_ln0 = store i14 0, i14 %x"   --->   Operation 42 'store' 'store_ln0' <Predicate = true> <Delay = 0.38>
ST_1 : Operation 43 [1/1] (0.00ns)   --->   "%br_ln0 = br void %for.body91"   --->   Operation 43 'br' 'br_ln0' <Predicate = true> <Delay = 0.00>
ST_1 : Operation 44 [1/1] (0.00ns)   --->   "%x_3 = load i14 %x" [/home/x_thileeb/repos/ops-hls-batching-new/OPS/ops/hls/include/device/../../L1/include/ops_hls_datamover.hpp:7055]   --->   Operation 44 'load' 'x_3' <Predicate = true> <Delay = 0.00>
ST_1 : Operation 45 [1/1] (0.65ns)   --->   "%icmp_ln7055 = icmp_eq  i14 %x_3, i14 %max_x_read" [/home/x_thileeb/repos/ops-hls-batching-new/OPS/ops/hls/include/device/../../L1/include/ops_hls_datamover.hpp:7055]   --->   Operation 45 'icmp' 'icmp_ln7055' <Predicate = true> <Delay = 0.65> <CoreInst = "Cmp">   --->   Core 9 'Cmp' <Latency = 0> <II = 1> <Delay = 0.65> <FuncUnit> <Opcode : 'icmp'> <InPorts = 2> <OutPorts = 1>
ST_1 : Operation 46 [1/1] (0.76ns)   --->   "%x_4 = add i14 %x_3, i14 1" [/home/x_thileeb/repos/ops-hls-batching-new/OPS/ops/hls/include/device/../../L1/include/ops_hls_datamover.hpp:7055]   --->   Operation 46 'add' 'x_4' <Predicate = true> <Delay = 0.76> <CoreInst = "Adder">   --->   Core 1 'Adder' <Latency = 0> <II = 1> <Delay = 0.76> <FuncUnit> <Opcode : 'add' 'sub'> <InPorts = 2> <OutPorts = 1>
ST_1 : Operation 47 [1/1] (0.00ns)   --->   "%br_ln7055 = br i1 %icmp_ln7055, void %for.body91.split, void %for.inc104.loopexit.exitStub" [/home/x_thileeb/repos/ops-hls-batching-new/OPS/ops/hls/include/device/../../L1/include/ops_hls_datamover.hpp:7055]   --->   Operation 47 'br' 'br_ln7055' <Predicate = true> <Delay = 0.00>
ST_1 : Operation 48 [1/1] (0.65ns)   --->   "%full_beat = icmp_ult  i14 %x_3, i14 %zext_ln7022_cast" [/home/x_thileeb/repos/ops-hls-batching-new/OPS/ops/hls/include/device/../../L1/include/ops_hls_datamover.hpp:7065]   --->   Operation 48 'icmp' 'full_beat' <Predicate = (!icmp_ln7055)> <Delay = 0.65> <CoreInst = "Cmp">   --->   Core 9 'Cmp' <Latency = 0> <II = 1> <Delay = 0.65> <FuncUnit> <Opcode : 'icmp'> <InPorts = 2> <OutPorts = 1>
ST_1 : Operation 49 [1/1] (0.12ns)   --->   "%write_cond = or i1 %full_beat, i1 %icmp_ln7035_read" [/home/x_thileeb/repos/ops-hls-batching-new/OPS/ops/hls/include/device/../../L1/include/ops_hls_datamover.hpp:7104]   --->   Operation 49 'or' 'write_cond' <Predicate = (!icmp_ln7055)> <Delay = 0.12> <CoreInst = "LogicGate">   --->   Core 74 'LogicGate' <Latency = 0> <II = 1> <Delay = 0.12> <FuncUnit> <Opcode : 'and' 'or' 'xor'> <InPorts = 2> <OutPorts = 1>
ST_1 : Operation 50 [1/1] (0.00ns)   --->   "%br_ln7105 = br i1 %write_cond, void %for.inc98, void %if.then" [/home/x_thileeb/repos/ops-hls-batching-new/OPS/ops/hls/include/device/../../L1/include/ops_hls_datamover.hpp:7105]   --->   Operation 50 'br' 'br_ln7105' <Predicate = (!icmp_ln7055)> <Delay = 0.00>
ST_1 : Operation 51 [1/1] (0.12ns)   --->   "%write_cond_1 = or i1 %full_beat, i1 %icmp_ln7035_1_read" [/home/x_thileeb/repos/ops-hls-batching-new/OPS/ops/hls/include/device/../../L1/include/ops_hls_datamover.hpp:7104]   --->   Operation 51 'or' 'write_cond_1' <Predicate = (!icmp_ln7055)> <Delay = 0.12> <CoreInst = "LogicGate">   --->   Core 74 'LogicGate' <Latency = 0> <II = 1> <Delay = 0.12> <FuncUnit> <Opcode : 'and' 'or' 'xor'> <InPorts = 2> <OutPorts = 1>
ST_1 : Operation 52 [1/1] (0.00ns)   --->   "%br_ln7105 = br i1 %write_cond_1, void %for.inc98.1, void %if.then.1" [/home/x_thileeb/repos/ops-hls-batching-new/OPS/ops/hls/include/device/../../L1/include/ops_hls_datamover.hpp:7105]   --->   Operation 52 'br' 'br_ln7105' <Predicate = (!icmp_ln7055)> <Delay = 0.00>
ST_1 : Operation 53 [1/1] (0.12ns)   --->   "%write_cond_2 = or i1 %full_beat, i1 %icmp_ln7035_2_read" [/home/x_thileeb/repos/ops-hls-batching-new/OPS/ops/hls/include/device/../../L1/include/ops_hls_datamover.hpp:7104]   --->   Operation 53 'or' 'write_cond_2' <Predicate = (!icmp_ln7055)> <Delay = 0.12> <CoreInst = "LogicGate">   --->   Core 74 'LogicGate' <Latency = 0> <II = 1> <Delay = 0.12> <FuncUnit> <Opcode : 'and' 'or' 'xor'> <InPorts = 2> <OutPorts = 1>
ST_1 : Operation 54 [1/1] (0.00ns)   --->   "%br_ln7105 = br i1 %write_cond_2, void %for.inc98.2, void %if.then.2" [/home/x_thileeb/repos/ops-hls-batching-new/OPS/ops/hls/include/device/../../L1/include/ops_hls_datamover.hpp:7105]   --->   Operation 54 'br' 'br_ln7105' <Predicate = (!icmp_ln7055)> <Delay = 0.00>
ST_1 : Operation 55 [1/1] (0.12ns)   --->   "%write_cond_3 = or i1 %full_beat, i1 %icmp_ln7035_3_read" [/home/x_thileeb/repos/ops-hls-batching-new/OPS/ops/hls/include/device/../../L1/include/ops_hls_datamover.hpp:7104]   --->   Operation 55 'or' 'write_cond_3' <Predicate = (!icmp_ln7055)> <Delay = 0.12> <CoreInst = "LogicGate">   --->   Core 74 'LogicGate' <Latency = 0> <II = 1> <Delay = 0.12> <FuncUnit> <Opcode : 'and' 'or' 'xor'> <InPorts = 2> <OutPorts = 1>
ST_1 : Operation 56 [1/1] (0.00ns)   --->   "%br_ln7105 = br i1 %write_cond_3, void %for.inc98.3, void %if.then.3" [/home/x_thileeb/repos/ops-hls-batching-new/OPS/ops/hls/include/device/../../L1/include/ops_hls_datamover.hpp:7105]   --->   Operation 56 'br' 'br_ln7105' <Predicate = (!icmp_ln7055)> <Delay = 0.00>
ST_1 : Operation 57 [1/1] (0.12ns)   --->   "%write_cond_4 = or i1 %full_beat, i1 %icmp_ln7035_4_read" [/home/x_thileeb/repos/ops-hls-batching-new/OPS/ops/hls/include/device/../../L1/include/ops_hls_datamover.hpp:7104]   --->   Operation 57 'or' 'write_cond_4' <Predicate = (!icmp_ln7055)> <Delay = 0.12> <CoreInst = "LogicGate">   --->   Core 74 'LogicGate' <Latency = 0> <II = 1> <Delay = 0.12> <FuncUnit> <Opcode : 'and' 'or' 'xor'> <InPorts = 2> <OutPorts = 1>
ST_1 : Operation 58 [1/1] (0.00ns)   --->   "%br_ln7105 = br i1 %write_cond_4, void %for.inc98.4, void %if.then.4" [/home/x_thileeb/repos/ops-hls-batching-new/OPS/ops/hls/include/device/../../L1/include/ops_hls_datamover.hpp:7105]   --->   Operation 58 'br' 'br_ln7105' <Predicate = (!icmp_ln7055)> <Delay = 0.00>
ST_1 : Operation 59 [1/1] (0.12ns)   --->   "%write_cond_5 = or i1 %full_beat, i1 %icmp_ln7035_5_read" [/home/x_thileeb/repos/ops-hls-batching-new/OPS/ops/hls/include/device/../../L1/include/ops_hls_datamover.hpp:7104]   --->   Operation 59 'or' 'write_cond_5' <Predicate = (!icmp_ln7055)> <Delay = 0.12> <CoreInst = "LogicGate">   --->   Core 74 'LogicGate' <Latency = 0> <II = 1> <Delay = 0.12> <FuncUnit> <Opcode : 'and' 'or' 'xor'> <InPorts = 2> <OutPorts = 1>
ST_1 : Operation 60 [1/1] (0.00ns)   --->   "%br_ln7105 = br i1 %write_cond_5, void %for.inc98.5, void %if.then.5" [/home/x_thileeb/repos/ops-hls-batching-new/OPS/ops/hls/include/device/../../L1/include/ops_hls_datamover.hpp:7105]   --->   Operation 60 'br' 'br_ln7105' <Predicate = (!icmp_ln7055)> <Delay = 0.00>
ST_1 : Operation 61 [1/1] (0.12ns)   --->   "%write_cond_6 = or i1 %full_beat, i1 %icmp_ln7035_6_read" [/home/x_thileeb/repos/ops-hls-batching-new/OPS/ops/hls/include/device/../../L1/include/ops_hls_datamover.hpp:7104]   --->   Operation 61 'or' 'write_cond_6' <Predicate = (!icmp_ln7055)> <Delay = 0.12> <CoreInst = "LogicGate">   --->   Core 74 'LogicGate' <Latency = 0> <II = 1> <Delay = 0.12> <FuncUnit> <Opcode : 'and' 'or' 'xor'> <InPorts = 2> <OutPorts = 1>
ST_1 : Operation 62 [1/1] (0.00ns)   --->   "%br_ln7105 = br i1 %write_cond_6, void %for.inc98.6, void %if.then.6" [/home/x_thileeb/repos/ops-hls-batching-new/OPS/ops/hls/include/device/../../L1/include/ops_hls_datamover.hpp:7105]   --->   Operation 62 'br' 'br_ln7105' <Predicate = (!icmp_ln7055)> <Delay = 0.00>
ST_1 : Operation 63 [1/1] (0.12ns)   --->   "%write_cond_7 = or i1 %full_beat, i1 %icmp_ln7035_7_read" [/home/x_thileeb/repos/ops-hls-batching-new/OPS/ops/hls/include/device/../../L1/include/ops_hls_datamover.hpp:7104]   --->   Operation 63 'or' 'write_cond_7' <Predicate = (!icmp_ln7055)> <Delay = 0.12> <CoreInst = "LogicGate">   --->   Core 74 'LogicGate' <Latency = 0> <II = 1> <Delay = 0.12> <FuncUnit> <Opcode : 'and' 'or' 'xor'> <InPorts = 2> <OutPorts = 1>
ST_1 : Operation 64 [1/1] (0.00ns)   --->   "%br_ln7105 = br i1 %write_cond_7, void %for.inc98.7, void %if.then.7" [/home/x_thileeb/repos/ops-hls-batching-new/OPS/ops/hls/include/device/../../L1/include/ops_hls_datamover.hpp:7105]   --->   Operation 64 'br' 'br_ln7105' <Predicate = (!icmp_ln7055)> <Delay = 0.00>
ST_1 : Operation 65 [1/1] (0.38ns)   --->   "%store_ln7055 = store i14 %x_4, i14 %x" [/home/x_thileeb/repos/ops-hls-batching-new/OPS/ops/hls/include/device/../../L1/include/ops_hls_datamover.hpp:7055]   --->   Operation 65 'store' 'store_ln7055' <Predicate = (!icmp_ln7055)> <Delay = 0.38>
ST_1 : Operation 66 [1/1] (0.00ns)   --->   "%br_ln7055 = br void %for.body91" [/home/x_thileeb/repos/ops-hls-batching-new/OPS/ops/hls/include/device/../../L1/include/ops_hls_datamover.hpp:7055]   --->   Operation 66 'br' 'br_ln7055' <Predicate = (!icmp_ln7055)> <Delay = 0.00>

State 2 <SV = 1> <Delay = 1.80>
ST_2 : Operation 67 [1/1] (0.00ns)   --->   "%specpipeline_ln7057 = specpipeline void @_ssdm_op_SpecPipeline, i32 1, i32 0, i32 0, i32 0, void @empty_49" [/home/x_thileeb/repos/ops-hls-batching-new/OPS/ops/hls/include/device/../../L1/include/ops_hls_datamover.hpp:7057]   --->   Operation 67 'specpipeline' 'specpipeline_ln7057' <Predicate = true> <Delay = 0.00>
ST_2 : Operation 68 [1/1] (0.00ns)   --->   "%speclooptripcount_ln7058 = speclooptripcount void @_ssdm_op_SpecLoopTripCount, i64 1, i64 1024, i64 512" [/home/x_thileeb/repos/ops-hls-batching-new/OPS/ops/hls/include/device/../../L1/include/ops_hls_datamover.hpp:7058]   --->   Operation 68 'speclooptripcount' 'speclooptripcount_ln7058' <Predicate = true> <Delay = 0.00>
ST_2 : Operation 69 [1/1] (0.00ns)   --->   "%specloopname_ln7055 = specloopname void @_ssdm_op_SpecLoopName, void @empty_6" [/home/x_thileeb/repos/ops-hls-batching-new/OPS/ops/hls/include/device/../../L1/include/ops_hls_datamover.hpp:7055]   --->   Operation 69 'specloopname' 'specloopname_ln7055' <Predicate = true> <Delay = 0.00>
ST_2 : Operation 70 [1/1] (1.21ns)   --->   "%arg1_write_mem_redirect_strm_0_read = read i256 @_ssdm_op_Read.ap_fifo.volatile.i256P0A, i256 %arg1_write_mem_redirect_strm_0" [/home/x_thileeb/repos/ops-hls-batching-new/OPS/ops/hls/include/device/../../L1/include/ops_hls_datamover.hpp:7072]   --->   Operation 70 'read' 'arg1_write_mem_redirect_strm_0_read' <Predicate = true> <Delay = 1.21> <CoreInst = "FIFO_SRL">   --->   Core 81 'FIFO_SRL' <Latency = 0> <II = 1> <Delay = 1.42> <Storage> <Opcode : 'read' 'write' 'nbread' 'nbwrite'> <Ports = 0> <Width = 256> <Depth = 2> <FIFO>
ST_2 : Operation 71 [1/1] (0.00ns)   --->   "%tmp_V = call i256 @register_it<ap_uint<256> >, i256 %arg1_write_mem_redirect_strm_0_read" [/home/x_thileeb/repos/ops-hls-batching-new/OPS/ops/hls/include/device/../../L1/include/ops_hls_datamover.hpp:7072]   --->   Operation 71 'call' 'tmp_V' <Predicate = true> <Delay = 0.00> <CoreType = "Generic">   --->   Core 0 '' <Latency = 0> <II = 1> <Delay = 1.00> <Generic> <Opcode : >
ST_2 : Operation 72 [1/1] (1.21ns)   --->   "%arg1_write_mem_redirect_strm_1_read = read i256 @_ssdm_op_Read.ap_fifo.volatile.i256P0A, i256 %arg1_write_mem_redirect_strm_1" [/home/x_thileeb/repos/ops-hls-batching-new/OPS/ops/hls/include/device/../../L1/include/ops_hls_datamover.hpp:7072]   --->   Operation 72 'read' 'arg1_write_mem_redirect_strm_1_read' <Predicate = true> <Delay = 1.21> <CoreInst = "FIFO_SRL">   --->   Core 81 'FIFO_SRL' <Latency = 0> <II = 1> <Delay = 1.42> <Storage> <Opcode : 'read' 'write' 'nbread' 'nbwrite'> <Ports = 0> <Width = 256> <Depth = 2> <FIFO>
ST_2 : Operation 73 [1/1] (0.00ns)   --->   "%tmp_V_1 = call i256 @register_it<ap_uint<256> >, i256 %arg1_write_mem_redirect_strm_1_read" [/home/x_thileeb/repos/ops-hls-batching-new/OPS/ops/hls/include/device/../../L1/include/ops_hls_datamover.hpp:7072]   --->   Operation 73 'call' 'tmp_V_1' <Predicate = true> <Delay = 0.00> <CoreType = "Generic">   --->   Core 0 '' <Latency = 0> <II = 1> <Delay = 1.00> <Generic> <Opcode : >
ST_2 : Operation 74 [1/1] (1.21ns)   --->   "%arg1_write_mem_redirect_strm_2_read = read i256 @_ssdm_op_Read.ap_fifo.volatile.i256P0A, i256 %arg1_write_mem_redirect_strm_2" [/home/x_thileeb/repos/ops-hls-batching-new/OPS/ops/hls/include/device/../../L1/include/ops_hls_datamover.hpp:7072]   --->   Operation 74 'read' 'arg1_write_mem_redirect_strm_2_read' <Predicate = true> <Delay = 1.21> <CoreInst = "FIFO_SRL">   --->   Core 81 'FIFO_SRL' <Latency = 0> <II = 1> <Delay = 1.42> <Storage> <Opcode : 'read' 'write' 'nbread' 'nbwrite'> <Ports = 0> <Width = 256> <Depth = 2> <FIFO>
ST_2 : Operation 75 [1/1] (0.00ns)   --->   "%tmp_V_2 = call i256 @register_it<ap_uint<256> >, i256 %arg1_write_mem_redirect_strm_2_read" [/home/x_thileeb/repos/ops-hls-batching-new/OPS/ops/hls/include/device/../../L1/include/ops_hls_datamover.hpp:7072]   --->   Operation 75 'call' 'tmp_V_2' <Predicate = true> <Delay = 0.00> <CoreType = "Generic">   --->   Core 0 '' <Latency = 0> <II = 1> <Delay = 1.00> <Generic> <Opcode : >
ST_2 : Operation 76 [1/1] (1.21ns)   --->   "%arg1_write_mem_redirect_strm_3_read = read i256 @_ssdm_op_Read.ap_fifo.volatile.i256P0A, i256 %arg1_write_mem_redirect_strm_3" [/home/x_thileeb/repos/ops-hls-batching-new/OPS/ops/hls/include/device/../../L1/include/ops_hls_datamover.hpp:7072]   --->   Operation 76 'read' 'arg1_write_mem_redirect_strm_3_read' <Predicate = true> <Delay = 1.21> <CoreInst = "FIFO_SRL">   --->   Core 81 'FIFO_SRL' <Latency = 0> <II = 1> <Delay = 1.42> <Storage> <Opcode : 'read' 'write' 'nbread' 'nbwrite'> <Ports = 0> <Width = 256> <Depth = 2> <FIFO>
ST_2 : Operation 77 [1/1] (0.00ns)   --->   "%tmp_V_3 = call i256 @register_it<ap_uint<256> >, i256 %arg1_write_mem_redirect_strm_3_read" [/home/x_thileeb/repos/ops-hls-batching-new/OPS/ops/hls/include/device/../../L1/include/ops_hls_datamover.hpp:7072]   --->   Operation 77 'call' 'tmp_V_3' <Predicate = true> <Delay = 0.00> <CoreType = "Generic">   --->   Core 0 '' <Latency = 0> <II = 1> <Delay = 1.00> <Generic> <Opcode : >
ST_2 : Operation 78 [1/1] (1.21ns)   --->   "%arg1_write_mem_redirect_strm_4_read = read i256 @_ssdm_op_Read.ap_fifo.volatile.i256P0A, i256 %arg1_write_mem_redirect_strm_4" [/home/x_thileeb/repos/ops-hls-batching-new/OPS/ops/hls/include/device/../../L1/include/ops_hls_datamover.hpp:7072]   --->   Operation 78 'read' 'arg1_write_mem_redirect_strm_4_read' <Predicate = true> <Delay = 1.21> <CoreInst = "FIFO_SRL">   --->   Core 81 'FIFO_SRL' <Latency = 0> <II = 1> <Delay = 1.42> <Storage> <Opcode : 'read' 'write' 'nbread' 'nbwrite'> <Ports = 0> <Width = 256> <Depth = 2> <FIFO>
ST_2 : Operation 79 [1/1] (0.00ns)   --->   "%tmp_V_4 = call i256 @register_it<ap_uint<256> >, i256 %arg1_write_mem_redirect_strm_4_read" [/home/x_thileeb/repos/ops-hls-batching-new/OPS/ops/hls/include/device/../../L1/include/ops_hls_datamover.hpp:7072]   --->   Operation 79 'call' 'tmp_V_4' <Predicate = true> <Delay = 0.00> <CoreType = "Generic">   --->   Core 0 '' <Latency = 0> <II = 1> <Delay = 1.00> <Generic> <Opcode : >
ST_2 : Operation 80 [1/1] (1.21ns)   --->   "%arg1_write_mem_redirect_strm_5_read = read i256 @_ssdm_op_Read.ap_fifo.volatile.i256P0A, i256 %arg1_write_mem_redirect_strm_5" [/home/x_thileeb/repos/ops-hls-batching-new/OPS/ops/hls/include/device/../../L1/include/ops_hls_datamover.hpp:7072]   --->   Operation 80 'read' 'arg1_write_mem_redirect_strm_5_read' <Predicate = true> <Delay = 1.21> <CoreInst = "FIFO_SRL">   --->   Core 81 'FIFO_SRL' <Latency = 0> <II = 1> <Delay = 1.42> <Storage> <Opcode : 'read' 'write' 'nbread' 'nbwrite'> <Ports = 0> <Width = 256> <Depth = 2> <FIFO>
ST_2 : Operation 81 [1/1] (0.00ns)   --->   "%tmp_V_5 = call i256 @register_it<ap_uint<256> >, i256 %arg1_write_mem_redirect_strm_5_read" [/home/x_thileeb/repos/ops-hls-batching-new/OPS/ops/hls/include/device/../../L1/include/ops_hls_datamover.hpp:7072]   --->   Operation 81 'call' 'tmp_V_5' <Predicate = true> <Delay = 0.00> <CoreType = "Generic">   --->   Core 0 '' <Latency = 0> <II = 1> <Delay = 1.00> <Generic> <Opcode : >
ST_2 : Operation 82 [1/1] (1.21ns)   --->   "%arg1_write_mem_redirect_strm_6_read = read i256 @_ssdm_op_Read.ap_fifo.volatile.i256P0A, i256 %arg1_write_mem_redirect_strm_6" [/home/x_thileeb/repos/ops-hls-batching-new/OPS/ops/hls/include/device/../../L1/include/ops_hls_datamover.hpp:7072]   --->   Operation 82 'read' 'arg1_write_mem_redirect_strm_6_read' <Predicate = true> <Delay = 1.21> <CoreInst = "FIFO_SRL">   --->   Core 81 'FIFO_SRL' <Latency = 0> <II = 1> <Delay = 1.42> <Storage> <Opcode : 'read' 'write' 'nbread' 'nbwrite'> <Ports = 0> <Width = 256> <Depth = 2> <FIFO>
ST_2 : Operation 83 [1/1] (0.00ns)   --->   "%tmp_V_6 = call i256 @register_it<ap_uint<256> >, i256 %arg1_write_mem_redirect_strm_6_read" [/home/x_thileeb/repos/ops-hls-batching-new/OPS/ops/hls/include/device/../../L1/include/ops_hls_datamover.hpp:7072]   --->   Operation 83 'call' 'tmp_V_6' <Predicate = true> <Delay = 0.00> <CoreType = "Generic">   --->   Core 0 '' <Latency = 0> <II = 1> <Delay = 1.00> <Generic> <Opcode : >
ST_2 : Operation 84 [1/1] (1.21ns)   --->   "%arg1_write_mem_redirect_strm_7_read = read i256 @_ssdm_op_Read.ap_fifo.volatile.i256P0A, i256 %arg1_write_mem_redirect_strm_7" [/home/x_thileeb/repos/ops-hls-batching-new/OPS/ops/hls/include/device/../../L1/include/ops_hls_datamover.hpp:7072]   --->   Operation 84 'read' 'arg1_write_mem_redirect_strm_7_read' <Predicate = true> <Delay = 1.21> <CoreInst = "FIFO_SRL">   --->   Core 81 'FIFO_SRL' <Latency = 0> <II = 1> <Delay = 1.42> <Storage> <Opcode : 'read' 'write' 'nbread' 'nbwrite'> <Ports = 0> <Width = 256> <Depth = 2> <FIFO>
ST_2 : Operation 85 [1/1] (0.00ns)   --->   "%tmp_V_7 = call i256 @register_it<ap_uint<256> >, i256 %arg1_write_mem_redirect_strm_7_read" [/home/x_thileeb/repos/ops-hls-batching-new/OPS/ops/hls/include/device/../../L1/include/ops_hls_datamover.hpp:7072]   --->   Operation 85 'call' 'tmp_V_7' <Predicate = true> <Delay = 0.00> <CoreType = "Generic">   --->   Core 0 '' <Latency = 0> <II = 1> <Delay = 1.00> <Generic> <Opcode : >
ST_2 : Operation 86 [1/1] (0.58ns)   --->   "%p_s = mux i256 @_ssdm_op_Mux.ap_auto.8i256.i3, i256 %tmp_V, i256 %tmp_V_1, i256 %tmp_V_2, i256 %tmp_V_3, i256 %tmp_V_4, i256 %tmp_V_5, i256 %tmp_V_6, i256 %tmp_V_7, i3 %m_read" [/home/x_thileeb/repos/ops-hls-batching-new/OPS/ops/hls/include/device/../../L1/include/ops_hls_datamover.hpp:7096]   --->   Operation 86 'mux' 'p_s' <Predicate = true> <Delay = 0.58> <CoreInst = "Multiplexer">   --->   Core 76 'Multiplexer' <Latency = 0> <II = 1> <Delay = 0.58> <FuncUnit> <Opcode : 'mux'> <InPorts = 2> <OutPorts = 1>
ST_2 : Operation 87 [1/1] (0.58ns)   --->   "%p_1 = mux i256 @_ssdm_op_Mux.ap_auto.8i256.i3, i256 %tmp_V, i256 %tmp_V_1, i256 %tmp_V_2, i256 %tmp_V_3, i256 %tmp_V_4, i256 %tmp_V_5, i256 %tmp_V_6, i256 %tmp_V_7, i3 %m_8_read" [/home/x_thileeb/repos/ops-hls-batching-new/OPS/ops/hls/include/device/../../L1/include/ops_hls_datamover.hpp:7096]   --->   Operation 87 'mux' 'p_1' <Predicate = true> <Delay = 0.58> <CoreInst = "Multiplexer">   --->   Core 76 'Multiplexer' <Latency = 0> <II = 1> <Delay = 0.58> <FuncUnit> <Opcode : 'mux'> <InPorts = 2> <OutPorts = 1>
ST_2 : Operation 88 [1/1] (0.58ns)   --->   "%p_2 = mux i256 @_ssdm_op_Mux.ap_auto.8i256.i3, i256 %tmp_V, i256 %tmp_V_1, i256 %tmp_V_2, i256 %tmp_V_3, i256 %tmp_V_4, i256 %tmp_V_5, i256 %tmp_V_6, i256 %tmp_V_7, i3 %m_9_read" [/home/x_thileeb/repos/ops-hls-batching-new/OPS/ops/hls/include/device/../../L1/include/ops_hls_datamover.hpp:7096]   --->   Operation 88 'mux' 'p_2' <Predicate = true> <Delay = 0.58> <CoreInst = "Multiplexer">   --->   Core 76 'Multiplexer' <Latency = 0> <II = 1> <Delay = 0.58> <FuncUnit> <Opcode : 'mux'> <InPorts = 2> <OutPorts = 1>
ST_2 : Operation 89 [1/1] (0.58ns)   --->   "%p_3 = mux i256 @_ssdm_op_Mux.ap_auto.8i256.i3, i256 %tmp_V, i256 %tmp_V_1, i256 %tmp_V_2, i256 %tmp_V_3, i256 %tmp_V_4, i256 %tmp_V_5, i256 %tmp_V_6, i256 %tmp_V_7, i3 %m_10_read" [/home/x_thileeb/repos/ops-hls-batching-new/OPS/ops/hls/include/device/../../L1/include/ops_hls_datamover.hpp:7096]   --->   Operation 89 'mux' 'p_3' <Predicate = true> <Delay = 0.58> <CoreInst = "Multiplexer">   --->   Core 76 'Multiplexer' <Latency = 0> <II = 1> <Delay = 0.58> <FuncUnit> <Opcode : 'mux'> <InPorts = 2> <OutPorts = 1>
ST_2 : Operation 90 [1/1] (0.58ns)   --->   "%p_4 = mux i256 @_ssdm_op_Mux.ap_auto.8i256.i3, i256 %tmp_V, i256 %tmp_V_1, i256 %tmp_V_2, i256 %tmp_V_3, i256 %tmp_V_4, i256 %tmp_V_5, i256 %tmp_V_6, i256 %tmp_V_7, i3 %m_11_read" [/home/x_thileeb/repos/ops-hls-batching-new/OPS/ops/hls/include/device/../../L1/include/ops_hls_datamover.hpp:7096]   --->   Operation 90 'mux' 'p_4' <Predicate = true> <Delay = 0.58> <CoreInst = "Multiplexer">   --->   Core 76 'Multiplexer' <Latency = 0> <II = 1> <Delay = 0.58> <FuncUnit> <Opcode : 'mux'> <InPorts = 2> <OutPorts = 1>
ST_2 : Operation 91 [1/1] (0.58ns)   --->   "%p_5 = mux i256 @_ssdm_op_Mux.ap_auto.8i256.i3, i256 %tmp_V, i256 %tmp_V_1, i256 %tmp_V_2, i256 %tmp_V_3, i256 %tmp_V_4, i256 %tmp_V_5, i256 %tmp_V_6, i256 %tmp_V_7, i3 %m_12_read" [/home/x_thileeb/repos/ops-hls-batching-new/OPS/ops/hls/include/device/../../L1/include/ops_hls_datamover.hpp:7096]   --->   Operation 91 'mux' 'p_5' <Predicate = true> <Delay = 0.58> <CoreInst = "Multiplexer">   --->   Core 76 'Multiplexer' <Latency = 0> <II = 1> <Delay = 0.58> <FuncUnit> <Opcode : 'mux'> <InPorts = 2> <OutPorts = 1>
ST_2 : Operation 92 [1/1] (0.58ns)   --->   "%p_6 = mux i256 @_ssdm_op_Mux.ap_auto.8i256.i3, i256 %tmp_V, i256 %tmp_V_1, i256 %tmp_V_2, i256 %tmp_V_3, i256 %tmp_V_4, i256 %tmp_V_5, i256 %tmp_V_6, i256 %tmp_V_7, i3 %m_13_read" [/home/x_thileeb/repos/ops-hls-batching-new/OPS/ops/hls/include/device/../../L1/include/ops_hls_datamover.hpp:7096]   --->   Operation 92 'mux' 'p_6' <Predicate = true> <Delay = 0.58> <CoreInst = "Multiplexer">   --->   Core 76 'Multiplexer' <Latency = 0> <II = 1> <Delay = 0.58> <FuncUnit> <Opcode : 'mux'> <InPorts = 2> <OutPorts = 1>
ST_2 : Operation 93 [1/1] (0.58ns)   --->   "%p_0 = mux i256 @_ssdm_op_Mux.ap_auto.8i256.i3, i256 %tmp_V, i256 %tmp_V_1, i256 %tmp_V_2, i256 %tmp_V_3, i256 %tmp_V_4, i256 %tmp_V_5, i256 %tmp_V_6, i256 %tmp_V_7, i3 %m_14_read" [/home/x_thileeb/repos/ops-hls-batching-new/OPS/ops/hls/include/device/../../L1/include/ops_hls_datamover.hpp:7096]   --->   Operation 93 'mux' 'p_0' <Predicate = true> <Delay = 0.58> <CoreInst = "Multiplexer">   --->   Core 76 'Multiplexer' <Latency = 0> <II = 1> <Delay = 0.58> <FuncUnit> <Opcode : 'mux'> <InPorts = 2> <OutPorts = 1>
ST_2 : Operation 110 [1/1] (0.00ns)   --->   "%ret_ln0 = ret"   --->   Operation 110 'ret' 'ret_ln0' <Predicate = (icmp_ln7055)> <Delay = 0.00>

State 3 <SV = 2> <Delay = 1.13>
ST_3 : Operation 94 [1/1] (1.13ns)   --->   "%write_ln7105 = write void @_ssdm_op_Write.ap_fifo.volatile.i256P0A, i256 %arg1_write_mem_strm_0, i256 %p_s" [/home/x_thileeb/repos/ops-hls-batching-new/OPS/ops/hls/include/device/../../L1/include/ops_hls_datamover.hpp:7105]   --->   Operation 94 'write' 'write_ln7105' <Predicate = (write_cond)> <Delay = 1.13> <CoreInst = "FIFO">   --->   Core 78 'FIFO' <Latency = 0> <II = 1> <Delay = 1.13> <Storage> <Opcode : 'read' 'write' 'nbread' 'nbwrite'> <Ports = 0> <Width = 256> <Depth = 16> <FIFO>
ST_3 : Operation 95 [1/1] (0.00ns)   --->   "%br_ln7105 = br void %for.inc98" [/home/x_thileeb/repos/ops-hls-batching-new/OPS/ops/hls/include/device/../../L1/include/ops_hls_datamover.hpp:7105]   --->   Operation 95 'br' 'br_ln7105' <Predicate = (write_cond)> <Delay = 0.00>
ST_3 : Operation 96 [1/1] (1.13ns)   --->   "%write_ln7105 = write void @_ssdm_op_Write.ap_fifo.volatile.i256P0A, i256 %arg1_write_mem_strm_1, i256 %p_1" [/home/x_thileeb/repos/ops-hls-batching-new/OPS/ops/hls/include/device/../../L1/include/ops_hls_datamover.hpp:7105]   --->   Operation 96 'write' 'write_ln7105' <Predicate = (write_cond_1)> <Delay = 1.13> <CoreInst = "FIFO">   --->   Core 78 'FIFO' <Latency = 0> <II = 1> <Delay = 1.13> <Storage> <Opcode : 'read' 'write' 'nbread' 'nbwrite'> <Ports = 0> <Width = 256> <Depth = 16> <FIFO>
ST_3 : Operation 97 [1/1] (0.00ns)   --->   "%br_ln7105 = br void %for.inc98.1" [/home/x_thileeb/repos/ops-hls-batching-new/OPS/ops/hls/include/device/../../L1/include/ops_hls_datamover.hpp:7105]   --->   Operation 97 'br' 'br_ln7105' <Predicate = (write_cond_1)> <Delay = 0.00>
ST_3 : Operation 98 [1/1] (1.13ns)   --->   "%write_ln7105 = write void @_ssdm_op_Write.ap_fifo.volatile.i256P0A, i256 %arg1_write_mem_strm_2, i256 %p_2" [/home/x_thileeb/repos/ops-hls-batching-new/OPS/ops/hls/include/device/../../L1/include/ops_hls_datamover.hpp:7105]   --->   Operation 98 'write' 'write_ln7105' <Predicate = (write_cond_2)> <Delay = 1.13> <CoreInst = "FIFO">   --->   Core 78 'FIFO' <Latency = 0> <II = 1> <Delay = 1.13> <Storage> <Opcode : 'read' 'write' 'nbread' 'nbwrite'> <Ports = 0> <Width = 256> <Depth = 16> <FIFO>
ST_3 : Operation 99 [1/1] (0.00ns)   --->   "%br_ln7105 = br void %for.inc98.2" [/home/x_thileeb/repos/ops-hls-batching-new/OPS/ops/hls/include/device/../../L1/include/ops_hls_datamover.hpp:7105]   --->   Operation 99 'br' 'br_ln7105' <Predicate = (write_cond_2)> <Delay = 0.00>
ST_3 : Operation 100 [1/1] (1.13ns)   --->   "%write_ln7105 = write void @_ssdm_op_Write.ap_fifo.volatile.i256P0A, i256 %arg1_write_mem_strm_3, i256 %p_3" [/home/x_thileeb/repos/ops-hls-batching-new/OPS/ops/hls/include/device/../../L1/include/ops_hls_datamover.hpp:7105]   --->   Operation 100 'write' 'write_ln7105' <Predicate = (write_cond_3)> <Delay = 1.13> <CoreInst = "FIFO">   --->   Core 78 'FIFO' <Latency = 0> <II = 1> <Delay = 1.13> <Storage> <Opcode : 'read' 'write' 'nbread' 'nbwrite'> <Ports = 0> <Width = 256> <Depth = 16> <FIFO>
ST_3 : Operation 101 [1/1] (0.00ns)   --->   "%br_ln7105 = br void %for.inc98.3" [/home/x_thileeb/repos/ops-hls-batching-new/OPS/ops/hls/include/device/../../L1/include/ops_hls_datamover.hpp:7105]   --->   Operation 101 'br' 'br_ln7105' <Predicate = (write_cond_3)> <Delay = 0.00>
ST_3 : Operation 102 [1/1] (1.13ns)   --->   "%write_ln7105 = write void @_ssdm_op_Write.ap_fifo.volatile.i256P0A, i256 %arg1_write_mem_strm_4, i256 %p_4" [/home/x_thileeb/repos/ops-hls-batching-new/OPS/ops/hls/include/device/../../L1/include/ops_hls_datamover.hpp:7105]   --->   Operation 102 'write' 'write_ln7105' <Predicate = (write_cond_4)> <Delay = 1.13> <CoreInst = "FIFO">   --->   Core 78 'FIFO' <Latency = 0> <II = 1> <Delay = 1.13> <Storage> <Opcode : 'read' 'write' 'nbread' 'nbwrite'> <Ports = 0> <Width = 256> <Depth = 16> <FIFO>
ST_3 : Operation 103 [1/1] (0.00ns)   --->   "%br_ln7105 = br void %for.inc98.4" [/home/x_thileeb/repos/ops-hls-batching-new/OPS/ops/hls/include/device/../../L1/include/ops_hls_datamover.hpp:7105]   --->   Operation 103 'br' 'br_ln7105' <Predicate = (write_cond_4)> <Delay = 0.00>
ST_3 : Operation 104 [1/1] (1.13ns)   --->   "%write_ln7105 = write void @_ssdm_op_Write.ap_fifo.volatile.i256P0A, i256 %arg1_write_mem_strm_5, i256 %p_5" [/home/x_thileeb/repos/ops-hls-batching-new/OPS/ops/hls/include/device/../../L1/include/ops_hls_datamover.hpp:7105]   --->   Operation 104 'write' 'write_ln7105' <Predicate = (write_cond_5)> <Delay = 1.13> <CoreInst = "FIFO">   --->   Core 78 'FIFO' <Latency = 0> <II = 1> <Delay = 1.13> <Storage> <Opcode : 'read' 'write' 'nbread' 'nbwrite'> <Ports = 0> <Width = 256> <Depth = 16> <FIFO>
ST_3 : Operation 105 [1/1] (0.00ns)   --->   "%br_ln7105 = br void %for.inc98.5" [/home/x_thileeb/repos/ops-hls-batching-new/OPS/ops/hls/include/device/../../L1/include/ops_hls_datamover.hpp:7105]   --->   Operation 105 'br' 'br_ln7105' <Predicate = (write_cond_5)> <Delay = 0.00>
ST_3 : Operation 106 [1/1] (1.13ns)   --->   "%write_ln7105 = write void @_ssdm_op_Write.ap_fifo.volatile.i256P0A, i256 %arg1_write_mem_strm_6, i256 %p_6" [/home/x_thileeb/repos/ops-hls-batching-new/OPS/ops/hls/include/device/../../L1/include/ops_hls_datamover.hpp:7105]   --->   Operation 106 'write' 'write_ln7105' <Predicate = (write_cond_6)> <Delay = 1.13> <CoreInst = "FIFO">   --->   Core 78 'FIFO' <Latency = 0> <II = 1> <Delay = 1.13> <Storage> <Opcode : 'read' 'write' 'nbread' 'nbwrite'> <Ports = 0> <Width = 256> <Depth = 16> <FIFO>
ST_3 : Operation 107 [1/1] (0.00ns)   --->   "%br_ln7105 = br void %for.inc98.6" [/home/x_thileeb/repos/ops-hls-batching-new/OPS/ops/hls/include/device/../../L1/include/ops_hls_datamover.hpp:7105]   --->   Operation 107 'br' 'br_ln7105' <Predicate = (write_cond_6)> <Delay = 0.00>
ST_3 : Operation 108 [1/1] (1.13ns)   --->   "%write_ln7105 = write void @_ssdm_op_Write.ap_fifo.volatile.i256P0A, i256 %arg1_write_mem_strm_7, i256 %p_0" [/home/x_thileeb/repos/ops-hls-batching-new/OPS/ops/hls/include/device/../../L1/include/ops_hls_datamover.hpp:7105]   --->   Operation 108 'write' 'write_ln7105' <Predicate = (write_cond_7)> <Delay = 1.13> <CoreInst = "FIFO">   --->   Core 78 'FIFO' <Latency = 0> <II = 1> <Delay = 1.13> <Storage> <Opcode : 'read' 'write' 'nbread' 'nbwrite'> <Ports = 0> <Width = 256> <Depth = 16> <FIFO>
ST_3 : Operation 109 [1/1] (0.00ns)   --->   "%br_ln7105 = br void %for.inc98.7" [/home/x_thileeb/repos/ops-hls-batching-new/OPS/ops/hls/include/device/../../L1/include/ops_hls_datamover.hpp:7105]   --->   Operation 109 'br' 'br_ln7105' <Predicate = (write_cond_7)> <Delay = 0.00>


============================================================
+ Verbose Summary: Timing violations
============================================================
Target clock period: 3.33ns, clock uncertainty: 0.9ns.

 <State 1>: 1.15ns
The critical path consists of the following:
	'alloca' operation ('x') [35]  (0 ns)
	'load' operation ('x', /home/x_thileeb/repos/ops-hls-batching-new/OPS/ops/hls/include/device/../../L1/include/ops_hls_datamover.hpp:7055) on local variable 'x' [74]  (0 ns)
	'add' operation ('x', /home/x_thileeb/repos/ops-hls-batching-new/OPS/ops/hls/include/device/../../L1/include/ops_hls_datamover.hpp:7055) [76]  (0.765 ns)
	'store' operation ('store_ln7055', /home/x_thileeb/repos/ops-hls-batching-new/OPS/ops/hls/include/device/../../L1/include/ops_hls_datamover.hpp:7055) of variable 'x', /home/x_thileeb/repos/ops-hls-batching-new/OPS/ops/hls/include/device/../../L1/include/ops_hls_datamover.hpp:7055 on local variable 'x' [155]  (0.387 ns)

 <State 2>: 1.8ns
The critical path consists of the following:
	fifo read operation ('arg1_write_mem_redirect_strm_0_read', /home/x_thileeb/repos/ops-hls-batching-new/OPS/ops/hls/include/device/../../L1/include/ops_hls_datamover.hpp:7072) on port 'arg1_write_mem_redirect_strm_0' (/home/x_thileeb/repos/ops-hls-batching-new/OPS/ops/hls/include/device/../../L1/include/ops_hls_datamover.hpp:7072) [83]  (1.22 ns)
	'call' operation ('tmp.V', /home/x_thileeb/repos/ops-hls-batching-new/OPS/ops/hls/include/device/../../L1/include/ops_hls_datamover.hpp:7072) to 'register_it<ap_uint<256> >' [84]  (0 ns)
	'mux' operation ('p_s', /home/x_thileeb/repos/ops-hls-batching-new/OPS/ops/hls/include/device/../../L1/include/ops_hls_datamover.hpp:7096) [99]  (0.584 ns)

 <State 3>: 1.14ns
The critical path consists of the following:
	fifo write operation ('write_ln7105', /home/x_thileeb/repos/ops-hls-batching-new/OPS/ops/hls/include/device/../../L1/include/ops_hls_datamover.hpp:7105) on port 'arg1_write_mem_strm_0' (/home/x_thileeb/repos/ops-hls-batching-new/OPS/ops/hls/include/device/../../L1/include/ops_hls_datamover.hpp:7105) [110]  (1.14 ns)


============================================================
+ Verbose Summary: Binding
============================================================
N/A
* FSMD analyzer results:
  - Output states:
 - Input state : 
  - Chain level:
	State 1
	State 2
	State 3


============================================================
+ Verbose Summary: Datapath Resource usage 
============================================================
N/A
