

================================================================
== Vitis HLS Report for 'stream2axisTileStepdown2D_Pipeline_beat_loop'
================================================================
* Date:           Thu Aug 13 05:31:07 2026

* Version:        2022.2 (Build 3670227 on Oct 13 2022)
* Project:        datamover_outerloop_0
* Solution:       solution (Vitis Kernel Flow Target)
* Product family: virtexuplus
* Target device:  xcu280-fsvh2892-2L-e


================================================================
== Performance Estimates
================================================================
+ Timing: 
    * Summary: 
    +--------+---------+----------+------------+
    |  Clock |  Target | Estimated| Uncertainty|
    +--------+---------+----------+------------+
    |ap_clk  |  3.33 ns|  1.217 ns|     0.90 ns|
    +--------+---------+----------+------------+

+ Latency: 
    * Summary: 
    +---------+---------+----------+----------+-----+------+---------+
    |  Latency (cycles) |  Latency (absolute) |  Interval  | Pipeline|
    |   min   |   max   |    min   |    max   | min |  max |   Type  |
    +---------+---------+----------+----------+-----+------+---------+
    |        3|     1026|  9.999 ns|  3.420 us|    3|  1026|       no|
    +---------+---------+----------+----------+-----+------+---------+

    + Detail: 
        * Instance: 
        N/A

        * Loop: 
        +-------------+---------+---------+----------+-----------+-----------+----------+----------+
        |             |  Latency (cycles) | Iteration|  Initiation Interval  |   Trip   |          |
        |  Loop Name  |   min   |   max   |  Latency |  achieved |   target  |   Count  | Pipelined|
        +-------------+---------+---------+----------+-----------+-----------+----------+----------+
        |- beat_loop  |        1|     1024|         2|          1|          1|  1 ~ 1024|       yes|
        +-------------+---------+---------+----------+-----------+-----------+----------+----------+

============================================================
+ Verbose Summary: Synthesis Manager
============================================================
InlineROM: 1
ExposeGlobal: 0
============================================================
+ Verbose Summary: CDFG Model
============================================================
IsTopModel: 0
ResetActiveHigh: 1
IsCombinational: 0
IsDatapathOnly: 0
HasWiredReturn: 1
HasMFsm: 2
HasVarLatency: 1
IsPipeline: 0
IsRtlPipelined: 0
IsInstanceOverlapped: 0
IsDontTouch: 0
HasImplIP: 0
IsGatedGlobalClock: 0

+ Individual pipeline summary: 
  * Pipeline-0: initiation interval (II) = 1, depth = 2


============================================================
+ Verbose Summary: Schedule
============================================================
* Number of FSM states : 2
* Pipeline : 1
  Pipeline-0 : II = 1, D = 2, States = { 1 2 }
* Dataflow Pipeline: 0

* FSM state transitions: 
1 --> 2 
2 --> 

* FSM state operations: 

State 1 <SV = 0> <Delay = 1.15>
ST_1 : Operation 5 [1/1] (0.00ns)   --->   "%x = alloca i32 1"   --->   Operation 5 'alloca' 'x' <Predicate = true> <Delay = 0.00>
ST_1 : Operation 6 [1/1] (0.00ns)   --->   "%specaxissidechannel_ln0 = specaxissidechannel void @_ssdm_op_SpecAXISSideChannel, i256 %arg0_7_axis_out_V_data_V, i32 %arg0_7_axis_out_V_keep_V, i32 %arg0_7_axis_out_V_strb_V, i1 0, i1 %arg0_7_axis_out_V_last_V, i1 0, i1 0, void @empty_26"   --->   Operation 6 'specaxissidechannel' 'specaxissidechannel_ln0' <Predicate = true> <Delay = 0.00>
ST_1 : Operation 7 [1/1] (0.00ns)   --->   "%specaxissidechannel_ln0 = specaxissidechannel void @_ssdm_op_SpecAXISSideChannel, i256 %arg0_6_axis_out_V_data_V, i32 %arg0_6_axis_out_V_keep_V, i32 %arg0_6_axis_out_V_strb_V, i1 0, i1 %arg0_6_axis_out_V_last_V, i1 0, i1 0, void @empty_36"   --->   Operation 7 'specaxissidechannel' 'specaxissidechannel_ln0' <Predicate = true> <Delay = 0.00>
ST_1 : Operation 8 [1/1] (0.00ns)   --->   "%specaxissidechannel_ln0 = specaxissidechannel void @_ssdm_op_SpecAXISSideChannel, i256 %arg0_5_axis_out_V_data_V, i32 %arg0_5_axis_out_V_keep_V, i32 %arg0_5_axis_out_V_strb_V, i1 0, i1 %arg0_5_axis_out_V_last_V, i1 0, i1 0, void @empty_34"   --->   Operation 8 'specaxissidechannel' 'specaxissidechannel_ln0' <Predicate = true> <Delay = 0.00>
ST_1 : Operation 9 [1/1] (0.00ns)   --->   "%specaxissidechannel_ln0 = specaxissidechannel void @_ssdm_op_SpecAXISSideChannel, i256 %arg0_4_axis_out_V_data_V, i32 %arg0_4_axis_out_V_keep_V, i32 %arg0_4_axis_out_V_strb_V, i1 0, i1 %arg0_4_axis_out_V_last_V, i1 0, i1 0, void @empty_23"   --->   Operation 9 'specaxissidechannel' 'specaxissidechannel_ln0' <Predicate = true> <Delay = 0.00>
ST_1 : Operation 10 [1/1] (0.00ns)   --->   "%specaxissidechannel_ln0 = specaxissidechannel void @_ssdm_op_SpecAXISSideChannel, i256 %arg0_3_axis_out_V_data_V, i32 %arg0_3_axis_out_V_keep_V, i32 %arg0_3_axis_out_V_strb_V, i1 0, i1 %arg0_3_axis_out_V_last_V, i1 0, i1 0, void @empty_33"   --->   Operation 10 'specaxissidechannel' 'specaxissidechannel_ln0' <Predicate = true> <Delay = 0.00>
ST_1 : Operation 11 [1/1] (0.00ns)   --->   "%specaxissidechannel_ln0 = specaxissidechannel void @_ssdm_op_SpecAXISSideChannel, i256 %arg0_2_axis_out_V_data_V, i32 %arg0_2_axis_out_V_keep_V, i32 %arg0_2_axis_out_V_strb_V, i1 0, i1 %arg0_2_axis_out_V_last_V, i1 0, i1 0, void @empty_31"   --->   Operation 11 'specaxissidechannel' 'specaxissidechannel_ln0' <Predicate = true> <Delay = 0.00>
ST_1 : Operation 12 [1/1] (0.00ns)   --->   "%specaxissidechannel_ln0 = specaxissidechannel void @_ssdm_op_SpecAXISSideChannel, i256 %arg0_1_axis_out_V_data_V, i32 %arg0_1_axis_out_V_keep_V, i32 %arg0_1_axis_out_V_strb_V, i1 0, i1 %arg0_1_axis_out_V_last_V, i1 0, i1 0, void @empty_20"   --->   Operation 12 'specaxissidechannel' 'specaxissidechannel_ln0' <Predicate = true> <Delay = 0.00>
ST_1 : Operation 13 [1/1] (0.00ns)   --->   "%specaxissidechannel_ln0 = specaxissidechannel void @_ssdm_op_SpecAXISSideChannel, i256 %arg0_0_axis_out_V_data_V, i32 %arg0_0_axis_out_V_keep_V, i32 %arg0_0_axis_out_V_strb_V, i1 0, i1 %arg0_0_axis_out_V_last_V, i1 0, i1 0, void @empty_19"   --->   Operation 13 'specaxissidechannel' 'specaxissidechannel_ln0' <Predicate = true> <Delay = 0.00>
ST_1 : Operation 14 [1/1] (0.00ns)   --->   "%specinterface_ln0 = specinterface void @_ssdm_op_SpecInterface, i1 %arg0_7_axis_out_V_last_V, i32 %arg0_7_axis_out_V_strb_V, i32 %arg0_7_axis_out_V_keep_V, i256 %arg0_7_axis_out_V_data_V, void @empty_25, i32 0, i32 0, void @empty_35, i32 0, i32 0, void @empty_49, void @empty_49, void @empty_49, i32 0, i32 0, i32 0, i32 0, void @empty_49, void @empty_49, i32 4294967295, i32 0"   --->   Operation 14 'specinterface' 'specinterface_ln0' <Predicate = true> <Delay = 0.00>
ST_1 : Operation 15 [1/1] (0.00ns)   --->   "%specinterface_ln0 = specinterface void @_ssdm_op_SpecInterface, i1 %arg0_6_axis_out_V_last_V, i32 %arg0_6_axis_out_V_strb_V, i32 %arg0_6_axis_out_V_keep_V, i256 %arg0_6_axis_out_V_data_V, void @empty_25, i32 0, i32 0, void @empty_35, i32 0, i32 0, void @empty_49, void @empty_49, void @empty_49, i32 0, i32 0, i32 0, i32 0, void @empty_49, void @empty_49, i32 4294967295, i32 0"   --->   Operation 15 'specinterface' 'specinterface_ln0' <Predicate = true> <Delay = 0.00>
ST_1 : Operation 16 [1/1] (0.00ns)   --->   "%specinterface_ln0 = specinterface void @_ssdm_op_SpecInterface, i1 %arg0_5_axis_out_V_last_V, i32 %arg0_5_axis_out_V_strb_V, i32 %arg0_5_axis_out_V_keep_V, i256 %arg0_5_axis_out_V_data_V, void @empty_25, i32 0, i32 0, void @empty_35, i32 0, i32 0, void @empty_49, void @empty_49, void @empty_49, i32 0, i32 0, i32 0, i32 0, void @empty_49, void @empty_49, i32 4294967295, i32 0"   --->   Operation 16 'specinterface' 'specinterface_ln0' <Predicate = true> <Delay = 0.00>
ST_1 : Operation 17 [1/1] (0.00ns)   --->   "%specinterface_ln0 = specinterface void @_ssdm_op_SpecInterface, i1 %arg0_4_axis_out_V_last_V, i32 %arg0_4_axis_out_V_strb_V, i32 %arg0_4_axis_out_V_keep_V, i256 %arg0_4_axis_out_V_data_V, void @empty_25, i32 0, i32 0, void @empty_35, i32 0, i32 0, void @empty_49, void @empty_49, void @empty_49, i32 0, i32 0, i32 0, i32 0, void @empty_49, void @empty_49, i32 4294967295, i32 0"   --->   Operation 17 'specinterface' 'specinterface_ln0' <Predicate = true> <Delay = 0.00>
ST_1 : Operation 18 [1/1] (0.00ns)   --->   "%specinterface_ln0 = specinterface void @_ssdm_op_SpecInterface, i1 %arg0_3_axis_out_V_last_V, i32 %arg0_3_axis_out_V_strb_V, i32 %arg0_3_axis_out_V_keep_V, i256 %arg0_3_axis_out_V_data_V, void @empty_25, i32 0, i32 0, void @empty_35, i32 0, i32 0, void @empty_49, void @empty_49, void @empty_49, i32 0, i32 0, i32 0, i32 0, void @empty_49, void @empty_49, i32 4294967295, i32 0"   --->   Operation 18 'specinterface' 'specinterface_ln0' <Predicate = true> <Delay = 0.00>
ST_1 : Operation 19 [1/1] (0.00ns)   --->   "%specinterface_ln0 = specinterface void @_ssdm_op_SpecInterface, i1 %arg0_2_axis_out_V_last_V, i32 %arg0_2_axis_out_V_strb_V, i32 %arg0_2_axis_out_V_keep_V, i256 %arg0_2_axis_out_V_data_V, void @empty_25, i32 0, i32 0, void @empty_35, i32 0, i32 0, void @empty_49, void @empty_49, void @empty_49, i32 0, i32 0, i32 0, i32 0, void @empty_49, void @empty_49, i32 4294967295, i32 0"   --->   Operation 19 'specinterface' 'specinterface_ln0' <Predicate = true> <Delay = 0.00>
ST_1 : Operation 20 [1/1] (0.00ns)   --->   "%specinterface_ln0 = specinterface void @_ssdm_op_SpecInterface, i1 %arg0_1_axis_out_V_last_V, i32 %arg0_1_axis_out_V_strb_V, i32 %arg0_1_axis_out_V_keep_V, i256 %arg0_1_axis_out_V_data_V, void @empty_25, i32 0, i32 0, void @empty_35, i32 0, i32 0, void @empty_49, void @empty_49, void @empty_49, i32 0, i32 0, i32 0, i32 0, void @empty_49, void @empty_49, i32 4294967295, i32 0"   --->   Operation 20 'specinterface' 'specinterface_ln0' <Predicate = true> <Delay = 0.00>
ST_1 : Operation 21 [1/1] (0.00ns)   --->   "%specinterface_ln0 = specinterface void @_ssdm_op_SpecInterface, i1 %arg0_0_axis_out_V_last_V, i32 %arg0_0_axis_out_V_strb_V, i32 %arg0_0_axis_out_V_keep_V, i256 %arg0_0_axis_out_V_data_V, void @empty_25, i32 0, i32 0, void @empty_35, i32 0, i32 0, void @empty_49, void @empty_49, void @empty_49, i32 0, i32 0, i32 0, i32 0, void @empty_49, void @empty_49, i32 4294967295, i32 0"   --->   Operation 21 'specinterface' 'specinterface_ln0' <Predicate = true> <Delay = 0.00>
ST_1 : Operation 22 [1/1] (0.00ns)   --->   "%specinterface_ln0 = specinterface void @_ssdm_op_SpecInterface, i256 %arg0_read_mem_redirect_strm_0, void @empty_47, i32 0, i32 0, void @empty_49, i32 0, i32 0, void @empty_49, void @empty_49, void @empty_49, i32 0, i32 0, i32 0, i32 0, void @empty_49, void @empty_49, i32 4294967295, i32 0"   --->   Operation 22 'specinterface' 'specinterface_ln0' <Predicate = true> <Delay = 0.00>
ST_1 : Operation 23 [1/1] (0.00ns)   --->   "%specinterface_ln0 = specinterface void @_ssdm_op_SpecInterface, i256 %arg0_read_mem_redirect_strm_1, void @empty_47, i32 0, i32 0, void @empty_49, i32 0, i32 0, void @empty_49, void @empty_49, void @empty_49, i32 0, i32 0, i32 0, i32 0, void @empty_49, void @empty_49, i32 4294967295, i32 0"   --->   Operation 23 'specinterface' 'specinterface_ln0' <Predicate = true> <Delay = 0.00>
ST_1 : Operation 24 [1/1] (0.00ns)   --->   "%specinterface_ln0 = specinterface void @_ssdm_op_SpecInterface, i256 %arg0_read_mem_redirect_strm_2, void @empty_47, i32 0, i32 0, void @empty_49, i32 0, i32 0, void @empty_49, void @empty_49, void @empty_49, i32 0, i32 0, i32 0, i32 0, void @empty_49, void @empty_49, i32 4294967295, i32 0"   --->   Operation 24 'specinterface' 'specinterface_ln0' <Predicate = true> <Delay = 0.00>
ST_1 : Operation 25 [1/1] (0.00ns)   --->   "%specinterface_ln0 = specinterface void @_ssdm_op_SpecInterface, i256 %arg0_read_mem_redirect_strm_3, void @empty_47, i32 0, i32 0, void @empty_49, i32 0, i32 0, void @empty_49, void @empty_49, void @empty_49, i32 0, i32 0, i32 0, i32 0, void @empty_49, void @empty_49, i32 4294967295, i32 0"   --->   Operation 25 'specinterface' 'specinterface_ln0' <Predicate = true> <Delay = 0.00>
ST_1 : Operation 26 [1/1] (0.00ns)   --->   "%specinterface_ln0 = specinterface void @_ssdm_op_SpecInterface, i256 %arg0_read_mem_redirect_strm_4, void @empty_47, i32 0, i32 0, void @empty_49, i32 0, i32 0, void @empty_49, void @empty_49, void @empty_49, i32 0, i32 0, i32 0, i32 0, void @empty_49, void @empty_49, i32 4294967295, i32 0"   --->   Operation 26 'specinterface' 'specinterface_ln0' <Predicate = true> <Delay = 0.00>
ST_1 : Operation 27 [1/1] (0.00ns)   --->   "%specinterface_ln0 = specinterface void @_ssdm_op_SpecInterface, i256 %arg0_read_mem_redirect_strm_5, void @empty_47, i32 0, i32 0, void @empty_49, i32 0, i32 0, void @empty_49, void @empty_49, void @empty_49, i32 0, i32 0, i32 0, i32 0, void @empty_49, void @empty_49, i32 4294967295, i32 0"   --->   Operation 27 'specinterface' 'specinterface_ln0' <Predicate = true> <Delay = 0.00>
ST_1 : Operation 28 [1/1] (0.00ns)   --->   "%specinterface_ln0 = specinterface void @_ssdm_op_SpecInterface, i256 %arg0_read_mem_redirect_strm_6, void @empty_47, i32 0, i32 0, void @empty_49, i32 0, i32 0, void @empty_49, void @empty_49, void @empty_49, i32 0, i32 0, i32 0, i32 0, void @empty_49, void @empty_49, i32 4294967295, i32 0"   --->   Operation 28 'specinterface' 'specinterface_ln0' <Predicate = true> <Delay = 0.00>
ST_1 : Operation 29 [1/1] (0.00ns)   --->   "%specinterface_ln0 = specinterface void @_ssdm_op_SpecInterface, i256 %arg0_read_mem_redirect_strm_7, void @empty_47, i32 0, i32 0, void @empty_49, i32 0, i32 0, void @empty_49, void @empty_49, void @empty_49, i32 0, i32 0, i32 0, i32 0, void @empty_49, void @empty_49, i32 4294967295, i32 0"   --->   Operation 29 'specinterface' 'specinterface_ln0' <Predicate = true> <Delay = 0.00>
ST_1 : Operation 30 [1/1] (0.00ns)   --->   "%max_x_read = read i14 @_ssdm_op_Read.ap_auto.i14, i14 %max_x"   --->   Operation 30 'read' 'max_x_read' <Predicate = true> <Delay = 0.00>
ST_1 : Operation 31 [1/1] (0.38ns)   --->   "%store_ln0 = store i14 0, i14 %x"   --->   Operation 31 'store' 'store_ln0' <Predicate = true> <Delay = 0.38>
ST_1 : Operation 32 [1/1] (0.00ns)   --->   "%br_ln0 = br void %for.body.i.i.i.i.i.i.i.i"   --->   Operation 32 'br' 'br_ln0' <Predicate = true> <Delay = 0.00>
ST_1 : Operation 33 [1/1] (0.00ns)   --->   "%x_1 = load i14 %x" [/home/x_thileeb/repos/ops-hls-batching-new/OPS/ops/hls/include/device/../../L1/include/ops_hls_datamover.hpp:6455]   --->   Operation 33 'load' 'x_1' <Predicate = true> <Delay = 0.00>
ST_1 : Operation 34 [1/1] (0.65ns)   --->   "%icmp_ln6455 = icmp_eq  i14 %x_1, i14 %max_x_read" [/home/x_thileeb/repos/ops-hls-batching-new/OPS/ops/hls/include/device/../../L1/include/ops_hls_datamover.hpp:6455]   --->   Operation 34 'icmp' 'icmp_ln6455' <Predicate = true> <Delay = 0.65> <CoreInst = "Cmp">   --->   Core 9 'Cmp' <Latency = 0> <II = 1> <Delay = 0.65> <FuncUnit> <Opcode : 'icmp'> <InPorts = 2> <OutPorts = 1>
ST_1 : Operation 35 [1/1] (0.76ns)   --->   "%x_2 = add i14 %x_1, i14 1" [/home/x_thileeb/repos/ops-hls-batching-new/OPS/ops/hls/include/device/../../L1/include/ops_hls_datamover.hpp:6455]   --->   Operation 35 'add' 'x_2' <Predicate = true> <Delay = 0.76> <CoreInst = "Adder">   --->   Core 1 'Adder' <Latency = 0> <II = 1> <Delay = 0.76> <FuncUnit> <Opcode : 'add' 'sub'> <InPorts = 2> <OutPorts = 1>
ST_1 : Operation 36 [1/1] (0.00ns)   --->   "%br_ln6455 = br i1 %icmp_ln6455, void %for.body.i.i.i.i.i.i.i.i.split, void %for.inc52.loopexit.exitStub" [/home/x_thileeb/repos/ops-hls-batching-new/OPS/ops/hls/include/device/../../L1/include/ops_hls_datamover.hpp:6455]   --->   Operation 36 'br' 'br_ln6455' <Predicate = true> <Delay = 0.00>
ST_1 : Operation 37 [1/1] (0.38ns)   --->   "%store_ln6455 = store i14 %x_2, i14 %x" [/home/x_thileeb/repos/ops-hls-batching-new/OPS/ops/hls/include/device/../../L1/include/ops_hls_datamover.hpp:6455]   --->   Operation 37 'store' 'store_ln6455' <Predicate = (!icmp_ln6455)> <Delay = 0.38>
ST_1 : Operation 58 [1/1] (0.00ns)   --->   "%ret_ln0 = ret"   --->   Operation 58 'ret' 'ret_ln0' <Predicate = (icmp_ln6455)> <Delay = 0.00>

State 2 <SV = 1> <Delay = 1.21>
ST_2 : Operation 38 [1/1] (0.00ns)   --->   "%specpipeline_ln6457 = specpipeline void @_ssdm_op_SpecPipeline, i32 1, i32 0, i32 0, i32 0, void @empty_49" [/home/x_thileeb/repos/ops-hls-batching-new/OPS/ops/hls/include/device/../../L1/include/ops_hls_datamover.hpp:6457]   --->   Operation 38 'specpipeline' 'specpipeline_ln6457' <Predicate = true> <Delay = 0.00>
ST_2 : Operation 39 [1/1] (0.00ns)   --->   "%speclooptripcount_ln6458 = speclooptripcount void @_ssdm_op_SpecLoopTripCount, i64 1, i64 1024, i64 512" [/home/x_thileeb/repos/ops-hls-batching-new/OPS/ops/hls/include/device/../../L1/include/ops_hls_datamover.hpp:6458]   --->   Operation 39 'speclooptripcount' 'speclooptripcount_ln6458' <Predicate = true> <Delay = 0.00>
ST_2 : Operation 40 [1/1] (0.00ns)   --->   "%specloopname_ln6455 = specloopname void @_ssdm_op_SpecLoopName, void @empty_6" [/home/x_thileeb/repos/ops-hls-batching-new/OPS/ops/hls/include/device/../../L1/include/ops_hls_datamover.hpp:6455]   --->   Operation 40 'specloopname' 'specloopname_ln6455' <Predicate = true> <Delay = 0.00>
ST_2 : Operation 41 [1/1] (1.21ns)   --->   "%p_Val2_s = read i256 @_ssdm_op_Read.ap_fifo.volatile.i256P0A, i256 %arg0_read_mem_redirect_strm_0" [/home/x_thileeb/repos/ops-hls-batching-new/OPS/ops/hls/include/device/../../L1/include/ops_hls_datamover.hpp:6467]   --->   Operation 41 'read' 'p_Val2_s' <Predicate = true> <Delay = 1.21> <CoreInst = "FIFO_SRL">   --->   Core 81 'FIFO_SRL' <Latency = 0> <II = 1> <Delay = 1.42> <Storage> <Opcode : 'read' 'write' 'nbread' 'nbwrite'> <Ports = 0> <Width = 256> <Depth = 2> <FIFO>
ST_2 : Operation 42 [1/1] (1.21ns)   --->   "%p_Val2_1 = read i256 @_ssdm_op_Read.ap_fifo.volatile.i256P0A, i256 %arg0_read_mem_redirect_strm_1" [/home/x_thileeb/repos/ops-hls-batching-new/OPS/ops/hls/include/device/../../L1/include/ops_hls_datamover.hpp:6467]   --->   Operation 42 'read' 'p_Val2_1' <Predicate = true> <Delay = 1.21> <CoreInst = "FIFO_SRL">   --->   Core 81 'FIFO_SRL' <Latency = 0> <II = 1> <Delay = 1.42> <Storage> <Opcode : 'read' 'write' 'nbread' 'nbwrite'> <Ports = 0> <Width = 256> <Depth = 2> <FIFO>
ST_2 : Operation 43 [1/1] (1.21ns)   --->   "%p_Val2_2 = read i256 @_ssdm_op_Read.ap_fifo.volatile.i256P0A, i256 %arg0_read_mem_redirect_strm_2" [/home/x_thileeb/repos/ops-hls-batching-new/OPS/ops/hls/include/device/../../L1/include/ops_hls_datamover.hpp:6467]   --->   Operation 43 'read' 'p_Val2_2' <Predicate = true> <Delay = 1.21> <CoreInst = "FIFO_SRL">   --->   Core 81 'FIFO_SRL' <Latency = 0> <II = 1> <Delay = 1.42> <Storage> <Opcode : 'read' 'write' 'nbread' 'nbwrite'> <Ports = 0> <Width = 256> <Depth = 2> <FIFO>
ST_2 : Operation 44 [1/1] (1.21ns)   --->   "%p_Val2_3 = read i256 @_ssdm_op_Read.ap_fifo.volatile.i256P0A, i256 %arg0_read_mem_redirect_strm_3" [/home/x_thileeb/repos/ops-hls-batching-new/OPS/ops/hls/include/device/../../L1/include/ops_hls_datamover.hpp:6467]   --->   Operation 44 'read' 'p_Val2_3' <Predicate = true> <Delay = 1.21> <CoreInst = "FIFO_SRL">   --->   Core 81 'FIFO_SRL' <Latency = 0> <II = 1> <Delay = 1.42> <Storage> <Opcode : 'read' 'write' 'nbread' 'nbwrite'> <Ports = 0> <Width = 256> <Depth = 2> <FIFO>
ST_2 : Operation 45 [1/1] (1.21ns)   --->   "%p_Val2_4 = read i256 @_ssdm_op_Read.ap_fifo.volatile.i256P0A, i256 %arg0_read_mem_redirect_strm_4" [/home/x_thileeb/repos/ops-hls-batching-new/OPS/ops/hls/include/device/../../L1/include/ops_hls_datamover.hpp:6467]   --->   Operation 45 'read' 'p_Val2_4' <Predicate = true> <Delay = 1.21> <CoreInst = "FIFO_SRL">   --->   Core 81 'FIFO_SRL' <Latency = 0> <II = 1> <Delay = 1.42> <Storage> <Opcode : 'read' 'write' 'nbread' 'nbwrite'> <Ports = 0> <Width = 256> <Depth = 2> <FIFO>
ST_2 : Operation 46 [1/1] (1.21ns)   --->   "%p_Val2_5 = read i256 @_ssdm_op_Read.ap_fifo.volatile.i256P0A, i256 %arg0_read_mem_redirect_strm_5" [/home/x_thileeb/repos/ops-hls-batching-new/OPS/ops/hls/include/device/../../L1/include/ops_hls_datamover.hpp:6467]   --->   Operation 46 'read' 'p_Val2_5' <Predicate = true> <Delay = 1.21> <CoreInst = "FIFO_SRL">   --->   Core 81 'FIFO_SRL' <Latency = 0> <II = 1> <Delay = 1.42> <Storage> <Opcode : 'read' 'write' 'nbread' 'nbwrite'> <Ports = 0> <Width = 256> <Depth = 2> <FIFO>
ST_2 : Operation 47 [1/1] (1.21ns)   --->   "%p_Val2_6 = read i256 @_ssdm_op_Read.ap_fifo.volatile.i256P0A, i256 %arg0_read_mem_redirect_strm_6" [/home/x_thileeb/repos/ops-hls-batching-new/OPS/ops/hls/include/device/../../L1/include/ops_hls_datamover.hpp:6467]   --->   Operation 47 'read' 'p_Val2_6' <Predicate = true> <Delay = 1.21> <CoreInst = "FIFO_SRL">   --->   Core 81 'FIFO_SRL' <Latency = 0> <II = 1> <Delay = 1.42> <Storage> <Opcode : 'read' 'write' 'nbread' 'nbwrite'> <Ports = 0> <Width = 256> <Depth = 2> <FIFO>
ST_2 : Operation 48 [1/1] (1.21ns)   --->   "%p_Val2_7 = read i256 @_ssdm_op_Read.ap_fifo.volatile.i256P0A, i256 %arg0_read_mem_redirect_strm_7" [/home/x_thileeb/repos/ops-hls-batching-new/OPS/ops/hls/include/device/../../L1/include/ops_hls_datamover.hpp:6467]   --->   Operation 48 'read' 'p_Val2_7' <Predicate = true> <Delay = 1.21> <CoreInst = "FIFO_SRL">   --->   Core 81 'FIFO_SRL' <Latency = 0> <II = 1> <Delay = 1.42> <Storage> <Opcode : 'read' 'write' 'nbread' 'nbwrite'> <Ports = 0> <Width = 256> <Depth = 2> <FIFO>
ST_2 : Operation 49 [1/1] (0.00ns)   --->   "%write_ln258 = write void @_ssdm_op_Write.axis.volatile.i256P0A.i32P0A.i32P0A.i1P0A, i256 %arg0_0_axis_out_V_data_V, i32 %arg0_0_axis_out_V_keep_V, i32 %arg0_0_axis_out_V_strb_V, i1 %arg0_0_axis_out_V_last_V, i256 %p_Val2_s, i32 4294967295, i32 4294967295, i1 0"   --->   Operation 49 'write' 'write_ln258' <Predicate = true> <Delay = 0.00> <CoreInst = "axis">   --->   Core 123 'axis' <Latency = 0> <II = 1> <Delay = 1.00> <Adapter> <Opcode : >
ST_2 : Operation 50 [1/1] (0.00ns)   --->   "%write_ln258 = write void @_ssdm_op_Write.axis.volatile.i256P0A.i32P0A.i32P0A.i1P0A, i256 %arg0_1_axis_out_V_data_V, i32 %arg0_1_axis_out_V_keep_V, i32 %arg0_1_axis_out_V_strb_V, i1 %arg0_1_axis_out_V_last_V, i256 %p_Val2_1, i32 4294967295, i32 4294967295, i1 0"   --->   Operation 50 'write' 'write_ln258' <Predicate = true> <Delay = 0.00> <CoreInst = "axis">   --->   Core 123 'axis' <Latency = 0> <II = 1> <Delay = 1.00> <Adapter> <Opcode : >
ST_2 : Operation 51 [1/1] (0.00ns)   --->   "%write_ln258 = write void @_ssdm_op_Write.axis.volatile.i256P0A.i32P0A.i32P0A.i1P0A, i256 %arg0_2_axis_out_V_data_V, i32 %arg0_2_axis_out_V_keep_V, i32 %arg0_2_axis_out_V_strb_V, i1 %arg0_2_axis_out_V_last_V, i256 %p_Val2_2, i32 4294967295, i32 4294967295, i1 0"   --->   Operation 51 'write' 'write_ln258' <Predicate = true> <Delay = 0.00> <CoreInst = "axis">   --->   Core 123 'axis' <Latency = 0> <II = 1> <Delay = 1.00> <Adapter> <Opcode : >
ST_2 : Operation 52 [1/1] (0.00ns)   --->   "%write_ln258 = write void @_ssdm_op_Write.axis.volatile.i256P0A.i32P0A.i32P0A.i1P0A, i256 %arg0_3_axis_out_V_data_V, i32 %arg0_3_axis_out_V_keep_V, i32 %arg0_3_axis_out_V_strb_V, i1 %arg0_3_axis_out_V_last_V, i256 %p_Val2_3, i32 4294967295, i32 4294967295, i1 0"   --->   Operation 52 'write' 'write_ln258' <Predicate = true> <Delay = 0.00> <CoreInst = "axis">   --->   Core 123 'axis' <Latency = 0> <II = 1> <Delay = 1.00> <Adapter> <Opcode : >
ST_2 : Operation 53 [1/1] (0.00ns)   --->   "%write_ln258 = write void @_ssdm_op_Write.axis.volatile.i256P0A.i32P0A.i32P0A.i1P0A, i256 %arg0_4_axis_out_V_data_V, i32 %arg0_4_axis_out_V_keep_V, i32 %arg0_4_axis_out_V_strb_V, i1 %arg0_4_axis_out_V_last_V, i256 %p_Val2_4, i32 4294967295, i32 4294967295, i1 0"   --->   Operation 53 'write' 'write_ln258' <Predicate = true> <Delay = 0.00> <CoreInst = "axis">   --->   Core 123 'axis' <Latency = 0> <II = 1> <Delay = 1.00> <Adapter> <Opcode : >
ST_2 : Operation 54 [1/1] (0.00ns)   --->   "%write_ln258 = write void @_ssdm_op_Write.axis.volatile.i256P0A.i32P0A.i32P0A.i1P0A, i256 %arg0_5_axis_out_V_data_V, i32 %arg0_5_axis_out_V_keep_V, i32 %arg0_5_axis_out_V_strb_V, i1 %arg0_5_axis_out_V_last_V, i256 %p_Val2_5, i32 4294967295, i32 4294967295, i1 0"   --->   Operation 54 'write' 'write_ln258' <Predicate = true> <Delay = 0.00> <CoreInst = "axis">   --->   Core 123 'axis' <Latency = 0> <II = 1> <Delay = 1.00> <Adapter> <Opcode : >
ST_2 : Operation 55 [1/1] (0.00ns)   --->   "%write_ln258 = write void @_ssdm_op_Write.axis.volatile.i256P0A.i32P0A.i32P0A.i1P0A, i256 %arg0_6_axis_out_V_data_V, i32 %arg0_6_axis_out_V_keep_V, i32 %arg0_6_axis_out_V_strb_V, i1 %arg0_6_axis_out_V_last_V, i256 %p_Val2_6, i32 4294967295, i32 4294967295, i1 0"   --->   Operation 55 'write' 'write_ln258' <Predicate = true> <Delay = 0.00> <CoreInst = "axis">   --->   Core 123 'axis' <Latency = 0> <II = 1> <Delay = 1.00> <Adapter> <Opcode : >
ST_2 : Operation 56 [1/1] (0.00ns)   --->   "%write_ln258 = write void @_ssdm_op_Write.axis.volatile.i256P0A.i32P0A.i32P0A.i1P0A, i256 %arg0_7_axis_out_V_data_V, i32 %arg0_7_axis_out_V_keep_V, i32 %arg0_7_axis_out_V_strb_V, i1 %arg0_7_axis_out_V_last_V, i256 %p_Val2_7, i32 4294967295, i32 4294967295, i1 0"   --->   Operation 56 'write' 'write_ln258' <Predicate = true> <Delay = 0.00> <CoreInst = "axis">   --->   Core 123 'axis' <Latency = 0> <II = 1> <Delay = 1.00> <Adapter> <Opcode : >
ST_2 : Operation 57 [1/1] (0.00ns)   --->   "%br_ln6455 = br void %for.body.i.i.i.i.i.i.i.i" [/home/x_thileeb/repos/ops-hls-batching-new/OPS/ops/hls/include/device/../../L1/include/ops_hls_datamover.hpp:6455]   --->   Operation 57 'br' 'br_ln6455' <Predicate = true> <Delay = 0.00>


============================================================
+ Verbose Summary: Binding
============================================================
STG Binding: 
---------------- STG Properties BEGIN ----------------
- Is combinational: 0
- Is one-state seq: 0
- Is datapath-only: 0
- Is pipelined: 0
- Is top level: 0
Port [ Return ] is wired: 1; IO mode=ap_ctrl_hs:ce=0
Port [ max_x]:  wired=1; compound=0; hidden=0; nouse=0; global=0; static=0; extern=0; dir=0; type=0; pingpong=0; private_global=0; IO mode=ap_none:ce=0
Port [ arg0_read_mem_redirect_strm_0]:  wired=1; compound=1; hidden=0; nouse=0; global=0; static=0; extern=0; dir=0; type=3; pingpong=0; private_global=0; IO mode=ap_fifo:ce=0
Port [ arg0_read_mem_redirect_strm_1]:  wired=1; compound=1; hidden=0; nouse=0; global=0; static=0; extern=0; dir=0; type=3; pingpong=0; private_global=0; IO mode=ap_fifo:ce=0
Port [ arg0_read_mem_redirect_strm_2]:  wired=1; compound=1; hidden=0; nouse=0; global=0; static=0; extern=0; dir=0; type=3; pingpong=0; private_global=0; IO mode=ap_fifo:ce=0
Port [ arg0_read_mem_redirect_strm_3]:  wired=1; compound=1; hidden=0; nouse=0; global=0; static=0; extern=0; dir=0; type=3; pingpong=0; private_global=0; IO mode=ap_fifo:ce=0
Port [ arg0_read_mem_redirect_strm_4]:  wired=1; compound=1; hidden=0; nouse=0; global=0; static=0; extern=0; dir=0; type=3; pingpong=0; private_global=0; IO mode=ap_fifo:ce=0
Port [ arg0_read_mem_redirect_strm_5]:  wired=1; compound=1; hidden=0; nouse=0; global=0; static=0; extern=0; dir=0; type=3; pingpong=0; private_global=0; IO mode=ap_fifo:ce=0
Port [ arg0_read_mem_redirect_strm_6]:  wired=1; compound=1; hidden=0; nouse=0; global=0; static=0; extern=0; dir=0; type=3; pingpong=0; private_global=0; IO mode=ap_fifo:ce=0
Port [ arg0_read_mem_redirect_strm_7]:  wired=1; compound=1; hidden=0; nouse=0; global=0; static=0; extern=0; dir=0; type=3; pingpong=0; private_global=0; IO mode=ap_fifo:ce=0
Port [ arg0_0_axis_out_V_data_V]:  wired=1; compound=1; hidden=0; nouse=0; global=0; static=0; extern=0; dir=1; type=0; pingpong=0; private_global=0; IO mode=axis:ce=0
Port [ arg0_0_axis_out_V_keep_V]:  wired=1; compound=1; hidden=0; nouse=0; global=0; static=0; extern=0; dir=1; type=0; pingpong=0; private_global=0; IO mode=axis:ce=0
Port [ arg0_0_axis_out_V_strb_V]:  wired=1; compound=1; hidden=0; nouse=0; global=0; static=0; extern=0; dir=1; type=0; pingpong=0; private_global=0; IO mode=axis:ce=0
Port [ arg0_0_axis_out_V_last_V]:  wired=1; compound=1; hidden=0; nouse=0; global=0; static=0; extern=0; dir=1; type=0; pingpong=0; private_global=0; IO mode=axis:ce=0
Port [ arg0_1_axis_out_V_data_V]:  wired=1; compound=1; hidden=0; nouse=0; global=0; static=0; extern=0; dir=1; type=0; pingpong=0; private_global=0; IO mode=axis:ce=0
Port [ arg0_1_axis_out_V_keep_V]:  wired=1; compound=1; hidden=0; nouse=0; global=0; static=0; extern=0; dir=1; type=0; pingpong=0; private_global=0; IO mode=axis:ce=0
Port [ arg0_1_axis_out_V_strb_V]:  wired=1; compound=1; hidden=0; nouse=0; global=0; static=0; extern=0; dir=1; type=0; pingpong=0; private_global=0; IO mode=axis:ce=0
Port [ arg0_1_axis_out_V_last_V]:  wired=1; compound=1; hidden=0; nouse=0; global=0; static=0; extern=0; dir=1; type=0; pingpong=0; private_global=0; IO mode=axis:ce=0
Port [ arg0_2_axis_out_V_data_V]:  wired=1; compound=1; hidden=0; nouse=0; global=0; static=0; extern=0; dir=1; type=0; pingpong=0; private_global=0; IO mode=axis:ce=0
Port [ arg0_2_axis_out_V_keep_V]:  wired=1; compound=1; hidden=0; nouse=0; global=0; static=0; extern=0; dir=1; type=0; pingpong=0; private_global=0; IO mode=axis:ce=0
Port [ arg0_2_axis_out_V_strb_V]:  wired=1; compound=1; hidden=0; nouse=0; global=0; static=0; extern=0; dir=1; type=0; pingpong=0; private_global=0; IO mode=axis:ce=0
Port [ arg0_2_axis_out_V_last_V]:  wired=1; compound=1; hidden=0; nouse=0; global=0; static=0; extern=0; dir=1; type=0; pingpong=0; private_global=0; IO mode=axis:ce=0
Port [ arg0_3_axis_out_V_data_V]:  wired=1; compound=1; hidden=0; nouse=0; global=0; static=0; extern=0; dir=1; type=0; pingpong=0; private_global=0; IO mode=axis:ce=0
Port [ arg0_3_axis_out_V_keep_V]:  wired=1; compound=1; hidden=0; nouse=0; global=0; static=0; extern=0; dir=1; type=0; pingpong=0; private_global=0; IO mode=axis:ce=0
Port [ arg0_3_axis_out_V_strb_V]:  wired=1; compound=1; hidden=0; nouse=0; global=0; static=0; extern=0; dir=1; type=0; pingpong=0; private_global=0; IO mode=axis:ce=0
Port [ arg0_3_axis_out_V_last_V]:  wired=1; compound=1; hidden=0; nouse=0; global=0; static=0; extern=0; dir=1; type=0; pingpong=0; private_global=0; IO mode=axis:ce=0
Port [ arg0_4_axis_out_V_data_V]:  wired=1; compound=1; hidden=0; nouse=0; global=0; static=0; extern=0; dir=1; type=0; pingpong=0; private_global=0; IO mode=axis:ce=0
Port [ arg0_4_axis_out_V_keep_V]:  wired=1; compound=1; hidden=0; nouse=0; global=0; static=0; extern=0; dir=1; type=0; pingpong=0; private_global=0; IO mode=axis:ce=0
Port [ arg0_4_axis_out_V_strb_V]:  wired=1; compound=1; hidden=0; nouse=0; global=0; static=0; extern=0; dir=1; type=0; pingpong=0; private_global=0; IO mode=axis:ce=0
Port [ arg0_4_axis_out_V_last_V]:  wired=1; compound=1; hidden=0; nouse=0; global=0; static=0; extern=0; dir=1; type=0; pingpong=0; private_global=0; IO mode=axis:ce=0
Port [ arg0_5_axis_out_V_data_V]:  wired=1; compound=1; hidden=0; nouse=0; global=0; static=0; extern=0; dir=1; type=0; pingpong=0; private_global=0; IO mode=axis:ce=0
Port [ arg0_5_axis_out_V_keep_V]:  wired=1; compound=1; hidden=0; nouse=0; global=0; static=0; extern=0; dir=1; type=0; pingpong=0; private_global=0; IO mode=axis:ce=0
Port [ arg0_5_axis_out_V_strb_V]:  wired=1; compound=1; hidden=0; nouse=0; global=0; static=0; extern=0; dir=1; type=0; pingpong=0; private_global=0; IO mode=axis:ce=0
Port [ arg0_5_axis_out_V_last_V]:  wired=1; compound=1; hidden=0; nouse=0; global=0; static=0; extern=0; dir=1; type=0; pingpong=0; private_global=0; IO mode=axis:ce=0
Port [ arg0_6_axis_out_V_data_V]:  wired=1; compound=1; hidden=0; nouse=0; global=0; static=0; extern=0; dir=1; type=0; pingpong=0; private_global=0; IO mode=axis:ce=0
Port [ arg0_6_axis_out_V_keep_V]:  wired=1; compound=1; hidden=0; nouse=0; global=0; static=0; extern=0; dir=1; type=0; pingpong=0; private_global=0; IO mode=axis:ce=0
Port [ arg0_6_axis_out_V_strb_V]:  wired=1; compound=1; hidden=0; nouse=0; global=0; static=0; extern=0; dir=1; type=0; pingpong=0; private_global=0; IO mode=axis:ce=0
Port [ arg0_6_axis_out_V_last_V]:  wired=1; compound=1; hidden=0; nouse=0; global=0; static=0; extern=0; dir=1; type=0; pingpong=0; private_global=0; IO mode=axis:ce=0
Port [ arg0_7_axis_out_V_data_V]:  wired=1; compound=1; hidden=0; nouse=0; global=0; static=0; extern=0; dir=1; type=0; pingpong=0; private_global=0; IO mode=axis:ce=0
Port [ arg0_7_axis_out_V_keep_V]:  wired=1; compound=1; hidden=0; nouse=0; global=0; static=0; extern=0; dir=1; type=0; pingpong=0; private_global=0; IO mode=axis:ce=0
Port [ arg0_7_axis_out_V_strb_V]:  wired=1; compound=1; hidden=0; nouse=0; global=0; static=0; extern=0; dir=1; type=0; pingpong=0; private_global=0; IO mode=axis:ce=0
Port [ arg0_7_axis_out_V_last_V]:  wired=1; compound=1; hidden=0; nouse=0; global=0; static=0; extern=0; dir=1; type=0; pingpong=0; private_global=0; IO mode=axis:ce=0
---------------- STG Properties END ------------------

---------------- Datapath Model BEGIN ----------------

<LifeTime>
<method=bitvector/>
x                        (alloca             ) [ 010]
specaxissidechannel_ln0  (specaxissidechannel) [ 000]
specaxissidechannel_ln0  (specaxissidechannel) [ 000]
specaxissidechannel_ln0  (specaxissidechannel) [ 000]
specaxissidechannel_ln0  (specaxissidechannel) [ 000]
specaxissidechannel_ln0  (specaxissidechannel) [ 000]
specaxissidechannel_ln0  (specaxissidechannel) [ 000]
specaxissidechannel_ln0  (specaxissidechannel) [ 000]
specaxissidechannel_ln0  (specaxissidechannel) [ 000]
specinterface_ln0        (specinterface      ) [ 000]
specinterface_ln0        (specinterface      ) [ 000]
specinterface_ln0        (specinterface      ) [ 000]
specinterface_ln0        (specinterface      ) [ 000]
specinterface_ln0        (specinterface      ) [ 000]
specinterface_ln0        (specinterface      ) [ 000]
specinterface_ln0        (specinterface      ) [ 000]
specinterface_ln0        (specinterface      ) [ 000]
specinterface_ln0        (specinterface      ) [ 000]
specinterface_ln0        (specinterface      ) [ 000]
specinterface_ln0        (specinterface      ) [ 000]
specinterface_ln0        (specinterface      ) [ 000]
specinterface_ln0        (specinterface      ) [ 000]
specinterface_ln0        (specinterface      ) [ 000]
specinterface_ln0        (specinterface      ) [ 000]
specinterface_ln0        (specinterface      ) [ 000]
max_x_read               (read               ) [ 000]
store_ln0                (store              ) [ 000]
br_ln0                   (br                 ) [ 000]
x_1                      (load               ) [ 000]
icmp_ln6455              (icmp               ) [ 010]
x_2                      (add                ) [ 000]
br_ln6455                (br                 ) [ 000]
store_ln6455             (store              ) [ 000]
specpipeline_ln6457      (specpipeline       ) [ 000]
speclooptripcount_ln6458 (speclooptripcount  ) [ 000]
specloopname_ln6455      (specloopname       ) [ 000]
p_Val2_s                 (read               ) [ 000]
p_Val2_1                 (read               ) [ 000]
p_Val2_2                 (read               ) [ 000]
p_Val2_3                 (read               ) [ 000]
p_Val2_4                 (read               ) [ 000]
p_Val2_5                 (read               ) [ 000]
p_Val2_6                 (read               ) [ 000]
p_Val2_7                 (read               ) [ 000]
write_ln258              (write              ) [ 000]
write_ln258              (write              ) [ 000]
write_ln258              (write              ) [ 000]
write_ln258              (write              ) [ 000]
write_ln258              (write              ) [ 000]
write_ln258              (write              ) [ 000]
write_ln258              (write              ) [ 000]
write_ln258              (write              ) [ 000]
br_ln6455                (br                 ) [ 000]
ret_ln0                  (ret                ) [ 000]
</LifeTime>

<model>

<comp_list>
<comp id="0" class="1000" name="max_x">
<pin_list>
<pin id="1" dir="1" index="0" bw="1" slack="0"/>
</pin_list>
<bind>
<StgValue><ssdm name="max_x"/></StgValue>
</bind>
</comp>

<comp id="2" class="1000" name="arg0_read_mem_redirect_strm_0">
<pin_list>
<pin id="3" dir="1" index="0" bw="1" slack="0"/>
</pin_list>
<bind>
<StgValue><ssdm name="arg0_read_mem_redirect_strm_0"/></StgValue>
</bind>
</comp>

<comp id="4" class="1000" name="arg0_read_mem_redirect_strm_1">
<pin_list>
<pin id="5" dir="1" index="0" bw="1" slack="0"/>
</pin_list>
<bind>
<StgValue><ssdm name="arg0_read_mem_redirect_strm_1"/></StgValue>
</bind>
</comp>

<comp id="6" class="1000" name="arg0_read_mem_redirect_strm_2">
<pin_list>
<pin id="7" dir="1" index="0" bw="1" slack="0"/>
</pin_list>
<bind>
<StgValue><ssdm name="arg0_read_mem_redirect_strm_2"/></StgValue>
</bind>
</comp>

<comp id="8" class="1000" name="arg0_read_mem_redirect_strm_3">
<pin_list>
<pin id="9" dir="1" index="0" bw="1" slack="0"/>
</pin_list>
<bind>
<StgValue><ssdm name="arg0_read_mem_redirect_strm_3"/></StgValue>
</bind>
</comp>

<comp id="10" class="1000" name="arg0_read_mem_redirect_strm_4">
<pin_list>
<pin id="11" dir="1" index="0" bw="1" slack="0"/>
</pin_list>
<bind>
<StgValue><ssdm name="arg0_read_mem_redirect_strm_4"/></StgValue>
</bind>
</comp>

<comp id="12" class="1000" name="arg0_read_mem_redirect_strm_5">
<pin_list>
<pin id="13" dir="1" index="0" bw="1" slack="0"/>
</pin_list>
<bind>
<StgValue><ssdm name="arg0_read_mem_redirect_strm_5"/></StgValue>
</bind>
</comp>

<comp id="14" class="1000" name="arg0_read_mem_redirect_strm_6">
<pin_list>
<pin id="15" dir="1" index="0" bw="1" slack="0"/>
</pin_list>
<bind>
<StgValue><ssdm name="arg0_read_mem_redirect_strm_6"/></StgValue>
</bind>
</comp>

<comp id="16" class="1000" name="arg0_read_mem_redirect_strm_7">
<pin_list>
<pin id="17" dir="1" index="0" bw="1" slack="0"/>
</pin_list>
<bind>
<StgValue><ssdm name="arg0_read_mem_redirect_strm_7"/></StgValue>
</bind>
</comp>

<comp id="18" class="1000" name="arg0_0_axis_out_V_data_V">
<pin_list>
<pin id="19" dir="1" index="0" bw="1" slack="0"/>
</pin_list>
<bind>
<StgValue><ssdm name="arg0_0_axis_out_V_data_V"/></StgValue>
</bind>
</comp>

<comp id="20" class="1000" name="arg0_0_axis_out_V_keep_V">
<pin_list>
<pin id="21" dir="1" index="0" bw="1" slack="0"/>
</pin_list>
<bind>
<StgValue><ssdm name="arg0_0_axis_out_V_keep_V"/></StgValue>
</bind>
</comp>

<comp id="22" class="1000" name="arg0_0_axis_out_V_strb_V">
<pin_list>
<pin id="23" dir="1" index="0" bw="1" slack="0"/>
</pin_list>
<bind>
<StgValue><ssdm name="arg0_0_axis_out_V_strb_V"/></StgValue>
</bind>
</comp>

<comp id="24" class="1000" name="arg0_0_axis_out_V_last_V">
<pin_list>
<pin id="25" dir="1" index="0" bw="1" slack="0"/>
</pin_list>
<bind>
<StgValue><ssdm name="arg0_0_axis_out_V_last_V"/></StgValue>
</bind>
</comp>

<comp id="26" class="1000" name="arg0_1_axis_out_V_data_V">
<pin_list>
<pin id="27" dir="1" index="0" bw="1" slack="0"/>
</pin_list>
<bind>
<StgValue><ssdm name="arg0_1_axis_out_V_data_V"/></StgValue>
</bind>
</comp>

<comp id="28" class="1000" name="arg0_1_axis_out_V_keep_V">
<pin_list>
<pin id="29" dir="1" index="0" bw="1" slack="0"/>
</pin_list>
<bind>
<StgValue><ssdm name="arg0_1_axis_out_V_keep_V"/></StgValue>
</bind>
</comp>

<comp id="30" class="1000" name="arg0_1_axis_out_V_strb_V">
<pin_list>
<pin id="31" dir="1" index="0" bw="1" slack="0"/>
</pin_list>
<bind>
<StgValue><ssdm name="arg0_1_axis_out_V_strb_V"/></StgValue>
</bind>
</comp>

<comp id="32" class="1000" name="arg0_1_axis_out_V_last_V">
<pin_list>
<pin id="33" dir="1" index="0" bw="1" slack="0"/>
</pin_list>
<bind>
<StgValue><ssdm name="arg0_1_axis_out_V_last_V"/></StgValue>
</bind>
</comp>

<comp id="34" class="1000" name="arg0_2_axis_out_V_data_V">
<pin_list>
<pin id="35" dir="1" index="0" bw="1" slack="0"/>
</pin_list>
<bind>
<StgValue><ssdm name="arg0_2_axis_out_V_data_V"/></StgValue>
</bind>
</comp>

<comp id="36" class="1000" name="arg0_2_axis_out_V_keep_V">
<pin_list>
<pin id="37" dir="1" index="0" bw="1" slack="0"/>
</pin_list>
<bind>
<StgValue><ssdm name="arg0_2_axis_out_V_keep_V"/></StgValue>
</bind>
</comp>

<comp id="38" class="1000" name="arg0_2_axis_out_V_strb_V">
<pin_list>
<pin id="39" dir="1" index="0" bw="1" slack="0"/>
</pin_list>
<bind>
<StgValue><ssdm name="arg0_2_axis_out_V_strb_V"/></StgValue>
</bind>
</comp>

<comp id="40" class="1000" name="arg0_2_axis_out_V_last_V">
<pin_list>
<pin id="41" dir="1" index="0" bw="1" slack="0"/>
</pin_list>
<bind>
<StgValue><ssdm name="arg0_2_axis_out_V_last_V"/></StgValue>
</bind>
</comp>

<comp id="42" class="1000" name="arg0_3_axis_out_V_data_V">
<pin_list>
<pin id="43" dir="1" index="0" bw="1" slack="0"/>
</pin_list>
<bind>
<StgValue><ssdm name="arg0_3_axis_out_V_data_V"/></StgValue>
</bind>
</comp>

<comp id="44" class="1000" name="arg0_3_axis_out_V_keep_V">
<pin_list>
<pin id="45" dir="1" index="0" bw="1" slack="0"/>
</pin_list>
<bind>
<StgValue><ssdm name="arg0_3_axis_out_V_keep_V"/></StgValue>
</bind>
</comp>

<comp id="46" class="1000" name="arg0_3_axis_out_V_strb_V">
<pin_list>
<pin id="47" dir="1" index="0" bw="1" slack="0"/>
</pin_list>
<bind>
<StgValue><ssdm name="arg0_3_axis_out_V_strb_V"/></StgValue>
</bind>
</comp>

<comp id="48" class="1000" name="arg0_3_axis_out_V_last_V">
<pin_list>
<pin id="49" dir="1" index="0" bw="1" slack="0"/>
</pin_list>
<bind>
<StgValue><ssdm name="arg0_3_axis_out_V_last_V"/></StgValue>
</bind>
</comp>

<comp id="50" class="1000" name="arg0_4_axis_out_V_data_V">
<pin_list>
<pin id="51" dir="1" index="0" bw="1" slack="0"/>
</pin_list>
<bind>
<StgValue><ssdm name="arg0_4_axis_out_V_data_V"/></StgValue>
</bind>
</comp>

<comp id="52" class="1000" name="arg0_4_axis_out_V_keep_V">
<pin_list>
<pin id="53" dir="1" index="0" bw="1" slack="0"/>
</pin_list>
<bind>
<StgValue><ssdm name="arg0_4_axis_out_V_keep_V"/></StgValue>
</bind>
</comp>

<comp id="54" class="1000" name="arg0_4_axis_out_V_strb_V">
<pin_list>
<pin id="55" dir="1" index="0" bw="1" slack="0"/>
</pin_list>
<bind>
<StgValue><ssdm name="arg0_4_axis_out_V_strb_V"/></StgValue>
</bind>
</comp>

<comp id="56" class="1000" name="arg0_4_axis_out_V_last_V">
<pin_list>
<pin id="57" dir="1" index="0" bw="1" slack="0"/>
</pin_list>
<bind>
<StgValue><ssdm name="arg0_4_axis_out_V_last_V"/></StgValue>
</bind>
</comp>

<comp id="58" class="1000" name="arg0_5_axis_out_V_data_V">
<pin_list>
<pin id="59" dir="1" index="0" bw="1" slack="0"/>
</pin_list>
<bind>
<StgValue><ssdm name="arg0_5_axis_out_V_data_V"/></StgValue>
</bind>
</comp>

<comp id="60" class="1000" name="arg0_5_axis_out_V_keep_V">
<pin_list>
<pin id="61" dir="1" index="0" bw="1" slack="0"/>
</pin_list>
<bind>
<StgValue><ssdm name="arg0_5_axis_out_V_keep_V"/></StgValue>
</bind>
</comp>

<comp id="62" class="1000" name="arg0_5_axis_out_V_strb_V">
<pin_list>
<pin id="63" dir="1" index="0" bw="1" slack="0"/>
</pin_list>
<bind>
<StgValue><ssdm name="arg0_5_axis_out_V_strb_V"/></StgValue>
</bind>
</comp>

<comp id="64" class="1000" name="arg0_5_axis_out_V_last_V">
<pin_list>
<pin id="65" dir="1" index="0" bw="1" slack="0"/>
</pin_list>
<bind>
<StgValue><ssdm name="arg0_5_axis_out_V_last_V"/></StgValue>
</bind>
</comp>

<comp id="66" class="1000" name="arg0_6_axis_out_V_data_V">
<pin_list>
<pin id="67" dir="1" index="0" bw="1" slack="0"/>
</pin_list>
<bind>
<StgValue><ssdm name="arg0_6_axis_out_V_data_V"/></StgValue>
</bind>
</comp>

<comp id="68" class="1000" name="arg0_6_axis_out_V_keep_V">
<pin_list>
<pin id="69" dir="1" index="0" bw="1" slack="0"/>
</pin_list>
<bind>
<StgValue><ssdm name="arg0_6_axis_out_V_keep_V"/></StgValue>
</bind>
</comp>

<comp id="70" class="1000" name="arg0_6_axis_out_V_strb_V">
<pin_list>
<pin id="71" dir="1" index="0" bw="1" slack="0"/>
</pin_list>
<bind>
<StgValue><ssdm name="arg0_6_axis_out_V_strb_V"/></StgValue>
</bind>
</comp>

<comp id="72" class="1000" name="arg0_6_axis_out_V_last_V">
<pin_list>
<pin id="73" dir="1" index="0" bw="1" slack="0"/>
</pin_list>
<bind>
<StgValue><ssdm name="arg0_6_axis_out_V_last_V"/></StgValue>
</bind>
</comp>

<comp id="74" class="1000" name="arg0_7_axis_out_V_data_V">
<pin_list>
<pin id="75" dir="1" index="0" bw="1" slack="0"/>
</pin_list>
<bind>
<StgValue><ssdm name="arg0_7_axis_out_V_data_V"/></StgValue>
</bind>
</comp>

<comp id="76" class="1000" name="arg0_7_axis_out_V_keep_V">
<pin_list>
<pin id="77" dir="1" index="0" bw="1" slack="0"/>
</pin_list>
<bind>
<StgValue><ssdm name="arg0_7_axis_out_V_keep_V"/></StgValue>
</bind>
</comp>

<comp id="78" class="1000" name="arg0_7_axis_out_V_strb_V">
<pin_list>
<pin id="79" dir="1" index="0" bw="1" slack="0"/>
</pin_list>
<bind>
<StgValue><ssdm name="arg0_7_axis_out_V_strb_V"/></StgValue>
</bind>
</comp>

<comp id="80" class="1000" name="arg0_7_axis_out_V_last_V">
<pin_list>
<pin id="81" dir="1" index="0" bw="1" slack="0"/>
</pin_list>
<bind>
<StgValue><ssdm name="arg0_7_axis_out_V_last_V"/></StgValue>
</bind>
</comp>

<comp id="82" class="1001" name="const_82">
<pin_list>
<pin id="83" dir="1" index="0" bw="1" slack="0"/>
</pin_list>
<bind>
<StgValue><ssdm name=""/></StgValue>
</bind>
</comp>

<comp id="84" class="1001" name="const_84">
<pin_list>
<pin id="85" dir="1" index="0" bw="1" slack="2147483647"/>
</pin_list>
<bind>
<StgValue><ssdm name="_ssdm_op_SpecAXISSideChannel"/></StgValue>
</bind>
</comp>

<comp id="86" class="1001" name="const_86">
<pin_list>
<pin id="87" dir="1" index="0" bw="1" slack="2147483647"/>
</pin_list>
<bind>
<StgValue><ssdm name=""/></StgValue>
</bind>
</comp>

<comp id="88" class="1001" name="const_88">
<pin_list>
<pin id="89" dir="1" index="0" bw="1" slack="2147483647"/>
</pin_list>
<bind>
<StgValue><ssdm name="empty_26"/></StgValue>
</bind>
</comp>

<comp id="90" class="1001" name="const_90">
<pin_list>
<pin id="91" dir="1" index="0" bw="1" slack="2147483647"/>
</pin_list>
<bind>
<StgValue><ssdm name="empty_36"/></StgValue>
</bind>
</comp>

<comp id="92" class="1001" name="const_92">
<pin_list>
<pin id="93" dir="1" index="0" bw="1" slack="2147483647"/>
</pin_list>
<bind>
<StgValue><ssdm name="empty_34"/></StgValue>
</bind>
</comp>

<comp id="94" class="1001" name="const_94">
<pin_list>
<pin id="95" dir="1" index="0" bw="1" slack="2147483647"/>
</pin_list>
<bind>
<StgValue><ssdm name="empty_23"/></StgValue>
</bind>
</comp>

<comp id="96" class="1001" name="const_96">
<pin_list>
<pin id="97" dir="1" index="0" bw="1" slack="2147483647"/>
</pin_list>
<bind>
<StgValue><ssdm name="empty_33"/></StgValue>
</bind>
</comp>

<comp id="98" class="1001" name="const_98">
<pin_list>
<pin id="99" dir="1" index="0" bw="1" slack="2147483647"/>
</pin_list>
<bind>
<StgValue><ssdm name="empty_31"/></StgValue>
</bind>
</comp>

<comp id="100" class="1001" name="const_100">
<pin_list>
<pin id="101" dir="1" index="0" bw="1" slack="2147483647"/>
</pin_list>
<bind>
<StgValue><ssdm name="empty_20"/></StgValue>
</bind>
</comp>

<comp id="102" class="1001" name="const_102">
<pin_list>
<pin id="103" dir="1" index="0" bw="1" slack="2147483647"/>
</pin_list>
<bind>
<StgValue><ssdm name="empty_19"/></StgValue>
</bind>
</comp>

<comp id="104" class="1001" name="const_104">
<pin_list>
<pin id="105" dir="1" index="0" bw="1" slack="2147483647"/>
</pin_list>
<bind>
<StgValue><ssdm name="_ssdm_op_SpecInterface"/></StgValue>
</bind>
</comp>

<comp id="106" class="1001" name="const_106">
<pin_list>
<pin id="107" dir="1" index="0" bw="1" slack="2147483647"/>
</pin_list>
<bind>
<StgValue><ssdm name="empty_25"/></StgValue>
</bind>
</comp>

<comp id="108" class="1001" name="const_108">
<pin_list>
<pin id="109" dir="1" index="0" bw="1" slack="2147483647"/>
</pin_list>
<bind>
<StgValue><ssdm name=""/></StgValue>
</bind>
</comp>

<comp id="110" class="1001" name="const_110">
<pin_list>
<pin id="111" dir="1" index="0" bw="1" slack="2147483647"/>
</pin_list>
<bind>
<StgValue><ssdm name="empty_35"/></StgValue>
</bind>
</comp>

<comp id="112" class="1001" name="const_112">
<pin_list>
<pin id="113" dir="1" index="0" bw="1" slack="2147483647"/>
</pin_list>
<bind>
<StgValue><ssdm name="empty_49"/></StgValue>
</bind>
</comp>

<comp id="114" class="1001" name="const_114">
<pin_list>
<pin id="115" dir="1" index="0" bw="1" slack="0"/>
</pin_list>
<bind>
<StgValue><ssdm name=""/></StgValue>
</bind>
</comp>

<comp id="116" class="1001" name="const_116">
<pin_list>
<pin id="117" dir="1" index="0" bw="1" slack="2147483647"/>
</pin_list>
<bind>
<StgValue><ssdm name="empty_47"/></StgValue>
</bind>
</comp>

<comp id="118" class="1001" name="const_118">
<pin_list>
<pin id="119" dir="1" index="0" bw="1" slack="0"/>
</pin_list>
<bind>
<StgValue><ssdm name="_ssdm_op_Read.ap_auto.i14"/></StgValue>
</bind>
</comp>

<comp id="120" class="1001" name="const_120">
<pin_list>
<pin id="121" dir="1" index="0" bw="1" slack="0"/>
</pin_list>
<bind>
<StgValue><ssdm name=""/></StgValue>
</bind>
</comp>

<comp id="122" class="1001" name="const_122">
<pin_list>
<pin id="123" dir="1" index="0" bw="1" slack="0"/>
</pin_list>
<bind>
<StgValue><ssdm name=""/></StgValue>
</bind>
</comp>

<comp id="124" class="1001" name="const_124">
<pin_list>
<pin id="125" dir="1" index="0" bw="1" slack="2147483647"/>
</pin_list>
<bind>
<StgValue><ssdm name="_ssdm_op_SpecPipeline"/></StgValue>
</bind>
</comp>

<comp id="126" class="1001" name="const_126">
<pin_list>
<pin id="127" dir="1" index="0" bw="1" slack="2147483647"/>
</pin_list>
<bind>
<StgValue><ssdm name="_ssdm_op_SpecLoopTripCount"/></StgValue>
</bind>
</comp>

<comp id="128" class="1001" name="const_128">
<pin_list>
<pin id="129" dir="1" index="0" bw="1" slack="2147483647"/>
</pin_list>
<bind>
<StgValue><ssdm name=""/></StgValue>
</bind>
</comp>

<comp id="130" class="1001" name="const_130">
<pin_list>
<pin id="131" dir="1" index="0" bw="1" slack="2147483647"/>
</pin_list>
<bind>
<StgValue><ssdm name=""/></StgValue>
</bind>
</comp>

<comp id="132" class="1001" name="const_132">
<pin_list>
<pin id="133" dir="1" index="0" bw="1" slack="2147483647"/>
</pin_list>
<bind>
<StgValue><ssdm name=""/></StgValue>
</bind>
</comp>

<comp id="134" class="1001" name="const_134">
<pin_list>
<pin id="135" dir="1" index="0" bw="1" slack="2147483647"/>
</pin_list>
<bind>
<StgValue><ssdm name="_ssdm_op_SpecLoopName"/></StgValue>
</bind>
</comp>

<comp id="136" class="1001" name="const_136">
<pin_list>
<pin id="137" dir="1" index="0" bw="1" slack="2147483647"/>
</pin_list>
<bind>
<StgValue><ssdm name="empty_6"/></StgValue>
</bind>
</comp>

<comp id="138" class="1001" name="const_138">
<pin_list>
<pin id="139" dir="1" index="0" bw="1" slack="0"/>
</pin_list>
<bind>
<StgValue><ssdm name="_ssdm_op_Read.ap_fifo.volatile.i256P0A"/></StgValue>
</bind>
</comp>

<comp id="140" class="1001" name="const_140">
<pin_list>
<pin id="141" dir="1" index="0" bw="1" slack="0"/>
</pin_list>
<bind>
<StgValue><ssdm name="_ssdm_op_Write.axis.volatile.i256P0A.i32P0A.i32P0A.i1P0A"/></StgValue>
</bind>
</comp>

<comp id="142" class="1001" name="const_142">
<pin_list>
<pin id="143" dir="1" index="0" bw="1" slack="0"/>
</pin_list>
<bind>
<StgValue><ssdm name=""/></StgValue>
</bind>
</comp>

<comp id="144" class="1004" name="x_fu_144">
<pin_list>
<pin id="145" dir="0" index="0" bw="1" slack="0"/>
<pin id="146" dir="1" index="1" bw="14" slack="0"/>
</pin_list>
<bind>
<opcode="alloca(26) " fcode="alloca"/>
<opset="x/1 "/>
</bind>
</comp>

<comp id="148" class="1004" name="max_x_read_read_fu_148">
<pin_list>
<pin id="149" dir="0" index="0" bw="14" slack="0"/>
<pin id="150" dir="0" index="1" bw="14" slack="0"/>
<pin id="151" dir="1" index="2" bw="14" slack="0"/>
</pin_list>
<bind>
<opcode="read(1150) " fcode="read"/>
<opset="max_x_read/1 "/>
</bind>
</comp>

<comp id="154" class="1004" name="p_Val2_s_read_fu_154">
<pin_list>
<pin id="155" dir="0" index="0" bw="256" slack="0"/>
<pin id="156" dir="0" index="1" bw="256" slack="0"/>
<pin id="157" dir="1" index="2" bw="256" slack="0"/>
</pin_list>
<bind>
<opcode="read(1150) " fcode="read"/>
<opset="p_Val2_s/2 "/>
</bind>
</comp>

<comp id="160" class="1004" name="p_Val2_1_read_fu_160">
<pin_list>
<pin id="161" dir="0" index="0" bw="256" slack="0"/>
<pin id="162" dir="0" index="1" bw="256" slack="0"/>
<pin id="163" dir="1" index="2" bw="256" slack="0"/>
</pin_list>
<bind>
<opcode="read(1150) " fcode="read"/>
<opset="p_Val2_1/2 "/>
</bind>
</comp>

<comp id="166" class="1004" name="p_Val2_2_read_fu_166">
<pin_list>
<pin id="167" dir="0" index="0" bw="256" slack="0"/>
<pin id="168" dir="0" index="1" bw="256" slack="0"/>
<pin id="169" dir="1" index="2" bw="256" slack="0"/>
</pin_list>
<bind>
<opcode="read(1150) " fcode="read"/>
<opset="p_Val2_2/2 "/>
</bind>
</comp>

<comp id="172" class="1004" name="p_Val2_3_read_fu_172">
<pin_list>
<pin id="173" dir="0" index="0" bw="256" slack="0"/>
<pin id="174" dir="0" index="1" bw="256" slack="0"/>
<pin id="175" dir="1" index="2" bw="256" slack="0"/>
</pin_list>
<bind>
<opcode="read(1150) " fcode="read"/>
<opset="p_Val2_3/2 "/>
</bind>
</comp>

<comp id="178" class="1004" name="p_Val2_4_read_fu_178">
<pin_list>
<pin id="179" dir="0" index="0" bw="256" slack="0"/>
<pin id="180" dir="0" index="1" bw="256" slack="0"/>
<pin id="181" dir="1" index="2" bw="256" slack="0"/>
</pin_list>
<bind>
<opcode="read(1150) " fcode="read"/>
<opset="p_Val2_4/2 "/>
</bind>
</comp>

<comp id="184" class="1004" name="p_Val2_5_read_fu_184">
<pin_list>
<pin id="185" dir="0" index="0" bw="256" slack="0"/>
<pin id="186" dir="0" index="1" bw="256" slack="0"/>
<pin id="187" dir="1" index="2" bw="256" slack="0"/>
</pin_list>
<bind>
<opcode="read(1150) " fcode="read"/>
<opset="p_Val2_5/2 "/>
</bind>
</comp>

<comp id="190" class="1004" name="p_Val2_6_read_fu_190">
<pin_list>
<pin id="191" dir="0" index="0" bw="256" slack="0"/>
<pin id="192" dir="0" index="1" bw="256" slack="0"/>
<pin id="193" dir="1" index="2" bw="256" slack="0"/>
</pin_list>
<bind>
<opcode="read(1150) " fcode="read"/>
<opset="p_Val2_6/2 "/>
</bind>
</comp>

<comp id="196" class="1004" name="p_Val2_7_read_fu_196">
<pin_list>
<pin id="197" dir="0" index="0" bw="256" slack="0"/>
<pin id="198" dir="0" index="1" bw="256" slack="0"/>
<pin id="199" dir="1" index="2" bw="256" slack="0"/>
</pin_list>
<bind>
<opcode="read(1150) " fcode="read"/>
<opset="p_Val2_7/2 "/>
</bind>
</comp>

<comp id="202" class="1004" name="write_ln258_write_fu_202">
<pin_list>
<pin id="203" dir="0" index="0" bw="0" slack="0"/>
<pin id="204" dir="0" index="1" bw="256" slack="0"/>
<pin id="205" dir="0" index="2" bw="32" slack="0"/>
<pin id="206" dir="0" index="3" bw="32" slack="0"/>
<pin id="207" dir="0" index="4" bw="1" slack="0"/>
<pin id="208" dir="0" index="5" bw="256" slack="0"/>
<pin id="209" dir="0" index="6" bw="1" slack="0"/>
<pin id="210" dir="0" index="7" bw="1" slack="0"/>
<pin id="211" dir="0" index="8" bw="1" slack="0"/>
<pin id="212" dir="1" index="9" bw="0" slack="2147483647"/>
</pin_list>
<bind>
<opcode="write(1151) " fcode="write"/>
<opset="write_ln258/2 "/>
</bind>
</comp>

<comp id="222" class="1004" name="write_ln258_write_fu_222">
<pin_list>
<pin id="223" dir="0" index="0" bw="0" slack="0"/>
<pin id="224" dir="0" index="1" bw="256" slack="0"/>
<pin id="225" dir="0" index="2" bw="32" slack="0"/>
<pin id="226" dir="0" index="3" bw="32" slack="0"/>
<pin id="227" dir="0" index="4" bw="1" slack="0"/>
<pin id="228" dir="0" index="5" bw="256" slack="0"/>
<pin id="229" dir="0" index="6" bw="1" slack="0"/>
<pin id="230" dir="0" index="7" bw="1" slack="0"/>
<pin id="231" dir="0" index="8" bw="1" slack="0"/>
<pin id="232" dir="1" index="9" bw="0" slack="2147483647"/>
</pin_list>
<bind>
<opcode="write(1151) " fcode="write"/>
<opset="write_ln258/2 "/>
</bind>
</comp>

<comp id="242" class="1004" name="write_ln258_write_fu_242">
<pin_list>
<pin id="243" dir="0" index="0" bw="0" slack="0"/>
<pin id="244" dir="0" index="1" bw="256" slack="0"/>
<pin id="245" dir="0" index="2" bw="32" slack="0"/>
<pin id="246" dir="0" index="3" bw="32" slack="0"/>
<pin id="247" dir="0" index="4" bw="1" slack="0"/>
<pin id="248" dir="0" index="5" bw="256" slack="0"/>
<pin id="249" dir="0" index="6" bw="1" slack="0"/>
<pin id="250" dir="0" index="7" bw="1" slack="0"/>
<pin id="251" dir="0" index="8" bw="1" slack="0"/>
<pin id="252" dir="1" index="9" bw="0" slack="2147483647"/>
</pin_list>
<bind>
<opcode="write(1151) " fcode="write"/>
<opset="write_ln258/2 "/>
</bind>
</comp>

<comp id="262" class="1004" name="write_ln258_write_fu_262">
<pin_list>
<pin id="263" dir="0" index="0" bw="0" slack="0"/>
<pin id="264" dir="0" index="1" bw="256" slack="0"/>
<pin id="265" dir="0" index="2" bw="32" slack="0"/>
<pin id="266" dir="0" index="3" bw="32" slack="0"/>
<pin id="267" dir="0" index="4" bw="1" slack="0"/>
<pin id="268" dir="0" index="5" bw="256" slack="0"/>
<pin id="269" dir="0" index="6" bw="1" slack="0"/>
<pin id="270" dir="0" index="7" bw="1" slack="0"/>
<pin id="271" dir="0" index="8" bw="1" slack="0"/>
<pin id="272" dir="1" index="9" bw="0" slack="2147483647"/>
</pin_list>
<bind>
<opcode="write(1151) " fcode="write"/>
<opset="write_ln258/2 "/>
</bind>
</comp>

<comp id="282" class="1004" name="write_ln258_write_fu_282">
<pin_list>
<pin id="283" dir="0" index="0" bw="0" slack="0"/>
<pin id="284" dir="0" index="1" bw="256" slack="0"/>
<pin id="285" dir="0" index="2" bw="32" slack="0"/>
<pin id="286" dir="0" index="3" bw="32" slack="0"/>
<pin id="287" dir="0" index="4" bw="1" slack="0"/>
<pin id="288" dir="0" index="5" bw="256" slack="0"/>
<pin id="289" dir="0" index="6" bw="1" slack="0"/>
<pin id="290" dir="0" index="7" bw="1" slack="0"/>
<pin id="291" dir="0" index="8" bw="1" slack="0"/>
<pin id="292" dir="1" index="9" bw="0" slack="2147483647"/>
</pin_list>
<bind>
<opcode="write(1151) " fcode="write"/>
<opset="write_ln258/2 "/>
</bind>
</comp>

<comp id="302" class="1004" name="write_ln258_write_fu_302">
<pin_list>
<pin id="303" dir="0" index="0" bw="0" slack="0"/>
<pin id="304" dir="0" index="1" bw="256" slack="0"/>
<pin id="305" dir="0" index="2" bw="32" slack="0"/>
<pin id="306" dir="0" index="3" bw="32" slack="0"/>
<pin id="307" dir="0" index="4" bw="1" slack="0"/>
<pin id="308" dir="0" index="5" bw="256" slack="0"/>
<pin id="309" dir="0" index="6" bw="1" slack="0"/>
<pin id="310" dir="0" index="7" bw="1" slack="0"/>
<pin id="311" dir="0" index="8" bw="1" slack="0"/>
<pin id="312" dir="1" index="9" bw="0" slack="2147483647"/>
</pin_list>
<bind>
<opcode="write(1151) " fcode="write"/>
<opset="write_ln258/2 "/>
</bind>
</comp>

<comp id="322" class="1004" name="write_ln258_write_fu_322">
<pin_list>
<pin id="323" dir="0" index="0" bw="0" slack="0"/>
<pin id="324" dir="0" index="1" bw="256" slack="0"/>
<pin id="325" dir="0" index="2" bw="32" slack="0"/>
<pin id="326" dir="0" index="3" bw="32" slack="0"/>
<pin id="327" dir="0" index="4" bw="1" slack="0"/>
<pin id="328" dir="0" index="5" bw="256" slack="0"/>
<pin id="329" dir="0" index="6" bw="1" slack="0"/>
<pin id="330" dir="0" index="7" bw="1" slack="0"/>
<pin id="331" dir="0" index="8" bw="1" slack="0"/>
<pin id="332" dir="1" index="9" bw="0" slack="2147483647"/>
</pin_list>
<bind>
<opcode="write(1151) " fcode="write"/>
<opset="write_ln258/2 "/>
</bind>
</comp>

<comp id="342" class="1004" name="write_ln258_write_fu_342">
<pin_list>
<pin id="343" dir="0" index="0" bw="0" slack="0"/>
<pin id="344" dir="0" index="1" bw="256" slack="0"/>
<pin id="345" dir="0" index="2" bw="32" slack="0"/>
<pin id="346" dir="0" index="3" bw="32" slack="0"/>
<pin id="347" dir="0" index="4" bw="1" slack="0"/>
<pin id="348" dir="0" index="5" bw="256" slack="0"/>
<pin id="349" dir="0" index="6" bw="1" slack="0"/>
<pin id="350" dir="0" index="7" bw="1" slack="0"/>
<pin id="351" dir="0" index="8" bw="1" slack="0"/>
<pin id="352" dir="1" index="9" bw="0" slack="2147483647"/>
</pin_list>
<bind>
<opcode="write(1151) " fcode="write"/>
<opset="write_ln258/2 "/>
</bind>
</comp>

<comp id="362" class="1004" name="store_ln0_store_fu_362">
<pin_list>
<pin id="363" dir="0" index="0" bw="1" slack="0"/>
<pin id="364" dir="0" index="1" bw="14" slack="0"/>
<pin id="365" dir="1" index="2" bw="0" slack="2147483647"/>
</pin_list>
<bind>
<opcode="store(28) " fcode="store"/>
<opset="store_ln0/1 "/>
</bind>
</comp>

<comp id="367" class="1004" name="x_1_load_fu_367">
<pin_list>
<pin id="368" dir="0" index="0" bw="14" slack="0"/>
<pin id="369" dir="1" index="1" bw="14" slack="0"/>
</pin_list>
<bind>
<opcode="load(27) " fcode="load"/>
<opset="x_1/1 "/>
</bind>
</comp>

<comp id="370" class="1004" name="icmp_ln6455_fu_370">
<pin_list>
<pin id="371" dir="0" index="0" bw="14" slack="0"/>
<pin id="372" dir="0" index="1" bw="14" slack="0"/>
<pin id="373" dir="1" index="2" bw="1" slack="2147483647"/>
</pin_list>
<bind>
<opcode="icmp(45) " fcode="icmp"/>
<opset="icmp_ln6455/1 "/>
</bind>
</comp>

<comp id="376" class="1004" name="x_2_fu_376">
<pin_list>
<pin id="377" dir="0" index="0" bw="14" slack="0"/>
<pin id="378" dir="0" index="1" bw="1" slack="0"/>
<pin id="379" dir="1" index="2" bw="14" slack="0"/>
</pin_list>
<bind>
<opcode="add(8) " fcode="add"/>
<opset="x_2/1 "/>
</bind>
</comp>

<comp id="382" class="1004" name="store_ln6455_store_fu_382">
<pin_list>
<pin id="383" dir="0" index="0" bw="14" slack="0"/>
<pin id="384" dir="0" index="1" bw="14" slack="0"/>
<pin id="385" dir="1" index="2" bw="0" slack="2147483647"/>
</pin_list>
<bind>
<opcode="store(28) " fcode="store"/>
<opset="store_ln6455/1 "/>
</bind>
</comp>

<comp id="387" class="1005" name="x_reg_387">
<pin_list>
<pin id="388" dir="0" index="0" bw="14" slack="0"/>
<pin id="389" dir="1" index="1" bw="14" slack="0"/>
</pin_list>
<bind>
<opset="x "/>
</bind>
</comp>

</comp_list>

<net_list>
<net id="147"><net_src comp="82" pin="0"/><net_sink comp="144" pin=0"/></net>

<net id="152"><net_src comp="118" pin="0"/><net_sink comp="148" pin=0"/></net>

<net id="153"><net_src comp="0" pin="0"/><net_sink comp="148" pin=1"/></net>

<net id="158"><net_src comp="138" pin="0"/><net_sink comp="154" pin=0"/></net>

<net id="159"><net_src comp="2" pin="0"/><net_sink comp="154" pin=1"/></net>

<net id="164"><net_src comp="138" pin="0"/><net_sink comp="160" pin=0"/></net>

<net id="165"><net_src comp="4" pin="0"/><net_sink comp="160" pin=1"/></net>

<net id="170"><net_src comp="138" pin="0"/><net_sink comp="166" pin=0"/></net>

<net id="171"><net_src comp="6" pin="0"/><net_sink comp="166" pin=1"/></net>

<net id="176"><net_src comp="138" pin="0"/><net_sink comp="172" pin=0"/></net>

<net id="177"><net_src comp="8" pin="0"/><net_sink comp="172" pin=1"/></net>

<net id="182"><net_src comp="138" pin="0"/><net_sink comp="178" pin=0"/></net>

<net id="183"><net_src comp="10" pin="0"/><net_sink comp="178" pin=1"/></net>

<net id="188"><net_src comp="138" pin="0"/><net_sink comp="184" pin=0"/></net>

<net id="189"><net_src comp="12" pin="0"/><net_sink comp="184" pin=1"/></net>

<net id="194"><net_src comp="138" pin="0"/><net_sink comp="190" pin=0"/></net>

<net id="195"><net_src comp="14" pin="0"/><net_sink comp="190" pin=1"/></net>

<net id="200"><net_src comp="138" pin="0"/><net_sink comp="196" pin=0"/></net>

<net id="201"><net_src comp="16" pin="0"/><net_sink comp="196" pin=1"/></net>

<net id="213"><net_src comp="140" pin="0"/><net_sink comp="202" pin=0"/></net>

<net id="214"><net_src comp="18" pin="0"/><net_sink comp="202" pin=1"/></net>

<net id="215"><net_src comp="20" pin="0"/><net_sink comp="202" pin=2"/></net>

<net id="216"><net_src comp="22" pin="0"/><net_sink comp="202" pin=3"/></net>

<net id="217"><net_src comp="24" pin="0"/><net_sink comp="202" pin=4"/></net>

<net id="218"><net_src comp="154" pin="2"/><net_sink comp="202" pin=5"/></net>

<net id="219"><net_src comp="114" pin="0"/><net_sink comp="202" pin=6"/></net>

<net id="220"><net_src comp="114" pin="0"/><net_sink comp="202" pin=7"/></net>

<net id="221"><net_src comp="142" pin="0"/><net_sink comp="202" pin=8"/></net>

<net id="233"><net_src comp="140" pin="0"/><net_sink comp="222" pin=0"/></net>

<net id="234"><net_src comp="26" pin="0"/><net_sink comp="222" pin=1"/></net>

<net id="235"><net_src comp="28" pin="0"/><net_sink comp="222" pin=2"/></net>

<net id="236"><net_src comp="30" pin="0"/><net_sink comp="222" pin=3"/></net>

<net id="237"><net_src comp="32" pin="0"/><net_sink comp="222" pin=4"/></net>

<net id="238"><net_src comp="160" pin="2"/><net_sink comp="222" pin=5"/></net>

<net id="239"><net_src comp="114" pin="0"/><net_sink comp="222" pin=6"/></net>

<net id="240"><net_src comp="114" pin="0"/><net_sink comp="222" pin=7"/></net>

<net id="241"><net_src comp="142" pin="0"/><net_sink comp="222" pin=8"/></net>

<net id="253"><net_src comp="140" pin="0"/><net_sink comp="242" pin=0"/></net>

<net id="254"><net_src comp="34" pin="0"/><net_sink comp="242" pin=1"/></net>

<net id="255"><net_src comp="36" pin="0"/><net_sink comp="242" pin=2"/></net>

<net id="256"><net_src comp="38" pin="0"/><net_sink comp="242" pin=3"/></net>

<net id="257"><net_src comp="40" pin="0"/><net_sink comp="242" pin=4"/></net>

<net id="258"><net_src comp="166" pin="2"/><net_sink comp="242" pin=5"/></net>

<net id="259"><net_src comp="114" pin="0"/><net_sink comp="242" pin=6"/></net>

<net id="260"><net_src comp="114" pin="0"/><net_sink comp="242" pin=7"/></net>

<net id="261"><net_src comp="142" pin="0"/><net_sink comp="242" pin=8"/></net>

<net id="273"><net_src comp="140" pin="0"/><net_sink comp="262" pin=0"/></net>

<net id="274"><net_src comp="42" pin="0"/><net_sink comp="262" pin=1"/></net>

<net id="275"><net_src comp="44" pin="0"/><net_sink comp="262" pin=2"/></net>

<net id="276"><net_src comp="46" pin="0"/><net_sink comp="262" pin=3"/></net>

<net id="277"><net_src comp="48" pin="0"/><net_sink comp="262" pin=4"/></net>

<net id="278"><net_src comp="172" pin="2"/><net_sink comp="262" pin=5"/></net>

<net id="279"><net_src comp="114" pin="0"/><net_sink comp="262" pin=6"/></net>

<net id="280"><net_src comp="114" pin="0"/><net_sink comp="262" pin=7"/></net>

<net id="281"><net_src comp="142" pin="0"/><net_sink comp="262" pin=8"/></net>

<net id="293"><net_src comp="140" pin="0"/><net_sink comp="282" pin=0"/></net>

<net id="294"><net_src comp="50" pin="0"/><net_sink comp="282" pin=1"/></net>

<net id="295"><net_src comp="52" pin="0"/><net_sink comp="282" pin=2"/></net>

<net id="296"><net_src comp="54" pin="0"/><net_sink comp="282" pin=3"/></net>

<net id="297"><net_src comp="56" pin="0"/><net_sink comp="282" pin=4"/></net>

<net id="298"><net_src comp="178" pin="2"/><net_sink comp="282" pin=5"/></net>

<net id="299"><net_src comp="114" pin="0"/><net_sink comp="282" pin=6"/></net>

<net id="300"><net_src comp="114" pin="0"/><net_sink comp="282" pin=7"/></net>

<net id="301"><net_src comp="142" pin="0"/><net_sink comp="282" pin=8"/></net>

<net id="313"><net_src comp="140" pin="0"/><net_sink comp="302" pin=0"/></net>

<net id="314"><net_src comp="58" pin="0"/><net_sink comp="302" pin=1"/></net>

<net id="315"><net_src comp="60" pin="0"/><net_sink comp="302" pin=2"/></net>

<net id="316"><net_src comp="62" pin="0"/><net_sink comp="302" pin=3"/></net>

<net id="317"><net_src comp="64" pin="0"/><net_sink comp="302" pin=4"/></net>

<net id="318"><net_src comp="184" pin="2"/><net_sink comp="302" pin=5"/></net>

<net id="319"><net_src comp="114" pin="0"/><net_sink comp="302" pin=6"/></net>

<net id="320"><net_src comp="114" pin="0"/><net_sink comp="302" pin=7"/></net>

<net id="321"><net_src comp="142" pin="0"/><net_sink comp="302" pin=8"/></net>

<net id="333"><net_src comp="140" pin="0"/><net_sink comp="322" pin=0"/></net>

<net id="334"><net_src comp="66" pin="0"/><net_sink comp="322" pin=1"/></net>

<net id="335"><net_src comp="68" pin="0"/><net_sink comp="322" pin=2"/></net>

<net id="336"><net_src comp="70" pin="0"/><net_sink comp="322" pin=3"/></net>

<net id="337"><net_src comp="72" pin="0"/><net_sink comp="322" pin=4"/></net>

<net id="338"><net_src comp="190" pin="2"/><net_sink comp="322" pin=5"/></net>

<net id="339"><net_src comp="114" pin="0"/><net_sink comp="322" pin=6"/></net>

<net id="340"><net_src comp="114" pin="0"/><net_sink comp="322" pin=7"/></net>

<net id="341"><net_src comp="142" pin="0"/><net_sink comp="322" pin=8"/></net>

<net id="353"><net_src comp="140" pin="0"/><net_sink comp="342" pin=0"/></net>

<net id="354"><net_src comp="74" pin="0"/><net_sink comp="342" pin=1"/></net>

<net id="355"><net_src comp="76" pin="0"/><net_sink comp="342" pin=2"/></net>

<net id="356"><net_src comp="78" pin="0"/><net_sink comp="342" pin=3"/></net>

<net id="357"><net_src comp="80" pin="0"/><net_sink comp="342" pin=4"/></net>

<net id="358"><net_src comp="196" pin="2"/><net_sink comp="342" pin=5"/></net>

<net id="359"><net_src comp="114" pin="0"/><net_sink comp="342" pin=6"/></net>

<net id="360"><net_src comp="114" pin="0"/><net_sink comp="342" pin=7"/></net>

<net id="361"><net_src comp="142" pin="0"/><net_sink comp="342" pin=8"/></net>

<net id="366"><net_src comp="120" pin="0"/><net_sink comp="362" pin=0"/></net>

<net id="374"><net_src comp="367" pin="1"/><net_sink comp="370" pin=0"/></net>

<net id="375"><net_src comp="148" pin="2"/><net_sink comp="370" pin=1"/></net>

<net id="380"><net_src comp="367" pin="1"/><net_sink comp="376" pin=0"/></net>

<net id="381"><net_src comp="122" pin="0"/><net_sink comp="376" pin=1"/></net>

<net id="386"><net_src comp="376" pin="2"/><net_sink comp="382" pin=0"/></net>

<net id="390"><net_src comp="144" pin="1"/><net_sink comp="387" pin=0"/></net>

<net id="391"><net_src comp="387" pin="1"/><net_sink comp="362" pin=1"/></net>

<net id="392"><net_src comp="387" pin="1"/><net_sink comp="367" pin=0"/></net>

<net id="393"><net_src comp="387" pin="1"/><net_sink comp="382" pin=1"/></net>

</net_list>

</model> 
---------------- Datapath Model END ------------------

* FSMD analyzer results:
  - Output states:
	Port: arg0_0_axis_out_V_data_V | {2 }
	Port: arg0_0_axis_out_V_keep_V | {2 }
	Port: arg0_0_axis_out_V_strb_V | {2 }
	Port: arg0_0_axis_out_V_last_V | {2 }
	Port: arg0_1_axis_out_V_data_V | {2 }
	Port: arg0_1_axis_out_V_keep_V | {2 }
	Port: arg0_1_axis_out_V_strb_V | {2 }
	Port: arg0_1_axis_out_V_last_V | {2 }
	Port: arg0_2_axis_out_V_data_V | {2 }
	Port: arg0_2_axis_out_V_keep_V | {2 }
	Port: arg0_2_axis_out_V_strb_V | {2 }
	Port: arg0_2_axis_out_V_last_V | {2 }
	Port: arg0_3_axis_out_V_data_V | {2 }
	Port: arg0_3_axis_out_V_keep_V | {2 }
	Port: arg0_3_axis_out_V_strb_V | {2 }
	Port: arg0_3_axis_out_V_last_V | {2 }
	Port: arg0_4_axis_out_V_data_V | {2 }
	Port: arg0_4_axis_out_V_keep_V | {2 }
	Port: arg0_4_axis_out_V_strb_V | {2 }
	Port: arg0_4_axis_out_V_last_V | {2 }
	Port: arg0_5_axis_out_V_data_V | {2 }
	Port: arg0_5_axis_out_V_keep_V | {2 }
	Port: arg0_5_axis_out_V_strb_V | {2 }
	Port: arg0_5_axis_out_V_last_V | {2 }
	Port: arg0_6_axis_out_V_data_V | {2 }
	Port: arg0_6_axis_out_V_keep_V | {2 }
	Port: arg0_6_axis_out_V_strb_V | {2 }
	Port: arg0_6_axis_out_V_last_V | {2 }
	Port: arg0_7_axis_out_V_data_V | {2 }
	Port: arg0_7_axis_out_V_keep_V | {2 }
	Port: arg0_7_axis_out_V_strb_V | {2 }
	Port: arg0_7_axis_out_V_last_V | {2 }
 - Input state : 
	Port: stream2axisTileStepdown2D_Pipeline_beat_loop : max_x | {1 }
	Port: stream2axisTileStepdown2D_Pipeline_beat_loop : arg0_read_mem_redirect_strm_0 | {2 }
	Port: stream2axisTileStepdown2D_Pipeline_beat_loop : arg0_read_mem_redirect_strm_1 | {2 }
	Port: stream2axisTileStepdown2D_Pipeline_beat_loop : arg0_read_mem_redirect_strm_2 | {2 }
	Port: stream2axisTileStepdown2D_Pipeline_beat_loop : arg0_read_mem_redirect_strm_3 | {2 }
	Port: stream2axisTileStepdown2D_Pipeline_beat_loop : arg0_read_mem_redirect_strm_4 | {2 }
	Port: stream2axisTileStepdown2D_Pipeline_beat_loop : arg0_read_mem_redirect_strm_5 | {2 }
	Port: stream2axisTileStepdown2D_Pipeline_beat_loop : arg0_read_mem_redirect_strm_6 | {2 }
	Port: stream2axisTileStepdown2D_Pipeline_beat_loop : arg0_read_mem_redirect_strm_7 | {2 }
  - Chain level:
	State 1
		store_ln0 : 1
		x_1 : 1
		icmp_ln6455 : 2
		x_2 : 2
		br_ln6455 : 3
		store_ln6455 : 3
	State 2


============================================================
+ Verbose Summary: Datapath Resource usage 
============================================================

* Functional unit list:
|----------|--------------------------|---------|---------|
| Operation|      Functional Unit     |    FF   |   LUT   |
|----------|--------------------------|---------|---------|
|    add   |        x_2_fu_376        |    0    |    21   |
|----------|--------------------------|---------|---------|
|   icmp   |    icmp_ln6455_fu_370    |    0    |    12   |
|----------|--------------------------|---------|---------|
|          |  max_x_read_read_fu_148  |    0    |    0    |
|          |   p_Val2_s_read_fu_154   |    0    |    0    |
|          |   p_Val2_1_read_fu_160   |    0    |    0    |
|          |   p_Val2_2_read_fu_166   |    0    |    0    |
|   read   |   p_Val2_3_read_fu_172   |    0    |    0    |
|          |   p_Val2_4_read_fu_178   |    0    |    0    |
|          |   p_Val2_5_read_fu_184   |    0    |    0    |
|          |   p_Val2_6_read_fu_190   |    0    |    0    |
|          |   p_Val2_7_read_fu_196   |    0    |    0    |
|----------|--------------------------|---------|---------|
|          | write_ln258_write_fu_202 |    0    |    0    |
|          | write_ln258_write_fu_222 |    0    |    0    |
|          | write_ln258_write_fu_242 |    0    |    0    |
|   write  | write_ln258_write_fu_262 |    0    |    0    |
|          | write_ln258_write_fu_282 |    0    |    0    |
|          | write_ln258_write_fu_302 |    0    |    0    |
|          | write_ln258_write_fu_322 |    0    |    0    |
|          | write_ln258_write_fu_342 |    0    |    0    |
|----------|--------------------------|---------|---------|
|   Total  |                          |    0    |    33   |
|----------|--------------------------|---------|---------|

Memories:
N/A

* Register list:
+---------+--------+
|         |   FF   |
+---------+--------+
|x_reg_387|   14   |
+---------+--------+
|  Total  |   14   |
+---------+--------+

* Multiplexer (MUX) list: 
|--------|------|------|------|--------|
|  Comp  |  Pin | Size |  BW  | S x BW |
|--------|------|------|------|--------|
|  Total |      |      |      |    0   |
|--------|------|------|------|--------|



* Summary:
+-----------+--------+--------+
|           |   FF   |   LUT  |
+-----------+--------+--------+
|  Function |    0   |   33   |
|   Memory  |    -   |    -   |
|Multiplexer|    -   |    -   |
|  Register |   14   |    -   |
+-----------+--------+--------+
|   Total   |   14   |   33   |
+-----------+--------+--------+
