#-----------------------------------------------------------
# Vivado v2022.2 (64-bit)
# SW Build 3671981 on Fri Oct 14 04:59:54 MDT 2022
# IP Build 3669848 on Fri Oct 14 08:30:02 MDT 2022
# Start of session at: Thu Aug 13 05:47:40 2026
# Process ID: 507129
# Current directory: /home/x_thileeb/repos/ops-hls-batching-new/codegen_apps/tiling/poisson2d/u280_project/maxtile_8192_unalign_interleave_p7/hls/build/hw/temp_dir/kernel_outerloop_0_2/kernel_outerloop_0_2/kernel_outerloop_0_2/solution/impl/ip
# Command line: vivado -notrace -mode batch -source run_ippack.tcl
# Log file: /home/x_thileeb/repos/ops-hls-batching-new/codegen_apps/tiling/poisson2d/u280_project/maxtile_8192_unalign_interleave_p7/hls/build/hw/temp_dir/kernel_outerloop_0_2/kernel_outerloop_0_2/kernel_outerloop_0_2/solution/impl/ip/vivado.log
# Journal file: /home/x_thileeb/repos/ops-hls-batching-new/codegen_apps/tiling/poisson2d/u280_project/maxtile_8192_unalign_interleave_p7/hls/build/hw/temp_dir/kernel_outerloop_0_2/kernel_outerloop_0_2/kernel_outerloop_0_2/solution/impl/ip/vivado.jou
# Running On: acclnode01, OS: Linux, CPU Frequency: 1500.000 MHz, CPU Physical cores: 32, Host memory: 540849 MB
#-----------------------------------------------------------
source run_ippack.tcl -notrace
INFO: [IP_Flow 19-234] Refreshing IP repositories
INFO: [IP_Flow 19-1704] No user IP repositories specified
INFO: [IP_Flow 19-2313] Loaded Vivado IP repository '/tools/Xilinx/Vivado/2022.2/data/ip'.
WARNING: [IP_Flow 19-4832] The IP name 'kernel_outerloop_0_2_fadd_32ns_32ns_32_7_full_dsp_1_ip' you have specified is long. The Windows operating system has path length limitations. It is recommended you use shorter names to reduce the likelihood of issues.
INFO: [IP_Flow 19-1686] Generating 'Synthesis' target for IP 'kernel_outerloop_0_2_fadd_32ns_32ns_32_7_full_dsp_1_ip'...
INFO: [IP_Flow 19-1686] Generating 'Simulation' target for IP 'kernel_outerloop_0_2_fadd_32ns_32ns_32_7_full_dsp_1_ip'...
INFO: [IP_Flow 19-234] Refreshing IP repositories
INFO: [IP_Flow 19-1704] No user IP repositories specified
INFO: [IP_Flow 19-2313] Loaded Vivado IP repository '/tools/Xilinx/Vivado/2022.2/data/ip'.
Running package_xo -xo_path /home/x_thileeb/repos/ops-hls-batching-new/codegen_apps/tiling/poisson2d/u280_project/maxtile_8192_unalign_interleave_p7/hls/build/hw/temp_dir/kernel_outerloop_0_2/kernel_outerloop_0_2/kernel_outerloop_0_2/solution/impl/export.xo -kernel_name kernel_outerloop_0_2 -kernel_xml /home/x_thileeb/repos/ops-hls-batching-new/codegen_apps/tiling/poisson2d/u280_project/maxtile_8192_unalign_interleave_p7/hls/build/hw/temp_dir/kernel_outerloop_0_2/kernel_outerloop_0_2/kernel_outerloop_0_2/solution/impl/ip/../kernel/kernel.xml -kernel_files /home/x_thileeb/repos/ops-hls-batching-new/codegen_apps/tiling/poisson2d/u280_project/maxtile_8192_unalign_interleave_p7/hls/device/src/kernel_outerloop_0_2.cpp -ip_directory /home/x_thileeb/repos/ops-hls-batching-new/codegen_apps/tiling/poisson2d/u280_project/maxtile_8192_unalign_interleave_p7/hls/build/hw/temp_dir/kernel_outerloop_0_2/kernel_outerloop_0_2/kernel_outerloop_0_2/solution/impl/ip/ip_unzip_dir -design_xml /home/x_thileeb/repos/ops-hls-batching-new/codegen_apps/tiling/poisson2d/u280_project/maxtile_8192_unalign_interleave_p7/hls/build/hw/temp_dir/kernel_outerloop_0_2/kernel_outerloop_0_2/kernel_outerloop_0_2/solution/.autopilot/db/kernel_outerloop_0_2.design.xml -debug_directory /home/x_thileeb/repos/ops-hls-batching-new/codegen_apps/tiling/poisson2d/u280_project/maxtile_8192_unalign_interleave_p7/hls/build/hw/temp_dir/kernel_outerloop_0_2/kernel_outerloop_0_2/kernel_outerloop_0_2/solution/.debug -hls_directory /home/x_thileeb/repos/ops-hls-batching-new/codegen_apps/tiling/poisson2d/u280_project/maxtile_8192_unalign_interleave_p7/hls/build/hw/temp_dir/kernel_outerloop_0_2/kernel_outerloop_0_2/kernel_outerloop_0_2/solution/impl/ip/hls_files
INFO: [Common 17-206] Exiting Vivado at Thu Aug 13 05:47:58 2026...
