

================================================================
== Vitis HLS Report for 'stencilRun_3_Pipeline_VITIS_LOOP_239_1'
================================================================
* Date:           Thu Aug 13 05:35:28 2026

* Version:        2022.2 (Build 3670227 on Oct 13 2022)
* Project:        kernel_outerloop_0_0
* Solution:       solution (Vitis Kernel Flow Target)
* Product family: virtexuplus
* Target device:  xcu280-fsvh2892-2L-e


================================================================
== Performance Estimates
================================================================
+ Timing: 
    * Summary: 
    +--------+---------+----------+------------+
    |  Clock |  Target | Estimated| Uncertainty|
    +--------+---------+----------+------------+
    |ap_clk  |  3.33 ns|  2.342 ns|     0.90 ns|
    +--------+---------+----------+------------+

+ Latency: 
    * Summary: 
    +---------+---------+----------+----------+-----+-----+---------+
    |  Latency (cycles) |  Latency (absolute) |  Interval | Pipeline|
    |   min   |   max   |    min   |    max   | min | max |   Type  |
    +---------+---------+----------+----------+-----+-----+---------+
    |        ?|        ?|         ?|         ?|    ?|    ?|       no|
    +---------+---------+----------+----------+-----+-----+---------+

    + Detail: 
        * Instance: 
        +--------------------------------------+-----------------------+---------+---------+----------+----------+-----+-----+---------+
        |                                      |                       |  Latency (cycles) |  Latency (absolute) |  Interval | Pipeline|
        |               Instance               |         Module        |   min   |   max   |    min   |    max   | min | max |   Type  |
        +--------------------------------------+-----------------------+---------+---------+----------+----------+-----+-----+---------+
        |tmp2_generic_ldexp_float_s_fu_374     |generic_ldexp_float_s  |        0|        0|      0 ns|      0 ns|    1|    1|      yes|
        |tmp3_generic_ldexp_float_s_fu_381     |generic_ldexp_float_s  |        0|        0|      0 ns|      0 ns|    1|    1|      yes|
        |tmp2_1_generic_ldexp_float_s_fu_388   |generic_ldexp_float_s  |        0|        0|      0 ns|      0 ns|    1|    1|      yes|
        |tmp3_1_generic_ldexp_float_s_fu_395   |generic_ldexp_float_s  |        0|        0|      0 ns|      0 ns|    1|    1|      yes|
        |tmp2_2_generic_ldexp_float_s_fu_402   |generic_ldexp_float_s  |        0|        0|      0 ns|      0 ns|    1|    1|      yes|
        |tmp3_2_generic_ldexp_float_s_fu_409   |generic_ldexp_float_s  |        0|        0|      0 ns|      0 ns|    1|    1|      yes|
        |tmp2_3_generic_ldexp_float_s_fu_416   |generic_ldexp_float_s  |        0|        0|      0 ns|      0 ns|    1|    1|      yes|
        |tmp3_3_generic_ldexp_float_s_fu_423   |generic_ldexp_float_s  |        0|        0|      0 ns|      0 ns|    1|    1|      yes|
        |tmp2_4_generic_ldexp_float_s_fu_430   |generic_ldexp_float_s  |        0|        0|      0 ns|      0 ns|    1|    1|      yes|
        |tmp3_4_generic_ldexp_float_s_fu_437   |generic_ldexp_float_s  |        0|        0|      0 ns|      0 ns|    1|    1|      yes|
        |tmp2_5_generic_ldexp_float_s_fu_444   |generic_ldexp_float_s  |        0|        0|      0 ns|      0 ns|    1|    1|      yes|
        |tmp3_5_generic_ldexp_float_s_fu_451   |generic_ldexp_float_s  |        0|        0|      0 ns|      0 ns|    1|    1|      yes|
        |tmp2_6_generic_ldexp_float_s_fu_458   |generic_ldexp_float_s  |        0|        0|      0 ns|      0 ns|    1|    1|      yes|
        |tmp3_6_generic_ldexp_float_s_fu_465   |generic_ldexp_float_s  |        0|        0|      0 ns|      0 ns|    1|    1|      yes|
        |tmp2_7_generic_ldexp_float_s_fu_472   |generic_ldexp_float_s  |        0|        0|      0 ns|      0 ns|    1|    1|      yes|
        |tmp3_7_generic_ldexp_float_s_fu_479   |generic_ldexp_float_s  |        0|        0|      0 ns|      0 ns|    1|    1|      yes|
        |tmp2_8_generic_ldexp_float_s_fu_486   |generic_ldexp_float_s  |        0|        0|      0 ns|      0 ns|    1|    1|      yes|
        |tmp3_8_generic_ldexp_float_s_fu_493   |generic_ldexp_float_s  |        0|        0|      0 ns|      0 ns|    1|    1|      yes|
        |tmp2_9_generic_ldexp_float_s_fu_500   |generic_ldexp_float_s  |        0|        0|      0 ns|      0 ns|    1|    1|      yes|
        |tmp3_9_generic_ldexp_float_s_fu_507   |generic_ldexp_float_s  |        0|        0|      0 ns|      0 ns|    1|    1|      yes|
        |tmp2_16_generic_ldexp_float_s_fu_514  |generic_ldexp_float_s  |        0|        0|      0 ns|      0 ns|    1|    1|      yes|
        |tmp3_16_generic_ldexp_float_s_fu_521  |generic_ldexp_float_s  |        0|        0|      0 ns|      0 ns|    1|    1|      yes|
        |tmp2_17_generic_ldexp_float_s_fu_528  |generic_ldexp_float_s  |        0|        0|      0 ns|      0 ns|    1|    1|      yes|
        |tmp3_17_generic_ldexp_float_s_fu_535  |generic_ldexp_float_s  |        0|        0|      0 ns|      0 ns|    1|    1|      yes|
        |tmp2_18_generic_ldexp_float_s_fu_542  |generic_ldexp_float_s  |        0|        0|      0 ns|      0 ns|    1|    1|      yes|
        |tmp3_18_generic_ldexp_float_s_fu_549  |generic_ldexp_float_s  |        0|        0|      0 ns|      0 ns|    1|    1|      yes|
        |tmp2_19_generic_ldexp_float_s_fu_556  |generic_ldexp_float_s  |        0|        0|      0 ns|      0 ns|    1|    1|      yes|
        |tmp3_19_generic_ldexp_float_s_fu_563  |generic_ldexp_float_s  |        0|        0|      0 ns|      0 ns|    1|    1|      yes|
        |tmp2_20_generic_ldexp_float_s_fu_570  |generic_ldexp_float_s  |        0|        0|      0 ns|      0 ns|    1|    1|      yes|
        |tmp3_20_generic_ldexp_float_s_fu_577  |generic_ldexp_float_s  |        0|        0|      0 ns|      0 ns|    1|    1|      yes|
        |tmp2_21_generic_ldexp_float_s_fu_584  |generic_ldexp_float_s  |        0|        0|      0 ns|      0 ns|    1|    1|      yes|
        |tmp3_21_generic_ldexp_float_s_fu_591  |generic_ldexp_float_s  |        0|        0|      0 ns|      0 ns|    1|    1|      yes|
        +--------------------------------------+-----------------------+---------+---------+----------+----------+-----+-----+---------+

        * Loop: 
        +--------------------+---------+---------+----------+-----------+-----------+------+----------+
        |                    |  Latency (cycles) | Iteration|  Initiation Interval  | Trip |          |
        |      Loop Name     |   min   |   max   |  Latency |  achieved |   target  | Count| Pipelined|
        +--------------------+---------+---------+----------+-----------+-----------+------+----------+
        |- VITIS_LOOP_239_1  |        ?|        ?|        28|          1|          1|     ?|       yes|
        +--------------------+---------+---------+----------+-----------+-----------+------+----------+



================================================================
== Utilization Estimates
================================================================
* Summary: 
+---------------------+---------+------+---------+---------+-----+
|         Name        | BRAM_18K|  DSP |    FF   |   LUT   | URAM|
+---------------------+---------+------+---------+---------+-----+
|DSP                  |        -|     -|        -|        -|    -|
|Expression           |        -|     -|        0|     2786|    -|
|FIFO                 |        -|     -|        -|        -|    -|
|Instance             |        -|   128|    20352|    18528|    -|
|Memory               |        -|     -|        -|        -|    -|
|Multiplexer          |        -|     -|        -|      171|    -|
|Register             |        -|     -|    12746|     1600|    -|
+---------------------+---------+------+---------+---------+-----+
|Total                |        0|   128|    33098|    23085|    0|
+---------------------+---------+------+---------+---------+-----+
|Available SLR        |     1344|  3008|   869120|   434560|  320|
+---------------------+---------+------+---------+---------+-----+
|Utilization SLR (%)  |        0|     4|        3|        5|    0|
+---------------------+---------+------+---------+---------+-----+
|Available            |     4032|  9024|  2607360|  1303680|  960|
+---------------------+---------+------+---------+---------+-----+
|Utilization (%)      |        0|     1|        1|        1|    0|
+---------------------+---------+------+---------+---------+-----+

+ Detail: 
    * Instance: 
    +--------------------------------------+--------------------------------+---------+----+-----+-----+-----+
    |               Instance               |             Module             | BRAM_18K| DSP|  FF | LUT | URAM|
    +--------------------------------------+--------------------------------+---------+----+-----+-----+-----+
    |fadd_32ns_32ns_32_7_full_dsp_1_U125   |fadd_32ns_32ns_32_7_full_dsp_1  |        0|   2|  318|  198|    0|
    |fadd_32ns_32ns_32_7_full_dsp_1_U126   |fadd_32ns_32ns_32_7_full_dsp_1  |        0|   2|  318|  198|    0|
    |fadd_32ns_32ns_32_7_full_dsp_1_U127   |fadd_32ns_32ns_32_7_full_dsp_1  |        0|   2|  318|  198|    0|
    |fadd_32ns_32ns_32_7_full_dsp_1_U128   |fadd_32ns_32ns_32_7_full_dsp_1  |        0|   2|  318|  198|    0|
    |fadd_32ns_32ns_32_7_full_dsp_1_U129   |fadd_32ns_32ns_32_7_full_dsp_1  |        0|   2|  318|  198|    0|
    |fadd_32ns_32ns_32_7_full_dsp_1_U130   |fadd_32ns_32ns_32_7_full_dsp_1  |        0|   2|  318|  198|    0|
    |fadd_32ns_32ns_32_7_full_dsp_1_U131   |fadd_32ns_32ns_32_7_full_dsp_1  |        0|   2|  318|  198|    0|
    |fadd_32ns_32ns_32_7_full_dsp_1_U132   |fadd_32ns_32ns_32_7_full_dsp_1  |        0|   2|  318|  198|    0|
    |fadd_32ns_32ns_32_7_full_dsp_1_U133   |fadd_32ns_32ns_32_7_full_dsp_1  |        0|   2|  318|  198|    0|
    |fadd_32ns_32ns_32_7_full_dsp_1_U134   |fadd_32ns_32ns_32_7_full_dsp_1  |        0|   2|  318|  198|    0|
    |fadd_32ns_32ns_32_7_full_dsp_1_U135   |fadd_32ns_32ns_32_7_full_dsp_1  |        0|   2|  318|  198|    0|
    |fadd_32ns_32ns_32_7_full_dsp_1_U136   |fadd_32ns_32ns_32_7_full_dsp_1  |        0|   2|  318|  198|    0|
    |fadd_32ns_32ns_32_7_full_dsp_1_U137   |fadd_32ns_32ns_32_7_full_dsp_1  |        0|   2|  318|  198|    0|
    |fadd_32ns_32ns_32_7_full_dsp_1_U138   |fadd_32ns_32ns_32_7_full_dsp_1  |        0|   2|  318|  198|    0|
    |fadd_32ns_32ns_32_7_full_dsp_1_U139   |fadd_32ns_32ns_32_7_full_dsp_1  |        0|   2|  318|  198|    0|
    |fadd_32ns_32ns_32_7_full_dsp_1_U140   |fadd_32ns_32ns_32_7_full_dsp_1  |        0|   2|  318|  198|    0|
    |fadd_32ns_32ns_32_7_full_dsp_1_U141   |fadd_32ns_32ns_32_7_full_dsp_1  |        0|   2|  318|  198|    0|
    |fadd_32ns_32ns_32_7_full_dsp_1_U142   |fadd_32ns_32ns_32_7_full_dsp_1  |        0|   2|  318|  198|    0|
    |fadd_32ns_32ns_32_7_full_dsp_1_U143   |fadd_32ns_32ns_32_7_full_dsp_1  |        0|   2|  318|  198|    0|
    |fadd_32ns_32ns_32_7_full_dsp_1_U144   |fadd_32ns_32ns_32_7_full_dsp_1  |        0|   2|  318|  198|    0|
    |fadd_32ns_32ns_32_7_full_dsp_1_U145   |fadd_32ns_32ns_32_7_full_dsp_1  |        0|   2|  318|  198|    0|
    |fadd_32ns_32ns_32_7_full_dsp_1_U146   |fadd_32ns_32ns_32_7_full_dsp_1  |        0|   2|  318|  198|    0|
    |fadd_32ns_32ns_32_7_full_dsp_1_U147   |fadd_32ns_32ns_32_7_full_dsp_1  |        0|   2|  318|  198|    0|
    |fadd_32ns_32ns_32_7_full_dsp_1_U148   |fadd_32ns_32ns_32_7_full_dsp_1  |        0|   2|  318|  198|    0|
    |fadd_32ns_32ns_32_7_full_dsp_1_U149   |fadd_32ns_32ns_32_7_full_dsp_1  |        0|   2|  318|  198|    0|
    |fadd_32ns_32ns_32_7_full_dsp_1_U150   |fadd_32ns_32ns_32_7_full_dsp_1  |        0|   2|  318|  198|    0|
    |fadd_32ns_32ns_32_7_full_dsp_1_U151   |fadd_32ns_32ns_32_7_full_dsp_1  |        0|   2|  318|  198|    0|
    |fadd_32ns_32ns_32_7_full_dsp_1_U152   |fadd_32ns_32ns_32_7_full_dsp_1  |        0|   2|  318|  198|    0|
    |fadd_32ns_32ns_32_7_full_dsp_1_U153   |fadd_32ns_32ns_32_7_full_dsp_1  |        0|   2|  318|  198|    0|
    |fadd_32ns_32ns_32_7_full_dsp_1_U154   |fadd_32ns_32ns_32_7_full_dsp_1  |        0|   2|  318|  198|    0|
    |fadd_32ns_32ns_32_7_full_dsp_1_U155   |fadd_32ns_32ns_32_7_full_dsp_1  |        0|   2|  318|  198|    0|
    |fadd_32ns_32ns_32_7_full_dsp_1_U156   |fadd_32ns_32ns_32_7_full_dsp_1  |        0|   2|  318|  198|    0|
    |fadd_32ns_32ns_32_7_full_dsp_1_U157   |fadd_32ns_32ns_32_7_full_dsp_1  |        0|   2|  318|  198|    0|
    |fadd_32ns_32ns_32_7_full_dsp_1_U158   |fadd_32ns_32ns_32_7_full_dsp_1  |        0|   2|  318|  198|    0|
    |fadd_32ns_32ns_32_7_full_dsp_1_U159   |fadd_32ns_32ns_32_7_full_dsp_1  |        0|   2|  318|  198|    0|
    |fadd_32ns_32ns_32_7_full_dsp_1_U160   |fadd_32ns_32ns_32_7_full_dsp_1  |        0|   2|  318|  198|    0|
    |fadd_32ns_32ns_32_7_full_dsp_1_U161   |fadd_32ns_32ns_32_7_full_dsp_1  |        0|   2|  318|  198|    0|
    |fadd_32ns_32ns_32_7_full_dsp_1_U162   |fadd_32ns_32ns_32_7_full_dsp_1  |        0|   2|  318|  198|    0|
    |fadd_32ns_32ns_32_7_full_dsp_1_U163   |fadd_32ns_32ns_32_7_full_dsp_1  |        0|   2|  318|  198|    0|
    |fadd_32ns_32ns_32_7_full_dsp_1_U164   |fadd_32ns_32ns_32_7_full_dsp_1  |        0|   2|  318|  198|    0|
    |fadd_32ns_32ns_32_7_full_dsp_1_U165   |fadd_32ns_32ns_32_7_full_dsp_1  |        0|   2|  318|  198|    0|
    |fadd_32ns_32ns_32_7_full_dsp_1_U166   |fadd_32ns_32ns_32_7_full_dsp_1  |        0|   2|  318|  198|    0|
    |fadd_32ns_32ns_32_7_full_dsp_1_U167   |fadd_32ns_32ns_32_7_full_dsp_1  |        0|   2|  318|  198|    0|
    |fadd_32ns_32ns_32_7_full_dsp_1_U168   |fadd_32ns_32ns_32_7_full_dsp_1  |        0|   2|  318|  198|    0|
    |fadd_32ns_32ns_32_7_full_dsp_1_U169   |fadd_32ns_32ns_32_7_full_dsp_1  |        0|   2|  318|  198|    0|
    |fadd_32ns_32ns_32_7_full_dsp_1_U170   |fadd_32ns_32ns_32_7_full_dsp_1  |        0|   2|  318|  198|    0|
    |fadd_32ns_32ns_32_7_full_dsp_1_U171   |fadd_32ns_32ns_32_7_full_dsp_1  |        0|   2|  318|  198|    0|
    |fadd_32ns_32ns_32_7_full_dsp_1_U172   |fadd_32ns_32ns_32_7_full_dsp_1  |        0|   2|  318|  198|    0|
    |fadd_32ns_32ns_32_7_full_dsp_1_U173   |fadd_32ns_32ns_32_7_full_dsp_1  |        0|   2|  318|  198|    0|
    |fadd_32ns_32ns_32_7_full_dsp_1_U174   |fadd_32ns_32ns_32_7_full_dsp_1  |        0|   2|  318|  198|    0|
    |fadd_32ns_32ns_32_7_full_dsp_1_U175   |fadd_32ns_32ns_32_7_full_dsp_1  |        0|   2|  318|  198|    0|
    |fadd_32ns_32ns_32_7_full_dsp_1_U176   |fadd_32ns_32ns_32_7_full_dsp_1  |        0|   2|  318|  198|    0|
    |fadd_32ns_32ns_32_7_full_dsp_1_U177   |fadd_32ns_32ns_32_7_full_dsp_1  |        0|   2|  318|  198|    0|
    |fadd_32ns_32ns_32_7_full_dsp_1_U178   |fadd_32ns_32ns_32_7_full_dsp_1  |        0|   2|  318|  198|    0|
    |fadd_32ns_32ns_32_7_full_dsp_1_U179   |fadd_32ns_32ns_32_7_full_dsp_1  |        0|   2|  318|  198|    0|
    |fadd_32ns_32ns_32_7_full_dsp_1_U180   |fadd_32ns_32ns_32_7_full_dsp_1  |        0|   2|  318|  198|    0|
    |fadd_32ns_32ns_32_7_full_dsp_1_U181   |fadd_32ns_32ns_32_7_full_dsp_1  |        0|   2|  318|  198|    0|
    |fadd_32ns_32ns_32_7_full_dsp_1_U182   |fadd_32ns_32ns_32_7_full_dsp_1  |        0|   2|  318|  198|    0|
    |fadd_32ns_32ns_32_7_full_dsp_1_U183   |fadd_32ns_32ns_32_7_full_dsp_1  |        0|   2|  318|  198|    0|
    |fadd_32ns_32ns_32_7_full_dsp_1_U184   |fadd_32ns_32ns_32_7_full_dsp_1  |        0|   2|  318|  198|    0|
    |fadd_32ns_32ns_32_7_full_dsp_1_U185   |fadd_32ns_32ns_32_7_full_dsp_1  |        0|   2|  318|  198|    0|
    |fadd_32ns_32ns_32_7_full_dsp_1_U186   |fadd_32ns_32ns_32_7_full_dsp_1  |        0|   2|  318|  198|    0|
    |fadd_32ns_32ns_32_7_full_dsp_1_U187   |fadd_32ns_32ns_32_7_full_dsp_1  |        0|   2|  318|  198|    0|
    |fadd_32ns_32ns_32_7_full_dsp_1_U188   |fadd_32ns_32ns_32_7_full_dsp_1  |        0|   2|  318|  198|    0|
    |tmp2_generic_ldexp_float_s_fu_374     |generic_ldexp_float_s           |        0|   0|    0|  183|    0|
    |tmp3_generic_ldexp_float_s_fu_381     |generic_ldexp_float_s           |        0|   0|    0|  183|    0|
    |tmp2_1_generic_ldexp_float_s_fu_388   |generic_ldexp_float_s           |        0|   0|    0|  183|    0|
    |tmp3_1_generic_ldexp_float_s_fu_395   |generic_ldexp_float_s           |        0|   0|    0|  183|    0|
    |tmp2_2_generic_ldexp_float_s_fu_402   |generic_ldexp_float_s           |        0|   0|    0|  183|    0|
    |tmp3_2_generic_ldexp_float_s_fu_409   |generic_ldexp_float_s           |        0|   0|    0|  183|    0|
    |tmp2_3_generic_ldexp_float_s_fu_416   |generic_ldexp_float_s           |        0|   0|    0|  183|    0|
    |tmp3_3_generic_ldexp_float_s_fu_423   |generic_ldexp_float_s           |        0|   0|    0|  183|    0|
    |tmp2_4_generic_ldexp_float_s_fu_430   |generic_ldexp_float_s           |        0|   0|    0|  183|    0|
    |tmp3_4_generic_ldexp_float_s_fu_437   |generic_ldexp_float_s           |        0|   0|    0|  183|    0|
    |tmp2_5_generic_ldexp_float_s_fu_444   |generic_ldexp_float_s           |        0|   0|    0|  183|    0|
    |tmp3_5_generic_ldexp_float_s_fu_451   |generic_ldexp_float_s           |        0|   0|    0|  183|    0|
    |tmp2_6_generic_ldexp_float_s_fu_458   |generic_ldexp_float_s           |        0|   0|    0|  183|    0|
    |tmp3_6_generic_ldexp_float_s_fu_465   |generic_ldexp_float_s           |        0|   0|    0|  183|    0|
    |tmp2_7_generic_ldexp_float_s_fu_472   |generic_ldexp_float_s           |        0|   0|    0|  183|    0|
    |tmp3_7_generic_ldexp_float_s_fu_479   |generic_ldexp_float_s           |        0|   0|    0|  183|    0|
    |tmp2_8_generic_ldexp_float_s_fu_486   |generic_ldexp_float_s           |        0|   0|    0|  183|    0|
    |tmp3_8_generic_ldexp_float_s_fu_493   |generic_ldexp_float_s           |        0|   0|    0|  183|    0|
    |tmp2_9_generic_ldexp_float_s_fu_500   |generic_ldexp_float_s           |        0|   0|    0|  183|    0|
    |tmp3_9_generic_ldexp_float_s_fu_507   |generic_ldexp_float_s           |        0|   0|    0|  183|    0|
    |tmp2_16_generic_ldexp_float_s_fu_514  |generic_ldexp_float_s           |        0|   0|    0|  183|    0|
    |tmp3_16_generic_ldexp_float_s_fu_521  |generic_ldexp_float_s           |        0|   0|    0|  183|    0|
    |tmp2_17_generic_ldexp_float_s_fu_528  |generic_ldexp_float_s           |        0|   0|    0|  183|    0|
    |tmp3_17_generic_ldexp_float_s_fu_535  |generic_ldexp_float_s           |        0|   0|    0|  183|    0|
    |tmp2_18_generic_ldexp_float_s_fu_542  |generic_ldexp_float_s           |        0|   0|    0|  183|    0|
    |tmp3_18_generic_ldexp_float_s_fu_549  |generic_ldexp_float_s           |        0|   0|    0|  183|    0|
    |tmp2_19_generic_ldexp_float_s_fu_556  |generic_ldexp_float_s           |        0|   0|    0|  183|    0|
    |tmp3_19_generic_ldexp_float_s_fu_563  |generic_ldexp_float_s           |        0|   0|    0|  183|    0|
    |tmp2_20_generic_ldexp_float_s_fu_570  |generic_ldexp_float_s           |        0|   0|    0|  183|    0|
    |tmp3_20_generic_ldexp_float_s_fu_577  |generic_ldexp_float_s           |        0|   0|    0|  183|    0|
    |tmp2_21_generic_ldexp_float_s_fu_584  |generic_ldexp_float_s           |        0|   0|    0|  183|    0|
    |tmp3_21_generic_ldexp_float_s_fu_591  |generic_ldexp_float_s           |        0|   0|    0|  183|    0|
    +--------------------------------------+--------------------------------+---------+----+-----+-----+-----+
    |Total                                 |                                |        0| 128|20352|18528|    0|
    +--------------------------------------+--------------------------------+---------+----+-----+-----+-----+

    * DSP: 
    N/A

    * Memory: 
    N/A

    * FIFO: 
    N/A

    * Expression: 
    +------------------------------------------------------------------------+----------+----+---+-----+------------+------------+
    |                              Variable Name                             | Operation| DSP| FF| LUT | Bitwidth P0| Bitwidth P1|
    +------------------------------------------------------------------------+----------+----+---+-----+------------+------------+
    |S2D_00_P10_M10_0P1_0M1_buf_r0_1_p0_rd_3_fu_1320_p2                      |         +|   0|  0|   23|          16|           1|
    |S2D_00_P10_M10_0P1_0M1_buf_r0_1_p0_wr_3_fu_1051_p2                      |         +|   0|  0|   23|          16|           1|
    |S2D_00_P10_M10_0P1_0M1_buf_r1_2_p0_rd_3_fu_1076_p2                      |         +|   0|  0|   23|          16|           1|
    |S2D_00_P10_M10_0P1_0M1_buf_r1_2_p0_wr_3_fu_988_p2                       |         +|   0|  0|   23|          16|           1|
    |add_ln275_fu_1947_p2                                                    |         +|   0|  0|   23|          16|           1|
    |i_3_fu_1927_p2                                                          |         +|   0|  0|   23|          16|           1|
    |itr_fu_939_p2                                                           |         +|   0|  0|   37|          30|           1|
    |and_ln272_fu_1941_p2                                                    |       and|   0|  0|    2|           1|           1|
    |S2D_00_P10_M10_0P1_0M1_read_cond_fu_945_p2                              |      icmp|   0|  0|   19|          30|          30|
    |addr_cmp135_fu_1280_p2                                                  |      icmp|   0|  0|   29|          64|          64|
    |addr_cmp_fu_1025_p2                                                     |      icmp|   0|  0|   29|          64|          64|
    |cmp250_fu_1969_p2                                                       |      icmp|   0|  0|   13|          16|           1|
    |cond_x_terminate_fu_1917_p2                                             |      icmp|   0|  0|   13|          16|          16|
    |cond_y_terminate_fu_1922_p2                                             |      icmp|   0|  0|   13|          16|          16|
    |icmp_ln239_fu_933_p2                                                    |      icmp|   0|  0|   19|          30|          30|
    |icmp_ln299_fu_1309_p2                                                   |      icmp|   0|  0|   13|          16|          16|
    |icmp_ln300_fu_1040_p2                                                   |      icmp|   0|  0|   13|          16|          16|
    |icmp_ln312_fu_1065_p2                                                   |      icmp|   0|  0|   13|          16|          16|
    |icmp_ln313_fu_977_p2                                                    |      icmp|   0|  0|   13|          16|          16|
    |icmp_ln389_10_fu_2503_p2                                                |      icmp|   0|  0|   13|          16|           1|
    |icmp_ln389_11_fu_2551_p2                                                |      icmp|   0|  0|   13|          16|           1|
    |icmp_ln389_12_fu_2599_p2                                                |      icmp|   0|  0|   13|          16|           1|
    |icmp_ln389_13_fu_2647_p2                                                |      icmp|   0|  0|   13|          16|           1|
    |icmp_ln389_14_fu_2695_p2                                                |      icmp|   0|  0|   13|          16|           1|
    |icmp_ln389_15_fu_2743_p2                                                |      icmp|   0|  0|   13|          16|           1|
    |icmp_ln389_1_fu_2071_p2                                                 |      icmp|   0|  0|   13|          16|           1|
    |icmp_ln389_2_fu_2119_p2                                                 |      icmp|   0|  0|   13|          16|           1|
    |icmp_ln389_3_fu_2167_p2                                                 |      icmp|   0|  0|   13|          16|           1|
    |icmp_ln389_4_fu_2215_p2                                                 |      icmp|   0|  0|   13|          16|           1|
    |icmp_ln389_5_fu_2263_p2                                                 |      icmp|   0|  0|   13|          16|           1|
    |icmp_ln389_6_fu_2311_p2                                                 |      icmp|   0|  0|   13|          16|           1|
    |icmp_ln389_7_fu_2359_p2                                                 |      icmp|   0|  0|   13|          16|           1|
    |icmp_ln389_8_fu_2407_p2                                                 |      icmp|   0|  0|   13|          16|           1|
    |icmp_ln389_9_fu_2455_p2                                                 |      icmp|   0|  0|   13|          16|           1|
    |icmp_ln389_fu_2023_p2                                                   |      icmp|   0|  0|   13|          16|           1|
    |icmp_ln390_16_fu_2077_p2                                                |      icmp|   0|  0|   13|          17|          17|
    |icmp_ln390_17_fu_2125_p2                                                |      icmp|   0|  0|   13|          17|          17|
    |icmp_ln390_18_fu_2173_p2                                                |      icmp|   0|  0|   13|          17|          17|
    |icmp_ln390_19_fu_2221_p2                                                |      icmp|   0|  0|   13|          17|          17|
    |icmp_ln390_20_fu_2269_p2                                                |      icmp|   0|  0|   13|          17|          17|
    |icmp_ln390_21_fu_2317_p2                                                |      icmp|   0|  0|   13|          17|          17|
    |icmp_ln390_22_fu_2365_p2                                                |      icmp|   0|  0|   13|          17|          17|
    |icmp_ln390_23_fu_2413_p2                                                |      icmp|   0|  0|   13|          17|          17|
    |icmp_ln390_24_fu_2461_p2                                                |      icmp|   0|  0|   13|          17|          17|
    |icmp_ln390_25_fu_2509_p2                                                |      icmp|   0|  0|   13|          17|          17|
    |icmp_ln390_26_fu_2557_p2                                                |      icmp|   0|  0|   13|          17|          17|
    |icmp_ln390_27_fu_2605_p2                                                |      icmp|   0|  0|   13|          17|          17|
    |icmp_ln390_28_fu_2653_p2                                                |      icmp|   0|  0|   13|          17|          17|
    |icmp_ln390_29_fu_2701_p2                                                |      icmp|   0|  0|   13|          17|          17|
    |icmp_ln390_30_fu_2749_p2                                                |      icmp|   0|  0|   13|          17|          17|
    |icmp_ln390_fu_2029_p2                                                   |      icmp|   0|  0|   13|          17|          17|
    |slt_fu_1979_p2                                                          |      icmp|   0|  0|   13|          17|          17|
    |ap_block_pp0_stage0_01001                                               |        or|   0|  0|    2|           1|           1|
    |ap_block_state28_pp0_stage0_iter27                                      |        or|   0|  0|    2|           1|           1|
    |ap_block_state2_pp0_stage0_iter1                                        |        or|   0|  0|    2|           1|           1|
    |index_16_fu_2061_p2                                                     |        or|   0|  0|   16|          16|           1|
    |index_17_fu_2109_p2                                                     |        or|   0|  0|   16|          16|           2|
    |index_18_fu_2157_p2                                                     |        or|   0|  0|   16|          16|           2|
    |index_19_fu_2205_p2                                                     |        or|   0|  0|   16|          16|           3|
    |index_20_fu_2253_p2                                                     |        or|   0|  0|   16|          16|           3|
    |index_21_fu_2301_p2                                                     |        or|   0|  0|   16|          16|           3|
    |index_22_fu_2349_p2                                                     |        or|   0|  0|   16|          16|           3|
    |index_23_fu_2397_p2                                                     |        or|   0|  0|   16|          16|           4|
    |index_24_fu_2445_p2                                                     |        or|   0|  0|   16|          16|           4|
    |index_25_fu_2493_p2                                                     |        or|   0|  0|   16|          16|           4|
    |index_26_fu_2541_p2                                                     |        or|   0|  0|   16|          16|           4|
    |index_27_fu_2589_p2                                                     |        or|   0|  0|   16|          16|           4|
    |index_28_fu_2637_p2                                                     |        or|   0|  0|   16|          16|           4|
    |index_29_fu_2685_p2                                                     |        or|   0|  0|   16|          16|           4|
    |index_30_fu_2733_p2                                                     |        or|   0|  0|   16|          16|           4|
    |neg_cond_16_fu_2093_p2                                                  |        or|   0|  0|    2|           1|           1|
    |neg_cond_17_fu_2141_p2                                                  |        or|   0|  0|    2|           1|           1|
    |neg_cond_18_fu_2189_p2                                                  |        or|   0|  0|    2|           1|           1|
    |neg_cond_19_fu_2237_p2                                                  |        or|   0|  0|    2|           1|           1|
    |neg_cond_20_fu_2285_p2                                                  |        or|   0|  0|    2|           1|           1|
    |neg_cond_21_fu_2333_p2                                                  |        or|   0|  0|    2|           1|           1|
    |neg_cond_22_fu_2381_p2                                                  |        or|   0|  0|    2|           1|           1|
    |neg_cond_23_fu_2429_p2                                                  |        or|   0|  0|    2|           1|           1|
    |neg_cond_24_fu_2477_p2                                                  |        or|   0|  0|    2|           1|           1|
    |neg_cond_25_fu_2525_p2                                                  |        or|   0|  0|    2|           1|           1|
    |neg_cond_26_fu_2573_p2                                                  |        or|   0|  0|    2|           1|           1|
    |neg_cond_27_fu_2621_p2                                                  |        or|   0|  0|    2|           1|           1|
    |neg_cond_28_fu_2669_p2                                                  |        or|   0|  0|    2|           1|           1|
    |neg_cond_29_fu_2717_p2                                                  |        or|   0|  0|    2|           1|           1|
    |neg_cond_30_fu_2765_p2                                                  |        or|   0|  0|    2|           1|           1|
    |neg_cond_fu_2045_p2                                                     |        or|   0|  0|    2|           1|           1|
    |or_ln390_10_fu_2280_p2                                                  |        or|   0|  0|    2|           1|           1|
    |or_ln390_12_fu_2328_p2                                                  |        or|   0|  0|    2|           1|           1|
    |or_ln390_14_fu_2376_p2                                                  |        or|   0|  0|    2|           1|           1|
    |or_ln390_16_fu_2424_p2                                                  |        or|   0|  0|    2|           1|           1|
    |or_ln390_18_fu_2472_p2                                                  |        or|   0|  0|    2|           1|           1|
    |or_ln390_20_fu_2520_p2                                                  |        or|   0|  0|    2|           1|           1|
    |or_ln390_22_fu_2568_p2                                                  |        or|   0|  0|    2|           1|           1|
    |or_ln390_24_fu_2616_p2                                                  |        or|   0|  0|    2|           1|           1|
    |or_ln390_26_fu_2664_p2                                                  |        or|   0|  0|    2|           1|           1|
    |or_ln390_28_fu_2712_p2                                                  |        or|   0|  0|    2|           1|           1|
    |or_ln390_2_fu_2088_p2                                                   |        or|   0|  0|    2|           1|           1|
    |or_ln390_30_fu_2760_p2                                                  |        or|   0|  0|    2|           1|           1|
    |or_ln390_4_fu_2136_p2                                                   |        or|   0|  0|    2|           1|           1|
    |or_ln390_6_fu_2184_p2                                                   |        or|   0|  0|    2|           1|           1|
    |or_ln390_8_fu_2232_p2                                                   |        or|   0|  0|    2|           1|           1|
    |or_ln390_fu_2040_p2                                                     |        or|   0|  0|    2|           1|           1|
    |or_ln392_fu_1990_p2                                                     |        or|   0|  0|    2|           1|           1|
    |S2D_00_P10_M10_0P1_0M1_buf_r0_1_p0_rd_4_fu_1326_p3                      |    select|   0|  0|   16|           1|           1|
    |S2D_00_P10_M10_0P1_0M1_buf_r0_1_p0_wr_4_fu_1057_p3                      |    select|   0|  0|   16|           1|           1|
    |S2D_00_P10_M10_0P1_0M1_buf_r1_2_p0_rd_4_fu_1082_p3                      |    select|   0|  0|   16|           1|           1|
    |S2D_00_P10_M10_0P1_0M1_buf_r1_2_p0_wr_4_fu_994_p3                       |    select|   0|  0|   16|           1|           1|
    |arg1_tmpConvWrite_100_fu_2534_p3                                        |    select|   0|  0|   32|           1|          32|
    |arg1_tmpConvWrite_102_fu_2582_p3                                        |    select|   0|  0|   32|           1|          32|
    |arg1_tmpConvWrite_104_fu_2630_p3                                        |    select|   0|  0|   32|           1|          32|
    |arg1_tmpConvWrite_106_fu_2678_p3                                        |    select|   0|  0|   32|           1|          32|
    |arg1_tmpConvWrite_108_fu_2726_p3                                        |    select|   0|  0|   32|           1|          32|
    |arg1_tmpConvWrite_110_fu_2774_p3                                        |    select|   0|  0|   32|           1|          32|
    |arg1_tmpConvWrite_80_fu_2054_p3                                         |    select|   0|  0|   32|           1|          32|
    |arg1_tmpConvWrite_82_fu_2102_p3                                         |    select|   0|  0|   32|           1|          32|
    |arg1_tmpConvWrite_84_fu_2150_p3                                         |    select|   0|  0|   32|           1|          32|
    |arg1_tmpConvWrite_86_fu_2198_p3                                         |    select|   0|  0|   32|           1|          32|
    |arg1_tmpConvWrite_88_fu_2246_p3                                         |    select|   0|  0|   32|           1|          32|
    |arg1_tmpConvWrite_90_fu_2294_p3                                         |    select|   0|  0|   32|           1|          32|
    |arg1_tmpConvWrite_92_fu_2342_p3                                         |    select|   0|  0|   32|           1|          32|
    |arg1_tmpConvWrite_94_fu_2390_p3                                         |    select|   0|  0|   32|           1|          32|
    |arg1_tmpConvWrite_96_fu_2438_p3                                         |    select|   0|  0|   32|           1|          32|
    |arg1_tmpConvWrite_98_fu_2486_p3                                         |    select|   0|  0|   32|           1|          32|
    |i_4_fu_1933_p3                                                          |    select|   0|  0|   16|           1|           1|
    |j_3_fu_1953_p3                                                          |    select|   0|  0|   16|           1|          16|
    |j_4_fu_1961_p3                                                          |    select|   0|  0|   16|           1|           1|
    |t_2_fu_1288_p3                                                          |    select|   0|  0|  533|           1|         576|
    |t_fu_1526_p3                                                            |    select|   0|  0|  480|           1|         544|
    |ap_enable_pp0                                                           |       xor|   0|  0|    2|           1|           2|
    |cond_end_of_line_buff_S2D_00_P10_M10_0P1_0M1_buf_r0_1_p0_rd_fu_1314_p2  |       xor|   0|  0|    2|           1|           2|
    |cond_end_of_line_buff_S2D_00_P10_M10_0P1_0M1_buf_r0_1_p0_wr_fu_1045_p2  |       xor|   0|  0|    2|           1|           2|
    |cond_end_of_line_buff_S2D_00_P10_M10_0P1_0M1_buf_r1_2_p0_rd_fu_1070_p2  |       xor|   0|  0|    2|           1|           2|
    |cond_end_of_line_buff_S2D_00_P10_M10_0P1_0M1_buf_r1_2_p0_wr_fu_982_p2   |       xor|   0|  0|    2|           1|           2|
    |rev98_fu_1984_p2                                                        |       xor|   0|  0|    2|           1|           2|
    |xor_ln390_16_fu_2082_p2                                                 |       xor|   0|  0|    2|           1|           2|
    |xor_ln390_17_fu_2130_p2                                                 |       xor|   0|  0|    2|           1|           2|
    |xor_ln390_18_fu_2178_p2                                                 |       xor|   0|  0|    2|           1|           2|
    |xor_ln390_19_fu_2226_p2                                                 |       xor|   0|  0|    2|           1|           2|
    |xor_ln390_20_fu_2274_p2                                                 |       xor|   0|  0|    2|           1|           2|
    |xor_ln390_21_fu_2322_p2                                                 |       xor|   0|  0|    2|           1|           2|
    |xor_ln390_22_fu_2370_p2                                                 |       xor|   0|  0|    2|           1|           2|
    |xor_ln390_23_fu_2418_p2                                                 |       xor|   0|  0|    2|           1|           2|
    |xor_ln390_24_fu_2466_p2                                                 |       xor|   0|  0|    2|           1|           2|
    |xor_ln390_25_fu_2514_p2                                                 |       xor|   0|  0|    2|           1|           2|
    |xor_ln390_26_fu_2562_p2                                                 |       xor|   0|  0|    2|           1|           2|
    |xor_ln390_27_fu_2610_p2                                                 |       xor|   0|  0|    2|           1|           2|
    |xor_ln390_28_fu_2658_p2                                                 |       xor|   0|  0|    2|           1|           2|
    |xor_ln390_29_fu_2706_p2                                                 |       xor|   0|  0|    2|           1|           2|
    |xor_ln390_30_fu_2754_p2                                                 |       xor|   0|  0|    2|           1|           2|
    |xor_ln390_fu_2034_p2                                                    |       xor|   0|  0|    2|           1|           2|
    +------------------------------------------------------------------------+----------+----+---+-----+------------+------------+
    |Total                                                                   |          |   0|  0| 2786|        1295|        2381|
    +------------------------------------------------------------------------+----------+----+---+-----+------------+------------+

    * Multiplexer: 
    +--------------------------------------------------------+----+-----------+-----+-----------+
    |                          Name                          | LUT| Input Size| Bits| Total Bits|
    +--------------------------------------------------------+----+-----------+-----+-----------+
    |S2D_00_P10_M10_0P1_0M1_buf_r0_1_p0_rd_fu_232            |   9|          2|   16|         32|
    |S2D_00_P10_M10_0P1_0M1_buf_r0_1_p0_wr_fu_236            |   9|          2|   16|         32|
    |S2D_00_P10_M10_0P1_0M1_buf_r1_2_p0_rd_fu_240            |   9|          2|   16|         32|
    |S2D_00_P10_M10_0P1_0M1_buf_r1_2_p0_wr_fu_244            |   9|          2|   16|         32|
    |ap_done_int                                             |   9|          2|    1|          2|
    |ap_enable_reg_pp0_iter1                                 |   9|          2|    1|          2|
    |ap_sig_allocacmp_itr_20                                 |   9|          2|   30|         60|
    |arg0_poisson_kernel_stencil_in_subtile_stream_0_blk_n   |   9|          2|    1|          2|
    |arg0_poisson_kernel_stencil_in_subtile_stream_1_blk_n   |   9|          2|    1|          2|
    |arg0_read_val_V_fu_252                                  |   9|          2|  576|       1152|
    |arg1_poisson_kernel_stencil_out_subtile_stream_0_blk_n  |   9|          2|    1|          2|
    |arg1_poisson_kernel_stencil_out_subtile_stream_1_blk_n  |   9|          2|    1|          2|
    |i_fu_224                                                |   9|          2|   16|         32|
    |j_fu_228                                                |   9|          2|   16|         32|
    |reg_itr_fu_248                                          |   9|          2|   30|         60|
    |reuse_addr_reg132_fu_200                                |   9|          2|   64|        128|
    |reuse_addr_reg_fu_208                                   |   9|          2|   64|        128|
    |reuse_reg131_fu_204                                     |   9|          2|  544|       1088|
    |reuse_reg_fu_212                                        |   9|          2|  576|       1152|
    +--------------------------------------------------------+----+-----------+-----+-----------+
    |Total                                                   | 171|         38| 1986|       3972|
    +--------------------------------------------------------+----+-----------+-----+-----------+

    * Register: 
    +----------------------------------------------+-----+----+-----+-----------+
    |                     Name                     |  FF | LUT| Bits| Const Bits|
    +----------------------------------------------+-----+----+-----+-----------+
    |S2D_00_P10_M10_0P1_0M1_buf_r0_1_p0_rd_fu_232  |   16|   0|   16|          0|
    |S2D_00_P10_M10_0P1_0M1_buf_r0_1_p0_wr_fu_236  |   16|   0|   16|          0|
    |S2D_00_P10_M10_0P1_0M1_buf_r1_2_p0_rd_fu_240  |   16|   0|   16|          0|
    |S2D_00_P10_M10_0P1_0M1_buf_r1_2_p0_wr_fu_244  |   16|   0|   16|          0|
    |S2D_00_P10_M10_0P1_0M1_read_cond_reg_2969     |    1|   0|    1|          0|
    |addr_cmp135_reg_3088                          |    1|   0|    1|          0|
    |addr_cmp_reg_2998                             |    1|   0|    1|          0|
    |ap_CS_fsm                                     |    1|   0|    1|          0|
    |ap_done_reg                                   |    1|   0|    1|          0|
    |ap_enable_reg_pp0_iter1                       |    1|   0|    1|          0|
    |ap_enable_reg_pp0_iter10                      |    1|   0|    1|          0|
    |ap_enable_reg_pp0_iter11                      |    1|   0|    1|          0|
    |ap_enable_reg_pp0_iter12                      |    1|   0|    1|          0|
    |ap_enable_reg_pp0_iter13                      |    1|   0|    1|          0|
    |ap_enable_reg_pp0_iter14                      |    1|   0|    1|          0|
    |ap_enable_reg_pp0_iter15                      |    1|   0|    1|          0|
    |ap_enable_reg_pp0_iter16                      |    1|   0|    1|          0|
    |ap_enable_reg_pp0_iter17                      |    1|   0|    1|          0|
    |ap_enable_reg_pp0_iter18                      |    1|   0|    1|          0|
    |ap_enable_reg_pp0_iter19                      |    1|   0|    1|          0|
    |ap_enable_reg_pp0_iter2                       |    1|   0|    1|          0|
    |ap_enable_reg_pp0_iter20                      |    1|   0|    1|          0|
    |ap_enable_reg_pp0_iter21                      |    1|   0|    1|          0|
    |ap_enable_reg_pp0_iter22                      |    1|   0|    1|          0|
    |ap_enable_reg_pp0_iter23                      |    1|   0|    1|          0|
    |ap_enable_reg_pp0_iter24                      |    1|   0|    1|          0|
    |ap_enable_reg_pp0_iter25                      |    1|   0|    1|          0|
    |ap_enable_reg_pp0_iter26                      |    1|   0|    1|          0|
    |ap_enable_reg_pp0_iter27                      |    1|   0|    1|          0|
    |ap_enable_reg_pp0_iter3                       |    1|   0|    1|          0|
    |ap_enable_reg_pp0_iter4                       |    1|   0|    1|          0|
    |ap_enable_reg_pp0_iter5                       |    1|   0|    1|          0|
    |ap_enable_reg_pp0_iter6                       |    1|   0|    1|          0|
    |ap_enable_reg_pp0_iter7                       |    1|   0|    1|          0|
    |ap_enable_reg_pp0_iter8                       |    1|   0|    1|          0|
    |ap_enable_reg_pp0_iter9                       |    1|   0|    1|          0|
    |ap_loop_exit_ready_pp0_iter10_reg             |    1|   0|    1|          0|
    |ap_loop_exit_ready_pp0_iter11_reg             |    1|   0|    1|          0|
    |ap_loop_exit_ready_pp0_iter12_reg             |    1|   0|    1|          0|
    |ap_loop_exit_ready_pp0_iter13_reg             |    1|   0|    1|          0|
    |ap_loop_exit_ready_pp0_iter14_reg             |    1|   0|    1|          0|
    |ap_loop_exit_ready_pp0_iter15_reg             |    1|   0|    1|          0|
    |ap_loop_exit_ready_pp0_iter16_reg             |    1|   0|    1|          0|
    |ap_loop_exit_ready_pp0_iter17_reg             |    1|   0|    1|          0|
    |ap_loop_exit_ready_pp0_iter18_reg             |    1|   0|    1|          0|
    |ap_loop_exit_ready_pp0_iter19_reg             |    1|   0|    1|          0|
    |ap_loop_exit_ready_pp0_iter1_reg              |    1|   0|    1|          0|
    |ap_loop_exit_ready_pp0_iter20_reg             |    1|   0|    1|          0|
    |ap_loop_exit_ready_pp0_iter21_reg             |    1|   0|    1|          0|
    |ap_loop_exit_ready_pp0_iter22_reg             |    1|   0|    1|          0|
    |ap_loop_exit_ready_pp0_iter23_reg             |    1|   0|    1|          0|
    |ap_loop_exit_ready_pp0_iter24_reg             |    1|   0|    1|          0|
    |ap_loop_exit_ready_pp0_iter25_reg             |    1|   0|    1|          0|
    |ap_loop_exit_ready_pp0_iter26_reg             |    1|   0|    1|          0|
    |ap_loop_exit_ready_pp0_iter2_reg              |    1|   0|    1|          0|
    |ap_loop_exit_ready_pp0_iter3_reg              |    1|   0|    1|          0|
    |ap_loop_exit_ready_pp0_iter4_reg              |    1|   0|    1|          0|
    |ap_loop_exit_ready_pp0_iter5_reg              |    1|   0|    1|          0|
    |ap_loop_exit_ready_pp0_iter6_reg              |    1|   0|    1|          0|
    |ap_loop_exit_ready_pp0_iter7_reg              |    1|   0|    1|          0|
    |ap_loop_exit_ready_pp0_iter8_reg              |    1|   0|    1|          0|
    |ap_loop_exit_ready_pp0_iter9_reg              |    1|   0|    1|          0|
    |arg0_read_val_V_4_reg_2983                    |  576|   0|  576|          0|
    |arg0_read_val_V_fu_252                        |  576|   0|  576|          0|
    |arg0_rowArr_1_0_19_reg_3291                   |   32|   0|   32|          0|
    |arg0_rowArr_1_0_20_reg_3307                   |   32|   0|   32|          0|
    |arg0_rowArr_1_0_21_reg_3324                   |   32|   0|   32|          0|
    |arg0_rowArr_1_0_22_reg_3341                   |   32|   0|   32|          0|
    |arg0_rowArr_1_0_23_reg_3358                   |   32|   0|   32|          0|
    |arg0_rowArr_1_0_24_reg_3375                   |   32|   0|   32|          0|
    |arg0_rowArr_1_0_25_reg_3392                   |   32|   0|   32|          0|
    |arg0_rowArr_1_0_26_reg_3409                   |   32|   0|   32|          0|
    |arg0_rowArr_1_0_27_reg_3426                   |   32|   0|   32|          0|
    |arg0_rowArr_1_0_28_reg_3443                   |   32|   0|   32|          0|
    |arg0_rowArr_1_0_29_reg_3460                   |   32|   0|   32|          0|
    |arg0_rowArr_1_0_30_reg_3477                   |   32|   0|   32|          0|
    |arg0_rowArr_1_0_31_reg_3494                   |   32|   0|   32|          0|
    |arg0_rowArr_1_0_32_reg_3511                   |   32|   0|   32|          0|
    |arg0_rowArr_1_0_33_reg_3528                   |   32|   0|   32|          0|
    |arg0_rowArr_1_0_34_reg_3545                   |   32|   0|   32|          0|
    |arg0_tmpConverter_0_0_16_reg_3251             |   32|   0|   32|          0|
    |arg0_tmpConverter_0_0_17_reg_3256             |   32|   0|   32|          0|
    |arg0_tmpConverter_0_0_18_reg_3261             |   32|   0|   32|          0|
    |arg0_tmpConverter_0_0_19_reg_3266             |   32|   0|   32|          0|
    |arg0_tmpConverter_0_0_1_reg_3206              |   32|   0|   32|          0|
    |arg0_tmpConverter_0_0_20_reg_3271             |   32|   0|   32|          0|
    |arg0_tmpConverter_0_0_21_reg_3276             |   32|   0|   32|          0|
    |arg0_tmpConverter_0_0_2_reg_3211              |   32|   0|   32|          0|
    |arg0_tmpConverter_0_0_3_reg_3216              |   32|   0|   32|          0|
    |arg0_tmpConverter_0_0_4_reg_3221              |   32|   0|   32|          0|
    |arg0_tmpConverter_0_0_5_reg_3226              |   32|   0|   32|          0|
    |arg0_tmpConverter_0_0_6_reg_3231              |   32|   0|   32|          0|
    |arg0_tmpConverter_0_0_7_reg_3236              |   32|   0|   32|          0|
    |arg0_tmpConverter_0_0_8_reg_3241              |   32|   0|   32|          0|
    |arg0_tmpConverter_0_0_9_reg_3246              |   32|   0|   32|          0|
    |arg0_tmpConverter_0_0_reg_3201                |   32|   0|   32|          0|
    |arg0_tmpConverter_1_0_34_reg_3195             |   32|   0|   32|          0|
    |arg0_tmpConverter_1_0_reg_3093                |   32|   0|   32|          0|
    |arg0_tmpConverter_2_0_16_reg_3008             |   32|   0|   32|          0|
    |arg0_tmpConverter_2_0_17_reg_3013             |   32|   0|   32|          0|
    |arg0_tmpConverter_2_0_18_reg_3018             |   32|   0|   32|          0|
    |arg0_tmpConverter_2_0_19_reg_3023             |   32|   0|   32|          0|
    |arg0_tmpConverter_2_0_20_reg_3028             |   32|   0|   32|          0|
    |arg0_tmpConverter_2_0_21_reg_3033             |   32|   0|   32|          0|
    |arg0_tmpConverter_2_0_22_reg_3038             |   32|   0|   32|          0|
    |arg0_tmpConverter_2_0_23_reg_3043             |   32|   0|   32|          0|
    |arg0_tmpConverter_2_0_24_reg_3048             |   32|   0|   32|          0|
    |arg0_tmpConverter_2_0_25_reg_3053             |   32|   0|   32|          0|
    |arg0_tmpConverter_2_0_26_reg_3058             |   32|   0|   32|          0|
    |arg0_tmpConverter_2_0_27_reg_3063             |   32|   0|   32|          0|
    |arg0_tmpConverter_2_0_28_reg_3068             |   32|   0|   32|          0|
    |arg0_tmpConverter_2_0_29_reg_3073             |   32|   0|   32|          0|
    |arg0_tmpConverter_2_0_30_reg_3078             |   32|   0|   32|          0|
    |arg0_tmpConverter_2_0_reg_3003                |   32|   0|   32|          0|
    |arg1_result_16_reg_4036                       |   32|   0|   32|          0|
    |arg1_result_17_reg_4041                       |   32|   0|   32|          0|
    |arg1_result_18_reg_4046                       |   32|   0|   32|          0|
    |arg1_result_19_reg_4051                       |   32|   0|   32|          0|
    |arg1_result_1_reg_3991                        |   32|   0|   32|          0|
    |arg1_result_20_reg_4056                       |   32|   0|   32|          0|
    |arg1_result_21_reg_4061                       |   32|   0|   32|          0|
    |arg1_result_2_reg_3996                        |   32|   0|   32|          0|
    |arg1_result_3_reg_4001                        |   32|   0|   32|          0|
    |arg1_result_4_reg_4006                        |   32|   0|   32|          0|
    |arg1_result_5_reg_4011                        |   32|   0|   32|          0|
    |arg1_result_6_reg_4016                        |   32|   0|   32|          0|
    |arg1_result_7_reg_4021                        |   32|   0|   32|          0|
    |arg1_result_8_reg_4026                        |   32|   0|   32|          0|
    |arg1_result_9_reg_4031                        |   32|   0|   32|          0|
    |arg1_result_reg_3986                          |   32|   0|   32|          0|
    |arg1_tmpConvWrite_111_reg_3099                |   32|   0|   32|          0|
    |arg1_tmpConvWrite_112_reg_3105                |   32|   0|   32|          0|
    |arg1_tmpConvWrite_113_reg_3111                |   32|   0|   32|          0|
    |arg1_tmpConvWrite_114_reg_3117                |   32|   0|   32|          0|
    |arg1_tmpConvWrite_115_reg_3123                |   32|   0|   32|          0|
    |arg1_tmpConvWrite_116_reg_3129                |   32|   0|   32|          0|
    |arg1_tmpConvWrite_117_reg_3135                |   32|   0|   32|          0|
    |arg1_tmpConvWrite_118_reg_3141                |   32|   0|   32|          0|
    |arg1_tmpConvWrite_119_reg_3147                |   32|   0|   32|          0|
    |arg1_tmpConvWrite_120_reg_3153                |   32|   0|   32|          0|
    |arg1_tmpConvWrite_121_reg_3159                |   32|   0|   32|          0|
    |arg1_tmpConvWrite_122_reg_3165                |   32|   0|   32|          0|
    |arg1_tmpConvWrite_123_reg_3171                |   32|   0|   32|          0|
    |arg1_tmpConvWrite_124_reg_3177                |   32|   0|   32|          0|
    |arg1_tmpConvWrite_125_reg_3183                |   32|   0|   32|          0|
    |arg1_tmpConvWrite_126_reg_3189                |   32|   0|   32|          0|
    |i_4_reg_3961                                  |   16|   0|   16|          0|
    |i_fu_224                                      |   16|   0|   16|          0|
    |j_fu_228                                      |   16|   0|   16|          0|
    |or_ln392_reg_3966                             |    1|   0|    1|          0|
    |p_Val2_13_fu_220                              |  544|   0|  544|          0|
    |p_Val2_13_load_reg_3083                       |  544|   0|  544|          0|
    |p_Val2_s_fu_216                               |  576|   0|  576|          0|
    |p_read26_cast_cast_reg_2957                   |   16|   0|   16|          0|
    |reg_itr_fu_248                                |   30|   0|   30|          0|
    |reuse_addr_reg132_fu_200                      |   64|   0|   64|          0|
    |reuse_addr_reg_fu_208                         |   64|   0|   64|          0|
    |reuse_reg131_fu_204                           |  544|   0|  544|          0|
    |reuse_reg_fu_212                              |  576|   0|  576|          0|
    |sext_ln223_cast_reg_2927                      |   16|   0|   16|          0|
    |tmp1_16_reg_3771                              |   32|   0|   32|          0|
    |tmp1_17_reg_3776                              |   32|   0|   32|          0|
    |tmp1_18_reg_3781                              |   32|   0|   32|          0|
    |tmp1_19_reg_3786                              |   32|   0|   32|          0|
    |tmp1_1_16_reg_3661                            |   32|   0|   32|          0|
    |tmp1_1_17_reg_3671                            |   32|   0|   32|          0|
    |tmp1_1_18_reg_3681                            |   32|   0|   32|          0|
    |tmp1_1_19_reg_3691                            |   32|   0|   32|          0|
    |tmp1_1_1_reg_3571                             |   32|   0|   32|          0|
    |tmp1_1_20_reg_3701                            |   32|   0|   32|          0|
    |tmp1_1_21_reg_3711                            |   32|   0|   32|          0|
    |tmp1_1_2_reg_3581                             |   32|   0|   32|          0|
    |tmp1_1_3_reg_3591                             |   32|   0|   32|          0|
    |tmp1_1_4_reg_3601                             |   32|   0|   32|          0|
    |tmp1_1_5_reg_3611                             |   32|   0|   32|          0|
    |tmp1_1_66_reg_3726                            |   32|   0|   32|          0|
    |tmp1_1_6_reg_3621                             |   32|   0|   32|          0|
    |tmp1_1_7_reg_3631                             |   32|   0|   32|          0|
    |tmp1_1_8_reg_3641                             |   32|   0|   32|          0|
    |tmp1_1_9_reg_3651                             |   32|   0|   32|          0|
    |tmp1_1_reg_3561                               |   32|   0|   32|          0|
    |tmp1_20_reg_3791                              |   32|   0|   32|          0|
    |tmp1_21_reg_3796                              |   32|   0|   32|          0|
    |tmp1_2_16_reg_3666                            |   32|   0|   32|          0|
    |tmp1_2_17_reg_3676                            |   32|   0|   32|          0|
    |tmp1_2_18_reg_3686                            |   32|   0|   32|          0|
    |tmp1_2_19_reg_3696                            |   32|   0|   32|          0|
    |tmp1_2_1_reg_3576                             |   32|   0|   32|          0|
    |tmp1_2_20_reg_3706                            |   32|   0|   32|          0|
    |tmp1_2_21_reg_3716                            |   32|   0|   32|          0|
    |tmp1_2_2_reg_3586                             |   32|   0|   32|          0|
    |tmp1_2_3_reg_3596                             |   32|   0|   32|          0|
    |tmp1_2_4_reg_3606                             |   32|   0|   32|          0|
    |tmp1_2_5_reg_3616                             |   32|   0|   32|          0|
    |tmp1_2_67_reg_3731                            |   32|   0|   32|          0|
    |tmp1_2_6_reg_3626                             |   32|   0|   32|          0|
    |tmp1_2_7_reg_3636                             |   32|   0|   32|          0|
    |tmp1_2_8_reg_3646                             |   32|   0|   32|          0|
    |tmp1_2_9_reg_3656                             |   32|   0|   32|          0|
    |tmp1_2_reg_3566                               |   32|   0|   32|          0|
    |tmp1_3_reg_3736                               |   32|   0|   32|          0|
    |tmp1_4_reg_3741                               |   32|   0|   32|          0|
    |tmp1_5_reg_3746                               |   32|   0|   32|          0|
    |tmp1_6_reg_3751                               |   32|   0|   32|          0|
    |tmp1_7_reg_3756                               |   32|   0|   32|          0|
    |tmp1_8_reg_3761                               |   32|   0|   32|          0|
    |tmp1_9_reg_3766                               |   32|   0|   32|          0|
    |tmp1_reg_3721                                 |   32|   0|   32|          0|
    |tmp2_16_reg_3901                              |   32|   0|   32|          0|
    |tmp2_17_reg_3911                              |   32|   0|   32|          0|
    |tmp2_18_reg_3921                              |   32|   0|   32|          0|
    |tmp2_19_reg_3931                              |   32|   0|   32|          0|
    |tmp2_1_reg_3811                               |   32|   0|   32|          0|
    |tmp2_20_reg_3941                              |   32|   0|   32|          0|
    |tmp2_21_reg_3951                              |   32|   0|   32|          0|
    |tmp2_2_reg_3821                               |   32|   0|   32|          0|
    |tmp2_3_reg_3831                               |   32|   0|   32|          0|
    |tmp2_4_reg_3841                               |   32|   0|   32|          0|
    |tmp2_5_reg_3851                               |   32|   0|   32|          0|
    |tmp2_6_reg_3861                               |   32|   0|   32|          0|
    |tmp2_7_reg_3871                               |   32|   0|   32|          0|
    |tmp2_8_reg_3881                               |   32|   0|   32|          0|
    |tmp2_9_reg_3891                               |   32|   0|   32|          0|
    |tmp2_reg_3801                                 |   32|   0|   32|          0|
    |tmp3_16_reg_3906                              |   32|   0|   32|          0|
    |tmp3_17_reg_3916                              |   32|   0|   32|          0|
    |tmp3_18_reg_3926                              |   32|   0|   32|          0|
    |tmp3_19_reg_3936                              |   32|   0|   32|          0|
    |tmp3_1_reg_3816                               |   32|   0|   32|          0|
    |tmp3_20_reg_3946                              |   32|   0|   32|          0|
    |tmp3_21_reg_3956                              |   32|   0|   32|          0|
    |tmp3_2_reg_3826                               |   32|   0|   32|          0|
    |tmp3_3_reg_3836                               |   32|   0|   32|          0|
    |tmp3_4_reg_3846                               |   32|   0|   32|          0|
    |tmp3_5_reg_3856                               |   32|   0|   32|          0|
    |tmp3_6_reg_3866                               |   32|   0|   32|          0|
    |tmp3_7_reg_3876                               |   32|   0|   32|          0|
    |tmp3_8_reg_3886                               |   32|   0|   32|          0|
    |tmp3_9_reg_3896                               |   32|   0|   32|          0|
    |tmp3_reg_3806                                 |   32|   0|   32|          0|
    |tmp_reg_4066                                  |    1|   0|    1|          0|
    |upper_limit_x_cast_cast_reg_2932              |   16|   0|   17|          1|
    |zext_ln239_cast_reg_2952                      |   16|   0|   17|          1|
    |zext_ln291_reg_2988                           |   16|   0|   64|         48|
    |zext_ln294_reg_2973                           |   16|   0|   64|         48|
    |arg0_rowArr_1_0_19_reg_3291                   |   64|  32|   32|          0|
    |arg0_rowArr_1_0_20_reg_3307                   |   64|  32|   32|          0|
    |arg0_rowArr_1_0_21_reg_3324                   |   64|  32|   32|          0|
    |arg0_rowArr_1_0_22_reg_3341                   |   64|  32|   32|          0|
    |arg0_rowArr_1_0_23_reg_3358                   |   64|  32|   32|          0|
    |arg0_rowArr_1_0_24_reg_3375                   |   64|  32|   32|          0|
    |arg0_rowArr_1_0_25_reg_3392                   |   64|  32|   32|          0|
    |arg0_rowArr_1_0_26_reg_3409                   |   64|  32|   32|          0|
    |arg0_rowArr_1_0_27_reg_3426                   |   64|  32|   32|          0|
    |arg0_rowArr_1_0_28_reg_3443                   |   64|  32|   32|          0|
    |arg0_rowArr_1_0_29_reg_3460                   |   64|  32|   32|          0|
    |arg0_rowArr_1_0_30_reg_3477                   |   64|  32|   32|          0|
    |arg0_rowArr_1_0_31_reg_3494                   |   64|  32|   32|          0|
    |arg0_rowArr_1_0_32_reg_3511                   |   64|  32|   32|          0|
    |arg0_rowArr_1_0_33_reg_3528                   |   64|  32|   32|          0|
    |arg0_rowArr_1_0_34_reg_3545                   |   64|  32|   32|          0|
    |arg0_tmpConverter_1_0_34_reg_3195             |   64|  32|   32|          0|
    |arg0_tmpConverter_1_0_reg_3093                |   64|  32|   32|          0|
    |arg0_tmpConverter_2_0_16_reg_3008             |   64|  32|   32|          0|
    |arg0_tmpConverter_2_0_17_reg_3013             |   64|  32|   32|          0|
    |arg0_tmpConverter_2_0_18_reg_3018             |   64|  32|   32|          0|
    |arg0_tmpConverter_2_0_19_reg_3023             |   64|  32|   32|          0|
    |arg0_tmpConverter_2_0_20_reg_3028             |   64|  32|   32|          0|
    |arg0_tmpConverter_2_0_21_reg_3033             |   64|  32|   32|          0|
    |arg0_tmpConverter_2_0_22_reg_3038             |   64|  32|   32|          0|
    |arg0_tmpConverter_2_0_23_reg_3043             |   64|  32|   32|          0|
    |arg0_tmpConverter_2_0_24_reg_3048             |   64|  32|   32|          0|
    |arg0_tmpConverter_2_0_25_reg_3053             |   64|  32|   32|          0|
    |arg0_tmpConverter_2_0_26_reg_3058             |   64|  32|   32|          0|
    |arg0_tmpConverter_2_0_27_reg_3063             |   64|  32|   32|          0|
    |arg0_tmpConverter_2_0_28_reg_3068             |   64|  32|   32|          0|
    |arg0_tmpConverter_2_0_29_reg_3073             |   64|  32|   32|          0|
    |arg0_tmpConverter_2_0_30_reg_3078             |   64|  32|   32|          0|
    |arg0_tmpConverter_2_0_reg_3003                |   64|  32|   32|          0|
    |arg1_tmpConvWrite_111_reg_3099                |   64|  32|   32|          0|
    |arg1_tmpConvWrite_112_reg_3105                |   64|  32|   32|          0|
    |arg1_tmpConvWrite_113_reg_3111                |   64|  32|   32|          0|
    |arg1_tmpConvWrite_114_reg_3117                |   64|  32|   32|          0|
    |arg1_tmpConvWrite_115_reg_3123                |   64|  32|   32|          0|
    |arg1_tmpConvWrite_116_reg_3129                |   64|  32|   32|          0|
    |arg1_tmpConvWrite_117_reg_3135                |   64|  32|   32|          0|
    |arg1_tmpConvWrite_118_reg_3141                |   64|  32|   32|          0|
    |arg1_tmpConvWrite_119_reg_3147                |   64|  32|   32|          0|
    |arg1_tmpConvWrite_120_reg_3153                |   64|  32|   32|          0|
    |arg1_tmpConvWrite_121_reg_3159                |   64|  32|   32|          0|
    |arg1_tmpConvWrite_122_reg_3165                |   64|  32|   32|          0|
    |arg1_tmpConvWrite_123_reg_3171                |   64|  32|   32|          0|
    |arg1_tmpConvWrite_124_reg_3177                |   64|  32|   32|          0|
    |arg1_tmpConvWrite_125_reg_3183                |   64|  32|   32|          0|
    |arg1_tmpConvWrite_126_reg_3189                |   64|  32|   32|          0|
    +----------------------------------------------+-----+----+-----+-----------+
    |Total                                         |12746|1600|11244|         98|
    +----------------------------------------------+-----+----+-----+-----------+



================================================================
== Interface
================================================================
* Summary: 
+-----------------------------------------------------------------+-----+-----+------------+--------------------------------------------------+--------------+
|                            RTL Ports                            | Dir | Bits|  Protocol  |                   Source Object                  |    C Type    |
+-----------------------------------------------------------------+-----+-----+------------+--------------------------------------------------+--------------+
|ap_clk                                                           |   in|    1|  ap_ctrl_hs|            stencilRun.3_Pipeline_VITIS_LOOP_239_1|  return value|
|ap_rst                                                           |   in|    1|  ap_ctrl_hs|            stencilRun.3_Pipeline_VITIS_LOOP_239_1|  return value|
|ap_start                                                         |   in|    1|  ap_ctrl_hs|            stencilRun.3_Pipeline_VITIS_LOOP_239_1|  return value|
|ap_done                                                          |  out|    1|  ap_ctrl_hs|            stencilRun.3_Pipeline_VITIS_LOOP_239_1|  return value|
|ap_idle                                                          |  out|    1|  ap_ctrl_hs|            stencilRun.3_Pipeline_VITIS_LOOP_239_1|  return value|
|ap_ready                                                         |  out|    1|  ap_ctrl_hs|            stencilRun.3_Pipeline_VITIS_LOOP_239_1|  return value|
|arg0_poisson_kernel_stencil_in_subtile_stream_0_dout             |   in|  288|     ap_fifo|   arg0_poisson_kernel_stencil_in_subtile_stream_0|       pointer|
|arg0_poisson_kernel_stencil_in_subtile_stream_0_num_data_valid   |   in|    2|     ap_fifo|   arg0_poisson_kernel_stencil_in_subtile_stream_0|       pointer|
|arg0_poisson_kernel_stencil_in_subtile_stream_0_fifo_cap         |   in|    2|     ap_fifo|   arg0_poisson_kernel_stencil_in_subtile_stream_0|       pointer|
|arg0_poisson_kernel_stencil_in_subtile_stream_0_empty_n          |   in|    1|     ap_fifo|   arg0_poisson_kernel_stencil_in_subtile_stream_0|       pointer|
|arg0_poisson_kernel_stencil_in_subtile_stream_0_read             |  out|    1|     ap_fifo|   arg0_poisson_kernel_stencil_in_subtile_stream_0|       pointer|
|arg0_poisson_kernel_stencil_in_subtile_stream_1_dout             |   in|  288|     ap_fifo|   arg0_poisson_kernel_stencil_in_subtile_stream_1|       pointer|
|arg0_poisson_kernel_stencil_in_subtile_stream_1_num_data_valid   |   in|    2|     ap_fifo|   arg0_poisson_kernel_stencil_in_subtile_stream_1|       pointer|
|arg0_poisson_kernel_stencil_in_subtile_stream_1_fifo_cap         |   in|    2|     ap_fifo|   arg0_poisson_kernel_stencil_in_subtile_stream_1|       pointer|
|arg0_poisson_kernel_stencil_in_subtile_stream_1_empty_n          |   in|    1|     ap_fifo|   arg0_poisson_kernel_stencil_in_subtile_stream_1|       pointer|
|arg0_poisson_kernel_stencil_in_subtile_stream_1_read             |  out|    1|     ap_fifo|   arg0_poisson_kernel_stencil_in_subtile_stream_1|       pointer|
|arg1_poisson_kernel_stencil_out_subtile_stream_0_din             |  out|  288|     ap_fifo|  arg1_poisson_kernel_stencil_out_subtile_stream_0|       pointer|
|arg1_poisson_kernel_stencil_out_subtile_stream_0_num_data_valid  |   in|    2|     ap_fifo|  arg1_poisson_kernel_stencil_out_subtile_stream_0|       pointer|
|arg1_poisson_kernel_stencil_out_subtile_stream_0_fifo_cap        |   in|    2|     ap_fifo|  arg1_poisson_kernel_stencil_out_subtile_stream_0|       pointer|
|arg1_poisson_kernel_stencil_out_subtile_stream_0_full_n          |   in|    1|     ap_fifo|  arg1_poisson_kernel_stencil_out_subtile_stream_0|       pointer|
|arg1_poisson_kernel_stencil_out_subtile_stream_0_write           |  out|    1|     ap_fifo|  arg1_poisson_kernel_stencil_out_subtile_stream_0|       pointer|
|arg1_poisson_kernel_stencil_out_subtile_stream_1_din             |  out|  288|     ap_fifo|  arg1_poisson_kernel_stencil_out_subtile_stream_1|       pointer|
|arg1_poisson_kernel_stencil_out_subtile_stream_1_num_data_valid  |   in|    2|     ap_fifo|  arg1_poisson_kernel_stencil_out_subtile_stream_1|       pointer|
|arg1_poisson_kernel_stencil_out_subtile_stream_1_fifo_cap        |   in|    2|     ap_fifo|  arg1_poisson_kernel_stencil_out_subtile_stream_1|       pointer|
|arg1_poisson_kernel_stencil_out_subtile_stream_1_full_n          |   in|    1|     ap_fifo|  arg1_poisson_kernel_stencil_out_subtile_stream_1|       pointer|
|arg1_poisson_kernel_stencil_out_subtile_stream_1_write           |  out|    1|     ap_fifo|  arg1_poisson_kernel_stencil_out_subtile_stream_1|       pointer|
|mul_ln239                                                        |   in|   30|     ap_none|                                         mul_ln239|        scalar|
|arg0_buf_r0_1_p0_V_address0                                      |  out|    7|   ap_memory|                                arg0_buf_r0_1_p0_V|         array|
|arg0_buf_r0_1_p0_V_ce0                                           |  out|    1|   ap_memory|                                arg0_buf_r0_1_p0_V|         array|
|arg0_buf_r0_1_p0_V_q0                                            |   in|  544|   ap_memory|                                arg0_buf_r0_1_p0_V|         array|
|arg0_buf_r0_1_p0_V_address1                                      |  out|    7|   ap_memory|                                arg0_buf_r0_1_p0_V|         array|
|arg0_buf_r0_1_p0_V_ce1                                           |  out|    1|   ap_memory|                                arg0_buf_r0_1_p0_V|         array|
|arg0_buf_r0_1_p0_V_we1                                           |  out|    1|   ap_memory|                                arg0_buf_r0_1_p0_V|         array|
|arg0_buf_r0_1_p0_V_d1                                            |  out|  544|   ap_memory|                                arg0_buf_r0_1_p0_V|         array|
|arg0_buf_r1_2_p0_V_address0                                      |  out|    7|   ap_memory|                                arg0_buf_r1_2_p0_V|         array|
|arg0_buf_r1_2_p0_V_ce0                                           |  out|    1|   ap_memory|                                arg0_buf_r1_2_p0_V|         array|
|arg0_buf_r1_2_p0_V_q0                                            |   in|  576|   ap_memory|                                arg0_buf_r1_2_p0_V|         array|
|arg0_buf_r1_2_p0_V_address1                                      |  out|    7|   ap_memory|                                arg0_buf_r1_2_p0_V|         array|
|arg0_buf_r1_2_p0_V_ce1                                           |  out|    1|   ap_memory|                                arg0_buf_r1_2_p0_V|         array|
|arg0_buf_r1_2_p0_V_we1                                           |  out|    1|   ap_memory|                                arg0_buf_r1_2_p0_V|         array|
|arg0_buf_r1_2_p0_V_d1                                            |  out|  576|   ap_memory|                                arg0_buf_r1_2_p0_V|         array|
|p_read26_cast                                                    |   in|   14|     ap_none|                                     p_read26_cast|        scalar|
|zext_ln239                                                       |   in|   16|     ap_none|                                        zext_ln239|        scalar|
|upper_limit_x_cast                                               |   in|   16|     ap_none|                                upper_limit_x_cast|        scalar|
|sext_ln223                                                       |   in|   15|     ap_none|                                        sext_ln223|        scalar|
|cond_y_val                                                       |   in|   16|     ap_none|                                        cond_y_val|        scalar|
|S2D_00_P10_M10_0P1_0M1_read_ub_itr                               |   in|   30|     ap_none|                S2D_00_P10_M10_0P1_0M1_read_ub_itr|        scalar|
+-----------------------------------------------------------------+-----+-----+------------+--------------------------------------------------+--------------+

