

================================================================
== Vitis HLS Report for 'axis2stream_256u_Pipeline_VITIS_LOOP_6156_1'
================================================================
* Date:           Fri Jul 31 13:53:28 2026

* Version:        2022.2 (Build 3670227 on Oct 13 2022)
* Project:        kernel_outerloop_0_0
* Solution:       solution (Vitis Kernel Flow Target)
* Product family: virtexuplus
* Target device:  xcu280-fsvh2892-2L-e


================================================================
== Performance Estimates
================================================================
+ Timing: 
    * Summary: 
    +--------+---------+----------+------------+
    |  Clock |  Target | Estimated| Uncertainty|
    +--------+---------+----------+------------+
    |ap_clk  |  3.33 ns|  1.267 ns|     0.90 ns|
    +--------+---------+----------+------------+

+ Latency: 
    * Summary: 
    +---------+---------+----------+----------+-----+-----+---------+
    |  Latency (cycles) |  Latency (absolute) |  Interval | Pipeline|
    |   min   |   max   |    min   |    max   | min | max |   Type  |
    +---------+---------+----------+----------+-----+-----+---------+
    |        ?|        ?|         ?|         ?|    ?|    ?|       no|
    +---------+---------+----------+----------+-----+-----+---------+

    + Detail: 
        * Instance: 
        N/A

        * Loop: 
        +---------------------+---------+---------+----------+-----------+-----------+------+----------+
        |                     |  Latency (cycles) | Iteration|  Initiation Interval  | Trip |          |
        |      Loop Name      |   min   |   max   |  Latency |  achieved |   target  | Count| Pipelined|
        +---------------------+---------+---------+----------+-----------+-----------+------+----------+
        |- VITIS_LOOP_6156_1  |        ?|        ?|         2|          1|          1|     ?|       yes|
        +---------------------+---------+---------+----------+-----------+-----------+------+----------+

============================================================
+ Verbose Summary: Synthesis Manager
============================================================
InlineROM: 1
ExposeGlobal: 0
============================================================
+ Verbose Summary: CDFG Model
============================================================
IsTopModel: 0
ResetActiveHigh: 1
IsCombinational: 0
IsDatapathOnly: 0
HasWiredReturn: 1
HasMFsm: 2
HasVarLatency: 1
IsPipeline: 0
IsRtlPipelined: 0
IsInstanceOverlapped: 0
IsDontTouch: 0
HasImplIP: 0
IsGatedGlobalClock: 0

+ Individual pipeline summary: 
  * Pipeline-0: initiation interval (II) = 1, depth = 2


============================================================
+ Verbose Summary: Schedule
============================================================
* Number of FSM states : 2
* Pipeline : 1
  Pipeline-0 : II = 1, D = 2, States = { 1 2 }
* Dataflow Pipeline: 0

* FSM state transitions: 
1 --> 2 
2 --> 

* FSM state operations: 

State 1 <SV = 0> <Delay = 1.26>
ST_1 : Operation 5 [1/1] (0.00ns)   --->   "%itr = alloca i32 1"   --->   Operation 5 'alloca' 'itr' <Predicate = true> <Delay = 0.00>
ST_1 : Operation 6 [1/1] (0.00ns)   --->   "%specaxissidechannel_ln0 = specaxissidechannel void @_ssdm_op_SpecAXISSideChannel, i256 %arg0_axis_in_V_data_V, i32 %arg0_axis_in_V_keep_V, i32 %arg0_axis_in_V_strb_V, i1 0, i1 %arg0_axis_in_V_last_V, i1 0, i1 0, void @empty_3"   --->   Operation 6 'specaxissidechannel' 'specaxissidechannel_ln0' <Predicate = true> <Delay = 0.00>
ST_1 : Operation 7 [1/1] (0.00ns)   --->   "%specinterface_ln0 = specinterface void @_ssdm_op_SpecInterface, i1 %arg0_axis_in_V_last_V, i32 %arg0_axis_in_V_strb_V, i32 %arg0_axis_in_V_keep_V, i256 %arg0_axis_in_V_data_V, void @empty_11, i32 0, i32 0, void @empty, i32 0, i32 0, void @empty_19, void @empty_19, void @empty_19, i32 0, i32 0, i32 0, i32 0, void @empty_19, void @empty_19, i32 4294967295, i32 0"   --->   Operation 7 'specinterface' 'specinterface_ln0' <Predicate = true> <Delay = 0.00>
ST_1 : Operation 8 [1/1] (0.00ns)   --->   "%specinterface_ln0 = specinterface void @_ssdm_op_SpecInterface, i256 %arg0_arg1_streams_0, void @empty_24, i32 0, i32 0, void @empty_19, i32 0, i32 0, void @empty_19, void @empty_19, void @empty_19, i32 0, i32 0, i32 0, i32 0, void @empty_19, void @empty_19, i32 4294967295, i32 0"   --->   Operation 8 'specinterface' 'specinterface_ln0' <Predicate = true> <Delay = 0.00>
ST_1 : Operation 9 [1/1] (0.00ns)   --->   "%pkts_read = read i32 @_ssdm_op_Read.ap_auto.i32, i32 %pkts"   --->   Operation 9 'read' 'pkts_read' <Predicate = true> <Delay = 0.00>
ST_1 : Operation 10 [1/1] (0.38ns)   --->   "%store_ln0 = store i32 0, i32 %itr"   --->   Operation 10 'store' 'store_ln0' <Predicate = true> <Delay = 0.38>
ST_1 : Operation 11 [1/1] (0.00ns)   --->   "%br_ln0 = br void %for.inc"   --->   Operation 11 'br' 'br_ln0' <Predicate = true> <Delay = 0.00>
ST_1 : Operation 12 [1/1] (0.00ns)   --->   "%itr_4 = load i32 %itr" [/pc2/users/a/acgasm01/scratch/beniel/ops-hls-batching-tiling-artifacts/OPS/ops/hls/include/device/../../L1/include/ops_hls_datamover.hpp:6156]   --->   Operation 12 'load' 'itr_4' <Predicate = true> <Delay = 0.00>
ST_1 : Operation 13 [1/1] (0.85ns)   --->   "%icmp_ln6156 = icmp_eq  i32 %itr_4, i32 %pkts_read" [/pc2/users/a/acgasm01/scratch/beniel/ops-hls-batching-tiling-artifacts/OPS/ops/hls/include/device/../../L1/include/ops_hls_datamover.hpp:6156]   --->   Operation 13 'icmp' 'icmp_ln6156' <Predicate = true> <Delay = 0.85> <CoreInst = "Cmp">   --->   Core 9 'Cmp' <Latency = 0> <II = 1> <Delay = 0.85> <FuncUnit> <Opcode : 'icmp'> <InPorts = 2> <OutPorts = 1>
ST_1 : Operation 14 [1/1] (0.88ns)   --->   "%itr_5 = add i32 %itr_4, i32 1" [/pc2/users/a/acgasm01/scratch/beniel/ops-hls-batching-tiling-artifacts/OPS/ops/hls/include/device/../../L1/include/ops_hls_datamover.hpp:6156]   --->   Operation 14 'add' 'itr_5' <Predicate = true> <Delay = 0.88> <CoreInst = "Adder">   --->   Core 1 'Adder' <Latency = 0> <II = 1> <Delay = 0.88> <FuncUnit> <Opcode : 'add' 'sub'> <InPorts = 2> <OutPorts = 1>
ST_1 : Operation 15 [1/1] (0.00ns)   --->   "%br_ln6156 = br i1 %icmp_ln6156, void %for.inc.split, void %for.end.loopexit.exitStub" [/pc2/users/a/acgasm01/scratch/beniel/ops-hls-batching-tiling-artifacts/OPS/ops/hls/include/device/../../L1/include/ops_hls_datamover.hpp:6156]   --->   Operation 15 'br' 'br_ln6156' <Predicate = true> <Delay = 0.00>
ST_1 : Operation 16 [1/1] (0.00ns)   --->   "%empty = read i321 @_ssdm_op_Read.axis.volatile.i256P0A.i32P0A.i32P0A.i1P0A, i256 %arg0_axis_in_V_data_V, i32 %arg0_axis_in_V_keep_V, i32 %arg0_axis_in_V_strb_V, i1 %arg0_axis_in_V_last_V"   --->   Operation 16 'read' 'empty' <Predicate = (!icmp_ln6156)> <Delay = 0.00> <CoreInst = "axis">   --->   Core 123 'axis' <Latency = 0> <II = 1> <Delay = 1.00> <Adapter> <Opcode : >
ST_1 : Operation 17 [1/1] (0.00ns)   --->   "%tmp_data_V = extractvalue i321 %empty"   --->   Operation 17 'extractvalue' 'tmp_data_V' <Predicate = (!icmp_ln6156)> <Delay = 0.00>
ST_1 : Operation 18 [1/1] (0.38ns)   --->   "%store_ln6156 = store i32 %itr_5, i32 %itr" [/pc2/users/a/acgasm01/scratch/beniel/ops-hls-batching-tiling-artifacts/OPS/ops/hls/include/device/../../L1/include/ops_hls_datamover.hpp:6156]   --->   Operation 18 'store' 'store_ln6156' <Predicate = (!icmp_ln6156)> <Delay = 0.38>
ST_1 : Operation 23 [1/1] (0.00ns)   --->   "%ret_ln0 = ret"   --->   Operation 23 'ret' 'ret_ln0' <Predicate = (icmp_ln6156)> <Delay = 0.00>

State 2 <SV = 1> <Delay = 1.13>
ST_2 : Operation 19 [1/1] (0.00ns)   --->   "%specpipeline_ln6157 = specpipeline void @_ssdm_op_SpecPipeline, i32 1, i32 0, i32 0, i32 0, void @empty_19" [/pc2/users/a/acgasm01/scratch/beniel/ops-hls-batching-tiling-artifacts/OPS/ops/hls/include/device/../../L1/include/ops_hls_datamover.hpp:6157]   --->   Operation 19 'specpipeline' 'specpipeline_ln6157' <Predicate = true> <Delay = 0.00>
ST_2 : Operation 20 [1/1] (0.00ns)   --->   "%specloopname_ln6156 = specloopname void @_ssdm_op_SpecLoopName, void @empty_7" [/pc2/users/a/acgasm01/scratch/beniel/ops-hls-batching-tiling-artifacts/OPS/ops/hls/include/device/../../L1/include/ops_hls_datamover.hpp:6156]   --->   Operation 20 'specloopname' 'specloopname_ln6156' <Predicate = true> <Delay = 0.00>
ST_2 : Operation 21 [1/1] (1.13ns)   --->   "%write_ln6178 = write void @_ssdm_op_Write.ap_fifo.volatile.i256P0A, i256 %arg0_arg1_streams_0, i256 %tmp_data_V" [/pc2/users/a/acgasm01/scratch/beniel/ops-hls-batching-tiling-artifacts/OPS/ops/hls/include/device/../../L1/include/ops_hls_datamover.hpp:6178]   --->   Operation 21 'write' 'write_ln6178' <Predicate = true> <Delay = 1.13> <CoreInst = "FIFO">   --->   Core 78 'FIFO' <Latency = 0> <II = 1> <Delay = 1.13> <Storage> <Opcode : 'read' 'write' 'nbread' 'nbwrite'> <Ports = 0> <Width = 256> <Depth = 10> <FIFO>
ST_2 : Operation 22 [1/1] (0.00ns)   --->   "%br_ln6156 = br void %for.inc" [/pc2/users/a/acgasm01/scratch/beniel/ops-hls-batching-tiling-artifacts/OPS/ops/hls/include/device/../../L1/include/ops_hls_datamover.hpp:6156]   --->   Operation 22 'br' 'br_ln6156' <Predicate = true> <Delay = 0.00>


============================================================
+ Verbose Summary: Timing violations
============================================================
Target clock period: 3.33ns, clock uncertainty: 0.9ns.

 <State 1>: 1.27ns
The critical path consists of the following:
	'alloca' operation ('itr') [7]  (0 ns)
	'load' operation ('itr', /pc2/users/a/acgasm01/scratch/beniel/ops-hls-batching-tiling-artifacts/OPS/ops/hls/include/device/../../L1/include/ops_hls_datamover.hpp:6156) on local variable 'itr' [15]  (0 ns)
	'add' operation ('itr', /pc2/users/a/acgasm01/scratch/beniel/ops-hls-batching-tiling-artifacts/OPS/ops/hls/include/device/../../L1/include/ops_hls_datamover.hpp:6156) [17]  (0.88 ns)
	'store' operation ('store_ln6156', /pc2/users/a/acgasm01/scratch/beniel/ops-hls-batching-tiling-artifacts/OPS/ops/hls/include/device/../../L1/include/ops_hls_datamover.hpp:6156) of variable 'itr', /pc2/users/a/acgasm01/scratch/beniel/ops-hls-batching-tiling-artifacts/OPS/ops/hls/include/device/../../L1/include/ops_hls_datamover.hpp:6156 on local variable 'itr' [25]  (0.387 ns)

 <State 2>: 1.14ns
The critical path consists of the following:
	fifo write operation ('write_ln6178', /pc2/users/a/acgasm01/scratch/beniel/ops-hls-batching-tiling-artifacts/OPS/ops/hls/include/device/../../L1/include/ops_hls_datamover.hpp:6178) on port 'arg0_arg1_streams_0' (/pc2/users/a/acgasm01/scratch/beniel/ops-hls-batching-tiling-artifacts/OPS/ops/hls/include/device/../../L1/include/ops_hls_datamover.hpp:6178) [24]  (1.14 ns)


============================================================
+ Verbose Summary: Binding
============================================================
N/A
* FSMD analyzer results:
  - Output states:
 - Input state : 
  - Chain level:
	State 1
	State 2


============================================================
+ Verbose Summary: Datapath Resource usage 
============================================================
N/A
