Copyright 1986-2022 Xilinx, Inc. All Rights Reserved.
------------------------------------------------------------------------------------------
| Tool Version : Vivado v.2022.2 (lin64) Build 3671981 Fri Oct 14 04:59:54 MDT 2022
| Date         : Sat Jul 25 15:10:16 2026
| Host         : acclnode01 running 64-bit Ubuntu 20.04.6 LTS
| Command      : report_utilization -slr -file slr_util_placed.rpt -pb slr_util_placed.pb
| Design       : level0_wrapper
| Device       : xcu280-fsvh2892-2L-e
| Speed File   : -2L
| Design State : Fully Placed
------------------------------------------------------------------------------------------

Utilization Design Information

Table of Contents
-----------------
1. SLR Connectivity
2. SLR Connectivity Matrix
3. SLR CLB Logic and Dedicated Block Utilization
4. SLR IO Utilization

1. SLR Connectivity
-------------------

+----------------------------------+-------+-------+-----------+-------+
|                                  |  Used | Fixed | Available | Util% |
+----------------------------------+-------+-------+-----------+-------+
| SLR2 <-> SLR1                    |  7244 |       |     23040 | 31.44 |
|   SLR1 -> SLR2                   |  3650 |       |           | 15.84 |
|     Using TX_REG only            |     0 |     0 |           |       |
|     Using RX_REG only            |     0 |     0 |           |       |
|     Using Both TX_REG and RX_REG |     0 |     0 |           |       |
|   SLR2 -> SLR1                   |  3594 |       |           | 15.60 |
|     Using TX_REG only            |     0 |     0 |           |       |
|     Using RX_REG only            |     0 |     0 |           |       |
|     Using Both TX_REG and RX_REG |     0 |     0 |           |       |
| SLR1 <-> SLR0                    |  9368 |       |     23040 | 40.66 |
|   SLR0 -> SLR1                   |  4373 |       |           | 18.98 |
|     Using TX_REG only            |     0 |     0 |           |       |
|     Using RX_REG only            |     0 |     0 |           |       |
|     Using Both TX_REG and RX_REG |     0 |     0 |           |       |
|   SLR1 -> SLR0                   |  4995 |       |           | 21.68 |
|     Using TX_REG only            |     0 |     0 |           |       |
|     Using RX_REG only            |     0 |     0 |           |       |
|     Using Both TX_REG and RX_REG |     0 |     0 |           |       |
+----------------------------------+-------+-------+-----------+-------+
| Total SLLs Used                  | 16612 |       |           |       |
+----------------------------------+-------+-------+-----------+-------+


2. SLR Connectivity Matrix
--------------------------

+-----------+------+------+------+
| FROM \ TO | SLR2 | SLR1 | SLR0 |
+-----------+------+------+------+
| SLR2      |    0 | 3499 |   95 |
| SLR1      | 3581 |    0 | 4900 |
| SLR0      |   69 | 4304 |    0 |
+-----------+------+------+------+


3. SLR CLB Logic and Dedicated Block Utilization
------------------------------------------------

+----------------------------+--------+--------+--------+--------+--------+--------+
|          Site Type         |  SLR0  |  SLR1  |  SLR2  | SLR0 % | SLR1 % | SLR2 % |
+----------------------------+--------+--------+--------+--------+--------+--------+
| CLB                        |  50329 |  48949 |  45844 |  91.57 |  90.65 |  84.90 |
|   CLBL                     |  26439 |  25818 |  24317 |  90.30 |  88.18 |  83.05 |
|   CLBM                     |  23890 |  23131 |  21527 |  93.03 |  93.57 |  87.08 |
| CLB LUTs                   | 243805 | 237030 | 198825 |  55.45 |  54.87 |  46.02 |
|   LUT as Logic             | 204667 | 205281 | 169390 |  46.55 |  47.52 |  39.21 |
|     using O5 output only   |   2548 |   1966 |   1468 |   0.58 |   0.46 |   0.34 |
|     using O6 output only   | 129917 | 128595 | 102430 |  29.55 |  29.77 |  23.71 |
|     using O5 and O6        |  72202 |  74720 |  65492 |  16.42 |  17.30 |  15.16 |
|   LUT as Memory            |  39138 |  31749 |  29435 |  19.05 |  16.05 |  14.88 |
|     LUT as Distributed RAM |  17958 |  17322 |  14436 |   8.74 |   8.76 |   7.30 |
|       using O5 output only |      0 |      0 |      0 |   0.00 |   0.00 |   0.00 |
|       using O6 output only |    260 |    386 |      0 |   0.13 |   0.20 |   0.00 |
|       using O5 and O6      |  17698 |  16936 |  14436 |   8.61 |   8.56 |   7.30 |
|     LUT as Shift Register  |  21180 |  14427 |  14999 |  10.31 |   7.30 |   7.58 |
|       using O5 output only |      0 |      0 |      0 |   0.00 |   0.00 |   0.00 |
|       using O6 output only |   6116 |    251 |    845 |   2.98 |   0.13 |   0.43 |
|       using O5 and O6      |  15064 |  14176 |  14154 |   7.33 |   7.17 |   7.16 |
| CLB Registers              | 419924 | 373440 | 329824 |  47.75 |  43.22 |  38.17 |
| CARRY8                     |   6996 |   6631 |   6125 |  12.73 |  12.28 |  11.34 |
| F7 Muxes                   |   1667 |   1561 |    437 |   0.76 |   0.72 |   0.20 |
| F8 Muxes                   |    126 |    326 |      0 |   0.11 |   0.30 |   0.00 |
| F9 Muxes                   |      0 |      0 |      0 |   0.00 |   0.00 |   0.00 |
| Block RAM Tile             |    163 |    126 |     50 |  24.26 |  18.75 |   7.44 |
|   RAMB36/FIFO              |    159 |    125 |     50 |  23.66 |  18.60 |   7.44 |
|   RAMB18                   |      8 |      2 |      0 |   0.60 |   0.15 |   0.00 |
| URAM                       |      0 |      0 |      0 |   0.00 |   0.00 |   0.00 |
| DSPs                       |   2313 |   2312 |   2316 |  80.31 |  75.26 |  75.39 |
| Unique Control Sets        |   6739 |   7244 |   4786 |   6.13 |   6.71 |   4.43 |
+----------------------------+--------+--------+--------+--------+--------+--------+
* Note: Available Control Sets based on CLB Registers / 8


4. SLR IO Utilization
---------------------

+-----------+-----------+---------+------------+----------+------------+----------+-----+
| SLR Index | Used IOBs | (%)IOBs | Used IPADs | (%)IPADs | Used OPADs | (%)OPADs | GTs |
+-----------+-----------+---------+------------+----------+------------+----------+-----+
| SLR2      |        15 |    7.21 |          0 |     0.00 |          0 |     0.00 |   0 |
| SLR1      |         0 |    0.00 |          0 |     0.00 |          0 |     0.00 |   0 |
| SLR0      |         1 |    0.48 |          0 |     0.00 |          0 |     0.00 |  16 |
+-----------+-----------+---------+------------+----------+------------+----------+-----+
| Total     |        16 |         |          0 |          |          0 |          |  16 |
+-----------+-----------+---------+------------+----------+------------+----------+-----+


