

================================================================
== Vitis HLS Report for 'datamover_outerloop_0_loopback_dataflow_region'
================================================================
* Date:           Fri Jul 24 21:24:03 2026

* Version:        2022.2 (Build 3670227 on Oct 13 2022)
* Project:        datamover_outerloop_0
* Solution:       solution (Vitis Kernel Flow Target)
* Product family: virtexuplus
* Target device:  xcu280-fsvh2892-2L-e


================================================================
== Performance Estimates
================================================================
+ Timing: 
    * Summary: 
    +--------+---------+----------+------------+
    |  Clock |  Target | Estimated| Uncertainty|
    +--------+---------+----------+------------+
    |ap_clk  |  3.33 ns|  1.267 ns|     0.90 ns|
    +--------+---------+----------+------------+

+ Latency: 
    * Summary: 
    +---------+---------+----------+----------+-----+-----+----------+
    |  Latency (cycles) |  Latency (absolute) |  Interval | Pipeline |
    |   min   |   max   |    min   |    max   | min | max |   Type   |
    +---------+---------+----------+----------+-----+-----+----------+
    |        ?|        ?|         ?|         ?|    ?|    ?|  dataflow|
    +---------+---------+----------+----------+-----+-----+----------+

    + Detail: 
        * Instance: 
        +-----------------------+--------------------+---------+---------+----------+----------+-----+-----+---------+
        |                       |                    |  Latency (cycles) |  Latency (absolute) |  Interval | Pipeline|
        |        Instance       |       Module       |   min   |   max   |    min   |    max   | min | max |   Type  |
        +-----------------------+--------------------+---------+---------+----------+----------+-----+-----+---------+
        |axis2stream_256u_U0    |axis2stream_256u_s  |        ?|        ?|         ?|         ?|    ?|    ?|       no|
        |stream2axis_256u_1_U0  |stream2axis_256u_1  |        ?|        ?|         ?|         ?|    ?|    ?|       no|
        +-----------------------+--------------------+---------+---------+----------+----------+-----+-----+---------+

        * Loop: 
        N/A



================================================================
== Utilization Estimates
================================================================
* Summary: 
+---------------------+---------+------+---------+---------+-----+
|         Name        | BRAM_18K|  DSP |    FF   |   LUT   | URAM|
+---------------------+---------+------+---------+---------+-----+
|DSP                  |        -|     -|        -|        -|    -|
|Expression           |        -|     -|        0|        2|    -|
|FIFO                 |        -|     -|      584|      304|    -|
|Instance             |        -|     -|      369|      356|    -|
|Memory               |        -|     -|        -|        -|    -|
|Multiplexer          |        -|     -|        -|        -|    -|
|Register             |        -|     -|        -|        -|    -|
+---------------------+---------+------+---------+---------+-----+
|Total                |        0|     0|      953|      662|    0|
+---------------------+---------+------+---------+---------+-----+
|Available SLR        |     1344|  3008|   869120|   434560|  320|
+---------------------+---------+------+---------+---------+-----+
|Utilization SLR (%)  |        0|     0|       ~0|       ~0|    0|
+---------------------+---------+------+---------+---------+-----+
|Available            |     4032|  9024|  2607360|  1303680|  960|
+---------------------+---------+------+---------+---------+-----+
|Utilization (%)      |        0|     0|       ~0|       ~0|    0|
+---------------------+---------+------+---------+---------+-----+

+ Detail: 
    * Instance: 
    +-----------------------+--------------------+---------+----+-----+-----+-----+
    |        Instance       |       Module       | BRAM_18K| DSP|  FF | LUT | URAM|
    +-----------------------+--------------------+---------+----+-----+-----+-----+
    |axis2stream_256u_U0    |axis2stream_256u_s  |        0|   0|  297|  186|    0|
    |stream2axis_256u_1_U0  |stream2axis_256u_1  |        0|   0|   72|  170|    0|
    +-----------------------+--------------------+---------+----+-----+-----+-----+
    |Total                  |                    |        0|   0|  369|  356|    0|
    +-----------------------+--------------------+---------+----+-----+-----+-----+

    * DSP: 
    N/A

    * Memory: 
    N/A

    * FIFO: 
    +-----------------+---------+-----+----+-----+------+-----+---------+
    |       Name      | BRAM_18K|  FF | LUT| URAM| Depth| Bits| Size:D*B|
    +-----------------+---------+-----+----+-----+------+-----+---------+
    |arg0_mem_strm_U  |        0|  516|   0|    -|     2|  256|      512|
    |num_pkts_c_U     |        0|   68|   0|    -|     2|   32|       64|
    +-----------------+---------+-----+----+-----+------+-----+---------+
    |Total            |        0|  584|   0|    0|     4|  288|      576|
    +-----------------+---------+-----+----+-----+------+-----+---------+

    * Expression: 
    +--------------+----------+----+---+----+------------+------------+
    | Variable Name| Operation| DSP| FF| LUT| Bitwidth P0| Bitwidth P1|
    +--------------+----------+----+---+----+------------+------------+
    |ap_idle       |       and|   0|  0|   2|           1|           1|
    +--------------+----------+----+---+----+------------+------------+
    |Total         |          |   0|  0|   2|           1|           1|
    +--------------+----------+----+---+----+------------+------------+

    * Multiplexer: 
    N/A

    * Register: 
    N/A



================================================================
== Interface
================================================================
* Summary: 
+----------------------+-----+-----+------------+------------------------------------------------+--------------+
|       RTL Ports      | Dir | Bits|  Protocol  |                  Source Object                 |    C Type    |
+----------------------+-----+-----+------------+------------------------------------------------+--------------+
|num_pkts              |   in|   32|     ap_none|                                        num_pkts|        scalar|
|num_pkts_ap_vld       |   in|    1|     ap_none|                                        num_pkts|        scalar|
|arg0_axis_out_TDATA   |  out|  256|        axis|                          arg0_axis_out_V_data_V|       pointer|
|arg0_axis_out_TKEEP   |  out|   32|        axis|                          arg0_axis_out_V_keep_V|       pointer|
|arg0_axis_out_TSTRB   |  out|   32|        axis|                          arg0_axis_out_V_strb_V|       pointer|
|arg0_axis_out_TLAST   |  out|    1|        axis|                          arg0_axis_out_V_last_V|       pointer|
|arg0_axis_out_TVALID  |  out|    1|        axis|                          arg0_axis_out_V_last_V|       pointer|
|arg0_axis_out_TREADY  |   in|    1|        axis|                          arg0_axis_out_V_last_V|       pointer|
|arg1_axis_in_TDATA    |   in|  256|        axis|                           arg1_axis_in_V_data_V|       pointer|
|arg1_axis_in_TKEEP    |   in|   32|        axis|                           arg1_axis_in_V_keep_V|       pointer|
|arg1_axis_in_TSTRB    |   in|   32|        axis|                           arg1_axis_in_V_strb_V|       pointer|
|arg1_axis_in_TLAST    |   in|    1|        axis|                           arg1_axis_in_V_last_V|       pointer|
|arg1_axis_in_TVALID   |   in|    1|        axis|                           arg1_axis_in_V_last_V|       pointer|
|arg1_axis_in_TREADY   |  out|    1|        axis|                           arg1_axis_in_V_last_V|       pointer|
|ap_clk                |   in|    1|  ap_ctrl_hs|  datamover_outerloop_0_loopback_dataflow_region|  return value|
|ap_rst                |   in|    1|  ap_ctrl_hs|  datamover_outerloop_0_loopback_dataflow_region|  return value|
|ap_start              |   in|    1|  ap_ctrl_hs|  datamover_outerloop_0_loopback_dataflow_region|  return value|
|ap_done               |  out|    1|  ap_ctrl_hs|  datamover_outerloop_0_loopback_dataflow_region|  return value|
|ap_ready              |  out|    1|  ap_ctrl_hs|  datamover_outerloop_0_loopback_dataflow_region|  return value|
|ap_idle               |  out|    1|  ap_ctrl_hs|  datamover_outerloop_0_loopback_dataflow_region|  return value|
|ap_continue           |   in|    1|  ap_ctrl_hs|  datamover_outerloop_0_loopback_dataflow_region|  return value|
+----------------------+-----+-----+------------+------------------------------------------------+--------------+

