

================================================================
== Vitis HLS Report for 'mem2stream_512u_32u_2u_s'
================================================================
* Date:           Fri Jul 24 21:24:02 2026

* Version:        2022.2 (Build 3670227 on Oct 13 2022)
* Project:        datamover_outerloop_0
* Solution:       solution (Vitis Kernel Flow Target)
* Product family: virtexuplus
* Target device:  xcu280-fsvh2892-2L-e


================================================================
== Performance Estimates
================================================================
+ Timing: 
    * Summary: 
    +--------+---------+----------+------------+
    |  Clock |  Target | Estimated| Uncertainty|
    +--------+---------+----------+------------+
    |ap_clk  |  3.33 ns|  2.433 ns|     0.90 ns|
    +--------+---------+----------+------------+

+ Latency: 
    * Summary: 
    +---------+---------+----------+----------+-----+-----+---------+
    |  Latency (cycles) |  Latency (absolute) |  Interval | Pipeline|
    |   min   |   max   |    min   |    max   | min | max |   Type  |
    +---------+---------+----------+----------+-----+-----+---------+
    |        ?|        ?|         ?|         ?|    ?|    ?|       no|
    +---------+---------+----------+----------+-----+-----+---------+

    + Detail: 
        * Instance: 
        +-------------------------------------------------------------+--------------------------------------------------+---------+---------+----------+----------+-----+-----+---------+
        |                                                             |                                                  |  Latency (cycles) |  Latency (absolute) |  Interval | Pipeline|
        |                           Instance                          |                      Module                      |   min   |   max   |    min   |    max   | min | max |   Type  |
        +-------------------------------------------------------------+--------------------------------------------------+---------+---------+----------+----------+-----+-----+---------+
        |grp_mem2stream_512u_32u_2u_Pipeline_VITIS_LOOP_456_1_fu_122  |mem2stream_512u_32u_2u_Pipeline_VITIS_LOOP_456_1  |        ?|        ?|         ?|         ?|    ?|    ?|       no|
        |grp_mem2stream_512u_32u_2u_Pipeline_VITIS_LOOP_478_2_fu_132  |mem2stream_512u_32u_2u_Pipeline_VITIS_LOOP_478_2  |        ?|        ?|         ?|         ?|    ?|    ?|       no|
        +-------------------------------------------------------------+--------------------------------------------------+---------+---------+----------+----------+-----+-----+---------+

        * Loop: 
        N/A



================================================================
== Utilization Estimates
================================================================
* Summary: 
+---------------------+---------+------+---------+---------+-----+
|         Name        | BRAM_18K|  DSP |    FF   |   LUT   | URAM|
+---------------------+---------+------+---------+---------+-----+
|DSP                  |        -|     -|        -|        -|    -|
|Expression           |        -|     -|        0|      106|    -|
|FIFO                 |        -|     -|        -|        -|    -|
|Instance             |        -|     -|     1100|      288|    -|
|Memory               |        -|     -|        -|        -|    -|
|Multiplexer          |        -|     -|        -|      783|    -|
|Register             |        -|     -|      316|        -|    -|
+---------------------+---------+------+---------+---------+-----+
|Total                |        0|     0|     1416|     1177|    0|
+---------------------+---------+------+---------+---------+-----+
|Available SLR        |     1344|  3008|   869120|   434560|  320|
+---------------------+---------+------+---------+---------+-----+
|Utilization SLR (%)  |        0|     0|       ~0|       ~0|    0|
+---------------------+---------+------+---------+---------+-----+
|Available            |     4032|  9024|  2607360|  1303680|  960|
+---------------------+---------+------+---------+---------+-----+
|Utilization (%)      |        0|     0|       ~0|       ~0|    0|
+---------------------+---------+------+---------+---------+-----+

+ Detail: 
    * Instance: 
    +-------------------------------------------------------------+--------------------------------------------------+---------+----+-----+-----+-----+
    |                           Instance                          |                      Module                      | BRAM_18K| DSP|  FF | LUT | URAM|
    +-------------------------------------------------------------+--------------------------------------------------+---------+----+-----+-----+-----+
    |grp_mem2stream_512u_32u_2u_Pipeline_VITIS_LOOP_456_1_fu_122  |mem2stream_512u_32u_2u_Pipeline_VITIS_LOOP_456_1  |        0|   0|  550|  144|    0|
    |grp_mem2stream_512u_32u_2u_Pipeline_VITIS_LOOP_478_2_fu_132  |mem2stream_512u_32u_2u_Pipeline_VITIS_LOOP_478_2  |        0|   0|  550|  144|    0|
    +-------------------------------------------------------------+--------------------------------------------------+---------+----+-----+-----+-----+
    |Total                                                        |                                                  |        0|   0| 1100|  288|    0|
    +-------------------------------------------------------------+--------------------------------------------------+---------+----+-----+-----+-----+

    * DSP: 
    N/A

    * Memory: 
    N/A

    * FIFO: 
    N/A

    * Expression: 
    +----------------------------------+----------+----+---+----+------------+------------+
    |           Variable Name          | Operation| DSP| FF| LUT| Bitwidth P0| Bitwidth P1|
    +----------------------------------+----------+----+---+----+------------+------------+
    |add_ln478_fu_213_p2               |         +|   0|  0|  71|          64|          64|
    |ap_block_state2_io                |       and|   0|  0|   2|           1|           1|
    |ap_block_state98_on_subcall_done  |       and|   0|  0|   2|           1|           1|
    |icmp_ln456_fu_166_p2              |      icmp|   0|  0|  20|          32|           1|
    |icmp_ln478_fu_196_p2              |      icmp|   0|  0|   9|           5|           1|
    |ap_block_state1                   |        or|   0|  0|   2|           1|           1|
    +----------------------------------+----------+----+---+----+------------+------------+
    |Total                             |          |   0|  0| 106|         104|          69|
    +----------------------------------+----------+----+---+----+------------+------------+

    * Multiplexer: 
    +----------------------------------+-----+-----------+-----+-----------+
    |               Name               | LUT | Input Size| Bits| Total Bits|
    +----------------------------------+-----+-----------+-----+-----------+
    |ap_NS_fsm                         |  494|         99|    1|         99|
    |ap_done                           |    9|          2|    1|          2|
    |ap_phi_mux_index_4_phi_fu_114_p4  |    9|          2|   27|         54|
    |arg0_read_mem_strm_din            |    9|          2|  512|       1024|
    |arg0_read_mem_strm_write          |   14|          3|    1|          3|
    |gmem0_blk_n_AR                    |    9|          2|    1|          2|
    |index_4_reg_110                   |    9|          2|   27|         54|
    |m_axi_gmem0_ARADDR                |   26|          5|   64|        320|
    |m_axi_gmem0_ARBURST               |   14|          3|    2|          6|
    |m_axi_gmem0_ARCACHE               |   14|          3|    4|         12|
    |m_axi_gmem0_ARID                  |   14|          3|    1|          3|
    |m_axi_gmem0_ARLEN                 |   26|          5|   32|        160|
    |m_axi_gmem0_ARLOCK                |   14|          3|    2|          6|
    |m_axi_gmem0_ARPROT                |   14|          3|    3|          9|
    |m_axi_gmem0_ARQOS                 |   14|          3|    4|         12|
    |m_axi_gmem0_ARREGION              |   14|          3|    4|         12|
    |m_axi_gmem0_ARSIZE                |   14|          3|    3|          9|
    |m_axi_gmem0_ARUSER                |   14|          3|    1|          3|
    |m_axi_gmem0_ARVALID               |   20|          4|    1|          4|
    |m_axi_gmem0_RREADY                |   14|          3|    1|          3|
    |p_read_c_blk_n                    |    9|          2|    1|          2|
    |real_start                        |    9|          2|    1|          2|
    +----------------------------------+-----+-----------+-----+-----------+
    |Total                             |  783|        160|  694|       1801|
    +----------------------------------+-----+-----------+-----+-----------+

    * Register: 
    +--------------------------------------------------------------------------+----+----+-----+-----------+
    |                                   Name                                   | FF | LUT| Bits| Const Bits|
    +--------------------------------------------------------------------------+----+----+-----+-----------+
    |ap_CS_fsm                                                                 |  98|   0|   98|          0|
    |ap_done_reg                                                               |   1|   0|    1|          0|
    |burst_beats_reg_263                                                       |  27|   0|   32|          5|
    |grp_mem2stream_512u_32u_2u_Pipeline_VITIS_LOOP_456_1_fu_122_ap_start_reg  |   1|   0|    1|          0|
    |grp_mem2stream_512u_32u_2u_Pipeline_VITIS_LOOP_478_2_fu_132_ap_start_reg  |   1|   0|    1|          0|
    |icmp_ln456_reg_270                                                        |   1|   0|    1|          0|
    |icmp_ln478_reg_294                                                        |   1|   0|    1|          0|
    |index_4_reg_110                                                           |  27|   0|   32|          5|
    |non_burst_beats_reg_256                                                   |   5|   0|    5|          0|
    |or_ln_reg_309                                                             |  32|   0|   32|          0|
    |start_once_reg                                                            |   1|   0|    1|          0|
    |trunc_ln2_reg_298                                                         |  58|   0|   58|          0|
    |trunc_ln_reg_284                                                          |  58|   0|   58|          0|
    |zext_ln440_reg_279                                                        |   5|   0|   32|         27|
    +--------------------------------------------------------------------------+----+----+-----+-----------+
    |Total                                                                     | 316|   0|  353|         37|
    +--------------------------------------------------------------------------+----+----+-----+-----------+



================================================================
== Interface
================================================================
* Summary: 
+-----------------------------------+-----+-----+------------+---------------------------+--------------+
|             RTL Ports             | Dir | Bits|  Protocol  |       Source Object       |    C Type    |
+-----------------------------------+-----+-----+------------+---------------------------+--------------+
|ap_clk                             |   in|    1|  ap_ctrl_hs|  mem2stream<512u, 32u, 2u>|  return value|
|ap_rst                             |   in|    1|  ap_ctrl_hs|  mem2stream<512u, 32u, 2u>|  return value|
|ap_start                           |   in|    1|  ap_ctrl_hs|  mem2stream<512u, 32u, 2u>|  return value|
|start_full_n                       |   in|    1|  ap_ctrl_hs|  mem2stream<512u, 32u, 2u>|  return value|
|ap_done                            |  out|    1|  ap_ctrl_hs|  mem2stream<512u, 32u, 2u>|  return value|
|ap_continue                        |   in|    1|  ap_ctrl_hs|  mem2stream<512u, 32u, 2u>|  return value|
|ap_idle                            |  out|    1|  ap_ctrl_hs|  mem2stream<512u, 32u, 2u>|  return value|
|ap_ready                           |  out|    1|  ap_ctrl_hs|  mem2stream<512u, 32u, 2u>|  return value|
|start_out                          |  out|    1|  ap_ctrl_hs|  mem2stream<512u, 32u, 2u>|  return value|
|start_write                        |  out|    1|  ap_ctrl_hs|  mem2stream<512u, 32u, 2u>|  return value|
|m_axi_gmem0_AWVALID                |  out|    1|       m_axi|                      gmem0|       pointer|
|m_axi_gmem0_AWREADY                |   in|    1|       m_axi|                      gmem0|       pointer|
|m_axi_gmem0_AWADDR                 |  out|   64|       m_axi|                      gmem0|       pointer|
|m_axi_gmem0_AWID                   |  out|    1|       m_axi|                      gmem0|       pointer|
|m_axi_gmem0_AWLEN                  |  out|   32|       m_axi|                      gmem0|       pointer|
|m_axi_gmem0_AWSIZE                 |  out|    3|       m_axi|                      gmem0|       pointer|
|m_axi_gmem0_AWBURST                |  out|    2|       m_axi|                      gmem0|       pointer|
|m_axi_gmem0_AWLOCK                 |  out|    2|       m_axi|                      gmem0|       pointer|
|m_axi_gmem0_AWCACHE                |  out|    4|       m_axi|                      gmem0|       pointer|
|m_axi_gmem0_AWPROT                 |  out|    3|       m_axi|                      gmem0|       pointer|
|m_axi_gmem0_AWQOS                  |  out|    4|       m_axi|                      gmem0|       pointer|
|m_axi_gmem0_AWREGION               |  out|    4|       m_axi|                      gmem0|       pointer|
|m_axi_gmem0_AWUSER                 |  out|    1|       m_axi|                      gmem0|       pointer|
|m_axi_gmem0_WVALID                 |  out|    1|       m_axi|                      gmem0|       pointer|
|m_axi_gmem0_WREADY                 |   in|    1|       m_axi|                      gmem0|       pointer|
|m_axi_gmem0_WDATA                  |  out|  512|       m_axi|                      gmem0|       pointer|
|m_axi_gmem0_WSTRB                  |  out|   64|       m_axi|                      gmem0|       pointer|
|m_axi_gmem0_WLAST                  |  out|    1|       m_axi|                      gmem0|       pointer|
|m_axi_gmem0_WID                    |  out|    1|       m_axi|                      gmem0|       pointer|
|m_axi_gmem0_WUSER                  |  out|    1|       m_axi|                      gmem0|       pointer|
|m_axi_gmem0_ARVALID                |  out|    1|       m_axi|                      gmem0|       pointer|
|m_axi_gmem0_ARREADY                |   in|    1|       m_axi|                      gmem0|       pointer|
|m_axi_gmem0_ARADDR                 |  out|   64|       m_axi|                      gmem0|       pointer|
|m_axi_gmem0_ARID                   |  out|    1|       m_axi|                      gmem0|       pointer|
|m_axi_gmem0_ARLEN                  |  out|   32|       m_axi|                      gmem0|       pointer|
|m_axi_gmem0_ARSIZE                 |  out|    3|       m_axi|                      gmem0|       pointer|
|m_axi_gmem0_ARBURST                |  out|    2|       m_axi|                      gmem0|       pointer|
|m_axi_gmem0_ARLOCK                 |  out|    2|       m_axi|                      gmem0|       pointer|
|m_axi_gmem0_ARCACHE                |  out|    4|       m_axi|                      gmem0|       pointer|
|m_axi_gmem0_ARPROT                 |  out|    3|       m_axi|                      gmem0|       pointer|
|m_axi_gmem0_ARQOS                  |  out|    4|       m_axi|                      gmem0|       pointer|
|m_axi_gmem0_ARREGION               |  out|    4|       m_axi|                      gmem0|       pointer|
|m_axi_gmem0_ARUSER                 |  out|    1|       m_axi|                      gmem0|       pointer|
|m_axi_gmem0_RVALID                 |   in|    1|       m_axi|                      gmem0|       pointer|
|m_axi_gmem0_RREADY                 |  out|    1|       m_axi|                      gmem0|       pointer|
|m_axi_gmem0_RDATA                  |   in|  512|       m_axi|                      gmem0|       pointer|
|m_axi_gmem0_RLAST                  |   in|    1|       m_axi|                      gmem0|       pointer|
|m_axi_gmem0_RID                    |   in|    1|       m_axi|                      gmem0|       pointer|
|m_axi_gmem0_RFIFONUM               |   in|   10|       m_axi|                      gmem0|       pointer|
|m_axi_gmem0_RUSER                  |   in|    1|       m_axi|                      gmem0|       pointer|
|m_axi_gmem0_RRESP                  |   in|    2|       m_axi|                      gmem0|       pointer|
|m_axi_gmem0_BVALID                 |   in|    1|       m_axi|                      gmem0|       pointer|
|m_axi_gmem0_BREADY                 |  out|    1|       m_axi|                      gmem0|       pointer|
|m_axi_gmem0_BRESP                  |   in|    2|       m_axi|                      gmem0|       pointer|
|m_axi_gmem0_BID                    |   in|    1|       m_axi|                      gmem0|       pointer|
|m_axi_gmem0_BUSER                  |   in|    1|       m_axi|                      gmem0|       pointer|
|mem_in                             |   in|   64|     ap_none|                     mem_in|        scalar|
|num_beats                          |   in|   32|     ap_none|                  num_beats|        scalar|
|p_read_c_din                       |  out|   32|     ap_fifo|                   p_read_c|       pointer|
|p_read_c_num_data_valid            |   in|    2|     ap_fifo|                   p_read_c|       pointer|
|p_read_c_fifo_cap                  |   in|    2|     ap_fifo|                   p_read_c|       pointer|
|p_read_c_full_n                    |   in|    1|     ap_fifo|                   p_read_c|       pointer|
|p_read_c_write                     |  out|    1|     ap_fifo|                   p_read_c|       pointer|
|arg0_read_mem_strm_din             |  out|  512|     ap_fifo|         arg0_read_mem_strm|       pointer|
|arg0_read_mem_strm_num_data_valid  |   in|    2|     ap_fifo|         arg0_read_mem_strm|       pointer|
|arg0_read_mem_strm_fifo_cap        |   in|    2|     ap_fifo|         arg0_read_mem_strm|       pointer|
|arg0_read_mem_strm_full_n          |   in|    1|     ap_fifo|         arg0_read_mem_strm|       pointer|
|arg0_read_mem_strm_write           |  out|    1|     ap_fifo|         arg0_read_mem_strm|       pointer|
+-----------------------------------+-----+-----+------------+---------------------------+--------------+

